
This GDB supports auto-downloading debuginfo from the following URLs:
  <https://debuginfod.ubuntu.com>
Enable debuginfod for this session? (y or [n]) [answered N; input not from terminal]
Debuginfod has been disabled.
To make this setting permanent, add 'set debuginfod enabled off' to .gdbinit.
Function "xsched::cuda::CudaKernelCommand::AdoptWindowRelayExtra(void const*)" not defined.
Breakpoint 1 ('xsched::cuda::CudaKernelCommand::AdoptWindowRelayExtra(void const*)') pending.
[Thread debugging using libthread_db enabled]
Using host libthread_db library "/lib/x86_64-linux-gnu/libthread_db.so.1".
[XSCHED INFO @ T 601075 @ 05:30:09.275600] using global scheduler
[New Thread 0x7ffff6fff000 (LWP 601078)]
[New Thread 0x7ffff67fe000 (LWP 601079)]
[New Thread 0x7ffff4ae1000 (LWP 601084)]
[New Thread 0x7fffea5ff000 (LWP 601085)]
[XSCHED INFO @ T 601075 @ 05:30:09.585562] native-700 probe 1: resume blob VA 0x7ffdb6600000 size 336, syncing
[XSCHED INFO @ T 601075 @ 05:30:09.585579] native-700 probe 1: resume blob copy synced clean
[New Thread 0x7ffdddfff000 (LWP 601086)]
[New Thread 0x7ffddd7fe000 (LWP 601087)]
[New Thread 0x7ffddcffd000 (LWP 601088)]
[New Thread 0x7ffdb1fff000 (LWP 601089)]
{"event":"ready","role":"be","process_id":2,"streams":4,"tasks":50}
[XSCHED INFO @ T 601075 @ 05:30:09.587004] meta-extend: fatbin-cubin[0] CBANK_PARAM_SIZE 0x8 -> 0x1520
[XSCHED INFO @ T 601075 @ 05:30:09.587010] meta-extend: fatbin-cubin[0] PARAM_CBANK param_size 0x8 -> 0x1520
[XSCHED INFO @ T 601075 @ 05:30:09.587012] meta-extend: fatbin-cubin[0] KPARAM(V2) ordinal 0 offset 0x0 size 0x8 -> 0x1520 (declared launch extent 0x1520)
[XSCHED INFO @ T 601075 @ 05:30:09.587014] meta-extend: fatbin-cubin[0] declared c[0x0] param region [0x380, 0x18a0]
[XSCHED INFO @ T 601075 @ 05:30:09.587015] meta-extend: fatbin-cubin[1] CBANK_PARAM_SIZE 0x20 -> 0x1520
[XSCHED INFO @ T 601075 @ 05:30:09.587016] meta-extend: fatbin-cubin[1] PARAM_CBANK param_size 0x20 -> 0x1520
[XSCHED INFO @ T 601075 @ 05:30:09.587017] meta-extend: fatbin-cubin[1] KPARAM(V2) ordinal 4 offset 0x18 size 0x8 -> 0x1508 (declared launch extent 0x1520)
[XSCHED INFO @ T 601075 @ 05:30:09.587018] meta-extend: fatbin-cubin[1] declared c[0x0] param region [0x380, 0x18a0]
[XSCHED INFO @ T 601075 @ 05:30:09.587019] meta-extend: owned fatbin-wrapper copy 0x20 + 0x4818 bytes (source wrapper 0x55555560e058)
[XSCHED INFO @ T 601075 @ 05:30:09.596776] native-700 probe 3: binary kernel=1408 B guardian=640 B ep_inst=0x7ffdb6600200 regs=16->32 barriers=1->1
[XSCHED INFO @ T 601086 @ 05:30:09.596941] native-700 probe 2: type=1 preempt_buf=0x302000000 guardian=0x7ffdb6600200 entry=0x140727663198720 idx=1 killable=0
[XSCHED INFO @ T 601086 @ 05:30:09.596958] native-700 probe 2: readback equal=1 byte0=0x00 byte8=0x00 byte16=0x01
[Switching to Thread 0x7ffdddfff000 (LWP 601086)]

Thread 6 "priority_worklo" hit Breakpoint 1, 0x00007ffff7313a30 in xsched::cuda::CudaKernelCommand::AdoptWindowRelayExtra(void const*) () from /home/yunwei37/workspace/gpu/gpu_ext/workloads/xsched/level2-build/.output/hal-native-20260908.i8na51/install/lib/libhalcuda.so
#0  0x00007ffff7313a30 in xsched::cuda::CudaKernelCommand::AdoptWindowRelayExtra(void const*) () from /home/yunwei37/workspace/gpu/gpu_ext/workloads/xsched/level2-build/.output/hal-native-20260908.i8na51/install/lib/libhalcuda.so
#1  0x00007ffff7323949 in xsched::cuda::InstrumentContext::Launch(std::shared_ptr<xsched::cuda::CudaKernelCommand>, CUstream_st*, xsched::cuda::LaunchType) () from /home/yunwei37/workspace/gpu/gpu_ext/workloads/xsched/level2-build/.output/hal-native-20260908.i8na51/install/lib/libhalcuda.so
#2  0x00007ffff7325b30 in xsched::cuda::InstrumentManager::Launch(std::shared_ptr<xsched::cuda::CudaKernelCommand>, CUstream_st*, XPreemptLevel) () from /home/yunwei37/workspace/gpu/gpu_ext/workloads/xsched/level2-build/.output/hal-native-20260908.i8na51/install/lib/libhalcuda.so
#3  0x00007ffff7321dbf in xsched::cuda::CudaQueueLv2::Launch(std::shared_ptr<xsched::preempt::HwCommand>) () from /home/yunwei37/workspace/gpu/gpu_ext/workloads/xsched/level2-build/.output/hal-native-20260908.i8na51/install/lib/libhalcuda.so
#4  0x00007ffff7292cf2 in xsched::preempt::LaunchWorker::LaunchHwCommand(std::shared_ptr<xsched::preempt::HwCommand>) () from /home/yunwei37/workspace/gpu/gpu_ext/workloads/xsched/level2-build/.output/hal-native-20260908.i8na51/install/lib/libpreempt.so
#5  0x00007ffff7294a1a in xsched::preempt::LaunchWorker::WorkerLoop() () from /home/yunwei37/workspace/gpu/gpu_ext/workloads/xsched/level2-build/.output/hal-native-20260908.i8na51/install/lib/libpreempt.so
From                To                  Syms Read   Shared Object Library
0x00007ffff7fc6000  0x00007ffff7ff0195  Yes         /lib64/ld-linux-x86-64.so.2
0x00007ffff78b7140  0x00007ffff7cbe0df  Yes (*)     /usr/local/cuda-12.9/targets/x86_64-linux/lib/libcupti.so.12
0x00007ffff74ab800  0x00007ffff75fe022  Yes (*)     /lib/x86_64-linux-gnu/libstdc++.so.6
0x00007ffff7727420  0x00007ffff77a53a6  Yes         /lib/x86_64-linux-gnu/libm.so.6
0x00007ffff76ed780  0x00007ffff77103f5  Yes (*)     /lib/x86_64-linux-gnu/libgcc_s.so.1
0x00007ffff7028800  0x00007ffff71afeb9  Yes         /lib/x86_64-linux-gnu/libc.so.6
0x00007ffff7f93040  0x00007ffff7f93105  Yes         /lib/x86_64-linux-gnu/libpthread.so.0
0x00007ffff7f8e080  0x00007ffff7f8e2b1  Yes         /lib/x86_64-linux-gnu/librt.so.1
0x00007ffff7f89040  0x00007ffff7f89105  Yes         /lib/x86_64-linux-gnu/libdl.so.2
0x00007ffff7f84040  0x00007ffff7f84105  Yes         /lib/x86_64-linux-gnu/libutil.so.1
0x00007ffff737baf0  0x00007ffff73d775f  Yes (*)     /home/yunwei37/workspace/gpu/gpu_ext/workloads/xsched/level2-build/.output/hal-native-20260908.i8na51/install/lib/libcuda.so.1
0x00007ffff7303b90  0x00007ffff7354eac  Yes (*)     /home/yunwei37/workspace/gpu/gpu_ext/workloads/xsched/level2-build/.output/hal-native-20260908.i8na51/install/lib/libhalcuda.so
0x00007ffff7274fd0  0x00007ffff72d7857  Yes (*)     /home/yunwei37/workspace/gpu/gpu_ext/workloads/xsched/level2-build/.output/hal-native-20260908.i8na51/install/lib/libpreempt.so
0x00007fffea7c5e80  0x00007fffeb65b7a4  Yes (*)     /lib/x86_64-linux-gnu/libcuda.so
(*): Shared library is missing debugging information.
0x7ffff7366770 <_ZZN12_GLOBAL__N_114XgRelayResolveEvE6probed>:	1
0x7ffff7366780 <_ZZN12_GLOBAL__N_114XgRelayResolveEvE3api>:	0x00007ffff73cf6f0	0x00007ffff73d0950
0x7ffff7366790 <_ZZN12_GLOBAL__N_114XgRelayResolveEvE3api+16>:	0x00007ffff73cfc70
0x7ffff73ffb60 <_ZN6xsched4cuda12_GLOBAL__N_115g_relay_layoutsE>:	0x00005555565d8270	0x000000000000000d
0x7ffff73ffb70 <_ZN6xsched4cuda12_GLOBAL__N_115g_relay_layoutsE+16>:	0x00005555565d86c0	0x0000000000000002
0x7ffff73ffb80 <_ZN6xsched4cuda12_GLOBAL__N_115g_relay_layoutsE+32>:	0x000000003f800000	0x000000000000000d
0x7ffff73ffb90 <_ZN6xsched4cuda12_GLOBAL__N_115g_relay_layoutsE+48>:	0x0000000000000000	0x0000000000000000
Symbol "XgGetRelayOriginalParams" is at 0x7ffff73cf6f0 in a file compiled without debugging.
Symbol "XgFindRelayOriginalParams" is at 0x7ffff73d0950 in a file compiled without debugging.
Symbol "XgHasRelayLayouts" is at 0x7ffff73cfc70 in a file compiled without debugging.
