
This GDB supports auto-downloading debuginfo from the following URLs:
  <https://debuginfod.ubuntu.com>
Enable debuginfod for this session? (y or [n]) [answered N; input not from terminal]
Debuginfod has been disabled.
To make this setting permanent, add 'set debuginfod enabled off' to .gdbinit.
[Thread debugging using libthread_db enabled]
Using host libthread_db library "/lib/x86_64-linux-gnu/libthread_db.so.1".
[XSCHED INFO @ T 45214 @ 23:13:53.898635] using global scheduler
[New Thread 0x7ffff6fff000 (LWP 45218)]
[New Thread 0x7ffff67fe000 (LWP 45219)]
[New Thread 0x7ffff4ae1000 (LWP 45223)]
[New Thread 0x7fffea5ff000 (LWP 45224)]
[XSCHED INFO @ T 45214 @ 23:13:54.120275] native-700 probe 1: resume blob VA 0x7ffdb6600000 size 336, syncing
[XSCHED INFO @ T 45214 @ 23:13:54.120296] native-700 probe 1: resume blob copy synced clean
[New Thread 0x7ffdddfff000 (LWP 45225)]
[New Thread 0x7ffddd7fe000 (LWP 45226)]
[New Thread 0x7ffddcffd000 (LWP 45227)]
[New Thread 0x7ffdb1fff000 (LWP 45228)]
{"event":"ready","role":"be","process_id":1,"streams":4,"tasks":50}
[XSCHED INFO @ T 45214 @ 23:13:54.131327] native-700 probe 3: binary kernel=1408 B guardian=640 B ep_inst=0x7ffdb6600200 regs=16->32 barriers=1->1
[XSCHED INFO @ T 45228 @ 23:13:54.131621] native-700 probe 2: type=1 preempt_buf=0x402000000 guardian=0x7ffdb6600200 entry=0x140727663198720 idx=1 killable=0
[XSCHED INFO @ T 45228 @ 23:13:54.131636] native-700 probe 2: readback equal=1 byte0=0x00 byte8=0x00 byte16=0x01
[XSCHED INFO @ T 45228 @ 23:13:54.131649] native-700 probe 2: launch ret=701
[XSCHED ERRO @ T 45228 @ 23:13:54.131652] cuda error 701: too many resources requested for launch @ /home/yunwei37/workspace/gpu/gpu_ext/workloads/xsched/level2-build/.output/hal-native-20260908.i8na51/source/platforms/cuda/hal/src/level2/instrument.cpp:377
[XSCHED INFO @ T 45227 @ 23:13:54.131678] native-700 probe 2: type=1 preempt_buf=0x3c2000000 guardian=0x7ffdb6600200 entry=0x140727663198720 idx=1 killable=0
[XSCHED INFO @ T 45227 @ 23:13:54.131691] native-700 probe 2: readback equal=1 byte0=0x00 byte8=0x00 byte16=0x01
[XSCHED INFO @ T 45227 @ 23:13:54.131696] native-700 probe 2: launch ret=4
[XSCHED ERRO @ T 45227 @ 23:13:54.131698] cuda error 4: øl_VUU @ /home/yunwei37/workspace/gpu/gpu_ext/workloads/xsched/level2-build/.output/hal-native-20260908.i8na51/source/platforms/cuda/hal/src/level2/instrument.cpp:377
[XSCHED INFO @ T 45225 @ 23:13:54.131832] native-700 probe 2: type=1 preempt_buf=0x302000000 guardian=0x7ffdb6600200 entry=0x140727663198720 idx=1 killable=0
[XSCHED INFO @ T 45225 @ 23:13:54.131850] native-700 probe 2: readback equal=1 byte0=0x00 byte8=0x00 byte16=0x01
[XSCHED INFO @ T 45225 @ 23:13:54.131857] native-700 probe 2: launch ret=4
[XSCHED ERRO @ T 45225 @ 23:13:54.131861] cuda error 4: øhUUU @ /home/yunwei37/workspace/gpu/gpu_ext/workloads/xsched/level2-build/.output/hal-native-20260908.i8na51/source/platforms/cuda/hal/src/level2/instrument.cpp:377
[XSCHED INFO @ T 45226 @ 23:13:54.131892] native-700 probe 2: type=1 preempt_buf=0x382000000 guardian=0x7ffdb6600200 entry=0x140727663198720 idx=1 killable=0
[XSCHED INFO @ T 45226 @ 23:13:54.131911] native-700 probe 2: readback equal=1 byte0=0x00 byte8=0x00 byte16=0x01
[XSCHED INFO @ T 45226 @ 23:13:54.131917] native-700 probe 2: launch ret=4
[XSCHED ERRO @ T 45226 @ 23:13:54.131919] cuda error 4: hk_VUU @ /home/yunwei37/workspace/gpu/gpu_ext/workloads/xsched/level2-build/.output/hal-native-20260908.i8na51/source/platforms/cuda/hal/src/level2/instrument.cpp:377
[Thread 0x7ffff6fff000 (LWP 45218) exited]

Thread 8 "priority_worklo" received signal SIGSEGV, Segmentation fault.
[Switching to Thread 0x7ffddcffd000 (LWP 45227)]
0x00007ffff704798b in __run_exit_handlers (status=1, listp=<optimized out>, run_list_atexit=run_list_atexit@entry=true, run_dtors=run_dtors@entry=true) at ./stdlib/exit.c:69
warning: 69	./stdlib/exit.c: No such file or directory

Thread 9 (Thread 0x7ffdb1fff000 (LWP 45228) "priority_worklo"):
#0  futex_wait (private=0, expected=2, futex_word=0x7ffff7204fa8 <__exit_funcs_lock>) at ../sysdeps/nptl/futex-internal.h:146
#1  __GI___lll_lock_wait_private (futex=futex@entry=0x7ffff7204fa8 <__exit_funcs_lock>) at ./nptl/lowlevellock.c:34
#2  0x00007ffff7047a90 in __run_exit_handlers (status=1, listp=<optimized out>, run_list_atexit=run_list_atexit@entry=true, run_dtors=run_dtors@entry=true) at ./stdlib/exit.c:109
#3  0x00007ffff7047bbe in __GI_exit (status=<optimized out>) at ./stdlib/exit.c:138
#4  0x00007ffff7329cf8 in xsched::cuda::InstrumentManager::Launch(std::shared_ptr<xsched::cuda::CudaKernelCommand>, CUstream_st*, XPreemptLevel) () from /home/yunwei37/workspace/gpu/gpu_ext/workloads/xsched/level2-build/.output/hal-native-20260908.i8na51/install/lib/libhalcuda.so
#5  0x00007ffff7325e9f in xsched::cuda::CudaQueueLv2::Launch(std::shared_ptr<xsched::preempt::HwCommand>) () from /home/yunwei37/workspace/gpu/gpu_ext/workloads/xsched/level2-build/.output/hal-native-20260908.i8na51/install/lib/libhalcuda.so
#6  0x00007ffff7297cf2 in xsched::preempt::LaunchWorker::LaunchHwCommand(std::shared_ptr<xsched::preempt::HwCommand>) () from /home/yunwei37/workspace/gpu/gpu_ext/workloads/xsched/level2-build/.output/hal-native-20260908.i8na51/install/lib/libpreempt.so
#7  0x00007ffff7299a1a in xsched::preempt::LaunchWorker::WorkerLoop() () from /home/yunwei37/workspace/gpu/gpu_ext/workloads/xsched/level2-build/.output/hal-native-20260908.i8na51/install/lib/libpreempt.so

Thread 8 (Thread 0x7ffddcffd000 (LWP 45227) "priority_worklo"):
#0  0x00007ffff704798b in __run_exit_handlers (status=1, listp=<optimized out>, run_list_atexit=run_list_atexit@entry=true, run_dtors=run_dtors@entry=true) at ./stdlib/exit.c:69
#1  0x00007ffff7047bbe in __GI_exit (status=<optimized out>) at ./stdlib/exit.c:138
#2  0x00007ffff7329cf8 in xsched::cuda::InstrumentManager::Launch(std::shared_ptr<xsched::cuda::CudaKernelCommand>, CUstream_st*, XPreemptLevel) () from /home/yunwei37/workspace/gpu/gpu_ext/workloads/xsched/level2-build/.output/hal-native-20260908.i8na51/install/lib/libhalcuda.so
#3  0x00007ffff7325e9f in xsched::cuda::CudaQueueLv2::Launch(std::shared_ptr<xsched::preempt::HwCommand>) () from /home/yunwei37/workspace/gpu/gpu_ext/workloads/xsched/level2-build/.output/hal-native-20260908.i8na51/install/lib/libhalcuda.so
#4  0x00007ffff7297cf2 in xsched::preempt::LaunchWorker::LaunchHwCommand(std::shared_ptr<xsched::preempt::HwCommand>) () from /home/yunwei37/workspace/gpu/gpu_ext/workloads/xsched/level2-build/.output/hal-native-20260908.i8na51/install/lib/libpreempt.so
#5  0x00007ffff7299a1a in xsched::preempt::LaunchWorker::WorkerLoop() () from /home/yunwei37/workspace/gpu/gpu_ext/workloads/xsched/level2-build/.output/hal-native-20260908.i8na51/install/lib/libpreempt.so
#6  0x00007ffff74f5c79 in ?? () from /lib/x86_64-linux-gnu/libstdc++.so.6
#7  0x00007ffff709cb84 in start_thread (arg=<optimized out>) at ./nptl/pthread_create.c:447

Thread 7 (Thread 0x7ffddd7fe000 (LWP 45226) "priority_worklo"):
#0  futex_wait (private=0, expected=2, futex_word=0x7ffff7204fa8 <__exit_funcs_lock>) at ../sysdeps/nptl/futex-internal.h:146
#1  __GI___lll_lock_wait_private (futex=futex@entry=0x7ffff7204fa8 <__exit_funcs_lock>) at ./nptl/lowlevellock.c:34
#2  0x00007ffff7047b8e in __run_exit_handlers (status=1, listp=0x7ffff7203680 <__exit_funcs>, run_list_atexit=run_list_atexit@entry=true, run_dtors=run_dtors@entry=true) at ./stdlib/exit.c:43
#3  0x00007ffff7047bbe in __GI_exit (status=<optimized out>) at ./stdlib/exit.c:138
#4  0x00007ffff7329cf8 in xsched::cuda::InstrumentManager::Launch(std::shared_ptr<xsched::cuda::CudaKernelCommand>, CUstream_st*, XPreemptLevel) () from /home/yunwei37/workspace/gpu/gpu_ext/workloads/xsched/level2-build/.output/hal-native-20260908.i8na51/install/lib/libhalcuda.so
#5  0x00007ffff7325e9f in xsched::cuda::CudaQueueLv2::Launch(std::shared_ptr<xsched::preempt::HwCommand>) () from /home/yunwei37/workspace/gpu/gpu_ext/workloads/xsched/level2-build/.output/hal-native-20260908.i8na51/install/lib/libhalcuda.so
#6  0x00007ffff7297cf2 in xsched::preempt::LaunchWorker::LaunchHwCommand(std::shared_ptr<xsched::preempt::HwCommand>) () from /home/yunwei37/workspace/gpu/gpu_ext/workloads/xsched/level2-build/.output/hal-native-20260908.i8na51/install/lib/libpreempt.so
#7  0x00007ffff7299a1a in xsched::preempt::LaunchWorker::WorkerLoop() () from /home/yunwei37/workspace/gpu/gpu_ext/workloads/xsched/level2-build/.output/hal-native-20260908.i8na51/install/lib/libpreempt.so

Thread 6 (Thread 0x7ffdddfff000 (LWP 45225) "priority_worklo"):
#0  futex_wait (private=0, expected=2, futex_word=0x7ffff7204fa8 <__exit_funcs_lock>) at ../sysdeps/nptl/futex-internal.h:146
#1  __GI___lll_lock_wait_private (futex=futex@entry=0x7ffff7204fa8 <__exit_funcs_lock>) at ./nptl/lowlevellock.c:34
#2  0x00007ffff7047b8e in __run_exit_handlers (status=1, listp=0x7ffff7203680 <__exit_funcs>, run_list_atexit=run_list_atexit@entry=true, run_dtors=run_dtors@entry=true) at ./stdlib/exit.c:43
#3  0x00007ffff7047bbe in __GI_exit (status=<optimized out>) at ./stdlib/exit.c:138
#4  0x00007ffff7329cf8 in xsched::cuda::InstrumentManager::Launch(std::shared_ptr<xsched::cuda::CudaKernelCommand>, CUstream_st*, XPreemptLevel) () from /home/yunwei37/workspace/gpu/gpu_ext/workloads/xsched/level2-build/.output/hal-native-20260908.i8na51/install/lib/libhalcuda.so
#5  0x00007ffff7325e9f in xsched::cuda::CudaQueueLv2::Launch(std::shared_ptr<xsched::preempt::HwCommand>) () from /home/yunwei37/workspace/gpu/gpu_ext/workloads/xsched/level2-build/.output/hal-native-20260908.i8na51/install/lib/libhalcuda.so
#6  0x00007ffff7297cf2 in xsched::preempt::LaunchWorker::LaunchHwCommand(std::shared_ptr<xsched::preempt::HwCommand>) () from /home/yunwei37/workspace/gpu/gpu_ext/workloads/xsched/level2-build/.output/hal-native-20260908.i8na51/install/lib/libpreempt.so
#7  0x00007ffff7299a1a in xsched::preempt::LaunchWorker::WorkerLoop() () from /home/yunwei37/workspace/gpu/gpu_ext/workloads/xsched/level2-build/.output/hal-native-20260908.i8na51/install/lib/libpreempt.so

Thread 5 (Thread 0x7fffea5ff000 (LWP 45224) "cuda-EvtHandlr"):
#0  0x00007ffff711b5fd in __GI___poll (fds=0x7ffdd8000c20, nfds=10, timeout=35) at ../sysdeps/unix/sysv/linux/poll.c:29
#1  0x00007fffea95f0f7 in ?? () from /lib/x86_64-linux-gnu/libcuda.so
#2  0x00007fffeaa4430a in ?? () from /lib/x86_64-linux-gnu/libcuda.so
#3  0x00007fffea94f123 in ?? () from /lib/x86_64-linux-gnu/libcuda.so
#4  0x00007ffff709cb84 in start_thread (arg=<optimized out>) at ./nptl/pthread_create.c:447
#5  0x00007ffff7129d6c in clone3 () at ../sysdeps/unix/sysv/linux/x86_64/clone3.S:78

Thread 4 (Thread 0x7ffff4ae1000 (LWP 45223) "priority_worklo"):
#0  0x00007ffff7098e51 in __futex_abstimed_wait_common64 (private=32767, cancel=true, abstime=0x7ffff4ade800, op=393, expected=0, futex_word=0x555555671928) at ./nptl/futex-internal.c:57
#1  __futex_abstimed_wait_common (cancel=true, private=32767, abstime=0x7ffff4ade800, clockid=0, expected=0, futex_word=0x555555671928) at ./nptl/futex-internal.c:87
#2  __GI___futex_abstimed_wait_cancelable64 (futex_word=futex_word@entry=0x555555671928, expected=expected@entry=0, clockid=clockid@entry=0, abstime=abstime@entry=0x7ffff4ade800, private=private@entry=0) at ./nptl/futex-internal.c:139
#3  0x00007ffff709bd6e in __pthread_cond_wait_common (abstime=0x7ffff4ade800, clockid=0, mutex=0x55555569d498, cond=0x555555671900) at ./nptl/pthread_cond_wait.c:503
#4  ___pthread_cond_timedwait64 (cond=0x555555671900, mutex=0x55555569d498, abstime=0x7ffff4ade800) at ./nptl/pthread_cond_wait.c:652
#5  0x00007fffea8bb35a in ?? () from /lib/x86_64-linux-gnu/libcuda.so
#6  0x00007fffea94f123 in ?? () from /lib/x86_64-linux-gnu/libcuda.so
#7  0x00007ffff709cb84 in start_thread (arg=<optimized out>) at ./nptl/pthread_create.c:447

Thread 3 (Thread 0x7ffff67fe000 (LWP 45219) "cuda00001400006"):
#0  0x00007ffff711b5fd in __GI___poll (fds=0x555555642e80, nfds=3, timeout=-1) at ../sysdeps/unix/sysv/linux/poll.c:29
#1  0x00007fffea95f0f7 in ?? () from /lib/x86_64-linux-gnu/libcuda.so
#2  0x00007fffeaa4430a in ?? () from /lib/x86_64-linux-gnu/libcuda.so
#3  0x00007fffea94f123 in ?? () from /lib/x86_64-linux-gnu/libcuda.so
#4  0x00007ffff709cb84 in start_thread (arg=<optimized out>) at ./nptl/pthread_create.c:447
#5  0x00007ffff7129d6c in clone3 () at ../sysdeps/unix/sysv/linux/x86_64/clone3.S:78

Thread 1 (Thread 0x7ffff7f7e000 (LWP 45214) "priority_worklo"):
#0  0x000055555555d463 in main ()
