
This GDB supports auto-downloading debuginfo from the following URLs:
  <https://debuginfod.ubuntu.com>
Enable debuginfod for this session? (y or [n]) [answered N; input not from terminal]
Debuginfod has been disabled.
To make this setting permanent, add 'set debuginfod enabled off' to .gdbinit.
Function "xsched::cuda::XgMetaExtendImage(void const*)" not defined.
Breakpoint 1 (xsched::cuda::XgMetaExtendImage(void const*)) pending.
Function "cuModuleLoadData" not defined.
Breakpoint 2 (cuModuleLoadData) pending.
Function "cuLibraryLoadData" not defined.
Breakpoint 3 (cuLibraryLoadData) pending.
Function "cuGetExportTable" not defined.
Breakpoint 4 (cuGetExportTable) pending.
[Thread debugging using libthread_db enabled]
Using host libthread_db library "/lib/x86_64-linux-gnu/libthread_db.so.1".
[XSCHED INFO @ T 57895 @ 23:21:20.916123] using global scheduler
[New Thread 0x7ffff6fff000 (LWP 57898)]
TRACE cuGetExportTable entered
#0  0x00007ffff73af690 in cuGetExportTable () from /home/yunwei37/workspace/gpu/gpu_ext/workloads/xsched/level2-build/.output/hal-native-20260908.i8na51/install/lib/libcuda.so.1
#1  0x00005555555859fa in libcudart_static_aa4a6bcb5fce58be20d542d9b467101e0a9360a5 ()
#2  0x0000555555585c28 in libcudart_static_0bf7336e71b5df655f7fe4ef2dea52179e6fcf82 ()
#3  0x00007ffff70a1fb3 in __pthread_once_slow (once_control=0x55555560f020 <libcudart_static_08cd9c81021de025f90d77a527f44bb6a85f7117>, init_routine=0x555555585bd0 <libcudart_static_0bf7336e71b5df655f7fe4ef2dea52179e6fcf82>) at ./nptl/pthread_once.c:116
#4  0x00005555555ddae9 in libcudart_static_5887a27cefafb4cd438bdc166b0a6f874b079d4b ()
TRACE cuGetExportTable entered
#0  0x00007fffea9bf8b4 in cuGetExportTable () from /lib/x86_64-linux-gnu/libcuda.so
#1  0x00005555555859fa in libcudart_static_aa4a6bcb5fce58be20d542d9b467101e0a9360a5 ()
#2  0x0000555555585c28 in libcudart_static_0bf7336e71b5df655f7fe4ef2dea52179e6fcf82 ()
#3  0x00007ffff70a1fb3 in __pthread_once_slow (once_control=0x55555560f020 <libcudart_static_08cd9c81021de025f90d77a527f44bb6a85f7117>, init_routine=0x555555585bd0 <libcudart_static_0bf7336e71b5df655f7fe4ef2dea52179e6fcf82>) at ./nptl/pthread_once.c:116
#4  0x00005555555ddae9 in libcudart_static_5887a27cefafb4cd438bdc166b0a6f874b079d4b ()
[New Thread 0x7ffff67fe000 (LWP 57899)]
TRACE cuGetExportTable entered
#0  0x00007ffff73af690 in cuGetExportTable () from /home/yunwei37/workspace/gpu/gpu_ext/workloads/xsched/level2-build/.output/hal-native-20260908.i8na51/install/lib/libcuda.so.1
#1  0x0000555555585a75 in libcudart_static_aa4a6bcb5fce58be20d542d9b467101e0a9360a5 ()
#2  0x0000555555585c28 in libcudart_static_0bf7336e71b5df655f7fe4ef2dea52179e6fcf82 ()
#3  0x00007ffff70a1fb3 in __pthread_once_slow (once_control=0x55555560f020 <libcudart_static_08cd9c81021de025f90d77a527f44bb6a85f7117>, init_routine=0x555555585bd0 <libcudart_static_0bf7336e71b5df655f7fe4ef2dea52179e6fcf82>) at ./nptl/pthread_once.c:116
#4  0x00005555555ddae9 in libcudart_static_5887a27cefafb4cd438bdc166b0a6f874b079d4b ()
TRACE cuGetExportTable entered
#0  0x00007fffea9bf8b4 in cuGetExportTable () from /lib/x86_64-linux-gnu/libcuda.so
#1  0x0000555555585a75 in libcudart_static_aa4a6bcb5fce58be20d542d9b467101e0a9360a5 ()
#2  0x0000555555585c28 in libcudart_static_0bf7336e71b5df655f7fe4ef2dea52179e6fcf82 ()
#3  0x00007ffff70a1fb3 in __pthread_once_slow (once_control=0x55555560f020 <libcudart_static_08cd9c81021de025f90d77a527f44bb6a85f7117>, init_routine=0x555555585bd0 <libcudart_static_0bf7336e71b5df655f7fe4ef2dea52179e6fcf82>) at ./nptl/pthread_once.c:116
#4  0x00005555555ddae9 in libcudart_static_5887a27cefafb4cd438bdc166b0a6f874b079d4b ()
TRACE cuGetExportTable entered
#0  0x00007ffff73af690 in cuGetExportTable () from /home/yunwei37/workspace/gpu/gpu_ext/workloads/xsched/level2-build/.output/hal-native-20260908.i8na51/install/lib/libcuda.so.1
#1  0x0000555555585a91 in libcudart_static_aa4a6bcb5fce58be20d542d9b467101e0a9360a5 ()
#2  0x0000555555585c28 in libcudart_static_0bf7336e71b5df655f7fe4ef2dea52179e6fcf82 ()
#3  0x00007ffff70a1fb3 in __pthread_once_slow (once_control=0x55555560f020 <libcudart_static_08cd9c81021de025f90d77a527f44bb6a85f7117>, init_routine=0x555555585bd0 <libcudart_static_0bf7336e71b5df655f7fe4ef2dea52179e6fcf82>) at ./nptl/pthread_once.c:116
#4  0x00005555555ddae9 in libcudart_static_5887a27cefafb4cd438bdc166b0a6f874b079d4b ()
TRACE cuGetExportTable entered
#0  0x00007fffea9bf8b4 in cuGetExportTable () from /lib/x86_64-linux-gnu/libcuda.so
#1  0x0000555555585a91 in libcudart_static_aa4a6bcb5fce58be20d542d9b467101e0a9360a5 ()
#2  0x0000555555585c28 in libcudart_static_0bf7336e71b5df655f7fe4ef2dea52179e6fcf82 ()
#3  0x00007ffff70a1fb3 in __pthread_once_slow (once_control=0x55555560f020 <libcudart_static_08cd9c81021de025f90d77a527f44bb6a85f7117>, init_routine=0x555555585bd0 <libcudart_static_0bf7336e71b5df655f7fe4ef2dea52179e6fcf82>) at ./nptl/pthread_once.c:116
#4  0x00005555555ddae9 in libcudart_static_5887a27cefafb4cd438bdc166b0a6f874b079d4b ()
TRACE cuGetExportTable entered
#0  0x00007ffff73af690 in cuGetExportTable () from /home/yunwei37/workspace/gpu/gpu_ext/workloads/xsched/level2-build/.output/hal-native-20260908.i8na51/install/lib/libcuda.so.1
#1  0x0000555555579165 in libcudart_static_d83112b48ad6c0c45820fdbef0d64eff96bd4715 ()
#2  0x0000555555585c38 in libcudart_static_0bf7336e71b5df655f7fe4ef2dea52179e6fcf82 ()
#3  0x00007ffff70a1fb3 in __pthread_once_slow (once_control=0x55555560f020 <libcudart_static_08cd9c81021de025f90d77a527f44bb6a85f7117>, init_routine=0x555555585bd0 <libcudart_static_0bf7336e71b5df655f7fe4ef2dea52179e6fcf82>) at ./nptl/pthread_once.c:116
#4  0x00005555555ddae9 in libcudart_static_5887a27cefafb4cd438bdc166b0a6f874b079d4b ()
TRACE cuGetExportTable entered
#0  0x00007fffea9bf8b4 in cuGetExportTable () from /lib/x86_64-linux-gnu/libcuda.so
#1  0x0000555555579165 in libcudart_static_d83112b48ad6c0c45820fdbef0d64eff96bd4715 ()
#2  0x0000555555585c38 in libcudart_static_0bf7336e71b5df655f7fe4ef2dea52179e6fcf82 ()
#3  0x00007ffff70a1fb3 in __pthread_once_slow (once_control=0x55555560f020 <libcudart_static_08cd9c81021de025f90d77a527f44bb6a85f7117>, init_routine=0x555555585bd0 <libcudart_static_0bf7336e71b5df655f7fe4ef2dea52179e6fcf82>) at ./nptl/pthread_once.c:116
#4  0x00005555555ddae9 in libcudart_static_5887a27cefafb4cd438bdc166b0a6f874b079d4b ()
TRACE cuGetExportTable entered
#0  0x00007ffff73af690 in cuGetExportTable () from /home/yunwei37/workspace/gpu/gpu_ext/workloads/xsched/level2-build/.output/hal-native-20260908.i8na51/install/lib/libcuda.so.1
#1  0x0000555555593bf5 in libcudart_static_42c06717b9ed6fd4b8a1e00aff116e98da2ddc7f ()
#2  0x000055555557917d in libcudart_static_d83112b48ad6c0c45820fdbef0d64eff96bd4715 ()
#3  0x0000555555585c38 in libcudart_static_0bf7336e71b5df655f7fe4ef2dea52179e6fcf82 ()
#4  0x00007ffff70a1fb3 in __pthread_once_slow (once_control=0x55555560f020 <libcudart_static_08cd9c81021de025f90d77a527f44bb6a85f7117>, init_routine=0x555555585bd0 <libcudart_static_0bf7336e71b5df655f7fe4ef2dea52179e6fcf82>) at ./nptl/pthread_once.c:116
TRACE cuGetExportTable entered
#0  0x00007fffea9bf8b4 in cuGetExportTable () from /lib/x86_64-linux-gnu/libcuda.so
#1  0x0000555555593bf5 in libcudart_static_42c06717b9ed6fd4b8a1e00aff116e98da2ddc7f ()
#2  0x000055555557917d in libcudart_static_d83112b48ad6c0c45820fdbef0d64eff96bd4715 ()
#3  0x0000555555585c38 in libcudart_static_0bf7336e71b5df655f7fe4ef2dea52179e6fcf82 ()
#4  0x00007ffff70a1fb3 in __pthread_once_slow (once_control=0x55555560f020 <libcudart_static_08cd9c81021de025f90d77a527f44bb6a85f7117>, init_routine=0x555555585bd0 <libcudart_static_0bf7336e71b5df655f7fe4ef2dea52179e6fcf82>) at ./nptl/pthread_once.c:116
TRACE cuGetExportTable entered
#0  0x00007ffff73af690 in cuGetExportTable () from /home/yunwei37/workspace/gpu/gpu_ext/workloads/xsched/level2-build/.output/hal-native-20260908.i8na51/install/lib/libcuda.so.1
#1  0x0000555555593c0d in libcudart_static_42c06717b9ed6fd4b8a1e00aff116e98da2ddc7f ()
#2  0x000055555557917d in libcudart_static_d83112b48ad6c0c45820fdbef0d64eff96bd4715 ()
#3  0x0000555555585c38 in libcudart_static_0bf7336e71b5df655f7fe4ef2dea52179e6fcf82 ()
#4  0x00007ffff70a1fb3 in __pthread_once_slow (once_control=0x55555560f020 <libcudart_static_08cd9c81021de025f90d77a527f44bb6a85f7117>, init_routine=0x555555585bd0 <libcudart_static_0bf7336e71b5df655f7fe4ef2dea52179e6fcf82>) at ./nptl/pthread_once.c:116
TRACE cuGetExportTable entered
#0  0x00007fffea9bf8b4 in cuGetExportTable () from /lib/x86_64-linux-gnu/libcuda.so
#1  0x0000555555593c0d in libcudart_static_42c06717b9ed6fd4b8a1e00aff116e98da2ddc7f ()
#2  0x000055555557917d in libcudart_static_d83112b48ad6c0c45820fdbef0d64eff96bd4715 ()
#3  0x0000555555585c38 in libcudart_static_0bf7336e71b5df655f7fe4ef2dea52179e6fcf82 ()
#4  0x00007ffff70a1fb3 in __pthread_once_slow (once_control=0x55555560f020 <libcudart_static_08cd9c81021de025f90d77a527f44bb6a85f7117>, init_routine=0x555555585bd0 <libcudart_static_0bf7336e71b5df655f7fe4ef2dea52179e6fcf82>) at ./nptl/pthread_once.c:116
TRACE cuGetExportTable entered
#0  0x00007ffff73af690 in cuGetExportTable () from /home/yunwei37/workspace/gpu/gpu_ext/workloads/xsched/level2-build/.output/hal-native-20260908.i8na51/install/lib/libcuda.so.1
#1  0x0000555555585ca0 in libcudart_static_0bf7336e71b5df655f7fe4ef2dea52179e6fcf82 ()
#2  0x00007ffff70a1fb3 in __pthread_once_slow (once_control=0x55555560f020 <libcudart_static_08cd9c81021de025f90d77a527f44bb6a85f7117>, init_routine=0x555555585bd0 <libcudart_static_0bf7336e71b5df655f7fe4ef2dea52179e6fcf82>) at ./nptl/pthread_once.c:116
#3  0x00005555555ddae9 in libcudart_static_5887a27cefafb4cd438bdc166b0a6f874b079d4b ()
#4  0x0000555555578ecf in libcudart_static_418eebf4e9b7463362b8385a31d08da131d0ea88 ()
TRACE cuGetExportTable entered
#0  0x00007fffea9bf8b4 in cuGetExportTable () from /lib/x86_64-linux-gnu/libcuda.so
#1  0x0000555555585ca0 in libcudart_static_0bf7336e71b5df655f7fe4ef2dea52179e6fcf82 ()
#2  0x00007ffff70a1fb3 in __pthread_once_slow (once_control=0x55555560f020 <libcudart_static_08cd9c81021de025f90d77a527f44bb6a85f7117>, init_routine=0x555555585bd0 <libcudart_static_0bf7336e71b5df655f7fe4ef2dea52179e6fcf82>) at ./nptl/pthread_once.c:116
#3  0x00005555555ddae9 in libcudart_static_5887a27cefafb4cd438bdc166b0a6f874b079d4b ()
#4  0x0000555555578ecf in libcudart_static_418eebf4e9b7463362b8385a31d08da131d0ea88 ()
[New Thread 0x7ffff4ae1000 (LWP 57904)]
[New Thread 0x7fffea5ff000 (LWP 57905)]
TRACE cuGetExportTable entered
#0  0x00007fffea9bf8b4 in cuGetExportTable () from /lib/x86_64-linux-gnu/libcuda.so
#1  0x00007ffff7343b53 in cuxtra::etbl::GetEtblFunc(CUuuid_st const*, unsigned long) () from /home/yunwei37/workspace/gpu/gpu_ext/workloads/xsched/level2-build/.output/hal-native-20260908.i8na51/install/lib/libhalcuda.so
#2  0x00007ffff734b3a5 in cuXtraInstrMemBlockAlloc () from /home/yunwei37/workspace/gpu/gpu_ext/workloads/xsched/level2-build/.output/hal-native-20260908.i8na51/install/lib/libhalcuda.so
#3  0x00007ffff7335680 in xsched::cuda::InstrMemAllocator::InstrMemAllocator(CUctx_st*, int) () from /home/yunwei37/workspace/gpu/gpu_ext/workloads/xsched/level2-build/.output/hal-native-20260908.i8na51/install/lib/libhalcuda.so
#4  0x00007ffff732a667 in xsched::cuda::InstrumentContext::InstrumentContext(CUctx_st*) () from /home/yunwei37/workspace/gpu/gpu_ext/workloads/xsched/level2-build/.output/hal-native-20260908.i8na51/install/lib/libhalcuda.so
TRACE cuGetExportTable entered
#0  0x00007fffea9bf8b4 in cuGetExportTable () from /lib/x86_64-linux-gnu/libcuda.so
#1  0x00007ffff7343b53 in cuxtra::etbl::GetEtblFunc(CUuuid_st const*, unsigned long) () from /home/yunwei37/workspace/gpu/gpu_ext/workloads/xsched/level2-build/.output/hal-native-20260908.i8na51/install/lib/libhalcuda.so
#2  0x00007ffff734dbd5 in cuxtra::cuda::ObjMemcpyHtoD(unsigned long long, void const*, unsigned long, CUstream_st*, CUctx_st*, unsigned long, unsigned long, cuxtra::etbl::CUtoolsMemObjHandle_st*) () from /home/yunwei37/workspace/gpu/gpu_ext/workloads/xsched/level2-build/.output/hal-native-20260908.i8na51/install/lib/libhalcuda.so
#3  0x00007ffff7347d1d in cuXtraInstrMemcpyHtoD () from /home/yunwei37/workspace/gpu/gpu_ext/workloads/xsched/level2-build/.output/hal-native-20260908.i8na51/install/lib/libhalcuda.so
#4  0x00007ffff732a6ca in xsched::cuda::InstrumentContext::InstrumentContext(CUctx_st*) () from /home/yunwei37/workspace/gpu/gpu_ext/workloads/xsched/level2-build/.output/hal-native-20260908.i8na51/install/lib/libhalcuda.so
TRACE cuGetExportTable entered
#0  0x00007fffea9bf8b4 in cuGetExportTable () from /lib/x86_64-linux-gnu/libcuda.so
#1  0x00007ffff7343b53 in cuxtra::etbl::GetEtblFunc(CUuuid_st const*, unsigned long) () from /home/yunwei37/workspace/gpu/gpu_ext/workloads/xsched/level2-build/.output/hal-native-20260908.i8na51/install/lib/libhalcuda.so
#2  0x00007ffff734dc15 in cuxtra::cuda::ObjMemcpyHtoD(unsigned long long, void const*, unsigned long, CUstream_st*, CUctx_st*, unsigned long, unsigned long, cuxtra::etbl::CUtoolsMemObjHandle_st*) () from /home/yunwei37/workspace/gpu/gpu_ext/workloads/xsched/level2-build/.output/hal-native-20260908.i8na51/install/lib/libhalcuda.so
#3  0x00007ffff7347d1d in cuXtraInstrMemcpyHtoD () from /home/yunwei37/workspace/gpu/gpu_ext/workloads/xsched/level2-build/.output/hal-native-20260908.i8na51/install/lib/libhalcuda.so
#4  0x00007ffff732a6ca in xsched::cuda::InstrumentContext::InstrumentContext(CUctx_st*) () from /home/yunwei37/workspace/gpu/gpu_ext/workloads/xsched/level2-build/.output/hal-native-20260908.i8na51/install/lib/libhalcuda.so
TRACE cuGetExportTable entered
#0  0x00007fffea9bf8b4 in cuGetExportTable () from /lib/x86_64-linux-gnu/libcuda.so
#1  0x00007ffff7343b53 in cuxtra::etbl::GetEtblFunc(CUuuid_st const*, unsigned long) () from /home/yunwei37/workspace/gpu/gpu_ext/workloads/xsched/level2-build/.output/hal-native-20260908.i8na51/install/lib/libhalcuda.so
#2  0x00007ffff734dc55 in cuxtra::cuda::ObjMemcpyHtoD(unsigned long long, void const*, unsigned long, CUstream_st*, CUctx_st*, unsigned long, unsigned long, cuxtra::etbl::CUtoolsMemObjHandle_st*) () from /home/yunwei37/workspace/gpu/gpu_ext/workloads/xsched/level2-build/.output/hal-native-20260908.i8na51/install/lib/libhalcuda.so
#3  0x00007ffff7347d1d in cuXtraInstrMemcpyHtoD () from /home/yunwei37/workspace/gpu/gpu_ext/workloads/xsched/level2-build/.output/hal-native-20260908.i8na51/install/lib/libhalcuda.so
#4  0x00007ffff732a6ca in xsched::cuda::InstrumentContext::InstrumentContext(CUctx_st*) () from /home/yunwei37/workspace/gpu/gpu_ext/workloads/xsched/level2-build/.output/hal-native-20260908.i8na51/install/lib/libhalcuda.so
TRACE cuGetExportTable entered
#0  0x00007fffea9bf8b4 in cuGetExportTable () from /lib/x86_64-linux-gnu/libcuda.so
#1  0x00007ffff7343b53 in cuxtra::etbl::GetEtblFunc(CUuuid_st const*, unsigned long) () from /home/yunwei37/workspace/gpu/gpu_ext/workloads/xsched/level2-build/.output/hal-native-20260908.i8na51/install/lib/libhalcuda.so
#2  0x00007ffff734dcd5 in cuxtra::cuda::ObjMemcpyHtoD(unsigned long long, void const*, unsigned long, CUstream_st*, CUctx_st*, unsigned long, unsigned long, cuxtra::etbl::CUtoolsMemObjHandle_st*) () from /home/yunwei37/workspace/gpu/gpu_ext/workloads/xsched/level2-build/.output/hal-native-20260908.i8na51/install/lib/libhalcuda.so
#3  0x00007ffff7347d1d in cuXtraInstrMemcpyHtoD () from /home/yunwei37/workspace/gpu/gpu_ext/workloads/xsched/level2-build/.output/hal-native-20260908.i8na51/install/lib/libhalcuda.so
#4  0x00007ffff732a6ca in xsched::cuda::InstrumentContext::InstrumentContext(CUctx_st*) () from /home/yunwei37/workspace/gpu/gpu_ext/workloads/xsched/level2-build/.output/hal-native-20260908.i8na51/install/lib/libhalcuda.so
[XSCHED INFO @ T 57895 @ 23:21:21.157470] native-700 probe 1: resume blob VA 0x7ffdb6600000 size 336, syncing
[XSCHED INFO @ T 57895 @ 23:21:21.157486] native-700 probe 1: resume blob copy synced clean
[New Thread 0x7ffdddfff000 (LWP 57906)]
[New Thread 0x7ffddd7fe000 (LWP 57907)]
[New Thread 0x7ffddcffd000 (LWP 57908)]
[New Thread 0x7ffdb1fff000 (LWP 57909)]
{"event":"ready","role":"be","process_id":1,"streams":4,"tasks":50}
TRACE cuLibraryLoadData entered
#0  0x00007ffff73a4c70 in cuLibraryLoadData () from /home/yunwei37/workspace/gpu/gpu_ext/workloads/xsched/level2-build/.output/hal-native-20260908.i8na51/install/lib/libcuda.so.1
#1  0x00005555555749f3 in libcudart_static_75850eae7f28cc1e55e9fe1048eae31a136b4f28 ()
#2  0x00005555555d7108 in libcudart_static_f819957d10e6023af1d90b177e9706eb1ae2ea98 ()
#3  0x0000555555577fd0 in libcudart_static_963dbe518da27ad62a57079a1a0c90814a2710ec ()
#4  0x000055555558dae2 in libcudart_static_2369b246cc952badcfa5311ee4767fae824f7e57 ()
TRACE metadata extender entered
#0  0x00007ffff73d5588 in xsched::cuda::XgMetaExtendImage(void const*) () from /home/yunwei37/workspace/gpu/gpu_ext/workloads/xsched/level2-build/.output/hal-native-20260908.i8na51/install/lib/libcuda.so.1
#1  0x00007ffff73a4c9b in cuLibraryLoadData () from /home/yunwei37/workspace/gpu/gpu_ext/workloads/xsched/level2-build/.output/hal-native-20260908.i8na51/install/lib/libcuda.so.1
#2  0x00005555555749f3 in libcudart_static_75850eae7f28cc1e55e9fe1048eae31a136b4f28 ()
#3  0x00005555555d7108 in libcudart_static_f819957d10e6023af1d90b177e9706eb1ae2ea98 ()
#4  0x0000555555577fd0 in libcudart_static_963dbe518da27ad62a57079a1a0c90814a2710ec ()
TRACE cuLibraryLoadData entered
#0  0x00007fffea977964 in cuLibraryLoadData () from /lib/x86_64-linux-gnu/libcuda.so
#1  0x00007ffff73a4ccf in cuLibraryLoadData () from /home/yunwei37/workspace/gpu/gpu_ext/workloads/xsched/level2-build/.output/hal-native-20260908.i8na51/install/lib/libcuda.so.1
#2  0x00005555555749f3 in libcudart_static_75850eae7f28cc1e55e9fe1048eae31a136b4f28 ()
#3  0x00005555555d7108 in libcudart_static_f819957d10e6023af1d90b177e9706eb1ae2ea98 ()
#4  0x0000555555577fd0 in libcudart_static_963dbe518da27ad62a57079a1a0c90814a2710ec ()
TRACE cuGetExportTable entered
#0  0x00007fffea9bf8b4 in cuGetExportTable () from /lib/x86_64-linux-gnu/libcuda.so
#1  0x00007ffff7343b53 in cuxtra::etbl::GetEtblFunc(CUuuid_st const*, unsigned long) () from /home/yunwei37/workspace/gpu/gpu_ext/workloads/xsched/level2-build/.output/hal-native-20260908.i8na51/install/lib/libhalcuda.so
#2  0x00007ffff7344c71 in cuXtraGetParamCount () from /home/yunwei37/workspace/gpu/gpu_ext/workloads/xsched/level2-build/.output/hal-native-20260908.i8na51/install/lib/libhalcuda.so
#3  0x00007ffff7319d41 in xsched::cuda::CudaKernelCommand::CudaKernelCommand(CUfunc_st*, void**, void**, bool) () from /home/yunwei37/workspace/gpu/gpu_ext/workloads/xsched/level2-build/.output/hal-native-20260908.i8na51/install/lib/libhalcuda.so
#4  0x00007ffff73d227d in cudaError_enum xsched::cuda::XLaunchKernelImpl<xsched::cuda::CudaKernelLaunchCommand, CUfunc_st*&, unsigned int&, unsigned int&, unsigned int&, unsigned int&, unsigned int&, unsigned int&, unsigned int&, void**&, void**&>(CUstream_st*, CUfunc_st*&, unsigned int&, unsigned int&, unsigned int&, unsigned int&, unsigned int&, unsigned int&, unsigned int&, void**&, void**&) () from /home/yunwei37/workspace/gpu/gpu_ext/workloads/xsched/level2-build/.output/hal-native-20260908.i8na51/install/lib/libcuda.so.1
TRACE cuGetExportTable entered
#0  0x00007fffea9bf8b4 in cuGetExportTable () from /lib/x86_64-linux-gnu/libcuda.so
#1  0x00007ffff7343b53 in cuxtra::etbl::GetEtblFunc(CUuuid_st const*, unsigned long) () from /home/yunwei37/workspace/gpu/gpu_ext/workloads/xsched/level2-build/.output/hal-native-20260908.i8na51/install/lib/libhalcuda.so
#2  0x00007ffff7345011 in cuXtraGetParamInfo () from /home/yunwei37/workspace/gpu/gpu_ext/workloads/xsched/level2-build/.output/hal-native-20260908.i8na51/install/lib/libhalcuda.so
#3  0x00007ffff7319fda in xsched::cuda::CudaKernelCommand::CudaKernelCommand(CUfunc_st*, void**, void**, bool) () from /home/yunwei37/workspace/gpu/gpu_ext/workloads/xsched/level2-build/.output/hal-native-20260908.i8na51/install/lib/libhalcuda.so
#4  0x00007ffff73d227d in cudaError_enum xsched::cuda::XLaunchKernelImpl<xsched::cuda::CudaKernelLaunchCommand, CUfunc_st*&, unsigned int&, unsigned int&, unsigned int&, unsigned int&, unsigned int&, unsigned int&, unsigned int&, void**&, void**&>(CUstream_st*, CUfunc_st*&, unsigned int&, unsigned int&, unsigned int&, unsigned int&, unsigned int&, unsigned int&, unsigned int&, void**&, void**&) () from /home/yunwei37/workspace/gpu/gpu_ext/workloads/xsched/level2-build/.output/hal-native-20260908.i8na51/install/lib/libcuda.so.1
TRACE cuGetExportTable entered
#0  0x00007fffea9bf8b4 in cuGetExportTable () from /lib/x86_64-linux-gnu/libcuda.so
#1  0x00007ffff7343b53 in cuxtra::etbl::GetEtblFunc(CUuuid_st const*, unsigned long) () from /home/yunwei37/workspace/gpu/gpu_ext/workloads/xsched/level2-build/.output/hal-native-20260908.i8na51/install/lib/libhalcuda.so
#2  0x00007ffff7345a71 in cuXtraGetEntryPoint () from /home/yunwei37/workspace/gpu/gpu_ext/workloads/xsched/level2-build/.output/hal-native-20260908.i8na51/install/lib/libhalcuda.so
#3  0x00007ffff732e47b in xsched::cuda::InstrumentContext::Instrument(std::shared_ptr<xsched::cuda::CudaKernelCommand>) () from /home/yunwei37/workspace/gpu/gpu_ext/workloads/xsched/level2-build/.output/hal-native-20260908.i8na51/install/lib/libhalcuda.so
#4  0x00007ffff732f080 in xsched::cuda::InstrumentManager::Instrument(std::shared_ptr<xsched::cuda::CudaKernelCommand>) () from /home/yunwei37/workspace/gpu/gpu_ext/workloads/xsched/level2-build/.output/hal-native-20260908.i8na51/install/lib/libhalcuda.so
TRACE cuGetExportTable entered
#0  0x00007fffea9bf8b4 in cuGetExportTable () from /lib/x86_64-linux-gnu/libcuda.so
#1  0x00007ffff7343b53 in cuxtra::etbl::GetEtblFunc(CUuuid_st const*, unsigned long) () from /home/yunwei37/workspace/gpu/gpu_ext/workloads/xsched/level2-build/.output/hal-native-20260908.i8na51/install/lib/libhalcuda.so
#2  0x00007ffff73453b1 in cuXtraGetBinary () from /home/yunwei37/workspace/gpu/gpu_ext/workloads/xsched/level2-build/.output/hal-native-20260908.i8na51/install/lib/libhalcuda.so
#3  0x00007ffff732e4c7 in xsched::cuda::InstrumentContext::Instrument(std::shared_ptr<xsched::cuda::CudaKernelCommand>) () from /home/yunwei37/workspace/gpu/gpu_ext/workloads/xsched/level2-build/.output/hal-native-20260908.i8na51/install/lib/libhalcuda.so
#4  0x00007ffff732f080 in xsched::cuda::InstrumentManager::Instrument(std::shared_ptr<xsched::cuda::CudaKernelCommand>) () from /home/yunwei37/workspace/gpu/gpu_ext/workloads/xsched/level2-build/.output/hal-native-20260908.i8na51/install/lib/libhalcuda.so
TRACE cuGetExportTable entered
#0  0x00007fffea9bf8b4 in cuGetExportTable () from /lib/x86_64-linux-gnu/libcuda.so
#1  0x00007ffff7343b53 in cuxtra::etbl::GetEtblFunc(CUuuid_st const*, unsigned long) () from /home/yunwei37/workspace/gpu/gpu_ext/workloads/xsched/level2-build/.output/hal-native-20260908.i8na51/install/lib/libhalcuda.so
#2  0x00007ffff7346139 in cuXtraGetLocalRegsPerThread () from /home/yunwei37/workspace/gpu/gpu_ext/workloads/xsched/level2-build/.output/hal-native-20260908.i8na51/install/lib/libhalcuda.so
#3  0x00007ffff732e521 in xsched::cuda::InstrumentContext::Instrument(std::shared_ptr<xsched::cuda::CudaKernelCommand>) () from /home/yunwei37/workspace/gpu/gpu_ext/workloads/xsched/level2-build/.output/hal-native-20260908.i8na51/install/lib/libhalcuda.so
#4  0x00007ffff732f080 in xsched::cuda::InstrumentManager::Instrument(std::shared_ptr<xsched::cuda::CudaKernelCommand>) () from /home/yunwei37/workspace/gpu/gpu_ext/workloads/xsched/level2-build/.output/hal-native-20260908.i8na51/install/lib/libhalcuda.so
TRACE cuGetExportTable entered
#0  0x00007fffea9bf8b4 in cuGetExportTable () from /lib/x86_64-linux-gnu/libcuda.so
#1  0x00007ffff7343b53 in cuxtra::etbl::GetEtblFunc(CUuuid_st const*, unsigned long) () from /home/yunwei37/workspace/gpu/gpu_ext/workloads/xsched/level2-build/.output/hal-native-20260908.i8na51/install/lib/libhalcuda.so
#2  0x00007ffff7347605 in cuXtraSetLocalRegsPerThread () from /home/yunwei37/workspace/gpu/gpu_ext/workloads/xsched/level2-build/.output/hal-native-20260908.i8na51/install/lib/libhalcuda.so
#3  0x00007ffff732e80d in xsched::cuda::InstrumentContext::Instrument(std::shared_ptr<xsched::cuda::CudaKernelCommand>) () from /home/yunwei37/workspace/gpu/gpu_ext/workloads/xsched/level2-build/.output/hal-native-20260908.i8na51/install/lib/libhalcuda.so
#4  0x00007ffff732f080 in xsched::cuda::InstrumentManager::Instrument(std::shared_ptr<xsched::cuda::CudaKernelCommand>) () from /home/yunwei37/workspace/gpu/gpu_ext/workloads/xsched/level2-build/.output/hal-native-20260908.i8na51/install/lib/libhalcuda.so
[XSCHED INFO @ T 57895 @ 23:21:21.173739] native-700 probe 3: binary kernel=1408 B guardian=640 B ep_inst=0x7ffdb6600200 regs=16->32 barriers=1->1
TRACE cuGetExportTable entered
#0  0x00007fffea9bf8b4 in cuGetExportTable () from /lib/x86_64-linux-gnu/libcuda.so
#1  0x00007ffff7343b53 in cuxtra::etbl::GetEtblFunc(CUuuid_st const*, unsigned long) () from /home/yunwei37/workspace/gpu/gpu_ext/workloads/xsched/level2-build/.output/hal-native-20260908.i8na51/install/lib/libhalcuda.so
#2  0x00007ffff733eb21 in cuXtraInvalInstrCache () from /home/yunwei37/workspace/gpu/gpu_ext/workloads/xsched/level2-build/.output/hal-native-20260908.i8na51/install/lib/libhalcuda.so
#3  0x00007ffff732e57a in xsched::cuda::InstrumentContext::Instrument(std::shared_ptr<xsched::cuda::CudaKernelCommand>) () from /home/yunwei37/workspace/gpu/gpu_ext/workloads/xsched/level2-build/.output/hal-native-20260908.i8na51/install/lib/libhalcuda.so
#4  0x00007ffff732f080 in xsched::cuda::InstrumentManager::Instrument(std::shared_ptr<xsched::cuda::CudaKernelCommand>) () from /home/yunwei37/workspace/gpu/gpu_ext/workloads/xsched/level2-build/.output/hal-native-20260908.i8na51/install/lib/libhalcuda.so
TRACE cuGetExportTable entered
#0  0x00007fffea9bf8b4 in cuGetExportTable () from /lib/x86_64-linux-gnu/libcuda.so
#1  0x00007ffff7343b53 in cuxtra::etbl::GetEtblFunc(CUuuid_st const*, unsigned long) () from /home/yunwei37/workspace/gpu/gpu_ext/workloads/xsched/level2-build/.output/hal-native-20260908.i8na51/install/lib/libhalcuda.so
#2  0x00007ffff733eb65 in cuXtraInvalInstrCache () from /home/yunwei37/workspace/gpu/gpu_ext/workloads/xsched/level2-build/.output/hal-native-20260908.i8na51/install/lib/libhalcuda.so
#3  0x00007ffff732e57a in xsched::cuda::InstrumentContext::Instrument(std::shared_ptr<xsched::cuda::CudaKernelCommand>) () from /home/yunwei37/workspace/gpu/gpu_ext/workloads/xsched/level2-build/.output/hal-native-20260908.i8na51/install/lib/libhalcuda.so
#4  0x00007ffff732f080 in xsched::cuda::InstrumentManager::Instrument(std::shared_ptr<xsched::cuda::CudaKernelCommand>) () from /home/yunwei37/workspace/gpu/gpu_ext/workloads/xsched/level2-build/.output/hal-native-20260908.i8na51/install/lib/libhalcuda.so
[Switching to Thread 0x7ffdddfff000 (LWP 57906)]
TRACE cuGetExportTable entered
#0  0x00007fffea9bf8b4 in cuGetExportTable () from /lib/x86_64-linux-gnu/libcuda.so
#1  0x00007ffff7343b53 in cuxtra::etbl::GetEtblFunc(CUuuid_st const*, unsigned long) () from /home/yunwei37/workspace/gpu/gpu_ext/workloads/xsched/level2-build/.output/hal-native-20260908.i8na51/install/lib/libhalcuda.so
#2  0x00007ffff7346831 in cuXtraSetDebuggerParams () from /home/yunwei37/workspace/gpu/gpu_ext/workloads/xsched/level2-build/.output/hal-native-20260908.i8na51/install/lib/libhalcuda.so
#3  0x00007ffff73279cc in xsched::cuda::InstrumentContext::Launch(std::shared_ptr<xsched::cuda::CudaKernelCommand>, CUstream_st*, xsched::cuda::LaunchType) () from /home/yunwei37/workspace/gpu/gpu_ext/workloads/xsched/level2-build/.output/hal-native-20260908.i8na51/install/lib/libhalcuda.so
#4  0x00007ffff7329c10 in xsched::cuda::InstrumentManager::Launch(std::shared_ptr<xsched::cuda::CudaKernelCommand>, CUstream_st*, XPreemptLevel) () from /home/yunwei37/workspace/gpu/gpu_ext/workloads/xsched/level2-build/.output/hal-native-20260908.i8na51/install/lib/libhalcuda.so
TRACE cuGetExportTable entered
#0  0x00007fffea9bf8b4 in cuGetExportTable () from /lib/x86_64-linux-gnu/libcuda.so
#1  0x00007ffff7343b53 in cuxtra::etbl::GetEtblFunc(CUuuid_st const*, unsigned long) () from /home/yunwei37/workspace/gpu/gpu_ext/workloads/xsched/level2-build/.output/hal-native-20260908.i8na51/install/lib/libhalcuda.so
#2  0x00007ffff7346871 in cuXtraSetDebuggerParams () from /home/yunwei37/workspace/gpu/gpu_ext/workloads/xsched/level2-build/.output/hal-native-20260908.i8na51/install/lib/libhalcuda.so
#3  0x00007ffff73279cc in xsched::cuda::InstrumentContext::Launch(std::shared_ptr<xsched::cuda::CudaKernelCommand>, CUstream_st*, xsched::cuda::LaunchType) () from /home/yunwei37/workspace/gpu/gpu_ext/workloads/xsched/level2-build/.output/hal-native-20260908.i8na51/install/lib/libhalcuda.so
#4  0x00007ffff7329c10 in xsched::cuda::InstrumentManager::Launch(std::shared_ptr<xsched::cuda::CudaKernelCommand>, CUstream_st*, XPreemptLevel) () from /home/yunwei37/workspace/gpu/gpu_ext/workloads/xsched/level2-build/.output/hal-native-20260908.i8na51/install/lib/libhalcuda.so
[XSCHED INFO @ T 57906 @ 23:21:21.176455] native-700 probe 2: type=1 preempt_buf=0x302000000 guardian=0x7ffdb6600200 entry=0x140727663198720 idx=1 killable=0
TRACE cuGetExportTable entered
#0  0x00007fffea9bf8b4 in cuGetExportTable () from /lib/x86_64-linux-gnu/libcuda.so
#1  0x00007ffff7343b53 in cuxtra::etbl::GetEtblFunc(CUuuid_st const*, unsigned long) () from /home/yunwei37/workspace/gpu/gpu_ext/workloads/xsched/level2-build/.output/hal-native-20260908.i8na51/install/lib/libhalcuda.so
#2  0x00007ffff7345711 in cuXtraGetDebuggerParams () from /home/yunwei37/workspace/gpu/gpu_ext/workloads/xsched/level2-build/.output/hal-native-20260908.i8na51/install/lib/libhalcuda.so
#3  0x00007ffff7327a0d in xsched::cuda::InstrumentContext::Launch(std::shared_ptr<xsched::cuda::CudaKernelCommand>, CUstream_st*, xsched::cuda::LaunchType) () from /home/yunwei37/workspace/gpu/gpu_ext/workloads/xsched/level2-build/.output/hal-native-20260908.i8na51/install/lib/libhalcuda.so
#4  0x00007ffff7329c10 in xsched::cuda::InstrumentManager::Launch(std::shared_ptr<xsched::cuda::CudaKernelCommand>, CUstream_st*, XPreemptLevel) () from /home/yunwei37/workspace/gpu/gpu_ext/workloads/xsched/level2-build/.output/hal-native-20260908.i8na51/install/lib/libhalcuda.so
[XSCHED INFO @ T 57906 @ 23:21:21.176907] native-700 probe 2: readback equal=1 byte0=0x00 byte8=0x00 byte16=0x01
TRACE cuGetExportTable entered
#0  0x00007fffea9bf8b4 in cuGetExportTable () from /lib/x86_64-linux-gnu/libcuda.so
#1  0x00007ffff7343b53 in cuxtra::etbl::GetEtblFunc(CUuuid_st const*, unsigned long) () from /home/yunwei37/workspace/gpu/gpu_ext/workloads/xsched/level2-build/.output/hal-native-20260908.i8na51/install/lib/libhalcuda.so
#2  0x00007ffff7345dc1 in cuXtraSetEntryPoint () from /home/yunwei37/workspace/gpu/gpu_ext/workloads/xsched/level2-build/.output/hal-native-20260908.i8na51/install/lib/libhalcuda.so
#3  0x00007ffff7328124 in xsched::cuda::InstrumentContext::Launch(std::shared_ptr<xsched::cuda::CudaKernelCommand>, CUstream_st*, xsched::cuda::LaunchType) () from /home/yunwei37/workspace/gpu/gpu_ext/workloads/xsched/level2-build/.output/hal-native-20260908.i8na51/install/lib/libhalcuda.so
#4  0x00007ffff7329c10 in xsched::cuda::InstrumentManager::Launch(std::shared_ptr<xsched::cuda::CudaKernelCommand>, CUstream_st*, XPreemptLevel) () from /home/yunwei37/workspace/gpu/gpu_ext/workloads/xsched/level2-build/.output/hal-native-20260908.i8na51/install/lib/libhalcuda.so
[XSCHED INFO @ T 57906 @ 23:21:21.177351] native-700 probe 2: launch ret=701
[XSCHED ERRO @ T 57906 @ 23:21:21.177356] cuda error 701: too many resources requested for launch @ /home/yunwei37/workspace/gpu/gpu_ext/workloads/xsched/level2-build/.output/hal-native-20260908.i8na51/source/platforms/cuda/hal/src/level2/instrument.cpp:377
[XSCHED INFO @ T 57907 @ 23:21:21.177358] native-700 probe 2: type=1 preempt_buf=0x382000000 guardian=0x7ffdb6600200 entry=0x140727663198720 idx=1 killable=0
[XSCHED INFO @ T 57907 @ 23:21:21.177379] native-700 probe 2: readback equal=1 byte0=0x00 byte8=0x00 byte16=0x01
[XSCHED INFO @ T 57907 @ 23:21:21.177386] native-700 probe 2: launch ret=4
[XSCHED ERRO @ T 57907 @ 23:21:21.177390] cuda error 4: hk_VUU @ /home/yunwei37/workspace/gpu/gpu_ext/workloads/xsched/level2-build/.output/hal-native-20260908.i8na51/source/platforms/cuda/hal/src/level2/instrument.cpp:377
[XSCHED INFO @ T 57908 @ 23:21:21.177395] native-700 probe 2: type=1 preempt_buf=0x3c2000000 guardian=0x7ffdb6600200 entry=0x140727663198720 idx=1 killable=0
[XSCHED INFO @ T 57908 @ 23:21:21.177438] native-700 probe 2: readback equal=1 byte0=0x00 byte8=0x00 byte16=0x01
[XSCHED INFO @ T 57908 @ 23:21:21.177467] native-700 probe 2: launch ret=4
[XSCHED ERRO @ T 57908 @ 23:21:21.177478] cuda error 4: øl_VUU @ /home/yunwei37/workspace/gpu/gpu_ext/workloads/xsched/level2-build/.output/hal-native-20260908.i8na51/source/platforms/cuda/hal/src/level2/instrument.cpp:377
[XSCHED INFO @ T 57909 @ 23:21:21.177619] native-700 probe 2: type=1 preempt_buf=0x402000000 guardian=0x7ffdb6600200 entry=0x140727663198720 idx=1 killable=0
[XSCHED INFO @ T 57909 @ 23:21:21.177652] native-700 probe 2: readback equal=1 byte0=0x00 byte8=0x00 byte16=0x01
[XSCHED INFO @ T 57909 @ 23:21:21.177667] native-700 probe 2: launch ret=4
[XSCHED ERRO @ T 57909 @ 23:21:21.177671] cuda error 4: ˆn_VUU @ /home/yunwei37/workspace/gpu/gpu_ext/workloads/xsched/level2-build/.output/hal-native-20260908.i8na51/source/platforms/cuda/hal/src/level2/instrument.cpp:377
[Thread 0x7ffff6fff000 (LWP 57898) exited]

Thread 7 "priority_worklo" received signal SIGSEGV, Segmentation fault.
[Switching to Thread 0x7ffddd7fe000 (LWP 57907)]
0x00007ffff704798b in __run_exit_handlers (status=1, listp=<optimized out>, run_list_atexit=run_list_atexit@entry=true, run_dtors=run_dtors@entry=true) at ./stdlib/exit.c:69
warning: 69	./stdlib/exit.c: No such file or directory
Num     Type           Disp Enb Address            What
1       breakpoint     keep y   0x00007ffff73d5588 <xsched::cuda::XgMetaExtendImage(void const*)+8>
	breakpoint already hit 1 time
        silent
        printf "TRACE metadata extender entered\n"
        bt 5
        continue
2       breakpoint     keep y   <MULTIPLE>         
        silent
        printf "TRACE cuModuleLoadData entered\n"
        bt 5
        continue
2.1                         y   0x00007fffea976d84 <cuModuleLoadData+4>
2.2                         y   0x00007ffff73a4370 <cuModuleLoadData>
3       breakpoint     keep y   <MULTIPLE>         
	breakpoint already hit 2 times
        silent
        printf "TRACE cuLibraryLoadData entered\n"
        bt 5
        continue
3.1                         y   0x00007fffea977964 <cuLibraryLoadData+4>
3.2                         y   0x00007ffff73a4c70 <cuLibraryLoadData>
4       breakpoint     keep y   <MULTIPLE>         
	breakpoint already hit 31 times
        silent
        printf "TRACE cuGetExportTable entered\n"
        bt 5
        continue
4.1                         y   0x00007fffea9bf8b4 <cuGetExportTable+4>
4.2                         y   0x00007ffff73af690 <cuGetExportTable>

Thread 9 (Thread 0x7ffdb1fff000 (LWP 57909) "priority_worklo"):
#0  futex_wait (private=0, expected=2, futex_word=0x7ffff7204fa8 <__exit_funcs_lock>) at ../sysdeps/nptl/futex-internal.h:146
#1  __GI___lll_lock_wait_private (futex=futex@entry=0x7ffff7204fa8 <__exit_funcs_lock>) at ./nptl/lowlevellock.c:34
#2  0x00007ffff7047b8e in __run_exit_handlers (status=1, listp=0x7ffff7203680 <__exit_funcs>, run_list_atexit=run_list_atexit@entry=true, run_dtors=run_dtors@entry=true) at ./stdlib/exit.c:43
#3  0x00007ffff7047bbe in __GI_exit (status=<optimized out>) at ./stdlib/exit.c:138
#4  0x00007ffff7329cf8 in xsched::cuda::InstrumentManager::Launch(std::shared_ptr<xsched::cuda::CudaKernelCommand>, CUstream_st*, XPreemptLevel) () from /home/yunwei37/workspace/gpu/gpu_ext/workloads/xsched/level2-build/.output/hal-native-20260908.i8na51/install/lib/libhalcuda.so

Thread 8 (Thread 0x7ffddcffd000 (LWP 57908) "priority_worklo"):
#0  futex_wait (private=0, expected=2, futex_word=0x7ffff7204fa8 <__exit_funcs_lock>) at ../sysdeps/nptl/futex-internal.h:146
#1  __GI___lll_lock_wait_private (futex=futex@entry=0x7ffff7204fa8 <__exit_funcs_lock>) at ./nptl/lowlevellock.c:34
#2  0x00007ffff7047b8e in __run_exit_handlers (status=1, listp=0x7ffff7203680 <__exit_funcs>, run_list_atexit=run_list_atexit@entry=true, run_dtors=run_dtors@entry=true) at ./stdlib/exit.c:43
#3  0x00007ffff7047bbe in __GI_exit (status=<optimized out>) at ./stdlib/exit.c:138
#4  0x00007ffff7329cf8 in xsched::cuda::InstrumentManager::Launch(std::shared_ptr<xsched::cuda::CudaKernelCommand>, CUstream_st*, XPreemptLevel) () from /home/yunwei37/workspace/gpu/gpu_ext/workloads/xsched/level2-build/.output/hal-native-20260908.i8na51/install/lib/libhalcuda.so

Thread 7 (Thread 0x7ffddd7fe000 (LWP 57907) "priority_worklo"):
#0  0x00007ffff704798b in __run_exit_handlers (status=1, listp=<optimized out>, run_list_atexit=run_list_atexit@entry=true, run_dtors=run_dtors@entry=true) at ./stdlib/exit.c:69
#1  0x00007ffff7047bbe in __GI_exit (status=<optimized out>) at ./stdlib/exit.c:138
#2  0x00007ffff7329cf8 in xsched::cuda::InstrumentManager::Launch(std::shared_ptr<xsched::cuda::CudaKernelCommand>, CUstream_st*, XPreemptLevel) () from /home/yunwei37/workspace/gpu/gpu_ext/workloads/xsched/level2-build/.output/hal-native-20260908.i8na51/install/lib/libhalcuda.so
#3  0x00007ffff7325e9f in xsched::cuda::CudaQueueLv2::Launch(std::shared_ptr<xsched::preempt::HwCommand>) () from /home/yunwei37/workspace/gpu/gpu_ext/workloads/xsched/level2-build/.output/hal-native-20260908.i8na51/install/lib/libhalcuda.so
#4  0x00007ffff7297cf2 in xsched::preempt::LaunchWorker::LaunchHwCommand(std::shared_ptr<xsched::preempt::HwCommand>) () from /home/yunwei37/workspace/gpu/gpu_ext/workloads/xsched/level2-build/.output/hal-native-20260908.i8na51/install/lib/libpreempt.so

Thread 6 (Thread 0x7ffdddfff000 (LWP 57906) "priority_worklo"):
#0  futex_wait (private=0, expected=2, futex_word=0x7ffff7204fa8 <__exit_funcs_lock>) at ../sysdeps/nptl/futex-internal.h:146
#1  __GI___lll_lock_wait_private (futex=futex@entry=0x7ffff7204fa8 <__exit_funcs_lock>) at ./nptl/lowlevellock.c:34
#2  0x00007ffff7047a90 in __run_exit_handlers (status=1, listp=<optimized out>, run_list_atexit=run_list_atexit@entry=true, run_dtors=run_dtors@entry=true) at ./stdlib/exit.c:109
#3  0x00007ffff7047bbe in __GI_exit (status=<optimized out>) at ./stdlib/exit.c:138
#4  0x00007ffff7329cf8 in xsched::cuda::InstrumentManager::Launch(std::shared_ptr<xsched::cuda::CudaKernelCommand>, CUstream_st*, XPreemptLevel) () from /home/yunwei37/workspace/gpu/gpu_ext/workloads/xsched/level2-build/.output/hal-native-20260908.i8na51/install/lib/libhalcuda.so

Thread 5 (Thread 0x7fffea5ff000 (LWP 57905) "cuda-EvtHandlr"):
#0  0x00007ffff711b5fd in __GI___poll (fds=0x7ffdd8000c20, nfds=10, timeout=33) at ../sysdeps/unix/sysv/linux/poll.c:29
#1  0x00007fffea95f0f7 in ?? () from /lib/x86_64-linux-gnu/libcuda.so
#2  0x00007fffeaa4430a in ?? () from /lib/x86_64-linux-gnu/libcuda.so
#3  0x00007fffea94f123 in ?? () from /lib/x86_64-linux-gnu/libcuda.so
#4  0x00007ffff709cb84 in start_thread (arg=<optimized out>) at ./nptl/pthread_create.c:447

Thread 4 (Thread 0x7ffff4ae1000 (LWP 57904) "priority_worklo"):
#0  0x00007ffff7098e51 in __futex_abstimed_wait_common64 (private=32767, cancel=true, abstime=0x7ffff4ade800, op=393, expected=0, futex_word=0x555555671928) at ./nptl/futex-internal.c:57
#1  __futex_abstimed_wait_common (cancel=true, private=32767, abstime=0x7ffff4ade800, clockid=0, expected=0, futex_word=0x555555671928) at ./nptl/futex-internal.c:87
#2  __GI___futex_abstimed_wait_cancelable64 (futex_word=futex_word@entry=0x555555671928, expected=expected@entry=0, clockid=clockid@entry=0, abstime=abstime@entry=0x7ffff4ade800, private=private@entry=0) at ./nptl/futex-internal.c:139
#3  0x00007ffff709bd6e in __pthread_cond_wait_common (abstime=0x7ffff4ade800, clockid=0, mutex=0x55555569d498, cond=0x555555671900) at ./nptl/pthread_cond_wait.c:503
#4  ___pthread_cond_timedwait64 (cond=0x555555671900, mutex=0x55555569d498, abstime=0x7ffff4ade800) at ./nptl/pthread_cond_wait.c:652

Thread 3 (Thread 0x7ffff67fe000 (LWP 57899) "cuda00001400006"):
#0  0x00007ffff711b5fd in __GI___poll (fds=0x555555642e80, nfds=3, timeout=-1) at ../sysdeps/unix/sysv/linux/poll.c:29
#1  0x00007fffea95f0f7 in ?? () from /lib/x86_64-linux-gnu/libcuda.so
#2  0x00007fffeaa4430a in ?? () from /lib/x86_64-linux-gnu/libcuda.so
#3  0x00007fffea94f123 in ?? () from /lib/x86_64-linux-gnu/libcuda.so
#4  0x00007ffff709cb84 in start_thread (arg=<optimized out>) at ./nptl/pthread_create.c:447

Thread 1 (Thread 0x7ffff7f7e000 (LWP 57895) "priority_worklo"):
#0  0x000055555555d463 in main ()
