[2026-09-04 10:27:34][info][2789611] bpf_attach_ctx constructed
[2026-09-04 10:27:34][info][2789611] Initializing CUDA shared memory
[2026-09-04 10:27:34][info][2789611] CommSharedMem host 0x7500150297d8 mapped to device 0x7500150297d8
[2026-09-04 10:27:34][info][2789611] CUDA context created
[2026-09-04 10:27:34][info][2789611] Register attach-impl defined helper bpf_get_func_arg, index 183
[2026-09-04 10:27:34][info][2789611] Register attach-impl defined helper bpf_get_func_ret_id, index 184
[2026-09-04 10:27:34][info][2789611] Register attach-impl defined helper bpf_get_retval, index 186
[2026-09-04 10:27:34][info][2789611] Starting nv_attach_impl
[2026-09-04 10:27:34][info][2789611] Parsing bundled libraries: /home/yunwei37/workspace/gpu/bpftime-table1-575/build-table1-575/attach/nv_attach_impl/pass/ptxpass_kprobe_entry/libptxpass_kprobe_entry.so:/home/yunwei37/workspace/gpu/bpftime-table1-575/build-table1-575/attach/nv_attach_impl/pass/ptxpass_kretprobe/libptxpass_kretprobe.so:/home/yunwei37/workspace/gpu/bpftime-table1-575/build-table1-575/attach/nv_attach_impl/pass/ptxpass_kprobe_memcapture/libptxpass_kprobe_memcapture.so
[2026-09-04 10:27:34][info][2789611] Found path: /home/yunwei37/workspace/gpu/bpftime-table1-575/build-table1-575/attach/nv_attach_impl/pass/ptxpass_kprobe_entry/libptxpass_kprobe_entry.so, executing..
[2026-09-04 10:27:34][info][2789611] Retrived config of /home/yunwei37/workspace/gpu/bpftime-table1-575/build-table1-575/attach/nv_attach_impl/pass/ptxpass_kprobe_entry/libptxpass_kprobe_entry.so
[2026-09-04 10:27:34][info][2789611] Found path: /home/yunwei37/workspace/gpu/bpftime-table1-575/build-table1-575/attach/nv_attach_impl/pass/ptxpass_kretprobe/libptxpass_kretprobe.so, executing..
[2026-09-04 10:27:34][info][2789611] Retrived config of /home/yunwei37/workspace/gpu/bpftime-table1-575/build-table1-575/attach/nv_attach_impl/pass/ptxpass_kretprobe/libptxpass_kretprobe.so
[2026-09-04 10:27:34][info][2789611] Found path: /home/yunwei37/workspace/gpu/bpftime-table1-575/build-table1-575/attach/nv_attach_impl/pass/ptxpass_kprobe_memcapture/libptxpass_kprobe_memcapture.so, executing..
[2026-09-04 10:27:34][info][2789611] Retrived config of /home/yunwei37/workspace/gpu/bpftime-table1-575/build-table1-575/attach/nv_attach_impl/pass/ptxpass_kprobe_memcapture/libptxpass_kprobe_memcapture.so
[2026-09-04 10:27:34][info][2789611] Initializing agent..
[2026-09-04 10:27:34][info][2789611] bpftime: shm epoch_seq = 2
[2026-09-04 10:27:34][info][2789611] Instantiating bpf link 61 and the corresponding program cuda__host_look is cuda program
[2026-09-04 10:27:34][info][2789611] Skipping nv attach handler 61 since we are not handling nv handles
[2026-09-04 10:27:34][info][2789611] Instantiating bpf link 61 and the corresponding program cuda__host_look is cuda program
[2026-09-04 10:27:34][info][2789611] Handling link to CUDA program: 61, recording it..
[2026-09-04 10:27:34][info][2789611] Loaded 26 instructions (original) for cuda ebpf program
[2026-09-04 10:27:34][info][2789611] Initializing nv_gpu_shared_array_map_impl at pid 2789611
[2026-09-04 10:27:34][info][2789611] Mapped GPU memory for shared array map: 128634186629120
[2026-09-04 10:27:34][info][2789611] Copying map fd 17 to device, key size=4, value size=8, max ent=32, map_type = 1503, gpu_buffer = 74fdfb000000
[2026-09-04 10:27:34][info][2789611] Initializing nv_gpu_shared_array_host_map_impl at pid 2789611, shared mem addr=750015229a60
[2026-09-04 10:27:34][info][2789611] Mapped shared memory for GPU access: cpu=750015229a60, gpu=750015229a60
[2026-09-04 10:27:34][info][2789611] Copying map fd 18 to device, key size=4, value size=8, max ent=32, map_type = 1513, gpu_buffer = 750015229a60
[2026-09-04 10:27:34][warning][2789611] Not a GPU map!
[2026-09-04 10:27:34][info][2789611] Copying map fd 19 to device, key size=4, value size=8, max ent=32, map_type = 2, gpu_buffer = 0
[2026-09-04 10:27:34][info][2789611] Initializing nv_gpu_shared_array_map_impl at pid 2789611
[2026-09-04 10:27:34][info][2789611] Mapped GPU memory for shared array map: 128634188726272
[2026-09-04 10:27:34][info][2789611] Copying map fd 20 to device, key size=4, value size=8, max ent=32, map_type = 1503, gpu_buffer = 74fdfb200000
[2026-09-04 10:27:34][info][2789611] Cached shared_mem_ptr at 7500150297d8
[2026-09-04 10:27:34][info][2789611] Recorded pass /home/yunwei37/workspace/gpu/bpftime-table1-575/build-table1-575/attach/nv_attach_impl/pass/ptxpass_kprobe_entry/libptxpass_kprobe_entry.so for func fig15_map_kernel
[2026-09-04 10:27:35][info][2789611] nv_attach_impl: cached 301188 host symbols
[2026-09-04 10:27:35][info][2789611] nv_attach_impl: late attach bootstrap scanning fatbins..
[2026-09-04 10:27:35][info][2789611] nv_attach_impl: targeted late bootstrap selected 1 of 19 loaded module(s)
[2026-09-04 10:27:35][info][2789611] Temporary fatbin written to /tmp/bpftime-fatbin-work.Ep1bi2/temp.fatbin
[2026-09-04 10:27:35][info][2789611] Extracting PTX in the fatbin...
[2026-09-04 10:27:35][info][2789611] Calling cuobjdump: /usr/local/cuda-12.9/bin/cuobjdump --extract-ptx all /tmp/bpftime-fatbin-work.Ep1bi2/temp.fatbin
Extracting PTX file and ptxas options    1: map_bench.sm_120.ptx -arch=sm_120  --generate-line-info 
[2026-09-04 10:27:35][info][2789611] Remove extracted files..
[2026-09-04 10:27:35][info][2789611] Got 1 PTX files
[2026-09-04 10:27:35][info][2789611] Loading & patching current fatbin..
[2026-09-04 10:27:35][info][2789626] Patching PTX: map_bench.sm_120.ptx
[2026-09-04 10:27:35][info][2789626] Patching request 73192a9f238375b7168ca7ac31c1a719ca6b59d5be0b466eddd7522b9f9b9485 not found in cache, patching..
[ptxpass] kprobe_entry_stub: matched=1, in=1760, out=3994
[2026-09-04 10:27:35][info][2789611] Using SM arch from BPFTIME_SM_ARCH: sm_120
[2026-09-04 10:27:35][info][2789611] Compiling PTXs with sm_arch sm_120
[2026-09-04 10:27:35][info][2789611] Compiler version: 12.9
[2026-09-04 10:27:35][info][2789648] Start compiling patched.map_bench.sm_120.ptx, not found in cache
[2026-09-04 10:27:35][info][2789648] Compile of patched.map_bench.sm_120.ptx done
[2026-09-04 10:27:35][info][2789611] Loading module: patched.map_bench.sm_120.ptx, not found in cache
[2026-09-04 10:27:35][info][2789611] Copying trampoline data to device
[2026-09-04 10:27:35][info][2789611] constData symbol device_ptr=74fdfb600000 size=8 shared_mem_ptr=7500150297d8
[2026-09-04 10:27:35][info][2789611] map_info symbol device_ptr=74fdfb600008 size=40960
[2026-09-04 10:27:35][info][2789611] Trampoline data copied
[2026-09-04 10:27:35][info][2789611] Loaded module: patched.map_bench.sm_120.ptx
[2026-09-04 10:27:35][info][2789611] nv_attach_impl: ingested fatbin from .nv_fatbin in /home/yunwei37/workspace/gpu/gpu_ext/microbench/fig15-device/.output/map-bench
[2026-09-04 10:27:35][info][2789611] nv_attach_impl: late attach bootstrap ingested 1 fatbin(s)
[2026-09-04 10:27:35][info][2789611] agent ipc: listening (abstract) for pid 2789611
[2026-09-04 10:27:35][info][2789611] Attach successfully
[2026-09-04 10:27:35][info][2789616] Exiting CUDA watcher thread
FIG15_DEVICE	NVIDIA GeForce RTX 5090	12	0	32
FIG15_MEASUREMENT	8	64	0.266687989
FIG15_CORRECT	32	0
