[2026-09-04 10:24:01][info][2779555] bpf_attach_ctx constructed
[2026-09-04 10:24:01][info][2779555] Initializing CUDA shared memory
[2026-09-04 10:24:01][info][2779555] CommSharedMem host 0x7658904297d8 mapped to device 0x7658904297d8
[2026-09-04 10:24:01][info][2779555] CUDA context created
[2026-09-04 10:24:01][info][2779555] Register attach-impl defined helper bpf_get_func_arg, index 183
[2026-09-04 10:24:01][info][2779555] Register attach-impl defined helper bpf_get_func_ret_id, index 184
[2026-09-04 10:24:01][info][2779555] Register attach-impl defined helper bpf_get_retval, index 186
[2026-09-04 10:24:01][info][2779555] Starting nv_attach_impl
[2026-09-04 10:24:01][info][2779555] Parsing bundled libraries: /home/yunwei37/workspace/gpu/bpftime-table1-575/build-table1-575/attach/nv_attach_impl/pass/ptxpass_kprobe_entry/libptxpass_kprobe_entry.so:/home/yunwei37/workspace/gpu/bpftime-table1-575/build-table1-575/attach/nv_attach_impl/pass/ptxpass_kretprobe/libptxpass_kretprobe.so:/home/yunwei37/workspace/gpu/bpftime-table1-575/build-table1-575/attach/nv_attach_impl/pass/ptxpass_kprobe_memcapture/libptxpass_kprobe_memcapture.so
[2026-09-04 10:24:01][info][2779555] Found path: /home/yunwei37/workspace/gpu/bpftime-table1-575/build-table1-575/attach/nv_attach_impl/pass/ptxpass_kprobe_entry/libptxpass_kprobe_entry.so, executing..
[2026-09-04 10:24:02][info][2779555] Retrived config of /home/yunwei37/workspace/gpu/bpftime-table1-575/build-table1-575/attach/nv_attach_impl/pass/ptxpass_kprobe_entry/libptxpass_kprobe_entry.so
[2026-09-04 10:24:02][info][2779555] Found path: /home/yunwei37/workspace/gpu/bpftime-table1-575/build-table1-575/attach/nv_attach_impl/pass/ptxpass_kretprobe/libptxpass_kretprobe.so, executing..
[2026-09-04 10:24:02][info][2779555] Retrived config of /home/yunwei37/workspace/gpu/bpftime-table1-575/build-table1-575/attach/nv_attach_impl/pass/ptxpass_kretprobe/libptxpass_kretprobe.so
[2026-09-04 10:24:02][info][2779555] Found path: /home/yunwei37/workspace/gpu/bpftime-table1-575/build-table1-575/attach/nv_attach_impl/pass/ptxpass_kprobe_memcapture/libptxpass_kprobe_memcapture.so, executing..
[2026-09-04 10:24:02][info][2779555] Retrived config of /home/yunwei37/workspace/gpu/bpftime-table1-575/build-table1-575/attach/nv_attach_impl/pass/ptxpass_kprobe_memcapture/libptxpass_kprobe_memcapture.so
[2026-09-04 10:24:02][info][2779555] Initializing agent..
[2026-09-04 10:24:02][info][2779555] bpftime: shm epoch_seq = 2
[2026-09-04 10:24:02][info][2779555] Instantiating bpf link 61 and the corresponding program cuda__device_up is cuda program
[2026-09-04 10:24:02][info][2779555] Skipping nv attach handler 61 since we are not handling nv handles
[2026-09-04 10:24:02][info][2779555] Instantiating bpf link 61 and the corresponding program cuda__device_up is cuda program
[2026-09-04 10:24:02][info][2779555] Handling link to CUDA program: 61, recording it..
[2026-09-04 10:24:02][info][2779555] Loaded 20 instructions (original) for cuda ebpf program
[2026-09-04 10:24:02][info][2779555] Initializing nv_gpu_shared_array_map_impl at pid 2779555
[2026-09-04 10:24:02][info][2779555] Mapped GPU memory for shared array map: 130113702199296
[2026-09-04 10:24:02][info][2779555] Copying map fd 17 to device, key size=4, value size=8, max ent=32, map_type = 1503, gpu_buffer = 765675000000
[2026-09-04 10:24:02][info][2779555] Initializing nv_gpu_shared_array_host_map_impl at pid 2779555, shared mem addr=765890629a60
[2026-09-04 10:24:02][info][2779555] Mapped shared memory for GPU access: cpu=765890629a60, gpu=765890629a60
[2026-09-04 10:24:02][info][2779555] Copying map fd 18 to device, key size=4, value size=8, max ent=32, map_type = 1513, gpu_buffer = 765890629a60
[2026-09-04 10:24:02][warning][2779555] Not a GPU map!
[2026-09-04 10:24:02][info][2779555] Copying map fd 19 to device, key size=4, value size=8, max ent=32, map_type = 2, gpu_buffer = 0
[2026-09-04 10:24:02][info][2779555] Initializing nv_gpu_shared_array_map_impl at pid 2779555
[2026-09-04 10:24:02][info][2779555] Mapped GPU memory for shared array map: 130113704296448
[2026-09-04 10:24:02][info][2779555] Copying map fd 20 to device, key size=4, value size=8, max ent=32, map_type = 1503, gpu_buffer = 765675200000
[2026-09-04 10:24:02][info][2779555] Cached shared_mem_ptr at 7658904297d8
[2026-09-04 10:24:02][info][2779555] Recorded pass /home/yunwei37/workspace/gpu/bpftime-table1-575/build-table1-575/attach/nv_attach_impl/pass/ptxpass_kprobe_entry/libptxpass_kprobe_entry.so for func fig15_map_kernel
[2026-09-04 10:24:02][info][2779555] nv_attach_impl: cached 301188 host symbols
[2026-09-04 10:24:02][info][2779555] nv_attach_impl: late attach bootstrap scanning fatbins..
[2026-09-04 10:24:02][info][2779555] nv_attach_impl: targeted late bootstrap selected 1 of 19 loaded module(s)
[2026-09-04 10:24:02][info][2779555] Temporary fatbin written to /tmp/bpftime-fatbin-work.3yMDTc/temp.fatbin
[2026-09-04 10:24:02][info][2779555] Extracting PTX in the fatbin...
[2026-09-04 10:24:02][info][2779555] Calling cuobjdump: /usr/local/cuda-12.9/bin/cuobjdump --extract-ptx all /tmp/bpftime-fatbin-work.3yMDTc/temp.fatbin
Extracting PTX file and ptxas options    1: map_bench.sm_120.ptx -arch=sm_120  --generate-line-info 
[2026-09-04 10:24:02][info][2779555] Remove extracted files..
[2026-09-04 10:24:02][info][2779555] Got 1 PTX files
[2026-09-04 10:24:02][info][2779555] Loading & patching current fatbin..
[2026-09-04 10:24:02][info][2779604] Patching PTX: map_bench.sm_120.ptx
[2026-09-04 10:24:02][info][2779604] Patching request 864b6760c4e7e2e269c5abb48fb7ede4a54c9dd6aaf3dc0351fc5b69e10c89ed not found in cache, patching..
[ptxpass] kprobe_entry_stub: matched=1, in=1760, out=3402
[2026-09-04 10:24:03][info][2779555] Using SM arch from BPFTIME_SM_ARCH: sm_120
[2026-09-04 10:24:03][info][2779555] Compiling PTXs with sm_arch sm_120
[2026-09-04 10:24:03][info][2779555] Compiler version: 12.9
[2026-09-04 10:24:03][info][2779626] Start compiling patched.map_bench.sm_120.ptx, not found in cache
[2026-09-04 10:24:03][info][2779626] Compile of patched.map_bench.sm_120.ptx done
[2026-09-04 10:24:03][info][2779555] Loading module: patched.map_bench.sm_120.ptx, not found in cache
[2026-09-04 10:24:03][info][2779555] Copying trampoline data to device
[2026-09-04 10:24:03][info][2779555] constData symbol device_ptr=765675600000 size=8 shared_mem_ptr=7658904297d8
[2026-09-04 10:24:03][info][2779555] map_info symbol device_ptr=765675600008 size=40960
[2026-09-04 10:24:03][info][2779555] Trampoline data copied
[2026-09-04 10:24:03][info][2779555] Loaded module: patched.map_bench.sm_120.ptx
[2026-09-04 10:24:03][info][2779555] nv_attach_impl: ingested fatbin from .nv_fatbin in /home/yunwei37/workspace/gpu/gpu_ext/microbench/fig15-device/.output/map-bench
[2026-09-04 10:24:03][info][2779555] nv_attach_impl: late attach bootstrap ingested 1 fatbin(s)
[2026-09-04 10:24:03][info][2779555] agent ipc: listening (abstract) for pid 2779555
[2026-09-04 10:24:03][info][2779555] Attach successfully
[2026-09-04 10:24:03][info][2779561] Exiting CUDA watcher thread
FIG15_DEVICE	NVIDIA GeForce RTX 5090	12	0	32
FIG15_MEASUREMENT	8	64	0.246943995
FIG15_CORRECT	32	0
