[2026-09-04 10:25:35][info][2784104] bpf_attach_ctx constructed
[2026-09-04 10:25:35][info][2784104] Initializing CUDA shared memory
[2026-09-04 10:25:35][info][2784104] CommSharedMem host 0x7d16c90297d8 mapped to device 0x7d16c90297d8
[2026-09-04 10:25:35][info][2784104] CUDA context created
[2026-09-04 10:25:35][info][2784104] Register attach-impl defined helper bpf_get_func_arg, index 183
[2026-09-04 10:25:35][info][2784104] Register attach-impl defined helper bpf_get_func_ret_id, index 184
[2026-09-04 10:25:35][info][2784104] Register attach-impl defined helper bpf_get_retval, index 186
[2026-09-04 10:25:35][info][2784104] Starting nv_attach_impl
[2026-09-04 10:25:35][info][2784104] Parsing bundled libraries: /home/yunwei37/workspace/gpu/bpftime-table1-575/build-table1-575/attach/nv_attach_impl/pass/ptxpass_kprobe_entry/libptxpass_kprobe_entry.so:/home/yunwei37/workspace/gpu/bpftime-table1-575/build-table1-575/attach/nv_attach_impl/pass/ptxpass_kretprobe/libptxpass_kretprobe.so:/home/yunwei37/workspace/gpu/bpftime-table1-575/build-table1-575/attach/nv_attach_impl/pass/ptxpass_kprobe_memcapture/libptxpass_kprobe_memcapture.so
[2026-09-04 10:25:35][info][2784104] Found path: /home/yunwei37/workspace/gpu/bpftime-table1-575/build-table1-575/attach/nv_attach_impl/pass/ptxpass_kprobe_entry/libptxpass_kprobe_entry.so, executing..
[2026-09-04 10:25:35][info][2784104] Retrived config of /home/yunwei37/workspace/gpu/bpftime-table1-575/build-table1-575/attach/nv_attach_impl/pass/ptxpass_kprobe_entry/libptxpass_kprobe_entry.so
[2026-09-04 10:25:35][info][2784104] Found path: /home/yunwei37/workspace/gpu/bpftime-table1-575/build-table1-575/attach/nv_attach_impl/pass/ptxpass_kretprobe/libptxpass_kretprobe.so, executing..
[2026-09-04 10:25:35][info][2784104] Retrived config of /home/yunwei37/workspace/gpu/bpftime-table1-575/build-table1-575/attach/nv_attach_impl/pass/ptxpass_kretprobe/libptxpass_kretprobe.so
[2026-09-04 10:25:35][info][2784104] Found path: /home/yunwei37/workspace/gpu/bpftime-table1-575/build-table1-575/attach/nv_attach_impl/pass/ptxpass_kprobe_memcapture/libptxpass_kprobe_memcapture.so, executing..
[2026-09-04 10:25:35][info][2784104] Retrived config of /home/yunwei37/workspace/gpu/bpftime-table1-575/build-table1-575/attach/nv_attach_impl/pass/ptxpass_kprobe_memcapture/libptxpass_kprobe_memcapture.so
[2026-09-04 10:25:35][info][2784104] Initializing agent..
[2026-09-04 10:25:35][info][2784104] bpftime: shm epoch_seq = 2
[2026-09-04 10:25:35][info][2784104] Instantiating bpf link 61 and the corresponding program cuda__host_look is cuda program
[2026-09-04 10:25:35][info][2784104] Skipping nv attach handler 61 since we are not handling nv handles
[2026-09-04 10:25:35][info][2784104] Instantiating bpf link 61 and the corresponding program cuda__host_look is cuda program
[2026-09-04 10:25:35][info][2784104] Handling link to CUDA program: 61, recording it..
[2026-09-04 10:25:35][info][2784104] Loaded 26 instructions (original) for cuda ebpf program
[2026-09-04 10:25:35][info][2784104] Initializing nv_gpu_shared_array_map_impl at pid 2784104
[2026-09-04 10:25:35][info][2784104] Mapped GPU memory for shared array map: 137527788830720
[2026-09-04 10:25:35][info][2784104] Copying map fd 17 to device, key size=4, value size=8, max ent=32, map_type = 1503, gpu_buffer = 7d14af000000
[2026-09-04 10:25:35][info][2784104] Initializing nv_gpu_shared_array_host_map_impl at pid 2784104, shared mem addr=7d16c9229a60
[2026-09-04 10:25:35][info][2784104] Mapped shared memory for GPU access: cpu=7d16c9229a60, gpu=7d16c9229a60
[2026-09-04 10:25:35][info][2784104] Copying map fd 18 to device, key size=4, value size=8, max ent=32, map_type = 1513, gpu_buffer = 7d16c9229a60
[2026-09-04 10:25:35][warning][2784104] Not a GPU map!
[2026-09-04 10:25:35][info][2784104] Copying map fd 19 to device, key size=4, value size=8, max ent=32, map_type = 2, gpu_buffer = 0
[2026-09-04 10:25:35][info][2784104] Initializing nv_gpu_shared_array_map_impl at pid 2784104
[2026-09-04 10:25:35][info][2784104] Mapped GPU memory for shared array map: 137527790927872
[2026-09-04 10:25:35][info][2784104] Copying map fd 20 to device, key size=4, value size=8, max ent=32, map_type = 1503, gpu_buffer = 7d14af200000
[2026-09-04 10:25:35][info][2784104] Cached shared_mem_ptr at 7d16c90297d8
[2026-09-04 10:25:35][info][2784104] Recorded pass /home/yunwei37/workspace/gpu/bpftime-table1-575/build-table1-575/attach/nv_attach_impl/pass/ptxpass_kprobe_entry/libptxpass_kprobe_entry.so for func fig15_map_kernel
[2026-09-04 10:25:36][info][2784104] nv_attach_impl: cached 301188 host symbols
[2026-09-04 10:25:36][info][2784104] nv_attach_impl: late attach bootstrap scanning fatbins..
[2026-09-04 10:25:36][info][2784104] nv_attach_impl: targeted late bootstrap selected 1 of 19 loaded module(s)
[2026-09-04 10:25:36][info][2784104] Temporary fatbin written to /tmp/bpftime-fatbin-work.U1Ly7g/temp.fatbin
[2026-09-04 10:25:36][info][2784104] Extracting PTX in the fatbin...
[2026-09-04 10:25:36][info][2784104] Calling cuobjdump: /usr/local/cuda-12.9/bin/cuobjdump --extract-ptx all /tmp/bpftime-fatbin-work.U1Ly7g/temp.fatbin
Extracting PTX file and ptxas options    1: map_bench.sm_120.ptx -arch=sm_120  --generate-line-info 
[2026-09-04 10:25:36][info][2784104] Remove extracted files..
[2026-09-04 10:25:36][info][2784104] Got 1 PTX files
[2026-09-04 10:25:36][info][2784104] Loading & patching current fatbin..
[2026-09-04 10:25:36][info][2784124] Patching PTX: map_bench.sm_120.ptx
[2026-09-04 10:25:36][info][2784124] Patching request 73192a9f238375b7168ca7ac31c1a719ca6b59d5be0b466eddd7522b9f9b9485 not found in cache, patching..
[ptxpass] kprobe_entry_stub: matched=1, in=1760, out=3994
[2026-09-04 10:25:36][info][2784104] Using SM arch from BPFTIME_SM_ARCH: sm_120
[2026-09-04 10:25:36][info][2784104] Compiling PTXs with sm_arch sm_120
[2026-09-04 10:25:36][info][2784104] Compiler version: 12.9
[2026-09-04 10:25:36][info][2784146] Start compiling patched.map_bench.sm_120.ptx, not found in cache
[2026-09-04 10:25:36][info][2784146] Compile of patched.map_bench.sm_120.ptx done
[2026-09-04 10:25:36][info][2784104] Loading module: patched.map_bench.sm_120.ptx, not found in cache
[2026-09-04 10:25:36][info][2784104] Copying trampoline data to device
[2026-09-04 10:25:36][info][2784104] constData symbol device_ptr=7d14af600000 size=8 shared_mem_ptr=7d16c90297d8
[2026-09-04 10:25:36][info][2784104] map_info symbol device_ptr=7d14af600008 size=40960
[2026-09-04 10:25:36][info][2784104] Trampoline data copied
[2026-09-04 10:25:36][info][2784104] Loaded module: patched.map_bench.sm_120.ptx
[2026-09-04 10:25:36][info][2784104] nv_attach_impl: ingested fatbin from .nv_fatbin in /home/yunwei37/workspace/gpu/gpu_ext/microbench/fig15-device/.output/map-bench
[2026-09-04 10:25:36][info][2784104] nv_attach_impl: late attach bootstrap ingested 1 fatbin(s)
[2026-09-04 10:25:36][info][2784104] agent ipc: listening (abstract) for pid 2784104
[2026-09-04 10:25:36][info][2784104] Attach successfully
[2026-09-04 10:25:36][info][2784111] Exiting CUDA watcher thread
FIG15_DEVICE	NVIDIA GeForce RTX 5090	12	0	32
FIG15_MEASUREMENT	8	64	0.267071992
FIG15_CORRECT	32	0
