[2026-09-08 16:47:48][warning][3744464] Calling original ioctl: 8 3223340586 140725298119776
[2026-09-08 16:47:48][warning][3744464] Calling original ioctl: 8 3223340586 140725298119792
[2026-09-08 16:47:48][warning][3744464] Calling original ioctl: 8 3223340586 140725298119840
[2026-09-08 16:47:48][warning][3744464] Calling original ioctl: 9 25 140725298124160
[2026-09-08 16:47:48][warning][3744464] Calling original ioctl: 8 3224389163 140725298121424
[2026-09-08 16:47:48][warning][3744464] Calling original ioctl: 9 73 140725298120608
[2026-09-08 16:47:48][warning][3744464] Calling original ioctl: 9 33 140725298111376
[2026-09-08 16:47:48][warning][3744464] Calling original ioctl: 8 3224389163 140725298121104
[2026-09-08 16:47:48][warning][3744464] Calling original ioctl: 9 73 140725298120288
[2026-09-08 16:47:48][warning][3744464] Calling original ioctl: 9 33 140725298111056
[2026-09-08 16:47:48][warning][3744464] Calling original ioctl: 8 3224389163 140725298121104
[2026-09-08 16:47:48][warning][3744464] Calling original ioctl: 9 73 140725298120288
[2026-09-08 16:47:48][warning][3744464] Calling original ioctl: 9 33 140725298111056
[2026-09-08 16:47:48][warning][3744464] Calling original ioctl: 8 3224389163 140725298121600
[2026-09-08 16:47:48][warning][3744464] Calling original ioctl: 9 73 140725298120784
[2026-09-08 16:47:48][warning][3744464] Calling original ioctl: 9 33 140725298111552
[2026-09-08 16:47:48][warning][3744464] Calling original ioctl: 8 3224389163 140725298123280
[2026-09-08 16:47:48][warning][3744464] Calling original ioctl: 8 3224389163 140725298123264
[2026-09-08 16:47:48][warning][3744464] Calling original ioctl: 8 3224389163 140725298119504
[2026-09-08 16:47:48][warning][3744464] Calling original ioctl: 8 3223340586 140725298115088
[2026-09-08 16:47:48][warning][3744464] Calling original ioctl: 8 3224913486 140725298119632
[2026-09-08 16:47:48][warning][3744464] Calling original ioctl: 8 3223864926 140725298119584
[2026-09-08 16:47:48][warning][3744464] Calling original ioctl: 9 73 140725298118688
[2026-09-08 16:47:48][warning][3744464] Calling original ioctl: 9 33 140725298109456
[2026-09-08 16:47:48][warning][3744464] Calling original ioctl: 8 3224389163 140725298119040
[2026-09-08 16:47:48][warning][3744464] Calling original ioctl: 8 3223340586 140725298114624
[2026-09-08 16:47:48][warning][3744464] Calling original ioctl: 8 3224913486 140725298119168
[2026-09-08 16:47:48][warning][3744464] Calling original ioctl: 9 73 140725298118224
[2026-09-08 16:47:48][warning][3744464] Calling original ioctl: 9 33 140725298108992
[2026-09-08 16:47:48][warning][3744464] Calling original ioctl: 8 3224389163 140725298119888
[2026-09-08 16:47:48][warning][3744464] Calling original ioctl: 8 3223340586 140725298115472
[2026-09-08 16:47:48][warning][3744464] Calling original ioctl: 8 3224913486 140725298120016
[2026-09-08 16:47:48][warning][3744464] Calling original ioctl: 8 3224389163 140725298121744
[2026-09-08 16:47:48][warning][3744464] Calling original ioctl: 8 3223340586 140725298117776
[2026-09-08 16:47:48][warning][3744464] Calling original ioctl: 8 3224389163 140725298122032
[2026-09-08 16:47:48][warning][3744464] Calling original ioctl: 8 3223340586 140725298117712
[2026-09-08 16:47:48][warning][3744464] Calling original ioctl: 8 3224389163 140725298122032
[2026-09-08 16:47:48][warning][3744464] Calling original ioctl: 8 3223340586 140725298117712
[2026-09-08 16:47:48][warning][3744464] Calling original ioctl: 8 3223340586 140725298117792
[2026-09-08 16:47:48][warning][3744464] Calling original ioctl: 8 3223340586 140725298117792
[2026-09-08 16:47:48][warning][3744464] Calling original ioctl: 8 3224389163 140725298120688
[2026-09-08 16:47:48][warning][3744464] Calling original ioctl: 8 3223340586 140725298116272
[2026-09-08 16:47:48][warning][3744464] Calling original ioctl: 8 3224913486 140725298120816
[2026-09-08 16:47:48][warning][3744464] Calling original ioctl: 9 73 140725298119872
[2026-09-08 16:47:48][warning][3744464] Calling original ioctl: 9 33 140725298110640
[2026-09-08 16:47:48][warning][3744464] Calling original ioctl: 8 3224389163 140725298119888
[2026-09-08 16:47:48][warning][3744464] Calling original ioctl: 8 3223340586 140725298115472
[2026-09-08 16:47:48][warning][3744464] Calling original ioctl: 8 3224913486 140725298120016
[2026-09-08 16:47:48][warning][3744464] Calling original ioctl: 8 3224389163 140725298121744
[2026-09-08 16:47:48][warning][3744464] Calling original ioctl: 8 3223340586 140725298117776
[2026-09-08 16:47:48][warning][3744464] Calling original ioctl: 8 3224389163 140725298122032
[2026-09-08 16:47:48][warning][3744464] Calling original ioctl: 8 3223340586 140725298117712
[2026-09-08 16:47:48][warning][3744464] Calling original ioctl: 8 3223340586 140725298117792
[2026-09-08 16:47:48][warning][3744464] Calling original ioctl: 8 3223340586 140725298117792
[2026-09-08 16:47:48][warning][3744464] Calling original ioctl: 8 3224389163 140725298119888
[2026-09-08 16:47:48][warning][3744464] Calling original ioctl: 8 3223340586 140725298115472
[2026-09-08 16:47:48][warning][3744464] Calling original ioctl: 8 3224913486 140725298120016
[2026-09-08 16:47:48][warning][3744464] Calling original ioctl: 8 3224389163 140725298121744
[2026-09-08 16:47:48][warning][3744464] Calling original ioctl: 8 3223340586 140725298117776
[2026-09-08 16:47:48][warning][3744464] Calling original ioctl: 8 3224389163 140725298122032
[2026-09-08 16:47:48][warning][3744464] Calling original ioctl: 8 3223340586 140725298117712
[2026-09-08 16:47:48][warning][3744464] Calling original ioctl: 8 3224389163 140725298122032
[2026-09-08 16:47:48][warning][3744464] Calling original ioctl: 8 3223340586 140725298117712
[2026-09-08 16:47:48][warning][3744464] Calling original ioctl: 8 3223340586 140725298117792
[2026-09-08 16:47:48][warning][3744464] Calling original ioctl: 8 3223340586 140725298117792
[2026-09-08 16:47:48][warning][3744464] Calling original ioctl: 8 3224389163 140725298119888
[2026-09-08 16:47:48][warning][3744464] Calling original ioctl: 8 3223340586 140725298115472
[2026-09-08 16:47:48][warning][3744464] Calling original ioctl: 8 3224913486 140725298120016
[2026-09-08 16:47:48][warning][3744464] Calling original ioctl: 8 3224389163 140725298121744
[2026-09-08 16:47:48][warning][3744464] Calling original ioctl: 8 3223340586 140725298117776
[2026-09-08 16:47:48][warning][3744464] Calling original ioctl: 8 3224389163 140725298122032
[2026-09-08 16:47:48][warning][3744464] Calling original ioctl: 8 3223340586 140725298117712
[2026-09-08 16:47:48][warning][3744464] Calling original ioctl: 8 3223340586 140725298117792
[2026-09-08 16:47:48][warning][3744464] Calling original ioctl: 8 3223340586 140725298117792
[2026-09-08 16:47:48][warning][3744464] Calling original ioctl: 8 3224389163 140725298119888
[2026-09-08 16:47:48][warning][3744464] Calling original ioctl: 8 3223340586 140725298115472
[2026-09-08 16:47:48][warning][3744464] Calling original ioctl: 8 3224913486 140725298120016
[2026-09-08 16:47:48][warning][3744464] Calling original ioctl: 8 3224389163 140725298121744
[2026-09-08 16:47:48][warning][3744464] Calling original ioctl: 8 3223340586 140725298117776
[2026-09-08 16:47:48][warning][3744464] Calling original ioctl: 8 3224389163 140725298122032
[2026-09-08 16:47:48][warning][3744464] Calling original ioctl: 8 3223340586 140725298117712
[2026-09-08 16:47:48][warning][3744464] Calling original ioctl: 8 3224389163 140725298122032
[2026-09-08 16:47:48][warning][3744464] Calling original ioctl: 8 3223340586 140725298117712
[2026-09-08 16:47:48][warning][3744464] Calling original ioctl: 8 3223340586 140725298117792
[2026-09-08 16:47:48][warning][3744464] Calling original ioctl: 8 3223340586 140725298117792
[2026-09-08 16:47:48][warning][3744464] Calling original ioctl: 8 3224389163 140725298119888
[2026-09-08 16:47:48][warning][3744464] Calling original ioctl: 8 3223340586 140725298115472
[2026-09-08 16:47:48][warning][3744464] Calling original ioctl: 8 3224913486 140725298120016
[2026-09-08 16:47:48][warning][3744464] Calling original ioctl: 8 3224389163 140725298121744
[2026-09-08 16:47:48][warning][3744464] Calling original ioctl: 8 3223340586 140725298117776
[2026-09-08 16:47:48][warning][3744464] Calling original ioctl: 8 3224389163 140725298122032
[2026-09-08 16:47:48][warning][3744464] Calling original ioctl: 8 3223340586 140725298117712
[2026-09-08 16:47:48][warning][3744464] Calling original ioctl: 8 3223340586 140725298117792
[2026-09-08 16:47:48][warning][3744464] Calling original ioctl: 8 3223340586 140725298117792
[2026-09-08 16:47:48][warning][3744464] Calling original ioctl: 8 3224389163 140725298119888
[2026-09-08 16:47:48][warning][3744464] Calling original ioctl: 8 3223340586 140725298115472
[2026-09-08 16:47:48][warning][3744464] Calling original ioctl: 8 3224913486 140725298120016
[2026-09-08 16:47:48][warning][3744464] Calling original ioctl: 8 3224389163 140725298121744
[2026-09-08 16:47:48][warning][3744464] Calling original ioctl: 8 3223340586 140725298117776
[2026-09-08 16:47:48][warning][3744464] Calling original ioctl: 8 3224389163 140725298122032
[2026-09-08 16:47:48][warning][3744464] Calling original ioctl: 8 3223340586 140725298117712
[2026-09-08 16:47:48][warning][3744464] Calling original ioctl: 8 3224389163 140725298122032
[2026-09-08 16:47:48][warning][3744464] Calling original ioctl: 8 3223340586 140725298117712
[2026-09-08 16:47:48][warning][3744464] Calling original ioctl: 8 3223340586 140725298117792
[2026-09-08 16:47:48][warning][3744464] Calling original ioctl: 8 3223340586 140725298117792
[2026-09-08 16:47:48][warning][3744464] Calling original ioctl: 8 3224389163 140725298119888
[2026-09-08 16:47:48][warning][3744464] Calling original ioctl: 8 3223340586 140725298115472
[2026-09-08 16:47:48][warning][3744464] Calling original ioctl: 8 3224913486 140725298120016
[2026-09-08 16:47:48][warning][3744464] Calling original ioctl: 8 3224389163 140725298121744
[2026-09-08 16:47:48][warning][3744464] Calling original ioctl: 8 3223340586 140725298117776
[2026-09-08 16:47:48][warning][3744464] Calling original ioctl: 8 3224389163 140725298122032
[2026-09-08 16:47:48][warning][3744464] Calling original ioctl: 8 3223340586 140725298117712
[2026-09-08 16:47:48][warning][3744464] Calling original ioctl: 8 3223340586 140725298117792
[2026-09-08 16:47:48][warning][3744464] Calling original ioctl: 8 3223340586 140725298117792
[2026-09-08 16:47:48][warning][3744464] Calling original ioctl: 9 27 140725298123712
[2026-09-08 16:47:48][warning][3744464] Calling original ioctl: 9 27 140725298123712
[2026-09-08 16:47:48][warning][3744464] Calling original ioctl: 9 27 140725298123712
[2026-09-08 16:47:48][warning][3744464] Calling original ioctl: 9 27 140725298123712
[2026-09-08 16:47:48][warning][3744464] Calling original ioctl: 9 27 140725298123712
[2026-09-08 16:47:48][warning][3744464] Calling original ioctl: 9 27 140725298123712
[2026-09-08 16:47:48][warning][3744464] Calling original ioctl: 9 27 140725298123712
[2026-09-08 16:47:48][warning][3744464] Calling original ioctl: 9 27 140725298123712
[2026-09-08 16:47:48][warning][3744464] Calling original ioctl: 8 3223340586 140725298119376
[2026-09-08 16:47:48][warning][3744464] Calling original ioctl: 17 3221505737 140725298123472
[2026-09-08 16:47:48][warning][3744464] Calling original ioctl: 17 3222292174 140725298123456
[2026-09-08 16:47:48][warning][3744464] Calling original ioctl: 17 3224389163 140725298123440
[2026-09-08 16:47:48][warning][3744464] Calling original ioctl: 8 3224389163 140725298123280
[2026-09-08 16:47:48][warning][3744464] Calling original ioctl: 8 3224389163 140725298119888
[2026-09-08 16:47:48][warning][3744464] Calling original ioctl: 8 3223340586 140725298115472
[2026-09-08 16:47:48][warning][3744464] Calling original ioctl: 8 3224913486 140725298120016
[2026-09-08 16:47:48][warning][3744464] Calling original ioctl: 8 3224389163 140725298121744
[2026-09-08 16:47:48][warning][3744464] Calling original ioctl: 8 3223340586 140725298117776
[2026-09-08 16:47:48][warning][3744464] Calling original ioctl: 8 3224389163 140725298122032
[2026-09-08 16:47:48][warning][3744464] Calling original ioctl: 8 3223340586 140725298117712
[2026-09-08 16:47:48][warning][3744464] Calling original ioctl: 8 3223340586 140725298117792
[2026-09-08 16:47:48][warning][3744464] Calling original ioctl: 8 3224389163 140725298119888
[2026-09-08 16:47:48][warning][3744464] Calling original ioctl: 8 3223340586 140725298115472
[2026-09-08 16:47:48][warning][3744464] Calling original ioctl: 8 3224913486 140725298120016
[2026-09-08 16:47:48][warning][3744464] Calling original ioctl: 8 3224389163 140725298121744
[2026-09-08 16:47:48][warning][3744464] Calling original ioctl: 8 3223340586 140725298117776
[2026-09-08 16:47:48][warning][3744464] Calling original ioctl: 8 3224389163 140725298122032
[2026-09-08 16:47:48][warning][3744464] Calling original ioctl: 8 3223340586 140725298117712
[2026-09-08 16:47:48][warning][3744464] Calling original ioctl: 8 3223340586 140725298117792
[2026-09-08 16:47:48][warning][3744464] Calling original ioctl: 8 3224389163 140725298119888
[2026-09-08 16:47:48][warning][3744464] Calling original ioctl: 8 3223340586 140725298115472
[2026-09-08 16:47:48][warning][3744464] Calling original ioctl: 8 3224913486 140725298120016
[2026-09-08 16:47:48][warning][3744464] Calling original ioctl: 8 3224389163 140725298121744
[2026-09-08 16:47:48][warning][3744464] Calling original ioctl: 8 3223340586 140725298117776
[2026-09-08 16:47:48][warning][3744464] Calling original ioctl: 8 3224389163 140725298122032
[2026-09-08 16:47:48][warning][3744464] Calling original ioctl: 8 3223340586 140725298117712
[2026-09-08 16:47:48][warning][3744464] Calling original ioctl: 8 3223340586 140725298117792
[2026-09-08 16:47:48][warning][3744464] Calling original ioctl: 8 3224389163 140725298119888
[2026-09-08 16:47:48][warning][3744464] Calling original ioctl: 8 3223340586 140725298115472
[2026-09-08 16:47:48][warning][3744464] Calling original ioctl: 8 3224913486 140725298120016
[2026-09-08 16:47:48][warning][3744464] Calling original ioctl: 8 3224389163 140725298121744
[2026-09-08 16:47:48][warning][3744464] Calling original ioctl: 8 3223340586 140725298117776
[2026-09-08 16:47:48][warning][3744464] Calling original ioctl: 8 3224389163 140725298122032
[2026-09-08 16:47:48][warning][3744464] Calling original ioctl: 8 3223340586 140725298117712
[2026-09-08 16:47:48][warning][3744464] Calling original ioctl: 8 3223340586 140725298117792
[2026-09-08 16:47:48][warning][3744464] Calling original ioctl: 9 27 140725298123712
[2026-09-08 16:47:48][warning][3744464] Calling original ioctl: 9 27 140725298123712
[2026-09-08 16:47:48][warning][3744464] Calling original ioctl: 9 27 140725298123712
[2026-09-08 16:47:48][warning][3744464] Calling original ioctl: 9 27 140725298123712
[2026-09-08 16:47:48][warning][3744464] Calling original ioctl: 8 3223340586 140725298119376
[2026-09-08 16:47:48][warning][3744464] Calling original ioctl: 19 3221505737 140725298123472
[2026-09-08 16:47:48][warning][3744464] Calling original ioctl: 19 3222292174 140725298123456
[2026-09-08 16:47:48][warning][3744464] Calling original ioctl: 19 3224389163 140725298123440
[2026-09-08 16:47:48][warning][3744464] Calling original ioctl: 8 3224389163 140725298123280
[2026-09-08 16:47:48][warning][3744464] Calling original ioctl: 8 3224389163 140725298119888
[2026-09-08 16:47:48][warning][3744464] Calling original ioctl: 8 3223340586 140725298115472
[2026-09-08 16:47:48][warning][3744464] Calling original ioctl: 8 3224913486 140725298120016
[2026-09-08 16:47:48][warning][3744464] Calling original ioctl: 8 3224389163 140725298121744
[2026-09-08 16:47:48][warning][3744464] Calling original ioctl: 8 3223340586 140725298117776
[2026-09-08 16:47:48][warning][3744464] Calling original ioctl: 8 3224389163 140725298122032
[2026-09-08 16:47:48][warning][3744464] Calling original ioctl: 8 3223340586 140725298117712
[2026-09-08 16:47:48][warning][3744464] Calling original ioctl: 8 3223340586 140725298117792
[2026-09-08 16:47:48][warning][3744464] Calling original ioctl: 8 3224389163 140725298119888
[2026-09-08 16:47:48][warning][3744464] Calling original ioctl: 8 3223340586 140725298115472
[2026-09-08 16:47:48][warning][3744464] Calling original ioctl: 8 3224913486 140725298120016
[2026-09-08 16:47:48][warning][3744464] Calling original ioctl: 8 3224389163 140725298121744
[2026-09-08 16:47:48][warning][3744464] Calling original ioctl: 8 3223340586 140725298117776
[2026-09-08 16:47:48][warning][3744464] Calling original ioctl: 8 3224389163 140725298122032
[2026-09-08 16:47:48][warning][3744464] Calling original ioctl: 8 3223340586 140725298117712
[2026-09-08 16:47:48][warning][3744464] Calling original ioctl: 8 3223340586 140725298117792
[2026-09-08 16:47:48][warning][3744464] Calling original ioctl: 8 3224389163 140725298119888
[2026-09-08 16:47:48][warning][3744464] Calling original ioctl: 8 3223340586 140725298115472
[2026-09-08 16:47:48][warning][3744464] Calling original ioctl: 8 3224913486 140725298120016
[2026-09-08 16:47:48][warning][3744464] Calling original ioctl: 8 3224389163 140725298121744
[2026-09-08 16:47:48][warning][3744464] Calling original ioctl: 8 3223340586 140725298117776
[2026-09-08 16:47:48][warning][3744464] Calling original ioctl: 8 3224389163 140725298122032
[2026-09-08 16:47:48][warning][3744464] Calling original ioctl: 8 3223340586 140725298117712
[2026-09-08 16:47:48][warning][3744464] Calling original ioctl: 8 3223340586 140725298117792
[2026-09-08 16:47:48][warning][3744464] Calling original ioctl: 8 3224389163 140725298119888
[2026-09-08 16:47:48][warning][3744464] Calling original ioctl: 8 3223340586 140725298115472
[2026-09-08 16:47:48][warning][3744464] Calling original ioctl: 8 3224913486 140725298120016
[2026-09-08 16:47:48][warning][3744464] Calling original ioctl: 8 3224389163 140725298121744
[2026-09-08 16:47:48][warning][3744464] Calling original ioctl: 8 3223340586 140725298117776
[2026-09-08 16:47:48][warning][3744464] Calling original ioctl: 8 3224389163 140725298122032
[2026-09-08 16:47:48][warning][3744464] Calling original ioctl: 8 3223340586 140725298117712
[2026-09-08 16:47:48][warning][3744464] Calling original ioctl: 8 3223340586 140725298117792
[2026-09-08 16:47:48][warning][3744464] Calling original ioctl: 9 27 140725298123712
[2026-09-08 16:47:48][warning][3744464] Calling original ioctl: 9 27 140725298123712
[2026-09-08 16:47:48][warning][3744464] Calling original ioctl: 9 27 140725298123712
[2026-09-08 16:47:48][warning][3744464] Calling original ioctl: 9 27 140725298123712
[2026-09-08 16:47:48][warning][3744464] Calling original ioctl: 8 3223340586 140725298119376
[2026-09-08 16:47:48][warning][3744464] Calling original ioctl: 21 3221505737 140725298123472
[2026-09-08 16:47:48][warning][3744464] Calling original ioctl: 21 3222292174 140725298123456
[2026-09-08 16:47:48][warning][3744464] Calling original ioctl: 21 3224389163 140725298123440
[2026-09-08 16:47:48][warning][3744464] Calling original ioctl: 8 3224389163 140725298120912
[2026-09-08 16:47:48][warning][3744464] Calling original ioctl: 8 3223340586 140725298116496
[2026-09-08 16:47:48][warning][3744464] Calling original ioctl: 8 3224913486 140725298121040
[2026-09-08 16:47:48][warning][3744464] Calling original ioctl: 9 73 140725298120096
[2026-09-08 16:47:48][warning][3744464] Calling original ioctl: 9 33 140725298110864
[2026-09-08 16:47:48][warning][3744464] Calling original ioctl: 8 3224389163 140725298121216
[2026-09-08 16:47:48][warning][3744464] Calling original ioctl: 9 73 140725298120400
[2026-09-08 16:47:48][warning][3744464] Calling original ioctl: 9 33 140725298111168
[2026-09-08 16:47:48][warning][3744464] Calling original ioctl: 9 68 140725298110560
[2026-09-08 16:47:48][warning][3744464] Calling original ioctl: 9 72 140725298119664
[2026-09-08 16:47:48][warning][3744464] Calling original ioctl: 9 23 140725298124016
[2026-09-08 16:47:48][warning][3744464] Calling original ioctl: 9 23 140725298124016
[2026-09-08 16:47:48][warning][3744464] Calling original ioctl: 9 23 140725298124016
[2026-09-08 16:47:48][warning][3744464] Calling original ioctl: 9 23 140725298124016
[2026-09-08 16:47:48][warning][3744464] Calling original ioctl: 8 3224389163 140725298121216
[2026-09-08 16:47:48][warning][3744464] Calling original ioctl: 9 73 140725298120400
[2026-09-08 16:47:48][warning][3744464] Calling original ioctl: 9 33 140725298111168
[2026-09-08 16:47:48][warning][3744464] Calling original ioctl: 9 23 140725298124016
[2026-09-08 16:47:48][warning][3744464] Calling original ioctl: 9 23 140725298124016
[2026-09-08 16:47:48][warning][3744464] Calling original ioctl: 9 23 140725298124016
[2026-09-08 16:47:48][warning][3744464] Calling original ioctl: 8 3224389163 140725298120640
[2026-09-08 16:47:48][warning][3744464] Calling original ioctl: 8 3223340586 140725298116224
[2026-09-08 16:47:48][warning][3744464] Calling original ioctl: 8 3224913486 140725298120768
[2026-09-08 16:47:48][warning][3744464] Calling original ioctl: 9 73 140725298119824
[2026-09-08 16:47:48][warning][3744464] Calling original ioctl: 9 33 140725298110592
[2026-09-08 16:47:48][warning][3744464] Calling original ioctl: 12 3224913447 140725298120624
[2026-09-08 16:47:48][warning][3744464] Calling original ioctl: 9 73 140725298119824
[2026-09-08 16:47:48][warning][3744464] Calling original ioctl: 9 33 140725298110592
[2026-09-08 16:47:48][warning][3744464] Calling original ioctl: 8 3224389163 140725298121504
[2026-09-08 16:47:48][warning][3744464] Calling original ioctl: 9 73 140725298120688
[2026-09-08 16:47:48][warning][3744464] Calling original ioctl: 9 33 140725298111456
[2026-09-08 16:47:48][warning][3744464] Calling original ioctl: 12 3224913447 140725298120880
[2026-09-08 16:47:48][warning][3744464] Calling original ioctl: 9 73 140725298120080
[2026-09-08 16:47:48][warning][3744464] Calling original ioctl: 9 33 140725298110848
[2026-09-08 16:47:48][warning][3744464] Calling original ioctl: 8 3224389163 140725298120896
[2026-09-08 16:47:48][warning][3744464] Calling original ioctl: 9 73 140725298120080
[2026-09-08 16:47:48][warning][3744464] Calling original ioctl: 9 33 140725298110848
[2026-09-08 16:47:48][warning][3744464] Calling original ioctl: 9 65 140725298121168
[2026-09-08 16:47:48][warning][3744464] Calling original ioctl: 12 3224913447 140725298121984
[2026-09-08 16:47:48][warning][3744464] Calling original ioctl: 9 73 140725298121184
[2026-09-08 16:47:48][warning][3744464] Calling original ioctl: 9 33 140725298111952
[2026-09-08 16:47:48][warning][3744464] Calling original ioctl: 8 3224389163 140725298122000
[2026-09-08 16:47:48][warning][3744464] Calling original ioctl: 9 73 140725298121184
[2026-09-08 16:47:48][warning][3744464] Calling original ioctl: 9 33 140725298111952
[2026-09-08 16:47:48][warning][3744464] Calling original ioctl: 8 3224389163 140725298121568
[2026-09-08 16:47:48][warning][3744464] Calling original ioctl: 8 3223340586 140725298117152
[2026-09-08 16:47:48][warning][3744464] Calling original ioctl: 8 3224913486 140725298121696
[2026-09-08 16:47:48][warning][3744464] Calling original ioctl: 9 73 140725298120752
[2026-09-08 16:47:48][warning][3744464] Calling original ioctl: 9 33 140725298111520
[2026-09-08 16:47:48][warning][3744464] Calling original ioctl: 8 3224389163 140725298119280
[2026-09-08 16:47:48][warning][3744464] Calling original ioctl: 9 73 140725298118464
[2026-09-08 16:47:48][warning][3744464] Calling original ioctl: 9 33 140725298109232
[2026-09-08 16:47:48][warning][3744464] Calling original ioctl: 8 3224389163 140725298119200
[2026-09-08 16:47:48][warning][3744464] Calling original ioctl: 9 73 140725298118384
[2026-09-08 16:47:48][warning][3744464] Calling original ioctl: 9 33 140725298109152
[2026-09-08 16:47:48][warning][3744464] Calling original ioctl: 8 3224389163 140725298119200
[2026-09-08 16:47:48][warning][3744464] Calling original ioctl: 9 73 140725298118384
[2026-09-08 16:47:48][warning][3744464] Calling original ioctl: 9 33 140725298109152
[2026-09-08 16:47:48][warning][3744464] Calling original ioctl: 12 3224913447 140725298121536
[2026-09-08 16:47:48][warning][3744464] Calling original ioctl: 9 73 140725298120736
[2026-09-08 16:47:48][warning][3744464] Calling original ioctl: 9 33 140725298111504
[2026-09-08 16:47:48][warning][3744464] Calling original ioctl: 8 3224389163 140725298124144
[2026-09-08 16:47:48][warning][3744464] Calling original ioctl: 8 3224389163 140725298121040
[2026-09-08 16:47:48][warning][3744464] Calling original ioctl: 8 3223340586 140725298116624
[2026-09-08 16:47:48][warning][3744464] Calling original ioctl: 8 3224913486 140725298121168
[2026-09-08 16:47:48][warning][3744464] Calling original ioctl: 9 73 140725298120224
[2026-09-08 16:47:48][warning][3744464] Calling original ioctl: 9 33 140725298110992
[2026-09-08 16:47:48][warning][3744464] Calling original ioctl: 8 3224389163 140725298121360
[2026-09-08 16:47:48][warning][3744464] Calling original ioctl: 9 73 140725298120544
[2026-09-08 16:47:48][warning][3744464] Calling original ioctl: 9 33 140725298111312
[2026-09-08 16:47:48][warning][3744464] Calling original ioctl: 8 3224389163 140725298121360
[2026-09-08 16:47:48][warning][3744464] Calling original ioctl: 9 73 140725298120544
[2026-09-08 16:47:48][warning][3744464] Calling original ioctl: 9 33 140725298111312
[2026-09-08 16:47:48][warning][3744464] Calling original ioctl: 24 3221505737 140725298123808
[2026-09-08 16:47:48][warning][3744464] Calling original ioctl: 24 3222292174 140725298123792
[2026-09-08 16:47:48][warning][3744464] Calling original ioctl: 24 3224389163 140725298123776
[2026-09-08 16:47:48][warning][3744464] Calling original ioctl: 26 3221505737 140725298123808
[2026-09-08 16:47:48][warning][3744464] Calling original ioctl: 26 3222292174 140725298123792
[2026-09-08 16:47:48][warning][3744464] Calling original ioctl: 26 3224389163 140725298123776
[2026-09-08 16:47:48][warning][3744464] Calling original ioctl: 28 3221505737 140725298123808
[2026-09-08 16:47:48][warning][3744464] Calling original ioctl: 28 3222292174 140725298123792
[2026-09-08 16:47:48][warning][3744464] Calling original ioctl: 28 3224389163 140725298123776
[2026-09-08 16:47:48][warning][3744464] Calling original ioctl: 30 3221505737 140725298123808
[2026-09-08 16:47:48][warning][3744464] Calling original ioctl: 30 3222292174 140725298123792
[2026-09-08 16:47:48][warning][3744464] Calling original ioctl: 30 3224389163 140725298123776
[2026-09-08 16:47:48][warning][3744464] Calling original ioctl: 8 3223340586 140725298119520
[2026-09-08 16:47:48][warning][3744464] Calling original ioctl: 8 3223340586 140725298119696
[2026-09-08 16:47:48][warning][3744464] Calling original ioctl: 8 3223340586 140725298119856
[2026-09-08 16:47:48][warning][3744464] Calling original ioctl: 8 3224389163 140725298121328
[2026-09-08 16:47:48][warning][3744464] Calling original ioctl: 9 73 140725298120512
[2026-09-08 16:47:48][warning][3744464] Calling original ioctl: 9 33 140725298111280
[2026-09-08 16:47:48][warning][3744464] Calling original ioctl: 8 3223340586 140725298119856
libbpf: loading object 'full_record_device_buffer_bpf' from buffer
libbpf: elf: section(3) kretprobe/_Z9rope_normILb1ELb0Ef6__halfEvPKT1_PT2_iiiiiPKifff14rope_corr_dimsfPKfPKli, size 1168, link 0, flags 6, type=1
libbpf: sec 'kretprobe/_Z9rope_normILb1ELb0Ef6__halfEvPKT1_PT2_iiiiiPKifff14rope_corr_dimsfPKfPKli': found program 'cuda__retprobe' at insn offset 0 (0 bytes), code size 146 insns (1168 bytes)
libbpf: elf: section(4) .relkretprobe/_Z9rope_normILb1ELb0Ef6__halfEvPKT1_PT2_iiiiiPKifff14rope_corr_dimsfPKfPKli, size 32, link 26, flags 40, type=9
libbpf: elf: section(5) .maps, size 32, link 0, flags 3, type=1
libbpf: elf: section(6) license, size 4, link 0, flags 3, type=1
libbpf: license of full_record_device_buffer_bpf is GPL
libbpf: elf: section(16) .BTF, size 2529, link 0, flags 0, type=1
libbpf: elf: section(18) .BTF.ext, size 960, link 0, flags 0, type=1
libbpf: elf: section(26) .symtab, size 432, link 1, flags 0, type=2
libbpf: looking for externs among 18 symbols...
libbpf: collected 0 externs total
libbpf: map 'arena': at sec_idx 5, offset 0.
libbpf: map 'arena': found type = 1503.
libbpf: map 'arena': found key [8], sz = 4.
libbpf: map 'arena': found value [12], sz = 335675408.
libbpf: map 'arena': found max_entries = 32.
libbpf: sec '.relkretprobe/_Z9rope_normILb1ELb0Ef6__halfEvPKT1_PT2_iiiiiPKifff14rope_corr_dimsfPKfPKli': collecting relocation for section(3) 'kretprobe/_Z9rope_normILb1ELb0Ef6__halfEvPKT1_PT2_iiiiiPKifff14rope_corr_dimsfPKfPKli'
libbpf: sec '.relkretprobe/_Z9rope_normILb1ELb0Ef6__halfEvPKT1_PT2_iiiiiPKifff14rope_corr_dimsfPKfPKli': relo #0: insn #71 against 'arena'
libbpf: prog 'cuda__retprobe': found map 0 (arena, sec 5, off 0) for insn #71
libbpf: sec '.relkretprobe/_Z9rope_normILb1ELb0Ef6__halfEvPKT1_PT2_iiiiiPKifff14rope_corr_dimsfPKfPKli': relo #1: insn #85 against 'arena'
libbpf: prog 'cuda__retprobe': found map 0 (arena, sec 5, off 0) for insn #85
libbpf: object 'full_record_dev': failed (-EACCES) to open BPF FS mount at '/sys/fs/bpf', skipping optional step...
libbpf: Kernel doesn't support BTF, skipping uploading it.
libbpf: map 'arena': created successfully, fd=34
Full-record bank count: 32
Full-record slots per bank: 16384
Full-record total slots: 524288
Full-record records per slot: 256
Full-record record bytes: 80
Full-record value bytes (per bank): 335675408
Full-record probe attached; waiting for SIGINT
[2026-09-08 16:48:03][warning][3744567] Calling original ioctl: 8 3223340586 133061140260464
[2026-09-08 16:48:49][warning][3744464] Calling original ioctl: 8 3223340586 140725298114688
Full-record drain bytes: 10741613056
Full-record drain time ns: 1471606020
Full-record committed records: 23068672
Full-record active slots: 524288
Full-record overflow records: 0
Full-record out-of-range threads: 0
Full-record nonzero timestamps: 23068672
[2026-09-08 16:48:50][warning][3744464] Calling original ioctl: 9 34 140725298124640
[2026-09-08 16:48:50][warning][3744464] Calling original ioctl: 8 3222292009 140725298124800
[2026-09-08 16:48:50][warning][3744464] Calling original ioctl: 9 34 140725298125456
[2026-09-08 16:48:50][warning][3744464] Calling original ioctl: 8 3222292009 140725298125616
[2026-09-08 16:48:50][warning][3744464] Calling original ioctl: 9 34 140725298125456
[2026-09-08 16:48:50][warning][3744464] Calling original ioctl: 8 3222292009 140725298125616
[2026-09-08 16:48:50][warning][3744464] Calling original ioctl: 8 3222292009 140725298126336
[2026-09-08 16:48:50][warning][3744464] Calling original ioctl: 26 3222292175 140725298126352
[2026-09-08 16:48:50][warning][3744464] Calling original ioctl: 8 3222292009 140725298126336
[2026-09-08 16:48:50][warning][3744464] Calling original ioctl: 28 3222292175 140725298126352
[2026-09-08 16:48:50][warning][3744464] Calling original ioctl: 8 3222292009 140725298126336
[2026-09-08 16:48:50][warning][3744464] Calling original ioctl: 24 3222292175 140725298126352
[2026-09-08 16:48:50][warning][3744464] Calling original ioctl: 8 3222292009 140725298126336
[2026-09-08 16:48:50][warning][3744464] Calling original ioctl: 30 3222292175 140725298126352
[2026-09-08 16:48:50][warning][3744464] Calling original ioctl: 9 34 140725298125360
[2026-09-08 16:48:50][warning][3744464] Calling original ioctl: 8 3222292009 140725298125520
[2026-09-08 16:48:50][warning][3744464] Calling original ioctl: 9 34 140725298125360
[2026-09-08 16:48:50][warning][3744464] Calling original ioctl: 8 3222292009 140725298125520
[2026-09-08 16:48:50][warning][3744464] Calling original ioctl: 9 34 140725298125488
[2026-09-08 16:48:50][warning][3744464] Calling original ioctl: 8 3223340623 140725298125696
[2026-09-08 16:48:50][warning][3744464] Calling original ioctl: 8 3222292009 140725298125648
[2026-09-08 16:48:50][warning][3744464] Calling original ioctl: 8 3222292009 140725298126416
[2026-09-08 16:48:50][warning][3744464] Calling original ioctl: 9 34 140725298125472
[2026-09-08 16:48:50][warning][3744464] Calling original ioctl: 8 3222292009 140725298125632
[2026-09-08 16:48:50][warning][3744464] Calling original ioctl: 9 34 140725298125472
[2026-09-08 16:48:50][warning][3744464] Calling original ioctl: 8 3223340623 140725298125680
[2026-09-08 16:48:50][warning][3744464] Calling original ioctl: 8 3222292009 140725298125632
[2026-09-08 16:48:50][warning][3744464] Calling original ioctl: 8 3223340586 140725298121344
[2026-09-08 16:48:50][warning][3744464] Calling original ioctl: 9 34 140725298125296
[2026-09-08 16:48:50][warning][3744464] Calling original ioctl: 8 3222292009 140725298125456
[2026-09-08 16:48:50][warning][3744464] Calling original ioctl: 8 3223340586 140725298121344
[2026-09-08 16:48:50][warning][3744464] Calling original ioctl: 9 34 140725298125296
[2026-09-08 16:48:50][warning][3744464] Calling original ioctl: 8 3222292009 140725298125456
[2026-09-08 16:48:50][warning][3744464] Calling original ioctl: 8 3223340586 140725298121344
[2026-09-08 16:48:50][warning][3744464] Calling original ioctl: 9 34 140725298125296
[2026-09-08 16:48:50][warning][3744464] Calling original ioctl: 8 3222292009 140725298125456
[2026-09-08 16:48:50][warning][3744464] Calling original ioctl: 8 3223340586 140725298122240
[2026-09-08 16:48:50][warning][3744464] Calling original ioctl: 9 34 140725298125520
[2026-09-08 16:48:50][warning][3744464] Calling original ioctl: 9 34 140725298125520
[2026-09-08 16:48:50][warning][3744464] Calling original ioctl: 8 3222292009 140725298125680
[2026-09-08 16:48:50][warning][3744464] Calling original ioctl: 9 34 140725298125520
[2026-09-08 16:48:50][warning][3744464] Calling original ioctl: 8 3222292009 140725298125680
[2026-09-08 16:48:50][warning][3744464] Calling original ioctl: 9 34 140725298125472
[2026-09-08 16:48:50][warning][3744464] Calling original ioctl: 8 3223340623 140725298125680
[2026-09-08 16:48:50][warning][3744464] Calling original ioctl: 8 3222292009 140725298125632
[2026-09-08 16:48:50][warning][3744464] Calling original ioctl: 9 24 140725298126512
[2026-09-08 16:48:50][warning][3744464] Calling original ioctl: 9 24 140725298126512
[2026-09-08 16:48:50][warning][3744464] Calling original ioctl: 9 24 140725298126544
[2026-09-08 16:48:50][warning][3744464] Calling original ioctl: 9 24 140725298126512
[2026-09-08 16:48:50][warning][3744464] Calling original ioctl: 9 24 140725298126512
[2026-09-08 16:48:50][warning][3744464] Calling original ioctl: 9 24 140725298126512
[2026-09-08 16:48:50][warning][3744464] Calling original ioctl: 9 24 140725298126512
[2026-09-08 16:48:50][warning][3744464] Calling original ioctl: 9 34 140725298125408
[2026-09-08 16:48:50][warning][3744464] Calling original ioctl: 8 3222292009 140725298125568
[2026-09-08 16:48:50][warning][3744464] Calling original ioctl: 9 34 140725298125408
[2026-09-08 16:48:50][warning][3744464] Calling original ioctl: 8 3222292009 140725298125568
[2026-09-08 16:48:50][warning][3744464] Calling original ioctl: 9 34 140725298125520
[2026-09-08 16:48:50][warning][3744464] Calling original ioctl: 8 3222292009 140725298125680
[2026-09-08 16:48:50][warning][3744464] Calling original ioctl: 8 3222292009 140725298126256
[2026-09-08 16:48:50][warning][3744464] Calling original ioctl: 17 3222292175 140725298126272
[2026-09-08 16:48:50][warning][3744464] Calling original ioctl: 9 28 140725298126384
[2026-09-08 16:48:50][warning][3744464] Calling original ioctl: 9 28 140725298126384
[2026-09-08 16:48:50][warning][3744464] Calling original ioctl: 9 28 140725298126384
[2026-09-08 16:48:50][warning][3744464] Calling original ioctl: 9 28 140725298126384
[2026-09-08 16:48:50][warning][3744464] Calling original ioctl: 9 28 140725298126384
[2026-09-08 16:48:50][warning][3744464] Calling original ioctl: 9 28 140725298126384
[2026-09-08 16:48:50][warning][3744464] Calling original ioctl: 9 28 140725298126384
[2026-09-08 16:48:50][warning][3744464] Calling original ioctl: 9 28 140725298126384
[2026-09-08 16:48:50][warning][3744464] Calling original ioctl: 8 3222292009 140725298126144
[2026-09-08 16:48:50][warning][3744464] Calling original ioctl: 8 3222292009 140725298126144
[2026-09-08 16:48:50][warning][3744464] Calling original ioctl: 8 3222292009 140725298126192
[2026-09-08 16:48:50][warning][3744464] Calling original ioctl: 8 3223340623 140725298125456
[2026-09-08 16:48:50][warning][3744464] Calling original ioctl: 8 3222292009 140725298125408
[2026-09-08 16:48:50][warning][3744464] Calling original ioctl: 8 3222292009 140725298126144
[2026-09-08 16:48:50][warning][3744464] Calling original ioctl: 8 3222292009 140725298126192
[2026-09-08 16:48:50][warning][3744464] Calling original ioctl: 8 3223340623 140725298125456
[2026-09-08 16:48:50][warning][3744464] Calling original ioctl: 8 3222292009 140725298125408
[2026-09-08 16:48:50][warning][3744464] Calling original ioctl: 8 3222292009 140725298126144
[2026-09-08 16:48:50][warning][3744464] Calling original ioctl: 8 3222292009 140725298126144
[2026-09-08 16:48:50][warning][3744464] Calling original ioctl: 8 3222292009 140725298126192
[2026-09-08 16:48:50][warning][3744464] Calling original ioctl: 8 3223340623 140725298125456
[2026-09-08 16:48:50][warning][3744464] Calling original ioctl: 8 3222292009 140725298125408
[2026-09-08 16:48:50][warning][3744464] Calling original ioctl: 8 3222292009 140725298126144
[2026-09-08 16:48:50][warning][3744464] Calling original ioctl: 8 3222292009 140725298126192
[2026-09-08 16:48:50][warning][3744464] Calling original ioctl: 8 3223340623 140725298125456
[2026-09-08 16:48:50][warning][3744464] Calling original ioctl: 8 3222292009 140725298125408
[2026-09-08 16:48:50][warning][3744464] Calling original ioctl: 8 3222292009 140725298126144
[2026-09-08 16:48:50][warning][3744464] Calling original ioctl: 8 3222292009 140725298126144
[2026-09-08 16:48:50][warning][3744464] Calling original ioctl: 8 3222292009 140725298126192
[2026-09-08 16:48:50][warning][3744464] Calling original ioctl: 8 3223340623 140725298125456
[2026-09-08 16:48:50][warning][3744464] Calling original ioctl: 8 3222292009 140725298125408
[2026-09-08 16:48:50][warning][3744464] Calling original ioctl: 8 3222292009 140725298126144
[2026-09-08 16:48:50][warning][3744464] Calling original ioctl: 8 3222292009 140725298126192
[2026-09-08 16:48:50][warning][3744464] Calling original ioctl: 8 3223340623 140725298125456
[2026-09-08 16:48:50][warning][3744464] Calling original ioctl: 8 3222292009 140725298125408
[2026-09-08 16:48:50][warning][3744464] Calling original ioctl: 8 3222292009 140725298126144
[2026-09-08 16:48:50][warning][3744464] Calling original ioctl: 8 3222292009 140725298126144
[2026-09-08 16:48:50][warning][3744464] Calling original ioctl: 8 3222292009 140725298126192
[2026-09-08 16:48:50][warning][3744464] Calling original ioctl: 8 3223340623 140725298125456
[2026-09-08 16:48:50][warning][3744464] Calling original ioctl: 8 3222292009 140725298125408
[2026-09-08 16:48:50][warning][3744464] Calling original ioctl: 8 3222292009 140725298126144
[2026-09-08 16:48:50][warning][3744464] Calling original ioctl: 8 3222292009 140725298126192
[2026-09-08 16:48:50][warning][3744464] Calling original ioctl: 8 3223340623 140725298125456
[2026-09-08 16:48:50][warning][3744464] Calling original ioctl: 8 3222292009 140725298125408
[2026-09-08 16:48:51][warning][3744464] Calling original ioctl: 8 3222292009 140725298126320
[2026-09-08 16:48:51][warning][3744464] Calling original ioctl: 8 3222292009 140725298126288
[2026-09-08 16:48:51][warning][3744464] Calling original ioctl: 8 3222292009 140725298126256
[2026-09-08 16:48:51][warning][3744464] Calling original ioctl: 19 3222292175 140725298126272
[2026-09-08 16:48:51][warning][3744464] Calling original ioctl: 9 28 140725298126384
[2026-09-08 16:48:51][warning][3744464] Calling original ioctl: 9 28 140725298126384
[2026-09-08 16:48:51][warning][3744464] Calling original ioctl: 9 28 140725298126384
[2026-09-08 16:48:51][warning][3744464] Calling original ioctl: 9 28 140725298126384
[2026-09-08 16:48:51][warning][3744464] Calling original ioctl: 8 3222292009 140725298126144
[2026-09-08 16:48:51][warning][3744464] Calling original ioctl: 8 3222292009 140725298126192
[2026-09-08 16:48:51][warning][3744464] Calling original ioctl: 8 3223340623 140725298125456
[2026-09-08 16:48:51][warning][3744464] Calling original ioctl: 8 3222292009 140725298125408
[2026-09-08 16:48:51][warning][3744464] Calling original ioctl: 8 3222292009 140725298126144
[2026-09-08 16:48:51][warning][3744464] Calling original ioctl: 8 3222292009 140725298126192
[2026-09-08 16:48:51][warning][3744464] Calling original ioctl: 8 3223340623 140725298125456
[2026-09-08 16:48:51][warning][3744464] Calling original ioctl: 8 3222292009 140725298125408
[2026-09-08 16:48:51][warning][3744464] Calling original ioctl: 8 3222292009 140725298126144
[2026-09-08 16:48:51][warning][3744464] Calling original ioctl: 8 3222292009 140725298126192
[2026-09-08 16:48:51][warning][3744464] Calling original ioctl: 8 3223340623 140725298125456
[2026-09-08 16:48:51][warning][3744464] Calling original ioctl: 8 3222292009 140725298125408
[2026-09-08 16:48:51][warning][3744464] Calling original ioctl: 8 3222292009 140725298126144
[2026-09-08 16:48:51][warning][3744464] Calling original ioctl: 8 3222292009 140725298126192
[2026-09-08 16:48:51][warning][3744464] Calling original ioctl: 8 3223340623 140725298125456
[2026-09-08 16:48:51][warning][3744464] Calling original ioctl: 8 3222292009 140725298125408
[2026-09-08 16:48:51][warning][3744464] Calling original ioctl: 8 3222292009 140725298126288
[2026-09-08 16:48:51][warning][3744464] Calling original ioctl: 8 3222292009 140725298126256
[2026-09-08 16:48:51][warning][3744464] Calling original ioctl: 21 3222292175 140725298126272
[2026-09-08 16:48:51][warning][3744464] Calling original ioctl: 9 28 140725298126384
[2026-09-08 16:48:51][warning][3744464] Calling original ioctl: 9 28 140725298126384
[2026-09-08 16:48:51][warning][3744464] Calling original ioctl: 9 28 140725298126384
[2026-09-08 16:48:51][warning][3744464] Calling original ioctl: 9 28 140725298126384
[2026-09-08 16:48:51][warning][3744464] Calling original ioctl: 8 3222292009 140725298126144
[2026-09-08 16:48:51][warning][3744464] Calling original ioctl: 8 3222292009 140725298126192
[2026-09-08 16:48:51][warning][3744464] Calling original ioctl: 8 3223340623 140725298125456
[2026-09-08 16:48:51][warning][3744464] Calling original ioctl: 8 3222292009 140725298125408
[2026-09-08 16:48:51][warning][3744464] Calling original ioctl: 8 3222292009 140725298126144
[2026-09-08 16:48:51][warning][3744464] Calling original ioctl: 8 3222292009 140725298126192
[2026-09-08 16:48:51][warning][3744464] Calling original ioctl: 8 3223340623 140725298125456
[2026-09-08 16:48:51][warning][3744464] Calling original ioctl: 8 3222292009 140725298125408
[2026-09-08 16:48:51][warning][3744464] Calling original ioctl: 8 3222292009 140725298126144
[2026-09-08 16:48:51][warning][3744464] Calling original ioctl: 8 3222292009 140725298126192
[2026-09-08 16:48:51][warning][3744464] Calling original ioctl: 8 3223340623 140725298125456
[2026-09-08 16:48:51][warning][3744464] Calling original ioctl: 8 3222292009 140725298125408
[2026-09-08 16:48:51][warning][3744464] Calling original ioctl: 8 3222292009 140725298126144
[2026-09-08 16:48:51][warning][3744464] Calling original ioctl: 8 3222292009 140725298126192
[2026-09-08 16:48:51][warning][3744464] Calling original ioctl: 8 3223340623 140725298125456
[2026-09-08 16:48:51][warning][3744464] Calling original ioctl: 8 3222292009 140725298125408
[2026-09-08 16:48:51][warning][3744464] Calling original ioctl: 9 34 140725298125216
[2026-09-08 16:48:51][warning][3744464] Calling original ioctl: 8 3223340623 140725298125424
[2026-09-08 16:48:51][warning][3744464] Calling original ioctl: 8 3222292009 140725298125376
[2026-09-08 16:48:51][warning][3744464] Calling original ioctl: 9 34 140725298125216
[2026-09-08 16:48:51][warning][3744464] Calling original ioctl: 8 3223340623 140725298125424
[2026-09-08 16:48:51][warning][3744464] Calling original ioctl: 8 3222292009 140725298125376
[2026-09-08 16:48:51][warning][3744464] Calling original ioctl: 8 3222292009 140725298126288
[2026-09-08 16:48:51][warning][3744464] Calling original ioctl: 9 34 140725298125520
[2026-09-08 16:48:51][warning][3744464] Calling original ioctl: 8 3222292009 140725298125680
[2026-09-08 16:48:51][warning][3744464] Calling original ioctl: 9 34 140725298125424
[2026-09-08 16:48:51][warning][3744464] Calling original ioctl: 8 3222292009 140725298125584
[2026-09-08 16:48:51][warning][3744464] Calling original ioctl: 9 34 140725298125520
[2026-09-08 16:48:51][warning][3744464] Calling original ioctl: 8 3222292009 140725298125680
[2026-09-08 16:48:51][warning][3744464] Calling original ioctl: 9 34 140725298125472
[2026-09-08 16:48:51][warning][3744464] Calling original ioctl: 8 3222292009 140725298125632
[2026-09-08 16:48:51][warning][3744464] Calling original ioctl: 9 34 140725298125456
[2026-09-08 16:48:51][warning][3744464] Calling original ioctl: 8 3223340623 140725298125664
[2026-09-08 16:48:51][warning][3744464] Calling original ioctl: 8 3222292009 140725298125616
[2026-09-08 16:48:51][warning][3744464] Calling original ioctl: 9 34 140725298125456
[2026-09-08 16:48:51][warning][3744464] Calling original ioctl: 8 3223340623 140725298125664
[2026-09-08 16:48:51][warning][3744464] Calling original ioctl: 8 3222292009 140725298125616
[2026-09-08 16:48:51][warning][3744464] Calling original ioctl: 9 34 140725298125472
[2026-09-08 16:48:51][warning][3744464] Calling original ioctl: 8 3222292009 140725298125632
[2026-09-08 16:48:51][warning][3744464] Calling original ioctl: 9 34 140725298125472
[2026-09-08 16:48:51][warning][3744464] Calling original ioctl: 8 3222292009 140725298125632
[2026-09-08 16:48:51][warning][3744464] Calling original ioctl: 9 34 140725298125632
[2026-09-08 16:48:51][warning][3744464] Calling original ioctl: 8 3223340586 140725298122224
