[2026-09-07 17:56:45][warning][1940717] Calling original ioctl: 8 3223340586 140731482996608
[2026-09-07 17:56:45][warning][1940717] Calling original ioctl: 8 3223340586 140731482996624
[2026-09-07 17:56:45][warning][1940717] Calling original ioctl: 8 3223340586 140731482996672
[2026-09-07 17:56:45][warning][1940717] Calling original ioctl: 9 25 140731483000992
[2026-09-07 17:56:45][warning][1940717] Calling original ioctl: 8 3224389163 140731482998256
[2026-09-07 17:56:45][warning][1940717] Calling original ioctl: 9 73 140731482997440
[2026-09-07 17:56:45][warning][1940717] Calling original ioctl: 9 33 140731482988208
[2026-09-07 17:56:45][warning][1940717] Calling original ioctl: 8 3224389163 140731482997936
[2026-09-07 17:56:45][warning][1940717] Calling original ioctl: 9 73 140731482997120
[2026-09-07 17:56:45][warning][1940717] Calling original ioctl: 9 33 140731482987888
[2026-09-07 17:56:45][warning][1940717] Calling original ioctl: 8 3224389163 140731482997936
[2026-09-07 17:56:45][warning][1940717] Calling original ioctl: 9 73 140731482997120
[2026-09-07 17:56:45][warning][1940717] Calling original ioctl: 9 33 140731482987888
[2026-09-07 17:56:45][warning][1940717] Calling original ioctl: 8 3224389163 140731482998432
[2026-09-07 17:56:45][warning][1940717] Calling original ioctl: 9 73 140731482997616
[2026-09-07 17:56:45][warning][1940717] Calling original ioctl: 9 33 140731482988384
[2026-09-07 17:56:45][warning][1940717] Calling original ioctl: 8 3224389163 140731483000112
[2026-09-07 17:56:45][warning][1940717] Calling original ioctl: 8 3224389163 140731483000096
[2026-09-07 17:56:45][warning][1940717] Calling original ioctl: 8 3224389163 140731482996336
[2026-09-07 17:56:45][warning][1940717] Calling original ioctl: 8 3223340586 140731482991920
[2026-09-07 17:56:45][warning][1940717] Calling original ioctl: 8 3224913486 140731482996464
[2026-09-07 17:56:45][warning][1940717] Calling original ioctl: 8 3223864926 140731482996416
[2026-09-07 17:56:45][warning][1940717] Calling original ioctl: 9 73 140731482995520
[2026-09-07 17:56:45][warning][1940717] Calling original ioctl: 9 33 140731482986288
[2026-09-07 17:56:45][warning][1940717] Calling original ioctl: 8 3224389163 140731482995872
[2026-09-07 17:56:45][warning][1940717] Calling original ioctl: 8 3223340586 140731482991456
[2026-09-07 17:56:45][warning][1940717] Calling original ioctl: 8 3224913486 140731482996000
[2026-09-07 17:56:45][warning][1940717] Calling original ioctl: 9 73 140731482995056
[2026-09-07 17:56:45][warning][1940717] Calling original ioctl: 9 33 140731482985824
[2026-09-07 17:56:45][warning][1940717] Calling original ioctl: 8 3224389163 140731482996720
[2026-09-07 17:56:45][warning][1940717] Calling original ioctl: 8 3223340586 140731482992304
[2026-09-07 17:56:45][warning][1940717] Calling original ioctl: 8 3224913486 140731482996848
[2026-09-07 17:56:45][warning][1940717] Calling original ioctl: 8 3224389163 140731482998576
[2026-09-07 17:56:45][warning][1940717] Calling original ioctl: 8 3223340586 140731482994608
[2026-09-07 17:56:45][warning][1940717] Calling original ioctl: 8 3224389163 140731482998864
[2026-09-07 17:56:45][warning][1940717] Calling original ioctl: 8 3223340586 140731482994544
[2026-09-07 17:56:45][warning][1940717] Calling original ioctl: 8 3224389163 140731482998864
[2026-09-07 17:56:45][warning][1940717] Calling original ioctl: 8 3223340586 140731482994544
[2026-09-07 17:56:45][warning][1940717] Calling original ioctl: 8 3223340586 140731482994624
[2026-09-07 17:56:45][warning][1940717] Calling original ioctl: 8 3223340586 140731482994624
[2026-09-07 17:56:45][warning][1940717] Calling original ioctl: 8 3224389163 140731482997520
[2026-09-07 17:56:45][warning][1940717] Calling original ioctl: 8 3223340586 140731482993104
[2026-09-07 17:56:45][warning][1940717] Calling original ioctl: 8 3224913486 140731482997648
[2026-09-07 17:56:45][warning][1940717] Calling original ioctl: 9 73 140731482996704
[2026-09-07 17:56:45][warning][1940717] Calling original ioctl: 9 33 140731482987472
[2026-09-07 17:56:45][warning][1940717] Calling original ioctl: 8 3224389163 140731482996720
[2026-09-07 17:56:45][warning][1940717] Calling original ioctl: 8 3223340586 140731482992304
[2026-09-07 17:56:45][warning][1940717] Calling original ioctl: 8 3224913486 140731482996848
[2026-09-07 17:56:45][warning][1940717] Calling original ioctl: 8 3224389163 140731482998576
[2026-09-07 17:56:45][warning][1940717] Calling original ioctl: 8 3223340586 140731482994608
[2026-09-07 17:56:45][warning][1940717] Calling original ioctl: 8 3224389163 140731482998864
[2026-09-07 17:56:45][warning][1940717] Calling original ioctl: 8 3223340586 140731482994544
[2026-09-07 17:56:45][warning][1940717] Calling original ioctl: 8 3223340586 140731482994624
[2026-09-07 17:56:45][warning][1940717] Calling original ioctl: 8 3223340586 140731482994624
[2026-09-07 17:56:45][warning][1940717] Calling original ioctl: 8 3224389163 140731482996720
[2026-09-07 17:56:45][warning][1940717] Calling original ioctl: 8 3223340586 140731482992304
[2026-09-07 17:56:45][warning][1940717] Calling original ioctl: 8 3224913486 140731482996848
[2026-09-07 17:56:45][warning][1940717] Calling original ioctl: 8 3224389163 140731482998576
[2026-09-07 17:56:45][warning][1940717] Calling original ioctl: 8 3223340586 140731482994608
[2026-09-07 17:56:45][warning][1940717] Calling original ioctl: 8 3224389163 140731482998864
[2026-09-07 17:56:45][warning][1940717] Calling original ioctl: 8 3223340586 140731482994544
[2026-09-07 17:56:45][warning][1940717] Calling original ioctl: 8 3224389163 140731482998864
[2026-09-07 17:56:45][warning][1940717] Calling original ioctl: 8 3223340586 140731482994544
[2026-09-07 17:56:45][warning][1940717] Calling original ioctl: 8 3223340586 140731482994624
[2026-09-07 17:56:45][warning][1940717] Calling original ioctl: 8 3223340586 140731482994624
[2026-09-07 17:56:45][warning][1940717] Calling original ioctl: 8 3224389163 140731482996720
[2026-09-07 17:56:45][warning][1940717] Calling original ioctl: 8 3223340586 140731482992304
[2026-09-07 17:56:45][warning][1940717] Calling original ioctl: 8 3224913486 140731482996848
[2026-09-07 17:56:45][warning][1940717] Calling original ioctl: 8 3224389163 140731482998576
[2026-09-07 17:56:45][warning][1940717] Calling original ioctl: 8 3223340586 140731482994608
[2026-09-07 17:56:45][warning][1940717] Calling original ioctl: 8 3224389163 140731482998864
[2026-09-07 17:56:45][warning][1940717] Calling original ioctl: 8 3223340586 140731482994544
[2026-09-07 17:56:45][warning][1940717] Calling original ioctl: 8 3223340586 140731482994624
[2026-09-07 17:56:45][warning][1940717] Calling original ioctl: 8 3223340586 140731482994624
[2026-09-07 17:56:45][warning][1940717] Calling original ioctl: 8 3224389163 140731482996720
[2026-09-07 17:56:45][warning][1940717] Calling original ioctl: 8 3223340586 140731482992304
[2026-09-07 17:56:45][warning][1940717] Calling original ioctl: 8 3224913486 140731482996848
[2026-09-07 17:56:45][warning][1940717] Calling original ioctl: 8 3224389163 140731482998576
[2026-09-07 17:56:45][warning][1940717] Calling original ioctl: 8 3223340586 140731482994608
[2026-09-07 17:56:45][warning][1940717] Calling original ioctl: 8 3224389163 140731482998864
[2026-09-07 17:56:45][warning][1940717] Calling original ioctl: 8 3223340586 140731482994544
[2026-09-07 17:56:45][warning][1940717] Calling original ioctl: 8 3224389163 140731482998864
[2026-09-07 17:56:45][warning][1940717] Calling original ioctl: 8 3223340586 140731482994544
[2026-09-07 17:56:45][warning][1940717] Calling original ioctl: 8 3223340586 140731482994624
[2026-09-07 17:56:45][warning][1940717] Calling original ioctl: 8 3223340586 140731482994624
[2026-09-07 17:56:45][warning][1940717] Calling original ioctl: 8 3224389163 140731482996720
[2026-09-07 17:56:45][warning][1940717] Calling original ioctl: 8 3223340586 140731482992304
[2026-09-07 17:56:45][warning][1940717] Calling original ioctl: 8 3224913486 140731482996848
[2026-09-07 17:56:45][warning][1940717] Calling original ioctl: 8 3224389163 140731482998576
[2026-09-07 17:56:45][warning][1940717] Calling original ioctl: 8 3223340586 140731482994608
[2026-09-07 17:56:45][warning][1940717] Calling original ioctl: 8 3224389163 140731482998864
[2026-09-07 17:56:45][warning][1940717] Calling original ioctl: 8 3223340586 140731482994544
[2026-09-07 17:56:45][warning][1940717] Calling original ioctl: 8 3223340586 140731482994624
[2026-09-07 17:56:45][warning][1940717] Calling original ioctl: 8 3223340586 140731482994624
[2026-09-07 17:56:45][warning][1940717] Calling original ioctl: 8 3224389163 140731482996720
[2026-09-07 17:56:45][warning][1940717] Calling original ioctl: 8 3223340586 140731482992304
[2026-09-07 17:56:45][warning][1940717] Calling original ioctl: 8 3224913486 140731482996848
[2026-09-07 17:56:45][warning][1940717] Calling original ioctl: 8 3224389163 140731482998576
[2026-09-07 17:56:45][warning][1940717] Calling original ioctl: 8 3223340586 140731482994608
[2026-09-07 17:56:45][warning][1940717] Calling original ioctl: 8 3224389163 140731482998864
[2026-09-07 17:56:45][warning][1940717] Calling original ioctl: 8 3223340586 140731482994544
[2026-09-07 17:56:45][warning][1940717] Calling original ioctl: 8 3224389163 140731482998864
[2026-09-07 17:56:45][warning][1940717] Calling original ioctl: 8 3223340586 140731482994544
[2026-09-07 17:56:45][warning][1940717] Calling original ioctl: 8 3223340586 140731482994624
[2026-09-07 17:56:45][warning][1940717] Calling original ioctl: 8 3223340586 140731482994624
[2026-09-07 17:56:45][warning][1940717] Calling original ioctl: 8 3224389163 140731482996720
[2026-09-07 17:56:45][warning][1940717] Calling original ioctl: 8 3223340586 140731482992304
[2026-09-07 17:56:45][warning][1940717] Calling original ioctl: 8 3224913486 140731482996848
[2026-09-07 17:56:45][warning][1940717] Calling original ioctl: 8 3224389163 140731482998576
[2026-09-07 17:56:45][warning][1940717] Calling original ioctl: 8 3223340586 140731482994608
[2026-09-07 17:56:45][warning][1940717] Calling original ioctl: 8 3224389163 140731482998864
[2026-09-07 17:56:45][warning][1940717] Calling original ioctl: 8 3223340586 140731482994544
[2026-09-07 17:56:45][warning][1940717] Calling original ioctl: 8 3223340586 140731482994624
[2026-09-07 17:56:45][warning][1940717] Calling original ioctl: 8 3223340586 140731482994624
[2026-09-07 17:56:45][warning][1940717] Calling original ioctl: 9 27 140731483000544
[2026-09-07 17:56:45][warning][1940717] Calling original ioctl: 9 27 140731483000544
[2026-09-07 17:56:45][warning][1940717] Calling original ioctl: 9 27 140731483000544
[2026-09-07 17:56:45][warning][1940717] Calling original ioctl: 9 27 140731483000544
[2026-09-07 17:56:45][warning][1940717] Calling original ioctl: 9 27 140731483000544
[2026-09-07 17:56:45][warning][1940717] Calling original ioctl: 9 27 140731483000544
[2026-09-07 17:56:45][warning][1940717] Calling original ioctl: 9 27 140731483000544
[2026-09-07 17:56:45][warning][1940717] Calling original ioctl: 9 27 140731483000544
[2026-09-07 17:56:45][warning][1940717] Calling original ioctl: 8 3223340586 140731482996208
[2026-09-07 17:56:45][warning][1940717] Calling original ioctl: 17 3221505737 140731483000304
[2026-09-07 17:56:45][warning][1940717] Calling original ioctl: 17 3222292174 140731483000288
[2026-09-07 17:56:45][warning][1940717] Calling original ioctl: 17 3224389163 140731483000272
[2026-09-07 17:56:45][warning][1940717] Calling original ioctl: 8 3224389163 140731483000112
[2026-09-07 17:56:45][warning][1940717] Calling original ioctl: 8 3224389163 140731482996720
[2026-09-07 17:56:45][warning][1940717] Calling original ioctl: 8 3223340586 140731482992304
[2026-09-07 17:56:45][warning][1940717] Calling original ioctl: 8 3224913486 140731482996848
[2026-09-07 17:56:45][warning][1940717] Calling original ioctl: 8 3224389163 140731482998576
[2026-09-07 17:56:45][warning][1940717] Calling original ioctl: 8 3223340586 140731482994608
[2026-09-07 17:56:45][warning][1940717] Calling original ioctl: 8 3224389163 140731482998864
[2026-09-07 17:56:45][warning][1940717] Calling original ioctl: 8 3223340586 140731482994544
[2026-09-07 17:56:45][warning][1940717] Calling original ioctl: 8 3223340586 140731482994624
[2026-09-07 17:56:45][warning][1940717] Calling original ioctl: 8 3224389163 140731482996720
[2026-09-07 17:56:45][warning][1940717] Calling original ioctl: 8 3223340586 140731482992304
[2026-09-07 17:56:45][warning][1940717] Calling original ioctl: 8 3224913486 140731482996848
[2026-09-07 17:56:45][warning][1940717] Calling original ioctl: 8 3224389163 140731482998576
[2026-09-07 17:56:45][warning][1940717] Calling original ioctl: 8 3223340586 140731482994608
[2026-09-07 17:56:45][warning][1940717] Calling original ioctl: 8 3224389163 140731482998864
[2026-09-07 17:56:45][warning][1940717] Calling original ioctl: 8 3223340586 140731482994544
[2026-09-07 17:56:45][warning][1940717] Calling original ioctl: 8 3223340586 140731482994624
[2026-09-07 17:56:45][warning][1940717] Calling original ioctl: 8 3224389163 140731482996720
[2026-09-07 17:56:45][warning][1940717] Calling original ioctl: 8 3223340586 140731482992304
[2026-09-07 17:56:45][warning][1940717] Calling original ioctl: 8 3224913486 140731482996848
[2026-09-07 17:56:45][warning][1940717] Calling original ioctl: 8 3224389163 140731482998576
[2026-09-07 17:56:45][warning][1940717] Calling original ioctl: 8 3223340586 140731482994608
[2026-09-07 17:56:45][warning][1940717] Calling original ioctl: 8 3224389163 140731482998864
[2026-09-07 17:56:45][warning][1940717] Calling original ioctl: 8 3223340586 140731482994544
[2026-09-07 17:56:45][warning][1940717] Calling original ioctl: 8 3223340586 140731482994624
[2026-09-07 17:56:45][warning][1940717] Calling original ioctl: 8 3224389163 140731482996720
[2026-09-07 17:56:45][warning][1940717] Calling original ioctl: 8 3223340586 140731482992304
[2026-09-07 17:56:45][warning][1940717] Calling original ioctl: 8 3224913486 140731482996848
[2026-09-07 17:56:45][warning][1940717] Calling original ioctl: 8 3224389163 140731482998576
[2026-09-07 17:56:45][warning][1940717] Calling original ioctl: 8 3223340586 140731482994608
[2026-09-07 17:56:45][warning][1940717] Calling original ioctl: 8 3224389163 140731482998864
[2026-09-07 17:56:45][warning][1940717] Calling original ioctl: 8 3223340586 140731482994544
[2026-09-07 17:56:45][warning][1940717] Calling original ioctl: 8 3223340586 140731482994624
[2026-09-07 17:56:45][warning][1940717] Calling original ioctl: 9 27 140731483000544
[2026-09-07 17:56:45][warning][1940717] Calling original ioctl: 9 27 140731483000544
[2026-09-07 17:56:45][warning][1940717] Calling original ioctl: 9 27 140731483000544
[2026-09-07 17:56:45][warning][1940717] Calling original ioctl: 9 27 140731483000544
[2026-09-07 17:56:45][warning][1940717] Calling original ioctl: 8 3223340586 140731482996208
[2026-09-07 17:56:45][warning][1940717] Calling original ioctl: 19 3221505737 140731483000304
[2026-09-07 17:56:45][warning][1940717] Calling original ioctl: 19 3222292174 140731483000288
[2026-09-07 17:56:45][warning][1940717] Calling original ioctl: 19 3224389163 140731483000272
[2026-09-07 17:56:45][warning][1940717] Calling original ioctl: 8 3224389163 140731483000112
[2026-09-07 17:56:45][warning][1940717] Calling original ioctl: 8 3224389163 140731482996720
[2026-09-07 17:56:45][warning][1940717] Calling original ioctl: 8 3223340586 140731482992304
[2026-09-07 17:56:45][warning][1940717] Calling original ioctl: 8 3224913486 140731482996848
[2026-09-07 17:56:45][warning][1940717] Calling original ioctl: 8 3224389163 140731482998576
[2026-09-07 17:56:45][warning][1940717] Calling original ioctl: 8 3223340586 140731482994608
[2026-09-07 17:56:45][warning][1940717] Calling original ioctl: 8 3224389163 140731482998864
[2026-09-07 17:56:45][warning][1940717] Calling original ioctl: 8 3223340586 140731482994544
[2026-09-07 17:56:45][warning][1940717] Calling original ioctl: 8 3223340586 140731482994624
[2026-09-07 17:56:45][warning][1940717] Calling original ioctl: 8 3224389163 140731482996720
[2026-09-07 17:56:45][warning][1940717] Calling original ioctl: 8 3223340586 140731482992304
[2026-09-07 17:56:45][warning][1940717] Calling original ioctl: 8 3224913486 140731482996848
[2026-09-07 17:56:45][warning][1940717] Calling original ioctl: 8 3224389163 140731482998576
[2026-09-07 17:56:45][warning][1940717] Calling original ioctl: 8 3223340586 140731482994608
[2026-09-07 17:56:45][warning][1940717] Calling original ioctl: 8 3224389163 140731482998864
[2026-09-07 17:56:45][warning][1940717] Calling original ioctl: 8 3223340586 140731482994544
[2026-09-07 17:56:45][warning][1940717] Calling original ioctl: 8 3223340586 140731482994624
[2026-09-07 17:56:45][warning][1940717] Calling original ioctl: 8 3224389163 140731482996720
[2026-09-07 17:56:45][warning][1940717] Calling original ioctl: 8 3223340586 140731482992304
[2026-09-07 17:56:45][warning][1940717] Calling original ioctl: 8 3224913486 140731482996848
[2026-09-07 17:56:45][warning][1940717] Calling original ioctl: 8 3224389163 140731482998576
[2026-09-07 17:56:45][warning][1940717] Calling original ioctl: 8 3223340586 140731482994608
[2026-09-07 17:56:45][warning][1940717] Calling original ioctl: 8 3224389163 140731482998864
[2026-09-07 17:56:45][warning][1940717] Calling original ioctl: 8 3223340586 140731482994544
[2026-09-07 17:56:45][warning][1940717] Calling original ioctl: 8 3223340586 140731482994624
[2026-09-07 17:56:45][warning][1940717] Calling original ioctl: 8 3224389163 140731482996720
[2026-09-07 17:56:45][warning][1940717] Calling original ioctl: 8 3223340586 140731482992304
[2026-09-07 17:56:45][warning][1940717] Calling original ioctl: 8 3224913486 140731482996848
[2026-09-07 17:56:45][warning][1940717] Calling original ioctl: 8 3224389163 140731482998576
[2026-09-07 17:56:45][warning][1940717] Calling original ioctl: 8 3223340586 140731482994608
[2026-09-07 17:56:45][warning][1940717] Calling original ioctl: 8 3224389163 140731482998864
[2026-09-07 17:56:45][warning][1940717] Calling original ioctl: 8 3223340586 140731482994544
[2026-09-07 17:56:45][warning][1940717] Calling original ioctl: 8 3223340586 140731482994624
[2026-09-07 17:56:45][warning][1940717] Calling original ioctl: 9 27 140731483000544
[2026-09-07 17:56:45][warning][1940717] Calling original ioctl: 9 27 140731483000544
[2026-09-07 17:56:45][warning][1940717] Calling original ioctl: 9 27 140731483000544
[2026-09-07 17:56:45][warning][1940717] Calling original ioctl: 9 27 140731483000544
[2026-09-07 17:56:45][warning][1940717] Calling original ioctl: 8 3223340586 140731482996208
[2026-09-07 17:56:45][warning][1940717] Calling original ioctl: 21 3221505737 140731483000304
[2026-09-07 17:56:45][warning][1940717] Calling original ioctl: 21 3222292174 140731483000288
[2026-09-07 17:56:45][warning][1940717] Calling original ioctl: 21 3224389163 140731483000272
[2026-09-07 17:56:45][warning][1940717] Calling original ioctl: 8 3224389163 140731482997744
[2026-09-07 17:56:45][warning][1940717] Calling original ioctl: 8 3223340586 140731482993328
[2026-09-07 17:56:45][warning][1940717] Calling original ioctl: 8 3224913486 140731482997872
[2026-09-07 17:56:45][warning][1940717] Calling original ioctl: 9 73 140731482996928
[2026-09-07 17:56:45][warning][1940717] Calling original ioctl: 9 33 140731482987696
[2026-09-07 17:56:45][warning][1940717] Calling original ioctl: 8 3224389163 140731482998048
[2026-09-07 17:56:45][warning][1940717] Calling original ioctl: 9 73 140731482997232
[2026-09-07 17:56:45][warning][1940717] Calling original ioctl: 9 33 140731482988000
[2026-09-07 17:56:45][warning][1940717] Calling original ioctl: 9 68 140731482987392
[2026-09-07 17:56:45][warning][1940717] Calling original ioctl: 9 72 140731482996496
[2026-09-07 17:56:45][warning][1940717] Calling original ioctl: 9 23 140731483000848
[2026-09-07 17:56:45][warning][1940717] Calling original ioctl: 9 23 140731483000848
[2026-09-07 17:56:45][warning][1940717] Calling original ioctl: 9 23 140731483000848
[2026-09-07 17:56:45][warning][1940717] Calling original ioctl: 9 23 140731483000848
[2026-09-07 17:56:45][warning][1940717] Calling original ioctl: 8 3224389163 140731482998048
[2026-09-07 17:56:45][warning][1940717] Calling original ioctl: 9 73 140731482997232
[2026-09-07 17:56:45][warning][1940717] Calling original ioctl: 9 33 140731482988000
[2026-09-07 17:56:45][warning][1940717] Calling original ioctl: 9 23 140731483000848
[2026-09-07 17:56:45][warning][1940717] Calling original ioctl: 9 23 140731483000848
[2026-09-07 17:56:45][warning][1940717] Calling original ioctl: 9 23 140731483000848
[2026-09-07 17:56:45][warning][1940717] Calling original ioctl: 8 3224389163 140731482997472
[2026-09-07 17:56:45][warning][1940717] Calling original ioctl: 8 3223340586 140731482993056
[2026-09-07 17:56:45][warning][1940717] Calling original ioctl: 8 3224913486 140731482997600
[2026-09-07 17:56:45][warning][1940717] Calling original ioctl: 9 73 140731482996656
[2026-09-07 17:56:45][warning][1940717] Calling original ioctl: 9 33 140731482987424
[2026-09-07 17:56:45][warning][1940717] Calling original ioctl: 12 3224913447 140731482997456
[2026-09-07 17:56:45][warning][1940717] Calling original ioctl: 9 73 140731482996656
[2026-09-07 17:56:45][warning][1940717] Calling original ioctl: 9 33 140731482987424
[2026-09-07 17:56:45][warning][1940717] Calling original ioctl: 8 3224389163 140731482998336
[2026-09-07 17:56:45][warning][1940717] Calling original ioctl: 9 73 140731482997520
[2026-09-07 17:56:45][warning][1940717] Calling original ioctl: 9 33 140731482988288
[2026-09-07 17:56:45][warning][1940717] Calling original ioctl: 12 3224913447 140731482997712
[2026-09-07 17:56:45][warning][1940717] Calling original ioctl: 9 73 140731482996912
[2026-09-07 17:56:45][warning][1940717] Calling original ioctl: 9 33 140731482987680
[2026-09-07 17:56:45][warning][1940717] Calling original ioctl: 8 3224389163 140731482997728
[2026-09-07 17:56:45][warning][1940717] Calling original ioctl: 9 73 140731482996912
[2026-09-07 17:56:45][warning][1940717] Calling original ioctl: 9 33 140731482987680
[2026-09-07 17:56:45][warning][1940717] Calling original ioctl: 9 65 140731482998000
[2026-09-07 17:56:45][warning][1940717] Calling original ioctl: 12 3224913447 140731482998816
[2026-09-07 17:56:45][warning][1940717] Calling original ioctl: 9 73 140731482998016
[2026-09-07 17:56:45][warning][1940717] Calling original ioctl: 9 33 140731482988784
[2026-09-07 17:56:45][warning][1940717] Calling original ioctl: 8 3224389163 140731482998832
[2026-09-07 17:56:45][warning][1940717] Calling original ioctl: 9 73 140731482998016
[2026-09-07 17:56:45][warning][1940717] Calling original ioctl: 9 33 140731482988784
[2026-09-07 17:56:45][warning][1940717] Calling original ioctl: 8 3224389163 140731482998400
[2026-09-07 17:56:45][warning][1940717] Calling original ioctl: 8 3223340586 140731482993984
[2026-09-07 17:56:45][warning][1940717] Calling original ioctl: 8 3224913486 140731482998528
[2026-09-07 17:56:45][warning][1940717] Calling original ioctl: 9 73 140731482997584
[2026-09-07 17:56:45][warning][1940717] Calling original ioctl: 9 33 140731482988352
[2026-09-07 17:56:45][warning][1940717] Calling original ioctl: 8 3224389163 140731482996112
[2026-09-07 17:56:45][warning][1940717] Calling original ioctl: 9 73 140731482995296
[2026-09-07 17:56:45][warning][1940717] Calling original ioctl: 9 33 140731482986064
[2026-09-07 17:56:45][warning][1940717] Calling original ioctl: 8 3224389163 140731482996032
[2026-09-07 17:56:45][warning][1940717] Calling original ioctl: 9 73 140731482995216
[2026-09-07 17:56:45][warning][1940717] Calling original ioctl: 9 33 140731482985984
[2026-09-07 17:56:45][warning][1940717] Calling original ioctl: 8 3224389163 140731482996032
[2026-09-07 17:56:45][warning][1940717] Calling original ioctl: 9 73 140731482995216
[2026-09-07 17:56:45][warning][1940717] Calling original ioctl: 9 33 140731482985984
[2026-09-07 17:56:45][warning][1940717] Calling original ioctl: 12 3224913447 140731482998368
[2026-09-07 17:56:45][warning][1940717] Calling original ioctl: 9 73 140731482997568
[2026-09-07 17:56:45][warning][1940717] Calling original ioctl: 9 33 140731482988336
[2026-09-07 17:56:45][warning][1940717] Calling original ioctl: 8 3224389163 140731483000976
[2026-09-07 17:56:45][warning][1940717] Calling original ioctl: 8 3224389163 140731482997872
[2026-09-07 17:56:45][warning][1940717] Calling original ioctl: 8 3223340586 140731482993456
[2026-09-07 17:56:45][warning][1940717] Calling original ioctl: 8 3224913486 140731482998000
[2026-09-07 17:56:45][warning][1940717] Calling original ioctl: 9 73 140731482997056
[2026-09-07 17:56:45][warning][1940717] Calling original ioctl: 9 33 140731482987824
[2026-09-07 17:56:45][warning][1940717] Calling original ioctl: 8 3224389163 140731482998192
[2026-09-07 17:56:45][warning][1940717] Calling original ioctl: 9 73 140731482997376
[2026-09-07 17:56:45][warning][1940717] Calling original ioctl: 9 33 140731482988144
[2026-09-07 17:56:45][warning][1940717] Calling original ioctl: 8 3224389163 140731482998192
[2026-09-07 17:56:45][warning][1940717] Calling original ioctl: 9 73 140731482997376
[2026-09-07 17:56:45][warning][1940717] Calling original ioctl: 9 33 140731482988144
[2026-09-07 17:56:45][warning][1940717] Calling original ioctl: 24 3221505737 140731483000640
[2026-09-07 17:56:45][warning][1940717] Calling original ioctl: 24 3222292174 140731483000624
[2026-09-07 17:56:45][warning][1940717] Calling original ioctl: 24 3224389163 140731483000608
[2026-09-07 17:56:45][warning][1940717] Calling original ioctl: 26 3221505737 140731483000640
[2026-09-07 17:56:45][warning][1940717] Calling original ioctl: 26 3222292174 140731483000624
[2026-09-07 17:56:45][warning][1940717] Calling original ioctl: 26 3224389163 140731483000608
[2026-09-07 17:56:45][warning][1940717] Calling original ioctl: 28 3221505737 140731483000640
[2026-09-07 17:56:45][warning][1940717] Calling original ioctl: 28 3222292174 140731483000624
[2026-09-07 17:56:45][warning][1940717] Calling original ioctl: 28 3224389163 140731483000608
[2026-09-07 17:56:45][warning][1940717] Calling original ioctl: 30 3221505737 140731483000640
[2026-09-07 17:56:45][warning][1940717] Calling original ioctl: 30 3222292174 140731483000624
[2026-09-07 17:56:45][warning][1940717] Calling original ioctl: 30 3224389163 140731483000608
[2026-09-07 17:56:45][warning][1940717] Calling original ioctl: 8 3223340586 140731482996352
[2026-09-07 17:56:45][warning][1940717] Calling original ioctl: 8 3223340586 140731482996528
[2026-09-07 17:56:45][warning][1940717] Calling original ioctl: 8 3223340586 140731482996688
[2026-09-07 17:56:45][warning][1940717] Calling original ioctl: 8 3224389163 140731482998160
[2026-09-07 17:56:45][warning][1940717] Calling original ioctl: 9 73 140731482997344
[2026-09-07 17:56:45][warning][1940717] Calling original ioctl: 9 33 140731482988112
[2026-09-07 17:56:46][warning][1940717] Calling original ioctl: 8 3223340586 140731482996688
libbpf: loading object 'onevalue_array_bpf' from buffer
libbpf: elf: section(2) .symtab, size 264, link 1, flags 0, type=2
libbpf: elf: section(3) kretprobe/_Z9rope_normILb1ELb0Ef6__halfEvPKT1_PT2_iiiiiPKifff14rope_corr_dimsfPKfPKli, size 816, link 0, flags 6, type=1
libbpf: sec 'kretprobe/_Z9rope_normILb1ELb0Ef6__halfEvPKT1_PT2_iiiiiPKifff14rope_corr_dimsfPKfPKli': found program 'cuda__retprobe' at insn offset 0 (0 bytes), code size 102 insns (816 bytes)
libbpf: elf: section(4) .maps, size 32, link 0, flags 3, type=1
libbpf: elf: section(5) license, size 4, link 0, flags 3, type=1
libbpf: license of onevalue_array_bpf is GPL
libbpf: elf: section(6) .relkretprobe/_Z9rope_normILb1ELb0Ef6__halfEvPKT1_PT2_iiiiiPKifff14rope_corr_dimsfPKfPKli, size 16, link 2, flags 40, type=9
libbpf: elf: section(7) .BTF, size 2230, link 0, flags 0, type=1
libbpf: elf: section(8) .BTF.ext, size 768, link 0, flags 0, type=1
libbpf: looking for externs among 11 symbols...
libbpf: collected 0 externs total
libbpf: map 'arena': at sec_idx 4, offset 0.
libbpf: map 'arena': found type = 1503.
libbpf: map 'arena': found key [8], sz = 4.
libbpf: map 'arena': found value [12], sz = 23199768.
libbpf: map 'arena': found max_entries = 1.
libbpf: sec '.relkretprobe/_Z9rope_normILb1ELb0Ef6__halfEvPKT1_PT2_iiiiiPKifff14rope_corr_dimsfPKfPKli': collecting relocation for section(3) 'kretprobe/_Z9rope_normILb1ELb0Ef6__halfEvPKT1_PT2_iiiiiPKifff14rope_corr_dimsfPKfPKli'
libbpf: sec '.relkretprobe/_Z9rope_normILb1ELb0Ef6__halfEvPKT1_PT2_iiiiiPKifff14rope_corr_dimsfPKfPKli': relo #0: insn #47 against 'arena'
libbpf: prog 'cuda__retprobe': found map 0 (arena, sec 4, off 0) for insn #47
libbpf: object 'onevalue_array_': failed (-EACCES) to open BPF FS mount at '/sys/fs/bpf', skipping optional step...
libbpf: Kernel doesn't support BTF, skipping uploading it.
libbpf: map 'arena': created successfully, fd=34
One-value map type: 1503
One-value map max entries: 1
One-value map value bytes: 23199768
One-value probe attached; waiting for SIGINT
[2026-09-07 17:57:01][warning][1940923] Calling original ioctl: 8 3223340586 134895561057904
[2026-09-07 17:58:24][warning][1940717] Calling original ioctl: 8 3223340586 140731482990016
One-value drain bytes: 23199768
One-value drain time ns: 11080822
Warp append counters total: 720896
Active warps: 16384
Coordinate extent x: 16384
Stored events: 720896
Event coordinate mismatches: 0
Reserved total committed (device): 0
Overflow events: 0
Out-of-range events: 0
Nonzero timestamps: 720896
[2026-09-07 17:58:24][warning][1940717] Calling original ioctl: 9 34 140731482999696
[2026-09-07 17:58:24][warning][1940717] Calling original ioctl: 8 3222292009 140731482999856
[2026-09-07 17:58:24][warning][1940717] Calling original ioctl: 9 34 140731483002288
[2026-09-07 17:58:24][warning][1940717] Calling original ioctl: 8 3222292009 140731483002448
[2026-09-07 17:58:24][warning][1940717] Calling original ioctl: 9 34 140731483002288
[2026-09-07 17:58:24][warning][1940717] Calling original ioctl: 8 3222292009 140731483002448
[2026-09-07 17:58:24][warning][1940717] Calling original ioctl: 8 3222292009 140731483003168
[2026-09-07 17:58:24][warning][1940717] Calling original ioctl: 26 3222292175 140731483003184
[2026-09-07 17:58:24][warning][1940717] Calling original ioctl: 8 3222292009 140731483003168
[2026-09-07 17:58:24][warning][1940717] Calling original ioctl: 28 3222292175 140731483003184
[2026-09-07 17:58:24][warning][1940717] Calling original ioctl: 8 3222292009 140731483003168
[2026-09-07 17:58:24][warning][1940717] Calling original ioctl: 24 3222292175 140731483003184
[2026-09-07 17:58:24][warning][1940717] Calling original ioctl: 8 3222292009 140731483003168
[2026-09-07 17:58:24][warning][1940717] Calling original ioctl: 30 3222292175 140731483003184
[2026-09-07 17:58:24][warning][1940717] Calling original ioctl: 9 34 140731483002192
[2026-09-07 17:58:24][warning][1940717] Calling original ioctl: 8 3222292009 140731483002352
[2026-09-07 17:58:24][warning][1940717] Calling original ioctl: 9 34 140731483002192
[2026-09-07 17:58:24][warning][1940717] Calling original ioctl: 8 3222292009 140731483002352
[2026-09-07 17:58:24][warning][1940717] Calling original ioctl: 9 34 140731483002320
[2026-09-07 17:58:24][warning][1940717] Calling original ioctl: 8 3223340623 140731483002528
[2026-09-07 17:58:24][warning][1940717] Calling original ioctl: 8 3222292009 140731483002480
[2026-09-07 17:58:24][warning][1940717] Calling original ioctl: 8 3222292009 140731483003248
[2026-09-07 17:58:24][warning][1940717] Calling original ioctl: 9 34 140731483002304
[2026-09-07 17:58:24][warning][1940717] Calling original ioctl: 8 3222292009 140731483002464
[2026-09-07 17:58:24][warning][1940717] Calling original ioctl: 9 34 140731483002304
[2026-09-07 17:58:24][warning][1940717] Calling original ioctl: 8 3223340623 140731483002512
[2026-09-07 17:58:24][warning][1940717] Calling original ioctl: 8 3222292009 140731483002464
[2026-09-07 17:58:24][warning][1940717] Calling original ioctl: 8 3223340586 140731482998176
[2026-09-07 17:58:24][warning][1940717] Calling original ioctl: 9 34 140731483002128
[2026-09-07 17:58:24][warning][1940717] Calling original ioctl: 8 3222292009 140731483002288
[2026-09-07 17:58:24][warning][1940717] Calling original ioctl: 8 3223340586 140731482998176
[2026-09-07 17:58:24][warning][1940717] Calling original ioctl: 9 34 140731483002128
[2026-09-07 17:58:24][warning][1940717] Calling original ioctl: 8 3222292009 140731483002288
[2026-09-07 17:58:24][warning][1940717] Calling original ioctl: 8 3223340586 140731482998176
[2026-09-07 17:58:24][warning][1940717] Calling original ioctl: 9 34 140731483002128
[2026-09-07 17:58:24][warning][1940717] Calling original ioctl: 8 3222292009 140731483002288
[2026-09-07 17:58:24][warning][1940717] Calling original ioctl: 8 3223340586 140731482999072
[2026-09-07 17:58:24][warning][1940717] Calling original ioctl: 9 34 140731483002352
[2026-09-07 17:58:24][warning][1940717] Calling original ioctl: 9 34 140731483002352
[2026-09-07 17:58:24][warning][1940717] Calling original ioctl: 8 3222292009 140731483002512
[2026-09-07 17:58:24][warning][1940717] Calling original ioctl: 9 34 140731483002352
[2026-09-07 17:58:24][warning][1940717] Calling original ioctl: 8 3222292009 140731483002512
[2026-09-07 17:58:24][warning][1940717] Calling original ioctl: 9 34 140731483002304
[2026-09-07 17:58:24][warning][1940717] Calling original ioctl: 8 3223340623 140731483002512
[2026-09-07 17:58:24][warning][1940717] Calling original ioctl: 8 3222292009 140731483002464
[2026-09-07 17:58:24][warning][1940717] Calling original ioctl: 9 24 140731483003344
[2026-09-07 17:58:24][warning][1940717] Calling original ioctl: 9 24 140731483003344
[2026-09-07 17:58:24][warning][1940717] Calling original ioctl: 9 24 140731483003376
[2026-09-07 17:58:24][warning][1940717] Calling original ioctl: 9 24 140731483003344
[2026-09-07 17:58:24][warning][1940717] Calling original ioctl: 9 24 140731483003344
[2026-09-07 17:58:24][warning][1940717] Calling original ioctl: 9 24 140731483003344
[2026-09-07 17:58:24][warning][1940717] Calling original ioctl: 9 24 140731483003344
[2026-09-07 17:58:24][warning][1940717] Calling original ioctl: 9 34 140731483002240
[2026-09-07 17:58:24][warning][1940717] Calling original ioctl: 8 3222292009 140731483002400
[2026-09-07 17:58:24][warning][1940717] Calling original ioctl: 9 34 140731483002240
[2026-09-07 17:58:24][warning][1940717] Calling original ioctl: 8 3222292009 140731483002400
[2026-09-07 17:58:24][warning][1940717] Calling original ioctl: 9 34 140731483002352
[2026-09-07 17:58:24][warning][1940717] Calling original ioctl: 8 3222292009 140731483002512
[2026-09-07 17:58:24][warning][1940717] Calling original ioctl: 8 3222292009 140731483003088
[2026-09-07 17:58:24][warning][1940717] Calling original ioctl: 17 3222292175 140731483003104
[2026-09-07 17:58:24][warning][1940717] Calling original ioctl: 9 28 140731483003216
[2026-09-07 17:58:24][warning][1940717] Calling original ioctl: 9 28 140731483003216
[2026-09-07 17:58:24][warning][1940717] Calling original ioctl: 9 28 140731483003216
[2026-09-07 17:58:24][warning][1940717] Calling original ioctl: 9 28 140731483003216
[2026-09-07 17:58:24][warning][1940717] Calling original ioctl: 9 28 140731483003216
[2026-09-07 17:58:24][warning][1940717] Calling original ioctl: 9 28 140731483003216
[2026-09-07 17:58:24][warning][1940717] Calling original ioctl: 9 28 140731483003216
[2026-09-07 17:58:24][warning][1940717] Calling original ioctl: 9 28 140731483003216
[2026-09-07 17:58:24][warning][1940717] Calling original ioctl: 8 3222292009 140731483002976
[2026-09-07 17:58:24][warning][1940717] Calling original ioctl: 8 3222292009 140731483002976
[2026-09-07 17:58:24][warning][1940717] Calling original ioctl: 8 3222292009 140731483003024
[2026-09-07 17:58:24][warning][1940717] Calling original ioctl: 8 3223340623 140731483002288
[2026-09-07 17:58:24][warning][1940717] Calling original ioctl: 8 3222292009 140731483002240
[2026-09-07 17:58:24][warning][1940717] Calling original ioctl: 8 3222292009 140731483002976
[2026-09-07 17:58:24][warning][1940717] Calling original ioctl: 8 3222292009 140731483003024
[2026-09-07 17:58:24][warning][1940717] Calling original ioctl: 8 3223340623 140731483002288
[2026-09-07 17:58:24][warning][1940717] Calling original ioctl: 8 3222292009 140731483002240
[2026-09-07 17:58:24][warning][1940717] Calling original ioctl: 8 3222292009 140731483002976
[2026-09-07 17:58:24][warning][1940717] Calling original ioctl: 8 3222292009 140731483002976
[2026-09-07 17:58:24][warning][1940717] Calling original ioctl: 8 3222292009 140731483003024
[2026-09-07 17:58:24][warning][1940717] Calling original ioctl: 8 3223340623 140731483002288
[2026-09-07 17:58:24][warning][1940717] Calling original ioctl: 8 3222292009 140731483002240
[2026-09-07 17:58:24][warning][1940717] Calling original ioctl: 8 3222292009 140731483002976
[2026-09-07 17:58:24][warning][1940717] Calling original ioctl: 8 3222292009 140731483003024
[2026-09-07 17:58:24][warning][1940717] Calling original ioctl: 8 3223340623 140731483002288
[2026-09-07 17:58:24][warning][1940717] Calling original ioctl: 8 3222292009 140731483002240
[2026-09-07 17:58:24][warning][1940717] Calling original ioctl: 8 3222292009 140731483002976
[2026-09-07 17:58:24][warning][1940717] Calling original ioctl: 8 3222292009 140731483002976
[2026-09-07 17:58:24][warning][1940717] Calling original ioctl: 8 3222292009 140731483003024
[2026-09-07 17:58:24][warning][1940717] Calling original ioctl: 8 3223340623 140731483002288
[2026-09-07 17:58:24][warning][1940717] Calling original ioctl: 8 3222292009 140731483002240
[2026-09-07 17:58:24][warning][1940717] Calling original ioctl: 8 3222292009 140731483002976
[2026-09-07 17:58:24][warning][1940717] Calling original ioctl: 8 3222292009 140731483003024
[2026-09-07 17:58:24][warning][1940717] Calling original ioctl: 8 3223340623 140731483002288
[2026-09-07 17:58:24][warning][1940717] Calling original ioctl: 8 3222292009 140731483002240
[2026-09-07 17:58:24][warning][1940717] Calling original ioctl: 8 3222292009 140731483002976
[2026-09-07 17:58:24][warning][1940717] Calling original ioctl: 8 3222292009 140731483002976
[2026-09-07 17:58:24][warning][1940717] Calling original ioctl: 8 3222292009 140731483003024
[2026-09-07 17:58:24][warning][1940717] Calling original ioctl: 8 3223340623 140731483002288
[2026-09-07 17:58:24][warning][1940717] Calling original ioctl: 8 3222292009 140731483002240
[2026-09-07 17:58:24][warning][1940717] Calling original ioctl: 8 3222292009 140731483002976
[2026-09-07 17:58:24][warning][1940717] Calling original ioctl: 8 3222292009 140731483003024
[2026-09-07 17:58:24][warning][1940717] Calling original ioctl: 8 3223340623 140731483002288
[2026-09-07 17:58:24][warning][1940717] Calling original ioctl: 8 3222292009 140731483002240
[2026-09-07 17:58:24][warning][1940717] Calling original ioctl: 8 3222292009 140731483003152
[2026-09-07 17:58:24][warning][1940717] Calling original ioctl: 8 3222292009 140731483003120
[2026-09-07 17:58:24][warning][1940717] Calling original ioctl: 8 3222292009 140731483003088
[2026-09-07 17:58:24][warning][1940717] Calling original ioctl: 19 3222292175 140731483003104
[2026-09-07 17:58:24][warning][1940717] Calling original ioctl: 9 28 140731483003216
[2026-09-07 17:58:24][warning][1940717] Calling original ioctl: 9 28 140731483003216
[2026-09-07 17:58:24][warning][1940717] Calling original ioctl: 9 28 140731483003216
[2026-09-07 17:58:24][warning][1940717] Calling original ioctl: 9 28 140731483003216
[2026-09-07 17:58:24][warning][1940717] Calling original ioctl: 8 3222292009 140731483002976
[2026-09-07 17:58:24][warning][1940717] Calling original ioctl: 8 3222292009 140731483003024
[2026-09-07 17:58:24][warning][1940717] Calling original ioctl: 8 3223340623 140731483002288
[2026-09-07 17:58:24][warning][1940717] Calling original ioctl: 8 3222292009 140731483002240
[2026-09-07 17:58:24][warning][1940717] Calling original ioctl: 8 3222292009 140731483002976
[2026-09-07 17:58:24][warning][1940717] Calling original ioctl: 8 3222292009 140731483003024
[2026-09-07 17:58:24][warning][1940717] Calling original ioctl: 8 3223340623 140731483002288
[2026-09-07 17:58:24][warning][1940717] Calling original ioctl: 8 3222292009 140731483002240
[2026-09-07 17:58:24][warning][1940717] Calling original ioctl: 8 3222292009 140731483002976
[2026-09-07 17:58:24][warning][1940717] Calling original ioctl: 8 3222292009 140731483003024
[2026-09-07 17:58:24][warning][1940717] Calling original ioctl: 8 3223340623 140731483002288
[2026-09-07 17:58:24][warning][1940717] Calling original ioctl: 8 3222292009 140731483002240
[2026-09-07 17:58:24][warning][1940717] Calling original ioctl: 8 3222292009 140731483002976
[2026-09-07 17:58:24][warning][1940717] Calling original ioctl: 8 3222292009 140731483003024
[2026-09-07 17:58:24][warning][1940717] Calling original ioctl: 8 3223340623 140731483002288
[2026-09-07 17:58:24][warning][1940717] Calling original ioctl: 8 3222292009 140731483002240
[2026-09-07 17:58:24][warning][1940717] Calling original ioctl: 8 3222292009 140731483003120
[2026-09-07 17:58:24][warning][1940717] Calling original ioctl: 8 3222292009 140731483003088
[2026-09-07 17:58:24][warning][1940717] Calling original ioctl: 21 3222292175 140731483003104
[2026-09-07 17:58:24][warning][1940717] Calling original ioctl: 9 28 140731483003216
[2026-09-07 17:58:24][warning][1940717] Calling original ioctl: 9 28 140731483003216
[2026-09-07 17:58:24][warning][1940717] Calling original ioctl: 9 28 140731483003216
[2026-09-07 17:58:24][warning][1940717] Calling original ioctl: 9 28 140731483003216
[2026-09-07 17:58:24][warning][1940717] Calling original ioctl: 8 3222292009 140731483002976
[2026-09-07 17:58:24][warning][1940717] Calling original ioctl: 8 3222292009 140731483003024
[2026-09-07 17:58:24][warning][1940717] Calling original ioctl: 8 3223340623 140731483002288
[2026-09-07 17:58:24][warning][1940717] Calling original ioctl: 8 3222292009 140731483002240
[2026-09-07 17:58:24][warning][1940717] Calling original ioctl: 8 3222292009 140731483002976
[2026-09-07 17:58:24][warning][1940717] Calling original ioctl: 8 3222292009 140731483003024
[2026-09-07 17:58:24][warning][1940717] Calling original ioctl: 8 3223340623 140731483002288
[2026-09-07 17:58:24][warning][1940717] Calling original ioctl: 8 3222292009 140731483002240
[2026-09-07 17:58:24][warning][1940717] Calling original ioctl: 8 3222292009 140731483002976
[2026-09-07 17:58:24][warning][1940717] Calling original ioctl: 8 3222292009 140731483003024
[2026-09-07 17:58:24][warning][1940717] Calling original ioctl: 8 3223340623 140731483002288
[2026-09-07 17:58:24][warning][1940717] Calling original ioctl: 8 3222292009 140731483002240
[2026-09-07 17:58:24][warning][1940717] Calling original ioctl: 8 3222292009 140731483002976
[2026-09-07 17:58:24][warning][1940717] Calling original ioctl: 8 3222292009 140731483003024
[2026-09-07 17:58:24][warning][1940717] Calling original ioctl: 8 3223340623 140731483002288
[2026-09-07 17:58:24][warning][1940717] Calling original ioctl: 8 3222292009 140731483002240
[2026-09-07 17:58:24][warning][1940717] Calling original ioctl: 9 34 140731483002048
[2026-09-07 17:58:24][warning][1940717] Calling original ioctl: 8 3223340623 140731483002256
[2026-09-07 17:58:24][warning][1940717] Calling original ioctl: 8 3222292009 140731483002208
[2026-09-07 17:58:24][warning][1940717] Calling original ioctl: 9 34 140731483002048
[2026-09-07 17:58:24][warning][1940717] Calling original ioctl: 8 3223340623 140731483002256
[2026-09-07 17:58:24][warning][1940717] Calling original ioctl: 8 3222292009 140731483002208
[2026-09-07 17:58:24][warning][1940717] Calling original ioctl: 8 3222292009 140731483003120
[2026-09-07 17:58:24][warning][1940717] Calling original ioctl: 9 34 140731483002352
[2026-09-07 17:58:24][warning][1940717] Calling original ioctl: 8 3222292009 140731483002512
[2026-09-07 17:58:24][warning][1940717] Calling original ioctl: 9 34 140731483002256
[2026-09-07 17:58:24][warning][1940717] Calling original ioctl: 8 3222292009 140731483002416
[2026-09-07 17:58:24][warning][1940717] Calling original ioctl: 9 34 140731483002352
[2026-09-07 17:58:24][warning][1940717] Calling original ioctl: 8 3222292009 140731483002512
[2026-09-07 17:58:24][warning][1940717] Calling original ioctl: 9 34 140731483002304
[2026-09-07 17:58:24][warning][1940717] Calling original ioctl: 8 3222292009 140731483002464
[2026-09-07 17:58:24][warning][1940717] Calling original ioctl: 9 34 140731483002288
[2026-09-07 17:58:24][warning][1940717] Calling original ioctl: 8 3223340623 140731483002496
[2026-09-07 17:58:24][warning][1940717] Calling original ioctl: 8 3222292009 140731483002448
[2026-09-07 17:58:24][warning][1940717] Calling original ioctl: 9 34 140731483002288
[2026-09-07 17:58:24][warning][1940717] Calling original ioctl: 8 3223340623 140731483002496
[2026-09-07 17:58:24][warning][1940717] Calling original ioctl: 8 3222292009 140731483002448
[2026-09-07 17:58:24][warning][1940717] Calling original ioctl: 9 34 140731483002304
[2026-09-07 17:58:24][warning][1940717] Calling original ioctl: 8 3222292009 140731483002464
[2026-09-07 17:58:24][warning][1940717] Calling original ioctl: 9 34 140731483002304
[2026-09-07 17:58:24][warning][1940717] Calling original ioctl: 8 3222292009 140731483002464
[2026-09-07 17:58:24][warning][1940717] Calling original ioctl: 9 34 140731483002464
[2026-09-07 17:58:24][warning][1940717] Calling original ioctl: 8 3223340586 140731482999056
