gpreempt_hint_ready: backend=ubpf-jit clock=system_clock comparison=strict_gt
{"event":"transport","test":"creator_thread_query","pid":262238,"tid":262243,"ioctl_rc":0,"errno":0,"nvstatus":0,"hclient":3251634218,"hobject":1543503891}
gpreempt_context_registered: role=0 hclient=3251634218 htsg=1543503891 tsg_id=1 engine=1 runlist=0 timeslice_us=1000000 cuda_context=134834928240592
{"event":"role_context","pid":262238,"tid":262243,"role":0,"hclient":3251634218,"htsg":1543503891,"cuda_context":134834928240592,"channels":8,"kernel_begin_ns":9381405243233}
{"event":"transport","test":"creator_thread_query","pid":262238,"tid":262244,"ioctl_rc":0,"errno":0,"nvstatus":0,"hclient":3251634218,"hobject":1543504008}
gpreempt_context_registered: role=1 hclient=3251634218 htsg=1543504008 tsg_id=2 engine=1 runlist=0 timeslice_us=1 cuda_context=134834122918896
{"event":"role_context","pid":262238,"tid":262244,"role":1,"hclient":3251634218,"htsg":1543504008,"cuda_context":134834122918896,"channels":8,"kernel_begin_ns":9381528709860}
{"event":"transport","test":"same_process_different_fd_query","pid":262238,"tid":262238,"ioctl_rc":0,"errno":0,"nvstatus":0,"hclient":3251634218,"hobject":1543503891}
{"event":"transport","test":"same_process_different_fd_query","pid":262238,"tid":262238,"ioctl_rc":0,"errno":0,"nvstatus":0,"hclient":3251634218,"hobject":1543504008}
{"event":"transport","test":"bad_query_payload_size","pid":262238,"tid":262238,"ioctl_rc":0,"errno":0,"nvstatus":31,"hclient":0,"hobject":0}
{"event":"transport","test":"bad_query_output_pointer","pid":262238,"tid":262238,"ioctl_rc":0,"errno":0,"nvstatus":30,"hclient":0,"hobject":0}
{"event":"transport","test":"null_query_output_pointer","pid":262238,"tid":262238,"ioctl_rc":0,"errno":0,"nvstatus":31,"hclient":0,"hobject":0}
{"event":"transport","test":"nonzero_query_object","pid":262238,"tid":262238,"ioctl_rc":0,"errno":0,"nvstatus":31,"hclient":0,"hobject":0}
{"event":"transport","test":"bad_outer_size","pid":262238,"tid":262238,"ioctl_rc":-1,"errno":22,"nvstatus":4294967295,"hclient":262243,"hobject":0}
{"event":"transport","test":"unsupported_control_version","pid":262238,"tid":262238,"ioctl_rc":0,"errno":0,"nvstatus":31,"hclient":3251634218,"hobject":1543503891}
{"event":"transport","test":"nonwhitelisted_control_command","pid":262238,"tid":262238,"ioctl_rc":0,"errno":0,"nvstatus":31,"hclient":3251634218,"hobject":1543503891}
{"event":"transport","test":"bad_control_payload_size","pid":262238,"tid":262238,"ioctl_rc":0,"errno":0,"nvstatus":31,"hclient":3251634218,"hobject":1543503891}
{"event":"transport","test":"bad_control_input_pointer","pid":262238,"tid":262238,"ioctl_rc":0,"errno":0,"nvstatus":30,"hclient":3251634218,"hobject":1543503891}
{"event":"transport","test":"nonwhitelisted_timeslice","pid":262238,"tid":262238,"ioctl_rc":0,"errno":0,"nvstatus":31,"hclient":3251634218,"hobject":1543503891}
{"event":"transport","test":"channel_is_not_gr_tsg","pid":262238,"tid":262238,"ioctl_rc":0,"errno":0,"nvstatus":87,"hclient":3251634218,"hobject":1543503898}
{"event":"transport","test":"foreign_process_query","pid":262257,"tid":262257,"ioctl_rc":0,"errno":0,"nvstatus":87,"hclient":0,"hobject":0}
{"event":"transport","test":"foreign_process_control","pid":262257,"tid":262257,"ioctl_rc":0,"errno":0,"nvstatus":87,"hclient":3251634218,"hobject":1543503891}
{"event":"foreign_process_checks","passed":true,"negatives":2}
{"event":"transport","test":"same_creator_ambiguous_gr","pid":262238,"tid":262238,"ioctl_rc":0,"errno":0,"nvstatus":64,"hclient":0,"hobject":0}
{"event":"transport","test":"unambiguous_after_one_destroy","pid":262238,"tid":262238,"ioctl_rc":0,"errno":0,"nvstatus":0,"hclient":3251634218,"hobject":1543504124}
{"event":"transport","test":"query_after_context_destruction","pid":262238,"tid":262238,"ioctl_rc":0,"errno":0,"nvstatus":87,"hclient":0,"hobject":0}
{"event":"transport","test":"stale_owned_tsg_control","pid":262238,"tid":262238,"ioctl_rc":0,"errno":0,"nvstatus":87,"hclient":3251634218,"hobject":1543503891}
{"event":"transport","test":"stale_owned_tsg_control","pid":262238,"tid":262238,"ioctl_rc":0,"errno":0,"nvstatus":87,"hclient":3251634218,"hobject":1543504008}
{"event":"gpreempt_context_smoke","passed":true,"policy":"bpf","roles":2,"validated_values":2048,"negative_cases":17,"assertions":2288,"gdr_actuator_tested":false,"performance_measured":false}
gpreempt_bridge_stats: backend=ubpf-jit preprocess=2 due=3 infer=1 reset=1 hint=1 block=1 release=1 scopes=2 registered=2 ended=2 errors=0
