[2026-09-03 21:53:11][info][1608790] Setting BPFTIME_SHM_MEMORY_MB to: 128
[2026-09-03 21:53:11][info][1608790] Setting BPFTIME_MAX_FD_COUNT to: 1024
[2026-09-03 21:53:11][info][1608790] Init bpftime syscall mocking..
[2026-09-03 21:53:11][info][1608790] The log will be written to: console
[2026-09-03 21:53:11][info][1608790] Starting syscall server..
[2026-09-03 21:53:11][info][1608790] Setting BPFTIME_SHM_MEMORY_MB to: 128
[2026-09-03 21:53:11][info][1608790] Setting BPFTIME_MAX_FD_COUNT to: 1024
[2026-09-03 21:53:11][info][1608790] Initialize syscall server
[2026-09-03 21:53:11][info][1608790] Setting BPFTIME_SHM_MEMORY_MB to: 128
[2026-09-03 21:53:11][info][1608790] Setting BPFTIME_MAX_FD_COUNT to: 1024
[2026-09-03 21:53:11][info][1608790] Global shm constructed. shm_open_type 3 for gpubpf_raw_map_1607430_1788497591110348521
[2026-09-03 21:53:11][info][1608790] Global shm initialized
[2026-09-03 21:53:11][info][1608790] Initializing CUDA at syscall-server side
[2026-09-03 21:53:11][info][1608790] CUDA initialized at syscall server side
[2026-09-03 21:53:11][info][1608790] bpftime-syscall-server started
[2026-09-03 21:53:11][info][1608790] syscall server: Set enable_mock_after_initialized to false
[2026-09-03 21:53:11][info][1608790] CUDA context for thread 1608790 has been set to 5f7cf04a29d0
[2026-09-03 21:53:11][info][1608790] Map aggregate (nv_gpu_per_thread_array_map_impl) has space for thread count 256
[2026-09-03 21:53:11][info][1608790] Initializing map type of BPF_MAP_TYPE_PERGPUTD_ARRAY_MAP, total_buffer_size=8192
[2026-09-03 21:53:11][info][1608790] syscall server: Set enable_mock_after_initialized to true
[2026-09-03 21:53:11][info][1608790] syscall server: Set enable_mock_after_initialized to false
[2026-09-03 21:53:11][info][1608790] CUDA context for thread 1608790 has been set to 5f7cf13cc800
[2026-09-03 21:53:11][info][1608790] Map raw_records (nv_gpu_ringbuf_map_impl) has space for thread count 256
[2026-09-03 21:53:11][info][1608790] syscall server: Set enable_mock_after_initialized to true
[2026-09-03 21:53:11][info][1608790] Created kprobe/kretprobe perf event handler, func_name raw_map_kernel, addr 0
