[2026-09-04 09:40:52][info][2699366] Setting BPFTIME_SHM_MEMORY_MB to: 256
[2026-09-04 09:40:52][info][2699366] Setting BPFTIME_MAX_FD_COUNT to: 1024
[2026-09-04 09:40:52][warning][2699366] BPFTIME_VERIFIER_LEVEL=WARNING was requested, but this bpftime build was compiled with ENABLE_EBPF_VERIFIER=OFF; continuing without userspace verification.
[2026-09-04 09:40:52][info][2699366] Verifier mode: WARNING
[2026-09-04 09:40:52][info][2699366] Init bpftime syscall mocking..
[2026-09-04 09:40:52][info][2699366] The log will be written to: console
[2026-09-04 09:40:52][info][2699366] Starting syscall server..
[2026-09-04 09:40:52][info][2699366] Setting BPFTIME_SHM_MEMORY_MB to: 256
[2026-09-04 09:40:52][info][2699366] Setting BPFTIME_MAX_FD_COUNT to: 1024
[2026-09-04 09:40:52][warning][2699366] BPFTIME_VERIFIER_LEVEL=WARNING was requested, but this bpftime build was compiled with ENABLE_EBPF_VERIFIER=OFF; continuing without userspace verification.
[2026-09-04 09:40:52][info][2699366] Verifier mode: WARNING
[2026-09-04 09:40:52][info][2699366] Initialize syscall server
[2026-09-04 09:40:52][info][2699366] Setting BPFTIME_SHM_MEMORY_MB to: 256
[2026-09-04 09:40:52][info][2699366] Setting BPFTIME_MAX_FD_COUNT to: 1024
[2026-09-04 09:40:52][warning][2699366] BPFTIME_VERIFIER_LEVEL=WARNING was requested, but this bpftime build was compiled with ENABLE_EBPF_VERIFIER=OFF; continuing without userspace verification.
[2026-09-04 09:40:52][info][2699366] Verifier mode: WARNING
[2026-09-04 09:40:52][info][2699366] Global shm constructed. shm_open_type 3 for fig15_map_2696097_113797755997333
[2026-09-04 09:40:52][info][2699366] Global shm initialized
[2026-09-04 09:40:52][info][2699366] Initializing CUDA at syscall-server side
[2026-09-04 09:40:52][info][2699366] CUDA initialized at syscall server side
[2026-09-04 09:40:52][info][2699366] bpftime-syscall-server started
[2026-09-04 09:40:52][info][2699366] syscall server: Set enable_mock_after_initialized to false
[2026-09-04 09:40:52][info][2699366] CUDA context for thread 2699366 has been set to 62a49c070130
[2026-09-04 09:40:52][info][2699366] Map device_values (nv_gpu_shared_array_map_impl) shared array
[2026-09-04 09:40:52][info][2699366] Initializing map type of BPF_MAP_TYPE_GPU_ARRAY_MAP (device), total_buffer_size=256
[2026-09-04 09:40:52][info][2699366] syscall server: Set enable_mock_after_initialized to true
[2026-09-04 09:40:52][info][2699366] Map host_values (nv_gpu_shared_array_host_map_impl) shared array
[2026-09-04 09:40:52][info][2699366] Initializing map type of BPF_MAP_TYPE_GPU_ARRAY_HOST_MAP (shared mem), value_size=8, max_entries=32, total_buffer_size=256
[2026-09-04 09:40:52][info][2699366] Allocated shared memory buffer at 79fe4082aa60
[2026-09-04 09:40:52][info][2699366] syscall server: Set enable_mock_after_initialized to false
[2026-09-04 09:40:52][info][2699366] CUDA context for thread 2699366 has been set to 62a49cf9a8d0
[2026-09-04 09:40:52][info][2699366] Map observed_values (nv_gpu_shared_array_map_impl) shared array
[2026-09-04 09:40:52][info][2699366] Initializing map type of BPF_MAP_TYPE_GPU_ARRAY_MAP (device), total_buffer_size=256
[2026-09-04 09:40:52][info][2699366] syscall server: Set enable_mock_after_initialized to true
[2026-09-04 09:40:52][info][2699366] Created kprobe/kretprobe perf event handler, func_name fig15_map_kernel, addr 0
FIG15_READY	noop	1
FIG15_DETACHED	1
[2026-09-04 09:40:53][warning][2699366] Calling original ioctl: 10 34 140735780377280
[2026-09-04 09:40:53][warning][2699366] Calling original ioctl: 9 3222292009 140735780377440
[2026-09-04 09:40:53][warning][2699366] Calling original ioctl: 10 34 140735780377280
[2026-09-04 09:40:53][warning][2699366] Calling original ioctl: 9 3222292009 140735780377440
