[2026-09-08 03:00:22][info][2573425] bpf_attach_ctx constructed
[2026-09-08 03:00:22][info][2573425] Initializing CUDA shared memory
[2026-09-08 03:00:22][info][2573425] CommSharedMem host 0x793c09e297d8 mapped to device 0x793c09e297d8
[2026-09-08 03:00:22][info][2573425] CUDA context created
[2026-09-08 03:00:22][info][2573425] Register attach-impl defined helper bpf_get_func_arg, index 183
[2026-09-08 03:00:22][info][2573425] Register attach-impl defined helper bpf_get_func_ret_id, index 184
[2026-09-08 03:00:22][info][2573425] Register attach-impl defined helper bpf_get_retval, index 186
[2026-09-08 03:00:22][info][2573425] Starting nv_attach_impl
[2026-09-08 03:00:22][info][2573425] Parsing bundled libraries: /home/yunwei37/workspace/gpu/bpftime-auto-warp/build-auto-warp-575/attach/nv_attach_impl/pass/ptxpass_kprobe_entry/libptxpass_kprobe_entry.so:/home/yunwei37/workspace/gpu/bpftime-auto-warp/build-auto-warp-575/attach/nv_attach_impl/pass/ptxpass_kretprobe/libptxpass_kretprobe.so:/home/yunwei37/workspace/gpu/bpftime-auto-warp/build-auto-warp-575/attach/nv_attach_impl/pass/ptxpass_kprobe_memcapture/libptxpass_kprobe_memcapture.so
[2026-09-08 03:00:22][info][2573425] Found path: /home/yunwei37/workspace/gpu/bpftime-auto-warp/build-auto-warp-575/attach/nv_attach_impl/pass/ptxpass_kprobe_entry/libptxpass_kprobe_entry.so, executing..
[2026-09-08 03:00:22][info][2573425] Retrived config of /home/yunwei37/workspace/gpu/bpftime-auto-warp/build-auto-warp-575/attach/nv_attach_impl/pass/ptxpass_kprobe_entry/libptxpass_kprobe_entry.so
[2026-09-08 03:00:22][info][2573425] Found path: /home/yunwei37/workspace/gpu/bpftime-auto-warp/build-auto-warp-575/attach/nv_attach_impl/pass/ptxpass_kretprobe/libptxpass_kretprobe.so, executing..
[2026-09-08 03:00:22][info][2573425] Retrived config of /home/yunwei37/workspace/gpu/bpftime-auto-warp/build-auto-warp-575/attach/nv_attach_impl/pass/ptxpass_kretprobe/libptxpass_kretprobe.so
[2026-09-08 03:00:22][info][2573425] Found path: /home/yunwei37/workspace/gpu/bpftime-auto-warp/build-auto-warp-575/attach/nv_attach_impl/pass/ptxpass_kprobe_memcapture/libptxpass_kprobe_memcapture.so, executing..
[2026-09-08 03:00:22][info][2573425] Retrived config of /home/yunwei37/workspace/gpu/bpftime-auto-warp/build-auto-warp-575/attach/nv_attach_impl/pass/ptxpass_kprobe_memcapture/libptxpass_kprobe_memcapture.so
[2026-09-08 03:00:22][info][2573425] Initializing agent..
[2026-09-08 03:00:22][info][2573425] bpftime: shm epoch_seq = 2
[2026-09-08 03:00:22][info][2573425] Instantiating bpf link 42 and the corresponding program cuda__shared is cuda program
[2026-09-08 03:00:22][info][2573425] Skipping nv attach handler 42 since we are not handling nv handles
[2026-09-08 03:00:22][info][2573425] Instantiating bpf link 42 and the corresponding program cuda__shared is cuda program
[2026-09-08 03:00:22][info][2573425] Handling link to CUDA program: 42, recording it..
[2026-09-08 03:00:22][info][2573425] Loaded 14 instructions (original) for cuda ebpf program
[2026-09-08 03:00:22][info][2573425] Initializing nv_gpu_shared_array_map_impl at pid 2573425
[2026-09-08 03:00:22][info][2573425] Mapped GPU memory for shared array map: 133289729851392
[2026-09-08 03:00:22][info][2573425] Copying map fd 17 to device, key size=4, value size=8, max ent=64, map_type = 1503, gpu_buffer = 7939ef000000
[2026-09-08 03:00:22][info][2573425] GPU eBPF verification timing: program=cuda__shared verification_elapsed_ns=1635625
[2026-09-08 03:00:22][info][2573425] GPU eBPF verification accepted: mode=STRICT program=cuda__shared attach=kprobe/fig15_warp_map_kernel instructions=14
[2026-09-08 03:00:22][info][2573425] GPU eBPF verified map: program=cuda__shared fd=17 type=1503 key_size=4 value_size=8 max_entries=64
[2026-09-08 03:00:22][info][2573425] Cached shared_mem_ptr at 793c09e297d8
[2026-09-08 03:00:22][info][2573425] Recorded pass /home/yunwei37/workspace/gpu/bpftime-auto-warp/build-auto-warp-575/attach/nv_attach_impl/pass/ptxpass_kprobe_entry/libptxpass_kprobe_entry.so for func fig15_warp_map_kernel
[2026-09-08 03:00:22][info][2573425] nv_attach_impl: cached 260775 host symbols
[2026-09-08 03:00:22][info][2573425] nv_attach_impl: late attach bootstrap scanning fatbins..
[2026-09-08 03:00:23][info][2573425] nv_attach_impl: targeted late bootstrap selected 1 of 20 loaded module(s)
[2026-09-08 03:00:23][info][2573425] Temporary fatbin written to /tmp/bpftime-fatbin-work.DRODEM/temp.fatbin
[2026-09-08 03:00:23][info][2573425] Extracting PTX in the fatbin...
[2026-09-08 03:00:23][info][2573425] Calling cuobjdump: /usr/local/cuda-12.9/bin/cuobjdump --extract-ptx all /tmp/bpftime-fatbin-work.DRODEM/temp.fatbin
Extracting PTX file and ptxas options    1: warp_map_bench.sm_120.ptx -arch=sm_120  --generate-line-info 
[2026-09-08 03:00:23][info][2573425] Remove extracted files..
[2026-09-08 03:00:23][info][2573425] Got 1 PTX files
[2026-09-08 03:00:23][info][2573425] Loading & patching current fatbin..
[2026-09-08 03:00:23][info][2573463] Patching PTX: warp_map_bench.sm_120.ptx
[2026-09-08 03:00:23][info][2573463] Patching request <internal-cache-key-omitted> not found in cache, patching..
[ptxpass] kprobe_entry_stub: matched=1, in=1851, out=2914
[2026-09-08 03:00:23][info][2573425] Using SM arch from BPFTIME_SM_ARCH: sm_120
[2026-09-08 03:00:23][info][2573425] Compiling PTXs with sm_arch sm_120
[2026-09-08 03:00:23][info][2573425] Compiler version: 12.9
[2026-09-08 03:00:23][info][2573464] Start compiling patched.warp_map_bench.sm_120.ptx, not found in cache
[2026-09-08 03:00:23][info][2573464] Compile of patched.warp_map_bench.sm_120.ptx done
[2026-09-08 03:00:23][info][2573425] Loading module: patched.warp_map_bench.sm_120.ptx, not found in cache
[2026-09-08 03:00:23][info][2573425] Copying trampoline data to device
[2026-09-08 03:00:23][info][2573425] constData symbol device_ptr=7939ef200000 size=8 shared_mem_ptr=793c09e297d8
[2026-09-08 03:00:23][info][2573425] map_info symbol device_ptr=7939ef200008 size=40960
[2026-09-08 03:00:23][info][2573425] Trampoline data copied
[2026-09-08 03:00:23][info][2573425] Loaded module: patched.warp_map_bench.sm_120.ptx
[2026-09-08 03:00:23][info][2573425] nv_attach_impl: ingested fatbin from .nv_fatbin in /home/yunwei37/workspace/gpu/gpu_ext/microbench/fig15-device/strict-warp-map-scaling/.output/warp-map-bench
[2026-09-08 03:00:23][info][2573425] nv_attach_impl: late attach bootstrap ingested 1 fatbin(s)
[2026-09-08 03:00:23][info][2573425] agent ipc: listening (abstract) for pid 2573425
[2026-09-08 03:00:23][info][2573425] Attach successfully
[2026-09-08 03:00:23][info][2573431] Exiting CUDA watcher thread
FIG15_DEVICE	NVIDIA GeForce RTX 5090	12	0	32
FIG15_WARP_SHAPE	128	4
FIG15_MEASUREMENT	8	128	0.330015987
FIG15_CORRECT	128	0
