[  2%] Building C object 3rdparty/ipc/3rdparty/boost-ipc/container/CMakeFiles/boost_container.dir/src/alloc_lib.c.o
[  2%] Building CXX object utils/CMakeFiles/utils.dir/src/lock.cpp.o
[  4%] Building CXX object utils/CMakeFiles/utils.dir/src/psync.cpp.o
[  5%] Building CXX object 3rdparty/ipc/3rdparty/boost-ipc/container/CMakeFiles/boost_container.dir/src/dlmalloc.cpp.o
[  7%] Building CXX object 3rdparty/ipc/3rdparty/boost-ipc/container/CMakeFiles/boost_container.dir/src/global_resource.cpp.o
[  8%] Building CXX object utils/CMakeFiles/utils.dir/src/runner.cpp.o
[  9%] Building CXX object 3rdparty/ipc/3rdparty/boost-ipc/container/CMakeFiles/boost_container.dir/src/monotonic_buffer_resource.cpp.o
[ 11%] Building CXX object 3rdparty/ipc/3rdparty/boost-ipc/container/CMakeFiles/boost_container.dir/src/pool_resource.cpp.o
[ 12%] Building CXX object 3rdparty/ipc/3rdparty/boost-ipc/container/CMakeFiles/boost_container.dir/src/synchronized_pool_resource.cpp.o
[ 14%] Building CXX object 3rdparty/ipc/3rdparty/boost-ipc/container/CMakeFiles/boost_container.dir/src/unsynchronized_pool_resource.cpp.o
[ 15%] Linking CXX static library libboost_container.a
[ 15%] Built target boost_container
[ 16%] Building CXX object utils/CMakeFiles/utils.dir/src/timing.cpp.o
[ 18%] Building CXX object utils/CMakeFiles/utils.dir/src/waitpid.cpp.o
[ 19%] Building CXX object 3rdparty/ipc/src/CMakeFiles/ipc.dir/ipc.cpp.o
[ 21%] Linking CXX static library libutils.a
[ 22%] Building CXX object 3rdparty/ipc/src/CMakeFiles/ipc.dir/msgq/msgq.cpp.o
[ 22%] Built target utils
[ 23%] Building CXX object 3rdparty/ipc/src/CMakeFiles/ipc.dir/pipe/pipe.cpp.o
[ 25%] Building CXX object protocol/CMakeFiles/protocol.dir/src/device.cpp.o
[ 26%] Building CXX object protocol/CMakeFiles/protocol.dir/src/names.cpp.o
[ 28%] Linking CXX static library libprotocol.a
[ 28%] Built target protocol
[ 29%] Linking CXX static library libipc.a
[ 29%] Built target ipc
[ 32%] Building CXX object sched/CMakeFiles/sched.dir/src/policy/awf.cpp.o
[ 32%] Building CXX object sched/CMakeFiles/sched.dir/src/policy/cfs.cpp.o
[ 33%] Building CXX object sched/CMakeFiles/sched.dir/src/policy/chpf.cpp.o
[ 35%] Building CXX object sched/CMakeFiles/sched.dir/src/policy/hhpf.cpp.o
[ 36%] Building CXX object sched/CMakeFiles/sched.dir/src/policy/hpf.cpp.o
[ 38%] Building CXX object sched/CMakeFiles/sched.dir/src/policy/kedf.cpp.o
[ 39%] Building CXX object sched/CMakeFiles/sched.dir/src/policy/lax.cpp.o
[ 40%] Building CXX object sched/CMakeFiles/sched.dir/src/policy/mlfq.cpp.o
[ 42%] Building CXX object sched/CMakeFiles/sched.dir/src/policy/policy.cpp.o
[ 43%] Building CXX object sched/CMakeFiles/sched.dir/src/policy/pup.cpp.o
[ 45%] Building CXX object sched/CMakeFiles/sched.dir/src/policy/up.cpp.o
[ 46%] Building CXX object sched/CMakeFiles/sched.dir/src/protocol/event.cpp.o
[ 47%] Building CXX object sched/CMakeFiles/sched.dir/src/protocol/hint.cpp.o
[ 49%] Building CXX object sched/CMakeFiles/sched.dir/src/protocol/operation.cpp.o
[ 50%] Building CXX object sched/CMakeFiles/sched.dir/src/protocol/status.cpp.o
[ 52%] Building CXX object sched/CMakeFiles/sched.dir/src/scheduler/global.cpp.o
[ 53%] Building CXX object sched/CMakeFiles/sched.dir/src/scheduler/local.cpp.o
[ 54%] Building CXX object sched/CMakeFiles/sched.dir/src/scheduler/scheduler.cpp.o
[ 56%] Linking CXX static library libsched.a
[ 56%] Built target sched
[ 57%] Building CXX object preempt/CMakeFiles/preempt.dir/src/hal/hw_command.cpp.o
[ 59%] Building CXX object preempt/CMakeFiles/preempt.dir/src/hal/hw_queue.cpp.o
[ 60%] Building CXX object preempt/CMakeFiles/preempt.dir/src/sched/agent.cpp.o
[ 61%] Building CXX object preempt/CMakeFiles/preempt.dir/src/sched/executor.cpp.o
[ 63%] Building CXX object preempt/CMakeFiles/preempt.dir/src/sched/hint.cpp.o
[ 64%] Building CXX object preempt/CMakeFiles/preempt.dir/src/xqueue/async_xqueue.cpp.o
[ 66%] Building CXX object preempt/CMakeFiles/preempt.dir/src/xqueue/command_buffer.cpp.o
[ 67%] Building CXX object preempt/CMakeFiles/preempt.dir/src/xqueue/launch_worker.cpp.o
[ 69%] Building CXX object preempt/CMakeFiles/preempt.dir/src/xqueue/xcommand.cpp.o
[ 70%] Building CXX object preempt/CMakeFiles/preempt.dir/src/xqueue/xqueue.cpp.o
[ 71%] Linking CXX shared library libpreempt.so
[ 71%] Built target preempt
[ 73%] Building CXX object platforms/cuda/CMakeFiles/halcuda.dir/hal/src/arch/arch.cpp.o
[ 74%] Building CXX object platforms/cuda/CMakeFiles/halcuda.dir/hal/src/arch/sm120.cpp.o
[ 76%] Building CXX object platforms/cuda/CMakeFiles/halcuda.dir/hal/src/arch/sm35.cpp.o
[ 77%] Building CXX object platforms/cuda/CMakeFiles/halcuda.dir/hal/src/arch/sm70.cpp.o
[ 78%] Building CXX object platforms/cuda/CMakeFiles/halcuda.dir/hal/src/arch/sm86.cpp.o
[ 80%] Building CXX object platforms/cuda/CMakeFiles/halcuda.dir/hal/src/common/cuda_command.cpp.o
[ 81%] Building CXX object platforms/cuda/CMakeFiles/halcuda.dir/hal/src/common/event_pool.cpp.o
[ 83%] Building CXX object platforms/cuda/CMakeFiles/halcuda.dir/hal/src/common/options.cpp.o
[ 84%] Building CXX object platforms/cuda/CMakeFiles/halcuda.dir/hal/src/level1/cuda_queue.cpp.o
[ 85%] Building CXX object platforms/cuda/CMakeFiles/halcuda.dir/hal/src/level2/cuda_queue.cpp.o
[ 87%] Building CXX object platforms/cuda/CMakeFiles/halcuda.dir/hal/src/level2/instrument.cpp.o
[ 88%] Building CXX object platforms/cuda/CMakeFiles/halcuda.dir/hal/src/level2/mm.cpp.o
/home/yunwei37/workspace/gpu/gpu_ext/workloads/xsched/level2-build/.output/hal-tool-source-20260908.f492JH/platforms/cuda/hal/src/level2/instrument.cpp: In constructor ‘xsched::cuda::InstrumentContext::InstrumentContext(CUcontext)’:
/home/yunwei37/workspace/gpu/gpu_ext/workloads/xsched/level2-build/.output/hal-tool-source-20260908.f492JH/platforms/cuda/hal/src/level2/instrument.cpp:40:79: error: ‘GetLevel2ToolActuator’ was not declared in this scope
   40 | InstrumentContext::InstrumentContext(CUcontext ctx): kCtx(ctx), kToolActuator(GetLevel2ToolActuator())
      |                                                                               ^~~~~~~~~~~~~~~~~~~~~
In file included from /home/yunwei37/workspace/gpu/gpu_ext/workloads/xsched/level2-build/.output/hal-tool-source-20260908.f492JH/utils/include/xsched/utils/xassert.h:6,
                 from /home/yunwei37/workspace/gpu/gpu_ext/workloads/xsched/level2-build/.output/hal-tool-source-20260908.f492JH/platforms/cuda/hal/src/level2/instrument.cpp:8:
/home/yunwei37/workspace/gpu/gpu_ext/workloads/xsched/level2-build/.output/hal-tool-source-20260908.f492JH/platforms/cuda/hal/src/level2/instrument.cpp: In member function ‘void xsched::cuda::InstrumentContext::Instrument(std::shared_ptr<xsched::cuda::CudaKernelCommand>)’:
/home/yunwei37/workspace/gpu/gpu_ext/workloads/xsched/level2-build/.output/hal-tool-source-20260908.f492JH/utils/include/xsched/utils/log.h:88:26: error: format ‘%s’ expects argument of type ‘char*’, but argument 10 has type ‘long long unsigned int’ [-Werror=format=]
   88 |         fprintf(XLOG_FD, "[XSCHED "                                                 \
      |                          ^~~~~~~~~~~~~~~~~~~~~~~~~~~~~~~~~~~~~~~~~~~~~~~~~~~~~~~~~~~~
   89 |                 "%s" level_str "%s"                                                 \
      |                 ~~~~~~~~~~~~~~~~~~~~~~~~~~~~~~~~~~~~~~~~~~~~~~~~~~~~~~~~~~~~~~~~~~~~~
   90 |                 " @ T " FMT_TID " @ %02d:%02d:%02d.%06" PRId64 "] " format "\n",    \
      |                 ~~~~~~~~~~~~~~~~~~~~~~~~~~~~~~~~~~~~~~~~~~~~~~~~~~~~~~~~~~~~~~~
/home/yunwei37/workspace/gpu/gpu_ext/workloads/xsched/level2-build/.output/hal-tool-source-20260908.f492JH/utils/include/xsched/utils/common.h:48:21: note: in expansion of macro ‘XLOG_HELPER’
   48 | #define UNFOLD(...) __VA_ARGS__
      |                     ^~~~~~~~~~~
/home/yunwei37/workspace/gpu/gpu_ext/workloads/xsched/level2-build/.output/hal-tool-source-20260908.f492JH/utils/include/xsched/utils/log.h:106:5: note: in expansion of macro ‘UNFOLD’
  106 |     UNFOLD(XLOG_HELPER UNFOLD(( \
      |     ^~~~~~
/home/yunwei37/workspace/gpu/gpu_ext/workloads/xsched/level2-build/.output/hal-tool-source-20260908.f492JH/utils/include/xsched/utils/log.h:123:9: note: in expansion of macro ‘XLOG_WITH_CODE’
  123 |         XLOG_WITH_CODE(ERRO, format __VA_OPT__(,) __VA_ARGS__) \
      |         ^~~~~~~~~~~~~~
/home/yunwei37/workspace/gpu/gpu_ext/workloads/xsched/level2-build/.output/hal-tool-source-20260908.f492JH/utils/include/xsched/utils/xassert.h:13:13: note: in expansion of macro ‘XERRO’
   13 |             XERRO("Assertion failed: " format __VA_OPT__(,) __VA_ARGS__); \
      |             ^~~~~
/home/yunwei37/workspace/gpu/gpu_ext/workloads/xsched/level2-build/.output/hal-tool-source-20260908.f492JH/platforms/cuda/hal/src/level2/instrument.cpp:199:9: note: in expansion of macro ‘XASSERT’
  199 |         XASSERT(slot < XG_TOOL_CTX_SLOTS,
      |         ^~~~~~~
/home/yunwei37/workspace/gpu/gpu_ext/workloads/xsched/level2-build/.output/hal-tool-source-20260908.f492JH/utils/include/xsched/utils/log.h:88:26: error: format ‘%d’ expects argument of type ‘int’, but argument 11 has type ‘const char*’ [-Werror=format=]
   88 |         fprintf(XLOG_FD, "[XSCHED "                                                 \
      |                          ^~~~~~~~~~~~~~~~~~~~~~~~~~~~~~~~~~~~~~~~~~~~~~~~~~~~~~~~~~~~
   89 |                 "%s" level_str "%s"                                                 \
      |                 ~~~~~~~~~~~~~~~~~~~~~~~~~~~~~~~~~~~~~~~~~~~~~~~~~~~~~~~~~~~~~~~~~~~~~
   90 |                 " @ T " FMT_TID " @ %02d:%02d:%02d.%06" PRId64 "] " format "\n",    \
      |                 ~~~~~~~~~~~~~~~~~~~~~~~~~~~~~~~~~~~~~~~~~~~~~~~~~~~~~~~~~~~~~~~
/home/yunwei37/workspace/gpu/gpu_ext/workloads/xsched/level2-build/.output/hal-tool-source-20260908.f492JH/utils/include/xsched/utils/common.h:48:21: note: in expansion of macro ‘XLOG_HELPER’
   48 | #define UNFOLD(...) __VA_ARGS__
      |                     ^~~~~~~~~~~
/home/yunwei37/workspace/gpu/gpu_ext/workloads/xsched/level2-build/.output/hal-tool-source-20260908.f492JH/utils/include/xsched/utils/log.h:106:5: note: in expansion of macro ‘UNFOLD’
  106 |     UNFOLD(XLOG_HELPER UNFOLD(( \
      |     ^~~~~~
/home/yunwei37/workspace/gpu/gpu_ext/workloads/xsched/level2-build/.output/hal-tool-source-20260908.f492JH/utils/include/xsched/utils/log.h:123:9: note: in expansion of macro ‘XLOG_WITH_CODE’
  123 |         XLOG_WITH_CODE(ERRO, format __VA_OPT__(,) __VA_ARGS__) \
      |         ^~~~~~~~~~~~~~
/home/yunwei37/workspace/gpu/gpu_ext/workloads/xsched/level2-build/.output/hal-tool-source-20260908.f492JH/utils/include/xsched/utils/xassert.h:13:13: note: in expansion of macro ‘XERRO’
   13 |             XERRO("Assertion failed: " format __VA_OPT__(,) __VA_ARGS__); \
      |             ^~~~~
/home/yunwei37/workspace/gpu/gpu_ext/workloads/xsched/level2-build/.output/hal-tool-source-20260908.f492JH/platforms/cuda/hal/src/level2/instrument.cpp:199:9: note: in expansion of macro ‘XASSERT’
  199 |         XASSERT(slot < XG_TOOL_CTX_SLOTS,
      |         ^~~~~~~
/home/yunwei37/workspace/gpu/gpu_ext/workloads/xsched/level2-build/.output/hal-tool-source-20260908.f492JH/utils/include/xsched/utils/log.h:88:26: error: too many arguments for format [-Werror=format-extra-args]
   88 |         fprintf(XLOG_FD, "[XSCHED "                                                 \
      |                          ^~~~~~~~~~~~~~~~~~~~~~~~~~~~~~~~~~~~~~~~~~~~~~~~~~~~~~~~~~~~
   89 |                 "%s" level_str "%s"                                                 \
      |                 ~~~~~~~~~~~~~~~~~~~~~~~~~~~~~~~~~~~~~~~~~~~~~~~~~~~~~~~~~~~~~~~~~~~~~
   90 |                 " @ T " FMT_TID " @ %02d:%02d:%02d.%06" PRId64 "] " format "\n",    \
      |                 ~~~~~~~~~~~~~~~~~~~~~~~~~~~~~~~~~~~~~~~~~~~~~~~~~~~~~~~~~~~~~~~
/home/yunwei37/workspace/gpu/gpu_ext/workloads/xsched/level2-build/.output/hal-tool-source-20260908.f492JH/utils/include/xsched/utils/common.h:48:21: note: in expansion of macro ‘XLOG_HELPER’
   48 | #define UNFOLD(...) __VA_ARGS__
      |                     ^~~~~~~~~~~
/home/yunwei37/workspace/gpu/gpu_ext/workloads/xsched/level2-build/.output/hal-tool-source-20260908.f492JH/utils/include/xsched/utils/log.h:106:5: note: in expansion of macro ‘UNFOLD’
  106 |     UNFOLD(XLOG_HELPER UNFOLD(( \
      |     ^~~~~~
/home/yunwei37/workspace/gpu/gpu_ext/workloads/xsched/level2-build/.output/hal-tool-source-20260908.f492JH/utils/include/xsched/utils/log.h:123:9: note: in expansion of macro ‘XLOG_WITH_CODE’
  123 |         XLOG_WITH_CODE(ERRO, format __VA_OPT__(,) __VA_ARGS__) \
      |         ^~~~~~~~~~~~~~
/home/yunwei37/workspace/gpu/gpu_ext/workloads/xsched/level2-build/.output/hal-tool-source-20260908.f492JH/utils/include/xsched/utils/xassert.h:13:13: note: in expansion of macro ‘XERRO’
   13 |             XERRO("Assertion failed: " format __VA_OPT__(,) __VA_ARGS__); \
      |             ^~~~~
/home/yunwei37/workspace/gpu/gpu_ext/workloads/xsched/level2-build/.output/hal-tool-source-20260908.f492JH/platforms/cuda/hal/src/level2/instrument.cpp:199:9: note: in expansion of macro ‘XASSERT’
  199 |         XASSERT(slot < XG_TOOL_CTX_SLOTS,
      |         ^~~~~~~
cc1plus: all warnings being treated as errors
gmake[2]: *** [platforms/cuda/CMakeFiles/halcuda.dir/build.make:216: platforms/cuda/CMakeFiles/halcuda.dir/hal/src/level2/instrument.cpp.o] Error 1
gmake[2]: *** Waiting for unfinished jobs....
gmake[1]: *** [CMakeFiles/Makefile2:575: platforms/cuda/CMakeFiles/halcuda.dir/all] Error 2
gmake: *** [Makefile:136: all] Error 2
