[2026-09-09 03:00:48][warning][421912] Calling original ioctl: 8 3223340586 140723246994928
[2026-09-09 03:00:48][warning][421912] Calling original ioctl: 8 3223340586 140723246994944
[2026-09-09 03:00:48][warning][421912] Calling original ioctl: 8 3223340586 140723246994992
[2026-09-09 03:00:48][warning][421912] Calling original ioctl: 9 25 140723246999312
[2026-09-09 03:00:48][warning][421912] Calling original ioctl: 8 3224389163 140723246996576
[2026-09-09 03:00:48][warning][421912] Calling original ioctl: 9 73 140723246995760
[2026-09-09 03:00:48][warning][421912] Calling original ioctl: 9 33 140723246986528
[2026-09-09 03:00:48][warning][421912] Calling original ioctl: 8 3224389163 140723246996256
[2026-09-09 03:00:48][warning][421912] Calling original ioctl: 9 73 140723246995440
[2026-09-09 03:00:48][warning][421912] Calling original ioctl: 9 33 140723246986208
[2026-09-09 03:00:48][warning][421912] Calling original ioctl: 8 3224389163 140723246996256
[2026-09-09 03:00:48][warning][421912] Calling original ioctl: 9 73 140723246995440
[2026-09-09 03:00:48][warning][421912] Calling original ioctl: 9 33 140723246986208
[2026-09-09 03:00:48][warning][421912] Calling original ioctl: 8 3224389163 140723246996752
[2026-09-09 03:00:48][warning][421912] Calling original ioctl: 9 73 140723246995936
[2026-09-09 03:00:48][warning][421912] Calling original ioctl: 9 33 140723246986704
[2026-09-09 03:00:48][warning][421912] Calling original ioctl: 8 3224389163 140723246998432
[2026-09-09 03:00:48][warning][421912] Calling original ioctl: 8 3224389163 140723246998416
[2026-09-09 03:00:48][warning][421912] Calling original ioctl: 8 3224389163 140723246994656
[2026-09-09 03:00:48][warning][421912] Calling original ioctl: 8 3223340586 140723246990240
[2026-09-09 03:00:48][warning][421912] Calling original ioctl: 8 3224913486 140723246994784
[2026-09-09 03:00:48][warning][421912] Calling original ioctl: 8 3223864926 140723246994736
[2026-09-09 03:00:48][warning][421912] Calling original ioctl: 9 73 140723246993840
[2026-09-09 03:00:48][warning][421912] Calling original ioctl: 9 33 140723246984608
[2026-09-09 03:00:48][warning][421912] Calling original ioctl: 8 3224389163 140723246994192
[2026-09-09 03:00:48][warning][421912] Calling original ioctl: 8 3223340586 140723246989776
[2026-09-09 03:00:48][warning][421912] Calling original ioctl: 8 3224913486 140723246994320
[2026-09-09 03:00:48][warning][421912] Calling original ioctl: 9 73 140723246993376
[2026-09-09 03:00:48][warning][421912] Calling original ioctl: 9 33 140723246984144
[2026-09-09 03:00:48][warning][421912] Calling original ioctl: 8 3224389163 140723246995040
[2026-09-09 03:00:48][warning][421912] Calling original ioctl: 8 3223340586 140723246990624
[2026-09-09 03:00:48][warning][421912] Calling original ioctl: 8 3224913486 140723246995168
[2026-09-09 03:00:48][warning][421912] Calling original ioctl: 8 3224389163 140723246996896
[2026-09-09 03:00:48][warning][421912] Calling original ioctl: 8 3223340586 140723246992928
[2026-09-09 03:00:48][warning][421912] Calling original ioctl: 8 3224389163 140723246997184
[2026-09-09 03:00:48][warning][421912] Calling original ioctl: 8 3223340586 140723246992864
[2026-09-09 03:00:48][warning][421912] Calling original ioctl: 8 3224389163 140723246997184
[2026-09-09 03:00:48][warning][421912] Calling original ioctl: 8 3223340586 140723246992864
[2026-09-09 03:00:48][warning][421912] Calling original ioctl: 8 3223340586 140723246992944
[2026-09-09 03:00:48][warning][421912] Calling original ioctl: 8 3223340586 140723246992944
[2026-09-09 03:00:48][warning][421912] Calling original ioctl: 8 3224389163 140723246995840
[2026-09-09 03:00:48][warning][421912] Calling original ioctl: 8 3223340586 140723246991424
[2026-09-09 03:00:48][warning][421912] Calling original ioctl: 8 3224913486 140723246995968
[2026-09-09 03:00:48][warning][421912] Calling original ioctl: 9 73 140723246995024
[2026-09-09 03:00:48][warning][421912] Calling original ioctl: 9 33 140723246985792
[2026-09-09 03:00:48][warning][421912] Calling original ioctl: 8 3224389163 140723246995040
[2026-09-09 03:00:48][warning][421912] Calling original ioctl: 8 3223340586 140723246990624
[2026-09-09 03:00:48][warning][421912] Calling original ioctl: 8 3224913486 140723246995168
[2026-09-09 03:00:48][warning][421912] Calling original ioctl: 8 3224389163 140723246996896
[2026-09-09 03:00:48][warning][421912] Calling original ioctl: 8 3223340586 140723246992928
[2026-09-09 03:00:48][warning][421912] Calling original ioctl: 8 3224389163 140723246997184
[2026-09-09 03:00:48][warning][421912] Calling original ioctl: 8 3223340586 140723246992864
[2026-09-09 03:00:48][warning][421912] Calling original ioctl: 8 3223340586 140723246992944
[2026-09-09 03:00:48][warning][421912] Calling original ioctl: 8 3223340586 140723246992944
[2026-09-09 03:00:48][warning][421912] Calling original ioctl: 8 3224389163 140723246995040
[2026-09-09 03:00:48][warning][421912] Calling original ioctl: 8 3223340586 140723246990624
[2026-09-09 03:00:48][warning][421912] Calling original ioctl: 8 3224913486 140723246995168
[2026-09-09 03:00:48][warning][421912] Calling original ioctl: 8 3224389163 140723246996896
[2026-09-09 03:00:48][warning][421912] Calling original ioctl: 8 3223340586 140723246992928
[2026-09-09 03:00:48][warning][421912] Calling original ioctl: 8 3224389163 140723246997184
[2026-09-09 03:00:48][warning][421912] Calling original ioctl: 8 3223340586 140723246992864
[2026-09-09 03:00:48][warning][421912] Calling original ioctl: 8 3224389163 140723246997184
[2026-09-09 03:00:48][warning][421912] Calling original ioctl: 8 3223340586 140723246992864
[2026-09-09 03:00:48][warning][421912] Calling original ioctl: 8 3223340586 140723246992944
[2026-09-09 03:00:48][warning][421912] Calling original ioctl: 8 3223340586 140723246992944
[2026-09-09 03:00:48][warning][421912] Calling original ioctl: 8 3224389163 140723246995040
[2026-09-09 03:00:48][warning][421912] Calling original ioctl: 8 3223340586 140723246990624
[2026-09-09 03:00:48][warning][421912] Calling original ioctl: 8 3224913486 140723246995168
[2026-09-09 03:00:48][warning][421912] Calling original ioctl: 8 3224389163 140723246996896
[2026-09-09 03:00:48][warning][421912] Calling original ioctl: 8 3223340586 140723246992928
[2026-09-09 03:00:48][warning][421912] Calling original ioctl: 8 3224389163 140723246997184
[2026-09-09 03:00:48][warning][421912] Calling original ioctl: 8 3223340586 140723246992864
[2026-09-09 03:00:48][warning][421912] Calling original ioctl: 8 3223340586 140723246992944
[2026-09-09 03:00:48][warning][421912] Calling original ioctl: 8 3223340586 140723246992944
[2026-09-09 03:00:48][warning][421912] Calling original ioctl: 8 3224389163 140723246995040
[2026-09-09 03:00:48][warning][421912] Calling original ioctl: 8 3223340586 140723246990624
[2026-09-09 03:00:48][warning][421912] Calling original ioctl: 8 3224913486 140723246995168
[2026-09-09 03:00:48][warning][421912] Calling original ioctl: 8 3224389163 140723246996896
[2026-09-09 03:00:48][warning][421912] Calling original ioctl: 8 3223340586 140723246992928
[2026-09-09 03:00:48][warning][421912] Calling original ioctl: 8 3224389163 140723246997184
[2026-09-09 03:00:48][warning][421912] Calling original ioctl: 8 3223340586 140723246992864
[2026-09-09 03:00:48][warning][421912] Calling original ioctl: 8 3224389163 140723246997184
[2026-09-09 03:00:48][warning][421912] Calling original ioctl: 8 3223340586 140723246992864
[2026-09-09 03:00:48][warning][421912] Calling original ioctl: 8 3223340586 140723246992944
[2026-09-09 03:00:48][warning][421912] Calling original ioctl: 8 3223340586 140723246992944
[2026-09-09 03:00:48][warning][421912] Calling original ioctl: 8 3224389163 140723246995040
[2026-09-09 03:00:48][warning][421912] Calling original ioctl: 8 3223340586 140723246990624
[2026-09-09 03:00:48][warning][421912] Calling original ioctl: 8 3224913486 140723246995168
[2026-09-09 03:00:48][warning][421912] Calling original ioctl: 8 3224389163 140723246996896
[2026-09-09 03:00:48][warning][421912] Calling original ioctl: 8 3223340586 140723246992928
[2026-09-09 03:00:48][warning][421912] Calling original ioctl: 8 3224389163 140723246997184
[2026-09-09 03:00:48][warning][421912] Calling original ioctl: 8 3223340586 140723246992864
[2026-09-09 03:00:48][warning][421912] Calling original ioctl: 8 3223340586 140723246992944
[2026-09-09 03:00:48][warning][421912] Calling original ioctl: 8 3223340586 140723246992944
[2026-09-09 03:00:48][warning][421912] Calling original ioctl: 8 3224389163 140723246995040
[2026-09-09 03:00:48][warning][421912] Calling original ioctl: 8 3223340586 140723246990624
[2026-09-09 03:00:48][warning][421912] Calling original ioctl: 8 3224913486 140723246995168
[2026-09-09 03:00:48][warning][421912] Calling original ioctl: 8 3224389163 140723246996896
[2026-09-09 03:00:48][warning][421912] Calling original ioctl: 8 3223340586 140723246992928
[2026-09-09 03:00:48][warning][421912] Calling original ioctl: 8 3224389163 140723246997184
[2026-09-09 03:00:48][warning][421912] Calling original ioctl: 8 3223340586 140723246992864
[2026-09-09 03:00:48][warning][421912] Calling original ioctl: 8 3224389163 140723246997184
[2026-09-09 03:00:48][warning][421912] Calling original ioctl: 8 3223340586 140723246992864
[2026-09-09 03:00:48][warning][421912] Calling original ioctl: 8 3223340586 140723246992944
[2026-09-09 03:00:48][warning][421912] Calling original ioctl: 8 3223340586 140723246992944
[2026-09-09 03:00:48][warning][421912] Calling original ioctl: 8 3224389163 140723246995040
[2026-09-09 03:00:48][warning][421912] Calling original ioctl: 8 3223340586 140723246990624
[2026-09-09 03:00:48][warning][421912] Calling original ioctl: 8 3224913486 140723246995168
[2026-09-09 03:00:48][warning][421912] Calling original ioctl: 8 3224389163 140723246996896
[2026-09-09 03:00:48][warning][421912] Calling original ioctl: 8 3223340586 140723246992928
[2026-09-09 03:00:48][warning][421912] Calling original ioctl: 8 3224389163 140723246997184
[2026-09-09 03:00:48][warning][421912] Calling original ioctl: 8 3223340586 140723246992864
[2026-09-09 03:00:48][warning][421912] Calling original ioctl: 8 3223340586 140723246992944
[2026-09-09 03:00:48][warning][421912] Calling original ioctl: 8 3223340586 140723246992944
[2026-09-09 03:00:48][warning][421912] Calling original ioctl: 9 27 140723246998864
[2026-09-09 03:00:48][warning][421912] Calling original ioctl: 9 27 140723246998864
[2026-09-09 03:00:48][warning][421912] Calling original ioctl: 9 27 140723246998864
[2026-09-09 03:00:48][warning][421912] Calling original ioctl: 9 27 140723246998864
[2026-09-09 03:00:48][warning][421912] Calling original ioctl: 9 27 140723246998864
[2026-09-09 03:00:48][warning][421912] Calling original ioctl: 9 27 140723246998864
[2026-09-09 03:00:48][warning][421912] Calling original ioctl: 9 27 140723246998864
[2026-09-09 03:00:48][warning][421912] Calling original ioctl: 9 27 140723246998864
[2026-09-09 03:00:48][warning][421912] Calling original ioctl: 8 3223340586 140723246994528
[2026-09-09 03:00:48][warning][421912] Calling original ioctl: 17 3221505737 140723246998624
[2026-09-09 03:00:48][warning][421912] Calling original ioctl: 17 3222292174 140723246998608
[2026-09-09 03:00:48][warning][421912] Calling original ioctl: 17 3224389163 140723246998592
[2026-09-09 03:00:48][warning][421912] Calling original ioctl: 8 3224389163 140723246998432
[2026-09-09 03:00:48][warning][421912] Calling original ioctl: 8 3224389163 140723246995040
[2026-09-09 03:00:48][warning][421912] Calling original ioctl: 8 3223340586 140723246990624
[2026-09-09 03:00:48][warning][421912] Calling original ioctl: 8 3224913486 140723246995168
[2026-09-09 03:00:48][warning][421912] Calling original ioctl: 8 3224389163 140723246996896
[2026-09-09 03:00:48][warning][421912] Calling original ioctl: 8 3223340586 140723246992928
[2026-09-09 03:00:48][warning][421912] Calling original ioctl: 8 3224389163 140723246997184
[2026-09-09 03:00:48][warning][421912] Calling original ioctl: 8 3223340586 140723246992864
[2026-09-09 03:00:48][warning][421912] Calling original ioctl: 8 3223340586 140723246992944
[2026-09-09 03:00:48][warning][421912] Calling original ioctl: 8 3224389163 140723246995040
[2026-09-09 03:00:48][warning][421912] Calling original ioctl: 8 3223340586 140723246990624
[2026-09-09 03:00:48][warning][421912] Calling original ioctl: 8 3224913486 140723246995168
[2026-09-09 03:00:48][warning][421912] Calling original ioctl: 8 3224389163 140723246996896
[2026-09-09 03:00:48][warning][421912] Calling original ioctl: 8 3223340586 140723246992928
[2026-09-09 03:00:48][warning][421912] Calling original ioctl: 8 3224389163 140723246997184
[2026-09-09 03:00:48][warning][421912] Calling original ioctl: 8 3223340586 140723246992864
[2026-09-09 03:00:48][warning][421912] Calling original ioctl: 8 3223340586 140723246992944
[2026-09-09 03:00:48][warning][421912] Calling original ioctl: 8 3224389163 140723246995040
[2026-09-09 03:00:48][warning][421912] Calling original ioctl: 8 3223340586 140723246990624
[2026-09-09 03:00:48][warning][421912] Calling original ioctl: 8 3224913486 140723246995168
[2026-09-09 03:00:48][warning][421912] Calling original ioctl: 8 3224389163 140723246996896
[2026-09-09 03:00:48][warning][421912] Calling original ioctl: 8 3223340586 140723246992928
[2026-09-09 03:00:48][warning][421912] Calling original ioctl: 8 3224389163 140723246997184
[2026-09-09 03:00:48][warning][421912] Calling original ioctl: 8 3223340586 140723246992864
[2026-09-09 03:00:48][warning][421912] Calling original ioctl: 8 3223340586 140723246992944
[2026-09-09 03:00:48][warning][421912] Calling original ioctl: 8 3224389163 140723246995040
[2026-09-09 03:00:48][warning][421912] Calling original ioctl: 8 3223340586 140723246990624
[2026-09-09 03:00:48][warning][421912] Calling original ioctl: 8 3224913486 140723246995168
[2026-09-09 03:00:48][warning][421912] Calling original ioctl: 8 3224389163 140723246996896
[2026-09-09 03:00:48][warning][421912] Calling original ioctl: 8 3223340586 140723246992928
[2026-09-09 03:00:48][warning][421912] Calling original ioctl: 8 3224389163 140723246997184
[2026-09-09 03:00:48][warning][421912] Calling original ioctl: 8 3223340586 140723246992864
[2026-09-09 03:00:48][warning][421912] Calling original ioctl: 8 3223340586 140723246992944
[2026-09-09 03:00:48][warning][421912] Calling original ioctl: 9 27 140723246998864
[2026-09-09 03:00:48][warning][421912] Calling original ioctl: 9 27 140723246998864
[2026-09-09 03:00:48][warning][421912] Calling original ioctl: 9 27 140723246998864
[2026-09-09 03:00:48][warning][421912] Calling original ioctl: 9 27 140723246998864
[2026-09-09 03:00:48][warning][421912] Calling original ioctl: 8 3223340586 140723246994528
[2026-09-09 03:00:48][warning][421912] Calling original ioctl: 19 3221505737 140723246998624
[2026-09-09 03:00:48][warning][421912] Calling original ioctl: 19 3222292174 140723246998608
[2026-09-09 03:00:48][warning][421912] Calling original ioctl: 19 3224389163 140723246998592
[2026-09-09 03:00:48][warning][421912] Calling original ioctl: 8 3224389163 140723246998432
[2026-09-09 03:00:48][warning][421912] Calling original ioctl: 8 3224389163 140723246995040
[2026-09-09 03:00:48][warning][421912] Calling original ioctl: 8 3223340586 140723246990624
[2026-09-09 03:00:48][warning][421912] Calling original ioctl: 8 3224913486 140723246995168
[2026-09-09 03:00:48][warning][421912] Calling original ioctl: 8 3224389163 140723246996896
[2026-09-09 03:00:48][warning][421912] Calling original ioctl: 8 3223340586 140723246992928
[2026-09-09 03:00:48][warning][421912] Calling original ioctl: 8 3224389163 140723246997184
[2026-09-09 03:00:48][warning][421912] Calling original ioctl: 8 3223340586 140723246992864
[2026-09-09 03:00:48][warning][421912] Calling original ioctl: 8 3223340586 140723246992944
[2026-09-09 03:00:48][warning][421912] Calling original ioctl: 8 3224389163 140723246995040
[2026-09-09 03:00:48][warning][421912] Calling original ioctl: 8 3223340586 140723246990624
[2026-09-09 03:00:48][warning][421912] Calling original ioctl: 8 3224913486 140723246995168
[2026-09-09 03:00:48][warning][421912] Calling original ioctl: 8 3224389163 140723246996896
[2026-09-09 03:00:48][warning][421912] Calling original ioctl: 8 3223340586 140723246992928
[2026-09-09 03:00:48][warning][421912] Calling original ioctl: 8 3224389163 140723246997184
[2026-09-09 03:00:48][warning][421912] Calling original ioctl: 8 3223340586 140723246992864
[2026-09-09 03:00:48][warning][421912] Calling original ioctl: 8 3223340586 140723246992944
[2026-09-09 03:00:48][warning][421912] Calling original ioctl: 8 3224389163 140723246995040
[2026-09-09 03:00:48][warning][421912] Calling original ioctl: 8 3223340586 140723246990624
[2026-09-09 03:00:48][warning][421912] Calling original ioctl: 8 3224913486 140723246995168
[2026-09-09 03:00:48][warning][421912] Calling original ioctl: 8 3224389163 140723246996896
[2026-09-09 03:00:48][warning][421912] Calling original ioctl: 8 3223340586 140723246992928
[2026-09-09 03:00:48][warning][421912] Calling original ioctl: 8 3224389163 140723246997184
[2026-09-09 03:00:48][warning][421912] Calling original ioctl: 8 3223340586 140723246992864
[2026-09-09 03:00:48][warning][421912] Calling original ioctl: 8 3223340586 140723246992944
[2026-09-09 03:00:48][warning][421912] Calling original ioctl: 8 3224389163 140723246995040
[2026-09-09 03:00:48][warning][421912] Calling original ioctl: 8 3223340586 140723246990624
[2026-09-09 03:00:48][warning][421912] Calling original ioctl: 8 3224913486 140723246995168
[2026-09-09 03:00:48][warning][421912] Calling original ioctl: 8 3224389163 140723246996896
[2026-09-09 03:00:48][warning][421912] Calling original ioctl: 8 3223340586 140723246992928
[2026-09-09 03:00:48][warning][421912] Calling original ioctl: 8 3224389163 140723246997184
[2026-09-09 03:00:48][warning][421912] Calling original ioctl: 8 3223340586 140723246992864
[2026-09-09 03:00:48][warning][421912] Calling original ioctl: 8 3223340586 140723246992944
[2026-09-09 03:00:48][warning][421912] Calling original ioctl: 9 27 140723246998864
[2026-09-09 03:00:48][warning][421912] Calling original ioctl: 9 27 140723246998864
[2026-09-09 03:00:48][warning][421912] Calling original ioctl: 9 27 140723246998864
[2026-09-09 03:00:48][warning][421912] Calling original ioctl: 9 27 140723246998864
[2026-09-09 03:00:48][warning][421912] Calling original ioctl: 8 3223340586 140723246994528
[2026-09-09 03:00:48][warning][421912] Calling original ioctl: 21 3221505737 140723246998624
[2026-09-09 03:00:48][warning][421912] Calling original ioctl: 21 3222292174 140723246998608
[2026-09-09 03:00:48][warning][421912] Calling original ioctl: 21 3224389163 140723246998592
[2026-09-09 03:00:48][warning][421912] Calling original ioctl: 8 3224389163 140723246996064
[2026-09-09 03:00:48][warning][421912] Calling original ioctl: 8 3223340586 140723246991648
[2026-09-09 03:00:48][warning][421912] Calling original ioctl: 8 3224913486 140723246996192
[2026-09-09 03:00:48][warning][421912] Calling original ioctl: 9 73 140723246995248
[2026-09-09 03:00:48][warning][421912] Calling original ioctl: 9 33 140723246986016
[2026-09-09 03:00:48][warning][421912] Calling original ioctl: 8 3224389163 140723246996368
[2026-09-09 03:00:48][warning][421912] Calling original ioctl: 9 73 140723246995552
[2026-09-09 03:00:48][warning][421912] Calling original ioctl: 9 33 140723246986320
[2026-09-09 03:00:48][warning][421912] Calling original ioctl: 9 68 140723246985712
[2026-09-09 03:00:48][warning][421912] Calling original ioctl: 9 72 140723246994816
[2026-09-09 03:00:48][warning][421912] Calling original ioctl: 9 23 140723246999168
[2026-09-09 03:00:48][warning][421912] Calling original ioctl: 9 23 140723246999168
[2026-09-09 03:00:48][warning][421912] Calling original ioctl: 9 23 140723246999168
[2026-09-09 03:00:48][warning][421912] Calling original ioctl: 9 23 140723246999168
[2026-09-09 03:00:48][warning][421912] Calling original ioctl: 8 3224389163 140723246996368
[2026-09-09 03:00:48][warning][421912] Calling original ioctl: 9 73 140723246995552
[2026-09-09 03:00:48][warning][421912] Calling original ioctl: 9 33 140723246986320
[2026-09-09 03:00:48][warning][421912] Calling original ioctl: 9 23 140723246999168
[2026-09-09 03:00:48][warning][421912] Calling original ioctl: 9 23 140723246999168
[2026-09-09 03:00:48][warning][421912] Calling original ioctl: 9 23 140723246999168
[2026-09-09 03:00:48][warning][421912] Calling original ioctl: 8 3224389163 140723246995792
[2026-09-09 03:00:48][warning][421912] Calling original ioctl: 8 3223340586 140723246991376
[2026-09-09 03:00:48][warning][421912] Calling original ioctl: 8 3224913486 140723246995920
[2026-09-09 03:00:48][warning][421912] Calling original ioctl: 9 73 140723246994976
[2026-09-09 03:00:48][warning][421912] Calling original ioctl: 9 33 140723246985744
[2026-09-09 03:00:48][warning][421912] Calling original ioctl: 12 3224913447 140723246995776
[2026-09-09 03:00:48][warning][421912] Calling original ioctl: 9 73 140723246994976
[2026-09-09 03:00:48][warning][421912] Calling original ioctl: 9 33 140723246985744
[2026-09-09 03:00:48][warning][421912] Calling original ioctl: 8 3224389163 140723246996656
[2026-09-09 03:00:48][warning][421912] Calling original ioctl: 9 73 140723246995840
[2026-09-09 03:00:48][warning][421912] Calling original ioctl: 9 33 140723246986608
[2026-09-09 03:00:48][warning][421912] Calling original ioctl: 12 3224913447 140723246996032
[2026-09-09 03:00:48][warning][421912] Calling original ioctl: 9 73 140723246995232
[2026-09-09 03:00:48][warning][421912] Calling original ioctl: 9 33 140723246986000
[2026-09-09 03:00:48][warning][421912] Calling original ioctl: 8 3224389163 140723246996048
[2026-09-09 03:00:48][warning][421912] Calling original ioctl: 9 73 140723246995232
[2026-09-09 03:00:48][warning][421912] Calling original ioctl: 9 33 140723246986000
[2026-09-09 03:00:48][warning][421912] Calling original ioctl: 9 65 140723246996320
[2026-09-09 03:00:48][warning][421912] Calling original ioctl: 12 3224913447 140723246997136
[2026-09-09 03:00:48][warning][421912] Calling original ioctl: 9 73 140723246996336
[2026-09-09 03:00:48][warning][421912] Calling original ioctl: 9 33 140723246987104
[2026-09-09 03:00:48][warning][421912] Calling original ioctl: 8 3224389163 140723246997152
[2026-09-09 03:00:48][warning][421912] Calling original ioctl: 9 73 140723246996336
[2026-09-09 03:00:48][warning][421912] Calling original ioctl: 9 33 140723246987104
[2026-09-09 03:00:48][warning][421912] Calling original ioctl: 8 3224389163 140723246996720
[2026-09-09 03:00:48][warning][421912] Calling original ioctl: 8 3223340586 140723246992304
[2026-09-09 03:00:48][warning][421912] Calling original ioctl: 8 3224913486 140723246996848
[2026-09-09 03:00:48][warning][421912] Calling original ioctl: 9 73 140723246995904
[2026-09-09 03:00:48][warning][421912] Calling original ioctl: 9 33 140723246986672
[2026-09-09 03:00:48][warning][421912] Calling original ioctl: 8 3224389163 140723246994432
[2026-09-09 03:00:48][warning][421912] Calling original ioctl: 9 73 140723246993616
[2026-09-09 03:00:48][warning][421912] Calling original ioctl: 9 33 140723246984384
[2026-09-09 03:00:48][warning][421912] Calling original ioctl: 8 3224389163 140723246994352
[2026-09-09 03:00:48][warning][421912] Calling original ioctl: 9 73 140723246993536
[2026-09-09 03:00:48][warning][421912] Calling original ioctl: 9 33 140723246984304
[2026-09-09 03:00:48][warning][421912] Calling original ioctl: 8 3224389163 140723246994352
[2026-09-09 03:00:48][warning][421912] Calling original ioctl: 9 73 140723246993536
[2026-09-09 03:00:48][warning][421912] Calling original ioctl: 9 33 140723246984304
[2026-09-09 03:00:49][warning][421912] Calling original ioctl: 12 3224913447 140723246996688
[2026-09-09 03:00:49][warning][421912] Calling original ioctl: 9 73 140723246995888
[2026-09-09 03:00:49][warning][421912] Calling original ioctl: 9 33 140723246986656
[2026-09-09 03:00:49][warning][421912] Calling original ioctl: 8 3224389163 140723246999296
[2026-09-09 03:00:49][warning][421912] Calling original ioctl: 8 3224389163 140723246996192
[2026-09-09 03:00:49][warning][421912] Calling original ioctl: 8 3223340586 140723246991776
[2026-09-09 03:00:49][warning][421912] Calling original ioctl: 8 3224913486 140723246996320
[2026-09-09 03:00:49][warning][421912] Calling original ioctl: 9 73 140723246995376
[2026-09-09 03:00:49][warning][421912] Calling original ioctl: 9 33 140723246986144
[2026-09-09 03:00:49][warning][421912] Calling original ioctl: 8 3224389163 140723246996512
[2026-09-09 03:00:49][warning][421912] Calling original ioctl: 9 73 140723246995696
[2026-09-09 03:00:49][warning][421912] Calling original ioctl: 9 33 140723246986464
[2026-09-09 03:00:49][warning][421912] Calling original ioctl: 8 3224389163 140723246996512
[2026-09-09 03:00:49][warning][421912] Calling original ioctl: 9 73 140723246995696
[2026-09-09 03:00:49][warning][421912] Calling original ioctl: 9 33 140723246986464
[2026-09-09 03:00:49][warning][421912] Calling original ioctl: 24 3221505737 140723246998960
[2026-09-09 03:00:49][warning][421912] Calling original ioctl: 24 3222292174 140723246998944
[2026-09-09 03:00:49][warning][421912] Calling original ioctl: 24 3224389163 140723246998928
[2026-09-09 03:00:49][warning][421912] Calling original ioctl: 26 3221505737 140723246998960
[2026-09-09 03:00:49][warning][421912] Calling original ioctl: 26 3222292174 140723246998944
[2026-09-09 03:00:49][warning][421912] Calling original ioctl: 26 3224389163 140723246998928
[2026-09-09 03:00:49][warning][421912] Calling original ioctl: 28 3221505737 140723246998960
[2026-09-09 03:00:49][warning][421912] Calling original ioctl: 28 3222292174 140723246998944
[2026-09-09 03:00:49][warning][421912] Calling original ioctl: 28 3224389163 140723246998928
[2026-09-09 03:00:49][warning][421912] Calling original ioctl: 30 3221505737 140723246998960
[2026-09-09 03:00:49][warning][421912] Calling original ioctl: 30 3222292174 140723246998944
[2026-09-09 03:00:49][warning][421912] Calling original ioctl: 30 3224389163 140723246998928
[2026-09-09 03:00:49][warning][421912] Calling original ioctl: 8 3223340586 140723246994672
[2026-09-09 03:00:49][warning][421912] Calling original ioctl: 8 3223340586 140723246994848
[2026-09-09 03:00:49][warning][421912] Calling original ioctl: 8 3223340586 140723246995008
[2026-09-09 03:00:49][warning][421912] Calling original ioctl: 8 3224389163 140723246996480
[2026-09-09 03:00:49][warning][421912] Calling original ioctl: 9 73 140723246995664
[2026-09-09 03:00:49][warning][421912] Calling original ioctl: 9 33 140723246986432
[2026-09-09 03:00:49][warning][421912] Calling original ioctl: 8 3223340586 140723246995008
libbpf: loading object 'full_record_device_buffer_bpf' from buffer
libbpf: elf: section(2) .symtab, size 240, link 1, flags 0, type=2
libbpf: elf: section(3) kretprobe/_Z9rope_normILb1ELb0Ef6__halfEvPKT1_PT2_iiiiiPKifff14rope_corr_dimsfPKfPKli, size 1200, link 0, flags 6, type=1
libbpf: sec 'kretprobe/_Z9rope_normILb1ELb0Ef6__halfEvPKT1_PT2_iiiiiPKifff14rope_corr_dimsfPKfPKli': found program 'cuda__retprobe' at insn offset 0 (0 bytes), code size 150 insns (1200 bytes)
libbpf: elf: section(4) .maps, size 32, link 0, flags 3, type=1
libbpf: elf: section(5) license, size 4, link 0, flags 3, type=1
libbpf: license of full_record_device_buffer_bpf is GPL
libbpf: elf: section(6) .relkretprobe/_Z9rope_normILb1ELb0Ef6__halfEvPKT1_PT2_iiiiiPKifff14rope_corr_dimsfPKfPKli, size 32, link 2, flags 40, type=9
libbpf: elf: section(7) .BTF, size 2912, link 0, flags 0, type=1
libbpf: elf: section(8) .BTF.ext, size 1264, link 0, flags 0, type=1
libbpf: looking for externs among 10 symbols...
libbpf: collected 0 externs total
libbpf: map 'arena': at sec_idx 4, offset 0.
libbpf: map 'arena': found type = 1503.
libbpf: map 'arena': found key [8], sz = 4.
libbpf: map 'arena': found value [12], sz = 335675408.
libbpf: map 'arena': found max_entries = 32.
libbpf: sec '.relkretprobe/_Z9rope_normILb1ELb0Ef6__halfEvPKT1_PT2_iiiiiPKifff14rope_corr_dimsfPKfPKli': collecting relocation for section(3) 'kretprobe/_Z9rope_normILb1ELb0Ef6__halfEvPKT1_PT2_iiiiiPKifff14rope_corr_dimsfPKfPKli'
libbpf: sec '.relkretprobe/_Z9rope_normILb1ELb0Ef6__halfEvPKT1_PT2_iiiiiPKifff14rope_corr_dimsfPKfPKli': relo #0: insn #71 against 'arena'
libbpf: prog 'cuda__retprobe': found map 0 (arena, sec 4, off 0) for insn #71
libbpf: sec '.relkretprobe/_Z9rope_normILb1ELb0Ef6__halfEvPKT1_PT2_iiiiiPKifff14rope_corr_dimsfPKfPKli': relo #1: insn #84 against 'arena'
libbpf: prog 'cuda__retprobe': found map 0 (arena, sec 4, off 0) for insn #84
libbpf: object 'full_record_dev': failed (-EACCES) to open BPF FS mount at '/sys/fs/bpf', skipping optional step...
libbpf: Kernel doesn't support BTF, skipping uploading it.
libbpf: map 'arena': created successfully, fd=34
Full-record bank count: 32
Full-record slots per bank: 16384
Full-record total slots: 524288
Full-record records per slot: 256
Full-record record bytes: 80
Full-record layout: 32-slot grouped SoA (AoSoA)
Full-record value bytes (per bank): 335675408
Full-record probe attached; waiting for SIGINT
[2026-09-09 03:01:04][warning][422042] Calling original ioctl: 8 3223340586 128355668043376
[2026-09-09 03:01:50][warning][421912] Calling original ioctl: 8 3223340586 140723246989840
Full-record drain bytes: 10741613056
Full-record drain time ns: 1514555078
Full-record committed records: 23068672
Full-record active slots: 524288
Full-record overflow records: 0
Full-record out-of-range threads: 0
Full-record nonzero timestamps: 23068672
[2026-09-09 03:01:51][warning][421912] Calling original ioctl: 9 34 140723246999792
[2026-09-09 03:01:51][warning][421912] Calling original ioctl: 8 3222292009 140723246999952
[2026-09-09 03:01:51][warning][421912] Calling original ioctl: 9 34 140723247000608
[2026-09-09 03:01:51][warning][421912] Calling original ioctl: 8 3222292009 140723247000768
[2026-09-09 03:01:51][warning][421912] Calling original ioctl: 9 34 140723247000608
[2026-09-09 03:01:51][warning][421912] Calling original ioctl: 8 3222292009 140723247000768
[2026-09-09 03:01:51][warning][421912] Calling original ioctl: 8 3222292009 140723247001488
[2026-09-09 03:01:51][warning][421912] Calling original ioctl: 26 3222292175 140723247001504
[2026-09-09 03:01:51][warning][421912] Calling original ioctl: 8 3222292009 140723247001488
[2026-09-09 03:01:51][warning][421912] Calling original ioctl: 28 3222292175 140723247001504
[2026-09-09 03:01:51][warning][421912] Calling original ioctl: 8 3222292009 140723247001488
[2026-09-09 03:01:51][warning][421912] Calling original ioctl: 24 3222292175 140723247001504
[2026-09-09 03:01:51][warning][421912] Calling original ioctl: 8 3222292009 140723247001488
[2026-09-09 03:01:51][warning][421912] Calling original ioctl: 30 3222292175 140723247001504
[2026-09-09 03:01:51][warning][421912] Calling original ioctl: 9 34 140723247000512
[2026-09-09 03:01:51][warning][421912] Calling original ioctl: 8 3222292009 140723247000672
[2026-09-09 03:01:51][warning][421912] Calling original ioctl: 9 34 140723247000512
[2026-09-09 03:01:51][warning][421912] Calling original ioctl: 8 3222292009 140723247000672
[2026-09-09 03:01:51][warning][421912] Calling original ioctl: 9 34 140723247000640
[2026-09-09 03:01:51][warning][421912] Calling original ioctl: 8 3223340623 140723247000848
[2026-09-09 03:01:51][warning][421912] Calling original ioctl: 8 3222292009 140723247000800
[2026-09-09 03:01:51][warning][421912] Calling original ioctl: 8 3222292009 140723247001568
[2026-09-09 03:01:51][warning][421912] Calling original ioctl: 9 34 140723247000624
[2026-09-09 03:01:51][warning][421912] Calling original ioctl: 8 3222292009 140723247000784
[2026-09-09 03:01:51][warning][421912] Calling original ioctl: 9 34 140723247000624
[2026-09-09 03:01:51][warning][421912] Calling original ioctl: 8 3223340623 140723247000832
[2026-09-09 03:01:51][warning][421912] Calling original ioctl: 8 3222292009 140723247000784
[2026-09-09 03:01:51][warning][421912] Calling original ioctl: 8 3223340586 140723246996496
[2026-09-09 03:01:51][warning][421912] Calling original ioctl: 9 34 140723247000448
[2026-09-09 03:01:51][warning][421912] Calling original ioctl: 8 3222292009 140723247000608
[2026-09-09 03:01:51][warning][421912] Calling original ioctl: 8 3223340586 140723246996496
[2026-09-09 03:01:51][warning][421912] Calling original ioctl: 9 34 140723247000448
[2026-09-09 03:01:51][warning][421912] Calling original ioctl: 8 3222292009 140723247000608
[2026-09-09 03:01:51][warning][421912] Calling original ioctl: 8 3223340586 140723246996496
[2026-09-09 03:01:51][warning][421912] Calling original ioctl: 9 34 140723247000448
[2026-09-09 03:01:51][warning][421912] Calling original ioctl: 8 3222292009 140723247000608
[2026-09-09 03:01:51][warning][421912] Calling original ioctl: 8 3223340586 140723246997392
[2026-09-09 03:01:51][warning][421912] Calling original ioctl: 9 34 140723247000672
[2026-09-09 03:01:51][warning][421912] Calling original ioctl: 9 34 140723247000672
[2026-09-09 03:01:51][warning][421912] Calling original ioctl: 8 3222292009 140723247000832
[2026-09-09 03:01:51][warning][421912] Calling original ioctl: 9 34 140723247000672
[2026-09-09 03:01:51][warning][421912] Calling original ioctl: 8 3222292009 140723247000832
[2026-09-09 03:01:51][warning][421912] Calling original ioctl: 9 34 140723247000624
[2026-09-09 03:01:51][warning][421912] Calling original ioctl: 8 3223340623 140723247000832
[2026-09-09 03:01:51][warning][421912] Calling original ioctl: 8 3222292009 140723247000784
[2026-09-09 03:01:51][warning][421912] Calling original ioctl: 9 24 140723247001664
[2026-09-09 03:01:51][warning][421912] Calling original ioctl: 9 24 140723247001664
[2026-09-09 03:01:51][warning][421912] Calling original ioctl: 9 24 140723247001696
[2026-09-09 03:01:51][warning][421912] Calling original ioctl: 9 24 140723247001664
[2026-09-09 03:01:51][warning][421912] Calling original ioctl: 9 24 140723247001664
[2026-09-09 03:01:51][warning][421912] Calling original ioctl: 9 24 140723247001664
[2026-09-09 03:01:51][warning][421912] Calling original ioctl: 9 24 140723247001664
[2026-09-09 03:01:51][warning][421912] Calling original ioctl: 9 34 140723247000560
[2026-09-09 03:01:51][warning][421912] Calling original ioctl: 8 3222292009 140723247000720
[2026-09-09 03:01:51][warning][421912] Calling original ioctl: 9 34 140723247000560
[2026-09-09 03:01:51][warning][421912] Calling original ioctl: 8 3222292009 140723247000720
[2026-09-09 03:01:51][warning][421912] Calling original ioctl: 9 34 140723247000672
[2026-09-09 03:01:51][warning][421912] Calling original ioctl: 8 3222292009 140723247000832
[2026-09-09 03:01:51][warning][421912] Calling original ioctl: 8 3222292009 140723247001408
[2026-09-09 03:01:51][warning][421912] Calling original ioctl: 17 3222292175 140723247001424
[2026-09-09 03:01:51][warning][421912] Calling original ioctl: 9 28 140723247001536
[2026-09-09 03:01:51][warning][421912] Calling original ioctl: 9 28 140723247001536
[2026-09-09 03:01:51][warning][421912] Calling original ioctl: 9 28 140723247001536
[2026-09-09 03:01:51][warning][421912] Calling original ioctl: 9 28 140723247001536
[2026-09-09 03:01:51][warning][421912] Calling original ioctl: 9 28 140723247001536
[2026-09-09 03:01:51][warning][421912] Calling original ioctl: 9 28 140723247001536
[2026-09-09 03:01:51][warning][421912] Calling original ioctl: 9 28 140723247001536
[2026-09-09 03:01:51][warning][421912] Calling original ioctl: 9 28 140723247001536
[2026-09-09 03:01:51][warning][421912] Calling original ioctl: 8 3222292009 140723247001296
[2026-09-09 03:01:51][warning][421912] Calling original ioctl: 8 3222292009 140723247001296
[2026-09-09 03:01:51][warning][421912] Calling original ioctl: 8 3222292009 140723247001344
[2026-09-09 03:01:51][warning][421912] Calling original ioctl: 8 3223340623 140723247000608
[2026-09-09 03:01:51][warning][421912] Calling original ioctl: 8 3222292009 140723247000560
[2026-09-09 03:01:51][warning][421912] Calling original ioctl: 8 3222292009 140723247001296
[2026-09-09 03:01:51][warning][421912] Calling original ioctl: 8 3222292009 140723247001344
[2026-09-09 03:01:51][warning][421912] Calling original ioctl: 8 3223340623 140723247000608
[2026-09-09 03:01:51][warning][421912] Calling original ioctl: 8 3222292009 140723247000560
[2026-09-09 03:01:51][warning][421912] Calling original ioctl: 8 3222292009 140723247001296
[2026-09-09 03:01:51][warning][421912] Calling original ioctl: 8 3222292009 140723247001296
[2026-09-09 03:01:51][warning][421912] Calling original ioctl: 8 3222292009 140723247001344
[2026-09-09 03:01:51][warning][421912] Calling original ioctl: 8 3223340623 140723247000608
[2026-09-09 03:01:51][warning][421912] Calling original ioctl: 8 3222292009 140723247000560
[2026-09-09 03:01:51][warning][421912] Calling original ioctl: 8 3222292009 140723247001296
[2026-09-09 03:01:51][warning][421912] Calling original ioctl: 8 3222292009 140723247001344
[2026-09-09 03:01:51][warning][421912] Calling original ioctl: 8 3223340623 140723247000608
[2026-09-09 03:01:51][warning][421912] Calling original ioctl: 8 3222292009 140723247000560
[2026-09-09 03:01:51][warning][421912] Calling original ioctl: 8 3222292009 140723247001296
[2026-09-09 03:01:51][warning][421912] Calling original ioctl: 8 3222292009 140723247001296
[2026-09-09 03:01:51][warning][421912] Calling original ioctl: 8 3222292009 140723247001344
[2026-09-09 03:01:51][warning][421912] Calling original ioctl: 8 3223340623 140723247000608
[2026-09-09 03:01:51][warning][421912] Calling original ioctl: 8 3222292009 140723247000560
[2026-09-09 03:01:51][warning][421912] Calling original ioctl: 8 3222292009 140723247001296
[2026-09-09 03:01:51][warning][421912] Calling original ioctl: 8 3222292009 140723247001344
[2026-09-09 03:01:51][warning][421912] Calling original ioctl: 8 3223340623 140723247000608
[2026-09-09 03:01:51][warning][421912] Calling original ioctl: 8 3222292009 140723247000560
[2026-09-09 03:01:51][warning][421912] Calling original ioctl: 8 3222292009 140723247001296
[2026-09-09 03:01:51][warning][421912] Calling original ioctl: 8 3222292009 140723247001296
[2026-09-09 03:01:51][warning][421912] Calling original ioctl: 8 3222292009 140723247001344
[2026-09-09 03:01:51][warning][421912] Calling original ioctl: 8 3223340623 140723247000608
[2026-09-09 03:01:51][warning][421912] Calling original ioctl: 8 3222292009 140723247000560
[2026-09-09 03:01:51][warning][421912] Calling original ioctl: 8 3222292009 140723247001296
[2026-09-09 03:01:51][warning][421912] Calling original ioctl: 8 3222292009 140723247001344
[2026-09-09 03:01:51][warning][421912] Calling original ioctl: 8 3223340623 140723247000608
[2026-09-09 03:01:51][warning][421912] Calling original ioctl: 8 3222292009 140723247000560
[2026-09-09 03:01:51][warning][421912] Calling original ioctl: 8 3222292009 140723247001472
[2026-09-09 03:01:51][warning][421912] Calling original ioctl: 8 3222292009 140723247001440
[2026-09-09 03:01:51][warning][421912] Calling original ioctl: 8 3222292009 140723247001408
[2026-09-09 03:01:51][warning][421912] Calling original ioctl: 19 3222292175 140723247001424
[2026-09-09 03:01:51][warning][421912] Calling original ioctl: 9 28 140723247001536
[2026-09-09 03:01:51][warning][421912] Calling original ioctl: 9 28 140723247001536
[2026-09-09 03:01:51][warning][421912] Calling original ioctl: 9 28 140723247001536
[2026-09-09 03:01:51][warning][421912] Calling original ioctl: 9 28 140723247001536
[2026-09-09 03:01:51][warning][421912] Calling original ioctl: 8 3222292009 140723247001296
[2026-09-09 03:01:51][warning][421912] Calling original ioctl: 8 3222292009 140723247001344
[2026-09-09 03:01:51][warning][421912] Calling original ioctl: 8 3223340623 140723247000608
[2026-09-09 03:01:51][warning][421912] Calling original ioctl: 8 3222292009 140723247000560
[2026-09-09 03:01:51][warning][421912] Calling original ioctl: 8 3222292009 140723247001296
[2026-09-09 03:01:51][warning][421912] Calling original ioctl: 8 3222292009 140723247001344
[2026-09-09 03:01:51][warning][421912] Calling original ioctl: 8 3223340623 140723247000608
[2026-09-09 03:01:51][warning][421912] Calling original ioctl: 8 3222292009 140723247000560
[2026-09-09 03:01:51][warning][421912] Calling original ioctl: 8 3222292009 140723247001296
[2026-09-09 03:01:51][warning][421912] Calling original ioctl: 8 3222292009 140723247001344
[2026-09-09 03:01:51][warning][421912] Calling original ioctl: 8 3223340623 140723247000608
[2026-09-09 03:01:51][warning][421912] Calling original ioctl: 8 3222292009 140723247000560
[2026-09-09 03:01:51][warning][421912] Calling original ioctl: 8 3222292009 140723247001296
[2026-09-09 03:01:51][warning][421912] Calling original ioctl: 8 3222292009 140723247001344
[2026-09-09 03:01:51][warning][421912] Calling original ioctl: 8 3223340623 140723247000608
[2026-09-09 03:01:51][warning][421912] Calling original ioctl: 8 3222292009 140723247000560
[2026-09-09 03:01:51][warning][421912] Calling original ioctl: 8 3222292009 140723247001440
[2026-09-09 03:01:51][warning][421912] Calling original ioctl: 8 3222292009 140723247001408
[2026-09-09 03:01:51][warning][421912] Calling original ioctl: 21 3222292175 140723247001424
[2026-09-09 03:01:51][warning][421912] Calling original ioctl: 9 28 140723247001536
[2026-09-09 03:01:51][warning][421912] Calling original ioctl: 9 28 140723247001536
[2026-09-09 03:01:51][warning][421912] Calling original ioctl: 9 28 140723247001536
[2026-09-09 03:01:51][warning][421912] Calling original ioctl: 9 28 140723247001536
[2026-09-09 03:01:51][warning][421912] Calling original ioctl: 8 3222292009 140723247001296
[2026-09-09 03:01:51][warning][421912] Calling original ioctl: 8 3222292009 140723247001344
[2026-09-09 03:01:51][warning][421912] Calling original ioctl: 8 3223340623 140723247000608
[2026-09-09 03:01:51][warning][421912] Calling original ioctl: 8 3222292009 140723247000560
[2026-09-09 03:01:51][warning][421912] Calling original ioctl: 8 3222292009 140723247001296
[2026-09-09 03:01:51][warning][421912] Calling original ioctl: 8 3222292009 140723247001344
[2026-09-09 03:01:51][warning][421912] Calling original ioctl: 8 3223340623 140723247000608
[2026-09-09 03:01:51][warning][421912] Calling original ioctl: 8 3222292009 140723247000560
[2026-09-09 03:01:51][warning][421912] Calling original ioctl: 8 3222292009 140723247001296
[2026-09-09 03:01:51][warning][421912] Calling original ioctl: 8 3222292009 140723247001344
[2026-09-09 03:01:51][warning][421912] Calling original ioctl: 8 3223340623 140723247000608
[2026-09-09 03:01:51][warning][421912] Calling original ioctl: 8 3222292009 140723247000560
[2026-09-09 03:01:51][warning][421912] Calling original ioctl: 8 3222292009 140723247001296
[2026-09-09 03:01:51][warning][421912] Calling original ioctl: 8 3222292009 140723247001344
[2026-09-09 03:01:51][warning][421912] Calling original ioctl: 8 3223340623 140723247000608
[2026-09-09 03:01:51][warning][421912] Calling original ioctl: 8 3222292009 140723247000560
[2026-09-09 03:01:51][warning][421912] Calling original ioctl: 9 34 140723247000368
[2026-09-09 03:01:51][warning][421912] Calling original ioctl: 8 3223340623 140723247000576
[2026-09-09 03:01:51][warning][421912] Calling original ioctl: 8 3222292009 140723247000528
[2026-09-09 03:01:51][warning][421912] Calling original ioctl: 9 34 140723247000368
[2026-09-09 03:01:51][warning][421912] Calling original ioctl: 8 3223340623 140723247000576
[2026-09-09 03:01:51][warning][421912] Calling original ioctl: 8 3222292009 140723247000528
[2026-09-09 03:01:51][warning][421912] Calling original ioctl: 8 3222292009 140723247001440
[2026-09-09 03:01:51][warning][421912] Calling original ioctl: 9 34 140723247000672
[2026-09-09 03:01:51][warning][421912] Calling original ioctl: 8 3222292009 140723247000832
[2026-09-09 03:01:51][warning][421912] Calling original ioctl: 9 34 140723247000576
[2026-09-09 03:01:51][warning][421912] Calling original ioctl: 8 3222292009 140723247000736
[2026-09-09 03:01:51][warning][421912] Calling original ioctl: 9 34 140723247000672
[2026-09-09 03:01:51][warning][421912] Calling original ioctl: 8 3222292009 140723247000832
[2026-09-09 03:01:51][warning][421912] Calling original ioctl: 9 34 140723247000624
[2026-09-09 03:01:51][warning][421912] Calling original ioctl: 8 3222292009 140723247000784
[2026-09-09 03:01:51][warning][421912] Calling original ioctl: 9 34 140723247000608
[2026-09-09 03:01:51][warning][421912] Calling original ioctl: 8 3223340623 140723247000816
[2026-09-09 03:01:51][warning][421912] Calling original ioctl: 8 3222292009 140723247000768
[2026-09-09 03:01:51][warning][421912] Calling original ioctl: 9 34 140723247000608
[2026-09-09 03:01:51][warning][421912] Calling original ioctl: 8 3223340623 140723247000816
[2026-09-09 03:01:51][warning][421912] Calling original ioctl: 8 3222292009 140723247000768
[2026-09-09 03:01:51][warning][421912] Calling original ioctl: 9 34 140723247000624
[2026-09-09 03:01:51][warning][421912] Calling original ioctl: 8 3222292009 140723247000784
[2026-09-09 03:01:51][warning][421912] Calling original ioctl: 9 34 140723247000624
[2026-09-09 03:01:51][warning][421912] Calling original ioctl: 8 3222292009 140723247000784
[2026-09-09 03:01:51][warning][421912] Calling original ioctl: 9 34 140723247000784
[2026-09-09 03:01:51][warning][421912] Calling original ioctl: 8 3223340586 140723246997376
