[2026-09-03 21:00:15][info][1507305] Initialize syscall server
[2026-09-03 21:00:15][info][1507305] Setting BPFTIME_SHM_MEMORY_MB to: 8
[2026-09-03 21:00:15][info][1507305] Verifier mode: STRICT
[2026-09-03 21:00:15][debug][1507305] start: bpftime_shm for create or open setup for memory size 8
[2026-09-03 21:00:15][debug][1507305] mmap 0
[2026-09-03 21:00:15][debug][1507305] Closing fd 3
[2026-09-03 21:00:15][debug][1507305] done: bpftime_shm for server setup: manager
[2026-09-03 21:00:15][debug][1507305] done: bpftime_shm for server setup: syscall_pid_set
[2026-09-03 21:00:15][debug][1507305] done: bpftime_shm for open_or_create setup
[2026-09-03 21:00:15][info][1507305] Global shm constructed. shm_open_type 3 for gpubpf_loader_safety_1507285_1_strict-invalid
[2026-09-03 21:00:15][info][1507305] Global shm initialized
[2026-09-03 21:00:15][info][1507305] Enabling 43 helpers
[2026-09-03 21:00:15][debug][1507305] Set environment variable BPFTIME_USED
[2026-09-03 21:00:15][info][1507305] bpftime-syscall-server started
[2026-09-03 21:00:15][debug][1507305] Loading program `unsafe_stack` license `GPL` prog_type `1` attach_type 2398528064 map_type 1
[2026-09-03 21:00:15][debug][1507305] Verifying program unsafe_stack
[2026-09-03 21:00:15][error][1507305] Failed to verify program `unsafe_stack`: 
exit: CRAB ERROR: z_number -8 does not fit into an unsigned 64-bit integer


000: 7A 0A F8 FD 00 00 00 00 
001: B7 00 00 00 00 00 00 00 
002: 95 00 00 00 00 00 00 00 

Hint: Set BPFTIME_VERIFIER_LEVEL=WARNING to treat verification failures as warnings, or BPFTIME_VERIFIER_LEVEL=NO_VERIFY to disable verification. Alternatively, set BPFTIME_RUN_WITH_KERNEL=1 to use the kernel verifier.
[2026-09-03 21:00:15][debug][1507305] SYS_BPF 5 140722707014032 144 140722707014056 0 12884901889
[2026-09-03 21:00:15][debug][1507305] Loading program `safe_stack` license `GPL` prog_type `1` attach_type 2398528096 map_type 1
[2026-09-03 21:00:15][debug][1507305] Verifying program safe_stack
[2026-09-03 21:00:15][debug][1507305] open /dev/null 0 3
[2026-09-03 21:00:15][debug][1507305] Calling mocked open
[2026-09-03 21:00:15][debug][1507305] Unmocked file path: /dev/null
[2026-09-03 21:00:15][debug][1507305] Set handler fd 3 to bpf_prog_handler, name safe_stack, prog_type 1, insn_cnt 3
[2026-09-03 21:00:15][debug][1507305] Handler at fd 3 set to type 3
[2026-09-03 21:00:15][debug][1507305] Loaded program `safe_stack` id=3
[2026-09-03 21:00:15][debug][1507305] munmap 7c43d6800000 8388608
