[2026-09-03 21:00:15][info][1507344] Initialize syscall server
[2026-09-03 21:00:15][info][1507344] Setting BPFTIME_SHM_MEMORY_MB to: 8
[2026-09-03 21:00:15][info][1507344] Verifier mode: NO_VERIFY
[2026-09-03 21:00:15][debug][1507344] start: bpftime_shm for create or open setup for memory size 8
[2026-09-03 21:00:15][debug][1507344] mmap 0
[2026-09-03 21:00:15][debug][1507344] Closing fd 3
[2026-09-03 21:00:15][debug][1507344] done: bpftime_shm for server setup: manager
[2026-09-03 21:00:15][debug][1507344] done: bpftime_shm for server setup: syscall_pid_set
[2026-09-03 21:00:15][debug][1507344] done: bpftime_shm for open_or_create setup
[2026-09-03 21:00:15][info][1507344] Global shm constructed. shm_open_type 3 for gpubpf_loader_safety_1507285_3_no-verify
[2026-09-03 21:00:15][info][1507344] Global shm initialized
[2026-09-03 21:00:15][info][1507344] Enabling 43 helpers
[2026-09-03 21:00:15][debug][1507344] Set environment variable BPFTIME_USED
[2026-09-03 21:00:15][info][1507344] bpftime-syscall-server started
[2026-09-03 21:00:15][debug][1507344] Loading program `unsafe_stack` license `GPL` prog_type `1` attach_type 1780568576 map_type 1
[2026-09-03 21:00:15][debug][1507344] open /dev/null 0 3
[2026-09-03 21:00:15][debug][1507344] Calling mocked open
[2026-09-03 21:00:15][debug][1507344] Unmocked file path: /dev/null
[2026-09-03 21:00:15][debug][1507344] Set handler fd 3 to bpf_prog_handler, name unsafe_stack, prog_type 1, insn_cnt 3
[2026-09-03 21:00:15][debug][1507344] Handler at fd 3 set to type 3
[2026-09-03 21:00:15][debug][1507344] Loaded program `unsafe_stack` id=3
[2026-09-03 21:00:15][debug][1507344] SYS_BPF 5 140726384021840 144 140726384021864 0 12884901889
[2026-09-03 21:00:15][debug][1507344] Loading program `safe_stack` license `GPL` prog_type `1` attach_type 1780568608 map_type 1
[2026-09-03 21:00:15][debug][1507344] open /dev/null 0 3
[2026-09-03 21:00:15][debug][1507344] Calling mocked open
[2026-09-03 21:00:15][debug][1507344] Unmocked file path: /dev/null
[2026-09-03 21:00:15][debug][1507344] Set handler fd 4 to bpf_prog_handler, name safe_stack, prog_type 1, insn_cnt 3
[2026-09-03 21:00:15][debug][1507344] Handler at fd 4 set to type 3
[2026-09-03 21:00:15][debug][1507344] Loaded program `safe_stack` id=4
[2026-09-03 21:00:15][debug][1507344] munmap 7c6c8e800000 8388608
