[2026-09-03 21:00:15][info][1507323] Initialize syscall server
[2026-09-03 21:00:15][info][1507323] Setting BPFTIME_SHM_MEMORY_MB to: 8
[2026-09-03 21:00:15][info][1507323] Verifier mode: STRICT
[2026-09-03 21:00:15][debug][1507323] start: bpftime_shm for create or open setup for memory size 8
[2026-09-03 21:00:15][debug][1507323] mmap 0
[2026-09-03 21:00:15][debug][1507323] Closing fd 3
[2026-09-03 21:00:15][debug][1507323] done: bpftime_shm for server setup: manager
[2026-09-03 21:00:15][debug][1507323] done: bpftime_shm for server setup: syscall_pid_set
[2026-09-03 21:00:15][debug][1507323] done: bpftime_shm for open_or_create setup
[2026-09-03 21:00:15][info][1507323] Global shm constructed. shm_open_type 3 for gpubpf_loader_safety_1507285_2_strict-control
[2026-09-03 21:00:15][info][1507323] Global shm initialized
[2026-09-03 21:00:15][info][1507323] Enabling 43 helpers
[2026-09-03 21:00:15][debug][1507323] Set environment variable BPFTIME_USED
[2026-09-03 21:00:15][info][1507323] bpftime-syscall-server started
[2026-09-03 21:00:15][debug][1507323] Loading program `safe_stack` license `GPL` prog_type `1` attach_type 1684466176 map_type 1
[2026-09-03 21:00:15][debug][1507323] Verifying program safe_stack
[2026-09-03 21:00:15][debug][1507323] open /dev/null 0 3
[2026-09-03 21:00:15][debug][1507323] Calling mocked open
[2026-09-03 21:00:15][debug][1507323] Unmocked file path: /dev/null
[2026-09-03 21:00:15][debug][1507323] Set handler fd 3 to bpf_prog_handler, name safe_stack, prog_type 1, insn_cnt 3
[2026-09-03 21:00:15][debug][1507323] Handler at fd 3 set to type 3
[2026-09-03 21:00:15][debug][1507323] Loaded program `safe_stack` id=3
[2026-09-03 21:00:15][debug][1507323] munmap 7863d7a00000 8388608
