block=0 position=0 arm=stock resume=reused complete result.json
block=0 position=1 arm=native resume=reused complete result.json
block=0 position=2 arm=bpf resume=reused complete result.json
block=1 position=0 arm=native
block=1 position=1 arm=bpf
block=1 position=2 arm=stock
{
  "kind": "gds-kv-reclaim-575",
  "cells_attempted": 6,
  "per_arm": {
    "stock": {
      "reclaim_enabled": false,
      "reclaim_mode": null,
      "cells_attempted": 2,
      "cells_measured": 2,
      "diagnostics_expected": [
        false,
        false
      ],
      "diagnostics_arrived": [
        false,
        false
      ],
      "backing_activated": [
        null,
        null
      ],
      "backing_read_stats": [
        null,
        null
      ],
      "adapter_counters": {
        "seam_invocations": [
          null,
          null
        ],
        "override_picks": [
          null,
          null
        ],
        "stock_kept": [
          null,
          null
        ],
        "forced_zero_lookups": [
          null,
          null
        ],
        "route_consumed_full_recompute": [
          null,
          null
        ],
        "route_consumed_disk_prefix": [
          null,
          null
        ],
        "read_pricing_missing_decisions": [
          null,
          null
        ],
        "coverage_unknown_candidates": [
          null,
          null
        ],
        "disk_route_recompute_fallback": [
          null,
          null
        ]
      },
      "decision_records": [
        0,
        0
      ],
      "recovery_records": [
        0,
        0
      ],
      "medians": {
        "warm_requests_per_s": 0.07216477533168164,
        "warm_output_tokens_per_s": 73.896729939642,
        "warm_ttft_median_ms": 24805.40749225
      },
      "per_cell_values": {
        "warm_requests": [
          8,
          8
        ],
        "warm_failures": [
          0,
          0
        ],
        "warm_output_tokens": [
          8192,
          8192
        ],
        "warm_elapsed_s": [
          111.914025114,
          109.820557589
        ],
        "warm_requests_per_s": [
          0.07148344447312022,
          0.07284610619024308
        ],
        "warm_output_tokens_per_s": [
          73.1990471404751,
          74.59441273880891
        ],
        "warm_ttft_median_ms": [
          25076.623476499997,
          24534.191508
        ],
        "warm_ttft_p95_ms": [
          31757.603531149995,
          31331.39503565
        ],
        "warm_ttft_max_ms": [
          30477.64579,
          30013.155848
        ],
        "kv_pool_tokens": [
          4096,
          4096
        ],
        "preemption_log_count": [
          0,
          0
        ]
      },
      "server_returncodes": [
        0,
        0
      ],
      "errors": [
        null,
        null
      ]
    },
    "native": {
      "reclaim_enabled": true,
      "reclaim_mode": "native",
      "cells_attempted": 2,
      "cells_measured": 2,
      "diagnostics_expected": [
        true,
        true
      ],
      "diagnostics_arrived": [
        false,
        false
      ],
      "backing_activated": [
        null,
        null
      ],
      "backing_read_stats": [
        null,
        null
      ],
      "adapter_counters": {
        "seam_invocations": [
          null,
          null
        ],
        "override_picks": [
          null,
          null
        ],
        "stock_kept": [
          null,
          null
        ],
        "forced_zero_lookups": [
          null,
          null
        ],
        "route_consumed_full_recompute": [
          null,
          null
        ],
        "route_consumed_disk_prefix": [
          null,
          null
        ],
        "read_pricing_missing_decisions": [
          null,
          null
        ],
        "coverage_unknown_candidates": [
          null,
          null
        ],
        "disk_route_recompute_fallback": [
          null,
          null
        ]
      },
      "decision_records": [
        0,
        0
      ],
      "recovery_records": [
        0,
        0
      ],
      "medians": {
        "warm_requests_per_s": 0.06885133733821333,
        "warm_output_tokens_per_s": 70.50376943433045,
        "warm_ttft_median_ms": 27395.56878175
      },
      "per_cell_values": {
        "warm_requests": [
          8,
          8
        ],
        "warm_failures": [
          0,
          0
        ],
        "warm_output_tokens": [
          8192,
          8192
        ],
        "warm_elapsed_s": [
          122.956812925,
          110.133402537
        ],
        "warm_requests_per_s": [
          0.06506349513857164,
          0.07263917953785502
        ],
        "warm_output_tokens_per_s": [
          66.62501902189736,
          74.38251984676354
        ],
        "warm_ttft_median_ms": [
          30249.5472285,
          24541.590335
        ],
        "warm_ttft_p95_ms": [
          31706.698037149996,
          31204.4159022
        ],
        "warm_ttft_max_ms": [
          31436.091738,
          29959.212732
        ],
        "kv_pool_tokens": [
          4096,
          4096
        ],
        "preemption_log_count": [
          0,
          0
        ]
      },
      "server_returncodes": [
        0,
        0
      ],
      "errors": [
        null,
        null
      ]
    },
    "bpf": {
      "reclaim_enabled": true,
      "reclaim_mode": "bpf",
      "cells_attempted": 2,
      "cells_measured": 2,
      "diagnostics_expected": [
        true,
        true
      ],
      "diagnostics_arrived": [
        false,
        false
      ],
      "backing_activated": [
        null,
        null
      ],
      "backing_read_stats": [
        null,
        null
      ],
      "adapter_counters": {
        "seam_invocations": [
          null,
          null
        ],
        "override_picks": [
          null,
          null
        ],
        "stock_kept": [
          null,
          null
        ],
        "forced_zero_lookups": [
          null,
          null
        ],
        "route_consumed_full_recompute": [
          null,
          null
        ],
        "route_consumed_disk_prefix": [
          null,
          null
        ],
        "read_pricing_missing_decisions": [
          null,
          null
        ],
        "coverage_unknown_candidates": [
          null,
          null
        ],
        "disk_route_recompute_fallback": [
          null,
          null
        ]
      },
      "decision_records": [
        0,
        0
      ],
      "recovery_records": [
        0,
        0
      ],
      "medians": {
        "warm_requests_per_s": 0.06517982789731325,
        "warm_output_tokens_per_s": 66.74414376684877,
        "warm_ttft_median_ms": 29190.949334999998
      },
      "per_cell_values": {
        "warm_requests": [
          8,
          8
        ],
        "warm_failures": [
          0,
          0
        ],
        "warm_output_tokens": [
          8192,
          8192
        ],
        "warm_elapsed_s": [
          127.052230375,
          118.705941169
        ],
        "warm_requests_per_s": [
          0.0629662303163641,
          0.06739342547826238
        ],
        "warm_output_tokens_per_s": [
          64.47741984395684,
          69.01086768974068
        ],
        "warm_ttft_median_ms": [
          31266.9338525,
          27114.9648175
        ],
        "warm_ttft_p95_ms": [
          32907.095433049995,
          37036.66970585
        ],
        "warm_ttft_max_ms": [
          32614.487584,
          34412.911015
        ],
        "kv_pool_tokens": [
          4096,
          4096
        ],
        "preemption_log_count": [
          0,
          0
        ]
      },
      "server_returncodes": [
        0,
        0
      ],
      "errors": [
        null,
        null
      ]
    }
  }
}
