START block=1 arm=soa-warp
DONE block=1 arm=soa-warp rc=0 tok_s=33135.29172
START block=1 arm=soa
DONE block=1 arm=soa rc=0 tok_s=27726.515614
START block=1 arm=baseline
DONE block=1 arm=baseline rc=0 tok_s=38336.733847
START block=2 arm=soa
DONE block=2 arm=soa rc=0 tok_s=27791.847099
START block=2 arm=baseline
DONE block=2 arm=baseline rc=0 tok_s=38308.302374
START block=2 arm=soa-warp
DONE block=2 arm=soa-warp rc=0 tok_s=33381.157927
START block=3 arm=baseline
DONE block=3 arm=baseline rc=0 tok_s=38359.697384
START block=3 arm=soa-warp
DONE block=3 arm=soa-warp rc=0 tok_s=33464.874692
START block=3 arm=soa
DONE block=3 arm=soa rc=0 tok_s=27756.630514
START block=4 arm=soa-warp
DONE block=4 arm=soa-warp rc=0 tok_s=33339.488984
START block=4 arm=soa
DONE block=4 arm=soa rc=0 tok_s=27646.791503
START block=4 arm=baseline
DONE block=4 arm=baseline rc=0 tok_s=38440.663495
START block=5 arm=soa
DONE block=5 arm=soa rc=0 tok_s=27646.85719
START block=5 arm=baseline
DONE block=5 arm=baseline rc=0 tok_s=38093.72455
START block=5 arm=soa-warp
DONE block=5 arm=soa-warp rc=0 tok_s=33493.785137
