[2026-09-03 20:16:02][info][1417959] Setting BPFTIME_SHM_MEMORY_MB to: 256
[2026-09-03 20:16:02][info][1417959] Setting BPFTIME_MAX_FD_COUNT to: 1024
[2026-09-03 20:16:02][info][1417959] Verifier mode: WARNING
[2026-09-03 20:16:02][info][1417959] Init bpftime syscall mocking..
[2026-09-03 20:16:02][info][1417959] The log will be written to: console
[2026-09-03 20:16:02][info][1417959] Starting syscall server..
[2026-09-03 20:16:02][info][1417959] Setting BPFTIME_SHM_MEMORY_MB to: 256
[2026-09-03 20:16:02][info][1417959] Setting BPFTIME_MAX_FD_COUNT to: 1024
[2026-09-03 20:16:02][info][1417959] Verifier mode: WARNING
[2026-09-03 20:16:02][info][1417959] Initialize syscall server
[2026-09-03 20:16:02][info][1417959] Setting BPFTIME_SHM_MEMORY_MB to: 256
[2026-09-03 20:16:02][info][1417959] Setting BPFTIME_MAX_FD_COUNT to: 1024
[2026-09-03 20:16:02][info][1417959] Verifier mode: WARNING
[2026-09-03 20:16:02][info][1417959] Global shm constructed. shm_open_type 3 for trampoline_scaling_1411712_65507838491771
[2026-09-03 20:16:02][info][1417959] Global shm initialized
[2026-09-03 20:16:02][info][1417959] Initializing CUDA at syscall-server side
[2026-09-03 20:16:02][info][1417959] CUDA initialized at syscall server side
[2026-09-03 20:16:02][info][1417959] bpftime-syscall-server started
[2026-09-03 20:16:02][info][1417959] syscall server: Set enable_mock_after_initialized to false
[2026-09-03 20:16:02][info][1417959] CUDA context for thread 1417959 has been set to 56c3fe94d380
[2026-09-03 20:16:02][info][1417959] Map marker_count (nv_gpu_per_thread_array_map_impl) has space for thread count 1048576
[2026-09-03 20:16:02][info][1417959] Initializing map type of BPF_MAP_TYPE_PERGPUTD_ARRAY_MAP, total_buffer_size=8388608
[2026-09-03 20:16:02][info][1417959] syscall server: Set enable_mock_after_initialized to true
[2026-09-03 20:16:02][info][1417959] syscall server: Set enable_mock_after_initialized to false
[2026-09-03 20:16:02][info][1417959] CUDA context for thread 1417959 has been set to 56c3ff876800
[2026-09-03 20:16:02][info][1417959] Map target_count (nv_gpu_per_thread_array_map_impl) has space for thread count 1048576
[2026-09-03 20:16:02][info][1417959] Initializing map type of BPF_MAP_TYPE_PERGPUTD_ARRAY_MAP, total_buffer_size=41943040
[2026-09-03 20:16:02][info][1417959] syscall server: Set enable_mock_after_initialized to true
[2026-09-03 20:16:02][info][1417959] Created kprobe/kretprobe perf event handler, func_name trampoline_scale_kernel, addr 0
[2026-09-03 20:16:02][info][1417959] Created kprobe/kretprobe perf event handler, func_name trampoline_marker_kernel, addr 0
{"event":"ready","mode":"counter","programs":2,"gpu_threads":1048576,"target_map":true,"attach_order":["cuda__scale_target","cuda__scale_marker"]}
{"event":"counter_segment","map":"marker_count","key":0,"begin":0,"end":32,"value":1}
{"event":"counter_segment","map":"marker_count","key":0,"begin":32,"end":1048576,"value":0}
{"event":"counter_segment","map":"target_count","key":0,"begin":0,"end":65536,"value":20}
{"event":"counter_segment","map":"target_count","key":0,"begin":65536,"end":1048576,"value":0}
{"event":"counter_segment","map":"target_count","key":1,"begin":0,"end":65536,"value":20}
{"event":"counter_segment","map":"target_count","key":1,"begin":65536,"end":1048576,"value":0}
{"event":"counter_segment","map":"target_count","key":2,"begin":0,"end":65536,"value":20}
{"event":"counter_segment","map":"target_count","key":2,"begin":65536,"end":1048576,"value":0}
{"event":"counter_segment","map":"target_count","key":3,"begin":0,"end":65536,"value":20}
{"event":"counter_segment","map":"target_count","key":3,"begin":65536,"end":1048576,"value":0}
{"event":"counter_segment","map":"target_count","key":4,"begin":0,"end":65536,"value":100}
{"event":"counter_segment","map":"target_count","key":4,"begin":65536,"end":131072,"value":80}
{"event":"counter_segment","map":"target_count","key":4,"begin":131072,"end":262144,"value":60}
{"event":"counter_segment","map":"target_count","key":4,"begin":262144,"end":524288,"value":40}
{"event":"counter_segment","map":"target_count","key":4,"begin":524288,"end":1048576,"value":20}
{"event":"detached","links":2}
