[2026-09-09 04:23:27][warning][532886] Calling original ioctl: 8 3223340586 140725710063424
[2026-09-09 04:23:27][warning][532886] Calling original ioctl: 8 3223340586 140725710063440
[2026-09-09 04:23:27][warning][532886] Calling original ioctl: 8 3223340586 140725710063488
[2026-09-09 04:23:27][warning][532886] Calling original ioctl: 9 25 140725710067808
[2026-09-09 04:23:27][warning][532886] Calling original ioctl: 8 3224389163 140725710065072
[2026-09-09 04:23:27][warning][532886] Calling original ioctl: 9 73 140725710064256
[2026-09-09 04:23:27][warning][532886] Calling original ioctl: 9 33 140725710055024
[2026-09-09 04:23:27][warning][532886] Calling original ioctl: 8 3224389163 140725710064752
[2026-09-09 04:23:27][warning][532886] Calling original ioctl: 9 73 140725710063936
[2026-09-09 04:23:27][warning][532886] Calling original ioctl: 9 33 140725710054704
[2026-09-09 04:23:27][warning][532886] Calling original ioctl: 8 3224389163 140725710064752
[2026-09-09 04:23:27][warning][532886] Calling original ioctl: 9 73 140725710063936
[2026-09-09 04:23:27][warning][532886] Calling original ioctl: 9 33 140725710054704
[2026-09-09 04:23:27][warning][532886] Calling original ioctl: 8 3224389163 140725710065248
[2026-09-09 04:23:27][warning][532886] Calling original ioctl: 9 73 140725710064432
[2026-09-09 04:23:27][warning][532886] Calling original ioctl: 9 33 140725710055200
[2026-09-09 04:23:27][warning][532886] Calling original ioctl: 8 3224389163 140725710066928
[2026-09-09 04:23:27][warning][532886] Calling original ioctl: 8 3224389163 140725710066912
[2026-09-09 04:23:27][warning][532886] Calling original ioctl: 8 3224389163 140725710063152
[2026-09-09 04:23:27][warning][532886] Calling original ioctl: 8 3223340586 140725710058736
[2026-09-09 04:23:27][warning][532886] Calling original ioctl: 8 3224913486 140725710063280
[2026-09-09 04:23:27][warning][532886] Calling original ioctl: 8 3223864926 140725710063232
[2026-09-09 04:23:27][warning][532886] Calling original ioctl: 9 73 140725710062336
[2026-09-09 04:23:27][warning][532886] Calling original ioctl: 9 33 140725710053104
[2026-09-09 04:23:27][warning][532886] Calling original ioctl: 8 3224389163 140725710062688
[2026-09-09 04:23:27][warning][532886] Calling original ioctl: 8 3223340586 140725710058272
[2026-09-09 04:23:27][warning][532886] Calling original ioctl: 8 3224913486 140725710062816
[2026-09-09 04:23:27][warning][532886] Calling original ioctl: 9 73 140725710061872
[2026-09-09 04:23:27][warning][532886] Calling original ioctl: 9 33 140725710052640
[2026-09-09 04:23:27][warning][532886] Calling original ioctl: 8 3224389163 140725710063536
[2026-09-09 04:23:27][warning][532886] Calling original ioctl: 8 3223340586 140725710059120
[2026-09-09 04:23:27][warning][532886] Calling original ioctl: 8 3224913486 140725710063664
[2026-09-09 04:23:27][warning][532886] Calling original ioctl: 8 3224389163 140725710065392
[2026-09-09 04:23:27][warning][532886] Calling original ioctl: 8 3223340586 140725710061424
[2026-09-09 04:23:27][warning][532886] Calling original ioctl: 8 3224389163 140725710065680
[2026-09-09 04:23:27][warning][532886] Calling original ioctl: 8 3223340586 140725710061360
[2026-09-09 04:23:27][warning][532886] Calling original ioctl: 8 3224389163 140725710065680
[2026-09-09 04:23:27][warning][532886] Calling original ioctl: 8 3223340586 140725710061360
[2026-09-09 04:23:27][warning][532886] Calling original ioctl: 8 3223340586 140725710061440
[2026-09-09 04:23:27][warning][532886] Calling original ioctl: 8 3223340586 140725710061440
[2026-09-09 04:23:27][warning][532886] Calling original ioctl: 8 3224389163 140725710064336
[2026-09-09 04:23:27][warning][532886] Calling original ioctl: 8 3223340586 140725710059920
[2026-09-09 04:23:27][warning][532886] Calling original ioctl: 8 3224913486 140725710064464
[2026-09-09 04:23:27][warning][532886] Calling original ioctl: 9 73 140725710063520
[2026-09-09 04:23:27][warning][532886] Calling original ioctl: 9 33 140725710054288
[2026-09-09 04:23:27][warning][532886] Calling original ioctl: 8 3224389163 140725710063536
[2026-09-09 04:23:27][warning][532886] Calling original ioctl: 8 3223340586 140725710059120
[2026-09-09 04:23:27][warning][532886] Calling original ioctl: 8 3224913486 140725710063664
[2026-09-09 04:23:27][warning][532886] Calling original ioctl: 8 3224389163 140725710065392
[2026-09-09 04:23:27][warning][532886] Calling original ioctl: 8 3223340586 140725710061424
[2026-09-09 04:23:27][warning][532886] Calling original ioctl: 8 3224389163 140725710065680
[2026-09-09 04:23:27][warning][532886] Calling original ioctl: 8 3223340586 140725710061360
[2026-09-09 04:23:27][warning][532886] Calling original ioctl: 8 3223340586 140725710061440
[2026-09-09 04:23:27][warning][532886] Calling original ioctl: 8 3223340586 140725710061440
[2026-09-09 04:23:27][warning][532886] Calling original ioctl: 8 3224389163 140725710063536
[2026-09-09 04:23:27][warning][532886] Calling original ioctl: 8 3223340586 140725710059120
[2026-09-09 04:23:27][warning][532886] Calling original ioctl: 8 3224913486 140725710063664
[2026-09-09 04:23:27][warning][532886] Calling original ioctl: 8 3224389163 140725710065392
[2026-09-09 04:23:27][warning][532886] Calling original ioctl: 8 3223340586 140725710061424
[2026-09-09 04:23:27][warning][532886] Calling original ioctl: 8 3224389163 140725710065680
[2026-09-09 04:23:27][warning][532886] Calling original ioctl: 8 3223340586 140725710061360
[2026-09-09 04:23:27][warning][532886] Calling original ioctl: 8 3224389163 140725710065680
[2026-09-09 04:23:27][warning][532886] Calling original ioctl: 8 3223340586 140725710061360
[2026-09-09 04:23:27][warning][532886] Calling original ioctl: 8 3223340586 140725710061440
[2026-09-09 04:23:27][warning][532886] Calling original ioctl: 8 3223340586 140725710061440
[2026-09-09 04:23:27][warning][532886] Calling original ioctl: 8 3224389163 140725710063536
[2026-09-09 04:23:27][warning][532886] Calling original ioctl: 8 3223340586 140725710059120
[2026-09-09 04:23:27][warning][532886] Calling original ioctl: 8 3224913486 140725710063664
[2026-09-09 04:23:27][warning][532886] Calling original ioctl: 8 3224389163 140725710065392
[2026-09-09 04:23:27][warning][532886] Calling original ioctl: 8 3223340586 140725710061424
[2026-09-09 04:23:27][warning][532886] Calling original ioctl: 8 3224389163 140725710065680
[2026-09-09 04:23:27][warning][532886] Calling original ioctl: 8 3223340586 140725710061360
[2026-09-09 04:23:27][warning][532886] Calling original ioctl: 8 3223340586 140725710061440
[2026-09-09 04:23:27][warning][532886] Calling original ioctl: 8 3223340586 140725710061440
[2026-09-09 04:23:27][warning][532886] Calling original ioctl: 8 3224389163 140725710063536
[2026-09-09 04:23:27][warning][532886] Calling original ioctl: 8 3223340586 140725710059120
[2026-09-09 04:23:27][warning][532886] Calling original ioctl: 8 3224913486 140725710063664
[2026-09-09 04:23:27][warning][532886] Calling original ioctl: 8 3224389163 140725710065392
[2026-09-09 04:23:27][warning][532886] Calling original ioctl: 8 3223340586 140725710061424
[2026-09-09 04:23:27][warning][532886] Calling original ioctl: 8 3224389163 140725710065680
[2026-09-09 04:23:27][warning][532886] Calling original ioctl: 8 3223340586 140725710061360
[2026-09-09 04:23:27][warning][532886] Calling original ioctl: 8 3224389163 140725710065680
[2026-09-09 04:23:27][warning][532886] Calling original ioctl: 8 3223340586 140725710061360
[2026-09-09 04:23:27][warning][532886] Calling original ioctl: 8 3223340586 140725710061440
[2026-09-09 04:23:27][warning][532886] Calling original ioctl: 8 3223340586 140725710061440
[2026-09-09 04:23:27][warning][532886] Calling original ioctl: 8 3224389163 140725710063536
[2026-09-09 04:23:27][warning][532886] Calling original ioctl: 8 3223340586 140725710059120
[2026-09-09 04:23:27][warning][532886] Calling original ioctl: 8 3224913486 140725710063664
[2026-09-09 04:23:27][warning][532886] Calling original ioctl: 8 3224389163 140725710065392
[2026-09-09 04:23:27][warning][532886] Calling original ioctl: 8 3223340586 140725710061424
[2026-09-09 04:23:27][warning][532886] Calling original ioctl: 8 3224389163 140725710065680
[2026-09-09 04:23:27][warning][532886] Calling original ioctl: 8 3223340586 140725710061360
[2026-09-09 04:23:27][warning][532886] Calling original ioctl: 8 3223340586 140725710061440
[2026-09-09 04:23:27][warning][532886] Calling original ioctl: 8 3223340586 140725710061440
[2026-09-09 04:23:27][warning][532886] Calling original ioctl: 8 3224389163 140725710063536
[2026-09-09 04:23:27][warning][532886] Calling original ioctl: 8 3223340586 140725710059120
[2026-09-09 04:23:27][warning][532886] Calling original ioctl: 8 3224913486 140725710063664
[2026-09-09 04:23:27][warning][532886] Calling original ioctl: 8 3224389163 140725710065392
[2026-09-09 04:23:27][warning][532886] Calling original ioctl: 8 3223340586 140725710061424
[2026-09-09 04:23:27][warning][532886] Calling original ioctl: 8 3224389163 140725710065680
[2026-09-09 04:23:27][warning][532886] Calling original ioctl: 8 3223340586 140725710061360
[2026-09-09 04:23:27][warning][532886] Calling original ioctl: 8 3224389163 140725710065680
[2026-09-09 04:23:27][warning][532886] Calling original ioctl: 8 3223340586 140725710061360
[2026-09-09 04:23:27][warning][532886] Calling original ioctl: 8 3223340586 140725710061440
[2026-09-09 04:23:27][warning][532886] Calling original ioctl: 8 3223340586 140725710061440
[2026-09-09 04:23:27][warning][532886] Calling original ioctl: 8 3224389163 140725710063536
[2026-09-09 04:23:27][warning][532886] Calling original ioctl: 8 3223340586 140725710059120
[2026-09-09 04:23:27][warning][532886] Calling original ioctl: 8 3224913486 140725710063664
[2026-09-09 04:23:27][warning][532886] Calling original ioctl: 8 3224389163 140725710065392
[2026-09-09 04:23:27][warning][532886] Calling original ioctl: 8 3223340586 140725710061424
[2026-09-09 04:23:27][warning][532886] Calling original ioctl: 8 3224389163 140725710065680
[2026-09-09 04:23:27][warning][532886] Calling original ioctl: 8 3223340586 140725710061360
[2026-09-09 04:23:27][warning][532886] Calling original ioctl: 8 3223340586 140725710061440
[2026-09-09 04:23:27][warning][532886] Calling original ioctl: 8 3223340586 140725710061440
[2026-09-09 04:23:27][warning][532886] Calling original ioctl: 9 27 140725710067360
[2026-09-09 04:23:27][warning][532886] Calling original ioctl: 9 27 140725710067360
[2026-09-09 04:23:27][warning][532886] Calling original ioctl: 9 27 140725710067360
[2026-09-09 04:23:27][warning][532886] Calling original ioctl: 9 27 140725710067360
[2026-09-09 04:23:27][warning][532886] Calling original ioctl: 9 27 140725710067360
[2026-09-09 04:23:27][warning][532886] Calling original ioctl: 9 27 140725710067360
[2026-09-09 04:23:27][warning][532886] Calling original ioctl: 9 27 140725710067360
[2026-09-09 04:23:27][warning][532886] Calling original ioctl: 9 27 140725710067360
[2026-09-09 04:23:27][warning][532886] Calling original ioctl: 8 3223340586 140725710063024
[2026-09-09 04:23:27][warning][532886] Calling original ioctl: 17 3221505737 140725710067120
[2026-09-09 04:23:27][warning][532886] Calling original ioctl: 17 3222292174 140725710067104
[2026-09-09 04:23:27][warning][532886] Calling original ioctl: 17 3224389163 140725710067088
[2026-09-09 04:23:27][warning][532886] Calling original ioctl: 8 3224389163 140725710066928
[2026-09-09 04:23:27][warning][532886] Calling original ioctl: 8 3224389163 140725710063536
[2026-09-09 04:23:27][warning][532886] Calling original ioctl: 8 3223340586 140725710059120
[2026-09-09 04:23:27][warning][532886] Calling original ioctl: 8 3224913486 140725710063664
[2026-09-09 04:23:27][warning][532886] Calling original ioctl: 8 3224389163 140725710065392
[2026-09-09 04:23:27][warning][532886] Calling original ioctl: 8 3223340586 140725710061424
[2026-09-09 04:23:27][warning][532886] Calling original ioctl: 8 3224389163 140725710065680
[2026-09-09 04:23:27][warning][532886] Calling original ioctl: 8 3223340586 140725710061360
[2026-09-09 04:23:27][warning][532886] Calling original ioctl: 8 3223340586 140725710061440
[2026-09-09 04:23:27][warning][532886] Calling original ioctl: 8 3224389163 140725710063536
[2026-09-09 04:23:27][warning][532886] Calling original ioctl: 8 3223340586 140725710059120
[2026-09-09 04:23:27][warning][532886] Calling original ioctl: 8 3224913486 140725710063664
[2026-09-09 04:23:27][warning][532886] Calling original ioctl: 8 3224389163 140725710065392
[2026-09-09 04:23:27][warning][532886] Calling original ioctl: 8 3223340586 140725710061424
[2026-09-09 04:23:27][warning][532886] Calling original ioctl: 8 3224389163 140725710065680
[2026-09-09 04:23:27][warning][532886] Calling original ioctl: 8 3223340586 140725710061360
[2026-09-09 04:23:27][warning][532886] Calling original ioctl: 8 3223340586 140725710061440
[2026-09-09 04:23:27][warning][532886] Calling original ioctl: 8 3224389163 140725710063536
[2026-09-09 04:23:27][warning][532886] Calling original ioctl: 8 3223340586 140725710059120
[2026-09-09 04:23:27][warning][532886] Calling original ioctl: 8 3224913486 140725710063664
[2026-09-09 04:23:27][warning][532886] Calling original ioctl: 8 3224389163 140725710065392
[2026-09-09 04:23:27][warning][532886] Calling original ioctl: 8 3223340586 140725710061424
[2026-09-09 04:23:27][warning][532886] Calling original ioctl: 8 3224389163 140725710065680
[2026-09-09 04:23:27][warning][532886] Calling original ioctl: 8 3223340586 140725710061360
[2026-09-09 04:23:27][warning][532886] Calling original ioctl: 8 3223340586 140725710061440
[2026-09-09 04:23:27][warning][532886] Calling original ioctl: 8 3224389163 140725710063536
[2026-09-09 04:23:27][warning][532886] Calling original ioctl: 8 3223340586 140725710059120
[2026-09-09 04:23:27][warning][532886] Calling original ioctl: 8 3224913486 140725710063664
[2026-09-09 04:23:27][warning][532886] Calling original ioctl: 8 3224389163 140725710065392
[2026-09-09 04:23:27][warning][532886] Calling original ioctl: 8 3223340586 140725710061424
[2026-09-09 04:23:27][warning][532886] Calling original ioctl: 8 3224389163 140725710065680
[2026-09-09 04:23:27][warning][532886] Calling original ioctl: 8 3223340586 140725710061360
[2026-09-09 04:23:27][warning][532886] Calling original ioctl: 8 3223340586 140725710061440
[2026-09-09 04:23:27][warning][532886] Calling original ioctl: 9 27 140725710067360
[2026-09-09 04:23:27][warning][532886] Calling original ioctl: 9 27 140725710067360
[2026-09-09 04:23:27][warning][532886] Calling original ioctl: 9 27 140725710067360
[2026-09-09 04:23:27][warning][532886] Calling original ioctl: 9 27 140725710067360
[2026-09-09 04:23:27][warning][532886] Calling original ioctl: 8 3223340586 140725710063024
[2026-09-09 04:23:27][warning][532886] Calling original ioctl: 19 3221505737 140725710067120
[2026-09-09 04:23:27][warning][532886] Calling original ioctl: 19 3222292174 140725710067104
[2026-09-09 04:23:27][warning][532886] Calling original ioctl: 19 3224389163 140725710067088
[2026-09-09 04:23:27][warning][532886] Calling original ioctl: 8 3224389163 140725710066928
[2026-09-09 04:23:27][warning][532886] Calling original ioctl: 8 3224389163 140725710063536
[2026-09-09 04:23:27][warning][532886] Calling original ioctl: 8 3223340586 140725710059120
[2026-09-09 04:23:27][warning][532886] Calling original ioctl: 8 3224913486 140725710063664
[2026-09-09 04:23:27][warning][532886] Calling original ioctl: 8 3224389163 140725710065392
[2026-09-09 04:23:27][warning][532886] Calling original ioctl: 8 3223340586 140725710061424
[2026-09-09 04:23:27][warning][532886] Calling original ioctl: 8 3224389163 140725710065680
[2026-09-09 04:23:27][warning][532886] Calling original ioctl: 8 3223340586 140725710061360
[2026-09-09 04:23:27][warning][532886] Calling original ioctl: 8 3223340586 140725710061440
[2026-09-09 04:23:27][warning][532886] Calling original ioctl: 8 3224389163 140725710063536
[2026-09-09 04:23:27][warning][532886] Calling original ioctl: 8 3223340586 140725710059120
[2026-09-09 04:23:27][warning][532886] Calling original ioctl: 8 3224913486 140725710063664
[2026-09-09 04:23:27][warning][532886] Calling original ioctl: 8 3224389163 140725710065392
[2026-09-09 04:23:27][warning][532886] Calling original ioctl: 8 3223340586 140725710061424
[2026-09-09 04:23:27][warning][532886] Calling original ioctl: 8 3224389163 140725710065680
[2026-09-09 04:23:27][warning][532886] Calling original ioctl: 8 3223340586 140725710061360
[2026-09-09 04:23:27][warning][532886] Calling original ioctl: 8 3223340586 140725710061440
[2026-09-09 04:23:27][warning][532886] Calling original ioctl: 8 3224389163 140725710063536
[2026-09-09 04:23:27][warning][532886] Calling original ioctl: 8 3223340586 140725710059120
[2026-09-09 04:23:27][warning][532886] Calling original ioctl: 8 3224913486 140725710063664
[2026-09-09 04:23:27][warning][532886] Calling original ioctl: 8 3224389163 140725710065392
[2026-09-09 04:23:27][warning][532886] Calling original ioctl: 8 3223340586 140725710061424
[2026-09-09 04:23:27][warning][532886] Calling original ioctl: 8 3224389163 140725710065680
[2026-09-09 04:23:27][warning][532886] Calling original ioctl: 8 3223340586 140725710061360
[2026-09-09 04:23:27][warning][532886] Calling original ioctl: 8 3223340586 140725710061440
[2026-09-09 04:23:27][warning][532886] Calling original ioctl: 8 3224389163 140725710063536
[2026-09-09 04:23:27][warning][532886] Calling original ioctl: 8 3223340586 140725710059120
[2026-09-09 04:23:27][warning][532886] Calling original ioctl: 8 3224913486 140725710063664
[2026-09-09 04:23:27][warning][532886] Calling original ioctl: 8 3224389163 140725710065392
[2026-09-09 04:23:27][warning][532886] Calling original ioctl: 8 3223340586 140725710061424
[2026-09-09 04:23:27][warning][532886] Calling original ioctl: 8 3224389163 140725710065680
[2026-09-09 04:23:27][warning][532886] Calling original ioctl: 8 3223340586 140725710061360
[2026-09-09 04:23:27][warning][532886] Calling original ioctl: 8 3223340586 140725710061440
[2026-09-09 04:23:27][warning][532886] Calling original ioctl: 9 27 140725710067360
[2026-09-09 04:23:27][warning][532886] Calling original ioctl: 9 27 140725710067360
[2026-09-09 04:23:27][warning][532886] Calling original ioctl: 9 27 140725710067360
[2026-09-09 04:23:27][warning][532886] Calling original ioctl: 9 27 140725710067360
[2026-09-09 04:23:27][warning][532886] Calling original ioctl: 8 3223340586 140725710063024
[2026-09-09 04:23:27][warning][532886] Calling original ioctl: 21 3221505737 140725710067120
[2026-09-09 04:23:27][warning][532886] Calling original ioctl: 21 3222292174 140725710067104
[2026-09-09 04:23:27][warning][532886] Calling original ioctl: 21 3224389163 140725710067088
[2026-09-09 04:23:27][warning][532886] Calling original ioctl: 8 3224389163 140725710064560
[2026-09-09 04:23:27][warning][532886] Calling original ioctl: 8 3223340586 140725710060144
[2026-09-09 04:23:27][warning][532886] Calling original ioctl: 8 3224913486 140725710064688
[2026-09-09 04:23:27][warning][532886] Calling original ioctl: 9 73 140725710063744
[2026-09-09 04:23:27][warning][532886] Calling original ioctl: 9 33 140725710054512
[2026-09-09 04:23:27][warning][532886] Calling original ioctl: 8 3224389163 140725710064864
[2026-09-09 04:23:27][warning][532886] Calling original ioctl: 9 73 140725710064048
[2026-09-09 04:23:27][warning][532886] Calling original ioctl: 9 33 140725710054816
[2026-09-09 04:23:27][warning][532886] Calling original ioctl: 9 68 140725710054208
[2026-09-09 04:23:27][warning][532886] Calling original ioctl: 9 72 140725710063312
[2026-09-09 04:23:27][warning][532886] Calling original ioctl: 9 23 140725710067664
[2026-09-09 04:23:27][warning][532886] Calling original ioctl: 9 23 140725710067664
[2026-09-09 04:23:27][warning][532886] Calling original ioctl: 9 23 140725710067664
[2026-09-09 04:23:27][warning][532886] Calling original ioctl: 9 23 140725710067664
[2026-09-09 04:23:27][warning][532886] Calling original ioctl: 8 3224389163 140725710064864
[2026-09-09 04:23:27][warning][532886] Calling original ioctl: 9 73 140725710064048
[2026-09-09 04:23:27][warning][532886] Calling original ioctl: 9 33 140725710054816
[2026-09-09 04:23:27][warning][532886] Calling original ioctl: 9 23 140725710067664
[2026-09-09 04:23:27][warning][532886] Calling original ioctl: 9 23 140725710067664
[2026-09-09 04:23:27][warning][532886] Calling original ioctl: 9 23 140725710067664
[2026-09-09 04:23:27][warning][532886] Calling original ioctl: 8 3224389163 140725710064288
[2026-09-09 04:23:27][warning][532886] Calling original ioctl: 8 3223340586 140725710059872
[2026-09-09 04:23:27][warning][532886] Calling original ioctl: 8 3224913486 140725710064416
[2026-09-09 04:23:27][warning][532886] Calling original ioctl: 9 73 140725710063472
[2026-09-09 04:23:27][warning][532886] Calling original ioctl: 9 33 140725710054240
[2026-09-09 04:23:27][warning][532886] Calling original ioctl: 12 3224913447 140725710064272
[2026-09-09 04:23:27][warning][532886] Calling original ioctl: 9 73 140725710063472
[2026-09-09 04:23:27][warning][532886] Calling original ioctl: 9 33 140725710054240
[2026-09-09 04:23:27][warning][532886] Calling original ioctl: 8 3224389163 140725710065152
[2026-09-09 04:23:27][warning][532886] Calling original ioctl: 9 73 140725710064336
[2026-09-09 04:23:27][warning][532886] Calling original ioctl: 9 33 140725710055104
[2026-09-09 04:23:27][warning][532886] Calling original ioctl: 12 3224913447 140725710064528
[2026-09-09 04:23:27][warning][532886] Calling original ioctl: 9 73 140725710063728
[2026-09-09 04:23:27][warning][532886] Calling original ioctl: 9 33 140725710054496
[2026-09-09 04:23:27][warning][532886] Calling original ioctl: 8 3224389163 140725710064544
[2026-09-09 04:23:27][warning][532886] Calling original ioctl: 9 73 140725710063728
[2026-09-09 04:23:27][warning][532886] Calling original ioctl: 9 33 140725710054496
[2026-09-09 04:23:27][warning][532886] Calling original ioctl: 9 65 140725710064816
[2026-09-09 04:23:27][warning][532886] Calling original ioctl: 12 3224913447 140725710065632
[2026-09-09 04:23:27][warning][532886] Calling original ioctl: 9 73 140725710064832
[2026-09-09 04:23:27][warning][532886] Calling original ioctl: 9 33 140725710055600
[2026-09-09 04:23:27][warning][532886] Calling original ioctl: 8 3224389163 140725710065648
[2026-09-09 04:23:27][warning][532886] Calling original ioctl: 9 73 140725710064832
[2026-09-09 04:23:27][warning][532886] Calling original ioctl: 9 33 140725710055600
[2026-09-09 04:23:27][warning][532886] Calling original ioctl: 8 3224389163 140725710065216
[2026-09-09 04:23:27][warning][532886] Calling original ioctl: 8 3223340586 140725710060800
[2026-09-09 04:23:27][warning][532886] Calling original ioctl: 8 3224913486 140725710065344
[2026-09-09 04:23:27][warning][532886] Calling original ioctl: 9 73 140725710064400
[2026-09-09 04:23:27][warning][532886] Calling original ioctl: 9 33 140725710055168
[2026-09-09 04:23:27][warning][532886] Calling original ioctl: 8 3224389163 140725710062928
[2026-09-09 04:23:27][warning][532886] Calling original ioctl: 9 73 140725710062112
[2026-09-09 04:23:27][warning][532886] Calling original ioctl: 9 33 140725710052880
[2026-09-09 04:23:27][warning][532886] Calling original ioctl: 8 3224389163 140725710062848
[2026-09-09 04:23:27][warning][532886] Calling original ioctl: 9 73 140725710062032
[2026-09-09 04:23:27][warning][532886] Calling original ioctl: 9 33 140725710052800
[2026-09-09 04:23:27][warning][532886] Calling original ioctl: 8 3224389163 140725710062848
[2026-09-09 04:23:27][warning][532886] Calling original ioctl: 9 73 140725710062032
[2026-09-09 04:23:27][warning][532886] Calling original ioctl: 9 33 140725710052800
[2026-09-09 04:23:27][warning][532886] Calling original ioctl: 12 3224913447 140725710065184
[2026-09-09 04:23:27][warning][532886] Calling original ioctl: 9 73 140725710064384
[2026-09-09 04:23:27][warning][532886] Calling original ioctl: 9 33 140725710055152
[2026-09-09 04:23:27][warning][532886] Calling original ioctl: 8 3224389163 140725710067792
[2026-09-09 04:23:27][warning][532886] Calling original ioctl: 8 3224389163 140725710064688
[2026-09-09 04:23:27][warning][532886] Calling original ioctl: 8 3223340586 140725710060272
[2026-09-09 04:23:27][warning][532886] Calling original ioctl: 8 3224913486 140725710064816
[2026-09-09 04:23:27][warning][532886] Calling original ioctl: 9 73 140725710063872
[2026-09-09 04:23:27][warning][532886] Calling original ioctl: 9 33 140725710054640
[2026-09-09 04:23:27][warning][532886] Calling original ioctl: 8 3224389163 140725710065008
[2026-09-09 04:23:27][warning][532886] Calling original ioctl: 9 73 140725710064192
[2026-09-09 04:23:27][warning][532886] Calling original ioctl: 9 33 140725710054960
[2026-09-09 04:23:27][warning][532886] Calling original ioctl: 8 3224389163 140725710065008
[2026-09-09 04:23:27][warning][532886] Calling original ioctl: 9 73 140725710064192
[2026-09-09 04:23:27][warning][532886] Calling original ioctl: 9 33 140725710054960
[2026-09-09 04:23:27][warning][532886] Calling original ioctl: 24 3221505737 140725710067456
[2026-09-09 04:23:27][warning][532886] Calling original ioctl: 24 3222292174 140725710067440
[2026-09-09 04:23:27][warning][532886] Calling original ioctl: 24 3224389163 140725710067424
[2026-09-09 04:23:27][warning][532886] Calling original ioctl: 26 3221505737 140725710067456
[2026-09-09 04:23:27][warning][532886] Calling original ioctl: 26 3222292174 140725710067440
[2026-09-09 04:23:27][warning][532886] Calling original ioctl: 26 3224389163 140725710067424
[2026-09-09 04:23:27][warning][532886] Calling original ioctl: 28 3221505737 140725710067456
[2026-09-09 04:23:27][warning][532886] Calling original ioctl: 28 3222292174 140725710067440
[2026-09-09 04:23:27][warning][532886] Calling original ioctl: 28 3224389163 140725710067424
[2026-09-09 04:23:27][warning][532886] Calling original ioctl: 30 3221505737 140725710067456
[2026-09-09 04:23:27][warning][532886] Calling original ioctl: 30 3222292174 140725710067440
[2026-09-09 04:23:27][warning][532886] Calling original ioctl: 30 3224389163 140725710067424
[2026-09-09 04:23:27][warning][532886] Calling original ioctl: 8 3223340586 140725710063168
[2026-09-09 04:23:27][warning][532886] Calling original ioctl: 8 3223340586 140725710063344
[2026-09-09 04:23:27][warning][532886] Calling original ioctl: 8 3223340586 140725710063504
[2026-09-09 04:23:27][warning][532886] Calling original ioctl: 8 3224389163 140725710064976
[2026-09-09 04:23:27][warning][532886] Calling original ioctl: 9 73 140725710064160
[2026-09-09 04:23:27][warning][532886] Calling original ioctl: 9 33 140725710054928
[2026-09-09 04:23:27][warning][532886] Calling original ioctl: 8 3223340586 140725710063504
libbpf: loading object 'full_record_device_buffer_bpf' from buffer
libbpf: elf: section(2) .symtab, size 240, link 1, flags 0, type=2
libbpf: elf: section(3) kretprobe/_Z9rope_normILb1ELb0Ef6__halfEvPKT1_PT2_iiiiiPKifff14rope_corr_dimsfPKfPKli, size 1152, link 0, flags 6, type=1
libbpf: sec 'kretprobe/_Z9rope_normILb1ELb0Ef6__halfEvPKT1_PT2_iiiiiPKifff14rope_corr_dimsfPKfPKli': found program 'cuda__retprobe' at insn offset 0 (0 bytes), code size 144 insns (1152 bytes)
libbpf: elf: section(4) .maps, size 32, link 0, flags 3, type=1
libbpf: elf: section(5) license, size 4, link 0, flags 3, type=1
libbpf: license of full_record_device_buffer_bpf is GPL
libbpf: elf: section(6) .relkretprobe/_Z9rope_normILb1ELb0Ef6__halfEvPKT1_PT2_iiiiiPKifff14rope_corr_dimsfPKfPKli, size 32, link 2, flags 40, type=9
libbpf: elf: section(7) .BTF, size 2880, link 0, flags 0, type=1
libbpf: elf: section(8) .BTF.ext, size 1232, link 0, flags 0, type=1
libbpf: looking for externs among 10 symbols...
libbpf: collected 0 externs total
libbpf: map 'arena': at sec_idx 4, offset 0.
libbpf: map 'arena': found type = 1503.
libbpf: map 'arena': found key [8], sz = 4.
libbpf: map 'arena': found value [12], sz = 335675408.
libbpf: map 'arena': found max_entries = 32.
libbpf: sec '.relkretprobe/_Z9rope_normILb1ELb0Ef6__halfEvPKT1_PT2_iiiiiPKifff14rope_corr_dimsfPKfPKli': collecting relocation for section(3) 'kretprobe/_Z9rope_normILb1ELb0Ef6__halfEvPKT1_PT2_iiiiiPKifff14rope_corr_dimsfPKfPKli'
libbpf: sec '.relkretprobe/_Z9rope_normILb1ELb0Ef6__halfEvPKT1_PT2_iiiiiPKifff14rope_corr_dimsfPKfPKli': relo #0: insn #71 against 'arena'
libbpf: prog 'cuda__retprobe': found map 0 (arena, sec 4, off 0) for insn #71
libbpf: sec '.relkretprobe/_Z9rope_normILb1ELb0Ef6__halfEvPKT1_PT2_iiiiiPKifff14rope_corr_dimsfPKfPKli': relo #1: insn #85 against 'arena'
libbpf: prog 'cuda__retprobe': found map 0 (arena, sec 4, off 0) for insn #85
libbpf: object 'full_record_dev': failed (-EACCES) to open BPF FS mount at '/sys/fs/bpf', skipping optional step...
libbpf: Kernel doesn't support BTF, skipping uploading it.
libbpf: map 'arena': created successfully, fd=34
Full-record bank count: 32
Full-record slots per bank: 16384
Full-record total slots: 524288
Full-record records per slot: 256
Full-record record bytes: 80
Full-record layout: field-major SoA (warp-contiguous index)
Full-record value bytes (per bank): 335675408
Full-record probe attached; waiting for SIGINT
[2026-09-09 04:23:42][warning][532929] Calling original ioctl: 8 3223340586 123936679102064
[2026-09-09 04:24:27][warning][532886] Calling original ioctl: 8 3223340586 140725710058336
Full-record drain bytes: 10741613056
Full-record drain time ns: 1501738737
Full-record committed records: 23068672
Full-record active slots: 524288
Full-record overflow records: 0
Full-record out-of-range threads: 0
Full-record nonzero timestamps: 23068672
[2026-09-09 04:24:29][warning][532886] Calling original ioctl: 9 34 140725710068288
[2026-09-09 04:24:29][warning][532886] Calling original ioctl: 8 3222292009 140725710068448
[2026-09-09 04:24:29][warning][532886] Calling original ioctl: 9 34 140725710069104
[2026-09-09 04:24:29][warning][532886] Calling original ioctl: 8 3222292009 140725710069264
[2026-09-09 04:24:29][warning][532886] Calling original ioctl: 9 34 140725710069104
[2026-09-09 04:24:29][warning][532886] Calling original ioctl: 8 3222292009 140725710069264
[2026-09-09 04:24:29][warning][532886] Calling original ioctl: 8 3222292009 140725710069984
[2026-09-09 04:24:29][warning][532886] Calling original ioctl: 26 3222292175 140725710070000
[2026-09-09 04:24:29][warning][532886] Calling original ioctl: 8 3222292009 140725710069984
[2026-09-09 04:24:29][warning][532886] Calling original ioctl: 28 3222292175 140725710070000
[2026-09-09 04:24:29][warning][532886] Calling original ioctl: 8 3222292009 140725710069984
[2026-09-09 04:24:29][warning][532886] Calling original ioctl: 24 3222292175 140725710070000
[2026-09-09 04:24:29][warning][532886] Calling original ioctl: 8 3222292009 140725710069984
[2026-09-09 04:24:29][warning][532886] Calling original ioctl: 30 3222292175 140725710070000
[2026-09-09 04:24:29][warning][532886] Calling original ioctl: 9 34 140725710069008
[2026-09-09 04:24:29][warning][532886] Calling original ioctl: 8 3222292009 140725710069168
[2026-09-09 04:24:29][warning][532886] Calling original ioctl: 9 34 140725710069008
[2026-09-09 04:24:29][warning][532886] Calling original ioctl: 8 3222292009 140725710069168
[2026-09-09 04:24:29][warning][532886] Calling original ioctl: 9 34 140725710069136
[2026-09-09 04:24:29][warning][532886] Calling original ioctl: 8 3223340623 140725710069344
[2026-09-09 04:24:29][warning][532886] Calling original ioctl: 8 3222292009 140725710069296
[2026-09-09 04:24:29][warning][532886] Calling original ioctl: 8 3222292009 140725710070064
[2026-09-09 04:24:29][warning][532886] Calling original ioctl: 9 34 140725710069120
[2026-09-09 04:24:29][warning][532886] Calling original ioctl: 8 3222292009 140725710069280
[2026-09-09 04:24:29][warning][532886] Calling original ioctl: 9 34 140725710069120
[2026-09-09 04:24:29][warning][532886] Calling original ioctl: 8 3223340623 140725710069328
[2026-09-09 04:24:29][warning][532886] Calling original ioctl: 8 3222292009 140725710069280
[2026-09-09 04:24:29][warning][532886] Calling original ioctl: 8 3223340586 140725710064992
[2026-09-09 04:24:29][warning][532886] Calling original ioctl: 9 34 140725710068944
[2026-09-09 04:24:29][warning][532886] Calling original ioctl: 8 3222292009 140725710069104
[2026-09-09 04:24:29][warning][532886] Calling original ioctl: 8 3223340586 140725710064992
[2026-09-09 04:24:29][warning][532886] Calling original ioctl: 9 34 140725710068944
[2026-09-09 04:24:29][warning][532886] Calling original ioctl: 8 3222292009 140725710069104
[2026-09-09 04:24:29][warning][532886] Calling original ioctl: 8 3223340586 140725710064992
[2026-09-09 04:24:29][warning][532886] Calling original ioctl: 9 34 140725710068944
[2026-09-09 04:24:29][warning][532886] Calling original ioctl: 8 3222292009 140725710069104
[2026-09-09 04:24:29][warning][532886] Calling original ioctl: 8 3223340586 140725710065888
[2026-09-09 04:24:29][warning][532886] Calling original ioctl: 9 34 140725710069168
[2026-09-09 04:24:29][warning][532886] Calling original ioctl: 9 34 140725710069168
[2026-09-09 04:24:29][warning][532886] Calling original ioctl: 8 3222292009 140725710069328
[2026-09-09 04:24:29][warning][532886] Calling original ioctl: 9 34 140725710069168
[2026-09-09 04:24:29][warning][532886] Calling original ioctl: 8 3222292009 140725710069328
[2026-09-09 04:24:29][warning][532886] Calling original ioctl: 9 34 140725710069120
[2026-09-09 04:24:29][warning][532886] Calling original ioctl: 8 3223340623 140725710069328
[2026-09-09 04:24:29][warning][532886] Calling original ioctl: 8 3222292009 140725710069280
[2026-09-09 04:24:29][warning][532886] Calling original ioctl: 9 24 140725710070160
[2026-09-09 04:24:29][warning][532886] Calling original ioctl: 9 24 140725710070160
[2026-09-09 04:24:29][warning][532886] Calling original ioctl: 9 24 140725710070192
[2026-09-09 04:24:29][warning][532886] Calling original ioctl: 9 24 140725710070160
[2026-09-09 04:24:29][warning][532886] Calling original ioctl: 9 24 140725710070160
[2026-09-09 04:24:29][warning][532886] Calling original ioctl: 9 24 140725710070160
[2026-09-09 04:24:29][warning][532886] Calling original ioctl: 9 24 140725710070160
[2026-09-09 04:24:29][warning][532886] Calling original ioctl: 9 34 140725710069056
[2026-09-09 04:24:29][warning][532886] Calling original ioctl: 8 3222292009 140725710069216
[2026-09-09 04:24:29][warning][532886] Calling original ioctl: 9 34 140725710069056
[2026-09-09 04:24:29][warning][532886] Calling original ioctl: 8 3222292009 140725710069216
[2026-09-09 04:24:29][warning][532886] Calling original ioctl: 9 34 140725710069168
[2026-09-09 04:24:29][warning][532886] Calling original ioctl: 8 3222292009 140725710069328
[2026-09-09 04:24:29][warning][532886] Calling original ioctl: 8 3222292009 140725710069904
[2026-09-09 04:24:29][warning][532886] Calling original ioctl: 17 3222292175 140725710069920
[2026-09-09 04:24:29][warning][532886] Calling original ioctl: 9 28 140725710070032
[2026-09-09 04:24:29][warning][532886] Calling original ioctl: 9 28 140725710070032
[2026-09-09 04:24:29][warning][532886] Calling original ioctl: 9 28 140725710070032
[2026-09-09 04:24:29][warning][532886] Calling original ioctl: 9 28 140725710070032
[2026-09-09 04:24:29][warning][532886] Calling original ioctl: 9 28 140725710070032
[2026-09-09 04:24:29][warning][532886] Calling original ioctl: 9 28 140725710070032
[2026-09-09 04:24:29][warning][532886] Calling original ioctl: 9 28 140725710070032
[2026-09-09 04:24:29][warning][532886] Calling original ioctl: 9 28 140725710070032
[2026-09-09 04:24:29][warning][532886] Calling original ioctl: 8 3222292009 140725710069792
[2026-09-09 04:24:29][warning][532886] Calling original ioctl: 8 3222292009 140725710069792
[2026-09-09 04:24:29][warning][532886] Calling original ioctl: 8 3222292009 140725710069840
[2026-09-09 04:24:29][warning][532886] Calling original ioctl: 8 3223340623 140725710069104
[2026-09-09 04:24:29][warning][532886] Calling original ioctl: 8 3222292009 140725710069056
[2026-09-09 04:24:29][warning][532886] Calling original ioctl: 8 3222292009 140725710069792
[2026-09-09 04:24:29][warning][532886] Calling original ioctl: 8 3222292009 140725710069840
[2026-09-09 04:24:29][warning][532886] Calling original ioctl: 8 3223340623 140725710069104
[2026-09-09 04:24:29][warning][532886] Calling original ioctl: 8 3222292009 140725710069056
[2026-09-09 04:24:29][warning][532886] Calling original ioctl: 8 3222292009 140725710069792
[2026-09-09 04:24:29][warning][532886] Calling original ioctl: 8 3222292009 140725710069792
[2026-09-09 04:24:29][warning][532886] Calling original ioctl: 8 3222292009 140725710069840
[2026-09-09 04:24:29][warning][532886] Calling original ioctl: 8 3223340623 140725710069104
[2026-09-09 04:24:29][warning][532886] Calling original ioctl: 8 3222292009 140725710069056
[2026-09-09 04:24:29][warning][532886] Calling original ioctl: 8 3222292009 140725710069792
[2026-09-09 04:24:29][warning][532886] Calling original ioctl: 8 3222292009 140725710069840
[2026-09-09 04:24:29][warning][532886] Calling original ioctl: 8 3223340623 140725710069104
[2026-09-09 04:24:29][warning][532886] Calling original ioctl: 8 3222292009 140725710069056
[2026-09-09 04:24:29][warning][532886] Calling original ioctl: 8 3222292009 140725710069792
[2026-09-09 04:24:29][warning][532886] Calling original ioctl: 8 3222292009 140725710069792
[2026-09-09 04:24:29][warning][532886] Calling original ioctl: 8 3222292009 140725710069840
[2026-09-09 04:24:29][warning][532886] Calling original ioctl: 8 3223340623 140725710069104
[2026-09-09 04:24:29][warning][532886] Calling original ioctl: 8 3222292009 140725710069056
[2026-09-09 04:24:29][warning][532886] Calling original ioctl: 8 3222292009 140725710069792
[2026-09-09 04:24:29][warning][532886] Calling original ioctl: 8 3222292009 140725710069840
[2026-09-09 04:24:29][warning][532886] Calling original ioctl: 8 3223340623 140725710069104
[2026-09-09 04:24:29][warning][532886] Calling original ioctl: 8 3222292009 140725710069056
[2026-09-09 04:24:29][warning][532886] Calling original ioctl: 8 3222292009 140725710069792
[2026-09-09 04:24:29][warning][532886] Calling original ioctl: 8 3222292009 140725710069792
[2026-09-09 04:24:29][warning][532886] Calling original ioctl: 8 3222292009 140725710069840
[2026-09-09 04:24:29][warning][532886] Calling original ioctl: 8 3223340623 140725710069104
[2026-09-09 04:24:29][warning][532886] Calling original ioctl: 8 3222292009 140725710069056
[2026-09-09 04:24:29][warning][532886] Calling original ioctl: 8 3222292009 140725710069792
[2026-09-09 04:24:29][warning][532886] Calling original ioctl: 8 3222292009 140725710069840
[2026-09-09 04:24:29][warning][532886] Calling original ioctl: 8 3223340623 140725710069104
[2026-09-09 04:24:29][warning][532886] Calling original ioctl: 8 3222292009 140725710069056
[2026-09-09 04:24:29][warning][532886] Calling original ioctl: 8 3222292009 140725710069968
[2026-09-09 04:24:29][warning][532886] Calling original ioctl: 8 3222292009 140725710069936
[2026-09-09 04:24:29][warning][532886] Calling original ioctl: 8 3222292009 140725710069904
[2026-09-09 04:24:29][warning][532886] Calling original ioctl: 19 3222292175 140725710069920
[2026-09-09 04:24:29][warning][532886] Calling original ioctl: 9 28 140725710070032
[2026-09-09 04:24:29][warning][532886] Calling original ioctl: 9 28 140725710070032
[2026-09-09 04:24:29][warning][532886] Calling original ioctl: 9 28 140725710070032
[2026-09-09 04:24:29][warning][532886] Calling original ioctl: 9 28 140725710070032
[2026-09-09 04:24:29][warning][532886] Calling original ioctl: 8 3222292009 140725710069792
[2026-09-09 04:24:29][warning][532886] Calling original ioctl: 8 3222292009 140725710069840
[2026-09-09 04:24:29][warning][532886] Calling original ioctl: 8 3223340623 140725710069104
[2026-09-09 04:24:29][warning][532886] Calling original ioctl: 8 3222292009 140725710069056
[2026-09-09 04:24:29][warning][532886] Calling original ioctl: 8 3222292009 140725710069792
[2026-09-09 04:24:29][warning][532886] Calling original ioctl: 8 3222292009 140725710069840
[2026-09-09 04:24:29][warning][532886] Calling original ioctl: 8 3223340623 140725710069104
[2026-09-09 04:24:29][warning][532886] Calling original ioctl: 8 3222292009 140725710069056
[2026-09-09 04:24:29][warning][532886] Calling original ioctl: 8 3222292009 140725710069792
[2026-09-09 04:24:29][warning][532886] Calling original ioctl: 8 3222292009 140725710069840
[2026-09-09 04:24:29][warning][532886] Calling original ioctl: 8 3223340623 140725710069104
[2026-09-09 04:24:29][warning][532886] Calling original ioctl: 8 3222292009 140725710069056
[2026-09-09 04:24:29][warning][532886] Calling original ioctl: 8 3222292009 140725710069792
[2026-09-09 04:24:29][warning][532886] Calling original ioctl: 8 3222292009 140725710069840
[2026-09-09 04:24:29][warning][532886] Calling original ioctl: 8 3223340623 140725710069104
[2026-09-09 04:24:29][warning][532886] Calling original ioctl: 8 3222292009 140725710069056
[2026-09-09 04:24:29][warning][532886] Calling original ioctl: 8 3222292009 140725710069936
[2026-09-09 04:24:29][warning][532886] Calling original ioctl: 8 3222292009 140725710069904
[2026-09-09 04:24:29][warning][532886] Calling original ioctl: 21 3222292175 140725710069920
[2026-09-09 04:24:29][warning][532886] Calling original ioctl: 9 28 140725710070032
[2026-09-09 04:24:29][warning][532886] Calling original ioctl: 9 28 140725710070032
[2026-09-09 04:24:29][warning][532886] Calling original ioctl: 9 28 140725710070032
[2026-09-09 04:24:29][warning][532886] Calling original ioctl: 9 28 140725710070032
[2026-09-09 04:24:29][warning][532886] Calling original ioctl: 8 3222292009 140725710069792
[2026-09-09 04:24:29][warning][532886] Calling original ioctl: 8 3222292009 140725710069840
[2026-09-09 04:24:29][warning][532886] Calling original ioctl: 8 3223340623 140725710069104
[2026-09-09 04:24:29][warning][532886] Calling original ioctl: 8 3222292009 140725710069056
[2026-09-09 04:24:29][warning][532886] Calling original ioctl: 8 3222292009 140725710069792
[2026-09-09 04:24:29][warning][532886] Calling original ioctl: 8 3222292009 140725710069840
[2026-09-09 04:24:29][warning][532886] Calling original ioctl: 8 3223340623 140725710069104
[2026-09-09 04:24:29][warning][532886] Calling original ioctl: 8 3222292009 140725710069056
[2026-09-09 04:24:29][warning][532886] Calling original ioctl: 8 3222292009 140725710069792
[2026-09-09 04:24:29][warning][532886] Calling original ioctl: 8 3222292009 140725710069840
[2026-09-09 04:24:29][warning][532886] Calling original ioctl: 8 3223340623 140725710069104
[2026-09-09 04:24:29][warning][532886] Calling original ioctl: 8 3222292009 140725710069056
[2026-09-09 04:24:29][warning][532886] Calling original ioctl: 8 3222292009 140725710069792
[2026-09-09 04:24:29][warning][532886] Calling original ioctl: 8 3222292009 140725710069840
[2026-09-09 04:24:29][warning][532886] Calling original ioctl: 8 3223340623 140725710069104
[2026-09-09 04:24:29][warning][532886] Calling original ioctl: 8 3222292009 140725710069056
[2026-09-09 04:24:29][warning][532886] Calling original ioctl: 9 34 140725710068864
[2026-09-09 04:24:29][warning][532886] Calling original ioctl: 8 3223340623 140725710069072
[2026-09-09 04:24:29][warning][532886] Calling original ioctl: 8 3222292009 140725710069024
[2026-09-09 04:24:29][warning][532886] Calling original ioctl: 9 34 140725710068864
[2026-09-09 04:24:29][warning][532886] Calling original ioctl: 8 3223340623 140725710069072
[2026-09-09 04:24:29][warning][532886] Calling original ioctl: 8 3222292009 140725710069024
[2026-09-09 04:24:29][warning][532886] Calling original ioctl: 8 3222292009 140725710069936
[2026-09-09 04:24:29][warning][532886] Calling original ioctl: 9 34 140725710069168
[2026-09-09 04:24:29][warning][532886] Calling original ioctl: 8 3222292009 140725710069328
[2026-09-09 04:24:29][warning][532886] Calling original ioctl: 9 34 140725710069072
[2026-09-09 04:24:29][warning][532886] Calling original ioctl: 8 3222292009 140725710069232
[2026-09-09 04:24:29][warning][532886] Calling original ioctl: 9 34 140725710069168
[2026-09-09 04:24:29][warning][532886] Calling original ioctl: 8 3222292009 140725710069328
[2026-09-09 04:24:29][warning][532886] Calling original ioctl: 9 34 140725710069120
[2026-09-09 04:24:29][warning][532886] Calling original ioctl: 8 3222292009 140725710069280
[2026-09-09 04:24:29][warning][532886] Calling original ioctl: 9 34 140725710069104
[2026-09-09 04:24:29][warning][532886] Calling original ioctl: 8 3223340623 140725710069312
[2026-09-09 04:24:29][warning][532886] Calling original ioctl: 8 3222292009 140725710069264
[2026-09-09 04:24:29][warning][532886] Calling original ioctl: 9 34 140725710069104
[2026-09-09 04:24:29][warning][532886] Calling original ioctl: 8 3223340623 140725710069312
[2026-09-09 04:24:29][warning][532886] Calling original ioctl: 8 3222292009 140725710069264
[2026-09-09 04:24:29][warning][532886] Calling original ioctl: 9 34 140725710069120
[2026-09-09 04:24:29][warning][532886] Calling original ioctl: 8 3222292009 140725710069280
[2026-09-09 04:24:29][warning][532886] Calling original ioctl: 9 34 140725710069120
[2026-09-09 04:24:29][warning][532886] Calling original ioctl: 8 3222292009 140725710069280
[2026-09-09 04:24:29][warning][532886] Calling original ioctl: 9 34 140725710069280
[2026-09-09 04:24:29][warning][532886] Calling original ioctl: 8 3223340586 140725710065872
