[2026-09-08 14:16:17][warning][3554229] Calling original ioctl: 8 3223340586 140721073837952
[2026-09-08 14:16:17][warning][3554229] Calling original ioctl: 8 3223340586 140721073837968
[2026-09-08 14:16:17][warning][3554229] Calling original ioctl: 8 3223340586 140721073838016
[2026-09-08 14:16:17][warning][3554229] Calling original ioctl: 9 25 140721073842336
[2026-09-08 14:16:17][warning][3554229] Calling original ioctl: 8 3224389163 140721073839600
[2026-09-08 14:16:17][warning][3554229] Calling original ioctl: 9 73 140721073838784
[2026-09-08 14:16:17][warning][3554229] Calling original ioctl: 9 33 140721073829552
[2026-09-08 14:16:17][warning][3554229] Calling original ioctl: 8 3224389163 140721073839280
[2026-09-08 14:16:17][warning][3554229] Calling original ioctl: 9 73 140721073838464
[2026-09-08 14:16:17][warning][3554229] Calling original ioctl: 9 33 140721073829232
[2026-09-08 14:16:17][warning][3554229] Calling original ioctl: 8 3224389163 140721073839280
[2026-09-08 14:16:17][warning][3554229] Calling original ioctl: 9 73 140721073838464
[2026-09-08 14:16:17][warning][3554229] Calling original ioctl: 9 33 140721073829232
[2026-09-08 14:16:17][warning][3554229] Calling original ioctl: 8 3224389163 140721073839776
[2026-09-08 14:16:17][warning][3554229] Calling original ioctl: 9 73 140721073838960
[2026-09-08 14:16:17][warning][3554229] Calling original ioctl: 9 33 140721073829728
[2026-09-08 14:16:17][warning][3554229] Calling original ioctl: 8 3224389163 140721073841456
[2026-09-08 14:16:17][warning][3554229] Calling original ioctl: 8 3224389163 140721073841440
[2026-09-08 14:16:17][warning][3554229] Calling original ioctl: 8 3224389163 140721073837680
[2026-09-08 14:16:17][warning][3554229] Calling original ioctl: 8 3223340586 140721073833264
[2026-09-08 14:16:17][warning][3554229] Calling original ioctl: 8 3224913486 140721073837808
[2026-09-08 14:16:17][warning][3554229] Calling original ioctl: 8 3223864926 140721073837760
[2026-09-08 14:16:17][warning][3554229] Calling original ioctl: 9 73 140721073836864
[2026-09-08 14:16:17][warning][3554229] Calling original ioctl: 9 33 140721073827632
[2026-09-08 14:16:17][warning][3554229] Calling original ioctl: 8 3224389163 140721073837216
[2026-09-08 14:16:17][warning][3554229] Calling original ioctl: 8 3223340586 140721073832800
[2026-09-08 14:16:17][warning][3554229] Calling original ioctl: 8 3224913486 140721073837344
[2026-09-08 14:16:17][warning][3554229] Calling original ioctl: 9 73 140721073836400
[2026-09-08 14:16:17][warning][3554229] Calling original ioctl: 9 33 140721073827168
[2026-09-08 14:16:17][warning][3554229] Calling original ioctl: 8 3224389163 140721073838064
[2026-09-08 14:16:17][warning][3554229] Calling original ioctl: 8 3223340586 140721073833648
[2026-09-08 14:16:17][warning][3554229] Calling original ioctl: 8 3224913486 140721073838192
[2026-09-08 14:16:17][warning][3554229] Calling original ioctl: 8 3224389163 140721073839920
[2026-09-08 14:16:17][warning][3554229] Calling original ioctl: 8 3223340586 140721073835952
[2026-09-08 14:16:17][warning][3554229] Calling original ioctl: 8 3224389163 140721073840208
[2026-09-08 14:16:17][warning][3554229] Calling original ioctl: 8 3223340586 140721073835888
[2026-09-08 14:16:17][warning][3554229] Calling original ioctl: 8 3224389163 140721073840208
[2026-09-08 14:16:17][warning][3554229] Calling original ioctl: 8 3223340586 140721073835888
[2026-09-08 14:16:17][warning][3554229] Calling original ioctl: 8 3223340586 140721073835968
[2026-09-08 14:16:17][warning][3554229] Calling original ioctl: 8 3223340586 140721073835968
[2026-09-08 14:16:17][warning][3554229] Calling original ioctl: 8 3224389163 140721073838864
[2026-09-08 14:16:17][warning][3554229] Calling original ioctl: 8 3223340586 140721073834448
[2026-09-08 14:16:17][warning][3554229] Calling original ioctl: 8 3224913486 140721073838992
[2026-09-08 14:16:17][warning][3554229] Calling original ioctl: 9 73 140721073838048
[2026-09-08 14:16:17][warning][3554229] Calling original ioctl: 9 33 140721073828816
[2026-09-08 14:16:17][warning][3554229] Calling original ioctl: 8 3224389163 140721073838064
[2026-09-08 14:16:17][warning][3554229] Calling original ioctl: 8 3223340586 140721073833648
[2026-09-08 14:16:17][warning][3554229] Calling original ioctl: 8 3224913486 140721073838192
[2026-09-08 14:16:17][warning][3554229] Calling original ioctl: 8 3224389163 140721073839920
[2026-09-08 14:16:17][warning][3554229] Calling original ioctl: 8 3223340586 140721073835952
[2026-09-08 14:16:17][warning][3554229] Calling original ioctl: 8 3224389163 140721073840208
[2026-09-08 14:16:17][warning][3554229] Calling original ioctl: 8 3223340586 140721073835888
[2026-09-08 14:16:17][warning][3554229] Calling original ioctl: 8 3223340586 140721073835968
[2026-09-08 14:16:17][warning][3554229] Calling original ioctl: 8 3223340586 140721073835968
[2026-09-08 14:16:17][warning][3554229] Calling original ioctl: 8 3224389163 140721073838064
[2026-09-08 14:16:17][warning][3554229] Calling original ioctl: 8 3223340586 140721073833648
[2026-09-08 14:16:17][warning][3554229] Calling original ioctl: 8 3224913486 140721073838192
[2026-09-08 14:16:17][warning][3554229] Calling original ioctl: 8 3224389163 140721073839920
[2026-09-08 14:16:17][warning][3554229] Calling original ioctl: 8 3223340586 140721073835952
[2026-09-08 14:16:17][warning][3554229] Calling original ioctl: 8 3224389163 140721073840208
[2026-09-08 14:16:17][warning][3554229] Calling original ioctl: 8 3223340586 140721073835888
[2026-09-08 14:16:17][warning][3554229] Calling original ioctl: 8 3224389163 140721073840208
[2026-09-08 14:16:17][warning][3554229] Calling original ioctl: 8 3223340586 140721073835888
[2026-09-08 14:16:17][warning][3554229] Calling original ioctl: 8 3223340586 140721073835968
[2026-09-08 14:16:17][warning][3554229] Calling original ioctl: 8 3223340586 140721073835968
[2026-09-08 14:16:17][warning][3554229] Calling original ioctl: 8 3224389163 140721073838064
[2026-09-08 14:16:17][warning][3554229] Calling original ioctl: 8 3223340586 140721073833648
[2026-09-08 14:16:17][warning][3554229] Calling original ioctl: 8 3224913486 140721073838192
[2026-09-08 14:16:17][warning][3554229] Calling original ioctl: 8 3224389163 140721073839920
[2026-09-08 14:16:17][warning][3554229] Calling original ioctl: 8 3223340586 140721073835952
[2026-09-08 14:16:17][warning][3554229] Calling original ioctl: 8 3224389163 140721073840208
[2026-09-08 14:16:17][warning][3554229] Calling original ioctl: 8 3223340586 140721073835888
[2026-09-08 14:16:17][warning][3554229] Calling original ioctl: 8 3223340586 140721073835968
[2026-09-08 14:16:17][warning][3554229] Calling original ioctl: 8 3223340586 140721073835968
[2026-09-08 14:16:17][warning][3554229] Calling original ioctl: 8 3224389163 140721073838064
[2026-09-08 14:16:17][warning][3554229] Calling original ioctl: 8 3223340586 140721073833648
[2026-09-08 14:16:17][warning][3554229] Calling original ioctl: 8 3224913486 140721073838192
[2026-09-08 14:16:17][warning][3554229] Calling original ioctl: 8 3224389163 140721073839920
[2026-09-08 14:16:17][warning][3554229] Calling original ioctl: 8 3223340586 140721073835952
[2026-09-08 14:16:17][warning][3554229] Calling original ioctl: 8 3224389163 140721073840208
[2026-09-08 14:16:17][warning][3554229] Calling original ioctl: 8 3223340586 140721073835888
[2026-09-08 14:16:17][warning][3554229] Calling original ioctl: 8 3224389163 140721073840208
[2026-09-08 14:16:17][warning][3554229] Calling original ioctl: 8 3223340586 140721073835888
[2026-09-08 14:16:17][warning][3554229] Calling original ioctl: 8 3223340586 140721073835968
[2026-09-08 14:16:17][warning][3554229] Calling original ioctl: 8 3223340586 140721073835968
[2026-09-08 14:16:17][warning][3554229] Calling original ioctl: 8 3224389163 140721073838064
[2026-09-08 14:16:17][warning][3554229] Calling original ioctl: 8 3223340586 140721073833648
[2026-09-08 14:16:17][warning][3554229] Calling original ioctl: 8 3224913486 140721073838192
[2026-09-08 14:16:17][warning][3554229] Calling original ioctl: 8 3224389163 140721073839920
[2026-09-08 14:16:17][warning][3554229] Calling original ioctl: 8 3223340586 140721073835952
[2026-09-08 14:16:17][warning][3554229] Calling original ioctl: 8 3224389163 140721073840208
[2026-09-08 14:16:17][warning][3554229] Calling original ioctl: 8 3223340586 140721073835888
[2026-09-08 14:16:17][warning][3554229] Calling original ioctl: 8 3223340586 140721073835968
[2026-09-08 14:16:17][warning][3554229] Calling original ioctl: 8 3223340586 140721073835968
[2026-09-08 14:16:17][warning][3554229] Calling original ioctl: 8 3224389163 140721073838064
[2026-09-08 14:16:17][warning][3554229] Calling original ioctl: 8 3223340586 140721073833648
[2026-09-08 14:16:17][warning][3554229] Calling original ioctl: 8 3224913486 140721073838192
[2026-09-08 14:16:17][warning][3554229] Calling original ioctl: 8 3224389163 140721073839920
[2026-09-08 14:16:17][warning][3554229] Calling original ioctl: 8 3223340586 140721073835952
[2026-09-08 14:16:17][warning][3554229] Calling original ioctl: 8 3224389163 140721073840208
[2026-09-08 14:16:17][warning][3554229] Calling original ioctl: 8 3223340586 140721073835888
[2026-09-08 14:16:17][warning][3554229] Calling original ioctl: 8 3224389163 140721073840208
[2026-09-08 14:16:17][warning][3554229] Calling original ioctl: 8 3223340586 140721073835888
[2026-09-08 14:16:17][warning][3554229] Calling original ioctl: 8 3223340586 140721073835968
[2026-09-08 14:16:17][warning][3554229] Calling original ioctl: 8 3223340586 140721073835968
[2026-09-08 14:16:17][warning][3554229] Calling original ioctl: 8 3224389163 140721073838064
[2026-09-08 14:16:17][warning][3554229] Calling original ioctl: 8 3223340586 140721073833648
[2026-09-08 14:16:17][warning][3554229] Calling original ioctl: 8 3224913486 140721073838192
[2026-09-08 14:16:17][warning][3554229] Calling original ioctl: 8 3224389163 140721073839920
[2026-09-08 14:16:17][warning][3554229] Calling original ioctl: 8 3223340586 140721073835952
[2026-09-08 14:16:17][warning][3554229] Calling original ioctl: 8 3224389163 140721073840208
[2026-09-08 14:16:17][warning][3554229] Calling original ioctl: 8 3223340586 140721073835888
[2026-09-08 14:16:17][warning][3554229] Calling original ioctl: 8 3223340586 140721073835968
[2026-09-08 14:16:17][warning][3554229] Calling original ioctl: 8 3223340586 140721073835968
[2026-09-08 14:16:17][warning][3554229] Calling original ioctl: 9 27 140721073841888
[2026-09-08 14:16:17][warning][3554229] Calling original ioctl: 9 27 140721073841888
[2026-09-08 14:16:17][warning][3554229] Calling original ioctl: 9 27 140721073841888
[2026-09-08 14:16:17][warning][3554229] Calling original ioctl: 9 27 140721073841888
[2026-09-08 14:16:17][warning][3554229] Calling original ioctl: 9 27 140721073841888
[2026-09-08 14:16:17][warning][3554229] Calling original ioctl: 9 27 140721073841888
[2026-09-08 14:16:17][warning][3554229] Calling original ioctl: 9 27 140721073841888
[2026-09-08 14:16:17][warning][3554229] Calling original ioctl: 9 27 140721073841888
[2026-09-08 14:16:17][warning][3554229] Calling original ioctl: 8 3223340586 140721073837552
[2026-09-08 14:16:17][warning][3554229] Calling original ioctl: 17 3221505737 140721073841648
[2026-09-08 14:16:17][warning][3554229] Calling original ioctl: 17 3222292174 140721073841632
[2026-09-08 14:16:17][warning][3554229] Calling original ioctl: 17 3224389163 140721073841616
[2026-09-08 14:16:17][warning][3554229] Calling original ioctl: 8 3224389163 140721073841456
[2026-09-08 14:16:17][warning][3554229] Calling original ioctl: 8 3224389163 140721073838064
[2026-09-08 14:16:17][warning][3554229] Calling original ioctl: 8 3223340586 140721073833648
[2026-09-08 14:16:17][warning][3554229] Calling original ioctl: 8 3224913486 140721073838192
[2026-09-08 14:16:17][warning][3554229] Calling original ioctl: 8 3224389163 140721073839920
[2026-09-08 14:16:17][warning][3554229] Calling original ioctl: 8 3223340586 140721073835952
[2026-09-08 14:16:17][warning][3554229] Calling original ioctl: 8 3224389163 140721073840208
[2026-09-08 14:16:17][warning][3554229] Calling original ioctl: 8 3223340586 140721073835888
[2026-09-08 14:16:17][warning][3554229] Calling original ioctl: 8 3223340586 140721073835968
[2026-09-08 14:16:17][warning][3554229] Calling original ioctl: 8 3224389163 140721073838064
[2026-09-08 14:16:17][warning][3554229] Calling original ioctl: 8 3223340586 140721073833648
[2026-09-08 14:16:17][warning][3554229] Calling original ioctl: 8 3224913486 140721073838192
[2026-09-08 14:16:17][warning][3554229] Calling original ioctl: 8 3224389163 140721073839920
[2026-09-08 14:16:17][warning][3554229] Calling original ioctl: 8 3223340586 140721073835952
[2026-09-08 14:16:17][warning][3554229] Calling original ioctl: 8 3224389163 140721073840208
[2026-09-08 14:16:17][warning][3554229] Calling original ioctl: 8 3223340586 140721073835888
[2026-09-08 14:16:17][warning][3554229] Calling original ioctl: 8 3223340586 140721073835968
[2026-09-08 14:16:17][warning][3554229] Calling original ioctl: 8 3224389163 140721073838064
[2026-09-08 14:16:17][warning][3554229] Calling original ioctl: 8 3223340586 140721073833648
[2026-09-08 14:16:17][warning][3554229] Calling original ioctl: 8 3224913486 140721073838192
[2026-09-08 14:16:17][warning][3554229] Calling original ioctl: 8 3224389163 140721073839920
[2026-09-08 14:16:17][warning][3554229] Calling original ioctl: 8 3223340586 140721073835952
[2026-09-08 14:16:17][warning][3554229] Calling original ioctl: 8 3224389163 140721073840208
[2026-09-08 14:16:17][warning][3554229] Calling original ioctl: 8 3223340586 140721073835888
[2026-09-08 14:16:17][warning][3554229] Calling original ioctl: 8 3223340586 140721073835968
[2026-09-08 14:16:17][warning][3554229] Calling original ioctl: 8 3224389163 140721073838064
[2026-09-08 14:16:17][warning][3554229] Calling original ioctl: 8 3223340586 140721073833648
[2026-09-08 14:16:17][warning][3554229] Calling original ioctl: 8 3224913486 140721073838192
[2026-09-08 14:16:17][warning][3554229] Calling original ioctl: 8 3224389163 140721073839920
[2026-09-08 14:16:17][warning][3554229] Calling original ioctl: 8 3223340586 140721073835952
[2026-09-08 14:16:17][warning][3554229] Calling original ioctl: 8 3224389163 140721073840208
[2026-09-08 14:16:17][warning][3554229] Calling original ioctl: 8 3223340586 140721073835888
[2026-09-08 14:16:17][warning][3554229] Calling original ioctl: 8 3223340586 140721073835968
[2026-09-08 14:16:17][warning][3554229] Calling original ioctl: 9 27 140721073841888
[2026-09-08 14:16:17][warning][3554229] Calling original ioctl: 9 27 140721073841888
[2026-09-08 14:16:17][warning][3554229] Calling original ioctl: 9 27 140721073841888
[2026-09-08 14:16:17][warning][3554229] Calling original ioctl: 9 27 140721073841888
[2026-09-08 14:16:17][warning][3554229] Calling original ioctl: 8 3223340586 140721073837552
[2026-09-08 14:16:17][warning][3554229] Calling original ioctl: 19 3221505737 140721073841648
[2026-09-08 14:16:17][warning][3554229] Calling original ioctl: 19 3222292174 140721073841632
[2026-09-08 14:16:17][warning][3554229] Calling original ioctl: 19 3224389163 140721073841616
[2026-09-08 14:16:17][warning][3554229] Calling original ioctl: 8 3224389163 140721073841456
[2026-09-08 14:16:17][warning][3554229] Calling original ioctl: 8 3224389163 140721073838064
[2026-09-08 14:16:17][warning][3554229] Calling original ioctl: 8 3223340586 140721073833648
[2026-09-08 14:16:17][warning][3554229] Calling original ioctl: 8 3224913486 140721073838192
[2026-09-08 14:16:17][warning][3554229] Calling original ioctl: 8 3224389163 140721073839920
[2026-09-08 14:16:17][warning][3554229] Calling original ioctl: 8 3223340586 140721073835952
[2026-09-08 14:16:17][warning][3554229] Calling original ioctl: 8 3224389163 140721073840208
[2026-09-08 14:16:17][warning][3554229] Calling original ioctl: 8 3223340586 140721073835888
[2026-09-08 14:16:17][warning][3554229] Calling original ioctl: 8 3223340586 140721073835968
[2026-09-08 14:16:17][warning][3554229] Calling original ioctl: 8 3224389163 140721073838064
[2026-09-08 14:16:17][warning][3554229] Calling original ioctl: 8 3223340586 140721073833648
[2026-09-08 14:16:17][warning][3554229] Calling original ioctl: 8 3224913486 140721073838192
[2026-09-08 14:16:17][warning][3554229] Calling original ioctl: 8 3224389163 140721073839920
[2026-09-08 14:16:17][warning][3554229] Calling original ioctl: 8 3223340586 140721073835952
[2026-09-08 14:16:17][warning][3554229] Calling original ioctl: 8 3224389163 140721073840208
[2026-09-08 14:16:17][warning][3554229] Calling original ioctl: 8 3223340586 140721073835888
[2026-09-08 14:16:17][warning][3554229] Calling original ioctl: 8 3223340586 140721073835968
[2026-09-08 14:16:17][warning][3554229] Calling original ioctl: 8 3224389163 140721073838064
[2026-09-08 14:16:17][warning][3554229] Calling original ioctl: 8 3223340586 140721073833648
[2026-09-08 14:16:17][warning][3554229] Calling original ioctl: 8 3224913486 140721073838192
[2026-09-08 14:16:17][warning][3554229] Calling original ioctl: 8 3224389163 140721073839920
[2026-09-08 14:16:17][warning][3554229] Calling original ioctl: 8 3223340586 140721073835952
[2026-09-08 14:16:17][warning][3554229] Calling original ioctl: 8 3224389163 140721073840208
[2026-09-08 14:16:17][warning][3554229] Calling original ioctl: 8 3223340586 140721073835888
[2026-09-08 14:16:17][warning][3554229] Calling original ioctl: 8 3223340586 140721073835968
[2026-09-08 14:16:17][warning][3554229] Calling original ioctl: 8 3224389163 140721073838064
[2026-09-08 14:16:17][warning][3554229] Calling original ioctl: 8 3223340586 140721073833648
[2026-09-08 14:16:17][warning][3554229] Calling original ioctl: 8 3224913486 140721073838192
[2026-09-08 14:16:17][warning][3554229] Calling original ioctl: 8 3224389163 140721073839920
[2026-09-08 14:16:17][warning][3554229] Calling original ioctl: 8 3223340586 140721073835952
[2026-09-08 14:16:17][warning][3554229] Calling original ioctl: 8 3224389163 140721073840208
[2026-09-08 14:16:17][warning][3554229] Calling original ioctl: 8 3223340586 140721073835888
[2026-09-08 14:16:17][warning][3554229] Calling original ioctl: 8 3223340586 140721073835968
[2026-09-08 14:16:17][warning][3554229] Calling original ioctl: 9 27 140721073841888
[2026-09-08 14:16:17][warning][3554229] Calling original ioctl: 9 27 140721073841888
[2026-09-08 14:16:17][warning][3554229] Calling original ioctl: 9 27 140721073841888
[2026-09-08 14:16:17][warning][3554229] Calling original ioctl: 9 27 140721073841888
[2026-09-08 14:16:17][warning][3554229] Calling original ioctl: 8 3223340586 140721073837552
[2026-09-08 14:16:17][warning][3554229] Calling original ioctl: 21 3221505737 140721073841648
[2026-09-08 14:16:17][warning][3554229] Calling original ioctl: 21 3222292174 140721073841632
[2026-09-08 14:16:17][warning][3554229] Calling original ioctl: 21 3224389163 140721073841616
[2026-09-08 14:16:17][warning][3554229] Calling original ioctl: 8 3224389163 140721073839088
[2026-09-08 14:16:17][warning][3554229] Calling original ioctl: 8 3223340586 140721073834672
[2026-09-08 14:16:17][warning][3554229] Calling original ioctl: 8 3224913486 140721073839216
[2026-09-08 14:16:17][warning][3554229] Calling original ioctl: 9 73 140721073838272
[2026-09-08 14:16:17][warning][3554229] Calling original ioctl: 9 33 140721073829040
[2026-09-08 14:16:17][warning][3554229] Calling original ioctl: 8 3224389163 140721073839392
[2026-09-08 14:16:17][warning][3554229] Calling original ioctl: 9 73 140721073838576
[2026-09-08 14:16:17][warning][3554229] Calling original ioctl: 9 33 140721073829344
[2026-09-08 14:16:17][warning][3554229] Calling original ioctl: 9 68 140721073828736
[2026-09-08 14:16:17][warning][3554229] Calling original ioctl: 9 72 140721073837840
[2026-09-08 14:16:17][warning][3554229] Calling original ioctl: 9 23 140721073842192
[2026-09-08 14:16:17][warning][3554229] Calling original ioctl: 9 23 140721073842192
[2026-09-08 14:16:17][warning][3554229] Calling original ioctl: 9 23 140721073842192
[2026-09-08 14:16:17][warning][3554229] Calling original ioctl: 9 23 140721073842192
[2026-09-08 14:16:17][warning][3554229] Calling original ioctl: 8 3224389163 140721073839392
[2026-09-08 14:16:17][warning][3554229] Calling original ioctl: 9 73 140721073838576
[2026-09-08 14:16:17][warning][3554229] Calling original ioctl: 9 33 140721073829344
[2026-09-08 14:16:17][warning][3554229] Calling original ioctl: 9 23 140721073842192
[2026-09-08 14:16:17][warning][3554229] Calling original ioctl: 9 23 140721073842192
[2026-09-08 14:16:17][warning][3554229] Calling original ioctl: 9 23 140721073842192
[2026-09-08 14:16:17][warning][3554229] Calling original ioctl: 8 3224389163 140721073838816
[2026-09-08 14:16:17][warning][3554229] Calling original ioctl: 8 3223340586 140721073834400
[2026-09-08 14:16:17][warning][3554229] Calling original ioctl: 8 3224913486 140721073838944
[2026-09-08 14:16:17][warning][3554229] Calling original ioctl: 9 73 140721073838000
[2026-09-08 14:16:17][warning][3554229] Calling original ioctl: 9 33 140721073828768
[2026-09-08 14:16:17][warning][3554229] Calling original ioctl: 12 3224913447 140721073838800
[2026-09-08 14:16:17][warning][3554229] Calling original ioctl: 9 73 140721073838000
[2026-09-08 14:16:17][warning][3554229] Calling original ioctl: 9 33 140721073828768
[2026-09-08 14:16:17][warning][3554229] Calling original ioctl: 8 3224389163 140721073839680
[2026-09-08 14:16:17][warning][3554229] Calling original ioctl: 9 73 140721073838864
[2026-09-08 14:16:17][warning][3554229] Calling original ioctl: 9 33 140721073829632
[2026-09-08 14:16:17][warning][3554229] Calling original ioctl: 12 3224913447 140721073839056
[2026-09-08 14:16:17][warning][3554229] Calling original ioctl: 9 73 140721073838256
[2026-09-08 14:16:17][warning][3554229] Calling original ioctl: 9 33 140721073829024
[2026-09-08 14:16:17][warning][3554229] Calling original ioctl: 8 3224389163 140721073839072
[2026-09-08 14:16:17][warning][3554229] Calling original ioctl: 9 73 140721073838256
[2026-09-08 14:16:17][warning][3554229] Calling original ioctl: 9 33 140721073829024
[2026-09-08 14:16:17][warning][3554229] Calling original ioctl: 9 65 140721073839344
[2026-09-08 14:16:17][warning][3554229] Calling original ioctl: 12 3224913447 140721073840160
[2026-09-08 14:16:17][warning][3554229] Calling original ioctl: 9 73 140721073839360
[2026-09-08 14:16:17][warning][3554229] Calling original ioctl: 9 33 140721073830128
[2026-09-08 14:16:17][warning][3554229] Calling original ioctl: 8 3224389163 140721073840176
[2026-09-08 14:16:17][warning][3554229] Calling original ioctl: 9 73 140721073839360
[2026-09-08 14:16:17][warning][3554229] Calling original ioctl: 9 33 140721073830128
[2026-09-08 14:16:17][warning][3554229] Calling original ioctl: 8 3224389163 140721073839744
[2026-09-08 14:16:17][warning][3554229] Calling original ioctl: 8 3223340586 140721073835328
[2026-09-08 14:16:17][warning][3554229] Calling original ioctl: 8 3224913486 140721073839872
[2026-09-08 14:16:17][warning][3554229] Calling original ioctl: 9 73 140721073838928
[2026-09-08 14:16:17][warning][3554229] Calling original ioctl: 9 33 140721073829696
[2026-09-08 14:16:17][warning][3554229] Calling original ioctl: 8 3224389163 140721073837456
[2026-09-08 14:16:17][warning][3554229] Calling original ioctl: 9 73 140721073836640
[2026-09-08 14:16:17][warning][3554229] Calling original ioctl: 9 33 140721073827408
[2026-09-08 14:16:17][warning][3554229] Calling original ioctl: 8 3224389163 140721073837376
[2026-09-08 14:16:17][warning][3554229] Calling original ioctl: 9 73 140721073836560
[2026-09-08 14:16:17][warning][3554229] Calling original ioctl: 9 33 140721073827328
[2026-09-08 14:16:17][warning][3554229] Calling original ioctl: 8 3224389163 140721073837376
[2026-09-08 14:16:17][warning][3554229] Calling original ioctl: 9 73 140721073836560
[2026-09-08 14:16:17][warning][3554229] Calling original ioctl: 9 33 140721073827328
[2026-09-08 14:16:17][warning][3554229] Calling original ioctl: 12 3224913447 140721073839712
[2026-09-08 14:16:17][warning][3554229] Calling original ioctl: 9 73 140721073838912
[2026-09-08 14:16:17][warning][3554229] Calling original ioctl: 9 33 140721073829680
[2026-09-08 14:16:17][warning][3554229] Calling original ioctl: 8 3224389163 140721073842320
[2026-09-08 14:16:17][warning][3554229] Calling original ioctl: 8 3224389163 140721073839216
[2026-09-08 14:16:17][warning][3554229] Calling original ioctl: 8 3223340586 140721073834800
[2026-09-08 14:16:17][warning][3554229] Calling original ioctl: 8 3224913486 140721073839344
[2026-09-08 14:16:17][warning][3554229] Calling original ioctl: 9 73 140721073838400
[2026-09-08 14:16:17][warning][3554229] Calling original ioctl: 9 33 140721073829168
[2026-09-08 14:16:17][warning][3554229] Calling original ioctl: 8 3224389163 140721073839536
[2026-09-08 14:16:17][warning][3554229] Calling original ioctl: 9 73 140721073838720
[2026-09-08 14:16:17][warning][3554229] Calling original ioctl: 9 33 140721073829488
[2026-09-08 14:16:17][warning][3554229] Calling original ioctl: 8 3224389163 140721073839536
[2026-09-08 14:16:17][warning][3554229] Calling original ioctl: 9 73 140721073838720
[2026-09-08 14:16:17][warning][3554229] Calling original ioctl: 9 33 140721073829488
[2026-09-08 14:16:17][warning][3554229] Calling original ioctl: 24 3221505737 140721073841984
[2026-09-08 14:16:17][warning][3554229] Calling original ioctl: 24 3222292174 140721073841968
[2026-09-08 14:16:17][warning][3554229] Calling original ioctl: 24 3224389163 140721073841952
[2026-09-08 14:16:17][warning][3554229] Calling original ioctl: 26 3221505737 140721073841984
[2026-09-08 14:16:17][warning][3554229] Calling original ioctl: 26 3222292174 140721073841968
[2026-09-08 14:16:17][warning][3554229] Calling original ioctl: 26 3224389163 140721073841952
[2026-09-08 14:16:17][warning][3554229] Calling original ioctl: 28 3221505737 140721073841984
[2026-09-08 14:16:17][warning][3554229] Calling original ioctl: 28 3222292174 140721073841968
[2026-09-08 14:16:17][warning][3554229] Calling original ioctl: 28 3224389163 140721073841952
[2026-09-08 14:16:17][warning][3554229] Calling original ioctl: 30 3221505737 140721073841984
[2026-09-08 14:16:17][warning][3554229] Calling original ioctl: 30 3222292174 140721073841968
[2026-09-08 14:16:17][warning][3554229] Calling original ioctl: 30 3224389163 140721073841952
[2026-09-08 14:16:17][warning][3554229] Calling original ioctl: 8 3223340586 140721073837696
[2026-09-08 14:16:17][warning][3554229] Calling original ioctl: 8 3223340586 140721073837872
[2026-09-08 14:16:17][warning][3554229] Calling original ioctl: 8 3223340586 140721073838032
[2026-09-08 14:16:17][warning][3554229] Calling original ioctl: 8 3224389163 140721073839504
[2026-09-08 14:16:17][warning][3554229] Calling original ioctl: 9 73 140721073838688
[2026-09-08 14:16:17][warning][3554229] Calling original ioctl: 9 33 140721073829456
[2026-09-08 14:16:17][warning][3554229] Calling original ioctl: 8 3223340586 140721073838032
libbpf: loading object 'full_record_device_buffer_bpf' from buffer
libbpf: elf: section(3) kretprobe/_Z9rope_normILb1ELb0Ef6__halfEvPKT1_PT2_iiiiiPKifff14rope_corr_dimsfPKfPKli, size 1168, link 0, flags 6, type=1
libbpf: sec 'kretprobe/_Z9rope_normILb1ELb0Ef6__halfEvPKT1_PT2_iiiiiPKifff14rope_corr_dimsfPKfPKli': found program 'cuda__retprobe' at insn offset 0 (0 bytes), code size 146 insns (1168 bytes)
libbpf: elf: section(4) .relkretprobe/_Z9rope_normILb1ELb0Ef6__halfEvPKT1_PT2_iiiiiPKifff14rope_corr_dimsfPKfPKli, size 32, link 26, flags 40, type=9
libbpf: elf: section(5) .maps, size 32, link 0, flags 3, type=1
libbpf: elf: section(6) license, size 4, link 0, flags 3, type=1
libbpf: license of full_record_device_buffer_bpf is GPL
libbpf: elf: section(16) .BTF, size 2529, link 0, flags 0, type=1
libbpf: elf: section(18) .BTF.ext, size 960, link 0, flags 0, type=1
libbpf: elf: section(26) .symtab, size 432, link 1, flags 0, type=2
libbpf: looking for externs among 18 symbols...
libbpf: collected 0 externs total
libbpf: map 'arena': at sec_idx 5, offset 0.
libbpf: map 'arena': found type = 1503.
libbpf: map 'arena': found key [8], sz = 4.
libbpf: map 'arena': found value [12], sz = 335675408.
libbpf: map 'arena': found max_entries = 32.
libbpf: sec '.relkretprobe/_Z9rope_normILb1ELb0Ef6__halfEvPKT1_PT2_iiiiiPKifff14rope_corr_dimsfPKfPKli': collecting relocation for section(3) 'kretprobe/_Z9rope_normILb1ELb0Ef6__halfEvPKT1_PT2_iiiiiPKifff14rope_corr_dimsfPKfPKli'
libbpf: sec '.relkretprobe/_Z9rope_normILb1ELb0Ef6__halfEvPKT1_PT2_iiiiiPKifff14rope_corr_dimsfPKfPKli': relo #0: insn #71 against 'arena'
libbpf: prog 'cuda__retprobe': found map 0 (arena, sec 5, off 0) for insn #71
libbpf: sec '.relkretprobe/_Z9rope_normILb1ELb0Ef6__halfEvPKT1_PT2_iiiiiPKifff14rope_corr_dimsfPKfPKli': relo #1: insn #85 against 'arena'
libbpf: prog 'cuda__retprobe': found map 0 (arena, sec 5, off 0) for insn #85
libbpf: object 'full_record_dev': failed (-EACCES) to open BPF FS mount at '/sys/fs/bpf', skipping optional step...
libbpf: Kernel doesn't support BTF, skipping uploading it.
libbpf: map 'arena': created successfully, fd=34
Full-record bank count: 32
Full-record slots per bank: 16384
Full-record total slots: 524288
Full-record records per slot: 256
Full-record record bytes: 80
Full-record value bytes (per bank): 335675408
Full-record probe attached; waiting for SIGINT
[2026-09-08 14:16:33][warning][3554246] Calling original ioctl: 8 3223340586 134296088966768
[2026-09-08 14:17:20][warning][3554229] Calling original ioctl: 8 3223340586 140721073832864
Full-record drain bytes: 10741613056
Full-record drain time ns: 1490922220
Full-record committed records: 23068672
Full-record active slots: 524288
Full-record overflow records: 0
Full-record out-of-range threads: 0
Full-record nonzero timestamps: 23068672
[2026-09-08 14:17:21][warning][3554229] Calling original ioctl: 9 34 140721073842816
[2026-09-08 14:17:21][warning][3554229] Calling original ioctl: 8 3222292009 140721073842976
[2026-09-08 14:17:21][warning][3554229] Calling original ioctl: 9 34 140721073843632
[2026-09-08 14:17:21][warning][3554229] Calling original ioctl: 8 3222292009 140721073843792
[2026-09-08 14:17:21][warning][3554229] Calling original ioctl: 9 34 140721073843632
[2026-09-08 14:17:21][warning][3554229] Calling original ioctl: 8 3222292009 140721073843792
[2026-09-08 14:17:21][warning][3554229] Calling original ioctl: 8 3222292009 140721073844512
[2026-09-08 14:17:21][warning][3554229] Calling original ioctl: 26 3222292175 140721073844528
[2026-09-08 14:17:21][warning][3554229] Calling original ioctl: 8 3222292009 140721073844512
[2026-09-08 14:17:21][warning][3554229] Calling original ioctl: 28 3222292175 140721073844528
[2026-09-08 14:17:21][warning][3554229] Calling original ioctl: 8 3222292009 140721073844512
[2026-09-08 14:17:21][warning][3554229] Calling original ioctl: 24 3222292175 140721073844528
[2026-09-08 14:17:21][warning][3554229] Calling original ioctl: 8 3222292009 140721073844512
[2026-09-08 14:17:21][warning][3554229] Calling original ioctl: 30 3222292175 140721073844528
[2026-09-08 14:17:21][warning][3554229] Calling original ioctl: 9 34 140721073843536
[2026-09-08 14:17:21][warning][3554229] Calling original ioctl: 8 3222292009 140721073843696
[2026-09-08 14:17:21][warning][3554229] Calling original ioctl: 9 34 140721073843536
[2026-09-08 14:17:21][warning][3554229] Calling original ioctl: 8 3222292009 140721073843696
[2026-09-08 14:17:21][warning][3554229] Calling original ioctl: 9 34 140721073843664
[2026-09-08 14:17:21][warning][3554229] Calling original ioctl: 8 3223340623 140721073843872
[2026-09-08 14:17:21][warning][3554229] Calling original ioctl: 8 3222292009 140721073843824
[2026-09-08 14:17:21][warning][3554229] Calling original ioctl: 8 3222292009 140721073844592
[2026-09-08 14:17:21][warning][3554229] Calling original ioctl: 9 34 140721073843648
[2026-09-08 14:17:21][warning][3554229] Calling original ioctl: 8 3222292009 140721073843808
[2026-09-08 14:17:21][warning][3554229] Calling original ioctl: 9 34 140721073843648
[2026-09-08 14:17:21][warning][3554229] Calling original ioctl: 8 3223340623 140721073843856
[2026-09-08 14:17:21][warning][3554229] Calling original ioctl: 8 3222292009 140721073843808
[2026-09-08 14:17:21][warning][3554229] Calling original ioctl: 8 3223340586 140721073839520
[2026-09-08 14:17:21][warning][3554229] Calling original ioctl: 9 34 140721073843472
[2026-09-08 14:17:21][warning][3554229] Calling original ioctl: 8 3222292009 140721073843632
[2026-09-08 14:17:21][warning][3554229] Calling original ioctl: 8 3223340586 140721073839520
[2026-09-08 14:17:21][warning][3554229] Calling original ioctl: 9 34 140721073843472
[2026-09-08 14:17:21][warning][3554229] Calling original ioctl: 8 3222292009 140721073843632
[2026-09-08 14:17:21][warning][3554229] Calling original ioctl: 8 3223340586 140721073839520
[2026-09-08 14:17:21][warning][3554229] Calling original ioctl: 9 34 140721073843472
[2026-09-08 14:17:21][warning][3554229] Calling original ioctl: 8 3222292009 140721073843632
[2026-09-08 14:17:21][warning][3554229] Calling original ioctl: 8 3223340586 140721073840416
[2026-09-08 14:17:21][warning][3554229] Calling original ioctl: 9 34 140721073843696
[2026-09-08 14:17:21][warning][3554229] Calling original ioctl: 9 34 140721073843696
[2026-09-08 14:17:21][warning][3554229] Calling original ioctl: 8 3222292009 140721073843856
[2026-09-08 14:17:21][warning][3554229] Calling original ioctl: 9 34 140721073843696
[2026-09-08 14:17:21][warning][3554229] Calling original ioctl: 8 3222292009 140721073843856
[2026-09-08 14:17:21][warning][3554229] Calling original ioctl: 9 34 140721073843648
[2026-09-08 14:17:21][warning][3554229] Calling original ioctl: 8 3223340623 140721073843856
[2026-09-08 14:17:21][warning][3554229] Calling original ioctl: 8 3222292009 140721073843808
[2026-09-08 14:17:21][warning][3554229] Calling original ioctl: 9 24 140721073844688
[2026-09-08 14:17:21][warning][3554229] Calling original ioctl: 9 24 140721073844688
[2026-09-08 14:17:21][warning][3554229] Calling original ioctl: 9 24 140721073844720
[2026-09-08 14:17:21][warning][3554229] Calling original ioctl: 9 24 140721073844688
[2026-09-08 14:17:21][warning][3554229] Calling original ioctl: 9 24 140721073844688
[2026-09-08 14:17:21][warning][3554229] Calling original ioctl: 9 24 140721073844688
[2026-09-08 14:17:21][warning][3554229] Calling original ioctl: 9 24 140721073844688
[2026-09-08 14:17:21][warning][3554229] Calling original ioctl: 9 34 140721073843584
[2026-09-08 14:17:21][warning][3554229] Calling original ioctl: 8 3222292009 140721073843744
[2026-09-08 14:17:21][warning][3554229] Calling original ioctl: 9 34 140721073843584
[2026-09-08 14:17:21][warning][3554229] Calling original ioctl: 8 3222292009 140721073843744
[2026-09-08 14:17:21][warning][3554229] Calling original ioctl: 9 34 140721073843696
[2026-09-08 14:17:21][warning][3554229] Calling original ioctl: 8 3222292009 140721073843856
[2026-09-08 14:17:21][warning][3554229] Calling original ioctl: 8 3222292009 140721073844432
[2026-09-08 14:17:21][warning][3554229] Calling original ioctl: 17 3222292175 140721073844448
[2026-09-08 14:17:21][warning][3554229] Calling original ioctl: 9 28 140721073844560
[2026-09-08 14:17:21][warning][3554229] Calling original ioctl: 9 28 140721073844560
[2026-09-08 14:17:21][warning][3554229] Calling original ioctl: 9 28 140721073844560
[2026-09-08 14:17:21][warning][3554229] Calling original ioctl: 9 28 140721073844560
[2026-09-08 14:17:21][warning][3554229] Calling original ioctl: 9 28 140721073844560
[2026-09-08 14:17:21][warning][3554229] Calling original ioctl: 9 28 140721073844560
[2026-09-08 14:17:21][warning][3554229] Calling original ioctl: 9 28 140721073844560
[2026-09-08 14:17:21][warning][3554229] Calling original ioctl: 9 28 140721073844560
[2026-09-08 14:17:21][warning][3554229] Calling original ioctl: 8 3222292009 140721073844320
[2026-09-08 14:17:21][warning][3554229] Calling original ioctl: 8 3222292009 140721073844320
[2026-09-08 14:17:21][warning][3554229] Calling original ioctl: 8 3222292009 140721073844368
[2026-09-08 14:17:21][warning][3554229] Calling original ioctl: 8 3223340623 140721073843632
[2026-09-08 14:17:21][warning][3554229] Calling original ioctl: 8 3222292009 140721073843584
[2026-09-08 14:17:21][warning][3554229] Calling original ioctl: 8 3222292009 140721073844320
[2026-09-08 14:17:21][warning][3554229] Calling original ioctl: 8 3222292009 140721073844368
[2026-09-08 14:17:21][warning][3554229] Calling original ioctl: 8 3223340623 140721073843632
[2026-09-08 14:17:21][warning][3554229] Calling original ioctl: 8 3222292009 140721073843584
[2026-09-08 14:17:21][warning][3554229] Calling original ioctl: 8 3222292009 140721073844320
[2026-09-08 14:17:21][warning][3554229] Calling original ioctl: 8 3222292009 140721073844320
[2026-09-08 14:17:21][warning][3554229] Calling original ioctl: 8 3222292009 140721073844368
[2026-09-08 14:17:21][warning][3554229] Calling original ioctl: 8 3223340623 140721073843632
[2026-09-08 14:17:21][warning][3554229] Calling original ioctl: 8 3222292009 140721073843584
[2026-09-08 14:17:21][warning][3554229] Calling original ioctl: 8 3222292009 140721073844320
[2026-09-08 14:17:21][warning][3554229] Calling original ioctl: 8 3222292009 140721073844368
[2026-09-08 14:17:21][warning][3554229] Calling original ioctl: 8 3223340623 140721073843632
[2026-09-08 14:17:21][warning][3554229] Calling original ioctl: 8 3222292009 140721073843584
[2026-09-08 14:17:21][warning][3554229] Calling original ioctl: 8 3222292009 140721073844320
[2026-09-08 14:17:21][warning][3554229] Calling original ioctl: 8 3222292009 140721073844320
[2026-09-08 14:17:21][warning][3554229] Calling original ioctl: 8 3222292009 140721073844368
[2026-09-08 14:17:21][warning][3554229] Calling original ioctl: 8 3223340623 140721073843632
[2026-09-08 14:17:21][warning][3554229] Calling original ioctl: 8 3222292009 140721073843584
[2026-09-08 14:17:21][warning][3554229] Calling original ioctl: 8 3222292009 140721073844320
[2026-09-08 14:17:21][warning][3554229] Calling original ioctl: 8 3222292009 140721073844368
[2026-09-08 14:17:21][warning][3554229] Calling original ioctl: 8 3223340623 140721073843632
[2026-09-08 14:17:21][warning][3554229] Calling original ioctl: 8 3222292009 140721073843584
[2026-09-08 14:17:21][warning][3554229] Calling original ioctl: 8 3222292009 140721073844320
[2026-09-08 14:17:21][warning][3554229] Calling original ioctl: 8 3222292009 140721073844320
[2026-09-08 14:17:21][warning][3554229] Calling original ioctl: 8 3222292009 140721073844368
[2026-09-08 14:17:21][warning][3554229] Calling original ioctl: 8 3223340623 140721073843632
[2026-09-08 14:17:21][warning][3554229] Calling original ioctl: 8 3222292009 140721073843584
[2026-09-08 14:17:21][warning][3554229] Calling original ioctl: 8 3222292009 140721073844320
[2026-09-08 14:17:21][warning][3554229] Calling original ioctl: 8 3222292009 140721073844368
[2026-09-08 14:17:21][warning][3554229] Calling original ioctl: 8 3223340623 140721073843632
[2026-09-08 14:17:21][warning][3554229] Calling original ioctl: 8 3222292009 140721073843584
[2026-09-08 14:17:21][warning][3554229] Calling original ioctl: 8 3222292009 140721073844496
[2026-09-08 14:17:21][warning][3554229] Calling original ioctl: 8 3222292009 140721073844464
[2026-09-08 14:17:21][warning][3554229] Calling original ioctl: 8 3222292009 140721073844432
[2026-09-08 14:17:21][warning][3554229] Calling original ioctl: 19 3222292175 140721073844448
[2026-09-08 14:17:21][warning][3554229] Calling original ioctl: 9 28 140721073844560
[2026-09-08 14:17:21][warning][3554229] Calling original ioctl: 9 28 140721073844560
[2026-09-08 14:17:21][warning][3554229] Calling original ioctl: 9 28 140721073844560
[2026-09-08 14:17:21][warning][3554229] Calling original ioctl: 9 28 140721073844560
[2026-09-08 14:17:21][warning][3554229] Calling original ioctl: 8 3222292009 140721073844320
[2026-09-08 14:17:21][warning][3554229] Calling original ioctl: 8 3222292009 140721073844368
[2026-09-08 14:17:21][warning][3554229] Calling original ioctl: 8 3223340623 140721073843632
[2026-09-08 14:17:21][warning][3554229] Calling original ioctl: 8 3222292009 140721073843584
[2026-09-08 14:17:21][warning][3554229] Calling original ioctl: 8 3222292009 140721073844320
[2026-09-08 14:17:21][warning][3554229] Calling original ioctl: 8 3222292009 140721073844368
[2026-09-08 14:17:21][warning][3554229] Calling original ioctl: 8 3223340623 140721073843632
[2026-09-08 14:17:21][warning][3554229] Calling original ioctl: 8 3222292009 140721073843584
[2026-09-08 14:17:21][warning][3554229] Calling original ioctl: 8 3222292009 140721073844320
[2026-09-08 14:17:21][warning][3554229] Calling original ioctl: 8 3222292009 140721073844368
[2026-09-08 14:17:21][warning][3554229] Calling original ioctl: 8 3223340623 140721073843632
[2026-09-08 14:17:21][warning][3554229] Calling original ioctl: 8 3222292009 140721073843584
[2026-09-08 14:17:21][warning][3554229] Calling original ioctl: 8 3222292009 140721073844320
[2026-09-08 14:17:21][warning][3554229] Calling original ioctl: 8 3222292009 140721073844368
[2026-09-08 14:17:21][warning][3554229] Calling original ioctl: 8 3223340623 140721073843632
[2026-09-08 14:17:21][warning][3554229] Calling original ioctl: 8 3222292009 140721073843584
[2026-09-08 14:17:21][warning][3554229] Calling original ioctl: 8 3222292009 140721073844464
[2026-09-08 14:17:21][warning][3554229] Calling original ioctl: 8 3222292009 140721073844432
[2026-09-08 14:17:21][warning][3554229] Calling original ioctl: 21 3222292175 140721073844448
[2026-09-08 14:17:21][warning][3554229] Calling original ioctl: 9 28 140721073844560
[2026-09-08 14:17:21][warning][3554229] Calling original ioctl: 9 28 140721073844560
[2026-09-08 14:17:21][warning][3554229] Calling original ioctl: 9 28 140721073844560
[2026-09-08 14:17:21][warning][3554229] Calling original ioctl: 9 28 140721073844560
[2026-09-08 14:17:21][warning][3554229] Calling original ioctl: 8 3222292009 140721073844320
[2026-09-08 14:17:21][warning][3554229] Calling original ioctl: 8 3222292009 140721073844368
[2026-09-08 14:17:21][warning][3554229] Calling original ioctl: 8 3223340623 140721073843632
[2026-09-08 14:17:21][warning][3554229] Calling original ioctl: 8 3222292009 140721073843584
[2026-09-08 14:17:21][warning][3554229] Calling original ioctl: 8 3222292009 140721073844320
[2026-09-08 14:17:21][warning][3554229] Calling original ioctl: 8 3222292009 140721073844368
[2026-09-08 14:17:21][warning][3554229] Calling original ioctl: 8 3223340623 140721073843632
[2026-09-08 14:17:21][warning][3554229] Calling original ioctl: 8 3222292009 140721073843584
[2026-09-08 14:17:21][warning][3554229] Calling original ioctl: 8 3222292009 140721073844320
[2026-09-08 14:17:21][warning][3554229] Calling original ioctl: 8 3222292009 140721073844368
[2026-09-08 14:17:21][warning][3554229] Calling original ioctl: 8 3223340623 140721073843632
[2026-09-08 14:17:21][warning][3554229] Calling original ioctl: 8 3222292009 140721073843584
[2026-09-08 14:17:21][warning][3554229] Calling original ioctl: 8 3222292009 140721073844320
[2026-09-08 14:17:21][warning][3554229] Calling original ioctl: 8 3222292009 140721073844368
[2026-09-08 14:17:21][warning][3554229] Calling original ioctl: 8 3223340623 140721073843632
[2026-09-08 14:17:21][warning][3554229] Calling original ioctl: 8 3222292009 140721073843584
[2026-09-08 14:17:21][warning][3554229] Calling original ioctl: 9 34 140721073843392
[2026-09-08 14:17:21][warning][3554229] Calling original ioctl: 8 3223340623 140721073843600
[2026-09-08 14:17:21][warning][3554229] Calling original ioctl: 8 3222292009 140721073843552
[2026-09-08 14:17:21][warning][3554229] Calling original ioctl: 9 34 140721073843392
[2026-09-08 14:17:21][warning][3554229] Calling original ioctl: 8 3223340623 140721073843600
[2026-09-08 14:17:21][warning][3554229] Calling original ioctl: 8 3222292009 140721073843552
[2026-09-08 14:17:21][warning][3554229] Calling original ioctl: 8 3222292009 140721073844464
[2026-09-08 14:17:21][warning][3554229] Calling original ioctl: 9 34 140721073843696
[2026-09-08 14:17:21][warning][3554229] Calling original ioctl: 8 3222292009 140721073843856
[2026-09-08 14:17:21][warning][3554229] Calling original ioctl: 9 34 140721073843600
[2026-09-08 14:17:21][warning][3554229] Calling original ioctl: 8 3222292009 140721073843760
[2026-09-08 14:17:21][warning][3554229] Calling original ioctl: 9 34 140721073843696
[2026-09-08 14:17:21][warning][3554229] Calling original ioctl: 8 3222292009 140721073843856
[2026-09-08 14:17:21][warning][3554229] Calling original ioctl: 9 34 140721073843648
[2026-09-08 14:17:21][warning][3554229] Calling original ioctl: 8 3222292009 140721073843808
[2026-09-08 14:17:21][warning][3554229] Calling original ioctl: 9 34 140721073843632
[2026-09-08 14:17:21][warning][3554229] Calling original ioctl: 8 3223340623 140721073843840
[2026-09-08 14:17:21][warning][3554229] Calling original ioctl: 8 3222292009 140721073843792
[2026-09-08 14:17:21][warning][3554229] Calling original ioctl: 9 34 140721073843632
[2026-09-08 14:17:21][warning][3554229] Calling original ioctl: 8 3223340623 140721073843840
[2026-09-08 14:17:21][warning][3554229] Calling original ioctl: 8 3222292009 140721073843792
[2026-09-08 14:17:21][warning][3554229] Calling original ioctl: 9 34 140721073843648
[2026-09-08 14:17:21][warning][3554229] Calling original ioctl: 8 3222292009 140721073843808
[2026-09-08 14:17:21][warning][3554229] Calling original ioctl: 9 34 140721073843648
[2026-09-08 14:17:21][warning][3554229] Calling original ioctl: 8 3222292009 140721073843808
[2026-09-08 14:17:21][warning][3554229] Calling original ioctl: 9 34 140721073843808
[2026-09-08 14:17:21][warning][3554229] Calling original ioctl: 8 3223340586 140721073840400
