[2026-09-04 10:04:23][info][2745481] Setting BPFTIME_SHM_MEMORY_MB to: 256
[2026-09-04 10:04:23][info][2745481] Setting BPFTIME_MAX_FD_COUNT to: 1024
[2026-09-04 10:04:23][warning][2745481] BPFTIME_VERIFIER_LEVEL=WARNING was requested, but this bpftime build was compiled with ENABLE_EBPF_VERIFIER=OFF; continuing without userspace verification.
[2026-09-04 10:04:23][info][2745481] Verifier mode: WARNING
[2026-09-04 10:04:23][info][2745481] Init bpftime syscall mocking..
[2026-09-04 10:04:23][info][2745481] The log will be written to: console
[2026-09-04 10:04:23][info][2745481] Starting syscall server..
[2026-09-04 10:04:23][info][2745481] Setting BPFTIME_SHM_MEMORY_MB to: 256
[2026-09-04 10:04:23][info][2745481] Setting BPFTIME_MAX_FD_COUNT to: 1024
[2026-09-04 10:04:23][warning][2745481] BPFTIME_VERIFIER_LEVEL=WARNING was requested, but this bpftime build was compiled with ENABLE_EBPF_VERIFIER=OFF; continuing without userspace verification.
[2026-09-04 10:04:23][info][2745481] Verifier mode: WARNING
[2026-09-04 10:04:23][info][2745481] Initialize syscall server
[2026-09-04 10:04:23][info][2745481] Setting BPFTIME_SHM_MEMORY_MB to: 256
[2026-09-04 10:04:23][info][2745481] Setting BPFTIME_MAX_FD_COUNT to: 1024
[2026-09-04 10:04:23][warning][2745481] BPFTIME_VERIFIER_LEVEL=WARNING was requested, but this bpftime build was compiled with ENABLE_EBPF_VERIFIER=OFF; continuing without userspace verification.
[2026-09-04 10:04:23][info][2745481] Verifier mode: WARNING
[2026-09-04 10:04:23][info][2745481] Global shm constructed. shm_open_type 3 for fig15_map_2745022_115209356174883
[2026-09-04 10:04:23][info][2745481] Global shm initialized
[2026-09-04 10:04:23][info][2745481] Initializing CUDA at syscall-server side
[2026-09-04 10:04:24][info][2745481] CUDA initialized at syscall server side
[2026-09-04 10:04:24][info][2745481] bpftime-syscall-server started
[2026-09-04 10:04:24][info][2745481] syscall server: Set enable_mock_after_initialized to false
[2026-09-04 10:04:24][info][2745481] CUDA context for thread 2745481 has been set to 641cdc816130
[2026-09-04 10:04:24][info][2745481] Map device_values (nv_gpu_shared_array_map_impl) shared array
[2026-09-04 10:04:24][info][2745481] Initializing map type of BPF_MAP_TYPE_GPU_ARRAY_MAP (device), total_buffer_size=256
[2026-09-04 10:04:24][info][2745481] syscall server: Set enable_mock_after_initialized to true
[2026-09-04 10:04:24][info][2745481] Map host_values (nv_gpu_shared_array_host_map_impl) shared array
[2026-09-04 10:04:24][info][2745481] Initializing map type of BPF_MAP_TYPE_GPU_ARRAY_HOST_MAP (shared mem), value_size=8, max_entries=32, total_buffer_size=256
[2026-09-04 10:04:24][info][2745481] Allocated shared memory buffer at 7983da22aa60
[2026-09-04 10:04:24][info][2745481] syscall server: Set enable_mock_after_initialized to false
[2026-09-04 10:04:24][info][2745481] CUDA context for thread 2745481 has been set to 641cdd740790
[2026-09-04 10:04:24][info][2745481] Map observed_values (nv_gpu_shared_array_map_impl) shared array
[2026-09-04 10:04:24][info][2745481] Initializing map type of BPF_MAP_TYPE_GPU_ARRAY_MAP (device), total_buffer_size=256
[2026-09-04 10:04:24][info][2745481] syscall server: Set enable_mock_after_initialized to true
[2026-09-04 10:04:24][info][2745481] Created kprobe/kretprobe perf event handler, func_name fig15_map_kernel, addr 0
FIG15_READY	noop	1
FIG15_DETACHED	1
[2026-09-04 10:04:25][warning][2745481] Calling original ioctl: 10 34 140735043105024
[2026-09-04 10:04:25][warning][2745481] Calling original ioctl: 9 3222292009 140735043105184
[2026-09-04 10:04:25][warning][2745481] Calling original ioctl: 10 34 140735043105024
[2026-09-04 10:04:25][warning][2745481] Calling original ioctl: 9 3222292009 140735043105184
