[2026-09-04 09:41:36][info][2701318] bpf_attach_ctx constructed
[2026-09-04 09:41:36][info][2701318] Initializing CUDA shared memory
[2026-09-04 09:41:36][info][2701318] CommSharedMem host 0x7bc5c22297d8 mapped to device 0x7bc5c22297d8
[2026-09-04 09:41:36][info][2701318] CUDA context created
[2026-09-04 09:41:36][info][2701318] Register attach-impl defined helper bpf_get_func_arg, index 183
[2026-09-04 09:41:36][info][2701318] Register attach-impl defined helper bpf_get_func_ret_id, index 184
[2026-09-04 09:41:36][info][2701318] Register attach-impl defined helper bpf_get_retval, index 186
[2026-09-04 09:41:36][info][2701318] Starting nv_attach_impl
[2026-09-04 09:41:36][info][2701318] Parsing bundled libraries: /home/yunwei37/workspace/gpu/bpftime-table1-575/build-table1-575/attach/nv_attach_impl/pass/ptxpass_kprobe_entry/libptxpass_kprobe_entry.so:/home/yunwei37/workspace/gpu/bpftime-table1-575/build-table1-575/attach/nv_attach_impl/pass/ptxpass_kretprobe/libptxpass_kretprobe.so:/home/yunwei37/workspace/gpu/bpftime-table1-575/build-table1-575/attach/nv_attach_impl/pass/ptxpass_kprobe_memcapture/libptxpass_kprobe_memcapture.so
[2026-09-04 09:41:36][info][2701318] Found path: /home/yunwei37/workspace/gpu/bpftime-table1-575/build-table1-575/attach/nv_attach_impl/pass/ptxpass_kprobe_entry/libptxpass_kprobe_entry.so, executing..
[2026-09-04 09:41:36][info][2701318] Retrived config of /home/yunwei37/workspace/gpu/bpftime-table1-575/build-table1-575/attach/nv_attach_impl/pass/ptxpass_kprobe_entry/libptxpass_kprobe_entry.so
[2026-09-04 09:41:36][info][2701318] Found path: /home/yunwei37/workspace/gpu/bpftime-table1-575/build-table1-575/attach/nv_attach_impl/pass/ptxpass_kretprobe/libptxpass_kretprobe.so, executing..
[2026-09-04 09:41:36][info][2701318] Retrived config of /home/yunwei37/workspace/gpu/bpftime-table1-575/build-table1-575/attach/nv_attach_impl/pass/ptxpass_kretprobe/libptxpass_kretprobe.so
[2026-09-04 09:41:36][info][2701318] Found path: /home/yunwei37/workspace/gpu/bpftime-table1-575/build-table1-575/attach/nv_attach_impl/pass/ptxpass_kprobe_memcapture/libptxpass_kprobe_memcapture.so, executing..
[2026-09-04 09:41:36][info][2701318] Retrived config of /home/yunwei37/workspace/gpu/bpftime-table1-575/build-table1-575/attach/nv_attach_impl/pass/ptxpass_kprobe_memcapture/libptxpass_kprobe_memcapture.so
[2026-09-04 09:41:36][info][2701318] Initializing agent..
[2026-09-04 09:41:36][info][2701318] bpftime: shm epoch_seq = 2
[2026-09-04 09:41:36][info][2701318] Instantiating bpf link 61 and the corresponding program cuda__rpc_looku is cuda program
[2026-09-04 09:41:36][info][2701318] Skipping nv attach handler 61 since we are not handling nv handles
[2026-09-04 09:41:36][info][2701318] Instantiating bpf link 61 and the corresponding program cuda__rpc_looku is cuda program
[2026-09-04 09:41:36][info][2701318] Handling link to CUDA program: 61, recording it..
[2026-09-04 09:41:36][info][2701318] Loaded 26 instructions (original) for cuda ebpf program
[2026-09-04 09:41:36][info][2701318] Initializing nv_gpu_shared_array_map_impl at pid 2701318
[2026-09-04 09:41:36][info][2701318] Mapped GPU memory for shared array map: 136080250634240
[2026-09-04 09:41:36][info][2701318] Copying map fd 17 to device, key size=4, value size=8, max ent=32, map_type = 1503, gpu_buffer = 7bc3a7000000
[2026-09-04 09:41:36][info][2701318] Initializing nv_gpu_shared_array_host_map_impl at pid 2701318, shared mem addr=7bc5c2429a60
[2026-09-04 09:41:36][info][2701318] Mapped shared memory for GPU access: cpu=7bc5c2429a60, gpu=7bc5c2429a60
[2026-09-04 09:41:36][info][2701318] Copying map fd 18 to device, key size=4, value size=8, max ent=32, map_type = 1513, gpu_buffer = 7bc5c2429a60
[2026-09-04 09:41:36][warning][2701318] Not a GPU map!
[2026-09-04 09:41:36][info][2701318] Copying map fd 19 to device, key size=4, value size=8, max ent=32, map_type = 2, gpu_buffer = 0
[2026-09-04 09:41:36][info][2701318] Initializing nv_gpu_shared_array_map_impl at pid 2701318
[2026-09-04 09:41:36][info][2701318] Mapped GPU memory for shared array map: 136080252731392
[2026-09-04 09:41:36][info][2701318] Copying map fd 20 to device, key size=4, value size=8, max ent=32, map_type = 1503, gpu_buffer = 7bc3a7200000
[2026-09-04 09:41:36][info][2701318] Cached shared_mem_ptr at 7bc5c22297d8
[2026-09-04 09:41:36][info][2701318] Recorded pass /home/yunwei37/workspace/gpu/bpftime-table1-575/build-table1-575/attach/nv_attach_impl/pass/ptxpass_kprobe_entry/libptxpass_kprobe_entry.so for func fig15_map_kernel
[2026-09-04 09:41:37][info][2701318] nv_attach_impl: cached 301188 host symbols
[2026-09-04 09:41:37][info][2701318] nv_attach_impl: late attach bootstrap scanning fatbins..
[2026-09-04 09:41:37][info][2701318] nv_attach_impl: targeted late bootstrap selected 1 of 19 loaded module(s)
[2026-09-04 09:41:37][info][2701318] Temporary fatbin written to /tmp/bpftime-fatbin-work.i2CKzw/temp.fatbin
[2026-09-04 09:41:37][info][2701318] Extracting PTX in the fatbin...
[2026-09-04 09:41:37][info][2701318] Calling cuobjdump: /usr/local/cuda-12.9/bin/cuobjdump --extract-ptx all /tmp/bpftime-fatbin-work.i2CKzw/temp.fatbin
Extracting PTX file and ptxas options    1: map_bench.sm_120.ptx -arch=sm_120  --generate-line-info 
[2026-09-04 09:41:37][info][2701318] Remove extracted files..
[2026-09-04 09:41:37][info][2701318] Got 1 PTX files
[2026-09-04 09:41:37][info][2701318] Loading & patching current fatbin..
[2026-09-04 09:41:37][info][2701363] Patching PTX: map_bench.sm_120.ptx
[2026-09-04 09:41:37][info][2701363] Patching request 69272241782e45cb7d9a3aff60c1ba12d1216baefaa4bc249fb69c15533d7420 not found in cache, patching..
[ptxpass] kprobe_entry_stub: matched=1, in=1760, out=3994
[2026-09-04 09:41:37][info][2701318] Using SM arch from BPFTIME_SM_ARCH: sm_120
[2026-09-04 09:41:37][info][2701318] Compiling PTXs with sm_arch sm_120
[2026-09-04 09:41:37][info][2701318] Compiler version: 12.9
[2026-09-04 09:41:37][info][2701387] Start compiling patched.map_bench.sm_120.ptx, not found in cache
[2026-09-04 09:41:37][info][2701387] Compile of patched.map_bench.sm_120.ptx done
[2026-09-04 09:41:37][info][2701318] Loading module: patched.map_bench.sm_120.ptx, not found in cache
[2026-09-04 09:41:37][info][2701318] Copying trampoline data to device
[2026-09-04 09:41:37][info][2701318] constData symbol device_ptr=7bc3a7600000 size=8 shared_mem_ptr=7bc5c22297d8
[2026-09-04 09:41:37][info][2701318] map_info symbol device_ptr=7bc3a7600008 size=40960
[2026-09-04 09:41:37][info][2701318] Trampoline data copied
[2026-09-04 09:41:37][info][2701318] Loaded module: patched.map_bench.sm_120.ptx
[2026-09-04 09:41:37][info][2701318] nv_attach_impl: ingested fatbin from .nv_fatbin in /home/yunwei37/workspace/gpu/gpu_ext/microbench/fig15-device/.output/map-bench
[2026-09-04 09:41:37][info][2701318] nv_attach_impl: late attach bootstrap ingested 1 fatbin(s)
[2026-09-04 09:41:37][info][2701318] agent ipc: listening (abstract) for pid 2701318
[2026-09-04 09:41:37][info][2701318] Attach successfully
[2026-09-04 09:41:40][info][2701341] Exiting CUDA watcher thread
FIG15_DEVICE	NVIDIA GeForce RTX 5090	12	0	32
FIG15_MEASUREMENT	8	64	2177.66821
FIG15_CORRECT	32	0
