[2026-09-04 10:07:12][info][2753644] Setting BPFTIME_SHM_MEMORY_MB to: 256
[2026-09-04 10:07:12][info][2753644] Setting BPFTIME_MAX_FD_COUNT to: 1024
[2026-09-04 10:07:12][warning][2753644] BPFTIME_VERIFIER_LEVEL=WARNING was requested, but this bpftime build was compiled with ENABLE_EBPF_VERIFIER=OFF; continuing without userspace verification.
[2026-09-04 10:07:12][info][2753644] Verifier mode: WARNING
[2026-09-04 10:07:12][info][2753644] Init bpftime syscall mocking..
[2026-09-04 10:07:12][info][2753644] The log will be written to: console
[2026-09-04 10:07:12][info][2753644] Starting syscall server..
[2026-09-04 10:07:12][info][2753644] Setting BPFTIME_SHM_MEMORY_MB to: 256
[2026-09-04 10:07:12][info][2753644] Setting BPFTIME_MAX_FD_COUNT to: 1024
[2026-09-04 10:07:12][warning][2753644] BPFTIME_VERIFIER_LEVEL=WARNING was requested, but this bpftime build was compiled with ENABLE_EBPF_VERIFIER=OFF; continuing without userspace verification.
[2026-09-04 10:07:12][info][2753644] Verifier mode: WARNING
[2026-09-04 10:07:12][info][2753644] Initialize syscall server
[2026-09-04 10:07:12][info][2753644] Setting BPFTIME_SHM_MEMORY_MB to: 256
[2026-09-04 10:07:12][info][2753644] Setting BPFTIME_MAX_FD_COUNT to: 1024
[2026-09-04 10:07:12][warning][2753644] BPFTIME_VERIFIER_LEVEL=WARNING was requested, but this bpftime build was compiled with ENABLE_EBPF_VERIFIER=OFF; continuing without userspace verification.
[2026-09-04 10:07:12][info][2753644] Verifier mode: WARNING
[2026-09-04 10:07:12][info][2753644] Global shm constructed. shm_open_type 3 for fig15_map_2746107_115378349683273
[2026-09-04 10:07:12][info][2753644] Global shm initialized
[2026-09-04 10:07:12][info][2753644] Initializing CUDA at syscall-server side
[2026-09-04 10:07:12][info][2753644] CUDA initialized at syscall server side
[2026-09-04 10:07:12][info][2753644] bpftime-syscall-server started
[2026-09-04 10:07:12][info][2753644] syscall server: Set enable_mock_after_initialized to false
[2026-09-04 10:07:13][info][2753644] CUDA context for thread 2753644 has been set to 5aa2dd4f5130
[2026-09-04 10:07:13][info][2753644] Map device_values (nv_gpu_shared_array_map_impl) shared array
[2026-09-04 10:07:13][info][2753644] Initializing map type of BPF_MAP_TYPE_GPU_ARRAY_MAP (device), total_buffer_size=256
[2026-09-04 10:07:13][info][2753644] syscall server: Set enable_mock_after_initialized to true
[2026-09-04 10:07:13][info][2753644] Map host_values (nv_gpu_shared_array_host_map_impl) shared array
[2026-09-04 10:07:13][info][2753644] Initializing map type of BPF_MAP_TYPE_GPU_ARRAY_HOST_MAP (shared mem), value_size=8, max_entries=32, total_buffer_size=256
[2026-09-04 10:07:13][info][2753644] Allocated shared memory buffer at 718bcc82aa60
[2026-09-04 10:07:13][info][2753644] syscall server: Set enable_mock_after_initialized to false
[2026-09-04 10:07:13][info][2753644] CUDA context for thread 2753644 has been set to 5aa2de41f950
[2026-09-04 10:07:13][info][2753644] Map observed_values (nv_gpu_shared_array_map_impl) shared array
[2026-09-04 10:07:13][info][2753644] Initializing map type of BPF_MAP_TYPE_GPU_ARRAY_MAP (device), total_buffer_size=256
[2026-09-04 10:07:13][info][2753644] syscall server: Set enable_mock_after_initialized to true
[2026-09-04 10:07:13][info][2753644] Created kprobe/kretprobe perf event handler, func_name fig15_map_kernel, addr 0
FIG15_READY	noop	1
FIG15_DETACHED	1
[2026-09-04 10:07:14][warning][2753644] Calling original ioctl: 10 34 140731127140784
[2026-09-04 10:07:14][warning][2753644] Calling original ioctl: 9 3222292009 140731127140944
[2026-09-04 10:07:14][warning][2753644] Calling original ioctl: 10 34 140731127140784
[2026-09-04 10:07:14][warning][2753644] Calling original ioctl: 9 3222292009 140731127140944
