[2026-09-04 10:21:28][info][2776297] bpf_attach_ctx constructed
[2026-09-04 10:21:28][info][2776297] Initializing CUDA shared memory
[2026-09-04 10:21:28][info][2776297] CommSharedMem host 0x74fad6e297d8 mapped to device 0x74fad6e297d8
[2026-09-04 10:21:28][info][2776297] CUDA context created
[2026-09-04 10:21:28][info][2776297] Register attach-impl defined helper bpf_get_func_arg, index 183
[2026-09-04 10:21:28][info][2776297] Register attach-impl defined helper bpf_get_func_ret_id, index 184
[2026-09-04 10:21:28][info][2776297] Register attach-impl defined helper bpf_get_retval, index 186
[2026-09-04 10:21:28][info][2776297] Starting nv_attach_impl
[2026-09-04 10:21:28][info][2776297] Parsing bundled libraries: /home/yunwei37/workspace/gpu/bpftime-table1-575/build-table1-575/attach/nv_attach_impl/pass/ptxpass_kprobe_entry/libptxpass_kprobe_entry.so:/home/yunwei37/workspace/gpu/bpftime-table1-575/build-table1-575/attach/nv_attach_impl/pass/ptxpass_kretprobe/libptxpass_kretprobe.so:/home/yunwei37/workspace/gpu/bpftime-table1-575/build-table1-575/attach/nv_attach_impl/pass/ptxpass_kprobe_memcapture/libptxpass_kprobe_memcapture.so
[2026-09-04 10:21:28][info][2776297] Found path: /home/yunwei37/workspace/gpu/bpftime-table1-575/build-table1-575/attach/nv_attach_impl/pass/ptxpass_kprobe_entry/libptxpass_kprobe_entry.so, executing..
[2026-09-04 10:21:28][info][2776297] Retrived config of /home/yunwei37/workspace/gpu/bpftime-table1-575/build-table1-575/attach/nv_attach_impl/pass/ptxpass_kprobe_entry/libptxpass_kprobe_entry.so
[2026-09-04 10:21:28][info][2776297] Found path: /home/yunwei37/workspace/gpu/bpftime-table1-575/build-table1-575/attach/nv_attach_impl/pass/ptxpass_kretprobe/libptxpass_kretprobe.so, executing..
[2026-09-04 10:21:28][info][2776297] Retrived config of /home/yunwei37/workspace/gpu/bpftime-table1-575/build-table1-575/attach/nv_attach_impl/pass/ptxpass_kretprobe/libptxpass_kretprobe.so
[2026-09-04 10:21:28][info][2776297] Found path: /home/yunwei37/workspace/gpu/bpftime-table1-575/build-table1-575/attach/nv_attach_impl/pass/ptxpass_kprobe_memcapture/libptxpass_kprobe_memcapture.so, executing..
[2026-09-04 10:21:28][info][2776297] Retrived config of /home/yunwei37/workspace/gpu/bpftime-table1-575/build-table1-575/attach/nv_attach_impl/pass/ptxpass_kprobe_memcapture/libptxpass_kprobe_memcapture.so
[2026-09-04 10:21:28][info][2776297] Initializing agent..
[2026-09-04 10:21:28][info][2776297] bpftime: shm epoch_seq = 2
[2026-09-04 10:21:28][info][2776297] Instantiating bpf link 61 and the corresponding program cuda__device_up is cuda program
[2026-09-04 10:21:28][info][2776297] Skipping nv attach handler 61 since we are not handling nv handles
[2026-09-04 10:21:28][info][2776297] Instantiating bpf link 61 and the corresponding program cuda__device_up is cuda program
[2026-09-04 10:21:28][info][2776297] Handling link to CUDA program: 61, recording it..
[2026-09-04 10:21:28][info][2776297] Loaded 20 instructions (original) for cuda ebpf program
[2026-09-04 10:21:28][info][2776297] Initializing nv_gpu_shared_array_map_impl at pid 2776297
[2026-09-04 10:21:28][info][2776297] Mapped GPU memory for shared array map: 128611638050816
[2026-09-04 10:21:28][info][2776297] Copying map fd 17 to device, key size=4, value size=8, max ent=32, map_type = 1503, gpu_buffer = 74f8bb000000
[2026-09-04 10:21:28][info][2776297] Initializing nv_gpu_shared_array_host_map_impl at pid 2776297, shared mem addr=74fad7029a60
[2026-09-04 10:21:28][info][2776297] Mapped shared memory for GPU access: cpu=74fad7029a60, gpu=74fad7029a60
[2026-09-04 10:21:28][info][2776297] Copying map fd 18 to device, key size=4, value size=8, max ent=32, map_type = 1513, gpu_buffer = 74fad7029a60
[2026-09-04 10:21:28][warning][2776297] Not a GPU map!
[2026-09-04 10:21:28][info][2776297] Copying map fd 19 to device, key size=4, value size=8, max ent=32, map_type = 2, gpu_buffer = 0
[2026-09-04 10:21:28][info][2776297] Initializing nv_gpu_shared_array_map_impl at pid 2776297
[2026-09-04 10:21:28][info][2776297] Mapped GPU memory for shared array map: 128611640147968
[2026-09-04 10:21:28][info][2776297] Copying map fd 20 to device, key size=4, value size=8, max ent=32, map_type = 1503, gpu_buffer = 74f8bb200000
[2026-09-04 10:21:28][info][2776297] Cached shared_mem_ptr at 74fad6e297d8
[2026-09-04 10:21:28][info][2776297] Recorded pass /home/yunwei37/workspace/gpu/bpftime-table1-575/build-table1-575/attach/nv_attach_impl/pass/ptxpass_kprobe_entry/libptxpass_kprobe_entry.so for func fig15_map_kernel
[2026-09-04 10:21:29][info][2776297] nv_attach_impl: cached 301188 host symbols
[2026-09-04 10:21:29][info][2776297] nv_attach_impl: late attach bootstrap scanning fatbins..
[2026-09-04 10:21:29][info][2776297] nv_attach_impl: targeted late bootstrap selected 1 of 19 loaded module(s)
[2026-09-04 10:21:29][info][2776297] Temporary fatbin written to /tmp/bpftime-fatbin-work.9UDDAz/temp.fatbin
[2026-09-04 10:21:29][info][2776297] Extracting PTX in the fatbin...
[2026-09-04 10:21:29][info][2776297] Calling cuobjdump: /usr/local/cuda-12.9/bin/cuobjdump --extract-ptx all /tmp/bpftime-fatbin-work.9UDDAz/temp.fatbin
Extracting PTX file and ptxas options    1: map_bench.sm_120.ptx -arch=sm_120  --generate-line-info 
[2026-09-04 10:21:29][info][2776297] Remove extracted files..
[2026-09-04 10:21:29][info][2776297] Got 1 PTX files
[2026-09-04 10:21:29][info][2776297] Loading & patching current fatbin..
[2026-09-04 10:21:29][info][2776321] Patching PTX: map_bench.sm_120.ptx
[2026-09-04 10:21:29][info][2776321] Patching request 864b6760c4e7e2e269c5abb48fb7ede4a54c9dd6aaf3dc0351fc5b69e10c89ed not found in cache, patching..
[ptxpass] kprobe_entry_stub: matched=1, in=1760, out=3402
[2026-09-04 10:21:29][info][2776297] Using SM arch from BPFTIME_SM_ARCH: sm_120
[2026-09-04 10:21:29][info][2776297] Compiling PTXs with sm_arch sm_120
[2026-09-04 10:21:29][info][2776297] Compiler version: 12.9
[2026-09-04 10:21:29][info][2776336] Start compiling patched.map_bench.sm_120.ptx, not found in cache
[2026-09-04 10:21:29][info][2776336] Compile of patched.map_bench.sm_120.ptx done
[2026-09-04 10:21:29][info][2776297] Loading module: patched.map_bench.sm_120.ptx, not found in cache
[2026-09-04 10:21:29][info][2776297] Copying trampoline data to device
[2026-09-04 10:21:29][info][2776297] constData symbol device_ptr=74f8bb600000 size=8 shared_mem_ptr=74fad6e297d8
[2026-09-04 10:21:29][info][2776297] map_info symbol device_ptr=74f8bb600008 size=40960
[2026-09-04 10:21:29][info][2776297] Trampoline data copied
[2026-09-04 10:21:29][info][2776297] Loaded module: patched.map_bench.sm_120.ptx
[2026-09-04 10:21:29][info][2776297] nv_attach_impl: ingested fatbin from .nv_fatbin in /home/yunwei37/workspace/gpu/gpu_ext/microbench/fig15-device/.output/map-bench
[2026-09-04 10:21:29][info][2776297] nv_attach_impl: late attach bootstrap ingested 1 fatbin(s)
[2026-09-04 10:21:29][info][2776297] agent ipc: listening (abstract) for pid 2776297
[2026-09-04 10:21:29][info][2776297] Attach successfully
[2026-09-04 10:21:29][info][2776303] Exiting CUDA watcher thread
FIG15_DEVICE	NVIDIA GeForce RTX 5090	12	0	32
FIG15_MEASUREMENT	1	2	0.0177280009
FIG15_CORRECT	32	0
