[2026-09-09 02:59:43][warning][420346] Calling original ioctl: 8 3223340586 140723703629376
[2026-09-09 02:59:43][warning][420346] Calling original ioctl: 8 3223340586 140723703629392
[2026-09-09 02:59:43][warning][420346] Calling original ioctl: 8 3223340586 140723703629440
[2026-09-09 02:59:43][warning][420346] Calling original ioctl: 9 25 140723703633760
[2026-09-09 02:59:43][warning][420346] Calling original ioctl: 8 3224389163 140723703631024
[2026-09-09 02:59:43][warning][420346] Calling original ioctl: 9 73 140723703630208
[2026-09-09 02:59:43][warning][420346] Calling original ioctl: 9 33 140723703620976
[2026-09-09 02:59:43][warning][420346] Calling original ioctl: 8 3224389163 140723703630704
[2026-09-09 02:59:43][warning][420346] Calling original ioctl: 9 73 140723703629888
[2026-09-09 02:59:43][warning][420346] Calling original ioctl: 9 33 140723703620656
[2026-09-09 02:59:43][warning][420346] Calling original ioctl: 8 3224389163 140723703630704
[2026-09-09 02:59:43][warning][420346] Calling original ioctl: 9 73 140723703629888
[2026-09-09 02:59:43][warning][420346] Calling original ioctl: 9 33 140723703620656
[2026-09-09 02:59:43][warning][420346] Calling original ioctl: 8 3224389163 140723703631200
[2026-09-09 02:59:43][warning][420346] Calling original ioctl: 9 73 140723703630384
[2026-09-09 02:59:43][warning][420346] Calling original ioctl: 9 33 140723703621152
[2026-09-09 02:59:43][warning][420346] Calling original ioctl: 8 3224389163 140723703632880
[2026-09-09 02:59:43][warning][420346] Calling original ioctl: 8 3224389163 140723703632864
[2026-09-09 02:59:43][warning][420346] Calling original ioctl: 8 3224389163 140723703629104
[2026-09-09 02:59:43][warning][420346] Calling original ioctl: 8 3223340586 140723703624688
[2026-09-09 02:59:43][warning][420346] Calling original ioctl: 8 3224913486 140723703629232
[2026-09-09 02:59:43][warning][420346] Calling original ioctl: 8 3223864926 140723703629184
[2026-09-09 02:59:43][warning][420346] Calling original ioctl: 9 73 140723703628288
[2026-09-09 02:59:43][warning][420346] Calling original ioctl: 9 33 140723703619056
[2026-09-09 02:59:43][warning][420346] Calling original ioctl: 8 3224389163 140723703628640
[2026-09-09 02:59:43][warning][420346] Calling original ioctl: 8 3223340586 140723703624224
[2026-09-09 02:59:43][warning][420346] Calling original ioctl: 8 3224913486 140723703628768
[2026-09-09 02:59:43][warning][420346] Calling original ioctl: 9 73 140723703627824
[2026-09-09 02:59:43][warning][420346] Calling original ioctl: 9 33 140723703618592
[2026-09-09 02:59:43][warning][420346] Calling original ioctl: 8 3224389163 140723703629488
[2026-09-09 02:59:43][warning][420346] Calling original ioctl: 8 3223340586 140723703625072
[2026-09-09 02:59:43][warning][420346] Calling original ioctl: 8 3224913486 140723703629616
[2026-09-09 02:59:43][warning][420346] Calling original ioctl: 8 3224389163 140723703631344
[2026-09-09 02:59:43][warning][420346] Calling original ioctl: 8 3223340586 140723703627376
[2026-09-09 02:59:43][warning][420346] Calling original ioctl: 8 3224389163 140723703631632
[2026-09-09 02:59:43][warning][420346] Calling original ioctl: 8 3223340586 140723703627312
[2026-09-09 02:59:43][warning][420346] Calling original ioctl: 8 3224389163 140723703631632
[2026-09-09 02:59:43][warning][420346] Calling original ioctl: 8 3223340586 140723703627312
[2026-09-09 02:59:43][warning][420346] Calling original ioctl: 8 3223340586 140723703627392
[2026-09-09 02:59:43][warning][420346] Calling original ioctl: 8 3223340586 140723703627392
[2026-09-09 02:59:43][warning][420346] Calling original ioctl: 8 3224389163 140723703630288
[2026-09-09 02:59:43][warning][420346] Calling original ioctl: 8 3223340586 140723703625872
[2026-09-09 02:59:43][warning][420346] Calling original ioctl: 8 3224913486 140723703630416
[2026-09-09 02:59:43][warning][420346] Calling original ioctl: 9 73 140723703629472
[2026-09-09 02:59:43][warning][420346] Calling original ioctl: 9 33 140723703620240
[2026-09-09 02:59:43][warning][420346] Calling original ioctl: 8 3224389163 140723703629488
[2026-09-09 02:59:43][warning][420346] Calling original ioctl: 8 3223340586 140723703625072
[2026-09-09 02:59:43][warning][420346] Calling original ioctl: 8 3224913486 140723703629616
[2026-09-09 02:59:43][warning][420346] Calling original ioctl: 8 3224389163 140723703631344
[2026-09-09 02:59:43][warning][420346] Calling original ioctl: 8 3223340586 140723703627376
[2026-09-09 02:59:43][warning][420346] Calling original ioctl: 8 3224389163 140723703631632
[2026-09-09 02:59:43][warning][420346] Calling original ioctl: 8 3223340586 140723703627312
[2026-09-09 02:59:43][warning][420346] Calling original ioctl: 8 3223340586 140723703627392
[2026-09-09 02:59:43][warning][420346] Calling original ioctl: 8 3223340586 140723703627392
[2026-09-09 02:59:43][warning][420346] Calling original ioctl: 8 3224389163 140723703629488
[2026-09-09 02:59:43][warning][420346] Calling original ioctl: 8 3223340586 140723703625072
[2026-09-09 02:59:43][warning][420346] Calling original ioctl: 8 3224913486 140723703629616
[2026-09-09 02:59:43][warning][420346] Calling original ioctl: 8 3224389163 140723703631344
[2026-09-09 02:59:43][warning][420346] Calling original ioctl: 8 3223340586 140723703627376
[2026-09-09 02:59:43][warning][420346] Calling original ioctl: 8 3224389163 140723703631632
[2026-09-09 02:59:43][warning][420346] Calling original ioctl: 8 3223340586 140723703627312
[2026-09-09 02:59:43][warning][420346] Calling original ioctl: 8 3224389163 140723703631632
[2026-09-09 02:59:43][warning][420346] Calling original ioctl: 8 3223340586 140723703627312
[2026-09-09 02:59:43][warning][420346] Calling original ioctl: 8 3223340586 140723703627392
[2026-09-09 02:59:43][warning][420346] Calling original ioctl: 8 3223340586 140723703627392
[2026-09-09 02:59:43][warning][420346] Calling original ioctl: 8 3224389163 140723703629488
[2026-09-09 02:59:43][warning][420346] Calling original ioctl: 8 3223340586 140723703625072
[2026-09-09 02:59:43][warning][420346] Calling original ioctl: 8 3224913486 140723703629616
[2026-09-09 02:59:43][warning][420346] Calling original ioctl: 8 3224389163 140723703631344
[2026-09-09 02:59:43][warning][420346] Calling original ioctl: 8 3223340586 140723703627376
[2026-09-09 02:59:43][warning][420346] Calling original ioctl: 8 3224389163 140723703631632
[2026-09-09 02:59:43][warning][420346] Calling original ioctl: 8 3223340586 140723703627312
[2026-09-09 02:59:43][warning][420346] Calling original ioctl: 8 3223340586 140723703627392
[2026-09-09 02:59:43][warning][420346] Calling original ioctl: 8 3223340586 140723703627392
[2026-09-09 02:59:43][warning][420346] Calling original ioctl: 8 3224389163 140723703629488
[2026-09-09 02:59:43][warning][420346] Calling original ioctl: 8 3223340586 140723703625072
[2026-09-09 02:59:43][warning][420346] Calling original ioctl: 8 3224913486 140723703629616
[2026-09-09 02:59:43][warning][420346] Calling original ioctl: 8 3224389163 140723703631344
[2026-09-09 02:59:43][warning][420346] Calling original ioctl: 8 3223340586 140723703627376
[2026-09-09 02:59:43][warning][420346] Calling original ioctl: 8 3224389163 140723703631632
[2026-09-09 02:59:43][warning][420346] Calling original ioctl: 8 3223340586 140723703627312
[2026-09-09 02:59:43][warning][420346] Calling original ioctl: 8 3224389163 140723703631632
[2026-09-09 02:59:43][warning][420346] Calling original ioctl: 8 3223340586 140723703627312
[2026-09-09 02:59:43][warning][420346] Calling original ioctl: 8 3223340586 140723703627392
[2026-09-09 02:59:43][warning][420346] Calling original ioctl: 8 3223340586 140723703627392
[2026-09-09 02:59:43][warning][420346] Calling original ioctl: 8 3224389163 140723703629488
[2026-09-09 02:59:43][warning][420346] Calling original ioctl: 8 3223340586 140723703625072
[2026-09-09 02:59:43][warning][420346] Calling original ioctl: 8 3224913486 140723703629616
[2026-09-09 02:59:43][warning][420346] Calling original ioctl: 8 3224389163 140723703631344
[2026-09-09 02:59:43][warning][420346] Calling original ioctl: 8 3223340586 140723703627376
[2026-09-09 02:59:43][warning][420346] Calling original ioctl: 8 3224389163 140723703631632
[2026-09-09 02:59:43][warning][420346] Calling original ioctl: 8 3223340586 140723703627312
[2026-09-09 02:59:43][warning][420346] Calling original ioctl: 8 3223340586 140723703627392
[2026-09-09 02:59:43][warning][420346] Calling original ioctl: 8 3223340586 140723703627392
[2026-09-09 02:59:43][warning][420346] Calling original ioctl: 8 3224389163 140723703629488
[2026-09-09 02:59:43][warning][420346] Calling original ioctl: 8 3223340586 140723703625072
[2026-09-09 02:59:43][warning][420346] Calling original ioctl: 8 3224913486 140723703629616
[2026-09-09 02:59:43][warning][420346] Calling original ioctl: 8 3224389163 140723703631344
[2026-09-09 02:59:43][warning][420346] Calling original ioctl: 8 3223340586 140723703627376
[2026-09-09 02:59:43][warning][420346] Calling original ioctl: 8 3224389163 140723703631632
[2026-09-09 02:59:43][warning][420346] Calling original ioctl: 8 3223340586 140723703627312
[2026-09-09 02:59:43][warning][420346] Calling original ioctl: 8 3224389163 140723703631632
[2026-09-09 02:59:43][warning][420346] Calling original ioctl: 8 3223340586 140723703627312
[2026-09-09 02:59:43][warning][420346] Calling original ioctl: 8 3223340586 140723703627392
[2026-09-09 02:59:43][warning][420346] Calling original ioctl: 8 3223340586 140723703627392
[2026-09-09 02:59:43][warning][420346] Calling original ioctl: 8 3224389163 140723703629488
[2026-09-09 02:59:43][warning][420346] Calling original ioctl: 8 3223340586 140723703625072
[2026-09-09 02:59:43][warning][420346] Calling original ioctl: 8 3224913486 140723703629616
[2026-09-09 02:59:43][warning][420346] Calling original ioctl: 8 3224389163 140723703631344
[2026-09-09 02:59:43][warning][420346] Calling original ioctl: 8 3223340586 140723703627376
[2026-09-09 02:59:43][warning][420346] Calling original ioctl: 8 3224389163 140723703631632
[2026-09-09 02:59:43][warning][420346] Calling original ioctl: 8 3223340586 140723703627312
[2026-09-09 02:59:43][warning][420346] Calling original ioctl: 8 3223340586 140723703627392
[2026-09-09 02:59:43][warning][420346] Calling original ioctl: 8 3223340586 140723703627392
[2026-09-09 02:59:43][warning][420346] Calling original ioctl: 9 27 140723703633312
[2026-09-09 02:59:43][warning][420346] Calling original ioctl: 9 27 140723703633312
[2026-09-09 02:59:43][warning][420346] Calling original ioctl: 9 27 140723703633312
[2026-09-09 02:59:43][warning][420346] Calling original ioctl: 9 27 140723703633312
[2026-09-09 02:59:43][warning][420346] Calling original ioctl: 9 27 140723703633312
[2026-09-09 02:59:43][warning][420346] Calling original ioctl: 9 27 140723703633312
[2026-09-09 02:59:43][warning][420346] Calling original ioctl: 9 27 140723703633312
[2026-09-09 02:59:43][warning][420346] Calling original ioctl: 9 27 140723703633312
[2026-09-09 02:59:43][warning][420346] Calling original ioctl: 8 3223340586 140723703628976
[2026-09-09 02:59:43][warning][420346] Calling original ioctl: 17 3221505737 140723703633072
[2026-09-09 02:59:43][warning][420346] Calling original ioctl: 17 3222292174 140723703633056
[2026-09-09 02:59:43][warning][420346] Calling original ioctl: 17 3224389163 140723703633040
[2026-09-09 02:59:43][warning][420346] Calling original ioctl: 8 3224389163 140723703632880
[2026-09-09 02:59:43][warning][420346] Calling original ioctl: 8 3224389163 140723703629488
[2026-09-09 02:59:43][warning][420346] Calling original ioctl: 8 3223340586 140723703625072
[2026-09-09 02:59:43][warning][420346] Calling original ioctl: 8 3224913486 140723703629616
[2026-09-09 02:59:43][warning][420346] Calling original ioctl: 8 3224389163 140723703631344
[2026-09-09 02:59:43][warning][420346] Calling original ioctl: 8 3223340586 140723703627376
[2026-09-09 02:59:43][warning][420346] Calling original ioctl: 8 3224389163 140723703631632
[2026-09-09 02:59:43][warning][420346] Calling original ioctl: 8 3223340586 140723703627312
[2026-09-09 02:59:43][warning][420346] Calling original ioctl: 8 3223340586 140723703627392
[2026-09-09 02:59:43][warning][420346] Calling original ioctl: 8 3224389163 140723703629488
[2026-09-09 02:59:43][warning][420346] Calling original ioctl: 8 3223340586 140723703625072
[2026-09-09 02:59:43][warning][420346] Calling original ioctl: 8 3224913486 140723703629616
[2026-09-09 02:59:43][warning][420346] Calling original ioctl: 8 3224389163 140723703631344
[2026-09-09 02:59:43][warning][420346] Calling original ioctl: 8 3223340586 140723703627376
[2026-09-09 02:59:43][warning][420346] Calling original ioctl: 8 3224389163 140723703631632
[2026-09-09 02:59:43][warning][420346] Calling original ioctl: 8 3223340586 140723703627312
[2026-09-09 02:59:43][warning][420346] Calling original ioctl: 8 3223340586 140723703627392
[2026-09-09 02:59:43][warning][420346] Calling original ioctl: 8 3224389163 140723703629488
[2026-09-09 02:59:43][warning][420346] Calling original ioctl: 8 3223340586 140723703625072
[2026-09-09 02:59:43][warning][420346] Calling original ioctl: 8 3224913486 140723703629616
[2026-09-09 02:59:43][warning][420346] Calling original ioctl: 8 3224389163 140723703631344
[2026-09-09 02:59:43][warning][420346] Calling original ioctl: 8 3223340586 140723703627376
[2026-09-09 02:59:43][warning][420346] Calling original ioctl: 8 3224389163 140723703631632
[2026-09-09 02:59:43][warning][420346] Calling original ioctl: 8 3223340586 140723703627312
[2026-09-09 02:59:43][warning][420346] Calling original ioctl: 8 3223340586 140723703627392
[2026-09-09 02:59:43][warning][420346] Calling original ioctl: 8 3224389163 140723703629488
[2026-09-09 02:59:43][warning][420346] Calling original ioctl: 8 3223340586 140723703625072
[2026-09-09 02:59:43][warning][420346] Calling original ioctl: 8 3224913486 140723703629616
[2026-09-09 02:59:43][warning][420346] Calling original ioctl: 8 3224389163 140723703631344
[2026-09-09 02:59:43][warning][420346] Calling original ioctl: 8 3223340586 140723703627376
[2026-09-09 02:59:43][warning][420346] Calling original ioctl: 8 3224389163 140723703631632
[2026-09-09 02:59:43][warning][420346] Calling original ioctl: 8 3223340586 140723703627312
[2026-09-09 02:59:43][warning][420346] Calling original ioctl: 8 3223340586 140723703627392
[2026-09-09 02:59:43][warning][420346] Calling original ioctl: 9 27 140723703633312
[2026-09-09 02:59:43][warning][420346] Calling original ioctl: 9 27 140723703633312
[2026-09-09 02:59:43][warning][420346] Calling original ioctl: 9 27 140723703633312
[2026-09-09 02:59:43][warning][420346] Calling original ioctl: 9 27 140723703633312
[2026-09-09 02:59:43][warning][420346] Calling original ioctl: 8 3223340586 140723703628976
[2026-09-09 02:59:43][warning][420346] Calling original ioctl: 19 3221505737 140723703633072
[2026-09-09 02:59:43][warning][420346] Calling original ioctl: 19 3222292174 140723703633056
[2026-09-09 02:59:43][warning][420346] Calling original ioctl: 19 3224389163 140723703633040
[2026-09-09 02:59:43][warning][420346] Calling original ioctl: 8 3224389163 140723703632880
[2026-09-09 02:59:43][warning][420346] Calling original ioctl: 8 3224389163 140723703629488
[2026-09-09 02:59:43][warning][420346] Calling original ioctl: 8 3223340586 140723703625072
[2026-09-09 02:59:43][warning][420346] Calling original ioctl: 8 3224913486 140723703629616
[2026-09-09 02:59:43][warning][420346] Calling original ioctl: 8 3224389163 140723703631344
[2026-09-09 02:59:43][warning][420346] Calling original ioctl: 8 3223340586 140723703627376
[2026-09-09 02:59:43][warning][420346] Calling original ioctl: 8 3224389163 140723703631632
[2026-09-09 02:59:43][warning][420346] Calling original ioctl: 8 3223340586 140723703627312
[2026-09-09 02:59:43][warning][420346] Calling original ioctl: 8 3223340586 140723703627392
[2026-09-09 02:59:43][warning][420346] Calling original ioctl: 8 3224389163 140723703629488
[2026-09-09 02:59:43][warning][420346] Calling original ioctl: 8 3223340586 140723703625072
[2026-09-09 02:59:43][warning][420346] Calling original ioctl: 8 3224913486 140723703629616
[2026-09-09 02:59:43][warning][420346] Calling original ioctl: 8 3224389163 140723703631344
[2026-09-09 02:59:43][warning][420346] Calling original ioctl: 8 3223340586 140723703627376
[2026-09-09 02:59:43][warning][420346] Calling original ioctl: 8 3224389163 140723703631632
[2026-09-09 02:59:43][warning][420346] Calling original ioctl: 8 3223340586 140723703627312
[2026-09-09 02:59:43][warning][420346] Calling original ioctl: 8 3223340586 140723703627392
[2026-09-09 02:59:43][warning][420346] Calling original ioctl: 8 3224389163 140723703629488
[2026-09-09 02:59:43][warning][420346] Calling original ioctl: 8 3223340586 140723703625072
[2026-09-09 02:59:43][warning][420346] Calling original ioctl: 8 3224913486 140723703629616
[2026-09-09 02:59:43][warning][420346] Calling original ioctl: 8 3224389163 140723703631344
[2026-09-09 02:59:43][warning][420346] Calling original ioctl: 8 3223340586 140723703627376
[2026-09-09 02:59:43][warning][420346] Calling original ioctl: 8 3224389163 140723703631632
[2026-09-09 02:59:43][warning][420346] Calling original ioctl: 8 3223340586 140723703627312
[2026-09-09 02:59:43][warning][420346] Calling original ioctl: 8 3223340586 140723703627392
[2026-09-09 02:59:43][warning][420346] Calling original ioctl: 8 3224389163 140723703629488
[2026-09-09 02:59:43][warning][420346] Calling original ioctl: 8 3223340586 140723703625072
[2026-09-09 02:59:43][warning][420346] Calling original ioctl: 8 3224913486 140723703629616
[2026-09-09 02:59:43][warning][420346] Calling original ioctl: 8 3224389163 140723703631344
[2026-09-09 02:59:43][warning][420346] Calling original ioctl: 8 3223340586 140723703627376
[2026-09-09 02:59:43][warning][420346] Calling original ioctl: 8 3224389163 140723703631632
[2026-09-09 02:59:43][warning][420346] Calling original ioctl: 8 3223340586 140723703627312
[2026-09-09 02:59:43][warning][420346] Calling original ioctl: 8 3223340586 140723703627392
[2026-09-09 02:59:43][warning][420346] Calling original ioctl: 9 27 140723703633312
[2026-09-09 02:59:43][warning][420346] Calling original ioctl: 9 27 140723703633312
[2026-09-09 02:59:43][warning][420346] Calling original ioctl: 9 27 140723703633312
[2026-09-09 02:59:43][warning][420346] Calling original ioctl: 9 27 140723703633312
[2026-09-09 02:59:43][warning][420346] Calling original ioctl: 8 3223340586 140723703628976
[2026-09-09 02:59:43][warning][420346] Calling original ioctl: 21 3221505737 140723703633072
[2026-09-09 02:59:43][warning][420346] Calling original ioctl: 21 3222292174 140723703633056
[2026-09-09 02:59:43][warning][420346] Calling original ioctl: 21 3224389163 140723703633040
[2026-09-09 02:59:43][warning][420346] Calling original ioctl: 8 3224389163 140723703630512
[2026-09-09 02:59:43][warning][420346] Calling original ioctl: 8 3223340586 140723703626096
[2026-09-09 02:59:43][warning][420346] Calling original ioctl: 8 3224913486 140723703630640
[2026-09-09 02:59:43][warning][420346] Calling original ioctl: 9 73 140723703629696
[2026-09-09 02:59:43][warning][420346] Calling original ioctl: 9 33 140723703620464
[2026-09-09 02:59:43][warning][420346] Calling original ioctl: 8 3224389163 140723703630816
[2026-09-09 02:59:43][warning][420346] Calling original ioctl: 9 73 140723703630000
[2026-09-09 02:59:43][warning][420346] Calling original ioctl: 9 33 140723703620768
[2026-09-09 02:59:43][warning][420346] Calling original ioctl: 9 68 140723703620160
[2026-09-09 02:59:43][warning][420346] Calling original ioctl: 9 72 140723703629264
[2026-09-09 02:59:43][warning][420346] Calling original ioctl: 9 23 140723703633616
[2026-09-09 02:59:43][warning][420346] Calling original ioctl: 9 23 140723703633616
[2026-09-09 02:59:43][warning][420346] Calling original ioctl: 9 23 140723703633616
[2026-09-09 02:59:43][warning][420346] Calling original ioctl: 9 23 140723703633616
[2026-09-09 02:59:43][warning][420346] Calling original ioctl: 8 3224389163 140723703630816
[2026-09-09 02:59:43][warning][420346] Calling original ioctl: 9 73 140723703630000
[2026-09-09 02:59:43][warning][420346] Calling original ioctl: 9 33 140723703620768
[2026-09-09 02:59:43][warning][420346] Calling original ioctl: 9 23 140723703633616
[2026-09-09 02:59:43][warning][420346] Calling original ioctl: 9 23 140723703633616
[2026-09-09 02:59:43][warning][420346] Calling original ioctl: 9 23 140723703633616
[2026-09-09 02:59:43][warning][420346] Calling original ioctl: 8 3224389163 140723703630240
[2026-09-09 02:59:43][warning][420346] Calling original ioctl: 8 3223340586 140723703625824
[2026-09-09 02:59:43][warning][420346] Calling original ioctl: 8 3224913486 140723703630368
[2026-09-09 02:59:43][warning][420346] Calling original ioctl: 9 73 140723703629424
[2026-09-09 02:59:43][warning][420346] Calling original ioctl: 9 33 140723703620192
[2026-09-09 02:59:43][warning][420346] Calling original ioctl: 12 3224913447 140723703630224
[2026-09-09 02:59:43][warning][420346] Calling original ioctl: 9 73 140723703629424
[2026-09-09 02:59:43][warning][420346] Calling original ioctl: 9 33 140723703620192
[2026-09-09 02:59:43][warning][420346] Calling original ioctl: 8 3224389163 140723703631104
[2026-09-09 02:59:43][warning][420346] Calling original ioctl: 9 73 140723703630288
[2026-09-09 02:59:43][warning][420346] Calling original ioctl: 9 33 140723703621056
[2026-09-09 02:59:43][warning][420346] Calling original ioctl: 12 3224913447 140723703630480
[2026-09-09 02:59:43][warning][420346] Calling original ioctl: 9 73 140723703629680
[2026-09-09 02:59:43][warning][420346] Calling original ioctl: 9 33 140723703620448
[2026-09-09 02:59:43][warning][420346] Calling original ioctl: 8 3224389163 140723703630496
[2026-09-09 02:59:43][warning][420346] Calling original ioctl: 9 73 140723703629680
[2026-09-09 02:59:43][warning][420346] Calling original ioctl: 9 33 140723703620448
[2026-09-09 02:59:43][warning][420346] Calling original ioctl: 9 65 140723703630768
[2026-09-09 02:59:43][warning][420346] Calling original ioctl: 12 3224913447 140723703631584
[2026-09-09 02:59:43][warning][420346] Calling original ioctl: 9 73 140723703630784
[2026-09-09 02:59:43][warning][420346] Calling original ioctl: 9 33 140723703621552
[2026-09-09 02:59:43][warning][420346] Calling original ioctl: 8 3224389163 140723703631600
[2026-09-09 02:59:43][warning][420346] Calling original ioctl: 9 73 140723703630784
[2026-09-09 02:59:43][warning][420346] Calling original ioctl: 9 33 140723703621552
[2026-09-09 02:59:43][warning][420346] Calling original ioctl: 8 3224389163 140723703631168
[2026-09-09 02:59:43][warning][420346] Calling original ioctl: 8 3223340586 140723703626752
[2026-09-09 02:59:43][warning][420346] Calling original ioctl: 8 3224913486 140723703631296
[2026-09-09 02:59:43][warning][420346] Calling original ioctl: 9 73 140723703630352
[2026-09-09 02:59:43][warning][420346] Calling original ioctl: 9 33 140723703621120
[2026-09-09 02:59:43][warning][420346] Calling original ioctl: 8 3224389163 140723703628880
[2026-09-09 02:59:43][warning][420346] Calling original ioctl: 9 73 140723703628064
[2026-09-09 02:59:43][warning][420346] Calling original ioctl: 9 33 140723703618832
[2026-09-09 02:59:43][warning][420346] Calling original ioctl: 8 3224389163 140723703628800
[2026-09-09 02:59:43][warning][420346] Calling original ioctl: 9 73 140723703627984
[2026-09-09 02:59:43][warning][420346] Calling original ioctl: 9 33 140723703618752
[2026-09-09 02:59:43][warning][420346] Calling original ioctl: 8 3224389163 140723703628800
[2026-09-09 02:59:43][warning][420346] Calling original ioctl: 9 73 140723703627984
[2026-09-09 02:59:43][warning][420346] Calling original ioctl: 9 33 140723703618752
[2026-09-09 02:59:43][warning][420346] Calling original ioctl: 12 3224913447 140723703631136
[2026-09-09 02:59:43][warning][420346] Calling original ioctl: 9 73 140723703630336
[2026-09-09 02:59:43][warning][420346] Calling original ioctl: 9 33 140723703621104
[2026-09-09 02:59:43][warning][420346] Calling original ioctl: 8 3224389163 140723703633744
[2026-09-09 02:59:43][warning][420346] Calling original ioctl: 8 3224389163 140723703630640
[2026-09-09 02:59:43][warning][420346] Calling original ioctl: 8 3223340586 140723703626224
[2026-09-09 02:59:43][warning][420346] Calling original ioctl: 8 3224913486 140723703630768
[2026-09-09 02:59:43][warning][420346] Calling original ioctl: 9 73 140723703629824
[2026-09-09 02:59:43][warning][420346] Calling original ioctl: 9 33 140723703620592
[2026-09-09 02:59:43][warning][420346] Calling original ioctl: 8 3224389163 140723703630960
[2026-09-09 02:59:43][warning][420346] Calling original ioctl: 9 73 140723703630144
[2026-09-09 02:59:43][warning][420346] Calling original ioctl: 9 33 140723703620912
[2026-09-09 02:59:43][warning][420346] Calling original ioctl: 8 3224389163 140723703630960
[2026-09-09 02:59:43][warning][420346] Calling original ioctl: 9 73 140723703630144
[2026-09-09 02:59:43][warning][420346] Calling original ioctl: 9 33 140723703620912
[2026-09-09 02:59:43][warning][420346] Calling original ioctl: 24 3221505737 140723703633408
[2026-09-09 02:59:43][warning][420346] Calling original ioctl: 24 3222292174 140723703633392
[2026-09-09 02:59:43][warning][420346] Calling original ioctl: 24 3224389163 140723703633376
[2026-09-09 02:59:43][warning][420346] Calling original ioctl: 26 3221505737 140723703633408
[2026-09-09 02:59:43][warning][420346] Calling original ioctl: 26 3222292174 140723703633392
[2026-09-09 02:59:43][warning][420346] Calling original ioctl: 26 3224389163 140723703633376
[2026-09-09 02:59:43][warning][420346] Calling original ioctl: 28 3221505737 140723703633408
[2026-09-09 02:59:43][warning][420346] Calling original ioctl: 28 3222292174 140723703633392
[2026-09-09 02:59:43][warning][420346] Calling original ioctl: 28 3224389163 140723703633376
[2026-09-09 02:59:43][warning][420346] Calling original ioctl: 30 3221505737 140723703633408
[2026-09-09 02:59:43][warning][420346] Calling original ioctl: 30 3222292174 140723703633392
[2026-09-09 02:59:43][warning][420346] Calling original ioctl: 30 3224389163 140723703633376
[2026-09-09 02:59:43][warning][420346] Calling original ioctl: 8 3223340586 140723703629120
[2026-09-09 02:59:43][warning][420346] Calling original ioctl: 8 3223340586 140723703629296
[2026-09-09 02:59:43][warning][420346] Calling original ioctl: 8 3223340586 140723703629456
[2026-09-09 02:59:43][warning][420346] Calling original ioctl: 8 3224389163 140723703630928
[2026-09-09 02:59:43][warning][420346] Calling original ioctl: 9 73 140723703630112
[2026-09-09 02:59:43][warning][420346] Calling original ioctl: 9 33 140723703620880
[2026-09-09 02:59:43][warning][420346] Calling original ioctl: 8 3223340586 140723703629456
libbpf: loading object 'full_record_device_buffer_bpf' from buffer
libbpf: elf: section(2) .symtab, size 240, link 1, flags 0, type=2
libbpf: elf: section(3) kretprobe/_Z9rope_normILb1ELb0Ef6__halfEvPKT1_PT2_iiiiiPKifff14rope_corr_dimsfPKfPKli, size 1200, link 0, flags 6, type=1
libbpf: sec 'kretprobe/_Z9rope_normILb1ELb0Ef6__halfEvPKT1_PT2_iiiiiPKifff14rope_corr_dimsfPKfPKli': found program 'cuda__retprobe' at insn offset 0 (0 bytes), code size 150 insns (1200 bytes)
libbpf: elf: section(4) .maps, size 32, link 0, flags 3, type=1
libbpf: elf: section(5) license, size 4, link 0, flags 3, type=1
libbpf: license of full_record_device_buffer_bpf is GPL
libbpf: elf: section(6) .relkretprobe/_Z9rope_normILb1ELb0Ef6__halfEvPKT1_PT2_iiiiiPKifff14rope_corr_dimsfPKfPKli, size 32, link 2, flags 40, type=9
libbpf: elf: section(7) .BTF, size 2912, link 0, flags 0, type=1
libbpf: elf: section(8) .BTF.ext, size 1264, link 0, flags 0, type=1
libbpf: looking for externs among 10 symbols...
libbpf: collected 0 externs total
libbpf: map 'arena': at sec_idx 4, offset 0.
libbpf: map 'arena': found type = 1503.
libbpf: map 'arena': found key [8], sz = 4.
libbpf: map 'arena': found value [12], sz = 335675408.
libbpf: map 'arena': found max_entries = 32.
libbpf: sec '.relkretprobe/_Z9rope_normILb1ELb0Ef6__halfEvPKT1_PT2_iiiiiPKifff14rope_corr_dimsfPKfPKli': collecting relocation for section(3) 'kretprobe/_Z9rope_normILb1ELb0Ef6__halfEvPKT1_PT2_iiiiiPKifff14rope_corr_dimsfPKfPKli'
libbpf: sec '.relkretprobe/_Z9rope_normILb1ELb0Ef6__halfEvPKT1_PT2_iiiiiPKifff14rope_corr_dimsfPKfPKli': relo #0: insn #71 against 'arena'
libbpf: prog 'cuda__retprobe': found map 0 (arena, sec 4, off 0) for insn #71
libbpf: sec '.relkretprobe/_Z9rope_normILb1ELb0Ef6__halfEvPKT1_PT2_iiiiiPKifff14rope_corr_dimsfPKfPKli': relo #1: insn #84 against 'arena'
libbpf: prog 'cuda__retprobe': found map 0 (arena, sec 4, off 0) for insn #84
libbpf: object 'full_record_dev': failed (-EACCES) to open BPF FS mount at '/sys/fs/bpf', skipping optional step...
libbpf: Kernel doesn't support BTF, skipping uploading it.
libbpf: map 'arena': created successfully, fd=34
Full-record bank count: 32
Full-record slots per bank: 16384
Full-record total slots: 524288
Full-record records per slot: 256
Full-record record bytes: 80
Full-record layout: 32-slot grouped SoA (AoSoA)
Full-record value bytes (per bank): 335675408
Full-record probe attached; waiting for SIGINT
[2026-09-09 02:59:59][warning][420408] Calling original ioctl: 8 3223340586 136427126888048
[2026-09-09 03:00:43][warning][420346] Calling original ioctl: 8 3223340586 140723703624288
Full-record drain bytes: 10741613056
Full-record drain time ns: 1496518951
Full-record committed records: 23068672
Full-record active slots: 524288
Full-record overflow records: 0
Full-record out-of-range threads: 0
Full-record nonzero timestamps: 23068672
[2026-09-09 03:00:45][warning][420346] Calling original ioctl: 9 34 140723703634240
[2026-09-09 03:00:45][warning][420346] Calling original ioctl: 8 3222292009 140723703634400
[2026-09-09 03:00:45][warning][420346] Calling original ioctl: 9 34 140723703635056
[2026-09-09 03:00:45][warning][420346] Calling original ioctl: 8 3222292009 140723703635216
[2026-09-09 03:00:45][warning][420346] Calling original ioctl: 9 34 140723703635056
[2026-09-09 03:00:45][warning][420346] Calling original ioctl: 8 3222292009 140723703635216
[2026-09-09 03:00:45][warning][420346] Calling original ioctl: 8 3222292009 140723703635936
[2026-09-09 03:00:45][warning][420346] Calling original ioctl: 26 3222292175 140723703635952
[2026-09-09 03:00:45][warning][420346] Calling original ioctl: 8 3222292009 140723703635936
[2026-09-09 03:00:45][warning][420346] Calling original ioctl: 28 3222292175 140723703635952
[2026-09-09 03:00:45][warning][420346] Calling original ioctl: 8 3222292009 140723703635936
[2026-09-09 03:00:45][warning][420346] Calling original ioctl: 24 3222292175 140723703635952
[2026-09-09 03:00:45][warning][420346] Calling original ioctl: 8 3222292009 140723703635936
[2026-09-09 03:00:45][warning][420346] Calling original ioctl: 30 3222292175 140723703635952
[2026-09-09 03:00:45][warning][420346] Calling original ioctl: 9 34 140723703634960
[2026-09-09 03:00:45][warning][420346] Calling original ioctl: 8 3222292009 140723703635120
[2026-09-09 03:00:45][warning][420346] Calling original ioctl: 9 34 140723703634960
[2026-09-09 03:00:45][warning][420346] Calling original ioctl: 8 3222292009 140723703635120
[2026-09-09 03:00:45][warning][420346] Calling original ioctl: 9 34 140723703635088
[2026-09-09 03:00:45][warning][420346] Calling original ioctl: 8 3223340623 140723703635296
[2026-09-09 03:00:45][warning][420346] Calling original ioctl: 8 3222292009 140723703635248
[2026-09-09 03:00:45][warning][420346] Calling original ioctl: 8 3222292009 140723703636016
[2026-09-09 03:00:45][warning][420346] Calling original ioctl: 9 34 140723703635072
[2026-09-09 03:00:45][warning][420346] Calling original ioctl: 8 3222292009 140723703635232
[2026-09-09 03:00:45][warning][420346] Calling original ioctl: 9 34 140723703635072
[2026-09-09 03:00:45][warning][420346] Calling original ioctl: 8 3223340623 140723703635280
[2026-09-09 03:00:45][warning][420346] Calling original ioctl: 8 3222292009 140723703635232
[2026-09-09 03:00:45][warning][420346] Calling original ioctl: 8 3223340586 140723703630944
[2026-09-09 03:00:45][warning][420346] Calling original ioctl: 9 34 140723703634896
[2026-09-09 03:00:45][warning][420346] Calling original ioctl: 8 3222292009 140723703635056
[2026-09-09 03:00:45][warning][420346] Calling original ioctl: 8 3223340586 140723703630944
[2026-09-09 03:00:45][warning][420346] Calling original ioctl: 9 34 140723703634896
[2026-09-09 03:00:45][warning][420346] Calling original ioctl: 8 3222292009 140723703635056
[2026-09-09 03:00:45][warning][420346] Calling original ioctl: 8 3223340586 140723703630944
[2026-09-09 03:00:45][warning][420346] Calling original ioctl: 9 34 140723703634896
[2026-09-09 03:00:45][warning][420346] Calling original ioctl: 8 3222292009 140723703635056
[2026-09-09 03:00:45][warning][420346] Calling original ioctl: 8 3223340586 140723703631840
[2026-09-09 03:00:45][warning][420346] Calling original ioctl: 9 34 140723703635120
[2026-09-09 03:00:45][warning][420346] Calling original ioctl: 9 34 140723703635120
[2026-09-09 03:00:45][warning][420346] Calling original ioctl: 8 3222292009 140723703635280
[2026-09-09 03:00:45][warning][420346] Calling original ioctl: 9 34 140723703635120
[2026-09-09 03:00:45][warning][420346] Calling original ioctl: 8 3222292009 140723703635280
[2026-09-09 03:00:45][warning][420346] Calling original ioctl: 9 34 140723703635072
[2026-09-09 03:00:45][warning][420346] Calling original ioctl: 8 3223340623 140723703635280
[2026-09-09 03:00:45][warning][420346] Calling original ioctl: 8 3222292009 140723703635232
[2026-09-09 03:00:45][warning][420346] Calling original ioctl: 9 24 140723703636112
[2026-09-09 03:00:45][warning][420346] Calling original ioctl: 9 24 140723703636112
[2026-09-09 03:00:45][warning][420346] Calling original ioctl: 9 24 140723703636144
[2026-09-09 03:00:45][warning][420346] Calling original ioctl: 9 24 140723703636112
[2026-09-09 03:00:45][warning][420346] Calling original ioctl: 9 24 140723703636112
[2026-09-09 03:00:45][warning][420346] Calling original ioctl: 9 24 140723703636112
[2026-09-09 03:00:45][warning][420346] Calling original ioctl: 9 24 140723703636112
[2026-09-09 03:00:45][warning][420346] Calling original ioctl: 9 34 140723703635008
[2026-09-09 03:00:45][warning][420346] Calling original ioctl: 8 3222292009 140723703635168
[2026-09-09 03:00:45][warning][420346] Calling original ioctl: 9 34 140723703635008
[2026-09-09 03:00:45][warning][420346] Calling original ioctl: 8 3222292009 140723703635168
[2026-09-09 03:00:45][warning][420346] Calling original ioctl: 9 34 140723703635120
[2026-09-09 03:00:45][warning][420346] Calling original ioctl: 8 3222292009 140723703635280
[2026-09-09 03:00:45][warning][420346] Calling original ioctl: 8 3222292009 140723703635856
[2026-09-09 03:00:45][warning][420346] Calling original ioctl: 17 3222292175 140723703635872
[2026-09-09 03:00:45][warning][420346] Calling original ioctl: 9 28 140723703635984
[2026-09-09 03:00:45][warning][420346] Calling original ioctl: 9 28 140723703635984
[2026-09-09 03:00:45][warning][420346] Calling original ioctl: 9 28 140723703635984
[2026-09-09 03:00:45][warning][420346] Calling original ioctl: 9 28 140723703635984
[2026-09-09 03:00:45][warning][420346] Calling original ioctl: 9 28 140723703635984
[2026-09-09 03:00:45][warning][420346] Calling original ioctl: 9 28 140723703635984
[2026-09-09 03:00:45][warning][420346] Calling original ioctl: 9 28 140723703635984
[2026-09-09 03:00:45][warning][420346] Calling original ioctl: 9 28 140723703635984
[2026-09-09 03:00:45][warning][420346] Calling original ioctl: 8 3222292009 140723703635744
[2026-09-09 03:00:45][warning][420346] Calling original ioctl: 8 3222292009 140723703635744
[2026-09-09 03:00:45][warning][420346] Calling original ioctl: 8 3222292009 140723703635792
[2026-09-09 03:00:45][warning][420346] Calling original ioctl: 8 3223340623 140723703635056
[2026-09-09 03:00:45][warning][420346] Calling original ioctl: 8 3222292009 140723703635008
[2026-09-09 03:00:45][warning][420346] Calling original ioctl: 8 3222292009 140723703635744
[2026-09-09 03:00:45][warning][420346] Calling original ioctl: 8 3222292009 140723703635792
[2026-09-09 03:00:45][warning][420346] Calling original ioctl: 8 3223340623 140723703635056
[2026-09-09 03:00:45][warning][420346] Calling original ioctl: 8 3222292009 140723703635008
[2026-09-09 03:00:45][warning][420346] Calling original ioctl: 8 3222292009 140723703635744
[2026-09-09 03:00:45][warning][420346] Calling original ioctl: 8 3222292009 140723703635744
[2026-09-09 03:00:45][warning][420346] Calling original ioctl: 8 3222292009 140723703635792
[2026-09-09 03:00:45][warning][420346] Calling original ioctl: 8 3223340623 140723703635056
[2026-09-09 03:00:45][warning][420346] Calling original ioctl: 8 3222292009 140723703635008
[2026-09-09 03:00:45][warning][420346] Calling original ioctl: 8 3222292009 140723703635744
[2026-09-09 03:00:45][warning][420346] Calling original ioctl: 8 3222292009 140723703635792
[2026-09-09 03:00:45][warning][420346] Calling original ioctl: 8 3223340623 140723703635056
[2026-09-09 03:00:45][warning][420346] Calling original ioctl: 8 3222292009 140723703635008
[2026-09-09 03:00:45][warning][420346] Calling original ioctl: 8 3222292009 140723703635744
[2026-09-09 03:00:45][warning][420346] Calling original ioctl: 8 3222292009 140723703635744
[2026-09-09 03:00:45][warning][420346] Calling original ioctl: 8 3222292009 140723703635792
[2026-09-09 03:00:45][warning][420346] Calling original ioctl: 8 3223340623 140723703635056
[2026-09-09 03:00:45][warning][420346] Calling original ioctl: 8 3222292009 140723703635008
[2026-09-09 03:00:45][warning][420346] Calling original ioctl: 8 3222292009 140723703635744
[2026-09-09 03:00:45][warning][420346] Calling original ioctl: 8 3222292009 140723703635792
[2026-09-09 03:00:45][warning][420346] Calling original ioctl: 8 3223340623 140723703635056
[2026-09-09 03:00:45][warning][420346] Calling original ioctl: 8 3222292009 140723703635008
[2026-09-09 03:00:45][warning][420346] Calling original ioctl: 8 3222292009 140723703635744
[2026-09-09 03:00:45][warning][420346] Calling original ioctl: 8 3222292009 140723703635744
[2026-09-09 03:00:45][warning][420346] Calling original ioctl: 8 3222292009 140723703635792
[2026-09-09 03:00:45][warning][420346] Calling original ioctl: 8 3223340623 140723703635056
[2026-09-09 03:00:45][warning][420346] Calling original ioctl: 8 3222292009 140723703635008
[2026-09-09 03:00:45][warning][420346] Calling original ioctl: 8 3222292009 140723703635744
[2026-09-09 03:00:45][warning][420346] Calling original ioctl: 8 3222292009 140723703635792
[2026-09-09 03:00:45][warning][420346] Calling original ioctl: 8 3223340623 140723703635056
[2026-09-09 03:00:45][warning][420346] Calling original ioctl: 8 3222292009 140723703635008
[2026-09-09 03:00:45][warning][420346] Calling original ioctl: 8 3222292009 140723703635920
[2026-09-09 03:00:45][warning][420346] Calling original ioctl: 8 3222292009 140723703635888
[2026-09-09 03:00:45][warning][420346] Calling original ioctl: 8 3222292009 140723703635856
[2026-09-09 03:00:45][warning][420346] Calling original ioctl: 19 3222292175 140723703635872
[2026-09-09 03:00:45][warning][420346] Calling original ioctl: 9 28 140723703635984
[2026-09-09 03:00:45][warning][420346] Calling original ioctl: 9 28 140723703635984
[2026-09-09 03:00:45][warning][420346] Calling original ioctl: 9 28 140723703635984
[2026-09-09 03:00:45][warning][420346] Calling original ioctl: 9 28 140723703635984
[2026-09-09 03:00:45][warning][420346] Calling original ioctl: 8 3222292009 140723703635744
[2026-09-09 03:00:45][warning][420346] Calling original ioctl: 8 3222292009 140723703635792
[2026-09-09 03:00:45][warning][420346] Calling original ioctl: 8 3223340623 140723703635056
[2026-09-09 03:00:45][warning][420346] Calling original ioctl: 8 3222292009 140723703635008
[2026-09-09 03:00:45][warning][420346] Calling original ioctl: 8 3222292009 140723703635744
[2026-09-09 03:00:45][warning][420346] Calling original ioctl: 8 3222292009 140723703635792
[2026-09-09 03:00:45][warning][420346] Calling original ioctl: 8 3223340623 140723703635056
[2026-09-09 03:00:45][warning][420346] Calling original ioctl: 8 3222292009 140723703635008
[2026-09-09 03:00:45][warning][420346] Calling original ioctl: 8 3222292009 140723703635744
[2026-09-09 03:00:45][warning][420346] Calling original ioctl: 8 3222292009 140723703635792
[2026-09-09 03:00:45][warning][420346] Calling original ioctl: 8 3223340623 140723703635056
[2026-09-09 03:00:45][warning][420346] Calling original ioctl: 8 3222292009 140723703635008
[2026-09-09 03:00:45][warning][420346] Calling original ioctl: 8 3222292009 140723703635744
[2026-09-09 03:00:45][warning][420346] Calling original ioctl: 8 3222292009 140723703635792
[2026-09-09 03:00:45][warning][420346] Calling original ioctl: 8 3223340623 140723703635056
[2026-09-09 03:00:45][warning][420346] Calling original ioctl: 8 3222292009 140723703635008
[2026-09-09 03:00:45][warning][420346] Calling original ioctl: 8 3222292009 140723703635888
[2026-09-09 03:00:45][warning][420346] Calling original ioctl: 8 3222292009 140723703635856
[2026-09-09 03:00:45][warning][420346] Calling original ioctl: 21 3222292175 140723703635872
[2026-09-09 03:00:45][warning][420346] Calling original ioctl: 9 28 140723703635984
[2026-09-09 03:00:45][warning][420346] Calling original ioctl: 9 28 140723703635984
[2026-09-09 03:00:45][warning][420346] Calling original ioctl: 9 28 140723703635984
[2026-09-09 03:00:45][warning][420346] Calling original ioctl: 9 28 140723703635984
[2026-09-09 03:00:45][warning][420346] Calling original ioctl: 8 3222292009 140723703635744
[2026-09-09 03:00:45][warning][420346] Calling original ioctl: 8 3222292009 140723703635792
[2026-09-09 03:00:45][warning][420346] Calling original ioctl: 8 3223340623 140723703635056
[2026-09-09 03:00:45][warning][420346] Calling original ioctl: 8 3222292009 140723703635008
[2026-09-09 03:00:45][warning][420346] Calling original ioctl: 8 3222292009 140723703635744
[2026-09-09 03:00:45][warning][420346] Calling original ioctl: 8 3222292009 140723703635792
[2026-09-09 03:00:45][warning][420346] Calling original ioctl: 8 3223340623 140723703635056
[2026-09-09 03:00:45][warning][420346] Calling original ioctl: 8 3222292009 140723703635008
[2026-09-09 03:00:45][warning][420346] Calling original ioctl: 8 3222292009 140723703635744
[2026-09-09 03:00:45][warning][420346] Calling original ioctl: 8 3222292009 140723703635792
[2026-09-09 03:00:45][warning][420346] Calling original ioctl: 8 3223340623 140723703635056
[2026-09-09 03:00:45][warning][420346] Calling original ioctl: 8 3222292009 140723703635008
[2026-09-09 03:00:45][warning][420346] Calling original ioctl: 8 3222292009 140723703635744
[2026-09-09 03:00:45][warning][420346] Calling original ioctl: 8 3222292009 140723703635792
[2026-09-09 03:00:45][warning][420346] Calling original ioctl: 8 3223340623 140723703635056
[2026-09-09 03:00:45][warning][420346] Calling original ioctl: 8 3222292009 140723703635008
[2026-09-09 03:00:45][warning][420346] Calling original ioctl: 9 34 140723703634816
[2026-09-09 03:00:45][warning][420346] Calling original ioctl: 8 3223340623 140723703635024
[2026-09-09 03:00:45][warning][420346] Calling original ioctl: 8 3222292009 140723703634976
[2026-09-09 03:00:45][warning][420346] Calling original ioctl: 9 34 140723703634816
[2026-09-09 03:00:45][warning][420346] Calling original ioctl: 8 3223340623 140723703635024
[2026-09-09 03:00:45][warning][420346] Calling original ioctl: 8 3222292009 140723703634976
[2026-09-09 03:00:45][warning][420346] Calling original ioctl: 8 3222292009 140723703635888
[2026-09-09 03:00:45][warning][420346] Calling original ioctl: 9 34 140723703635120
[2026-09-09 03:00:45][warning][420346] Calling original ioctl: 8 3222292009 140723703635280
[2026-09-09 03:00:45][warning][420346] Calling original ioctl: 9 34 140723703635024
[2026-09-09 03:00:45][warning][420346] Calling original ioctl: 8 3222292009 140723703635184
[2026-09-09 03:00:45][warning][420346] Calling original ioctl: 9 34 140723703635120
[2026-09-09 03:00:45][warning][420346] Calling original ioctl: 8 3222292009 140723703635280
[2026-09-09 03:00:45][warning][420346] Calling original ioctl: 9 34 140723703635072
[2026-09-09 03:00:45][warning][420346] Calling original ioctl: 8 3222292009 140723703635232
[2026-09-09 03:00:45][warning][420346] Calling original ioctl: 9 34 140723703635056
[2026-09-09 03:00:45][warning][420346] Calling original ioctl: 8 3223340623 140723703635264
[2026-09-09 03:00:45][warning][420346] Calling original ioctl: 8 3222292009 140723703635216
[2026-09-09 03:00:45][warning][420346] Calling original ioctl: 9 34 140723703635056
[2026-09-09 03:00:45][warning][420346] Calling original ioctl: 8 3223340623 140723703635264
[2026-09-09 03:00:45][warning][420346] Calling original ioctl: 8 3222292009 140723703635216
[2026-09-09 03:00:45][warning][420346] Calling original ioctl: 9 34 140723703635072
[2026-09-09 03:00:45][warning][420346] Calling original ioctl: 8 3222292009 140723703635232
[2026-09-09 03:00:45][warning][420346] Calling original ioctl: 9 34 140723703635072
[2026-09-09 03:00:45][warning][420346] Calling original ioctl: 8 3222292009 140723703635232
[2026-09-09 03:00:45][warning][420346] Calling original ioctl: 9 34 140723703635232
[2026-09-09 03:00:45][warning][420346] Calling original ioctl: 8 3223340586 140723703631824
