   3513428:	
   3513428:	file=libm.so.6 [0];  needed by python3 [0]
   3513428:	file=libm.so.6 [0];  generating link map
   3513428:	  dynamic: 0x00007b2da2ac6c10  base: 0x00007b2da29df000   size: 0x00000000000e8018
   3513428:	    entry: 0x00007b2da29df000  phdr: 0x00007b2da29df040  phnum:                 11
   3513428:	
   3513428:	
   3513428:	file=libz.so.1 [0];  needed by python3 [0]
   3513428:	file=libz.so.1 [0];  generating link map
   3513428:	  dynamic: 0x00007b2da29dddd0  base: 0x00007b2da29c3000   size: 0x000000000001b098
   3513428:	    entry: 0x00007b2da29c3000  phdr: 0x00007b2da29c3040  phnum:                 11
   3513428:	
   3513428:	
   3513428:	file=libexpat.so.1 [0];  needed by python3 [0]
   3513428:	file=libexpat.so.1 [0];  generating link map
   3513428:	  dynamic: 0x00007b2da29c1dd0  base: 0x00007b2da2997000   size: 0x000000000002b080
   3513428:	    entry: 0x00007b2da2997000  phdr: 0x00007b2da2997040  phnum:                 11
   3513428:	
   3513428:	
   3513428:	file=libc.so.6 [0];  needed by python3 [0]
   3513428:	file=libc.so.6 [0];  generating link map
   3513428:	  dynamic: 0x00007b2da2802940  base: 0x00007b2da2600000   size: 0x0000000000211d90
   3513428:	    entry: 0x00007b2da262a390  phdr: 0x00007b2da2600040  phnum:                 14
   3513428:	
   3513428:	
   3513428:	calling init: /lib64/ld-linux-x86-64.so.2
   3513428:	
   3513428:	
   3513428:	calling init: /lib/x86_64-linux-gnu/libc.so.6
   3513428:	
   3513428:	
   3513428:	calling init: /lib/x86_64-linux-gnu/libexpat.so.1
   3513428:	
   3513428:	
   3513428:	calling init: /lib/x86_64-linux-gnu/libz.so.1
   3513428:	
   3513428:	
   3513428:	calling init: /lib/x86_64-linux-gnu/libm.so.6
   3513428:	
   3513428:	
   3513428:	initialize program: python3
   3513428:	
   3513428:	
   3513428:	transferring control: python3
   3513428:	
   3513428:	
   3513428:	file=/usr/lib/python3.12/lib-dynload/_json.cpython-312-x86_64-linux-gnu.so [0];  dynamically loaded by python3 [0]
   3513428:	file=/usr/lib/python3.12/lib-dynload/_json.cpython-312-x86_64-linux-gnu.so [0];  generating link map
   3513428:	  dynamic: 0x00007b2da2addde0  base: 0x00007b2da2ad2000   size: 0x000000000000c7a0
   3513428:	    entry: 0x00007b2da2ad2000  phdr: 0x00007b2da2ad2040  phnum:                 11
   3513428:	
   3513428:	
   3513428:	calling init: /usr/lib/python3.12/lib-dynload/_json.cpython-312-x86_64-linux-gnu.so
   3513428:	
   3513428:	opening file=/usr/lib/python3.12/lib-dynload/_json.cpython-312-x86_64-linux-gnu.so [0]; direct_opencount=1
   3513428:	
   3513428:	
   3513428:	file=/usr/lib/python3.12/lib-dynload/_queue.cpython-312-x86_64-linux-gnu.so [0];  dynamically loaded by python3 [0]
   3513428:	file=/usr/lib/python3.12/lib-dynload/_queue.cpython-312-x86_64-linux-gnu.so [0];  generating link map
   3513428:	  dynamic: 0x00007b2da2ad0e10  base: 0x00007b2da2acb000   size: 0x0000000000006528
   3513428:	    entry: 0x00007b2da2acb000  phdr: 0x00007b2da2acb040  phnum:                 11
   3513428:	
   3513428:	
   3513428:	calling init: /usr/lib/python3.12/lib-dynload/_queue.cpython-312-x86_64-linux-gnu.so
   3513428:	
   3513428:	opening file=/usr/lib/python3.12/lib-dynload/_queue.cpython-312-x86_64-linux-gnu.so [0]; direct_opencount=1
   3513428:	
   3513428:	
   3513428:	file=/usr/lib/python3.12/lib-dynload/_decimal.cpython-312-x86_64-linux-gnu.so [0];  dynamically loaded by python3 [0]
   3513428:	file=/usr/lib/python3.12/lib-dynload/_decimal.cpython-312-x86_64-linux-gnu.so [0];  generating link map
   3513428:	  dynamic: 0x00007b2da1cfcd50  base: 0x00007b2da1ca4000   size: 0x000000000005b928
   3513428:	    entry: 0x00007b2da1ca4000  phdr: 0x00007b2da1ca4040  phnum:                 11
   3513428:	
   3513428:	
   3513428:	calling init: /usr/lib/python3.12/lib-dynload/_decimal.cpython-312-x86_64-linux-gnu.so
   3513428:	
   3513428:	opening file=/usr/lib/python3.12/lib-dynload/_decimal.cpython-312-x86_64-linux-gnu.so [0]; direct_opencount=1
   3513428:	
   3513428:	
   3513428:	file=/usr/lib/python3.12/lib-dynload/_bz2.cpython-312-x86_64-linux-gnu.so [0];  dynamically loaded by python3 [0]
   3513428:	file=/usr/lib/python3.12/lib-dynload/_bz2.cpython-312-x86_64-linux-gnu.so [0];  generating link map
   3513428:	  dynamic: 0x00007b2da2819dc8  base: 0x00007b2da2812000   size: 0x00000000000084f0
   3513428:	    entry: 0x00007b2da2812000  phdr: 0x00007b2da2812040  phnum:                 11
   3513428:	
   3513428:	
   3513428:	file=libbz2.so.1.0 [0];  needed by /usr/lib/python3.12/lib-dynload/_bz2.cpython-312-x86_64-linux-gnu.so [0]
   3513428:	file=libbz2.so.1.0 [0];  generating link map
   3513428:	  dynamic: 0x00007b2da258ad20  base: 0x00007b2da2578000   size: 0x0000000000013c28
   3513428:	    entry: 0x00007b2da2578000  phdr: 0x00007b2da2578040  phnum:                 11
   3513428:	
   3513428:	
   3513428:	calling init: /lib/x86_64-linux-gnu/libbz2.so.1.0
   3513428:	
   3513428:	
   3513428:	calling init: /usr/lib/python3.12/lib-dynload/_bz2.cpython-312-x86_64-linux-gnu.so
   3513428:	
   3513428:	opening file=/usr/lib/python3.12/lib-dynload/_bz2.cpython-312-x86_64-linux-gnu.so [0]; direct_opencount=1
   3513428:	
   3513428:	
   3513428:	file=/usr/lib/python3.12/lib-dynload/_lzma.cpython-312-x86_64-linux-gnu.so [0];  dynamically loaded by python3 [0]
   3513428:	file=/usr/lib/python3.12/lib-dynload/_lzma.cpython-312-x86_64-linux-gnu.so [0];  generating link map
   3513428:	  dynamic: 0x00007b2da1ca2dc0  base: 0x00007b2da1c97000   size: 0x000000000000c7e8
   3513428:	    entry: 0x00007b2da1c97000  phdr: 0x00007b2da1c97040  phnum:                 11
   3513428:	
   3513428:	
   3513428:	file=liblzma.so.5 [0];  needed by /usr/lib/python3.12/lib-dynload/_lzma.cpython-312-x86_64-linux-gnu.so [0]
   3513428:	file=liblzma.so.5 [0];  generating link map
   3513428:	  dynamic: 0x00007b2da1c73cb8  base: 0x00007b2da1c43000   size: 0x0000000000031018
   3513428:	    entry: 0x00007b2da1c43000  phdr: 0x00007b2da1c43040  phnum:                 11
   3513428:	
   3513428:	
   3513428:	calling init: /lib/x86_64-linux-gnu/liblzma.so.5
   3513428:	
   3513428:	
   3513428:	calling init: /usr/lib/python3.12/lib-dynload/_lzma.cpython-312-x86_64-linux-gnu.so
   3513428:	
   3513428:	opening file=/usr/lib/python3.12/lib-dynload/_lzma.cpython-312-x86_64-linux-gnu.so [0]; direct_opencount=1
   3513428:	
{
  "phase": "level2-tool-actuator-pair",
  "scope": "sm_120 Level-2 tool-actuator port bring-up: native-C vs device-BPF decisions on the same trusted NVBit actuator; not an upstream cuXtra reproduction; service-only metrics, no queue or cross-clock metric",
  "initial_run": false,
  "pair_blocks": 1,
  "config_order": [
    "native_port"
  ],
  "streams": 4,
  "lc_processes": 2,
  "be_processes": 4,
  "tasks_per_stream": 50,
  "reps": 9511106,
  "blocks": 340,
  "threads": 256,
  "fixed_delay_ns": 5000000,
  "tool_ctx_slots": 8192,
  "target_symbol": "_ZN49_GLOBAL__N__c4a841cd_20_priority_workload_cu_main12compute_taskEPNS_9TaskStampEPfiiy",
  "clock_offset_ns": 0,
  "metric_scope": "gpu_service_and_host_elapsed",
  "worker_environments": {
    "baseline": {
      "lc": {
        "CUDA_HOME": "/usr/local/cuda-12.9",
        "XG_SERVICE_ONLY": "1"
      },
      "be": {
        "CUDA_HOME": "/usr/local/cuda-12.9",
        "XG_SERVICE_ONLY": "1"
      }
    },
    "native_port": {
      "lc": {
        "CUDA_HOME": "/usr/local/cuda-12.9",
        "XSCHED_SCHEDULER": "GLB",
        "XSCHED_AUTO_XQUEUE": "ON",
        "XSCHED_AUTO_XQUEUE_LEVEL": "2",
        "XSCHED_AUTO_XQUEUE_PRIORITY": "1",
        "XSCHED_AUTO_XQUEUE_THRESHOLD": "16",
        "XSCHED_AUTO_XQUEUE_BATCH_SIZE": "8",
        "XSCHED_CUDA_LV2_PORT_120": "1",
        "XSCHED_LEVEL2_TOOL_ACTUATOR": "1",
        "XG_DECISION": "native",
        "XG_TARGET_SYMBOL": "_ZN49_GLOBAL__N__c4a841cd_20_priority_workload_cu_main12compute_taskEPNS_9TaskStampEPfiiy",
        "LD_PRELOAD": "/home/yunwei37/workspace/gpu/gpu_ext/workloads/xsched/level2-build/.output/xsched_guard_tool.so",
        "LD_LIBRARY_PATH": "/home/yunwei37/workspace/gpu/gpu_ext/workloads/xsched/level2-build/.output/hal-tool-install-20260908/lib",
        "XG_SERVICE_ONLY": "1"
      },
      "be": {
        "CUDA_HOME": "/usr/local/cuda-12.9",
        "XSCHED_SCHEDULER": "GLB",
        "XSCHED_AUTO_XQUEUE": "ON",
        "XSCHED_AUTO_XQUEUE_LEVEL": "2",
        "XSCHED_AUTO_XQUEUE_PRIORITY": "0",
        "XSCHED_AUTO_XQUEUE_THRESHOLD": "4",
        "XSCHED_AUTO_XQUEUE_BATCH_SIZE": "2",
        "XSCHED_CUDA_LV2_PORT_120": "1",
        "XSCHED_LEVEL2_TOOL_ACTUATOR": "1",
        "XG_DECISION": "native",
        "XG_TARGET_SYMBOL": "_ZN49_GLOBAL__N__c4a841cd_20_priority_workload_cu_main12compute_taskEPNS_9TaskStampEPfiiy",
        "LD_PRELOAD": "/home/yunwei37/workspace/gpu/gpu_ext/workloads/xsched/level2-build/.output/xsched_guard_tool.so",
        "LD_LIBRARY_PATH": "/home/yunwei37/workspace/gpu/gpu_ext/workloads/xsched/level2-build/.output/hal-tool-install-20260908/lib",
        "XG_SERVICE_ONLY": "1"
      }
    },
    "bpf_port": {
      "lc": {
        "CUDA_HOME": "/usr/local/cuda-12.9",
        "XSCHED_SCHEDULER": "GLB",
        "XSCHED_AUTO_XQUEUE": "ON",
        "XSCHED_AUTO_XQUEUE_LEVEL": "2",
        "XSCHED_AUTO_XQUEUE_PRIORITY": "1",
        "XSCHED_AUTO_XQUEUE_THRESHOLD": "16",
        "XSCHED_AUTO_XQUEUE_BATCH_SIZE": "8",
        "XSCHED_CUDA_LV2_PORT_120": "1",
        "XSCHED_LEVEL2_TOOL_ACTUATOR": "1",
        "XG_DECISION": "bpf",
        "XG_TARGET_SYMBOL": "_ZN49_GLOBAL__N__c4a841cd_20_priority_workload_cu_main12compute_taskEPNS_9TaskStampEPfiiy",
        "LD_PRELOAD": "/home/yunwei37/workspace/gpu/gpu_ext/workloads/xsched/level2-build/.output/xsched_guard_tool.so",
        "LD_LIBRARY_PATH": "/home/yunwei37/workspace/gpu/gpu_ext/workloads/xsched/level2-build/.output/hal-tool-install-20260908/lib",
        "XG_SERVICE_ONLY": "1"
      },
      "be": {
        "CUDA_HOME": "/usr/local/cuda-12.9",
        "XSCHED_SCHEDULER": "GLB",
        "XSCHED_AUTO_XQUEUE": "ON",
        "XSCHED_AUTO_XQUEUE_LEVEL": "2",
        "XSCHED_AUTO_XQUEUE_PRIORITY": "0",
        "XSCHED_AUTO_XQUEUE_THRESHOLD": "4",
        "XSCHED_AUTO_XQUEUE_BATCH_SIZE": "2",
        "XSCHED_CUDA_LV2_PORT_120": "1",
        "XSCHED_LEVEL2_TOOL_ACTUATOR": "1",
        "XG_DECISION": "bpf",
        "XG_TARGET_SYMBOL": "_ZN49_GLOBAL__N__c4a841cd_20_priority_workload_cu_main12compute_taskEPNS_9TaskStampEPfiiy",
        "LD_PRELOAD": "/home/yunwei37/workspace/gpu/gpu_ext/workloads/xsched/level2-build/.output/xsched_guard_tool.so",
        "LD_LIBRARY_PATH": "/home/yunwei37/workspace/gpu/gpu_ext/workloads/xsched/level2-build/.output/hal-tool-install-20260908/lib",
        "XG_SERVICE_ONLY": "1"
      }
    }
  },
  "paths": {
    "workload": "/home/yunwei37/workspace/gpu/gpu_ext/workloads/xsched/level2-build/.output/service-output-20260908.66ppYl/priority_workload",
    "xserver_native": "/home/yunwei37/workspace/gpu/gpu_ext/workloads/xsched/deps/xsched/output/bin/xserver",
    "xserver_bpftime": "/home/yunwei37/workspace/gpu/gpu_ext/workloads/xsched/build/xserver-bpftime",
    "bpftime_hpf_code": "/home/yunwei37/workspace/gpu/gpu_ext/workloads/xsched/build/bpftime_hpf.bin",
    "guard_tool": "/home/yunwei37/workspace/gpu/gpu_ext/workloads/xsched/level2-build/.output/xsched_guard_tool.so",
    "hal_lib_dir": "/home/yunwei37/workspace/gpu/gpu_ext/workloads/xsched/level2-build/.output/hal-tool-install-20260908/lib"
  }
}
   3513428:	
   3513428:	file=/usr/lib/python3.12/lib-dynload/_hashlib.cpython-312-x86_64-linux-gnu.so [0];  dynamically loaded by python3 [0]
   3513428:	file=/usr/lib/python3.12/lib-dynload/_hashlib.cpython-312-x86_64-linux-gnu.so [0];  generating link map
   3513428:	  dynamic: 0x00007b2da1c94dd0  base: 0x00007b2da1c86000   size: 0x00000000000102f0
   3513428:	    entry: 0x00007b2da1c86000  phdr: 0x00007b2da1c86040  phnum:                 11
   3513428:	
   3513428:	
   3513428:	file=libcrypto.so.3 [0];  needed by /usr/lib/python3.12/lib-dynload/_hashlib.cpython-312-x86_64-linux-gnu.so [0]
   3513428:	file=libcrypto.so.3 [0];  generating link map
   3513428:	  dynamic: 0x00007b2da0b0d870  base: 0x00007b2da0600000   size: 0x0000000000513bd0
   3513428:	    entry: 0x00007b2da0600000  phdr: 0x00007b2da0600040  phnum:                 11
   3513428:	
   3513428:	activating NODELETE for /lib/x86_64-linux-gnu/libcrypto.so.3 [0]
   3513428:	
   3513428:	calling init: /lib/x86_64-linux-gnu/libcrypto.so.3
   3513428:	
   3513428:	
   3513428:	calling init: /usr/lib/python3.12/lib-dynload/_hashlib.cpython-312-x86_64-linux-gnu.so
   3513428:	
   3513428:	opening file=/usr/lib/python3.12/lib-dynload/_hashlib.cpython-312-x86_64-linux-gnu.so [0]; direct_opencount=1
   3513428:	
   3513428:	
   3513428:	file=/usr/lib/python3.12/lib-dynload/_ssl.cpython-312-x86_64-linux-gnu.so [0];  dynamically loaded by python3 [0]
   3513428:	file=/usr/lib/python3.12/lib-dynload/_ssl.cpython-312-x86_64-linux-gnu.so [0];  generating link map
   3513428:	  dynamic: 0x00007b2da04f6d30  base: 0x00007b2da04c8000   size: 0x0000000000037850
   3513428:	    entry: 0x00007b2da04c8000  phdr: 0x00007b2da04c8040  phnum:                 11
   3513428:	
   3513428:	
   3513428:	file=libssl.so.3 [0];  needed by /usr/lib/python3.12/lib-dynload/_ssl.cpython-312-x86_64-linux-gnu.so [0]
   3513428:	file=libssl.so.3 [0];  generating link map
   3513428:	  dynamic: 0x00007b2da04c2dd0  base: 0x00007b2da041e000   size: 0x00000000000a9870
   3513428:	    entry: 0x00007b2da041e000  phdr: 0x00007b2da041e040  phnum:                 11
   3513428:	
   3513428:	activating NODELETE for /lib/x86_64-linux-gnu/libssl.so.3 [0]
   3513428:	
   3513428:	calling init: /lib/x86_64-linux-gnu/libssl.so.3
   3513428:	
   3513428:	
   3513428:	calling init: /usr/lib/python3.12/lib-dynload/_ssl.cpython-312-x86_64-linux-gnu.so
   3513428:	
   3513428:	opening file=/usr/lib/python3.12/lib-dynload/_ssl.cpython-312-x86_64-linux-gnu.so [0]; direct_opencount=1
   3513428:	
   3513428:	
   3513428:	file=/usr/lib/python3/dist-packages/apt_pkg.cpython-312-x86_64-linux-gnu.so [0];  dynamically loaded by python3 [0]
   3513428:	file=/usr/lib/python3/dist-packages/apt_pkg.cpython-312-x86_64-linux-gnu.so [0];  generating link map
   3513428:	  dynamic: 0x00007b2da0214160  base: 0x00007b2da01c8000   size: 0x00000000000553b0
   3513428:	    entry: 0x00007b2da01c8000  phdr: 0x00007b2da01c8040  phnum:                 11
   3513428:	
   3513428:	
   3513428:	file=libapt-pkg.so.6.0 [0];  needed by /usr/lib/python3/dist-packages/apt_pkg.cpython-312-x86_64-linux-gnu.so [0]
   3513428:	file=libapt-pkg.so.6.0 [0];  generating link map
   3513428:	  dynamic: 0x00007b2d93ffca90  base: 0x00007b2d93e14000   size: 0x00000000001eb400
   3513428:	    entry: 0x00007b2d93e14000  phdr: 0x00007b2d93e14040  phnum:                 12
   3513428:	
   3513428:	
   3513428:	file=libstdc++.so.6 [0];  needed by /usr/lib/python3/dist-packages/apt_pkg.cpython-312-x86_64-linux-gnu.so [0]
   3513428:	file=libstdc++.so.6 [0];  generating link map
   3513428:	  dynamic: 0x00007b2d93c98cb8  base: 0x00007b2d93a00000   size: 0x00000000002a0440
   3513428:	    entry: 0x00007b2d93a00000  phdr: 0x00007b2d93a00040  phnum:                 12
   3513428:	
   3513428:	
   3513428:	file=libgcc_s.so.1 [0];  needed by /usr/lib/python3/dist-packages/apt_pkg.cpython-312-x86_64-linux-gnu.so [0]
   3513428:	file=libgcc_s.so.1 [0];  generating link map
   3513428:	  dynamic: 0x00007b2da01c6db0  base: 0x00007b2da019a000   size: 0x000000000002d3a8
   3513428:	    entry: 0x00007b2da019a000  phdr: 0x00007b2da019a040  phnum:                 12
   3513428:	
   3513428:	
   3513428:	file=liblz4.so.1 [0];  needed by /lib/x86_64-linux-gnu/libapt-pkg.so.6.0 [0]
   3513428:	file=liblz4.so.1 [0];  generating link map
   3513428:	  dynamic: 0x00007b2da0198df8  base: 0x00007b2da0178000   size: 0x0000000000021060
   3513428:	    entry: 0x00007b2da0178000  phdr: 0x00007b2da0178040  phnum:                 11
   3513428:	
   3513428:	
   3513428:	file=libzstd.so.1 [0];  needed by /lib/x86_64-linux-gnu/libapt-pkg.so.6.0 [0]
   3513428:	file=libzstd.so.1 [0];  generating link map
   3513428:	  dynamic: 0x00007b2da0176cb8  base: 0x00007b2da00be000   size: 0x00000000000b9038
   3513428:	    entry: 0x00007b2da00be000  phdr: 0x00007b2da00be040  phnum:                 11
   3513428:	
   3513428:	
   3513428:	file=libudev.so.1 [0];  needed by /lib/x86_64-linux-gnu/libapt-pkg.so.6.0 [0]
   3513428:	file=libudev.so.1 [0];  generating link map
   3513428:	  dynamic: 0x00007b2da00bc940  base: 0x00007b2da008b000   size: 0x0000000000032938
   3513428:	    entry: 0x00007b2da008b000  phdr: 0x00007b2da008b040  phnum:                 12
   3513428:	
   3513428:	
   3513428:	file=libsystemd.so.0 [0];  needed by /lib/x86_64-linux-gnu/libapt-pkg.so.6.0 [0]
   3513428:	file=libsystemd.so.0 [0];  generating link map
   3513428:	  dynamic: 0x00007b2d93e115a0  base: 0x00007b2d93d34000   size: 0x00000000000df648
   3513428:	    entry: 0x00007b2d93d34000  phdr: 0x00007b2d93d34040  phnum:                 12
   3513428:	
   3513428:	
   3513428:	file=libgcrypt.so.20 [0];  needed by /lib/x86_64-linux-gnu/libapt-pkg.so.6.0 [0]
   3513428:	file=libgcrypt.so.20 [0];  generating link map
   3513428:	  dynamic: 0x00007b2d939faaf0  base: 0x00007b2d938b7000   size: 0x0000000000148370
   3513428:	    entry: 0x00007b2d938b7000  phdr: 0x00007b2d938b7040  phnum:                 11
   3513428:	
   3513428:	
   3513428:	file=libxxhash.so.0 [0];  needed by /lib/x86_64-linux-gnu/libapt-pkg.so.6.0 [0]
   3513428:	file=libxxhash.so.0 [0];  generating link map
   3513428:	  dynamic: 0x00007b2da0089da0  base: 0x00007b2da0078000   size: 0x0000000000012080
   3513428:	    entry: 0x00007b2da0078000  phdr: 0x00007b2da0078040  phnum:                 11
   3513428:	
   3513428:	
   3513428:	file=libcap.so.2 [0];  needed by /lib/x86_64-linux-gnu/libudev.so.1 [0]
   3513428:	file=libcap.so.2 [0];  generating link map
   3513428:	  dynamic: 0x00007b2da1c84b70  base: 0x00007b2da1c79000   size: 0x000000000000c048
   3513428:	    entry: 0x00007b2da1c812d0  phdr: 0x00007b2da1c79040  phnum:                 13
   3513428:	
   3513428:	
   3513428:	file=libgpg-error.so.0 [0];  needed by /lib/x86_64-linux-gnu/libgcrypt.so.20 [0]
   3513428:	file=libgpg-error.so.0 [0];  generating link map
   3513428:	  dynamic: 0x00007b2da0076b10  base: 0x00007b2da0053000   size: 0x00000000000241a8
   3513428:	    entry: 0x00007b2da0053000  phdr: 0x00007b2da0053040  phnum:                 11
   3513428:	
   3513428:	
   3513428:	file=/usr/lib/python3/dist-packages/apt_pkg.cpython-312-x86_64-linux-gnu.so [0];  needed by /lib/x86_64-linux-gnu/libapt-pkg.so.6.0 [0] (relocation dependency)
   3513428:	
   3513428:	activating NODELETE for /lib/x86_64-linux-gnu/libstdc++.so.6 [0]
   3513428:	
   3513428:	calling init: /lib/x86_64-linux-gnu/libgpg-error.so.0
   3513428:	
   3513428:	
   3513428:	calling init: /lib/x86_64-linux-gnu/libcap.so.2
   3513428:	
   3513428:	
   3513428:	calling init: /lib/x86_64-linux-gnu/libxxhash.so.0
   3513428:	
   3513428:	
   3513428:	calling init: /lib/x86_64-linux-gnu/libgcrypt.so.20
   3513428:	
   3513428:	
   3513428:	calling init: /lib/x86_64-linux-gnu/liblz4.so.1
   3513428:	
   3513428:	
   3513428:	calling init: /lib/x86_64-linux-gnu/libzstd.so.1
   3513428:	
   3513428:	
   3513428:	calling init: /lib/x86_64-linux-gnu/libsystemd.so.0
   3513428:	
   3513428:	
   3513428:	calling init: /lib/x86_64-linux-gnu/libudev.so.1
   3513428:	
   3513428:	
   3513428:	calling init: /lib/x86_64-linux-gnu/libgcc_s.so.1
   3513428:	
   3513428:	
   3513428:	calling init: /lib/x86_64-linux-gnu/libstdc++.so.6
   3513428:	
   3513428:	
   3513428:	calling init: /lib/x86_64-linux-gnu/libapt-pkg.so.6.0
   3513428:	
   3513428:	
   3513428:	calling init: /usr/lib/python3/dist-packages/apt_pkg.cpython-312-x86_64-linux-gnu.so
   3513428:	
   3513428:	opening file=/usr/lib/python3/dist-packages/apt_pkg.cpython-312-x86_64-linux-gnu.so [0]; direct_opencount=1
   3513428:	
Traceback (most recent call last):
  File "/home/yunwei37/workspace/gpu/gpu_ext/workloads/xsched/level2/run_tool_pair.py", line 594, in <module>
    raise SystemExit(main())
                     ^^^^^^
  File "/home/yunwei37/workspace/gpu/gpu_ext/workloads/xsched/level2/run_tool_pair.py", line 580, in main
    record = run_cell(config, block, block_type, cell_dir, args.workload,
             ^^^^^^^^^^^^^^^^^^^^^^^^^^^^^^^^^^^^^^^^^^^^^^^^^^^^^^^^^^^^
  File "/home/yunwei37/workspace/gpu/gpu_ext/workloads/xsched/level2/run_tool_pair.py", line 328, in run_cell
    running_events = [worker.wait_event("running") for worker in be_workers]
                      ^^^^^^^^^^^^^^^^^^^^^^^^^^^^
  File "/home/yunwei37/workspace/gpu/gpu_ext/workloads/xsched/level2/run_tool_pair.py", line 193, in wait_event
    raise RuntimeError(
RuntimeError: be1 exited 2 before running:    3513438:	calling fini: /lib/x86_64-linux-gnu/libm.so.6 [0];    3513438:	;    3513438:	;    3513438:	calling fini: /lib/x86_64-linux-gnu/libc.so.6 [0];    3513438:	;    3513438:	;    3513438:	calling fini: /lib64/ld-linux-x86-64.so.2 [0];    3513438:	
   3513428:	
   3513428:	calling fini:  [0]
   3513428:	
   3513428:	
   3513428:	calling fini: /lib/x86_64-linux-gnu/libexpat.so.1 [0]
   3513428:	
   3513428:	
   3513428:	calling fini: /usr/lib/python3.12/lib-dynload/_json.cpython-312-x86_64-linux-gnu.so [0]
   3513428:	
   3513428:	
   3513428:	calling fini: /usr/lib/python3.12/lib-dynload/_queue.cpython-312-x86_64-linux-gnu.so [0]
   3513428:	
   3513428:	
   3513428:	calling fini: /usr/lib/python3.12/lib-dynload/_decimal.cpython-312-x86_64-linux-gnu.so [0]
   3513428:	
   3513428:	
   3513428:	calling fini: /usr/lib/python3.12/lib-dynload/_bz2.cpython-312-x86_64-linux-gnu.so [0]
   3513428:	
   3513428:	
   3513428:	calling fini: /usr/lib/python3.12/lib-dynload/_lzma.cpython-312-x86_64-linux-gnu.so [0]
   3513428:	
   3513428:	
   3513428:	calling fini: /usr/lib/python3.12/lib-dynload/_hashlib.cpython-312-x86_64-linux-gnu.so [0]
   3513428:	
   3513428:	
   3513428:	calling fini: /usr/lib/python3.12/lib-dynload/_ssl.cpython-312-x86_64-linux-gnu.so [0]
   3513428:	
   3513428:	
   3513428:	calling fini: /lib/x86_64-linux-gnu/libssl.so.3 [0]
   3513428:	
   3513428:	
   3513428:	calling fini: /lib/x86_64-linux-gnu/libcrypto.so.3 [0]
   3513428:	
   3513428:	
   3513428:	calling fini: /usr/lib/python3/dist-packages/apt_pkg.cpython-312-x86_64-linux-gnu.so [0]
   3513428:	
   3513428:	
   3513428:	calling fini: /lib/x86_64-linux-gnu/libapt-pkg.so.6.0 [0]
   3513428:	
   3513428:	
   3513428:	calling fini: /lib/x86_64-linux-gnu/libbz2.so.1.0 [0]
   3513428:	
   3513428:	
   3513428:	calling fini: /lib/x86_64-linux-gnu/libz.so.1 [0]
   3513428:	
   3513428:	
   3513428:	calling fini: /lib/x86_64-linux-gnu/libstdc++.so.6 [0]
   3513428:	
   3513428:	
   3513428:	calling fini: /lib/x86_64-linux-gnu/libm.so.6 [0]
   3513428:	
   3513428:	
   3513428:	calling fini: /lib/x86_64-linux-gnu/libgcc_s.so.1 [0]
   3513428:	
   3513428:	
   3513428:	calling fini: /lib/x86_64-linux-gnu/libudev.so.1 [0]
   3513428:	
   3513428:	
   3513428:	calling fini: /lib/x86_64-linux-gnu/libsystemd.so.0 [0]
   3513428:	
   3513428:	
   3513428:	calling fini: /lib/x86_64-linux-gnu/libzstd.so.1 [0]
   3513428:	
   3513428:	
   3513428:	calling fini: /lib/x86_64-linux-gnu/liblzma.so.5 [0]
   3513428:	
   3513428:	
   3513428:	calling fini: /lib/x86_64-linux-gnu/liblz4.so.1 [0]
   3513428:	
   3513428:	
   3513428:	calling fini: /lib/x86_64-linux-gnu/libgcrypt.so.20 [0]
   3513428:	
   3513428:	
   3513428:	calling fini: /lib/x86_64-linux-gnu/libxxhash.so.0 [0]
   3513428:	
   3513428:	
   3513428:	calling fini: /lib/x86_64-linux-gnu/libcap.so.2 [0]
   3513428:	
   3513428:	
   3513428:	calling fini: /lib/x86_64-linux-gnu/libgpg-error.so.0 [0]
   3513428:	
   3513428:	
   3513428:	calling fini: /lib/x86_64-linux-gnu/libc.so.6 [0]
   3513428:	
   3513428:	
   3513428:	calling fini: /lib64/ld-linux-x86-64.so.2 [0]
   3513428:	
