[2026-09-04 09:42:18][info][2703116] bpf_attach_ctx constructed
[2026-09-04 09:42:18][info][2703116] Initializing CUDA shared memory
[2026-09-04 09:42:18][info][2703116] CommSharedMem host 0x71c1d08297d8 mapped to device 0x71c1d08297d8
[2026-09-04 09:42:18][info][2703116] CUDA context created
[2026-09-04 09:42:18][info][2703116] Register attach-impl defined helper bpf_get_func_arg, index 183
[2026-09-04 09:42:18][info][2703116] Register attach-impl defined helper bpf_get_func_ret_id, index 184
[2026-09-04 09:42:18][info][2703116] Register attach-impl defined helper bpf_get_retval, index 186
[2026-09-04 09:42:18][info][2703116] Starting nv_attach_impl
[2026-09-04 09:42:18][info][2703116] Parsing bundled libraries: /home/yunwei37/workspace/gpu/bpftime-table1-575/build-table1-575/attach/nv_attach_impl/pass/ptxpass_kprobe_entry/libptxpass_kprobe_entry.so:/home/yunwei37/workspace/gpu/bpftime-table1-575/build-table1-575/attach/nv_attach_impl/pass/ptxpass_kretprobe/libptxpass_kretprobe.so:/home/yunwei37/workspace/gpu/bpftime-table1-575/build-table1-575/attach/nv_attach_impl/pass/ptxpass_kprobe_memcapture/libptxpass_kprobe_memcapture.so
[2026-09-04 09:42:18][info][2703116] Found path: /home/yunwei37/workspace/gpu/bpftime-table1-575/build-table1-575/attach/nv_attach_impl/pass/ptxpass_kprobe_entry/libptxpass_kprobe_entry.so, executing..
[2026-09-04 09:42:18][info][2703116] Retrived config of /home/yunwei37/workspace/gpu/bpftime-table1-575/build-table1-575/attach/nv_attach_impl/pass/ptxpass_kprobe_entry/libptxpass_kprobe_entry.so
[2026-09-04 09:42:18][info][2703116] Found path: /home/yunwei37/workspace/gpu/bpftime-table1-575/build-table1-575/attach/nv_attach_impl/pass/ptxpass_kretprobe/libptxpass_kretprobe.so, executing..
[2026-09-04 09:42:18][info][2703116] Retrived config of /home/yunwei37/workspace/gpu/bpftime-table1-575/build-table1-575/attach/nv_attach_impl/pass/ptxpass_kretprobe/libptxpass_kretprobe.so
[2026-09-04 09:42:18][info][2703116] Found path: /home/yunwei37/workspace/gpu/bpftime-table1-575/build-table1-575/attach/nv_attach_impl/pass/ptxpass_kprobe_memcapture/libptxpass_kprobe_memcapture.so, executing..
[2026-09-04 09:42:18][info][2703116] Retrived config of /home/yunwei37/workspace/gpu/bpftime-table1-575/build-table1-575/attach/nv_attach_impl/pass/ptxpass_kprobe_memcapture/libptxpass_kprobe_memcapture.so
[2026-09-04 09:42:18][info][2703116] Initializing agent..
[2026-09-04 09:42:18][info][2703116] bpftime: shm epoch_seq = 2
[2026-09-04 09:42:18][info][2703116] Instantiating bpf link 61 and the corresponding program cuda__device_lo is cuda program
[2026-09-04 09:42:18][info][2703116] Skipping nv attach handler 61 since we are not handling nv handles
[2026-09-04 09:42:18][info][2703116] Instantiating bpf link 61 and the corresponding program cuda__device_lo is cuda program
[2026-09-04 09:42:18][info][2703116] Handling link to CUDA program: 61, recording it..
[2026-09-04 09:42:18][info][2703116] Loaded 26 instructions (original) for cuda ebpf program
[2026-09-04 09:42:18][info][2703116] Initializing nv_gpu_shared_array_map_impl at pid 2703116
[2026-09-04 09:42:18][info][2703116] Mapped GPU memory for shared array map: 125068189368320
[2026-09-04 09:42:18][info][2703116] Copying map fd 17 to device, key size=4, value size=8, max ent=32, map_type = 1503, gpu_buffer = 71bfb5000000
[2026-09-04 09:42:18][info][2703116] Initializing nv_gpu_shared_array_host_map_impl at pid 2703116, shared mem addr=71c1d0a29a60
[2026-09-04 09:42:18][info][2703116] Mapped shared memory for GPU access: cpu=71c1d0a29a60, gpu=71c1d0a29a60
[2026-09-04 09:42:18][info][2703116] Copying map fd 18 to device, key size=4, value size=8, max ent=32, map_type = 1513, gpu_buffer = 71c1d0a29a60
[2026-09-04 09:42:18][warning][2703116] Not a GPU map!
[2026-09-04 09:42:18][info][2703116] Copying map fd 19 to device, key size=4, value size=8, max ent=32, map_type = 2, gpu_buffer = 0
[2026-09-04 09:42:18][info][2703116] Initializing nv_gpu_shared_array_map_impl at pid 2703116
[2026-09-04 09:42:18][info][2703116] Mapped GPU memory for shared array map: 125068191465472
[2026-09-04 09:42:18][info][2703116] Copying map fd 20 to device, key size=4, value size=8, max ent=32, map_type = 1503, gpu_buffer = 71bfb5200000
[2026-09-04 09:42:18][info][2703116] Cached shared_mem_ptr at 71c1d08297d8
[2026-09-04 09:42:18][info][2703116] Recorded pass /home/yunwei37/workspace/gpu/bpftime-table1-575/build-table1-575/attach/nv_attach_impl/pass/ptxpass_kprobe_entry/libptxpass_kprobe_entry.so for func fig15_map_kernel
[2026-09-04 09:42:18][info][2703116] nv_attach_impl: cached 301188 host symbols
[2026-09-04 09:42:18][info][2703116] nv_attach_impl: late attach bootstrap scanning fatbins..
[2026-09-04 09:42:19][info][2703116] nv_attach_impl: targeted late bootstrap selected 1 of 19 loaded module(s)
[2026-09-04 09:42:19][info][2703116] Temporary fatbin written to /tmp/bpftime-fatbin-work.lrJfuY/temp.fatbin
[2026-09-04 09:42:19][info][2703116] Extracting PTX in the fatbin...
[2026-09-04 09:42:19][info][2703116] Calling cuobjdump: /usr/local/cuda-12.9/bin/cuobjdump --extract-ptx all /tmp/bpftime-fatbin-work.lrJfuY/temp.fatbin
Extracting PTX file and ptxas options    1: map_bench.sm_120.ptx -arch=sm_120  --generate-line-info 
[2026-09-04 09:42:19][info][2703116] Remove extracted files..
[2026-09-04 09:42:19][info][2703116] Got 1 PTX files
[2026-09-04 09:42:19][info][2703116] Loading & patching current fatbin..
[2026-09-04 09:42:19][info][2703147] Patching PTX: map_bench.sm_120.ptx
[2026-09-04 09:42:19][info][2703147] Patching request c4261abc3e3c030b758a0f15ab648153850daf5afbbc35ad4351402c148da65b not found in cache, patching..
[ptxpass] kprobe_entry_stub: matched=1, in=1760, out=3994
[2026-09-04 09:42:19][info][2703116] Using SM arch from BPFTIME_SM_ARCH: sm_120
[2026-09-04 09:42:19][info][2703116] Compiling PTXs with sm_arch sm_120
[2026-09-04 09:42:19][info][2703116] Compiler version: 12.9
[2026-09-04 09:42:19][info][2703171] Start compiling patched.map_bench.sm_120.ptx, not found in cache
[2026-09-04 09:42:19][info][2703171] Compile of patched.map_bench.sm_120.ptx done
[2026-09-04 09:42:19][info][2703116] Loading module: patched.map_bench.sm_120.ptx, not found in cache
[2026-09-04 09:42:19][info][2703116] Copying trampoline data to device
[2026-09-04 09:42:19][info][2703116] constData symbol device_ptr=71bfb5600000 size=8 shared_mem_ptr=71c1d08297d8
[2026-09-04 09:42:19][info][2703116] map_info symbol device_ptr=71bfb5600008 size=40960
[2026-09-04 09:42:19][info][2703116] Trampoline data copied
[2026-09-04 09:42:19][info][2703116] Loaded module: patched.map_bench.sm_120.ptx
[2026-09-04 09:42:19][info][2703116] nv_attach_impl: ingested fatbin from .nv_fatbin in /home/yunwei37/workspace/gpu/gpu_ext/microbench/fig15-device/.output/map-bench
[2026-09-04 09:42:19][info][2703116] nv_attach_impl: late attach bootstrap ingested 1 fatbin(s)
[2026-09-04 09:42:19][info][2703116] agent ipc: listening (abstract) for pid 2703116
[2026-09-04 09:42:19][info][2703116] Attach successfully
[2026-09-04 09:42:19][info][2703133] Exiting CUDA watcher thread
FIG15_DEVICE	NVIDIA GeForce RTX 5090	12	0	32
FIG15_MEASUREMENT	8	64	0.245151997
FIG15_CORRECT	32	0
