[2026-09-04 07:27:40][info][2453010] Setting BPFTIME_SHM_MEMORY_MB to: 256
[2026-09-04 07:27:40][info][2453010] Setting BPFTIME_MAX_FD_COUNT to: 1024
[2026-09-04 07:27:40][warning][2453010] BPFTIME_VERIFIER_LEVEL=WARNING was requested, but this bpftime build was compiled with ENABLE_EBPF_VERIFIER=OFF; continuing without userspace verification.
[2026-09-04 07:27:40][info][2453010] Verifier mode: WARNING
[2026-09-04 07:27:40][info][2453010] Init bpftime syscall mocking..
[2026-09-04 07:27:40][info][2453010] The log will be written to: console
[2026-09-04 07:27:40][info][2453010] Starting syscall server..
[2026-09-04 07:27:40][info][2453010] Setting BPFTIME_SHM_MEMORY_MB to: 256
[2026-09-04 07:27:40][info][2453010] Setting BPFTIME_MAX_FD_COUNT to: 1024
[2026-09-04 07:27:40][warning][2453010] BPFTIME_VERIFIER_LEVEL=WARNING was requested, but this bpftime build was compiled with ENABLE_EBPF_VERIFIER=OFF; continuing without userspace verification.
[2026-09-04 07:27:40][info][2453010] Verifier mode: WARNING
[2026-09-04 07:27:40][info][2453010] Initialize syscall server
[2026-09-04 07:27:40][info][2453010] Setting BPFTIME_SHM_MEMORY_MB to: 256
[2026-09-04 07:27:40][info][2453010] Setting BPFTIME_MAX_FD_COUNT to: 1024
[2026-09-04 07:27:40][warning][2453010] BPFTIME_VERIFIER_LEVEL=WARNING was requested, but this bpftime build was compiled with ENABLE_EBPF_VERIFIER=OFF; continuing without userspace verification.
[2026-09-04 07:27:40][info][2453010] Verifier mode: WARNING
[2026-09-04 07:27:40][info][2453010] Global shm constructed. shm_open_type 3 for trampoline_scaling_2445511_105805626677103
[2026-09-04 07:27:40][info][2453010] Global shm initialized
[2026-09-04 07:27:40][info][2453010] Initializing CUDA at syscall-server side
[2026-09-04 07:27:40][info][2453010] CUDA initialized at syscall server side
[2026-09-04 07:27:40][info][2453010] bpftime-syscall-server started
[2026-09-04 07:27:40][info][2453010] syscall server: Set enable_mock_after_initialized to false
[2026-09-04 07:27:40][info][2453010] CUDA context for thread 2453010 has been set to 599357c98500
[2026-09-04 07:27:40][info][2453010] Map marker_count (nv_gpu_per_thread_array_map_impl) has space for thread count 1048576
[2026-09-04 07:27:40][info][2453010] Initializing map type of BPF_MAP_TYPE_PERGPUTD_ARRAY_MAP, total_buffer_size=8388608
[2026-09-04 07:27:40][info][2453010] syscall server: Set enable_mock_after_initialized to true
[2026-09-04 07:27:40][info][2453010] Created kprobe/kretprobe perf event handler, func_name trampoline_scale_kernel, addr 0
[2026-09-04 07:27:40][info][2453010] Created kprobe/kretprobe perf event handler, func_name trampoline_marker_kernel, addr 0
{"event":"ready","mode":"noop","programs":2,"gpu_threads":1048576,"target_map":false,"attach_order":["cuda__scale_target","cuda__scale_marker"]}
{"event":"counter_segment","map":"marker_count","key":0,"begin":0,"end":32,"value":1}
{"event":"counter_segment","map":"marker_count","key":0,"begin":32,"end":1048576,"value":0}
{"event":"detached","links":2}
