[2026-09-04 10:24:32][info][2781028] bpf_attach_ctx constructed
[2026-09-04 10:24:32][info][2781028] Initializing CUDA shared memory
[2026-09-04 10:24:32][info][2781028] CommSharedMem host 0x7fa2f46297d8 mapped to device 0x7fa2f46297d8
[2026-09-04 10:24:32][info][2781028] CUDA context created
[2026-09-04 10:24:32][info][2781028] Register attach-impl defined helper bpf_get_func_arg, index 183
[2026-09-04 10:24:32][info][2781028] Register attach-impl defined helper bpf_get_func_ret_id, index 184
[2026-09-04 10:24:32][info][2781028] Register attach-impl defined helper bpf_get_retval, index 186
[2026-09-04 10:24:32][info][2781028] Starting nv_attach_impl
[2026-09-04 10:24:32][info][2781028] Parsing bundled libraries: /home/yunwei37/workspace/gpu/bpftime-table1-575/build-table1-575/attach/nv_attach_impl/pass/ptxpass_kprobe_entry/libptxpass_kprobe_entry.so:/home/yunwei37/workspace/gpu/bpftime-table1-575/build-table1-575/attach/nv_attach_impl/pass/ptxpass_kretprobe/libptxpass_kretprobe.so:/home/yunwei37/workspace/gpu/bpftime-table1-575/build-table1-575/attach/nv_attach_impl/pass/ptxpass_kprobe_memcapture/libptxpass_kprobe_memcapture.so
[2026-09-04 10:24:32][info][2781028] Found path: /home/yunwei37/workspace/gpu/bpftime-table1-575/build-table1-575/attach/nv_attach_impl/pass/ptxpass_kprobe_entry/libptxpass_kprobe_entry.so, executing..
[2026-09-04 10:24:32][info][2781028] Retrived config of /home/yunwei37/workspace/gpu/bpftime-table1-575/build-table1-575/attach/nv_attach_impl/pass/ptxpass_kprobe_entry/libptxpass_kprobe_entry.so
[2026-09-04 10:24:32][info][2781028] Found path: /home/yunwei37/workspace/gpu/bpftime-table1-575/build-table1-575/attach/nv_attach_impl/pass/ptxpass_kretprobe/libptxpass_kretprobe.so, executing..
[2026-09-04 10:24:32][info][2781028] Retrived config of /home/yunwei37/workspace/gpu/bpftime-table1-575/build-table1-575/attach/nv_attach_impl/pass/ptxpass_kretprobe/libptxpass_kretprobe.so
[2026-09-04 10:24:32][info][2781028] Found path: /home/yunwei37/workspace/gpu/bpftime-table1-575/build-table1-575/attach/nv_attach_impl/pass/ptxpass_kprobe_memcapture/libptxpass_kprobe_memcapture.so, executing..
[2026-09-04 10:24:32][info][2781028] Retrived config of /home/yunwei37/workspace/gpu/bpftime-table1-575/build-table1-575/attach/nv_attach_impl/pass/ptxpass_kprobe_memcapture/libptxpass_kprobe_memcapture.so
[2026-09-04 10:24:32][info][2781028] Initializing agent..
[2026-09-04 10:24:32][info][2781028] bpftime: shm epoch_seq = 2
[2026-09-04 10:24:32][info][2781028] Instantiating bpf link 61 and the corresponding program cuda__device_up is cuda program
[2026-09-04 10:24:32][info][2781028] Skipping nv attach handler 61 since we are not handling nv handles
[2026-09-04 10:24:32][info][2781028] Instantiating bpf link 61 and the corresponding program cuda__device_up is cuda program
[2026-09-04 10:24:32][info][2781028] Handling link to CUDA program: 61, recording it..
[2026-09-04 10:24:32][info][2781028] Loaded 20 instructions (original) for cuda ebpf program
[2026-09-04 10:24:32][info][2781028] Initializing nv_gpu_shared_array_map_impl at pid 2781028
[2026-09-04 10:24:32][info][2781028] Mapped GPU memory for shared array map: 140328812150784
[2026-09-04 10:24:32][info][2781028] Copying map fd 17 to device, key size=4, value size=8, max ent=32, map_type = 1503, gpu_buffer = 7fa0d9000000
[2026-09-04 10:24:32][info][2781028] Initializing nv_gpu_shared_array_host_map_impl at pid 2781028, shared mem addr=7fa2f4829a60
[2026-09-04 10:24:32][info][2781028] Mapped shared memory for GPU access: cpu=7fa2f4829a60, gpu=7fa2f4829a60
[2026-09-04 10:24:32][info][2781028] Copying map fd 18 to device, key size=4, value size=8, max ent=32, map_type = 1513, gpu_buffer = 7fa2f4829a60
[2026-09-04 10:24:32][warning][2781028] Not a GPU map!
[2026-09-04 10:24:32][info][2781028] Copying map fd 19 to device, key size=4, value size=8, max ent=32, map_type = 2, gpu_buffer = 0
[2026-09-04 10:24:32][info][2781028] Initializing nv_gpu_shared_array_map_impl at pid 2781028
[2026-09-04 10:24:32][info][2781028] Mapped GPU memory for shared array map: 140328814247936
[2026-09-04 10:24:32][info][2781028] Copying map fd 20 to device, key size=4, value size=8, max ent=32, map_type = 1503, gpu_buffer = 7fa0d9200000
[2026-09-04 10:24:32][info][2781028] Cached shared_mem_ptr at 7fa2f46297d8
[2026-09-04 10:24:32][info][2781028] Recorded pass /home/yunwei37/workspace/gpu/bpftime-table1-575/build-table1-575/attach/nv_attach_impl/pass/ptxpass_kprobe_entry/libptxpass_kprobe_entry.so for func fig15_map_kernel
[2026-09-04 10:24:33][info][2781028] nv_attach_impl: cached 301188 host symbols
[2026-09-04 10:24:33][info][2781028] nv_attach_impl: late attach bootstrap scanning fatbins..
[2026-09-04 10:24:33][info][2781028] nv_attach_impl: targeted late bootstrap selected 1 of 19 loaded module(s)
[2026-09-04 10:24:33][info][2781028] Temporary fatbin written to /tmp/bpftime-fatbin-work.RtxfAc/temp.fatbin
[2026-09-04 10:24:33][info][2781028] Extracting PTX in the fatbin...
[2026-09-04 10:24:33][info][2781028] Calling cuobjdump: /usr/local/cuda-12.9/bin/cuobjdump --extract-ptx all /tmp/bpftime-fatbin-work.RtxfAc/temp.fatbin
Extracting PTX file and ptxas options    1: map_bench.sm_120.ptx -arch=sm_120  --generate-line-info 
[2026-09-04 10:24:33][info][2781028] Remove extracted files..
[2026-09-04 10:24:33][info][2781028] Got 1 PTX files
[2026-09-04 10:24:33][info][2781028] Loading & patching current fatbin..
[2026-09-04 10:24:33][info][2781108] Patching PTX: map_bench.sm_120.ptx
[2026-09-04 10:24:33][info][2781108] Patching request 864b6760c4e7e2e269c5abb48fb7ede4a54c9dd6aaf3dc0351fc5b69e10c89ed not found in cache, patching..
[ptxpass] kprobe_entry_stub: matched=1, in=1760, out=3402
[2026-09-04 10:24:33][info][2781028] Using SM arch from BPFTIME_SM_ARCH: sm_120
[2026-09-04 10:24:33][info][2781028] Compiling PTXs with sm_arch sm_120
[2026-09-04 10:24:33][info][2781028] Compiler version: 12.9
[2026-09-04 10:24:33][info][2781133] Start compiling patched.map_bench.sm_120.ptx, not found in cache
[2026-09-04 10:24:33][info][2781133] Compile of patched.map_bench.sm_120.ptx done
[2026-09-04 10:24:33][info][2781028] Loading module: patched.map_bench.sm_120.ptx, not found in cache
[2026-09-04 10:24:33][info][2781028] Copying trampoline data to device
[2026-09-04 10:24:33][info][2781028] constData symbol device_ptr=7fa0d9600000 size=8 shared_mem_ptr=7fa2f46297d8
[2026-09-04 10:24:33][info][2781028] map_info symbol device_ptr=7fa0d9600008 size=40960
[2026-09-04 10:24:33][info][2781028] Trampoline data copied
[2026-09-04 10:24:33][info][2781028] Loaded module: patched.map_bench.sm_120.ptx
[2026-09-04 10:24:33][info][2781028] nv_attach_impl: ingested fatbin from .nv_fatbin in /home/yunwei37/workspace/gpu/gpu_ext/microbench/fig15-device/.output/map-bench
[2026-09-04 10:24:33][info][2781028] nv_attach_impl: late attach bootstrap ingested 1 fatbin(s)
[2026-09-04 10:24:33][info][2781028] agent ipc: listening (abstract) for pid 2781028
[2026-09-04 10:24:33][info][2781028] Attach successfully
[2026-09-04 10:24:33][info][2781033] Exiting CUDA watcher thread
FIG15_DEVICE	NVIDIA GeForce RTX 5090	12	0	32
FIG15_MEASUREMENT	8	64	0.245920002
FIG15_CORRECT	32	0
