2026-09-09T07:46:13-07:00
{
  "phase": "level2-tool-actuator-pair",
  "scope": "sm_120 Level-2 tool-actuator port bring-up: native-C vs device-BPF decisions on the same trusted NVBit actuator; not an upstream cuXtra reproduction; service-only metrics, no queue or cross-clock metric",
  "initial_run": false,
  "pair_blocks": 1,
  "config_order": [
    "native_port"
  ],
  "streams": 4,
  "lc_processes": 2,
  "be_processes": 4,
  "tasks_per_stream": 50,
  "reps": 9511106,
  "blocks": 340,
  "threads": 256,
  "fixed_delay_ns": 5000000,
  "tool_ctx_slots": 8192,
  "target_symbol": "_ZN49_GLOBAL__N__c4a841cd_20_priority_workload_cu_main12compute_taskEPNS_9TaskStampEPfiiy",
  "clock_offset_ns": 0,
  "metric_scope": "gpu_service_and_host_elapsed",
  "worker_environments": {
    "baseline": {
      "lc": {
        "CUDA_HOME": "/usr/local/cuda-12.9",
        "XG_SERVICE_ONLY": "1"
      },
      "be": {
        "CUDA_HOME": "/usr/local/cuda-12.9",
        "XG_SERVICE_ONLY": "1"
      }
    },
    "native_port": {
      "lc": {
        "CUDA_HOME": "/usr/local/cuda-12.9",
        "XSCHED_SCHEDULER": "GLB",
        "XSCHED_AUTO_XQUEUE": "ON",
        "XSCHED_AUTO_XQUEUE_LEVEL": "2",
        "XSCHED_AUTO_XQUEUE_PRIORITY": "1",
        "XSCHED_AUTO_XQUEUE_THRESHOLD": "16",
        "XSCHED_AUTO_XQUEUE_BATCH_SIZE": "8",
        "XSCHED_CUDA_LV2_PORT_120": "1",
        "XSCHED_LEVEL2_TOOL_ACTUATOR": "1",
        "XG_DECISION": "native",
        "XG_TARGET_SYMBOL": "_ZN49_GLOBAL__N__c4a841cd_20_priority_workload_cu_main12compute_taskEPNS_9TaskStampEPfiiy",
        "LD_PRELOAD": "/home/yunwei37/workspace/gpu/gpu_ext/workloads/xsched/level2-build/.output/xsched_guard_tool.so",
        "LD_LIBRARY_PATH": "/home/yunwei37/workspace/gpu/gpu_ext/workloads/xsched/level2-build/.output/hal-tool-install-20260908/lib",
        "XG_SERVICE_ONLY": "1"
      },
      "be": {
        "CUDA_HOME": "/usr/local/cuda-12.9",
        "XSCHED_SCHEDULER": "GLB",
        "XSCHED_AUTO_XQUEUE": "ON",
        "XSCHED_AUTO_XQUEUE_LEVEL": "2",
        "XSCHED_AUTO_XQUEUE_PRIORITY": "0",
        "XSCHED_AUTO_XQUEUE_THRESHOLD": "4",
        "XSCHED_AUTO_XQUEUE_BATCH_SIZE": "2",
        "XSCHED_CUDA_LV2_PORT_120": "1",
        "XSCHED_LEVEL2_TOOL_ACTUATOR": "1",
        "XG_DECISION": "native",
        "XG_TARGET_SYMBOL": "_ZN49_GLOBAL__N__c4a841cd_20_priority_workload_cu_main12compute_taskEPNS_9TaskStampEPfiiy",
        "LD_PRELOAD": "/home/yunwei37/workspace/gpu/gpu_ext/workloads/xsched/level2-build/.output/xsched_guard_tool.so",
        "LD_LIBRARY_PATH": "/home/yunwei37/workspace/gpu/gpu_ext/workloads/xsched/level2-build/.output/hal-tool-install-20260908/lib",
        "XG_SERVICE_ONLY": "1"
      }
    },
    "bpf_port": {
      "lc": {
        "CUDA_HOME": "/usr/local/cuda-12.9",
        "XSCHED_SCHEDULER": "GLB",
        "XSCHED_AUTO_XQUEUE": "ON",
        "XSCHED_AUTO_XQUEUE_LEVEL": "2",
        "XSCHED_AUTO_XQUEUE_PRIORITY": "1",
        "XSCHED_AUTO_XQUEUE_THRESHOLD": "16",
        "XSCHED_AUTO_XQUEUE_BATCH_SIZE": "8",
        "XSCHED_CUDA_LV2_PORT_120": "1",
        "XSCHED_LEVEL2_TOOL_ACTUATOR": "1",
        "XG_DECISION": "bpf",
        "XG_TARGET_SYMBOL": "_ZN49_GLOBAL__N__c4a841cd_20_priority_workload_cu_main12compute_taskEPNS_9TaskStampEPfiiy",
        "LD_PRELOAD": "/home/yunwei37/workspace/gpu/gpu_ext/workloads/xsched/level2-build/.output/xsched_guard_tool.so",
        "LD_LIBRARY_PATH": "/home/yunwei37/workspace/gpu/gpu_ext/workloads/xsched/level2-build/.output/hal-tool-install-20260908/lib",
        "XG_SERVICE_ONLY": "1"
      },
      "be": {
        "CUDA_HOME": "/usr/local/cuda-12.9",
        "XSCHED_SCHEDULER": "GLB",
        "XSCHED_AUTO_XQUEUE": "ON",
        "XSCHED_AUTO_XQUEUE_LEVEL": "2",
        "XSCHED_AUTO_XQUEUE_PRIORITY": "0",
        "XSCHED_AUTO_XQUEUE_THRESHOLD": "4",
        "XSCHED_AUTO_XQUEUE_BATCH_SIZE": "2",
        "XSCHED_CUDA_LV2_PORT_120": "1",
        "XSCHED_LEVEL2_TOOL_ACTUATOR": "1",
        "XG_DECISION": "bpf",
        "XG_TARGET_SYMBOL": "_ZN49_GLOBAL__N__c4a841cd_20_priority_workload_cu_main12compute_taskEPNS_9TaskStampEPfiiy",
        "LD_PRELOAD": "/home/yunwei37/workspace/gpu/gpu_ext/workloads/xsched/level2-build/.output/xsched_guard_tool.so",
        "LD_LIBRARY_PATH": "/home/yunwei37/workspace/gpu/gpu_ext/workloads/xsched/level2-build/.output/hal-tool-install-20260908/lib",
        "XG_SERVICE_ONLY": "1"
      }
    }
  },
  "paths": {
    "workload": "/home/yunwei37/workspace/gpu/gpu_ext/workloads/xsched/level2-build/.output/blocks-done-20260909.ykPiLQ/priority_workload",
    "xserver_native": "/home/yunwei37/workspace/gpu/gpu_ext/workloads/xsched/deps/xsched/output/bin/xserver",
    "xserver_bpftime": "/home/yunwei37/workspace/gpu/gpu_ext/workloads/xsched/build/xserver-bpftime",
    "bpftime_hpf_code": "/home/yunwei37/workspace/gpu/gpu_ext/workloads/xsched/build/bpftime_hpf.bin",
    "guard_tool": "/home/yunwei37/workspace/gpu/gpu_ext/workloads/xsched/level2-build/.output/xsched_guard_tool.so",
    "hal_lib_dir": "/home/yunwei37/workspace/gpu/gpu_ext/workloads/xsched/level2-build/.output/hal-tool-install-20260908/lib"
  }
}
{"block": 1, "block_type": "paired", "config": "native_port", "metric_scope": "gpu_service_and_host_elapsed", "decision": "native", "target_symbol": "_ZN49_GLOBAL__N__c4a841cd_20_priority_workload_cu_main12compute_taskEPNS_9TaskStampEPfiiy", "workload": "/home/yunwei37/workspace/gpu/gpu_ext/workloads/xsched/level2-build/.output/blocks-done-20260909.ykPiLQ/priority_workload", "streams": 4, "lc_processes": 2, "be_processes": 4, "tasks_per_stream": 50, "reps": 9511106, "blocks": 340, "threads": 256, "be_go_ns": 231035490314169, "all_be_running_ns": 231036363360489, "lc_go_ns": 231036368360688, "be_running_events": [{"event": "running", "role": "be", "process_id": 1, "host_ns": 231036291663714, "stream0_task0_active": true}, {"event": "running", "role": "be", "process_id": 2, "host_ns": 231036363200144, "stream0_task0_active": true}, {"event": "running", "role": "be", "process_id": 3, "host_ns": 231035675343090, "stream0_task0_active": true}, {"event": "running", "role": "be", "process_id": 4, "host_ns": 231035716967804, "stream0_task0_active": true}], "lc_service": {"kernels": 400, "mean_us": 482078.67439999996, "p50_us": 478136.416, "p95_us": 665913.312, "p99_us": 760289.344}, "lc_host_elapsed_ns": 27390314904, "be_service": {"kernels": 800, "mean_us": 1002932.06784, "p50_us": 976557.28, "p95_us": 1294600.16, "p99_us": 1423182.944}, "be_host_elapsed_ns": 80850715712, "be_kernels_per_s": 9.89477944573424, "engagement": {"be1": {"decision": "native", "target_symbol": "_ZN49_GLOBAL__N__c4a841cd_20_priority_workload_cu_main12compute_taskEPNS_9TaskStampEPfiiy", "instrumented_entries": 1, "functions": 1, "launches": 207, "submitted_tasks": 200}, "be2": {"decision": "native", "target_symbol": "_ZN49_GLOBAL__N__c4a841cd_20_priority_workload_cu_main12compute_taskEPNS_9TaskStampEPfiiy", "instrumented_entries": 1, "functions": 1, "launches": 201, "submitted_tasks": 200}, "be3": {"decision": "native", "target_symbol": "_ZN49_GLOBAL__N__c4a841cd_20_priority_workload_cu_main12compute_taskEPNS_9TaskStampEPfiiy", "instrumented_entries": 1, "functions": 1, "launches": 207, "submitted_tasks": 200}, "be4": {"decision": "native", "target_symbol": "_ZN49_GLOBAL__N__c4a841cd_20_priority_workload_cu_main12compute_taskEPNS_9TaskStampEPfiiy", "instrumented_entries": 1, "functions": 1, "launches": 200, "submitted_tasks": 200}, "lc1": {"decision": "native", "target_symbol": "_ZN49_GLOBAL__N__c4a841cd_20_priority_workload_cu_main12compute_taskEPNS_9TaskStampEPfiiy", "instrumented_entries": 1, "functions": 1, "launches": 200, "submitted_tasks": 200}, "lc2": {"decision": "native", "target_symbol": "_ZN49_GLOBAL__N__c4a841cd_20_priority_workload_cu_main12compute_taskEPNS_9TaskStampEPfiiy", "instrumented_entries": 1, "functions": 1, "launches": 200, "submitted_tasks": 200}}, "sample_diagnostics": []}
{
  "metric_scope": "gpu_service_and_host_elapsed",
  "complete_pair_blocks": [
    1
  ],
  "configs": {
    "native_port": {
      "pair_blocks": 1,
      "lc_service_p99_median_us": 760289.344,
      "lc_service_mean_median_us": 482078.67439999996,
      "be_service_p99_median_us": 1423182.944,
      "be_kernels_per_s_median": 9.89477944573424,
      "lc_host_elapsed_median_ns": 27390314904,
      "be_host_elapsed_median_ns": 80850715712
    }
  },
  "paired": {},
  "scope": "sm_120 Level-2 tool-actuator port bring-up: native-C vs device-BPF decisions on the same trusted NVBit actuator; not an upstream cuXtra reproduction; service-only metrics, no queue or cross-clock metric"
}
2026-09-09T07:47:37-07:00
