[2026-09-04 10:24:26][info][2780730] bpf_attach_ctx constructed
[2026-09-04 10:24:26][info][2780730] Initializing CUDA shared memory
[2026-09-04 10:24:26][info][2780730] CommSharedMem host 0x78f3ad0297d8 mapped to device 0x78f3ad0297d8
[2026-09-04 10:24:26][info][2780730] CUDA context created
[2026-09-04 10:24:26][info][2780730] Register attach-impl defined helper bpf_get_func_arg, index 183
[2026-09-04 10:24:26][info][2780730] Register attach-impl defined helper bpf_get_func_ret_id, index 184
[2026-09-04 10:24:26][info][2780730] Register attach-impl defined helper bpf_get_retval, index 186
[2026-09-04 10:24:26][info][2780730] Starting nv_attach_impl
[2026-09-04 10:24:26][info][2780730] Parsing bundled libraries: /home/yunwei37/workspace/gpu/bpftime-table1-575/build-table1-575/attach/nv_attach_impl/pass/ptxpass_kprobe_entry/libptxpass_kprobe_entry.so:/home/yunwei37/workspace/gpu/bpftime-table1-575/build-table1-575/attach/nv_attach_impl/pass/ptxpass_kretprobe/libptxpass_kretprobe.so:/home/yunwei37/workspace/gpu/bpftime-table1-575/build-table1-575/attach/nv_attach_impl/pass/ptxpass_kprobe_memcapture/libptxpass_kprobe_memcapture.so
[2026-09-04 10:24:26][info][2780730] Found path: /home/yunwei37/workspace/gpu/bpftime-table1-575/build-table1-575/attach/nv_attach_impl/pass/ptxpass_kprobe_entry/libptxpass_kprobe_entry.so, executing..
[2026-09-04 10:24:26][info][2780730] Retrived config of /home/yunwei37/workspace/gpu/bpftime-table1-575/build-table1-575/attach/nv_attach_impl/pass/ptxpass_kprobe_entry/libptxpass_kprobe_entry.so
[2026-09-04 10:24:26][info][2780730] Found path: /home/yunwei37/workspace/gpu/bpftime-table1-575/build-table1-575/attach/nv_attach_impl/pass/ptxpass_kretprobe/libptxpass_kretprobe.so, executing..
[2026-09-04 10:24:26][info][2780730] Retrived config of /home/yunwei37/workspace/gpu/bpftime-table1-575/build-table1-575/attach/nv_attach_impl/pass/ptxpass_kretprobe/libptxpass_kretprobe.so
[2026-09-04 10:24:26][info][2780730] Found path: /home/yunwei37/workspace/gpu/bpftime-table1-575/build-table1-575/attach/nv_attach_impl/pass/ptxpass_kprobe_memcapture/libptxpass_kprobe_memcapture.so, executing..
[2026-09-04 10:24:26][info][2780730] Retrived config of /home/yunwei37/workspace/gpu/bpftime-table1-575/build-table1-575/attach/nv_attach_impl/pass/ptxpass_kprobe_memcapture/libptxpass_kprobe_memcapture.so
[2026-09-04 10:24:26][info][2780730] Initializing agent..
[2026-09-04 10:24:26][info][2780730] bpftime: shm epoch_seq = 2
[2026-09-04 10:24:26][info][2780730] Instantiating bpf link 61 and the corresponding program cuda__host_look is cuda program
[2026-09-04 10:24:26][info][2780730] Skipping nv attach handler 61 since we are not handling nv handles
[2026-09-04 10:24:26][info][2780730] Instantiating bpf link 61 and the corresponding program cuda__host_look is cuda program
[2026-09-04 10:24:26][info][2780730] Handling link to CUDA program: 61, recording it..
[2026-09-04 10:24:26][info][2780730] Loaded 26 instructions (original) for cuda ebpf program
[2026-09-04 10:24:26][info][2780730] Initializing nv_gpu_shared_array_map_impl at pid 2780730
[2026-09-04 10:24:26][info][2780730] Mapped GPU memory for shared array map: 132978948702208
[2026-09-04 10:24:26][info][2780730] Copying map fd 17 to device, key size=4, value size=8, max ent=32, map_type = 1503, gpu_buffer = 78f193000000
[2026-09-04 10:24:26][info][2780730] Initializing nv_gpu_shared_array_host_map_impl at pid 2780730, shared mem addr=78f3ad229a60
[2026-09-04 10:24:26][info][2780730] Mapped shared memory for GPU access: cpu=78f3ad229a60, gpu=78f3ad229a60
[2026-09-04 10:24:26][info][2780730] Copying map fd 18 to device, key size=4, value size=8, max ent=32, map_type = 1513, gpu_buffer = 78f3ad229a60
[2026-09-04 10:24:26][warning][2780730] Not a GPU map!
[2026-09-04 10:24:26][info][2780730] Copying map fd 19 to device, key size=4, value size=8, max ent=32, map_type = 2, gpu_buffer = 0
[2026-09-04 10:24:26][info][2780730] Initializing nv_gpu_shared_array_map_impl at pid 2780730
[2026-09-04 10:24:26][info][2780730] Mapped GPU memory for shared array map: 132978950799360
[2026-09-04 10:24:26][info][2780730] Copying map fd 20 to device, key size=4, value size=8, max ent=32, map_type = 1503, gpu_buffer = 78f193200000
[2026-09-04 10:24:26][info][2780730] Cached shared_mem_ptr at 78f3ad0297d8
[2026-09-04 10:24:26][info][2780730] Recorded pass /home/yunwei37/workspace/gpu/bpftime-table1-575/build-table1-575/attach/nv_attach_impl/pass/ptxpass_kprobe_entry/libptxpass_kprobe_entry.so for func fig15_map_kernel
[2026-09-04 10:24:27][info][2780730] nv_attach_impl: cached 301188 host symbols
[2026-09-04 10:24:27][info][2780730] nv_attach_impl: late attach bootstrap scanning fatbins..
[2026-09-04 10:24:27][info][2780730] nv_attach_impl: targeted late bootstrap selected 1 of 19 loaded module(s)
[2026-09-04 10:24:27][info][2780730] Temporary fatbin written to /tmp/bpftime-fatbin-work.jF0Hun/temp.fatbin
[2026-09-04 10:24:27][info][2780730] Extracting PTX in the fatbin...
[2026-09-04 10:24:27][info][2780730] Calling cuobjdump: /usr/local/cuda-12.9/bin/cuobjdump --extract-ptx all /tmp/bpftime-fatbin-work.jF0Hun/temp.fatbin
Extracting PTX file and ptxas options    1: map_bench.sm_120.ptx -arch=sm_120  --generate-line-info 
[2026-09-04 10:24:27][info][2780730] Remove extracted files..
[2026-09-04 10:24:27][info][2780730] Got 1 PTX files
[2026-09-04 10:24:27][info][2780730] Loading & patching current fatbin..
[2026-09-04 10:24:27][info][2780758] Patching PTX: map_bench.sm_120.ptx
[2026-09-04 10:24:27][info][2780758] Patching request 73192a9f238375b7168ca7ac31c1a719ca6b59d5be0b466eddd7522b9f9b9485 not found in cache, patching..
[ptxpass] kprobe_entry_stub: matched=1, in=1760, out=3994
[2026-09-04 10:24:27][info][2780730] Using SM arch from BPFTIME_SM_ARCH: sm_120
[2026-09-04 10:24:27][info][2780730] Compiling PTXs with sm_arch sm_120
[2026-09-04 10:24:27][info][2780730] Compiler version: 12.9
[2026-09-04 10:24:27][info][2780782] Start compiling patched.map_bench.sm_120.ptx, not found in cache
[2026-09-04 10:24:27][info][2780782] Compile of patched.map_bench.sm_120.ptx done
[2026-09-04 10:24:27][info][2780730] Loading module: patched.map_bench.sm_120.ptx, not found in cache
[2026-09-04 10:24:27][info][2780730] Copying trampoline data to device
[2026-09-04 10:24:27][info][2780730] constData symbol device_ptr=78f193600000 size=8 shared_mem_ptr=78f3ad0297d8
[2026-09-04 10:24:27][info][2780730] map_info symbol device_ptr=78f193600008 size=40960
[2026-09-04 10:24:27][info][2780730] Trampoline data copied
[2026-09-04 10:24:27][info][2780730] Loaded module: patched.map_bench.sm_120.ptx
[2026-09-04 10:24:27][info][2780730] nv_attach_impl: ingested fatbin from .nv_fatbin in /home/yunwei37/workspace/gpu/gpu_ext/microbench/fig15-device/.output/map-bench
[2026-09-04 10:24:27][info][2780730] nv_attach_impl: late attach bootstrap ingested 1 fatbin(s)
[2026-09-04 10:24:27][info][2780730] agent ipc: listening (abstract) for pid 2780730
[2026-09-04 10:24:27][info][2780730] Attach successfully
[2026-09-04 10:24:27][info][2780735] Exiting CUDA watcher thread
FIG15_DEVICE	NVIDIA GeForce RTX 5090	12	0	32
FIG15_MEASUREMENT	8	64	0.265760005
FIG15_CORRECT	32	0
