[2026-09-08 03:32:42][info][2617669] bpf_attach_ctx constructed
[2026-09-08 03:32:42][info][2617669] Initializing CUDA shared memory
[2026-09-08 03:32:42][info][2617669] CommSharedMem host 0x78e9094297d8 mapped to device 0x78e9094297d8
[2026-09-08 03:32:42][info][2617669] CUDA context created
[2026-09-08 03:32:42][info][2617669] Register attach-impl defined helper bpf_get_func_arg, index 183
[2026-09-08 03:32:42][info][2617669] Register attach-impl defined helper bpf_get_func_ret_id, index 184
[2026-09-08 03:32:42][info][2617669] Register attach-impl defined helper bpf_get_retval, index 186
[2026-09-08 03:32:42][info][2617669] Starting nv_attach_impl
[2026-09-08 03:32:42][info][2617669] Parsing bundled libraries: /home/yunwei37/workspace/gpu/bpftime-auto-warp/build-auto-warp-575/attach/nv_attach_impl/pass/ptxpass_kprobe_entry/libptxpass_kprobe_entry.so:/home/yunwei37/workspace/gpu/bpftime-auto-warp/build-auto-warp-575/attach/nv_attach_impl/pass/ptxpass_kretprobe/libptxpass_kretprobe.so:/home/yunwei37/workspace/gpu/bpftime-auto-warp/build-auto-warp-575/attach/nv_attach_impl/pass/ptxpass_kprobe_memcapture/libptxpass_kprobe_memcapture.so
[2026-09-08 03:32:42][info][2617669] Found path: /home/yunwei37/workspace/gpu/bpftime-auto-warp/build-auto-warp-575/attach/nv_attach_impl/pass/ptxpass_kprobe_entry/libptxpass_kprobe_entry.so, executing..
[2026-09-08 03:32:42][info][2617669] Retrived config of /home/yunwei37/workspace/gpu/bpftime-auto-warp/build-auto-warp-575/attach/nv_attach_impl/pass/ptxpass_kprobe_entry/libptxpass_kprobe_entry.so
[2026-09-08 03:32:42][info][2617669] Found path: /home/yunwei37/workspace/gpu/bpftime-auto-warp/build-auto-warp-575/attach/nv_attach_impl/pass/ptxpass_kretprobe/libptxpass_kretprobe.so, executing..
[2026-09-08 03:32:42][info][2617669] Retrived config of /home/yunwei37/workspace/gpu/bpftime-auto-warp/build-auto-warp-575/attach/nv_attach_impl/pass/ptxpass_kretprobe/libptxpass_kretprobe.so
[2026-09-08 03:32:42][info][2617669] Found path: /home/yunwei37/workspace/gpu/bpftime-auto-warp/build-auto-warp-575/attach/nv_attach_impl/pass/ptxpass_kprobe_memcapture/libptxpass_kprobe_memcapture.so, executing..
[2026-09-08 03:32:42][info][2617669] Retrived config of /home/yunwei37/workspace/gpu/bpftime-auto-warp/build-auto-warp-575/attach/nv_attach_impl/pass/ptxpass_kprobe_memcapture/libptxpass_kprobe_memcapture.so
[2026-09-08 03:32:42][info][2617669] Initializing agent..
[2026-09-08 03:32:42][info][2617669] bpftime: shm epoch_seq = 2
[2026-09-08 03:32:42][info][2617669] Instantiating bpf link 42 and the corresponding program cuda__shared is cuda program
[2026-09-08 03:32:42][info][2617669] Skipping nv attach handler 42 since we are not handling nv handles
[2026-09-08 03:32:42][info][2617669] Instantiating bpf link 42 and the corresponding program cuda__shared is cuda program
[2026-09-08 03:32:42][info][2617669] Handling link to CUDA program: 42, recording it..
[2026-09-08 03:32:42][info][2617669] Loaded 14 instructions (original) for cuda ebpf program
[2026-09-08 03:32:42][info][2617669] Initializing nv_gpu_shared_array_map_impl at pid 2617669
[2026-09-08 03:32:42][info][2617669] Mapped GPU memory for shared array map: 132933247565824
[2026-09-08 03:32:42][info][2617669] Copying map fd 17 to device, key size=4, value size=8, max ent=64, map_type = 1503, gpu_buffer = 78e6ef000000
[2026-09-08 03:32:42][info][2617669] GPU eBPF verification timing: program=cuda__shared verification_elapsed_ns=1650777
[2026-09-08 03:32:42][info][2617669] GPU eBPF verification accepted: mode=STRICT program=cuda__shared attach=kprobe/fig15_warp_map_kernel instructions=14
[2026-09-08 03:32:42][info][2617669] GPU eBPF verified map: program=cuda__shared fd=17 type=1503 key_size=4 value_size=8 max_entries=64
[2026-09-08 03:32:42][info][2617669] GPU automatic warp execution admitted for cuda__shared: eligible hook sites lower per-thread calls to elected warp-leader execution
[2026-09-08 03:32:42][info][2617669] Cached shared_mem_ptr at 78e9094297d8
[2026-09-08 03:32:42][info][2617669] Recorded pass /home/yunwei37/workspace/gpu/bpftime-auto-warp/build-auto-warp-575/attach/nv_attach_impl/pass/ptxpass_kprobe_entry/libptxpass_kprobe_entry.so for func fig15_warp_map_kernel
[2026-09-08 03:32:42][info][2617669] nv_attach_impl: cached 260775 host symbols
[2026-09-08 03:32:42][info][2617669] nv_attach_impl: late attach bootstrap scanning fatbins..
[2026-09-08 03:32:42][info][2617669] nv_attach_impl: targeted late bootstrap selected 1 of 20 loaded module(s)
[2026-09-08 03:32:42][info][2617669] Temporary fatbin written to /tmp/bpftime-fatbin-work.P8nAy0/temp.fatbin
[2026-09-08 03:32:42][info][2617669] Extracting PTX in the fatbin...
[2026-09-08 03:32:42][info][2617669] Calling cuobjdump: /usr/local/cuda-12.9/bin/cuobjdump --extract-ptx all /tmp/bpftime-fatbin-work.P8nAy0/temp.fatbin
Extracting PTX file and ptxas options    1: warp_map_bench.sm_120.ptx -arch=sm_120  --generate-line-info 
[2026-09-08 03:32:42][info][2617669] Remove extracted files..
[2026-09-08 03:32:42][info][2617669] Got 1 PTX files
[2026-09-08 03:32:42][info][2617669] Loading & patching current fatbin..
[2026-09-08 03:32:42][info][2617710] Patching PTX: warp_map_bench.sm_120.ptx
[2026-09-08 03:32:42][info][2617710] Patching request <internal-cache-key-omitted> not found in cache, patching..
[ptxpass] kprobe_entry_stub: matched=1, in=1851, out=3360
[2026-09-08 03:32:42][info][2617669] Using SM arch from BPFTIME_SM_ARCH: sm_120
[2026-09-08 03:32:42][info][2617669] Compiling PTXs with sm_arch sm_120
[2026-09-08 03:32:42][info][2617669] Compiler version: 12.9
[2026-09-08 03:32:42][info][2617711] Start compiling patched.warp_map_bench.sm_120.ptx, not found in cache
[2026-09-08 03:32:42][info][2617711] Compile of patched.warp_map_bench.sm_120.ptx done
[2026-09-08 03:32:42][info][2617669] Loading module: patched.warp_map_bench.sm_120.ptx, not found in cache
[2026-09-08 03:32:42][info][2617669] Copying trampoline data to device
[2026-09-08 03:32:42][info][2617669] constData symbol device_ptr=78e6ef200000 size=8 shared_mem_ptr=78e9094297d8
[2026-09-08 03:32:42][info][2617669] map_info symbol device_ptr=78e6ef200008 size=40960
[2026-09-08 03:32:42][info][2617669] Trampoline data copied
[2026-09-08 03:32:42][info][2617669] Loaded module: patched.warp_map_bench.sm_120.ptx
[2026-09-08 03:32:42][info][2617669] nv_attach_impl: ingested fatbin from .nv_fatbin in /home/yunwei37/workspace/gpu/gpu_ext/microbench/fig15-device/strict-warp-map-scaling/.output/warp-map-bench
[2026-09-08 03:32:42][info][2617669] nv_attach_impl: late attach bootstrap ingested 1 fatbin(s)
[2026-09-08 03:32:42][info][2617669] agent ipc: listening (abstract) for pid 2617669
[2026-09-08 03:32:42][info][2617669] Attach successfully
[2026-09-08 03:32:42][info][2617675] Exiting CUDA watcher thread
FIG15_DEVICE	NVIDIA GeForce RTX 5090	12	0	32
FIG15_WARP_SHAPE	32	1
FIG15_MEASUREMENT	8	128	0.331808001
FIG15_CORRECT	32	0
