[2026-09-04 09:39:19][info][2695096] Setting BPFTIME_SHM_MEMORY_MB to: 256
[2026-09-04 09:39:19][info][2695096] Setting BPFTIME_MAX_FD_COUNT to: 1024
[2026-09-04 09:39:19][warning][2695096] BPFTIME_VERIFIER_LEVEL=WARNING was requested, but this bpftime build was compiled with ENABLE_EBPF_VERIFIER=OFF; continuing without userspace verification.
[2026-09-04 09:39:19][info][2695096] Verifier mode: WARNING
[2026-09-04 09:39:19][info][2695096] Init bpftime syscall mocking..
[2026-09-04 09:39:19][info][2695096] The log will be written to: console
[2026-09-04 09:39:19][info][2695096] Starting syscall server..
[2026-09-04 09:39:19][info][2695096] Setting BPFTIME_SHM_MEMORY_MB to: 256
[2026-09-04 09:39:19][info][2695096] Setting BPFTIME_MAX_FD_COUNT to: 1024
[2026-09-04 09:39:19][warning][2695096] BPFTIME_VERIFIER_LEVEL=WARNING was requested, but this bpftime build was compiled with ENABLE_EBPF_VERIFIER=OFF; continuing without userspace verification.
[2026-09-04 09:39:19][info][2695096] Verifier mode: WARNING
[2026-09-04 09:39:19][info][2695096] Initialize syscall server
[2026-09-04 09:39:19][info][2695096] Setting BPFTIME_SHM_MEMORY_MB to: 256
[2026-09-04 09:39:19][info][2695096] Setting BPFTIME_MAX_FD_COUNT to: 1024
[2026-09-04 09:39:19][warning][2695096] BPFTIME_VERIFIER_LEVEL=WARNING was requested, but this bpftime build was compiled with ENABLE_EBPF_VERIFIER=OFF; continuing without userspace verification.
[2026-09-04 09:39:19][info][2695096] Verifier mode: WARNING
[2026-09-04 09:39:19][info][2695096] Global shm constructed. shm_open_type 3 for fig15_map_2694595_113705040089614
[2026-09-04 09:39:19][info][2695096] Global shm initialized
[2026-09-04 09:39:19][info][2695096] Initializing CUDA at syscall-server side
[2026-09-04 09:39:19][info][2695096] CUDA initialized at syscall server side
[2026-09-04 09:39:19][info][2695096] bpftime-syscall-server started
[2026-09-04 09:39:19][info][2695096] syscall server: Set enable_mock_after_initialized to false
[2026-09-04 09:39:19][info][2695096] CUDA context for thread 2695096 has been set to 57b3420bd130
[2026-09-04 09:39:19][info][2695096] Map device_values (nv_gpu_shared_array_map_impl) shared array
[2026-09-04 09:39:19][info][2695096] Initializing map type of BPF_MAP_TYPE_GPU_ARRAY_MAP (device), total_buffer_size=256
[2026-09-04 09:39:19][info][2695096] syscall server: Set enable_mock_after_initialized to true
[2026-09-04 09:39:19][info][2695096] Map host_values (nv_gpu_shared_array_host_map_impl) shared array
[2026-09-04 09:39:19][info][2695096] Initializing map type of BPF_MAP_TYPE_GPU_ARRAY_HOST_MAP (shared mem), value_size=8, max_entries=32, total_buffer_size=256
[2026-09-04 09:39:19][info][2695096] Allocated shared memory buffer at 75f8e0a2aa60
[2026-09-04 09:39:19][info][2695096] syscall server: Set enable_mock_after_initialized to false
[2026-09-04 09:39:19][info][2695096] CUDA context for thread 2695096 has been set to 57b342fe7830
[2026-09-04 09:39:19][info][2695096] Map observed_values (nv_gpu_shared_array_map_impl) shared array
[2026-09-04 09:39:19][info][2695096] Initializing map type of BPF_MAP_TYPE_GPU_ARRAY_MAP (device), total_buffer_size=256
[2026-09-04 09:39:19][info][2695096] syscall server: Set enable_mock_after_initialized to true
[2026-09-04 09:39:19][info][2695096] Created kprobe/kretprobe perf event handler, func_name fig15_map_kernel, addr 0
FIG15_READY	noop	1
FIG15_DETACHED	1
[2026-09-04 09:39:21][warning][2695096] Calling original ioctl: 10 34 140730484291344
[2026-09-04 09:39:21][warning][2695096] Calling original ioctl: 9 3222292009 140730484291504
[2026-09-04 09:39:21][warning][2695096] Calling original ioctl: 10 34 140730484291344
[2026-09-04 09:39:21][warning][2695096] Calling original ioctl: 9 3222292009 140730484291504
