[2026-09-08 13:59:33][warning][3534999] Calling original ioctl: 8 3223340586 140722042317456
[2026-09-08 13:59:33][warning][3534999] Calling original ioctl: 8 3223340586 140722042317472
[2026-09-08 13:59:33][warning][3534999] Calling original ioctl: 8 3223340586 140722042317520
[2026-09-08 13:59:33][warning][3534999] Calling original ioctl: 9 25 140722042321840
[2026-09-08 13:59:33][warning][3534999] Calling original ioctl: 8 3224389163 140722042319104
[2026-09-08 13:59:33][warning][3534999] Calling original ioctl: 9 73 140722042318288
[2026-09-08 13:59:33][warning][3534999] Calling original ioctl: 9 33 140722042309056
[2026-09-08 13:59:33][warning][3534999] Calling original ioctl: 8 3224389163 140722042318784
[2026-09-08 13:59:33][warning][3534999] Calling original ioctl: 9 73 140722042317968
[2026-09-08 13:59:33][warning][3534999] Calling original ioctl: 9 33 140722042308736
[2026-09-08 13:59:33][warning][3534999] Calling original ioctl: 8 3224389163 140722042318784
[2026-09-08 13:59:33][warning][3534999] Calling original ioctl: 9 73 140722042317968
[2026-09-08 13:59:33][warning][3534999] Calling original ioctl: 9 33 140722042308736
[2026-09-08 13:59:33][warning][3534999] Calling original ioctl: 8 3224389163 140722042319280
[2026-09-08 13:59:33][warning][3534999] Calling original ioctl: 9 73 140722042318464
[2026-09-08 13:59:33][warning][3534999] Calling original ioctl: 9 33 140722042309232
[2026-09-08 13:59:33][warning][3534999] Calling original ioctl: 8 3224389163 140722042320960
[2026-09-08 13:59:33][warning][3534999] Calling original ioctl: 8 3224389163 140722042320944
[2026-09-08 13:59:33][warning][3534999] Calling original ioctl: 8 3224389163 140722042317184
[2026-09-08 13:59:33][warning][3534999] Calling original ioctl: 8 3223340586 140722042312768
[2026-09-08 13:59:33][warning][3534999] Calling original ioctl: 8 3224913486 140722042317312
[2026-09-08 13:59:33][warning][3534999] Calling original ioctl: 8 3223864926 140722042317264
[2026-09-08 13:59:33][warning][3534999] Calling original ioctl: 9 73 140722042316368
[2026-09-08 13:59:33][warning][3534999] Calling original ioctl: 9 33 140722042307136
[2026-09-08 13:59:33][warning][3534999] Calling original ioctl: 8 3224389163 140722042316720
[2026-09-08 13:59:33][warning][3534999] Calling original ioctl: 8 3223340586 140722042312304
[2026-09-08 13:59:33][warning][3534999] Calling original ioctl: 8 3224913486 140722042316848
[2026-09-08 13:59:33][warning][3534999] Calling original ioctl: 9 73 140722042315904
[2026-09-08 13:59:33][warning][3534999] Calling original ioctl: 9 33 140722042306672
[2026-09-08 13:59:33][warning][3534999] Calling original ioctl: 8 3224389163 140722042317568
[2026-09-08 13:59:33][warning][3534999] Calling original ioctl: 8 3223340586 140722042313152
[2026-09-08 13:59:33][warning][3534999] Calling original ioctl: 8 3224913486 140722042317696
[2026-09-08 13:59:33][warning][3534999] Calling original ioctl: 8 3224389163 140722042319424
[2026-09-08 13:59:33][warning][3534999] Calling original ioctl: 8 3223340586 140722042315456
[2026-09-08 13:59:33][warning][3534999] Calling original ioctl: 8 3224389163 140722042319712
[2026-09-08 13:59:33][warning][3534999] Calling original ioctl: 8 3223340586 140722042315392
[2026-09-08 13:59:33][warning][3534999] Calling original ioctl: 8 3224389163 140722042319712
[2026-09-08 13:59:33][warning][3534999] Calling original ioctl: 8 3223340586 140722042315392
[2026-09-08 13:59:33][warning][3534999] Calling original ioctl: 8 3223340586 140722042315472
[2026-09-08 13:59:33][warning][3534999] Calling original ioctl: 8 3223340586 140722042315472
[2026-09-08 13:59:33][warning][3534999] Calling original ioctl: 8 3224389163 140722042318368
[2026-09-08 13:59:33][warning][3534999] Calling original ioctl: 8 3223340586 140722042313952
[2026-09-08 13:59:33][warning][3534999] Calling original ioctl: 8 3224913486 140722042318496
[2026-09-08 13:59:33][warning][3534999] Calling original ioctl: 9 73 140722042317552
[2026-09-08 13:59:33][warning][3534999] Calling original ioctl: 9 33 140722042308320
[2026-09-08 13:59:33][warning][3534999] Calling original ioctl: 8 3224389163 140722042317568
[2026-09-08 13:59:33][warning][3534999] Calling original ioctl: 8 3223340586 140722042313152
[2026-09-08 13:59:33][warning][3534999] Calling original ioctl: 8 3224913486 140722042317696
[2026-09-08 13:59:33][warning][3534999] Calling original ioctl: 8 3224389163 140722042319424
[2026-09-08 13:59:33][warning][3534999] Calling original ioctl: 8 3223340586 140722042315456
[2026-09-08 13:59:33][warning][3534999] Calling original ioctl: 8 3224389163 140722042319712
[2026-09-08 13:59:33][warning][3534999] Calling original ioctl: 8 3223340586 140722042315392
[2026-09-08 13:59:33][warning][3534999] Calling original ioctl: 8 3223340586 140722042315472
[2026-09-08 13:59:33][warning][3534999] Calling original ioctl: 8 3223340586 140722042315472
[2026-09-08 13:59:33][warning][3534999] Calling original ioctl: 8 3224389163 140722042317568
[2026-09-08 13:59:33][warning][3534999] Calling original ioctl: 8 3223340586 140722042313152
[2026-09-08 13:59:33][warning][3534999] Calling original ioctl: 8 3224913486 140722042317696
[2026-09-08 13:59:33][warning][3534999] Calling original ioctl: 8 3224389163 140722042319424
[2026-09-08 13:59:33][warning][3534999] Calling original ioctl: 8 3223340586 140722042315456
[2026-09-08 13:59:33][warning][3534999] Calling original ioctl: 8 3224389163 140722042319712
[2026-09-08 13:59:33][warning][3534999] Calling original ioctl: 8 3223340586 140722042315392
[2026-09-08 13:59:33][warning][3534999] Calling original ioctl: 8 3224389163 140722042319712
[2026-09-08 13:59:33][warning][3534999] Calling original ioctl: 8 3223340586 140722042315392
[2026-09-08 13:59:33][warning][3534999] Calling original ioctl: 8 3223340586 140722042315472
[2026-09-08 13:59:33][warning][3534999] Calling original ioctl: 8 3223340586 140722042315472
[2026-09-08 13:59:33][warning][3534999] Calling original ioctl: 8 3224389163 140722042317568
[2026-09-08 13:59:33][warning][3534999] Calling original ioctl: 8 3223340586 140722042313152
[2026-09-08 13:59:33][warning][3534999] Calling original ioctl: 8 3224913486 140722042317696
[2026-09-08 13:59:33][warning][3534999] Calling original ioctl: 8 3224389163 140722042319424
[2026-09-08 13:59:33][warning][3534999] Calling original ioctl: 8 3223340586 140722042315456
[2026-09-08 13:59:33][warning][3534999] Calling original ioctl: 8 3224389163 140722042319712
[2026-09-08 13:59:33][warning][3534999] Calling original ioctl: 8 3223340586 140722042315392
[2026-09-08 13:59:33][warning][3534999] Calling original ioctl: 8 3223340586 140722042315472
[2026-09-08 13:59:33][warning][3534999] Calling original ioctl: 8 3223340586 140722042315472
[2026-09-08 13:59:33][warning][3534999] Calling original ioctl: 8 3224389163 140722042317568
[2026-09-08 13:59:33][warning][3534999] Calling original ioctl: 8 3223340586 140722042313152
[2026-09-08 13:59:33][warning][3534999] Calling original ioctl: 8 3224913486 140722042317696
[2026-09-08 13:59:33][warning][3534999] Calling original ioctl: 8 3224389163 140722042319424
[2026-09-08 13:59:33][warning][3534999] Calling original ioctl: 8 3223340586 140722042315456
[2026-09-08 13:59:33][warning][3534999] Calling original ioctl: 8 3224389163 140722042319712
[2026-09-08 13:59:33][warning][3534999] Calling original ioctl: 8 3223340586 140722042315392
[2026-09-08 13:59:33][warning][3534999] Calling original ioctl: 8 3224389163 140722042319712
[2026-09-08 13:59:33][warning][3534999] Calling original ioctl: 8 3223340586 140722042315392
[2026-09-08 13:59:33][warning][3534999] Calling original ioctl: 8 3223340586 140722042315472
[2026-09-08 13:59:33][warning][3534999] Calling original ioctl: 8 3223340586 140722042315472
[2026-09-08 13:59:33][warning][3534999] Calling original ioctl: 8 3224389163 140722042317568
[2026-09-08 13:59:33][warning][3534999] Calling original ioctl: 8 3223340586 140722042313152
[2026-09-08 13:59:33][warning][3534999] Calling original ioctl: 8 3224913486 140722042317696
[2026-09-08 13:59:33][warning][3534999] Calling original ioctl: 8 3224389163 140722042319424
[2026-09-08 13:59:33][warning][3534999] Calling original ioctl: 8 3223340586 140722042315456
[2026-09-08 13:59:33][warning][3534999] Calling original ioctl: 8 3224389163 140722042319712
[2026-09-08 13:59:33][warning][3534999] Calling original ioctl: 8 3223340586 140722042315392
[2026-09-08 13:59:33][warning][3534999] Calling original ioctl: 8 3223340586 140722042315472
[2026-09-08 13:59:33][warning][3534999] Calling original ioctl: 8 3223340586 140722042315472
[2026-09-08 13:59:33][warning][3534999] Calling original ioctl: 8 3224389163 140722042317568
[2026-09-08 13:59:33][warning][3534999] Calling original ioctl: 8 3223340586 140722042313152
[2026-09-08 13:59:33][warning][3534999] Calling original ioctl: 8 3224913486 140722042317696
[2026-09-08 13:59:33][warning][3534999] Calling original ioctl: 8 3224389163 140722042319424
[2026-09-08 13:59:33][warning][3534999] Calling original ioctl: 8 3223340586 140722042315456
[2026-09-08 13:59:33][warning][3534999] Calling original ioctl: 8 3224389163 140722042319712
[2026-09-08 13:59:33][warning][3534999] Calling original ioctl: 8 3223340586 140722042315392
[2026-09-08 13:59:33][warning][3534999] Calling original ioctl: 8 3224389163 140722042319712
[2026-09-08 13:59:33][warning][3534999] Calling original ioctl: 8 3223340586 140722042315392
[2026-09-08 13:59:33][warning][3534999] Calling original ioctl: 8 3223340586 140722042315472
[2026-09-08 13:59:33][warning][3534999] Calling original ioctl: 8 3223340586 140722042315472
[2026-09-08 13:59:33][warning][3534999] Calling original ioctl: 8 3224389163 140722042317568
[2026-09-08 13:59:33][warning][3534999] Calling original ioctl: 8 3223340586 140722042313152
[2026-09-08 13:59:33][warning][3534999] Calling original ioctl: 8 3224913486 140722042317696
[2026-09-08 13:59:33][warning][3534999] Calling original ioctl: 8 3224389163 140722042319424
[2026-09-08 13:59:33][warning][3534999] Calling original ioctl: 8 3223340586 140722042315456
[2026-09-08 13:59:33][warning][3534999] Calling original ioctl: 8 3224389163 140722042319712
[2026-09-08 13:59:33][warning][3534999] Calling original ioctl: 8 3223340586 140722042315392
[2026-09-08 13:59:33][warning][3534999] Calling original ioctl: 8 3223340586 140722042315472
[2026-09-08 13:59:33][warning][3534999] Calling original ioctl: 8 3223340586 140722042315472
[2026-09-08 13:59:33][warning][3534999] Calling original ioctl: 9 27 140722042321392
[2026-09-08 13:59:33][warning][3534999] Calling original ioctl: 9 27 140722042321392
[2026-09-08 13:59:33][warning][3534999] Calling original ioctl: 9 27 140722042321392
[2026-09-08 13:59:33][warning][3534999] Calling original ioctl: 9 27 140722042321392
[2026-09-08 13:59:33][warning][3534999] Calling original ioctl: 9 27 140722042321392
[2026-09-08 13:59:33][warning][3534999] Calling original ioctl: 9 27 140722042321392
[2026-09-08 13:59:33][warning][3534999] Calling original ioctl: 9 27 140722042321392
[2026-09-08 13:59:33][warning][3534999] Calling original ioctl: 9 27 140722042321392
[2026-09-08 13:59:33][warning][3534999] Calling original ioctl: 8 3223340586 140722042317056
[2026-09-08 13:59:33][warning][3534999] Calling original ioctl: 17 3221505737 140722042321152
[2026-09-08 13:59:33][warning][3534999] Calling original ioctl: 17 3222292174 140722042321136
[2026-09-08 13:59:33][warning][3534999] Calling original ioctl: 17 3224389163 140722042321120
[2026-09-08 13:59:33][warning][3534999] Calling original ioctl: 8 3224389163 140722042320960
[2026-09-08 13:59:33][warning][3534999] Calling original ioctl: 8 3224389163 140722042317568
[2026-09-08 13:59:33][warning][3534999] Calling original ioctl: 8 3223340586 140722042313152
[2026-09-08 13:59:33][warning][3534999] Calling original ioctl: 8 3224913486 140722042317696
[2026-09-08 13:59:33][warning][3534999] Calling original ioctl: 8 3224389163 140722042319424
[2026-09-08 13:59:33][warning][3534999] Calling original ioctl: 8 3223340586 140722042315456
[2026-09-08 13:59:33][warning][3534999] Calling original ioctl: 8 3224389163 140722042319712
[2026-09-08 13:59:33][warning][3534999] Calling original ioctl: 8 3223340586 140722042315392
[2026-09-08 13:59:33][warning][3534999] Calling original ioctl: 8 3223340586 140722042315472
[2026-09-08 13:59:33][warning][3534999] Calling original ioctl: 8 3224389163 140722042317568
[2026-09-08 13:59:33][warning][3534999] Calling original ioctl: 8 3223340586 140722042313152
[2026-09-08 13:59:33][warning][3534999] Calling original ioctl: 8 3224913486 140722042317696
[2026-09-08 13:59:33][warning][3534999] Calling original ioctl: 8 3224389163 140722042319424
[2026-09-08 13:59:33][warning][3534999] Calling original ioctl: 8 3223340586 140722042315456
[2026-09-08 13:59:33][warning][3534999] Calling original ioctl: 8 3224389163 140722042319712
[2026-09-08 13:59:33][warning][3534999] Calling original ioctl: 8 3223340586 140722042315392
[2026-09-08 13:59:33][warning][3534999] Calling original ioctl: 8 3223340586 140722042315472
[2026-09-08 13:59:33][warning][3534999] Calling original ioctl: 8 3224389163 140722042317568
[2026-09-08 13:59:33][warning][3534999] Calling original ioctl: 8 3223340586 140722042313152
[2026-09-08 13:59:33][warning][3534999] Calling original ioctl: 8 3224913486 140722042317696
[2026-09-08 13:59:33][warning][3534999] Calling original ioctl: 8 3224389163 140722042319424
[2026-09-08 13:59:33][warning][3534999] Calling original ioctl: 8 3223340586 140722042315456
[2026-09-08 13:59:33][warning][3534999] Calling original ioctl: 8 3224389163 140722042319712
[2026-09-08 13:59:33][warning][3534999] Calling original ioctl: 8 3223340586 140722042315392
[2026-09-08 13:59:33][warning][3534999] Calling original ioctl: 8 3223340586 140722042315472
[2026-09-08 13:59:33][warning][3534999] Calling original ioctl: 8 3224389163 140722042317568
[2026-09-08 13:59:33][warning][3534999] Calling original ioctl: 8 3223340586 140722042313152
[2026-09-08 13:59:33][warning][3534999] Calling original ioctl: 8 3224913486 140722042317696
[2026-09-08 13:59:33][warning][3534999] Calling original ioctl: 8 3224389163 140722042319424
[2026-09-08 13:59:33][warning][3534999] Calling original ioctl: 8 3223340586 140722042315456
[2026-09-08 13:59:33][warning][3534999] Calling original ioctl: 8 3224389163 140722042319712
[2026-09-08 13:59:33][warning][3534999] Calling original ioctl: 8 3223340586 140722042315392
[2026-09-08 13:59:33][warning][3534999] Calling original ioctl: 8 3223340586 140722042315472
[2026-09-08 13:59:33][warning][3534999] Calling original ioctl: 9 27 140722042321392
[2026-09-08 13:59:33][warning][3534999] Calling original ioctl: 9 27 140722042321392
[2026-09-08 13:59:33][warning][3534999] Calling original ioctl: 9 27 140722042321392
[2026-09-08 13:59:33][warning][3534999] Calling original ioctl: 9 27 140722042321392
[2026-09-08 13:59:33][warning][3534999] Calling original ioctl: 8 3223340586 140722042317056
[2026-09-08 13:59:33][warning][3534999] Calling original ioctl: 19 3221505737 140722042321152
[2026-09-08 13:59:33][warning][3534999] Calling original ioctl: 19 3222292174 140722042321136
[2026-09-08 13:59:33][warning][3534999] Calling original ioctl: 19 3224389163 140722042321120
[2026-09-08 13:59:33][warning][3534999] Calling original ioctl: 8 3224389163 140722042320960
[2026-09-08 13:59:33][warning][3534999] Calling original ioctl: 8 3224389163 140722042317568
[2026-09-08 13:59:33][warning][3534999] Calling original ioctl: 8 3223340586 140722042313152
[2026-09-08 13:59:33][warning][3534999] Calling original ioctl: 8 3224913486 140722042317696
[2026-09-08 13:59:33][warning][3534999] Calling original ioctl: 8 3224389163 140722042319424
[2026-09-08 13:59:33][warning][3534999] Calling original ioctl: 8 3223340586 140722042315456
[2026-09-08 13:59:33][warning][3534999] Calling original ioctl: 8 3224389163 140722042319712
[2026-09-08 13:59:33][warning][3534999] Calling original ioctl: 8 3223340586 140722042315392
[2026-09-08 13:59:33][warning][3534999] Calling original ioctl: 8 3223340586 140722042315472
[2026-09-08 13:59:33][warning][3534999] Calling original ioctl: 8 3224389163 140722042317568
[2026-09-08 13:59:33][warning][3534999] Calling original ioctl: 8 3223340586 140722042313152
[2026-09-08 13:59:33][warning][3534999] Calling original ioctl: 8 3224913486 140722042317696
[2026-09-08 13:59:33][warning][3534999] Calling original ioctl: 8 3224389163 140722042319424
[2026-09-08 13:59:33][warning][3534999] Calling original ioctl: 8 3223340586 140722042315456
[2026-09-08 13:59:33][warning][3534999] Calling original ioctl: 8 3224389163 140722042319712
[2026-09-08 13:59:33][warning][3534999] Calling original ioctl: 8 3223340586 140722042315392
[2026-09-08 13:59:33][warning][3534999] Calling original ioctl: 8 3223340586 140722042315472
[2026-09-08 13:59:33][warning][3534999] Calling original ioctl: 8 3224389163 140722042317568
[2026-09-08 13:59:33][warning][3534999] Calling original ioctl: 8 3223340586 140722042313152
[2026-09-08 13:59:33][warning][3534999] Calling original ioctl: 8 3224913486 140722042317696
[2026-09-08 13:59:33][warning][3534999] Calling original ioctl: 8 3224389163 140722042319424
[2026-09-08 13:59:33][warning][3534999] Calling original ioctl: 8 3223340586 140722042315456
[2026-09-08 13:59:33][warning][3534999] Calling original ioctl: 8 3224389163 140722042319712
[2026-09-08 13:59:33][warning][3534999] Calling original ioctl: 8 3223340586 140722042315392
[2026-09-08 13:59:33][warning][3534999] Calling original ioctl: 8 3223340586 140722042315472
[2026-09-08 13:59:33][warning][3534999] Calling original ioctl: 8 3224389163 140722042317568
[2026-09-08 13:59:33][warning][3534999] Calling original ioctl: 8 3223340586 140722042313152
[2026-09-08 13:59:33][warning][3534999] Calling original ioctl: 8 3224913486 140722042317696
[2026-09-08 13:59:33][warning][3534999] Calling original ioctl: 8 3224389163 140722042319424
[2026-09-08 13:59:33][warning][3534999] Calling original ioctl: 8 3223340586 140722042315456
[2026-09-08 13:59:33][warning][3534999] Calling original ioctl: 8 3224389163 140722042319712
[2026-09-08 13:59:33][warning][3534999] Calling original ioctl: 8 3223340586 140722042315392
[2026-09-08 13:59:33][warning][3534999] Calling original ioctl: 8 3223340586 140722042315472
[2026-09-08 13:59:33][warning][3534999] Calling original ioctl: 9 27 140722042321392
[2026-09-08 13:59:33][warning][3534999] Calling original ioctl: 9 27 140722042321392
[2026-09-08 13:59:33][warning][3534999] Calling original ioctl: 9 27 140722042321392
[2026-09-08 13:59:33][warning][3534999] Calling original ioctl: 9 27 140722042321392
[2026-09-08 13:59:33][warning][3534999] Calling original ioctl: 8 3223340586 140722042317056
[2026-09-08 13:59:33][warning][3534999] Calling original ioctl: 21 3221505737 140722042321152
[2026-09-08 13:59:33][warning][3534999] Calling original ioctl: 21 3222292174 140722042321136
[2026-09-08 13:59:33][warning][3534999] Calling original ioctl: 21 3224389163 140722042321120
[2026-09-08 13:59:33][warning][3534999] Calling original ioctl: 8 3224389163 140722042318592
[2026-09-08 13:59:33][warning][3534999] Calling original ioctl: 8 3223340586 140722042314176
[2026-09-08 13:59:33][warning][3534999] Calling original ioctl: 8 3224913486 140722042318720
[2026-09-08 13:59:33][warning][3534999] Calling original ioctl: 9 73 140722042317776
[2026-09-08 13:59:33][warning][3534999] Calling original ioctl: 9 33 140722042308544
[2026-09-08 13:59:33][warning][3534999] Calling original ioctl: 8 3224389163 140722042318896
[2026-09-08 13:59:33][warning][3534999] Calling original ioctl: 9 73 140722042318080
[2026-09-08 13:59:33][warning][3534999] Calling original ioctl: 9 33 140722042308848
[2026-09-08 13:59:33][warning][3534999] Calling original ioctl: 9 68 140722042308240
[2026-09-08 13:59:33][warning][3534999] Calling original ioctl: 9 72 140722042317344
[2026-09-08 13:59:33][warning][3534999] Calling original ioctl: 9 23 140722042321696
[2026-09-08 13:59:33][warning][3534999] Calling original ioctl: 9 23 140722042321696
[2026-09-08 13:59:33][warning][3534999] Calling original ioctl: 9 23 140722042321696
[2026-09-08 13:59:33][warning][3534999] Calling original ioctl: 9 23 140722042321696
[2026-09-08 13:59:33][warning][3534999] Calling original ioctl: 8 3224389163 140722042318896
[2026-09-08 13:59:33][warning][3534999] Calling original ioctl: 9 73 140722042318080
[2026-09-08 13:59:33][warning][3534999] Calling original ioctl: 9 33 140722042308848
[2026-09-08 13:59:33][warning][3534999] Calling original ioctl: 9 23 140722042321696
[2026-09-08 13:59:33][warning][3534999] Calling original ioctl: 9 23 140722042321696
[2026-09-08 13:59:33][warning][3534999] Calling original ioctl: 9 23 140722042321696
[2026-09-08 13:59:33][warning][3534999] Calling original ioctl: 8 3224389163 140722042318320
[2026-09-08 13:59:33][warning][3534999] Calling original ioctl: 8 3223340586 140722042313904
[2026-09-08 13:59:33][warning][3534999] Calling original ioctl: 8 3224913486 140722042318448
[2026-09-08 13:59:33][warning][3534999] Calling original ioctl: 9 73 140722042317504
[2026-09-08 13:59:33][warning][3534999] Calling original ioctl: 9 33 140722042308272
[2026-09-08 13:59:33][warning][3534999] Calling original ioctl: 12 3224913447 140722042318304
[2026-09-08 13:59:33][warning][3534999] Calling original ioctl: 9 73 140722042317504
[2026-09-08 13:59:33][warning][3534999] Calling original ioctl: 9 33 140722042308272
[2026-09-08 13:59:33][warning][3534999] Calling original ioctl: 8 3224389163 140722042319184
[2026-09-08 13:59:33][warning][3534999] Calling original ioctl: 9 73 140722042318368
[2026-09-08 13:59:33][warning][3534999] Calling original ioctl: 9 33 140722042309136
[2026-09-08 13:59:33][warning][3534999] Calling original ioctl: 12 3224913447 140722042318560
[2026-09-08 13:59:33][warning][3534999] Calling original ioctl: 9 73 140722042317760
[2026-09-08 13:59:33][warning][3534999] Calling original ioctl: 9 33 140722042308528
[2026-09-08 13:59:33][warning][3534999] Calling original ioctl: 8 3224389163 140722042318576
[2026-09-08 13:59:33][warning][3534999] Calling original ioctl: 9 73 140722042317760
[2026-09-08 13:59:33][warning][3534999] Calling original ioctl: 9 33 140722042308528
[2026-09-08 13:59:33][warning][3534999] Calling original ioctl: 9 65 140722042318848
[2026-09-08 13:59:33][warning][3534999] Calling original ioctl: 12 3224913447 140722042319664
[2026-09-08 13:59:33][warning][3534999] Calling original ioctl: 9 73 140722042318864
[2026-09-08 13:59:33][warning][3534999] Calling original ioctl: 9 33 140722042309632
[2026-09-08 13:59:33][warning][3534999] Calling original ioctl: 8 3224389163 140722042319680
[2026-09-08 13:59:33][warning][3534999] Calling original ioctl: 9 73 140722042318864
[2026-09-08 13:59:33][warning][3534999] Calling original ioctl: 9 33 140722042309632
[2026-09-08 13:59:33][warning][3534999] Calling original ioctl: 8 3224389163 140722042319248
[2026-09-08 13:59:33][warning][3534999] Calling original ioctl: 8 3223340586 140722042314832
[2026-09-08 13:59:33][warning][3534999] Calling original ioctl: 8 3224913486 140722042319376
[2026-09-08 13:59:33][warning][3534999] Calling original ioctl: 9 73 140722042318432
[2026-09-08 13:59:33][warning][3534999] Calling original ioctl: 9 33 140722042309200
[2026-09-08 13:59:33][warning][3534999] Calling original ioctl: 8 3224389163 140722042316960
[2026-09-08 13:59:33][warning][3534999] Calling original ioctl: 9 73 140722042316144
[2026-09-08 13:59:33][warning][3534999] Calling original ioctl: 9 33 140722042306912
[2026-09-08 13:59:33][warning][3534999] Calling original ioctl: 8 3224389163 140722042316880
[2026-09-08 13:59:33][warning][3534999] Calling original ioctl: 9 73 140722042316064
[2026-09-08 13:59:33][warning][3534999] Calling original ioctl: 9 33 140722042306832
[2026-09-08 13:59:33][warning][3534999] Calling original ioctl: 8 3224389163 140722042316880
[2026-09-08 13:59:33][warning][3534999] Calling original ioctl: 9 73 140722042316064
[2026-09-08 13:59:33][warning][3534999] Calling original ioctl: 9 33 140722042306832
[2026-09-08 13:59:33][warning][3534999] Calling original ioctl: 12 3224913447 140722042319216
[2026-09-08 13:59:33][warning][3534999] Calling original ioctl: 9 73 140722042318416
[2026-09-08 13:59:33][warning][3534999] Calling original ioctl: 9 33 140722042309184
[2026-09-08 13:59:33][warning][3534999] Calling original ioctl: 8 3224389163 140722042321824
[2026-09-08 13:59:33][warning][3534999] Calling original ioctl: 8 3224389163 140722042318720
[2026-09-08 13:59:33][warning][3534999] Calling original ioctl: 8 3223340586 140722042314304
[2026-09-08 13:59:33][warning][3534999] Calling original ioctl: 8 3224913486 140722042318848
[2026-09-08 13:59:33][warning][3534999] Calling original ioctl: 9 73 140722042317904
[2026-09-08 13:59:33][warning][3534999] Calling original ioctl: 9 33 140722042308672
[2026-09-08 13:59:33][warning][3534999] Calling original ioctl: 8 3224389163 140722042319040
[2026-09-08 13:59:33][warning][3534999] Calling original ioctl: 9 73 140722042318224
[2026-09-08 13:59:33][warning][3534999] Calling original ioctl: 9 33 140722042308992
[2026-09-08 13:59:33][warning][3534999] Calling original ioctl: 8 3224389163 140722042319040
[2026-09-08 13:59:33][warning][3534999] Calling original ioctl: 9 73 140722042318224
[2026-09-08 13:59:33][warning][3534999] Calling original ioctl: 9 33 140722042308992
[2026-09-08 13:59:33][warning][3534999] Calling original ioctl: 24 3221505737 140722042321488
[2026-09-08 13:59:33][warning][3534999] Calling original ioctl: 24 3222292174 140722042321472
[2026-09-08 13:59:33][warning][3534999] Calling original ioctl: 24 3224389163 140722042321456
[2026-09-08 13:59:33][warning][3534999] Calling original ioctl: 26 3221505737 140722042321488
[2026-09-08 13:59:33][warning][3534999] Calling original ioctl: 26 3222292174 140722042321472
[2026-09-08 13:59:33][warning][3534999] Calling original ioctl: 26 3224389163 140722042321456
[2026-09-08 13:59:33][warning][3534999] Calling original ioctl: 28 3221505737 140722042321488
[2026-09-08 13:59:33][warning][3534999] Calling original ioctl: 28 3222292174 140722042321472
[2026-09-08 13:59:33][warning][3534999] Calling original ioctl: 28 3224389163 140722042321456
[2026-09-08 13:59:33][warning][3534999] Calling original ioctl: 30 3221505737 140722042321488
[2026-09-08 13:59:33][warning][3534999] Calling original ioctl: 30 3222292174 140722042321472
[2026-09-08 13:59:33][warning][3534999] Calling original ioctl: 30 3224389163 140722042321456
[2026-09-08 13:59:33][warning][3534999] Calling original ioctl: 8 3223340586 140722042317200
[2026-09-08 13:59:33][warning][3534999] Calling original ioctl: 8 3223340586 140722042317376
[2026-09-08 13:59:33][warning][3534999] Calling original ioctl: 8 3223340586 140722042317536
[2026-09-08 13:59:33][warning][3534999] Calling original ioctl: 8 3224389163 140722042319008
[2026-09-08 13:59:33][warning][3534999] Calling original ioctl: 9 73 140722042318192
[2026-09-08 13:59:33][warning][3534999] Calling original ioctl: 9 33 140722042308960
[2026-09-08 13:59:33][warning][3534999] Calling original ioctl: 8 3223340586 140722042317536
libbpf: loading object 'full_record_device_buffer_bpf' from buffer
libbpf: elf: section(3) kretprobe/_Z9rope_normILb1ELb0Ef6__halfEvPKT1_PT2_iiiiiPKifff14rope_corr_dimsfPKfPKli, size 1168, link 0, flags 6, type=1
libbpf: sec 'kretprobe/_Z9rope_normILb1ELb0Ef6__halfEvPKT1_PT2_iiiiiPKifff14rope_corr_dimsfPKfPKli': found program 'cuda__retprobe' at insn offset 0 (0 bytes), code size 146 insns (1168 bytes)
libbpf: elf: section(4) .relkretprobe/_Z9rope_normILb1ELb0Ef6__halfEvPKT1_PT2_iiiiiPKifff14rope_corr_dimsfPKfPKli, size 32, link 26, flags 40, type=9
libbpf: elf: section(5) .maps, size 32, link 0, flags 3, type=1
libbpf: elf: section(6) license, size 4, link 0, flags 3, type=1
libbpf: license of full_record_device_buffer_bpf is GPL
libbpf: elf: section(16) .BTF, size 2472, link 0, flags 0, type=1
libbpf: elf: section(18) .BTF.ext, size 960, link 0, flags 0, type=1
libbpf: elf: section(26) .symtab, size 432, link 1, flags 0, type=2
libbpf: looking for externs among 18 symbols...
libbpf: collected 0 externs total
libbpf: map 'arena': at sec_idx 5, offset 0.
libbpf: map 'arena': found type = 1503.
libbpf: map 'arena': found key [8], sz = 4.
libbpf: map 'arena': found value [12], sz = 268959760.
libbpf: map 'arena': found max_entries = 8.
libbpf: sec '.relkretprobe/_Z9rope_normILb1ELb0Ef6__halfEvPKT1_PT2_iiiiiPKifff14rope_corr_dimsfPKfPKli': collecting relocation for section(3) 'kretprobe/_Z9rope_normILb1ELb0Ef6__halfEvPKT1_PT2_iiiiiPKifff14rope_corr_dimsfPKfPKli'
libbpf: sec '.relkretprobe/_Z9rope_normILb1ELb0Ef6__halfEvPKT1_PT2_iiiiiPKifff14rope_corr_dimsfPKfPKli': relo #0: insn #71 against 'arena'
libbpf: prog 'cuda__retprobe': found map 0 (arena, sec 5, off 0) for insn #71
libbpf: sec '.relkretprobe/_Z9rope_normILb1ELb0Ef6__halfEvPKT1_PT2_iiiiiPKifff14rope_corr_dimsfPKfPKli': relo #1: insn #85 against 'arena'
libbpf: prog 'cuda__retprobe': found map 0 (arena, sec 5, off 0) for insn #85
libbpf: object 'full_record_dev': failed (-EACCES) to open BPF FS mount at '/sys/fs/bpf', skipping optional step...
libbpf: Kernel doesn't support BTF, skipping uploading it.
libbpf: map 'arena': created successfully, fd=34
Full-record bank count: 8
Full-record slots per bank: 65536
Full-record total slots: 524288
Full-record records per slot: 256
Full-record record bytes: 80
Full-record value bytes (per bank): 268959760
Full-record probe attached; waiting for SIGINT
[2026-09-08 13:59:49][warning][3535091] Calling original ioctl: 8 3223340586 123545821476464
[2026-09-08 14:00:34][warning][3534999] Calling original ioctl: 8 3223340586 140722042312368
Full-record drain bytes: 2151678080
Full-record drain time ns: 339952067
Full-record committed records: 0
Full-record active slots: 0
Full-record overflow records: 0
Full-record out-of-range threads: 0
Full-record nonzero timestamps: 0
[2026-09-08 14:00:35][warning][3534999] Calling original ioctl: 9 34 140722042322320
[2026-09-08 14:00:35][warning][3534999] Calling original ioctl: 8 3222292009 140722042322480
[2026-09-08 14:00:35][warning][3534999] Calling original ioctl: 9 34 140722042323136
[2026-09-08 14:00:35][warning][3534999] Calling original ioctl: 8 3222292009 140722042323296
[2026-09-08 14:00:35][warning][3534999] Calling original ioctl: 9 34 140722042323136
[2026-09-08 14:00:35][warning][3534999] Calling original ioctl: 8 3222292009 140722042323296
[2026-09-08 14:00:35][warning][3534999] Calling original ioctl: 8 3222292009 140722042324016
[2026-09-08 14:00:35][warning][3534999] Calling original ioctl: 26 3222292175 140722042324032
[2026-09-08 14:00:35][warning][3534999] Calling original ioctl: 8 3222292009 140722042324016
[2026-09-08 14:00:35][warning][3534999] Calling original ioctl: 28 3222292175 140722042324032
[2026-09-08 14:00:35][warning][3534999] Calling original ioctl: 8 3222292009 140722042324016
[2026-09-08 14:00:35][warning][3534999] Calling original ioctl: 24 3222292175 140722042324032
[2026-09-08 14:00:35][warning][3534999] Calling original ioctl: 8 3222292009 140722042324016
[2026-09-08 14:00:35][warning][3534999] Calling original ioctl: 30 3222292175 140722042324032
[2026-09-08 14:00:35][warning][3534999] Calling original ioctl: 9 34 140722042323040
[2026-09-08 14:00:35][warning][3534999] Calling original ioctl: 8 3222292009 140722042323200
[2026-09-08 14:00:35][warning][3534999] Calling original ioctl: 9 34 140722042323040
[2026-09-08 14:00:35][warning][3534999] Calling original ioctl: 8 3222292009 140722042323200
[2026-09-08 14:00:35][warning][3534999] Calling original ioctl: 9 34 140722042323168
[2026-09-08 14:00:35][warning][3534999] Calling original ioctl: 8 3223340623 140722042323376
[2026-09-08 14:00:35][warning][3534999] Calling original ioctl: 8 3222292009 140722042323328
[2026-09-08 14:00:35][warning][3534999] Calling original ioctl: 8 3222292009 140722042324096
[2026-09-08 14:00:35][warning][3534999] Calling original ioctl: 9 34 140722042323152
[2026-09-08 14:00:35][warning][3534999] Calling original ioctl: 8 3222292009 140722042323312
[2026-09-08 14:00:35][warning][3534999] Calling original ioctl: 9 34 140722042323152
[2026-09-08 14:00:35][warning][3534999] Calling original ioctl: 8 3223340623 140722042323360
[2026-09-08 14:00:35][warning][3534999] Calling original ioctl: 8 3222292009 140722042323312
[2026-09-08 14:00:35][warning][3534999] Calling original ioctl: 8 3223340586 140722042319024
[2026-09-08 14:00:35][warning][3534999] Calling original ioctl: 9 34 140722042322976
[2026-09-08 14:00:35][warning][3534999] Calling original ioctl: 8 3222292009 140722042323136
[2026-09-08 14:00:35][warning][3534999] Calling original ioctl: 8 3223340586 140722042319024
[2026-09-08 14:00:35][warning][3534999] Calling original ioctl: 9 34 140722042322976
[2026-09-08 14:00:35][warning][3534999] Calling original ioctl: 8 3222292009 140722042323136
[2026-09-08 14:00:35][warning][3534999] Calling original ioctl: 8 3223340586 140722042319024
[2026-09-08 14:00:35][warning][3534999] Calling original ioctl: 9 34 140722042322976
[2026-09-08 14:00:35][warning][3534999] Calling original ioctl: 8 3222292009 140722042323136
[2026-09-08 14:00:35][warning][3534999] Calling original ioctl: 8 3223340586 140722042319920
[2026-09-08 14:00:35][warning][3534999] Calling original ioctl: 9 34 140722042323200
[2026-09-08 14:00:35][warning][3534999] Calling original ioctl: 9 34 140722042323200
[2026-09-08 14:00:35][warning][3534999] Calling original ioctl: 8 3222292009 140722042323360
[2026-09-08 14:00:35][warning][3534999] Calling original ioctl: 9 34 140722042323200
[2026-09-08 14:00:35][warning][3534999] Calling original ioctl: 8 3222292009 140722042323360
[2026-09-08 14:00:35][warning][3534999] Calling original ioctl: 9 34 140722042323152
[2026-09-08 14:00:35][warning][3534999] Calling original ioctl: 8 3223340623 140722042323360
[2026-09-08 14:00:35][warning][3534999] Calling original ioctl: 8 3222292009 140722042323312
[2026-09-08 14:00:35][warning][3534999] Calling original ioctl: 9 24 140722042324192
[2026-09-08 14:00:35][warning][3534999] Calling original ioctl: 9 24 140722042324192
[2026-09-08 14:00:35][warning][3534999] Calling original ioctl: 9 24 140722042324224
[2026-09-08 14:00:35][warning][3534999] Calling original ioctl: 9 24 140722042324192
[2026-09-08 14:00:35][warning][3534999] Calling original ioctl: 9 24 140722042324192
[2026-09-08 14:00:35][warning][3534999] Calling original ioctl: 9 24 140722042324192
[2026-09-08 14:00:35][warning][3534999] Calling original ioctl: 9 24 140722042324192
[2026-09-08 14:00:35][warning][3534999] Calling original ioctl: 9 34 140722042323088
[2026-09-08 14:00:35][warning][3534999] Calling original ioctl: 8 3222292009 140722042323248
[2026-09-08 14:00:35][warning][3534999] Calling original ioctl: 9 34 140722042323088
[2026-09-08 14:00:35][warning][3534999] Calling original ioctl: 8 3222292009 140722042323248
[2026-09-08 14:00:35][warning][3534999] Calling original ioctl: 9 34 140722042323200
[2026-09-08 14:00:35][warning][3534999] Calling original ioctl: 8 3222292009 140722042323360
[2026-09-08 14:00:35][warning][3534999] Calling original ioctl: 8 3222292009 140722042323936
[2026-09-08 14:00:35][warning][3534999] Calling original ioctl: 17 3222292175 140722042323952
[2026-09-08 14:00:35][warning][3534999] Calling original ioctl: 9 28 140722042324064
[2026-09-08 14:00:35][warning][3534999] Calling original ioctl: 9 28 140722042324064
[2026-09-08 14:00:35][warning][3534999] Calling original ioctl: 9 28 140722042324064
[2026-09-08 14:00:35][warning][3534999] Calling original ioctl: 9 28 140722042324064
[2026-09-08 14:00:35][warning][3534999] Calling original ioctl: 9 28 140722042324064
[2026-09-08 14:00:35][warning][3534999] Calling original ioctl: 9 28 140722042324064
[2026-09-08 14:00:35][warning][3534999] Calling original ioctl: 9 28 140722042324064
[2026-09-08 14:00:35][warning][3534999] Calling original ioctl: 9 28 140722042324064
[2026-09-08 14:00:35][warning][3534999] Calling original ioctl: 8 3222292009 140722042323824
[2026-09-08 14:00:35][warning][3534999] Calling original ioctl: 8 3222292009 140722042323824
[2026-09-08 14:00:35][warning][3534999] Calling original ioctl: 8 3222292009 140722042323872
[2026-09-08 14:00:35][warning][3534999] Calling original ioctl: 8 3223340623 140722042323136
[2026-09-08 14:00:35][warning][3534999] Calling original ioctl: 8 3222292009 140722042323088
[2026-09-08 14:00:35][warning][3534999] Calling original ioctl: 8 3222292009 140722042323824
[2026-09-08 14:00:35][warning][3534999] Calling original ioctl: 8 3222292009 140722042323872
[2026-09-08 14:00:35][warning][3534999] Calling original ioctl: 8 3223340623 140722042323136
[2026-09-08 14:00:35][warning][3534999] Calling original ioctl: 8 3222292009 140722042323088
[2026-09-08 14:00:35][warning][3534999] Calling original ioctl: 8 3222292009 140722042323824
[2026-09-08 14:00:35][warning][3534999] Calling original ioctl: 8 3222292009 140722042323824
[2026-09-08 14:00:35][warning][3534999] Calling original ioctl: 8 3222292009 140722042323872
[2026-09-08 14:00:35][warning][3534999] Calling original ioctl: 8 3223340623 140722042323136
[2026-09-08 14:00:35][warning][3534999] Calling original ioctl: 8 3222292009 140722042323088
[2026-09-08 14:00:35][warning][3534999] Calling original ioctl: 8 3222292009 140722042323824
[2026-09-08 14:00:35][warning][3534999] Calling original ioctl: 8 3222292009 140722042323872
[2026-09-08 14:00:35][warning][3534999] Calling original ioctl: 8 3223340623 140722042323136
[2026-09-08 14:00:35][warning][3534999] Calling original ioctl: 8 3222292009 140722042323088
[2026-09-08 14:00:35][warning][3534999] Calling original ioctl: 8 3222292009 140722042323824
[2026-09-08 14:00:35][warning][3534999] Calling original ioctl: 8 3222292009 140722042323824
[2026-09-08 14:00:35][warning][3534999] Calling original ioctl: 8 3222292009 140722042323872
[2026-09-08 14:00:35][warning][3534999] Calling original ioctl: 8 3223340623 140722042323136
[2026-09-08 14:00:35][warning][3534999] Calling original ioctl: 8 3222292009 140722042323088
[2026-09-08 14:00:35][warning][3534999] Calling original ioctl: 8 3222292009 140722042323824
[2026-09-08 14:00:35][warning][3534999] Calling original ioctl: 8 3222292009 140722042323872
[2026-09-08 14:00:35][warning][3534999] Calling original ioctl: 8 3223340623 140722042323136
[2026-09-08 14:00:35][warning][3534999] Calling original ioctl: 8 3222292009 140722042323088
[2026-09-08 14:00:35][warning][3534999] Calling original ioctl: 8 3222292009 140722042323824
[2026-09-08 14:00:35][warning][3534999] Calling original ioctl: 8 3222292009 140722042323824
[2026-09-08 14:00:35][warning][3534999] Calling original ioctl: 8 3222292009 140722042323872
[2026-09-08 14:00:35][warning][3534999] Calling original ioctl: 8 3223340623 140722042323136
[2026-09-08 14:00:35][warning][3534999] Calling original ioctl: 8 3222292009 140722042323088
[2026-09-08 14:00:35][warning][3534999] Calling original ioctl: 8 3222292009 140722042323824
[2026-09-08 14:00:35][warning][3534999] Calling original ioctl: 8 3222292009 140722042323872
[2026-09-08 14:00:35][warning][3534999] Calling original ioctl: 8 3223340623 140722042323136
[2026-09-08 14:00:35][warning][3534999] Calling original ioctl: 8 3222292009 140722042323088
[2026-09-08 14:00:35][warning][3534999] Calling original ioctl: 8 3222292009 140722042324000
[2026-09-08 14:00:35][warning][3534999] Calling original ioctl: 8 3222292009 140722042323968
[2026-09-08 14:00:35][warning][3534999] Calling original ioctl: 8 3222292009 140722042323936
[2026-09-08 14:00:35][warning][3534999] Calling original ioctl: 19 3222292175 140722042323952
[2026-09-08 14:00:35][warning][3534999] Calling original ioctl: 9 28 140722042324064
[2026-09-08 14:00:35][warning][3534999] Calling original ioctl: 9 28 140722042324064
[2026-09-08 14:00:35][warning][3534999] Calling original ioctl: 9 28 140722042324064
[2026-09-08 14:00:35][warning][3534999] Calling original ioctl: 9 28 140722042324064
[2026-09-08 14:00:35][warning][3534999] Calling original ioctl: 8 3222292009 140722042323824
[2026-09-08 14:00:35][warning][3534999] Calling original ioctl: 8 3222292009 140722042323872
[2026-09-08 14:00:35][warning][3534999] Calling original ioctl: 8 3223340623 140722042323136
[2026-09-08 14:00:35][warning][3534999] Calling original ioctl: 8 3222292009 140722042323088
[2026-09-08 14:00:35][warning][3534999] Calling original ioctl: 8 3222292009 140722042323824
[2026-09-08 14:00:35][warning][3534999] Calling original ioctl: 8 3222292009 140722042323872
[2026-09-08 14:00:35][warning][3534999] Calling original ioctl: 8 3223340623 140722042323136
[2026-09-08 14:00:35][warning][3534999] Calling original ioctl: 8 3222292009 140722042323088
[2026-09-08 14:00:35][warning][3534999] Calling original ioctl: 8 3222292009 140722042323824
[2026-09-08 14:00:35][warning][3534999] Calling original ioctl: 8 3222292009 140722042323872
[2026-09-08 14:00:35][warning][3534999] Calling original ioctl: 8 3223340623 140722042323136
[2026-09-08 14:00:35][warning][3534999] Calling original ioctl: 8 3222292009 140722042323088
[2026-09-08 14:00:35][warning][3534999] Calling original ioctl: 8 3222292009 140722042323824
[2026-09-08 14:00:35][warning][3534999] Calling original ioctl: 8 3222292009 140722042323872
[2026-09-08 14:00:35][warning][3534999] Calling original ioctl: 8 3223340623 140722042323136
[2026-09-08 14:00:35][warning][3534999] Calling original ioctl: 8 3222292009 140722042323088
[2026-09-08 14:00:35][warning][3534999] Calling original ioctl: 8 3222292009 140722042323968
[2026-09-08 14:00:35][warning][3534999] Calling original ioctl: 8 3222292009 140722042323936
[2026-09-08 14:00:35][warning][3534999] Calling original ioctl: 21 3222292175 140722042323952
[2026-09-08 14:00:35][warning][3534999] Calling original ioctl: 9 28 140722042324064
[2026-09-08 14:00:35][warning][3534999] Calling original ioctl: 9 28 140722042324064
[2026-09-08 14:00:35][warning][3534999] Calling original ioctl: 9 28 140722042324064
[2026-09-08 14:00:35][warning][3534999] Calling original ioctl: 9 28 140722042324064
[2026-09-08 14:00:35][warning][3534999] Calling original ioctl: 8 3222292009 140722042323824
[2026-09-08 14:00:35][warning][3534999] Calling original ioctl: 8 3222292009 140722042323872
[2026-09-08 14:00:35][warning][3534999] Calling original ioctl: 8 3223340623 140722042323136
[2026-09-08 14:00:35][warning][3534999] Calling original ioctl: 8 3222292009 140722042323088
[2026-09-08 14:00:35][warning][3534999] Calling original ioctl: 8 3222292009 140722042323824
[2026-09-08 14:00:35][warning][3534999] Calling original ioctl: 8 3222292009 140722042323872
[2026-09-08 14:00:35][warning][3534999] Calling original ioctl: 8 3223340623 140722042323136
[2026-09-08 14:00:35][warning][3534999] Calling original ioctl: 8 3222292009 140722042323088
[2026-09-08 14:00:35][warning][3534999] Calling original ioctl: 8 3222292009 140722042323824
[2026-09-08 14:00:35][warning][3534999] Calling original ioctl: 8 3222292009 140722042323872
[2026-09-08 14:00:35][warning][3534999] Calling original ioctl: 8 3223340623 140722042323136
[2026-09-08 14:00:35][warning][3534999] Calling original ioctl: 8 3222292009 140722042323088
[2026-09-08 14:00:35][warning][3534999] Calling original ioctl: 8 3222292009 140722042323824
[2026-09-08 14:00:35][warning][3534999] Calling original ioctl: 8 3222292009 140722042323872
[2026-09-08 14:00:35][warning][3534999] Calling original ioctl: 8 3223340623 140722042323136
[2026-09-08 14:00:35][warning][3534999] Calling original ioctl: 8 3222292009 140722042323088
[2026-09-08 14:00:35][warning][3534999] Calling original ioctl: 9 34 140722042322896
[2026-09-08 14:00:35][warning][3534999] Calling original ioctl: 8 3223340623 140722042323104
[2026-09-08 14:00:35][warning][3534999] Calling original ioctl: 8 3222292009 140722042323056
[2026-09-08 14:00:35][warning][3534999] Calling original ioctl: 9 34 140722042322896
[2026-09-08 14:00:35][warning][3534999] Calling original ioctl: 8 3223340623 140722042323104
[2026-09-08 14:00:35][warning][3534999] Calling original ioctl: 8 3222292009 140722042323056
[2026-09-08 14:00:35][warning][3534999] Calling original ioctl: 8 3222292009 140722042323968
[2026-09-08 14:00:35][warning][3534999] Calling original ioctl: 9 34 140722042323200
[2026-09-08 14:00:35][warning][3534999] Calling original ioctl: 8 3222292009 140722042323360
[2026-09-08 14:00:35][warning][3534999] Calling original ioctl: 9 34 140722042323104
[2026-09-08 14:00:35][warning][3534999] Calling original ioctl: 8 3222292009 140722042323264
[2026-09-08 14:00:35][warning][3534999] Calling original ioctl: 9 34 140722042323200
[2026-09-08 14:00:35][warning][3534999] Calling original ioctl: 8 3222292009 140722042323360
[2026-09-08 14:00:35][warning][3534999] Calling original ioctl: 9 34 140722042323152
[2026-09-08 14:00:35][warning][3534999] Calling original ioctl: 8 3222292009 140722042323312
[2026-09-08 14:00:35][warning][3534999] Calling original ioctl: 9 34 140722042323136
[2026-09-08 14:00:35][warning][3534999] Calling original ioctl: 8 3223340623 140722042323344
[2026-09-08 14:00:35][warning][3534999] Calling original ioctl: 8 3222292009 140722042323296
[2026-09-08 14:00:35][warning][3534999] Calling original ioctl: 9 34 140722042323136
[2026-09-08 14:00:35][warning][3534999] Calling original ioctl: 8 3223340623 140722042323344
[2026-09-08 14:00:35][warning][3534999] Calling original ioctl: 8 3222292009 140722042323296
[2026-09-08 14:00:35][warning][3534999] Calling original ioctl: 9 34 140722042323152
[2026-09-08 14:00:35][warning][3534999] Calling original ioctl: 8 3222292009 140722042323312
[2026-09-08 14:00:35][warning][3534999] Calling original ioctl: 9 34 140722042323152
[2026-09-08 14:00:35][warning][3534999] Calling original ioctl: 8 3222292009 140722042323312
[2026-09-08 14:00:35][warning][3534999] Calling original ioctl: 9 34 140722042323312
[2026-09-08 14:00:35][warning][3534999] Calling original ioctl: 8 3223340586 140722042319904
