2026-09-09T06:21:06-07:00
[ 19%] Built target utils
[ 19%] Built target boost_container
[ 23%] Built target protocol
[ 29%] Built target ipc
[ 56%] Built target sched
[ 71%] Built target preempt
[ 73%] Building CXX object platforms/cuda/CMakeFiles/halcuda.dir/hal/src/arch/arch.cpp.o
[ 74%] Building CXX object platforms/cuda/CMakeFiles/halcuda.dir/hal/src/level2/cuda_queue.cpp.o
[ 76%] Building CXX object platforms/cuda/CMakeFiles/halcuda.dir/hal/src/level2/instrument.cpp.o
[ 77%] Building CXX object platforms/cuda/CMakeFiles/halcuda.dir/hal/src/level3/cuda_queue.cpp.o
/home/yunwei37/workspace/gpu/gpu_ext/workloads/xsched/level2-build/.output/hal-tool-source-20260908.f492JH/platforms/cuda/hal/src/level2/instrument.cpp:487:6: error: redefinition of ‘void xsched::cuda::InstrumentManager::Xg5Drain(const char*)’
  487 | void InstrumentManager::Xg5Drain(const char *tag)
      |      ^~~~~~~~~~~~~~~~~
/home/yunwei37/workspace/gpu/gpu_ext/workloads/xsched/level2-build/.output/hal-tool-source-20260908.f492JH/platforms/cuda/hal/src/level2/instrument.cpp:318:6: note: ‘void xsched::cuda::InstrumentManager::Xg5Drain(const char*)’ previously defined here
  318 | void InstrumentManager::Xg5Drain(const char *tag)
      |      ^~~~~~~~~~~~~~~~~
gmake[2]: *** [platforms/cuda/CMakeFiles/halcuda.dir/build.make:216: platforms/cuda/CMakeFiles/halcuda.dir/hal/src/level2/instrument.cpp.o] Error 1
gmake[2]: *** Waiting for unfinished jobs....
gmake[1]: *** [CMakeFiles/Makefile2:575: platforms/cuda/CMakeFiles/halcuda.dir/all] Error 2
gmake: *** [Makefile:136: all] Error 2
