2026-09-09T06:22:00-07:00
[ 18%] Built target utils
[ 19%] Built target boost_container
[ 23%] Built target protocol
[ 29%] Built target ipc
[ 56%] Built target sched
[ 71%] Built target preempt
[ 73%] Building CXX object platforms/cuda/CMakeFiles/halcuda.dir/hal/src/level2/instrument.cpp.o
[ 74%] Building CXX object platforms/cuda/CMakeFiles/halcuda.dir/hal/src/level3/interrupt.cpp.o
[ 76%] Linking CXX shared library libhalcuda.so
[ 94%] Built target halcuda
[ 95%] Linking CXX shared library libshimcuda.so
[100%] Built target shimcuda
-- Install configuration: "Release"
-- Up-to-date: /home/yunwei37/workspace/gpu/gpu_ext/workloads/xsched/level2-build/.output/hal-tool-install-20260908/lib/cmake/XSched/XSchedConfig.cmake
-- Up-to-date: /home/yunwei37/workspace/gpu/gpu_ext/workloads/xsched/level2-build/.output/hal-tool-install-20260908/lib/cmake/XSched/XSchedConfigVersion.cmake
-- Up-to-date: /home/yunwei37/workspace/gpu/gpu_ext/workloads/xsched/level2-build/.output/hal-tool-install-20260908/lib/cmake/XSched/XSchedTargets.cmake
-- Up-to-date: /home/yunwei37/workspace/gpu/gpu_ext/workloads/xsched/level2-build/.output/hal-tool-install-20260908/lib/cmake/XSched/XSchedTargets-release.cmake
-- Up-to-date: /home/yunwei37/workspace/gpu/gpu_ext/workloads/xsched/level2-build/.output/hal-tool-install-20260908/include
-- Up-to-date: /home/yunwei37/workspace/gpu/gpu_ext/workloads/xsched/level2-build/.output/hal-tool-install-20260908/include/xsched
-- Up-to-date: /home/yunwei37/workspace/gpu/gpu_ext/workloads/xsched/level2-build/.output/hal-tool-install-20260908/include/xsched/hint.h
-- Up-to-date: /home/yunwei37/workspace/gpu/gpu_ext/workloads/xsched/level2-build/.output/hal-tool-install-20260908/include/xsched/xsched.h
-- Up-to-date: /home/yunwei37/workspace/gpu/gpu_ext/workloads/xsched/level2-build/.output/hal-tool-install-20260908/include/xsched/xqueue.h
-- Up-to-date: /home/yunwei37/workspace/gpu/gpu_ext/workloads/xsched/level2-build/.output/hal-tool-install-20260908/include/xsched/types.h
-- Up-to-date: /home/yunwei37/workspace/gpu/gpu_ext/workloads/xsched/level2-build/.output/hal-tool-install-20260908/include/README.md
-- Up-to-date: /home/yunwei37/workspace/gpu/gpu_ext/workloads/xsched/level2-build/.output/hal-tool-install-20260908/lib/python
-- Up-to-date: /home/yunwei37/workspace/gpu/gpu_ext/workloads/xsched/level2-build/.output/hal-tool-install-20260908/lib/python/xsched
-- Up-to-date: /home/yunwei37/workspace/gpu/gpu_ext/workloads/xsched/level2-build/.output/hal-tool-install-20260908/lib/python/xsched/__init__.py
-- Up-to-date: /home/yunwei37/workspace/gpu/gpu_ext/workloads/xsched/level2-build/.output/hal-tool-install-20260908/lib/libpreempt.so
-- Up-to-date: /home/yunwei37/workspace/gpu/gpu_ext/workloads/xsched/level2-build/.output/hal-tool-install-20260908/include
-- Up-to-date: /home/yunwei37/workspace/gpu/gpu_ext/workloads/xsched/level2-build/.output/hal-tool-install-20260908/include/xsched
-- Up-to-date: /home/yunwei37/workspace/gpu/gpu_ext/workloads/xsched/level2-build/.output/hal-tool-install-20260908/include/xsched/preempt
-- Up-to-date: /home/yunwei37/workspace/gpu/gpu_ext/workloads/xsched/level2-build/.output/hal-tool-install-20260908/include/xsched/preempt/sched
-- Up-to-date: /home/yunwei37/workspace/gpu/gpu_ext/workloads/xsched/level2-build/.output/hal-tool-install-20260908/include/xsched/preempt/sched/agent.h
-- Up-to-date: /home/yunwei37/workspace/gpu/gpu_ext/workloads/xsched/level2-build/.output/hal-tool-install-20260908/include/xsched/preempt/sched/executor.h
-- Up-to-date: /home/yunwei37/workspace/gpu/gpu_ext/workloads/xsched/level2-build/.output/hal-tool-install-20260908/include/xsched/preempt/xqueue
-- Up-to-date: /home/yunwei37/workspace/gpu/gpu_ext/workloads/xsched/level2-build/.output/hal-tool-install-20260908/include/xsched/preempt/xqueue/launch_worker.h
-- Up-to-date: /home/yunwei37/workspace/gpu/gpu_ext/workloads/xsched/level2-build/.output/hal-tool-install-20260908/include/xsched/preempt/xqueue/xqueue.h
-- Up-to-date: /home/yunwei37/workspace/gpu/gpu_ext/workloads/xsched/level2-build/.output/hal-tool-install-20260908/include/xsched/preempt/xqueue/async_xqueue.h
-- Up-to-date: /home/yunwei37/workspace/gpu/gpu_ext/workloads/xsched/level2-build/.output/hal-tool-install-20260908/include/xsched/preempt/xqueue/xcommand.h
-- Up-to-date: /home/yunwei37/workspace/gpu/gpu_ext/workloads/xsched/level2-build/.output/hal-tool-install-20260908/include/xsched/preempt/xqueue/command_buffer.h
-- Up-to-date: /home/yunwei37/workspace/gpu/gpu_ext/workloads/xsched/level2-build/.output/hal-tool-install-20260908/include/xsched/preempt/hal
-- Up-to-date: /home/yunwei37/workspace/gpu/gpu_ext/workloads/xsched/level2-build/.output/hal-tool-install-20260908/include/xsched/preempt/hal/hw_queue.h
-- Up-to-date: /home/yunwei37/workspace/gpu/gpu_ext/workloads/xsched/level2-build/.output/hal-tool-install-20260908/include/xsched/preempt/hal/hw_command.h
-- Installing: /home/yunwei37/workspace/gpu/gpu_ext/workloads/xsched/level2-build/.output/hal-tool-install-20260908/lib/libhalcuda.so
-- Up-to-date: /home/yunwei37/workspace/gpu/gpu_ext/workloads/xsched/level2-build/.output/hal-tool-install-20260908/include/xsched/cuda/hal.h
-- Up-to-date: /home/yunwei37/workspace/gpu/gpu_ext/workloads/xsched/level2-build/.output/hal-tool-install-20260908/lib/python
-- Up-to-date: /home/yunwei37/workspace/gpu/gpu_ext/workloads/xsched/level2-build/.output/hal-tool-install-20260908/lib/python/xsched
-- Up-to-date: /home/yunwei37/workspace/gpu/gpu_ext/workloads/xsched/level2-build/.output/hal-tool-install-20260908/lib/python/xsched/cuda
-- Up-to-date: /home/yunwei37/workspace/gpu/gpu_ext/workloads/xsched/level2-build/.output/hal-tool-install-20260908/lib/python/xsched/cuda/__init__.py
ln: failed to create symbolic link 'libcuda.so.1': File exists
-- Installing: shim softlink created: libcuda.so.1
ln: failed to create symbolic link 'libcuda.so': File exists
-- Installing: shim softlink created: libcuda.so
-- Installing: /home/yunwei37/workspace/gpu/gpu_ext/workloads/xsched/level2-build/.output/hal-tool-install-20260908/lib/libshimcuda.so
2026-09-09T06:22:02-07:00
