[2026-09-08 16:55:23][warning][3755405] Calling original ioctl: 8 3223340586 140725125015424
[2026-09-08 16:55:23][warning][3755405] Calling original ioctl: 8 3223340586 140725125015440
[2026-09-08 16:55:23][warning][3755405] Calling original ioctl: 8 3223340586 140725125015488
[2026-09-08 16:55:23][warning][3755405] Calling original ioctl: 9 25 140725125019808
[2026-09-08 16:55:23][warning][3755405] Calling original ioctl: 8 3224389163 140725125017072
[2026-09-08 16:55:23][warning][3755405] Calling original ioctl: 9 73 140725125016256
[2026-09-08 16:55:23][warning][3755405] Calling original ioctl: 9 33 140725125007024
[2026-09-08 16:55:23][warning][3755405] Calling original ioctl: 8 3224389163 140725125016752
[2026-09-08 16:55:23][warning][3755405] Calling original ioctl: 9 73 140725125015936
[2026-09-08 16:55:23][warning][3755405] Calling original ioctl: 9 33 140725125006704
[2026-09-08 16:55:23][warning][3755405] Calling original ioctl: 8 3224389163 140725125016752
[2026-09-08 16:55:23][warning][3755405] Calling original ioctl: 9 73 140725125015936
[2026-09-08 16:55:23][warning][3755405] Calling original ioctl: 9 33 140725125006704
[2026-09-08 16:55:23][warning][3755405] Calling original ioctl: 8 3224389163 140725125017248
[2026-09-08 16:55:23][warning][3755405] Calling original ioctl: 9 73 140725125016432
[2026-09-08 16:55:23][warning][3755405] Calling original ioctl: 9 33 140725125007200
[2026-09-08 16:55:23][warning][3755405] Calling original ioctl: 8 3224389163 140725125018928
[2026-09-08 16:55:23][warning][3755405] Calling original ioctl: 8 3224389163 140725125018912
[2026-09-08 16:55:23][warning][3755405] Calling original ioctl: 8 3224389163 140725125015152
[2026-09-08 16:55:23][warning][3755405] Calling original ioctl: 8 3223340586 140725125010736
[2026-09-08 16:55:23][warning][3755405] Calling original ioctl: 8 3224913486 140725125015280
[2026-09-08 16:55:23][warning][3755405] Calling original ioctl: 8 3223864926 140725125015232
[2026-09-08 16:55:23][warning][3755405] Calling original ioctl: 9 73 140725125014336
[2026-09-08 16:55:23][warning][3755405] Calling original ioctl: 9 33 140725125005104
[2026-09-08 16:55:23][warning][3755405] Calling original ioctl: 8 3224389163 140725125014688
[2026-09-08 16:55:23][warning][3755405] Calling original ioctl: 8 3223340586 140725125010272
[2026-09-08 16:55:23][warning][3755405] Calling original ioctl: 8 3224913486 140725125014816
[2026-09-08 16:55:23][warning][3755405] Calling original ioctl: 9 73 140725125013872
[2026-09-08 16:55:23][warning][3755405] Calling original ioctl: 9 33 140725125004640
[2026-09-08 16:55:23][warning][3755405] Calling original ioctl: 8 3224389163 140725125015536
[2026-09-08 16:55:23][warning][3755405] Calling original ioctl: 8 3223340586 140725125011120
[2026-09-08 16:55:23][warning][3755405] Calling original ioctl: 8 3224913486 140725125015664
[2026-09-08 16:55:23][warning][3755405] Calling original ioctl: 8 3224389163 140725125017392
[2026-09-08 16:55:23][warning][3755405] Calling original ioctl: 8 3223340586 140725125013424
[2026-09-08 16:55:23][warning][3755405] Calling original ioctl: 8 3224389163 140725125017680
[2026-09-08 16:55:23][warning][3755405] Calling original ioctl: 8 3223340586 140725125013360
[2026-09-08 16:55:23][warning][3755405] Calling original ioctl: 8 3224389163 140725125017680
[2026-09-08 16:55:23][warning][3755405] Calling original ioctl: 8 3223340586 140725125013360
[2026-09-08 16:55:23][warning][3755405] Calling original ioctl: 8 3223340586 140725125013440
[2026-09-08 16:55:23][warning][3755405] Calling original ioctl: 8 3223340586 140725125013440
[2026-09-08 16:55:23][warning][3755405] Calling original ioctl: 8 3224389163 140725125016336
[2026-09-08 16:55:23][warning][3755405] Calling original ioctl: 8 3223340586 140725125011920
[2026-09-08 16:55:23][warning][3755405] Calling original ioctl: 8 3224913486 140725125016464
[2026-09-08 16:55:23][warning][3755405] Calling original ioctl: 9 73 140725125015520
[2026-09-08 16:55:23][warning][3755405] Calling original ioctl: 9 33 140725125006288
[2026-09-08 16:55:23][warning][3755405] Calling original ioctl: 8 3224389163 140725125015536
[2026-09-08 16:55:23][warning][3755405] Calling original ioctl: 8 3223340586 140725125011120
[2026-09-08 16:55:23][warning][3755405] Calling original ioctl: 8 3224913486 140725125015664
[2026-09-08 16:55:23][warning][3755405] Calling original ioctl: 8 3224389163 140725125017392
[2026-09-08 16:55:23][warning][3755405] Calling original ioctl: 8 3223340586 140725125013424
[2026-09-08 16:55:23][warning][3755405] Calling original ioctl: 8 3224389163 140725125017680
[2026-09-08 16:55:23][warning][3755405] Calling original ioctl: 8 3223340586 140725125013360
[2026-09-08 16:55:23][warning][3755405] Calling original ioctl: 8 3223340586 140725125013440
[2026-09-08 16:55:23][warning][3755405] Calling original ioctl: 8 3223340586 140725125013440
[2026-09-08 16:55:23][warning][3755405] Calling original ioctl: 8 3224389163 140725125015536
[2026-09-08 16:55:23][warning][3755405] Calling original ioctl: 8 3223340586 140725125011120
[2026-09-08 16:55:23][warning][3755405] Calling original ioctl: 8 3224913486 140725125015664
[2026-09-08 16:55:23][warning][3755405] Calling original ioctl: 8 3224389163 140725125017392
[2026-09-08 16:55:23][warning][3755405] Calling original ioctl: 8 3223340586 140725125013424
[2026-09-08 16:55:23][warning][3755405] Calling original ioctl: 8 3224389163 140725125017680
[2026-09-08 16:55:23][warning][3755405] Calling original ioctl: 8 3223340586 140725125013360
[2026-09-08 16:55:23][warning][3755405] Calling original ioctl: 8 3224389163 140725125017680
[2026-09-08 16:55:23][warning][3755405] Calling original ioctl: 8 3223340586 140725125013360
[2026-09-08 16:55:23][warning][3755405] Calling original ioctl: 8 3223340586 140725125013440
[2026-09-08 16:55:23][warning][3755405] Calling original ioctl: 8 3223340586 140725125013440
[2026-09-08 16:55:23][warning][3755405] Calling original ioctl: 8 3224389163 140725125015536
[2026-09-08 16:55:23][warning][3755405] Calling original ioctl: 8 3223340586 140725125011120
[2026-09-08 16:55:23][warning][3755405] Calling original ioctl: 8 3224913486 140725125015664
[2026-09-08 16:55:23][warning][3755405] Calling original ioctl: 8 3224389163 140725125017392
[2026-09-08 16:55:23][warning][3755405] Calling original ioctl: 8 3223340586 140725125013424
[2026-09-08 16:55:23][warning][3755405] Calling original ioctl: 8 3224389163 140725125017680
[2026-09-08 16:55:23][warning][3755405] Calling original ioctl: 8 3223340586 140725125013360
[2026-09-08 16:55:23][warning][3755405] Calling original ioctl: 8 3223340586 140725125013440
[2026-09-08 16:55:23][warning][3755405] Calling original ioctl: 8 3223340586 140725125013440
[2026-09-08 16:55:23][warning][3755405] Calling original ioctl: 8 3224389163 140725125015536
[2026-09-08 16:55:23][warning][3755405] Calling original ioctl: 8 3223340586 140725125011120
[2026-09-08 16:55:23][warning][3755405] Calling original ioctl: 8 3224913486 140725125015664
[2026-09-08 16:55:23][warning][3755405] Calling original ioctl: 8 3224389163 140725125017392
[2026-09-08 16:55:23][warning][3755405] Calling original ioctl: 8 3223340586 140725125013424
[2026-09-08 16:55:23][warning][3755405] Calling original ioctl: 8 3224389163 140725125017680
[2026-09-08 16:55:23][warning][3755405] Calling original ioctl: 8 3223340586 140725125013360
[2026-09-08 16:55:23][warning][3755405] Calling original ioctl: 8 3224389163 140725125017680
[2026-09-08 16:55:23][warning][3755405] Calling original ioctl: 8 3223340586 140725125013360
[2026-09-08 16:55:23][warning][3755405] Calling original ioctl: 8 3223340586 140725125013440
[2026-09-08 16:55:23][warning][3755405] Calling original ioctl: 8 3223340586 140725125013440
[2026-09-08 16:55:23][warning][3755405] Calling original ioctl: 8 3224389163 140725125015536
[2026-09-08 16:55:23][warning][3755405] Calling original ioctl: 8 3223340586 140725125011120
[2026-09-08 16:55:23][warning][3755405] Calling original ioctl: 8 3224913486 140725125015664
[2026-09-08 16:55:23][warning][3755405] Calling original ioctl: 8 3224389163 140725125017392
[2026-09-08 16:55:23][warning][3755405] Calling original ioctl: 8 3223340586 140725125013424
[2026-09-08 16:55:23][warning][3755405] Calling original ioctl: 8 3224389163 140725125017680
[2026-09-08 16:55:23][warning][3755405] Calling original ioctl: 8 3223340586 140725125013360
[2026-09-08 16:55:23][warning][3755405] Calling original ioctl: 8 3223340586 140725125013440
[2026-09-08 16:55:23][warning][3755405] Calling original ioctl: 8 3223340586 140725125013440
[2026-09-08 16:55:23][warning][3755405] Calling original ioctl: 8 3224389163 140725125015536
[2026-09-08 16:55:23][warning][3755405] Calling original ioctl: 8 3223340586 140725125011120
[2026-09-08 16:55:23][warning][3755405] Calling original ioctl: 8 3224913486 140725125015664
[2026-09-08 16:55:23][warning][3755405] Calling original ioctl: 8 3224389163 140725125017392
[2026-09-08 16:55:23][warning][3755405] Calling original ioctl: 8 3223340586 140725125013424
[2026-09-08 16:55:23][warning][3755405] Calling original ioctl: 8 3224389163 140725125017680
[2026-09-08 16:55:23][warning][3755405] Calling original ioctl: 8 3223340586 140725125013360
[2026-09-08 16:55:23][warning][3755405] Calling original ioctl: 8 3224389163 140725125017680
[2026-09-08 16:55:23][warning][3755405] Calling original ioctl: 8 3223340586 140725125013360
[2026-09-08 16:55:23][warning][3755405] Calling original ioctl: 8 3223340586 140725125013440
[2026-09-08 16:55:23][warning][3755405] Calling original ioctl: 8 3223340586 140725125013440
[2026-09-08 16:55:23][warning][3755405] Calling original ioctl: 8 3224389163 140725125015536
[2026-09-08 16:55:23][warning][3755405] Calling original ioctl: 8 3223340586 140725125011120
[2026-09-08 16:55:23][warning][3755405] Calling original ioctl: 8 3224913486 140725125015664
[2026-09-08 16:55:23][warning][3755405] Calling original ioctl: 8 3224389163 140725125017392
[2026-09-08 16:55:23][warning][3755405] Calling original ioctl: 8 3223340586 140725125013424
[2026-09-08 16:55:23][warning][3755405] Calling original ioctl: 8 3224389163 140725125017680
[2026-09-08 16:55:23][warning][3755405] Calling original ioctl: 8 3223340586 140725125013360
[2026-09-08 16:55:23][warning][3755405] Calling original ioctl: 8 3223340586 140725125013440
[2026-09-08 16:55:23][warning][3755405] Calling original ioctl: 8 3223340586 140725125013440
[2026-09-08 16:55:23][warning][3755405] Calling original ioctl: 9 27 140725125019360
[2026-09-08 16:55:23][warning][3755405] Calling original ioctl: 9 27 140725125019360
[2026-09-08 16:55:23][warning][3755405] Calling original ioctl: 9 27 140725125019360
[2026-09-08 16:55:23][warning][3755405] Calling original ioctl: 9 27 140725125019360
[2026-09-08 16:55:23][warning][3755405] Calling original ioctl: 9 27 140725125019360
[2026-09-08 16:55:23][warning][3755405] Calling original ioctl: 9 27 140725125019360
[2026-09-08 16:55:23][warning][3755405] Calling original ioctl: 9 27 140725125019360
[2026-09-08 16:55:23][warning][3755405] Calling original ioctl: 9 27 140725125019360
[2026-09-08 16:55:23][warning][3755405] Calling original ioctl: 8 3223340586 140725125015024
[2026-09-08 16:55:23][warning][3755405] Calling original ioctl: 17 3221505737 140725125019120
[2026-09-08 16:55:23][warning][3755405] Calling original ioctl: 17 3222292174 140725125019104
[2026-09-08 16:55:23][warning][3755405] Calling original ioctl: 17 3224389163 140725125019088
[2026-09-08 16:55:23][warning][3755405] Calling original ioctl: 8 3224389163 140725125018928
[2026-09-08 16:55:24][warning][3755405] Calling original ioctl: 8 3224389163 140725125015536
[2026-09-08 16:55:24][warning][3755405] Calling original ioctl: 8 3223340586 140725125011120
[2026-09-08 16:55:24][warning][3755405] Calling original ioctl: 8 3224913486 140725125015664
[2026-09-08 16:55:24][warning][3755405] Calling original ioctl: 8 3224389163 140725125017392
[2026-09-08 16:55:24][warning][3755405] Calling original ioctl: 8 3223340586 140725125013424
[2026-09-08 16:55:24][warning][3755405] Calling original ioctl: 8 3224389163 140725125017680
[2026-09-08 16:55:24][warning][3755405] Calling original ioctl: 8 3223340586 140725125013360
[2026-09-08 16:55:24][warning][3755405] Calling original ioctl: 8 3223340586 140725125013440
[2026-09-08 16:55:24][warning][3755405] Calling original ioctl: 8 3224389163 140725125015536
[2026-09-08 16:55:24][warning][3755405] Calling original ioctl: 8 3223340586 140725125011120
[2026-09-08 16:55:24][warning][3755405] Calling original ioctl: 8 3224913486 140725125015664
[2026-09-08 16:55:24][warning][3755405] Calling original ioctl: 8 3224389163 140725125017392
[2026-09-08 16:55:24][warning][3755405] Calling original ioctl: 8 3223340586 140725125013424
[2026-09-08 16:55:24][warning][3755405] Calling original ioctl: 8 3224389163 140725125017680
[2026-09-08 16:55:24][warning][3755405] Calling original ioctl: 8 3223340586 140725125013360
[2026-09-08 16:55:24][warning][3755405] Calling original ioctl: 8 3223340586 140725125013440
[2026-09-08 16:55:24][warning][3755405] Calling original ioctl: 8 3224389163 140725125015536
[2026-09-08 16:55:24][warning][3755405] Calling original ioctl: 8 3223340586 140725125011120
[2026-09-08 16:55:24][warning][3755405] Calling original ioctl: 8 3224913486 140725125015664
[2026-09-08 16:55:24][warning][3755405] Calling original ioctl: 8 3224389163 140725125017392
[2026-09-08 16:55:24][warning][3755405] Calling original ioctl: 8 3223340586 140725125013424
[2026-09-08 16:55:24][warning][3755405] Calling original ioctl: 8 3224389163 140725125017680
[2026-09-08 16:55:24][warning][3755405] Calling original ioctl: 8 3223340586 140725125013360
[2026-09-08 16:55:24][warning][3755405] Calling original ioctl: 8 3223340586 140725125013440
[2026-09-08 16:55:24][warning][3755405] Calling original ioctl: 8 3224389163 140725125015536
[2026-09-08 16:55:24][warning][3755405] Calling original ioctl: 8 3223340586 140725125011120
[2026-09-08 16:55:24][warning][3755405] Calling original ioctl: 8 3224913486 140725125015664
[2026-09-08 16:55:24][warning][3755405] Calling original ioctl: 8 3224389163 140725125017392
[2026-09-08 16:55:24][warning][3755405] Calling original ioctl: 8 3223340586 140725125013424
[2026-09-08 16:55:24][warning][3755405] Calling original ioctl: 8 3224389163 140725125017680
[2026-09-08 16:55:24][warning][3755405] Calling original ioctl: 8 3223340586 140725125013360
[2026-09-08 16:55:24][warning][3755405] Calling original ioctl: 8 3223340586 140725125013440
[2026-09-08 16:55:24][warning][3755405] Calling original ioctl: 9 27 140725125019360
[2026-09-08 16:55:24][warning][3755405] Calling original ioctl: 9 27 140725125019360
[2026-09-08 16:55:24][warning][3755405] Calling original ioctl: 9 27 140725125019360
[2026-09-08 16:55:24][warning][3755405] Calling original ioctl: 9 27 140725125019360
[2026-09-08 16:55:24][warning][3755405] Calling original ioctl: 8 3223340586 140725125015024
[2026-09-08 16:55:24][warning][3755405] Calling original ioctl: 19 3221505737 140725125019120
[2026-09-08 16:55:24][warning][3755405] Calling original ioctl: 19 3222292174 140725125019104
[2026-09-08 16:55:24][warning][3755405] Calling original ioctl: 19 3224389163 140725125019088
[2026-09-08 16:55:24][warning][3755405] Calling original ioctl: 8 3224389163 140725125018928
[2026-09-08 16:55:24][warning][3755405] Calling original ioctl: 8 3224389163 140725125015536
[2026-09-08 16:55:24][warning][3755405] Calling original ioctl: 8 3223340586 140725125011120
[2026-09-08 16:55:24][warning][3755405] Calling original ioctl: 8 3224913486 140725125015664
[2026-09-08 16:55:24][warning][3755405] Calling original ioctl: 8 3224389163 140725125017392
[2026-09-08 16:55:24][warning][3755405] Calling original ioctl: 8 3223340586 140725125013424
[2026-09-08 16:55:24][warning][3755405] Calling original ioctl: 8 3224389163 140725125017680
[2026-09-08 16:55:24][warning][3755405] Calling original ioctl: 8 3223340586 140725125013360
[2026-09-08 16:55:24][warning][3755405] Calling original ioctl: 8 3223340586 140725125013440
[2026-09-08 16:55:24][warning][3755405] Calling original ioctl: 8 3224389163 140725125015536
[2026-09-08 16:55:24][warning][3755405] Calling original ioctl: 8 3223340586 140725125011120
[2026-09-08 16:55:24][warning][3755405] Calling original ioctl: 8 3224913486 140725125015664
[2026-09-08 16:55:24][warning][3755405] Calling original ioctl: 8 3224389163 140725125017392
[2026-09-08 16:55:24][warning][3755405] Calling original ioctl: 8 3223340586 140725125013424
[2026-09-08 16:55:24][warning][3755405] Calling original ioctl: 8 3224389163 140725125017680
[2026-09-08 16:55:24][warning][3755405] Calling original ioctl: 8 3223340586 140725125013360
[2026-09-08 16:55:24][warning][3755405] Calling original ioctl: 8 3223340586 140725125013440
[2026-09-08 16:55:24][warning][3755405] Calling original ioctl: 8 3224389163 140725125015536
[2026-09-08 16:55:24][warning][3755405] Calling original ioctl: 8 3223340586 140725125011120
[2026-09-08 16:55:24][warning][3755405] Calling original ioctl: 8 3224913486 140725125015664
[2026-09-08 16:55:24][warning][3755405] Calling original ioctl: 8 3224389163 140725125017392
[2026-09-08 16:55:24][warning][3755405] Calling original ioctl: 8 3223340586 140725125013424
[2026-09-08 16:55:24][warning][3755405] Calling original ioctl: 8 3224389163 140725125017680
[2026-09-08 16:55:24][warning][3755405] Calling original ioctl: 8 3223340586 140725125013360
[2026-09-08 16:55:24][warning][3755405] Calling original ioctl: 8 3223340586 140725125013440
[2026-09-08 16:55:24][warning][3755405] Calling original ioctl: 8 3224389163 140725125015536
[2026-09-08 16:55:24][warning][3755405] Calling original ioctl: 8 3223340586 140725125011120
[2026-09-08 16:55:24][warning][3755405] Calling original ioctl: 8 3224913486 140725125015664
[2026-09-08 16:55:24][warning][3755405] Calling original ioctl: 8 3224389163 140725125017392
[2026-09-08 16:55:24][warning][3755405] Calling original ioctl: 8 3223340586 140725125013424
[2026-09-08 16:55:24][warning][3755405] Calling original ioctl: 8 3224389163 140725125017680
[2026-09-08 16:55:24][warning][3755405] Calling original ioctl: 8 3223340586 140725125013360
[2026-09-08 16:55:24][warning][3755405] Calling original ioctl: 8 3223340586 140725125013440
[2026-09-08 16:55:24][warning][3755405] Calling original ioctl: 9 27 140725125019360
[2026-09-08 16:55:24][warning][3755405] Calling original ioctl: 9 27 140725125019360
[2026-09-08 16:55:24][warning][3755405] Calling original ioctl: 9 27 140725125019360
[2026-09-08 16:55:24][warning][3755405] Calling original ioctl: 9 27 140725125019360
[2026-09-08 16:55:24][warning][3755405] Calling original ioctl: 8 3223340586 140725125015024
[2026-09-08 16:55:24][warning][3755405] Calling original ioctl: 21 3221505737 140725125019120
[2026-09-08 16:55:24][warning][3755405] Calling original ioctl: 21 3222292174 140725125019104
[2026-09-08 16:55:24][warning][3755405] Calling original ioctl: 21 3224389163 140725125019088
[2026-09-08 16:55:24][warning][3755405] Calling original ioctl: 8 3224389163 140725125016560
[2026-09-08 16:55:24][warning][3755405] Calling original ioctl: 8 3223340586 140725125012144
[2026-09-08 16:55:24][warning][3755405] Calling original ioctl: 8 3224913486 140725125016688
[2026-09-08 16:55:24][warning][3755405] Calling original ioctl: 9 73 140725125015744
[2026-09-08 16:55:24][warning][3755405] Calling original ioctl: 9 33 140725125006512
[2026-09-08 16:55:24][warning][3755405] Calling original ioctl: 8 3224389163 140725125016864
[2026-09-08 16:55:24][warning][3755405] Calling original ioctl: 9 73 140725125016048
[2026-09-08 16:55:24][warning][3755405] Calling original ioctl: 9 33 140725125006816
[2026-09-08 16:55:24][warning][3755405] Calling original ioctl: 9 68 140725125006208
[2026-09-08 16:55:24][warning][3755405] Calling original ioctl: 9 72 140725125015312
[2026-09-08 16:55:24][warning][3755405] Calling original ioctl: 9 23 140725125019664
[2026-09-08 16:55:24][warning][3755405] Calling original ioctl: 9 23 140725125019664
[2026-09-08 16:55:24][warning][3755405] Calling original ioctl: 9 23 140725125019664
[2026-09-08 16:55:24][warning][3755405] Calling original ioctl: 9 23 140725125019664
[2026-09-08 16:55:24][warning][3755405] Calling original ioctl: 8 3224389163 140725125016864
[2026-09-08 16:55:24][warning][3755405] Calling original ioctl: 9 73 140725125016048
[2026-09-08 16:55:24][warning][3755405] Calling original ioctl: 9 33 140725125006816
[2026-09-08 16:55:24][warning][3755405] Calling original ioctl: 9 23 140725125019664
[2026-09-08 16:55:24][warning][3755405] Calling original ioctl: 9 23 140725125019664
[2026-09-08 16:55:24][warning][3755405] Calling original ioctl: 9 23 140725125019664
[2026-09-08 16:55:24][warning][3755405] Calling original ioctl: 8 3224389163 140725125016288
[2026-09-08 16:55:24][warning][3755405] Calling original ioctl: 8 3223340586 140725125011872
[2026-09-08 16:55:24][warning][3755405] Calling original ioctl: 8 3224913486 140725125016416
[2026-09-08 16:55:24][warning][3755405] Calling original ioctl: 9 73 140725125015472
[2026-09-08 16:55:24][warning][3755405] Calling original ioctl: 9 33 140725125006240
[2026-09-08 16:55:24][warning][3755405] Calling original ioctl: 12 3224913447 140725125016272
[2026-09-08 16:55:24][warning][3755405] Calling original ioctl: 9 73 140725125015472
[2026-09-08 16:55:24][warning][3755405] Calling original ioctl: 9 33 140725125006240
[2026-09-08 16:55:24][warning][3755405] Calling original ioctl: 8 3224389163 140725125017152
[2026-09-08 16:55:24][warning][3755405] Calling original ioctl: 9 73 140725125016336
[2026-09-08 16:55:24][warning][3755405] Calling original ioctl: 9 33 140725125007104
[2026-09-08 16:55:24][warning][3755405] Calling original ioctl: 12 3224913447 140725125016528
[2026-09-08 16:55:24][warning][3755405] Calling original ioctl: 9 73 140725125015728
[2026-09-08 16:55:24][warning][3755405] Calling original ioctl: 9 33 140725125006496
[2026-09-08 16:55:24][warning][3755405] Calling original ioctl: 8 3224389163 140725125016544
[2026-09-08 16:55:24][warning][3755405] Calling original ioctl: 9 73 140725125015728
[2026-09-08 16:55:24][warning][3755405] Calling original ioctl: 9 33 140725125006496
[2026-09-08 16:55:24][warning][3755405] Calling original ioctl: 9 65 140725125016816
[2026-09-08 16:55:24][warning][3755405] Calling original ioctl: 12 3224913447 140725125017632
[2026-09-08 16:55:24][warning][3755405] Calling original ioctl: 9 73 140725125016832
[2026-09-08 16:55:24][warning][3755405] Calling original ioctl: 9 33 140725125007600
[2026-09-08 16:55:24][warning][3755405] Calling original ioctl: 8 3224389163 140725125017648
[2026-09-08 16:55:24][warning][3755405] Calling original ioctl: 9 73 140725125016832
[2026-09-08 16:55:24][warning][3755405] Calling original ioctl: 9 33 140725125007600
[2026-09-08 16:55:24][warning][3755405] Calling original ioctl: 8 3224389163 140725125017216
[2026-09-08 16:55:24][warning][3755405] Calling original ioctl: 8 3223340586 140725125012800
[2026-09-08 16:55:24][warning][3755405] Calling original ioctl: 8 3224913486 140725125017344
[2026-09-08 16:55:24][warning][3755405] Calling original ioctl: 9 73 140725125016400
[2026-09-08 16:55:24][warning][3755405] Calling original ioctl: 9 33 140725125007168
[2026-09-08 16:55:24][warning][3755405] Calling original ioctl: 8 3224389163 140725125014928
[2026-09-08 16:55:24][warning][3755405] Calling original ioctl: 9 73 140725125014112
[2026-09-08 16:55:24][warning][3755405] Calling original ioctl: 9 33 140725125004880
[2026-09-08 16:55:24][warning][3755405] Calling original ioctl: 8 3224389163 140725125014848
[2026-09-08 16:55:24][warning][3755405] Calling original ioctl: 9 73 140725125014032
[2026-09-08 16:55:24][warning][3755405] Calling original ioctl: 9 33 140725125004800
[2026-09-08 16:55:24][warning][3755405] Calling original ioctl: 8 3224389163 140725125014848
[2026-09-08 16:55:24][warning][3755405] Calling original ioctl: 9 73 140725125014032
[2026-09-08 16:55:24][warning][3755405] Calling original ioctl: 9 33 140725125004800
[2026-09-08 16:55:24][warning][3755405] Calling original ioctl: 12 3224913447 140725125017184
[2026-09-08 16:55:24][warning][3755405] Calling original ioctl: 9 73 140725125016384
[2026-09-08 16:55:24][warning][3755405] Calling original ioctl: 9 33 140725125007152
[2026-09-08 16:55:24][warning][3755405] Calling original ioctl: 8 3224389163 140725125019792
[2026-09-08 16:55:24][warning][3755405] Calling original ioctl: 8 3224389163 140725125016688
[2026-09-08 16:55:24][warning][3755405] Calling original ioctl: 8 3223340586 140725125012272
[2026-09-08 16:55:24][warning][3755405] Calling original ioctl: 8 3224913486 140725125016816
[2026-09-08 16:55:24][warning][3755405] Calling original ioctl: 9 73 140725125015872
[2026-09-08 16:55:24][warning][3755405] Calling original ioctl: 9 33 140725125006640
[2026-09-08 16:55:24][warning][3755405] Calling original ioctl: 8 3224389163 140725125017008
[2026-09-08 16:55:24][warning][3755405] Calling original ioctl: 9 73 140725125016192
[2026-09-08 16:55:24][warning][3755405] Calling original ioctl: 9 33 140725125006960
[2026-09-08 16:55:24][warning][3755405] Calling original ioctl: 8 3224389163 140725125017008
[2026-09-08 16:55:24][warning][3755405] Calling original ioctl: 9 73 140725125016192
[2026-09-08 16:55:24][warning][3755405] Calling original ioctl: 9 33 140725125006960
[2026-09-08 16:55:24][warning][3755405] Calling original ioctl: 24 3221505737 140725125019456
[2026-09-08 16:55:24][warning][3755405] Calling original ioctl: 24 3222292174 140725125019440
[2026-09-08 16:55:24][warning][3755405] Calling original ioctl: 24 3224389163 140725125019424
[2026-09-08 16:55:24][warning][3755405] Calling original ioctl: 26 3221505737 140725125019456
[2026-09-08 16:55:24][warning][3755405] Calling original ioctl: 26 3222292174 140725125019440
[2026-09-08 16:55:24][warning][3755405] Calling original ioctl: 26 3224389163 140725125019424
[2026-09-08 16:55:24][warning][3755405] Calling original ioctl: 28 3221505737 140725125019456
[2026-09-08 16:55:24][warning][3755405] Calling original ioctl: 28 3222292174 140725125019440
[2026-09-08 16:55:24][warning][3755405] Calling original ioctl: 28 3224389163 140725125019424
[2026-09-08 16:55:24][warning][3755405] Calling original ioctl: 30 3221505737 140725125019456
[2026-09-08 16:55:24][warning][3755405] Calling original ioctl: 30 3222292174 140725125019440
[2026-09-08 16:55:24][warning][3755405] Calling original ioctl: 30 3224389163 140725125019424
[2026-09-08 16:55:24][warning][3755405] Calling original ioctl: 8 3223340586 140725125015168
[2026-09-08 16:55:24][warning][3755405] Calling original ioctl: 8 3223340586 140725125015344
[2026-09-08 16:55:24][warning][3755405] Calling original ioctl: 8 3223340586 140725125015504
[2026-09-08 16:55:24][warning][3755405] Calling original ioctl: 8 3224389163 140725125016976
[2026-09-08 16:55:24][warning][3755405] Calling original ioctl: 9 73 140725125016160
[2026-09-08 16:55:24][warning][3755405] Calling original ioctl: 9 33 140725125006928
[2026-09-08 16:55:24][warning][3755405] Calling original ioctl: 8 3223340586 140725125015504
libbpf: loading object 'full_record_device_buffer_bpf' from buffer
libbpf: elf: section(3) kretprobe/_Z9rope_normILb1ELb0Ef6__halfEvPKT1_PT2_iiiiiPKifff14rope_corr_dimsfPKfPKli, size 1168, link 0, flags 6, type=1
libbpf: sec 'kretprobe/_Z9rope_normILb1ELb0Ef6__halfEvPKT1_PT2_iiiiiPKifff14rope_corr_dimsfPKfPKli': found program 'cuda__retprobe' at insn offset 0 (0 bytes), code size 146 insns (1168 bytes)
libbpf: elf: section(4) .relkretprobe/_Z9rope_normILb1ELb0Ef6__halfEvPKT1_PT2_iiiiiPKifff14rope_corr_dimsfPKfPKli, size 32, link 26, flags 40, type=9
libbpf: elf: section(5) .maps, size 32, link 0, flags 3, type=1
libbpf: elf: section(6) license, size 4, link 0, flags 3, type=1
libbpf: license of full_record_device_buffer_bpf is GPL
libbpf: elf: section(16) .BTF, size 2529, link 0, flags 0, type=1
libbpf: elf: section(18) .BTF.ext, size 960, link 0, flags 0, type=1
libbpf: elf: section(26) .symtab, size 432, link 1, flags 0, type=2
libbpf: looking for externs among 18 symbols...
libbpf: collected 0 externs total
libbpf: map 'arena': at sec_idx 5, offset 0.
libbpf: map 'arena': found type = 1503.
libbpf: map 'arena': found key [8], sz = 4.
libbpf: map 'arena': found value [12], sz = 335675408.
libbpf: map 'arena': found max_entries = 32.
libbpf: sec '.relkretprobe/_Z9rope_normILb1ELb0Ef6__halfEvPKT1_PT2_iiiiiPKifff14rope_corr_dimsfPKfPKli': collecting relocation for section(3) 'kretprobe/_Z9rope_normILb1ELb0Ef6__halfEvPKT1_PT2_iiiiiPKifff14rope_corr_dimsfPKfPKli'
libbpf: sec '.relkretprobe/_Z9rope_normILb1ELb0Ef6__halfEvPKT1_PT2_iiiiiPKifff14rope_corr_dimsfPKfPKli': relo #0: insn #71 against 'arena'
libbpf: prog 'cuda__retprobe': found map 0 (arena, sec 5, off 0) for insn #71
libbpf: sec '.relkretprobe/_Z9rope_normILb1ELb0Ef6__halfEvPKT1_PT2_iiiiiPKifff14rope_corr_dimsfPKfPKli': relo #1: insn #85 against 'arena'
libbpf: prog 'cuda__retprobe': found map 0 (arena, sec 5, off 0) for insn #85
libbpf: object 'full_record_dev': failed (-EACCES) to open BPF FS mount at '/sys/fs/bpf', skipping optional step...
libbpf: Kernel doesn't support BTF, skipping uploading it.
libbpf: map 'arena': created successfully, fd=34
Full-record bank count: 32
Full-record slots per bank: 16384
Full-record total slots: 524288
Full-record records per slot: 256
Full-record record bytes: 80
Full-record value bytes (per bank): 335675408
Full-record probe attached; waiting for SIGINT
[2026-09-08 16:55:39][warning][3755504] Calling original ioctl: 8 3223340586 130847532217968
[2026-09-08 16:56:24][warning][3755405] Calling original ioctl: 8 3223340586 140725125010336
Full-record drain bytes: 10741613056
Full-record drain time ns: 1465541722
Full-record committed records: 23068672
Full-record active slots: 524288
Full-record overflow records: 0
Full-record out-of-range threads: 0
Full-record nonzero timestamps: 23068672
[2026-09-08 16:56:25][warning][3755405] Calling original ioctl: 9 34 140725125020288
[2026-09-08 16:56:25][warning][3755405] Calling original ioctl: 8 3222292009 140725125020448
[2026-09-08 16:56:25][warning][3755405] Calling original ioctl: 9 34 140725125021104
[2026-09-08 16:56:25][warning][3755405] Calling original ioctl: 8 3222292009 140725125021264
[2026-09-08 16:56:25][warning][3755405] Calling original ioctl: 9 34 140725125021104
[2026-09-08 16:56:25][warning][3755405] Calling original ioctl: 8 3222292009 140725125021264
[2026-09-08 16:56:25][warning][3755405] Calling original ioctl: 8 3222292009 140725125021984
[2026-09-08 16:56:25][warning][3755405] Calling original ioctl: 26 3222292175 140725125022000
[2026-09-08 16:56:25][warning][3755405] Calling original ioctl: 8 3222292009 140725125021984
[2026-09-08 16:56:25][warning][3755405] Calling original ioctl: 28 3222292175 140725125022000
[2026-09-08 16:56:25][warning][3755405] Calling original ioctl: 8 3222292009 140725125021984
[2026-09-08 16:56:25][warning][3755405] Calling original ioctl: 24 3222292175 140725125022000
[2026-09-08 16:56:25][warning][3755405] Calling original ioctl: 8 3222292009 140725125021984
[2026-09-08 16:56:25][warning][3755405] Calling original ioctl: 30 3222292175 140725125022000
[2026-09-08 16:56:25][warning][3755405] Calling original ioctl: 9 34 140725125021008
[2026-09-08 16:56:25][warning][3755405] Calling original ioctl: 8 3222292009 140725125021168
[2026-09-08 16:56:25][warning][3755405] Calling original ioctl: 9 34 140725125021008
[2026-09-08 16:56:25][warning][3755405] Calling original ioctl: 8 3222292009 140725125021168
[2026-09-08 16:56:25][warning][3755405] Calling original ioctl: 9 34 140725125021136
[2026-09-08 16:56:25][warning][3755405] Calling original ioctl: 8 3223340623 140725125021344
[2026-09-08 16:56:25][warning][3755405] Calling original ioctl: 8 3222292009 140725125021296
[2026-09-08 16:56:25][warning][3755405] Calling original ioctl: 8 3222292009 140725125022064
[2026-09-08 16:56:25][warning][3755405] Calling original ioctl: 9 34 140725125021120
[2026-09-08 16:56:25][warning][3755405] Calling original ioctl: 8 3222292009 140725125021280
[2026-09-08 16:56:25][warning][3755405] Calling original ioctl: 9 34 140725125021120
[2026-09-08 16:56:25][warning][3755405] Calling original ioctl: 8 3223340623 140725125021328
[2026-09-08 16:56:25][warning][3755405] Calling original ioctl: 8 3222292009 140725125021280
[2026-09-08 16:56:25][warning][3755405] Calling original ioctl: 8 3223340586 140725125016992
[2026-09-08 16:56:25][warning][3755405] Calling original ioctl: 9 34 140725125020944
[2026-09-08 16:56:25][warning][3755405] Calling original ioctl: 8 3222292009 140725125021104
[2026-09-08 16:56:25][warning][3755405] Calling original ioctl: 8 3223340586 140725125016992
[2026-09-08 16:56:25][warning][3755405] Calling original ioctl: 9 34 140725125020944
[2026-09-08 16:56:25][warning][3755405] Calling original ioctl: 8 3222292009 140725125021104
[2026-09-08 16:56:25][warning][3755405] Calling original ioctl: 8 3223340586 140725125016992
[2026-09-08 16:56:25][warning][3755405] Calling original ioctl: 9 34 140725125020944
[2026-09-08 16:56:25][warning][3755405] Calling original ioctl: 8 3222292009 140725125021104
[2026-09-08 16:56:25][warning][3755405] Calling original ioctl: 8 3223340586 140725125017888
[2026-09-08 16:56:25][warning][3755405] Calling original ioctl: 9 34 140725125021168
[2026-09-08 16:56:25][warning][3755405] Calling original ioctl: 9 34 140725125021168
[2026-09-08 16:56:25][warning][3755405] Calling original ioctl: 8 3222292009 140725125021328
[2026-09-08 16:56:25][warning][3755405] Calling original ioctl: 9 34 140725125021168
[2026-09-08 16:56:25][warning][3755405] Calling original ioctl: 8 3222292009 140725125021328
[2026-09-08 16:56:25][warning][3755405] Calling original ioctl: 9 34 140725125021120
[2026-09-08 16:56:25][warning][3755405] Calling original ioctl: 8 3223340623 140725125021328
[2026-09-08 16:56:25][warning][3755405] Calling original ioctl: 8 3222292009 140725125021280
[2026-09-08 16:56:25][warning][3755405] Calling original ioctl: 9 24 140725125022160
[2026-09-08 16:56:25][warning][3755405] Calling original ioctl: 9 24 140725125022160
[2026-09-08 16:56:25][warning][3755405] Calling original ioctl: 9 24 140725125022192
[2026-09-08 16:56:25][warning][3755405] Calling original ioctl: 9 24 140725125022160
[2026-09-08 16:56:25][warning][3755405] Calling original ioctl: 9 24 140725125022160
[2026-09-08 16:56:25][warning][3755405] Calling original ioctl: 9 24 140725125022160
[2026-09-08 16:56:25][warning][3755405] Calling original ioctl: 9 24 140725125022160
[2026-09-08 16:56:25][warning][3755405] Calling original ioctl: 9 34 140725125021056
[2026-09-08 16:56:25][warning][3755405] Calling original ioctl: 8 3222292009 140725125021216
[2026-09-08 16:56:25][warning][3755405] Calling original ioctl: 9 34 140725125021056
[2026-09-08 16:56:25][warning][3755405] Calling original ioctl: 8 3222292009 140725125021216
[2026-09-08 16:56:25][warning][3755405] Calling original ioctl: 9 34 140725125021168
[2026-09-08 16:56:25][warning][3755405] Calling original ioctl: 8 3222292009 140725125021328
[2026-09-08 16:56:25][warning][3755405] Calling original ioctl: 8 3222292009 140725125021904
[2026-09-08 16:56:25][warning][3755405] Calling original ioctl: 17 3222292175 140725125021920
[2026-09-08 16:56:25][warning][3755405] Calling original ioctl: 9 28 140725125022032
[2026-09-08 16:56:25][warning][3755405] Calling original ioctl: 9 28 140725125022032
[2026-09-08 16:56:25][warning][3755405] Calling original ioctl: 9 28 140725125022032
[2026-09-08 16:56:25][warning][3755405] Calling original ioctl: 9 28 140725125022032
[2026-09-08 16:56:25][warning][3755405] Calling original ioctl: 9 28 140725125022032
[2026-09-08 16:56:25][warning][3755405] Calling original ioctl: 9 28 140725125022032
[2026-09-08 16:56:25][warning][3755405] Calling original ioctl: 9 28 140725125022032
[2026-09-08 16:56:25][warning][3755405] Calling original ioctl: 9 28 140725125022032
[2026-09-08 16:56:25][warning][3755405] Calling original ioctl: 8 3222292009 140725125021792
[2026-09-08 16:56:25][warning][3755405] Calling original ioctl: 8 3222292009 140725125021792
[2026-09-08 16:56:25][warning][3755405] Calling original ioctl: 8 3222292009 140725125021840
[2026-09-08 16:56:25][warning][3755405] Calling original ioctl: 8 3223340623 140725125021104
[2026-09-08 16:56:25][warning][3755405] Calling original ioctl: 8 3222292009 140725125021056
[2026-09-08 16:56:25][warning][3755405] Calling original ioctl: 8 3222292009 140725125021792
[2026-09-08 16:56:25][warning][3755405] Calling original ioctl: 8 3222292009 140725125021840
[2026-09-08 16:56:25][warning][3755405] Calling original ioctl: 8 3223340623 140725125021104
[2026-09-08 16:56:25][warning][3755405] Calling original ioctl: 8 3222292009 140725125021056
[2026-09-08 16:56:25][warning][3755405] Calling original ioctl: 8 3222292009 140725125021792
[2026-09-08 16:56:25][warning][3755405] Calling original ioctl: 8 3222292009 140725125021792
[2026-09-08 16:56:25][warning][3755405] Calling original ioctl: 8 3222292009 140725125021840
[2026-09-08 16:56:25][warning][3755405] Calling original ioctl: 8 3223340623 140725125021104
[2026-09-08 16:56:25][warning][3755405] Calling original ioctl: 8 3222292009 140725125021056
[2026-09-08 16:56:25][warning][3755405] Calling original ioctl: 8 3222292009 140725125021792
[2026-09-08 16:56:25][warning][3755405] Calling original ioctl: 8 3222292009 140725125021840
[2026-09-08 16:56:25][warning][3755405] Calling original ioctl: 8 3223340623 140725125021104
[2026-09-08 16:56:25][warning][3755405] Calling original ioctl: 8 3222292009 140725125021056
[2026-09-08 16:56:25][warning][3755405] Calling original ioctl: 8 3222292009 140725125021792
[2026-09-08 16:56:25][warning][3755405] Calling original ioctl: 8 3222292009 140725125021792
[2026-09-08 16:56:25][warning][3755405] Calling original ioctl: 8 3222292009 140725125021840
[2026-09-08 16:56:25][warning][3755405] Calling original ioctl: 8 3223340623 140725125021104
[2026-09-08 16:56:25][warning][3755405] Calling original ioctl: 8 3222292009 140725125021056
[2026-09-08 16:56:25][warning][3755405] Calling original ioctl: 8 3222292009 140725125021792
[2026-09-08 16:56:25][warning][3755405] Calling original ioctl: 8 3222292009 140725125021840
[2026-09-08 16:56:25][warning][3755405] Calling original ioctl: 8 3223340623 140725125021104
[2026-09-08 16:56:25][warning][3755405] Calling original ioctl: 8 3222292009 140725125021056
[2026-09-08 16:56:25][warning][3755405] Calling original ioctl: 8 3222292009 140725125021792
[2026-09-08 16:56:25][warning][3755405] Calling original ioctl: 8 3222292009 140725125021792
[2026-09-08 16:56:25][warning][3755405] Calling original ioctl: 8 3222292009 140725125021840
[2026-09-08 16:56:25][warning][3755405] Calling original ioctl: 8 3223340623 140725125021104
[2026-09-08 16:56:25][warning][3755405] Calling original ioctl: 8 3222292009 140725125021056
[2026-09-08 16:56:25][warning][3755405] Calling original ioctl: 8 3222292009 140725125021792
[2026-09-08 16:56:25][warning][3755405] Calling original ioctl: 8 3222292009 140725125021840
[2026-09-08 16:56:25][warning][3755405] Calling original ioctl: 8 3223340623 140725125021104
[2026-09-08 16:56:25][warning][3755405] Calling original ioctl: 8 3222292009 140725125021056
[2026-09-08 16:56:25][warning][3755405] Calling original ioctl: 8 3222292009 140725125021968
[2026-09-08 16:56:25][warning][3755405] Calling original ioctl: 8 3222292009 140725125021936
[2026-09-08 16:56:25][warning][3755405] Calling original ioctl: 8 3222292009 140725125021904
[2026-09-08 16:56:25][warning][3755405] Calling original ioctl: 19 3222292175 140725125021920
[2026-09-08 16:56:25][warning][3755405] Calling original ioctl: 9 28 140725125022032
[2026-09-08 16:56:25][warning][3755405] Calling original ioctl: 9 28 140725125022032
[2026-09-08 16:56:25][warning][3755405] Calling original ioctl: 9 28 140725125022032
[2026-09-08 16:56:25][warning][3755405] Calling original ioctl: 9 28 140725125022032
[2026-09-08 16:56:25][warning][3755405] Calling original ioctl: 8 3222292009 140725125021792
[2026-09-08 16:56:25][warning][3755405] Calling original ioctl: 8 3222292009 140725125021840
[2026-09-08 16:56:25][warning][3755405] Calling original ioctl: 8 3223340623 140725125021104
[2026-09-08 16:56:25][warning][3755405] Calling original ioctl: 8 3222292009 140725125021056
[2026-09-08 16:56:25][warning][3755405] Calling original ioctl: 8 3222292009 140725125021792
[2026-09-08 16:56:25][warning][3755405] Calling original ioctl: 8 3222292009 140725125021840
[2026-09-08 16:56:25][warning][3755405] Calling original ioctl: 8 3223340623 140725125021104
[2026-09-08 16:56:25][warning][3755405] Calling original ioctl: 8 3222292009 140725125021056
[2026-09-08 16:56:25][warning][3755405] Calling original ioctl: 8 3222292009 140725125021792
[2026-09-08 16:56:25][warning][3755405] Calling original ioctl: 8 3222292009 140725125021840
[2026-09-08 16:56:25][warning][3755405] Calling original ioctl: 8 3223340623 140725125021104
[2026-09-08 16:56:25][warning][3755405] Calling original ioctl: 8 3222292009 140725125021056
[2026-09-08 16:56:25][warning][3755405] Calling original ioctl: 8 3222292009 140725125021792
[2026-09-08 16:56:25][warning][3755405] Calling original ioctl: 8 3222292009 140725125021840
[2026-09-08 16:56:25][warning][3755405] Calling original ioctl: 8 3223340623 140725125021104
[2026-09-08 16:56:25][warning][3755405] Calling original ioctl: 8 3222292009 140725125021056
[2026-09-08 16:56:25][warning][3755405] Calling original ioctl: 8 3222292009 140725125021936
[2026-09-08 16:56:25][warning][3755405] Calling original ioctl: 8 3222292009 140725125021904
[2026-09-08 16:56:25][warning][3755405] Calling original ioctl: 21 3222292175 140725125021920
[2026-09-08 16:56:25][warning][3755405] Calling original ioctl: 9 28 140725125022032
[2026-09-08 16:56:25][warning][3755405] Calling original ioctl: 9 28 140725125022032
[2026-09-08 16:56:25][warning][3755405] Calling original ioctl: 9 28 140725125022032
[2026-09-08 16:56:25][warning][3755405] Calling original ioctl: 9 28 140725125022032
[2026-09-08 16:56:25][warning][3755405] Calling original ioctl: 8 3222292009 140725125021792
[2026-09-08 16:56:25][warning][3755405] Calling original ioctl: 8 3222292009 140725125021840
[2026-09-08 16:56:25][warning][3755405] Calling original ioctl: 8 3223340623 140725125021104
[2026-09-08 16:56:25][warning][3755405] Calling original ioctl: 8 3222292009 140725125021056
[2026-09-08 16:56:25][warning][3755405] Calling original ioctl: 8 3222292009 140725125021792
[2026-09-08 16:56:25][warning][3755405] Calling original ioctl: 8 3222292009 140725125021840
[2026-09-08 16:56:25][warning][3755405] Calling original ioctl: 8 3223340623 140725125021104
[2026-09-08 16:56:25][warning][3755405] Calling original ioctl: 8 3222292009 140725125021056
[2026-09-08 16:56:25][warning][3755405] Calling original ioctl: 8 3222292009 140725125021792
[2026-09-08 16:56:25][warning][3755405] Calling original ioctl: 8 3222292009 140725125021840
[2026-09-08 16:56:25][warning][3755405] Calling original ioctl: 8 3223340623 140725125021104
[2026-09-08 16:56:25][warning][3755405] Calling original ioctl: 8 3222292009 140725125021056
[2026-09-08 16:56:25][warning][3755405] Calling original ioctl: 8 3222292009 140725125021792
[2026-09-08 16:56:25][warning][3755405] Calling original ioctl: 8 3222292009 140725125021840
[2026-09-08 16:56:25][warning][3755405] Calling original ioctl: 8 3223340623 140725125021104
[2026-09-08 16:56:25][warning][3755405] Calling original ioctl: 8 3222292009 140725125021056
[2026-09-08 16:56:25][warning][3755405] Calling original ioctl: 9 34 140725125020864
[2026-09-08 16:56:25][warning][3755405] Calling original ioctl: 8 3223340623 140725125021072
[2026-09-08 16:56:25][warning][3755405] Calling original ioctl: 8 3222292009 140725125021024
[2026-09-08 16:56:25][warning][3755405] Calling original ioctl: 9 34 140725125020864
[2026-09-08 16:56:25][warning][3755405] Calling original ioctl: 8 3223340623 140725125021072
[2026-09-08 16:56:25][warning][3755405] Calling original ioctl: 8 3222292009 140725125021024
[2026-09-08 16:56:25][warning][3755405] Calling original ioctl: 8 3222292009 140725125021936
[2026-09-08 16:56:25][warning][3755405] Calling original ioctl: 9 34 140725125021168
[2026-09-08 16:56:25][warning][3755405] Calling original ioctl: 8 3222292009 140725125021328
[2026-09-08 16:56:25][warning][3755405] Calling original ioctl: 9 34 140725125021072
[2026-09-08 16:56:25][warning][3755405] Calling original ioctl: 8 3222292009 140725125021232
[2026-09-08 16:56:25][warning][3755405] Calling original ioctl: 9 34 140725125021168
[2026-09-08 16:56:25][warning][3755405] Calling original ioctl: 8 3222292009 140725125021328
[2026-09-08 16:56:25][warning][3755405] Calling original ioctl: 9 34 140725125021120
[2026-09-08 16:56:25][warning][3755405] Calling original ioctl: 8 3222292009 140725125021280
[2026-09-08 16:56:25][warning][3755405] Calling original ioctl: 9 34 140725125021104
[2026-09-08 16:56:25][warning][3755405] Calling original ioctl: 8 3223340623 140725125021312
[2026-09-08 16:56:25][warning][3755405] Calling original ioctl: 8 3222292009 140725125021264
[2026-09-08 16:56:25][warning][3755405] Calling original ioctl: 9 34 140725125021104
[2026-09-08 16:56:25][warning][3755405] Calling original ioctl: 8 3223340623 140725125021312
[2026-09-08 16:56:25][warning][3755405] Calling original ioctl: 8 3222292009 140725125021264
[2026-09-08 16:56:25][warning][3755405] Calling original ioctl: 9 34 140725125021120
[2026-09-08 16:56:25][warning][3755405] Calling original ioctl: 8 3222292009 140725125021280
[2026-09-08 16:56:25][warning][3755405] Calling original ioctl: 9 34 140725125021120
[2026-09-08 16:56:25][warning][3755405] Calling original ioctl: 8 3222292009 140725125021280
[2026-09-08 16:56:25][warning][3755405] Calling original ioctl: 9 34 140725125021280
[2026-09-08 16:56:25][warning][3755405] Calling original ioctl: 8 3223340586 140725125017872
