[2026-09-08 08:41:09][info][3113117] bpf_attach_ctx constructed
[2026-09-08 08:41:09][info][3113117] Initializing CUDA shared memory
[2026-09-08 08:41:09][info][3113117] CommSharedMem host 0x79008ea297d8 mapped to device 0x79008ea297d8
[2026-09-08 08:41:09][info][3113117] CUDA context created
[2026-09-08 08:41:09][info][3113117] Register attach-impl defined helper bpf_get_func_arg, index 183
[2026-09-08 08:41:09][info][3113117] Register attach-impl defined helper bpf_get_func_ret_id, index 184
[2026-09-08 08:41:09][info][3113117] Register attach-impl defined helper bpf_get_retval, index 186
[2026-09-08 08:41:09][info][3113117] Starting nv_attach_impl
[2026-09-08 08:41:09][info][3113117] Parsing bundled libraries: /home/yunwei37/workspace/gpu/bpftime-auto-warp/build-auto-warp-575/attach/nv_attach_impl/pass/ptxpass_kprobe_entry/libptxpass_kprobe_entry.so:/home/yunwei37/workspace/gpu/bpftime-auto-warp/build-auto-warp-575/attach/nv_attach_impl/pass/ptxpass_kretprobe/libptxpass_kretprobe.so:/home/yunwei37/workspace/gpu/bpftime-auto-warp/build-auto-warp-575/attach/nv_attach_impl/pass/ptxpass_kprobe_memcapture/libptxpass_kprobe_memcapture.so
[2026-09-08 08:41:09][info][3113117] Found path: /home/yunwei37/workspace/gpu/bpftime-auto-warp/build-auto-warp-575/attach/nv_attach_impl/pass/ptxpass_kprobe_entry/libptxpass_kprobe_entry.so, executing..
[2026-09-08 08:41:09][info][3113117] Retrived config of /home/yunwei37/workspace/gpu/bpftime-auto-warp/build-auto-warp-575/attach/nv_attach_impl/pass/ptxpass_kprobe_entry/libptxpass_kprobe_entry.so
[2026-09-08 08:41:09][info][3113117] Found path: /home/yunwei37/workspace/gpu/bpftime-auto-warp/build-auto-warp-575/attach/nv_attach_impl/pass/ptxpass_kretprobe/libptxpass_kretprobe.so, executing..
[2026-09-08 08:41:09][info][3113117] Retrived config of /home/yunwei37/workspace/gpu/bpftime-auto-warp/build-auto-warp-575/attach/nv_attach_impl/pass/ptxpass_kretprobe/libptxpass_kretprobe.so
[2026-09-08 08:41:09][info][3113117] Found path: /home/yunwei37/workspace/gpu/bpftime-auto-warp/build-auto-warp-575/attach/nv_attach_impl/pass/ptxpass_kprobe_memcapture/libptxpass_kprobe_memcapture.so, executing..
[2026-09-08 08:41:09][info][3113117] Retrived config of /home/yunwei37/workspace/gpu/bpftime-auto-warp/build-auto-warp-575/attach/nv_attach_impl/pass/ptxpass_kprobe_memcapture/libptxpass_kprobe_memcapture.so
[2026-09-08 08:41:09][info][3113117] Initializing agent..
[2026-09-08 08:41:09][info][3113117] bpftime: shm epoch_seq = 2
[2026-09-08 08:41:09][info][3113117] Instantiating bpf link 42 and the corresponding program cuda__shared is cuda program
[2026-09-08 08:41:09][info][3113117] Skipping nv attach handler 42 since we are not handling nv handles
[2026-09-08 08:41:09][info][3113117] Instantiating bpf link 42 and the corresponding program cuda__shared is cuda program
[2026-09-08 08:41:09][info][3113117] Handling link to CUDA program: 42, recording it..
[2026-09-08 08:41:09][info][3113117] Loaded 14 instructions (original) for cuda ebpf program
[2026-09-08 08:41:09][info][3113117] Initializing nv_gpu_shared_array_map_impl at pid 3113117
[2026-09-08 08:41:09][info][3113117] Mapped GPU memory for shared array map: 133034246406144
[2026-09-08 08:41:09][info][3113117] Copying map fd 17 to device, key size=4, value size=8, max ent=64, map_type = 1503, gpu_buffer = 78fe73000000
[2026-09-08 08:41:09][info][3113117] GPU eBPF verification timing: program=cuda__shared verification_elapsed_ns=1529416
[2026-09-08 08:41:09][info][3113117] GPU eBPF verification accepted: mode=STRICT program=cuda__shared attach=kprobe/fig15_warp_map_kernel instructions=14
[2026-09-08 08:41:09][info][3113117] GPU eBPF verified map: program=cuda__shared fd=17 type=1503 key_size=4 value_size=8 max_entries=64
[2026-09-08 08:41:09][info][3113117] Cached shared_mem_ptr at 79008ea297d8
[2026-09-08 08:41:09][info][3113117] Recorded pass /home/yunwei37/workspace/gpu/bpftime-auto-warp/build-auto-warp-575/attach/nv_attach_impl/pass/ptxpass_kprobe_entry/libptxpass_kprobe_entry.so for func fig15_warp_map_kernel
[2026-09-08 08:41:10][info][3113117] nv_attach_impl: cached 260777 host symbols
[2026-09-08 08:41:10][info][3113117] nv_attach_impl: late attach bootstrap scanning fatbins..
[2026-09-08 08:41:10][info][3113117] nv_attach_impl: targeted late bootstrap selected 1 of 20 loaded module(s)
[2026-09-08 08:41:10][info][3113117] Temporary fatbin written to /tmp/bpftime-fatbin-work.I8xzqi/temp.fatbin
[2026-09-08 08:41:10][info][3113117] Extracting PTX in the fatbin...
[2026-09-08 08:41:10][info][3113117] Calling cuobjdump: /usr/local/cuda-12.9/bin/cuobjdump --extract-ptx all /tmp/bpftime-fatbin-work.I8xzqi/temp.fatbin
Extracting PTX file and ptxas options    1: warp_map_bench.sm_120.ptx -arch=sm_120  --generate-line-info 
[2026-09-08 08:41:10][info][3113117] Remove extracted files..
[2026-09-08 08:41:10][info][3113117] Got 1 PTX files
[2026-09-08 08:41:10][info][3113117] Loading & patching current fatbin..
[2026-09-08 08:41:10][info][3113127] Patching PTX: warp_map_bench.sm_120.ptx
[2026-09-08 08:41:10][info][3113127] Patching request 047bc29dd2f862ad75022b065329e93edfa55348b69009744bfcc74d0034e350 not found in cache, patching..
[ptxpass] kprobe_entry_stub: matched=1, in=4059, out=5122
[2026-09-08 08:41:10][info][3113117] Using SM arch from BPFTIME_SM_ARCH: sm_120
[2026-09-08 08:41:10][info][3113117] Compiling PTXs with sm_arch sm_120
[2026-09-08 08:41:10][info][3113117] Compiler version: 12.9
[2026-09-08 08:41:10][info][3113150] Start compiling patched.warp_map_bench.sm_120.ptx, not found in cache
[2026-09-08 08:41:10][info][3113150] Compile of patched.warp_map_bench.sm_120.ptx done
[2026-09-08 08:41:10][info][3113117] Loading module: patched.warp_map_bench.sm_120.ptx, not found in cache
[2026-09-08 08:41:10][info][3113117] Copying trampoline data to device
[2026-09-08 08:41:10][info][3113117] constData symbol device_ptr=78fe73200000 size=8 shared_mem_ptr=79008ea297d8
[2026-09-08 08:41:10][info][3113117] map_info symbol device_ptr=78fe73200008 size=49152
[2026-09-08 08:41:10][info][3113117] Trampoline data copied
[2026-09-08 08:41:10][info][3113117] Loaded module: patched.warp_map_bench.sm_120.ptx
[2026-09-08 08:41:10][info][3113117] nv_attach_impl: ingested fatbin from .nv_fatbin in /home/yunwei37/workspace/gpu/gpu_ext/microbench/fig15-device/strict-warp-map-scaling/.output/warp-map-bench
[2026-09-08 08:41:10][info][3113117] nv_attach_impl: late attach bootstrap ingested 1 fatbin(s)
[2026-09-08 08:41:10][info][3113117] agent ipc: listening (abstract) for pid 3113117
[2026-09-08 08:41:10][info][3113117] Attach successfully
[2026-09-08 08:41:10][info][3113122] Exiting CUDA watcher thread
FIG15_DEVICE	NVIDIA GeForce RTX 5090	12	0	32
FIG15_WARP_SHAPE	128	4
FIG15_WARP_GRID	1	128	32
FIG15_MEASUREMENT	8	128	0.523648024
FIG15_CORRECT	128	0
