[2026-09-04 09:58:31][info][2732913] Setting BPFTIME_SHM_MEMORY_MB to: 256
[2026-09-04 09:58:31][info][2732913] Setting BPFTIME_MAX_FD_COUNT to: 1024
[2026-09-04 09:58:31][warning][2732913] BPFTIME_VERIFIER_LEVEL=WARNING was requested, but this bpftime build was compiled with ENABLE_EBPF_VERIFIER=OFF; continuing without userspace verification.
[2026-09-04 09:58:31][info][2732913] Verifier mode: WARNING
[2026-09-04 09:58:31][info][2732913] Init bpftime syscall mocking..
[2026-09-04 09:58:31][info][2732913] The log will be written to: console
[2026-09-04 09:58:31][info][2732913] Starting syscall server..
[2026-09-04 09:58:31][info][2732913] Setting BPFTIME_SHM_MEMORY_MB to: 256
[2026-09-04 09:58:31][info][2732913] Setting BPFTIME_MAX_FD_COUNT to: 1024
[2026-09-04 09:58:31][warning][2732913] BPFTIME_VERIFIER_LEVEL=WARNING was requested, but this bpftime build was compiled with ENABLE_EBPF_VERIFIER=OFF; continuing without userspace verification.
[2026-09-04 09:58:31][info][2732913] Verifier mode: WARNING
[2026-09-04 09:58:31][info][2732913] Initialize syscall server
[2026-09-04 09:58:31][info][2732913] Setting BPFTIME_SHM_MEMORY_MB to: 256
[2026-09-04 09:58:31][info][2732913] Setting BPFTIME_MAX_FD_COUNT to: 1024
[2026-09-04 09:58:31][warning][2732913] BPFTIME_VERIFIER_LEVEL=WARNING was requested, but this bpftime build was compiled with ENABLE_EBPF_VERIFIER=OFF; continuing without userspace verification.
[2026-09-04 09:58:31][info][2732913] Verifier mode: WARNING
[2026-09-04 09:58:31][info][2732913] Global shm constructed. shm_open_type 3 for fig15_map_2731748_114856610541810
[2026-09-04 09:58:31][info][2732913] Global shm initialized
[2026-09-04 09:58:31][info][2732913] Initializing CUDA at syscall-server side
[2026-09-04 09:58:31][info][2732913] CUDA initialized at syscall server side
[2026-09-04 09:58:31][info][2732913] bpftime-syscall-server started
[2026-09-04 09:58:31][info][2732913] syscall server: Set enable_mock_after_initialized to false
[2026-09-04 09:58:31][info][2732913] CUDA context for thread 2732913 has been set to 5c8bb709e130
[2026-09-04 09:58:31][info][2732913] Map device_values (nv_gpu_shared_array_map_impl) shared array
[2026-09-04 09:58:31][info][2732913] Initializing map type of BPF_MAP_TYPE_GPU_ARRAY_MAP (device), total_buffer_size=256
[2026-09-04 09:58:31][info][2732913] syscall server: Set enable_mock_after_initialized to true
[2026-09-04 09:58:31][info][2732913] Map host_values (nv_gpu_shared_array_host_map_impl) shared array
[2026-09-04 09:58:31][info][2732913] Initializing map type of BPF_MAP_TYPE_GPU_ARRAY_HOST_MAP (shared mem), value_size=8, max_entries=32, total_buffer_size=256
[2026-09-04 09:58:31][info][2732913] Allocated shared memory buffer at 7c4c9282aa60
[2026-09-04 09:58:31][info][2732913] syscall server: Set enable_mock_after_initialized to false
[2026-09-04 09:58:31][info][2732913] CUDA context for thread 2732913 has been set to 5c8bb7fc8790
[2026-09-04 09:58:31][info][2732913] Map observed_values (nv_gpu_shared_array_map_impl) shared array
[2026-09-04 09:58:31][info][2732913] Initializing map type of BPF_MAP_TYPE_GPU_ARRAY_MAP (device), total_buffer_size=256
[2026-09-04 09:58:31][info][2732913] syscall server: Set enable_mock_after_initialized to true
[2026-09-04 09:58:31][info][2732913] Created kprobe/kretprobe perf event handler, func_name fig15_map_kernel, addr 0
FIG15_READY	noop	1
FIG15_DETACHED	1
[2026-09-04 09:58:32][warning][2732913] Calling original ioctl: 10 34 140728869179328
[2026-09-04 09:58:32][warning][2732913] Calling original ioctl: 9 3222292009 140728869179488
[2026-09-04 09:58:32][warning][2732913] Calling original ioctl: 10 34 140728869179328
[2026-09-04 09:58:32][warning][2732913] Calling original ioctl: 9 3222292009 140728869179488
