[2026-09-04 10:28:41][info][2792670] bpf_attach_ctx constructed
[2026-09-04 10:28:41][info][2792670] Initializing CUDA shared memory
[2026-09-04 10:28:41][info][2792670] CommSharedMem host 0x7bc3b60297d8 mapped to device 0x7bc3b60297d8
[2026-09-04 10:28:41][info][2792670] CUDA context created
[2026-09-04 10:28:41][info][2792670] Register attach-impl defined helper bpf_get_func_arg, index 183
[2026-09-04 10:28:41][info][2792670] Register attach-impl defined helper bpf_get_func_ret_id, index 184
[2026-09-04 10:28:41][info][2792670] Register attach-impl defined helper bpf_get_retval, index 186
[2026-09-04 10:28:41][info][2792670] Starting nv_attach_impl
[2026-09-04 10:28:41][info][2792670] Parsing bundled libraries: /home/yunwei37/workspace/gpu/bpftime-table1-575/build-table1-575/attach/nv_attach_impl/pass/ptxpass_kprobe_entry/libptxpass_kprobe_entry.so:/home/yunwei37/workspace/gpu/bpftime-table1-575/build-table1-575/attach/nv_attach_impl/pass/ptxpass_kretprobe/libptxpass_kretprobe.so:/home/yunwei37/workspace/gpu/bpftime-table1-575/build-table1-575/attach/nv_attach_impl/pass/ptxpass_kprobe_memcapture/libptxpass_kprobe_memcapture.so
[2026-09-04 10:28:41][info][2792670] Found path: /home/yunwei37/workspace/gpu/bpftime-table1-575/build-table1-575/attach/nv_attach_impl/pass/ptxpass_kprobe_entry/libptxpass_kprobe_entry.so, executing..
[2026-09-04 10:28:41][info][2792670] Retrived config of /home/yunwei37/workspace/gpu/bpftime-table1-575/build-table1-575/attach/nv_attach_impl/pass/ptxpass_kprobe_entry/libptxpass_kprobe_entry.so
[2026-09-04 10:28:41][info][2792670] Found path: /home/yunwei37/workspace/gpu/bpftime-table1-575/build-table1-575/attach/nv_attach_impl/pass/ptxpass_kretprobe/libptxpass_kretprobe.so, executing..
[2026-09-04 10:28:41][info][2792670] Retrived config of /home/yunwei37/workspace/gpu/bpftime-table1-575/build-table1-575/attach/nv_attach_impl/pass/ptxpass_kretprobe/libptxpass_kretprobe.so
[2026-09-04 10:28:41][info][2792670] Found path: /home/yunwei37/workspace/gpu/bpftime-table1-575/build-table1-575/attach/nv_attach_impl/pass/ptxpass_kprobe_memcapture/libptxpass_kprobe_memcapture.so, executing..
[2026-09-04 10:28:41][info][2792670] Retrived config of /home/yunwei37/workspace/gpu/bpftime-table1-575/build-table1-575/attach/nv_attach_impl/pass/ptxpass_kprobe_memcapture/libptxpass_kprobe_memcapture.so
[2026-09-04 10:28:41][info][2792670] Initializing agent..
[2026-09-04 10:28:41][info][2792670] bpftime: shm epoch_seq = 2
[2026-09-04 10:28:41][info][2792670] Instantiating bpf link 61 and the corresponding program cuda__host_look is cuda program
[2026-09-04 10:28:41][info][2792670] Skipping nv attach handler 61 since we are not handling nv handles
[2026-09-04 10:28:41][info][2792670] Instantiating bpf link 61 and the corresponding program cuda__host_look is cuda program
[2026-09-04 10:28:41][info][2792670] Handling link to CUDA program: 61, recording it..
[2026-09-04 10:28:41][info][2792670] Loaded 26 instructions (original) for cuda ebpf program
[2026-09-04 10:28:41][info][2792670] Initializing nv_gpu_shared_array_map_impl at pid 2792670
[2026-09-04 10:28:41][info][2792670] Mapped GPU memory for shared array map: 136071459373056
[2026-09-04 10:28:41][info][2792670] Copying map fd 17 to device, key size=4, value size=8, max ent=32, map_type = 1503, gpu_buffer = 7bc19b000000
[2026-09-04 10:28:41][info][2792670] Initializing nv_gpu_shared_array_host_map_impl at pid 2792670, shared mem addr=7bc3b6229a60
[2026-09-04 10:28:41][info][2792670] Mapped shared memory for GPU access: cpu=7bc3b6229a60, gpu=7bc3b6229a60
[2026-09-04 10:28:41][info][2792670] Copying map fd 18 to device, key size=4, value size=8, max ent=32, map_type = 1513, gpu_buffer = 7bc3b6229a60
[2026-09-04 10:28:41][warning][2792670] Not a GPU map!
[2026-09-04 10:28:41][info][2792670] Copying map fd 19 to device, key size=4, value size=8, max ent=32, map_type = 2, gpu_buffer = 0
[2026-09-04 10:28:41][info][2792670] Initializing nv_gpu_shared_array_map_impl at pid 2792670
[2026-09-04 10:28:41][info][2792670] Mapped GPU memory for shared array map: 136071461470208
[2026-09-04 10:28:41][info][2792670] Copying map fd 20 to device, key size=4, value size=8, max ent=32, map_type = 1503, gpu_buffer = 7bc19b200000
[2026-09-04 10:28:41][info][2792670] Cached shared_mem_ptr at 7bc3b60297d8
[2026-09-04 10:28:41][info][2792670] Recorded pass /home/yunwei37/workspace/gpu/bpftime-table1-575/build-table1-575/attach/nv_attach_impl/pass/ptxpass_kprobe_entry/libptxpass_kprobe_entry.so for func fig15_map_kernel
[2026-09-04 10:28:41][info][2792670] nv_attach_impl: cached 301188 host symbols
[2026-09-04 10:28:41][info][2792670] nv_attach_impl: late attach bootstrap scanning fatbins..
[2026-09-04 10:28:42][info][2792670] nv_attach_impl: targeted late bootstrap selected 1 of 19 loaded module(s)
[2026-09-04 10:28:42][info][2792670] Temporary fatbin written to /tmp/bpftime-fatbin-work.dZRD97/temp.fatbin
[2026-09-04 10:28:42][info][2792670] Extracting PTX in the fatbin...
[2026-09-04 10:28:42][info][2792670] Calling cuobjdump: /usr/local/cuda-12.9/bin/cuobjdump --extract-ptx all /tmp/bpftime-fatbin-work.dZRD97/temp.fatbin
Extracting PTX file and ptxas options    1: map_bench.sm_120.ptx -arch=sm_120  --generate-line-info 
[2026-09-04 10:28:42][info][2792670] Remove extracted files..
[2026-09-04 10:28:42][info][2792670] Got 1 PTX files
[2026-09-04 10:28:42][info][2792670] Loading & patching current fatbin..
[2026-09-04 10:28:42][info][2792705] Patching PTX: map_bench.sm_120.ptx
[2026-09-04 10:28:42][info][2792705] Patching request 73192a9f238375b7168ca7ac31c1a719ca6b59d5be0b466eddd7522b9f9b9485 not found in cache, patching..
[ptxpass] kprobe_entry_stub: matched=1, in=1760, out=3994
[2026-09-04 10:28:42][info][2792670] Using SM arch from BPFTIME_SM_ARCH: sm_120
[2026-09-04 10:28:42][info][2792670] Compiling PTXs with sm_arch sm_120
[2026-09-04 10:28:42][info][2792670] Compiler version: 12.9
[2026-09-04 10:28:42][info][2792729] Start compiling patched.map_bench.sm_120.ptx, not found in cache
[2026-09-04 10:28:42][info][2792729] Compile of patched.map_bench.sm_120.ptx done
[2026-09-04 10:28:42][info][2792670] Loading module: patched.map_bench.sm_120.ptx, not found in cache
[2026-09-04 10:28:42][info][2792670] Copying trampoline data to device
[2026-09-04 10:28:42][info][2792670] constData symbol device_ptr=7bc19b600000 size=8 shared_mem_ptr=7bc3b60297d8
[2026-09-04 10:28:42][info][2792670] map_info symbol device_ptr=7bc19b600008 size=40960
[2026-09-04 10:28:42][info][2792670] Trampoline data copied
[2026-09-04 10:28:42][info][2792670] Loaded module: patched.map_bench.sm_120.ptx
[2026-09-04 10:28:42][info][2792670] nv_attach_impl: ingested fatbin from .nv_fatbin in /home/yunwei37/workspace/gpu/gpu_ext/microbench/fig15-device/.output/map-bench
[2026-09-04 10:28:42][info][2792670] nv_attach_impl: late attach bootstrap ingested 1 fatbin(s)
[2026-09-04 10:28:42][info][2792670] agent ipc: listening (abstract) for pid 2792670
[2026-09-04 10:28:42][info][2792670] Attach successfully
[2026-09-04 10:28:42][info][2792675] Exiting CUDA watcher thread
FIG15_DEVICE	NVIDIA GeForce RTX 5090	12	0	32
FIG15_MEASUREMENT	8	64	0.267295986
FIG15_CORRECT	32	0
