[2026-09-07 18:47:00][warning][1996802] Calling original ioctl: 8 3223340586 140735796752032
[2026-09-07 18:47:00][warning][1996802] Calling original ioctl: 8 3223340586 140735796752048
[2026-09-07 18:47:00][warning][1996802] Calling original ioctl: 8 3223340586 140735796752096
[2026-09-07 18:47:00][warning][1996802] Calling original ioctl: 9 25 140735796756416
[2026-09-07 18:47:00][warning][1996802] Calling original ioctl: 8 3224389163 140735796753680
[2026-09-07 18:47:00][warning][1996802] Calling original ioctl: 9 73 140735796752864
[2026-09-07 18:47:00][warning][1996802] Calling original ioctl: 9 33 140735796743632
[2026-09-07 18:47:00][warning][1996802] Calling original ioctl: 8 3224389163 140735796753360
[2026-09-07 18:47:00][warning][1996802] Calling original ioctl: 9 73 140735796752544
[2026-09-07 18:47:00][warning][1996802] Calling original ioctl: 9 33 140735796743312
[2026-09-07 18:47:00][warning][1996802] Calling original ioctl: 8 3224389163 140735796753360
[2026-09-07 18:47:00][warning][1996802] Calling original ioctl: 9 73 140735796752544
[2026-09-07 18:47:00][warning][1996802] Calling original ioctl: 9 33 140735796743312
[2026-09-07 18:47:00][warning][1996802] Calling original ioctl: 8 3224389163 140735796753856
[2026-09-07 18:47:00][warning][1996802] Calling original ioctl: 9 73 140735796753040
[2026-09-07 18:47:00][warning][1996802] Calling original ioctl: 9 33 140735796743808
[2026-09-07 18:47:00][warning][1996802] Calling original ioctl: 8 3224389163 140735796755536
[2026-09-07 18:47:00][warning][1996802] Calling original ioctl: 8 3224389163 140735796755520
[2026-09-07 18:47:00][warning][1996802] Calling original ioctl: 8 3224389163 140735796751760
[2026-09-07 18:47:00][warning][1996802] Calling original ioctl: 8 3223340586 140735796747344
[2026-09-07 18:47:00][warning][1996802] Calling original ioctl: 8 3224913486 140735796751888
[2026-09-07 18:47:00][warning][1996802] Calling original ioctl: 8 3223864926 140735796751840
[2026-09-07 18:47:00][warning][1996802] Calling original ioctl: 9 73 140735796750944
[2026-09-07 18:47:00][warning][1996802] Calling original ioctl: 9 33 140735796741712
[2026-09-07 18:47:00][warning][1996802] Calling original ioctl: 8 3224389163 140735796751296
[2026-09-07 18:47:00][warning][1996802] Calling original ioctl: 8 3223340586 140735796746880
[2026-09-07 18:47:00][warning][1996802] Calling original ioctl: 8 3224913486 140735796751424
[2026-09-07 18:47:00][warning][1996802] Calling original ioctl: 9 73 140735796750480
[2026-09-07 18:47:00][warning][1996802] Calling original ioctl: 9 33 140735796741248
[2026-09-07 18:47:00][warning][1996802] Calling original ioctl: 8 3224389163 140735796752144
[2026-09-07 18:47:00][warning][1996802] Calling original ioctl: 8 3223340586 140735796747728
[2026-09-07 18:47:00][warning][1996802] Calling original ioctl: 8 3224913486 140735796752272
[2026-09-07 18:47:00][warning][1996802] Calling original ioctl: 8 3224389163 140735796754000
[2026-09-07 18:47:00][warning][1996802] Calling original ioctl: 8 3223340586 140735796750032
[2026-09-07 18:47:00][warning][1996802] Calling original ioctl: 8 3224389163 140735796754288
[2026-09-07 18:47:00][warning][1996802] Calling original ioctl: 8 3223340586 140735796749968
[2026-09-07 18:47:00][warning][1996802] Calling original ioctl: 8 3224389163 140735796754288
[2026-09-07 18:47:00][warning][1996802] Calling original ioctl: 8 3223340586 140735796749968
[2026-09-07 18:47:00][warning][1996802] Calling original ioctl: 8 3223340586 140735796750048
[2026-09-07 18:47:00][warning][1996802] Calling original ioctl: 8 3223340586 140735796750048
[2026-09-07 18:47:00][warning][1996802] Calling original ioctl: 8 3224389163 140735796752944
[2026-09-07 18:47:00][warning][1996802] Calling original ioctl: 8 3223340586 140735796748528
[2026-09-07 18:47:00][warning][1996802] Calling original ioctl: 8 3224913486 140735796753072
[2026-09-07 18:47:00][warning][1996802] Calling original ioctl: 9 73 140735796752128
[2026-09-07 18:47:00][warning][1996802] Calling original ioctl: 9 33 140735796742896
[2026-09-07 18:47:00][warning][1996802] Calling original ioctl: 8 3224389163 140735796752144
[2026-09-07 18:47:00][warning][1996802] Calling original ioctl: 8 3223340586 140735796747728
[2026-09-07 18:47:00][warning][1996802] Calling original ioctl: 8 3224913486 140735796752272
[2026-09-07 18:47:00][warning][1996802] Calling original ioctl: 8 3224389163 140735796754000
[2026-09-07 18:47:00][warning][1996802] Calling original ioctl: 8 3223340586 140735796750032
[2026-09-07 18:47:00][warning][1996802] Calling original ioctl: 8 3224389163 140735796754288
[2026-09-07 18:47:00][warning][1996802] Calling original ioctl: 8 3223340586 140735796749968
[2026-09-07 18:47:00][warning][1996802] Calling original ioctl: 8 3223340586 140735796750048
[2026-09-07 18:47:00][warning][1996802] Calling original ioctl: 8 3223340586 140735796750048
[2026-09-07 18:47:00][warning][1996802] Calling original ioctl: 8 3224389163 140735796752144
[2026-09-07 18:47:00][warning][1996802] Calling original ioctl: 8 3223340586 140735796747728
[2026-09-07 18:47:00][warning][1996802] Calling original ioctl: 8 3224913486 140735796752272
[2026-09-07 18:47:00][warning][1996802] Calling original ioctl: 8 3224389163 140735796754000
[2026-09-07 18:47:00][warning][1996802] Calling original ioctl: 8 3223340586 140735796750032
[2026-09-07 18:47:00][warning][1996802] Calling original ioctl: 8 3224389163 140735796754288
[2026-09-07 18:47:00][warning][1996802] Calling original ioctl: 8 3223340586 140735796749968
[2026-09-07 18:47:00][warning][1996802] Calling original ioctl: 8 3224389163 140735796754288
[2026-09-07 18:47:00][warning][1996802] Calling original ioctl: 8 3223340586 140735796749968
[2026-09-07 18:47:00][warning][1996802] Calling original ioctl: 8 3223340586 140735796750048
[2026-09-07 18:47:00][warning][1996802] Calling original ioctl: 8 3223340586 140735796750048
[2026-09-07 18:47:00][warning][1996802] Calling original ioctl: 8 3224389163 140735796752144
[2026-09-07 18:47:00][warning][1996802] Calling original ioctl: 8 3223340586 140735796747728
[2026-09-07 18:47:00][warning][1996802] Calling original ioctl: 8 3224913486 140735796752272
[2026-09-07 18:47:00][warning][1996802] Calling original ioctl: 8 3224389163 140735796754000
[2026-09-07 18:47:00][warning][1996802] Calling original ioctl: 8 3223340586 140735796750032
[2026-09-07 18:47:00][warning][1996802] Calling original ioctl: 8 3224389163 140735796754288
[2026-09-07 18:47:00][warning][1996802] Calling original ioctl: 8 3223340586 140735796749968
[2026-09-07 18:47:00][warning][1996802] Calling original ioctl: 8 3223340586 140735796750048
[2026-09-07 18:47:00][warning][1996802] Calling original ioctl: 8 3223340586 140735796750048
[2026-09-07 18:47:00][warning][1996802] Calling original ioctl: 8 3224389163 140735796752144
[2026-09-07 18:47:00][warning][1996802] Calling original ioctl: 8 3223340586 140735796747728
[2026-09-07 18:47:00][warning][1996802] Calling original ioctl: 8 3224913486 140735796752272
[2026-09-07 18:47:00][warning][1996802] Calling original ioctl: 8 3224389163 140735796754000
[2026-09-07 18:47:00][warning][1996802] Calling original ioctl: 8 3223340586 140735796750032
[2026-09-07 18:47:00][warning][1996802] Calling original ioctl: 8 3224389163 140735796754288
[2026-09-07 18:47:00][warning][1996802] Calling original ioctl: 8 3223340586 140735796749968
[2026-09-07 18:47:00][warning][1996802] Calling original ioctl: 8 3224389163 140735796754288
[2026-09-07 18:47:00][warning][1996802] Calling original ioctl: 8 3223340586 140735796749968
[2026-09-07 18:47:00][warning][1996802] Calling original ioctl: 8 3223340586 140735796750048
[2026-09-07 18:47:00][warning][1996802] Calling original ioctl: 8 3223340586 140735796750048
[2026-09-07 18:47:00][warning][1996802] Calling original ioctl: 8 3224389163 140735796752144
[2026-09-07 18:47:00][warning][1996802] Calling original ioctl: 8 3223340586 140735796747728
[2026-09-07 18:47:00][warning][1996802] Calling original ioctl: 8 3224913486 140735796752272
[2026-09-07 18:47:00][warning][1996802] Calling original ioctl: 8 3224389163 140735796754000
[2026-09-07 18:47:00][warning][1996802] Calling original ioctl: 8 3223340586 140735796750032
[2026-09-07 18:47:00][warning][1996802] Calling original ioctl: 8 3224389163 140735796754288
[2026-09-07 18:47:00][warning][1996802] Calling original ioctl: 8 3223340586 140735796749968
[2026-09-07 18:47:00][warning][1996802] Calling original ioctl: 8 3223340586 140735796750048
[2026-09-07 18:47:00][warning][1996802] Calling original ioctl: 8 3223340586 140735796750048
[2026-09-07 18:47:00][warning][1996802] Calling original ioctl: 8 3224389163 140735796752144
[2026-09-07 18:47:00][warning][1996802] Calling original ioctl: 8 3223340586 140735796747728
[2026-09-07 18:47:00][warning][1996802] Calling original ioctl: 8 3224913486 140735796752272
[2026-09-07 18:47:00][warning][1996802] Calling original ioctl: 8 3224389163 140735796754000
[2026-09-07 18:47:00][warning][1996802] Calling original ioctl: 8 3223340586 140735796750032
[2026-09-07 18:47:00][warning][1996802] Calling original ioctl: 8 3224389163 140735796754288
[2026-09-07 18:47:00][warning][1996802] Calling original ioctl: 8 3223340586 140735796749968
[2026-09-07 18:47:00][warning][1996802] Calling original ioctl: 8 3224389163 140735796754288
[2026-09-07 18:47:00][warning][1996802] Calling original ioctl: 8 3223340586 140735796749968
[2026-09-07 18:47:00][warning][1996802] Calling original ioctl: 8 3223340586 140735796750048
[2026-09-07 18:47:00][warning][1996802] Calling original ioctl: 8 3223340586 140735796750048
[2026-09-07 18:47:00][warning][1996802] Calling original ioctl: 8 3224389163 140735796752144
[2026-09-07 18:47:00][warning][1996802] Calling original ioctl: 8 3223340586 140735796747728
[2026-09-07 18:47:00][warning][1996802] Calling original ioctl: 8 3224913486 140735796752272
[2026-09-07 18:47:00][warning][1996802] Calling original ioctl: 8 3224389163 140735796754000
[2026-09-07 18:47:00][warning][1996802] Calling original ioctl: 8 3223340586 140735796750032
[2026-09-07 18:47:00][warning][1996802] Calling original ioctl: 8 3224389163 140735796754288
[2026-09-07 18:47:00][warning][1996802] Calling original ioctl: 8 3223340586 140735796749968
[2026-09-07 18:47:00][warning][1996802] Calling original ioctl: 8 3223340586 140735796750048
[2026-09-07 18:47:00][warning][1996802] Calling original ioctl: 8 3223340586 140735796750048
[2026-09-07 18:47:00][warning][1996802] Calling original ioctl: 9 27 140735796755968
[2026-09-07 18:47:00][warning][1996802] Calling original ioctl: 9 27 140735796755968
[2026-09-07 18:47:00][warning][1996802] Calling original ioctl: 9 27 140735796755968
[2026-09-07 18:47:00][warning][1996802] Calling original ioctl: 9 27 140735796755968
[2026-09-07 18:47:00][warning][1996802] Calling original ioctl: 9 27 140735796755968
[2026-09-07 18:47:00][warning][1996802] Calling original ioctl: 9 27 140735796755968
[2026-09-07 18:47:00][warning][1996802] Calling original ioctl: 9 27 140735796755968
[2026-09-07 18:47:00][warning][1996802] Calling original ioctl: 9 27 140735796755968
[2026-09-07 18:47:00][warning][1996802] Calling original ioctl: 8 3223340586 140735796751632
[2026-09-07 18:47:00][warning][1996802] Calling original ioctl: 17 3221505737 140735796755728
[2026-09-07 18:47:00][warning][1996802] Calling original ioctl: 17 3222292174 140735796755712
[2026-09-07 18:47:00][warning][1996802] Calling original ioctl: 17 3224389163 140735796755696
[2026-09-07 18:47:00][warning][1996802] Calling original ioctl: 8 3224389163 140735796755536
[2026-09-07 18:47:00][warning][1996802] Calling original ioctl: 8 3224389163 140735796752144
[2026-09-07 18:47:00][warning][1996802] Calling original ioctl: 8 3223340586 140735796747728
[2026-09-07 18:47:00][warning][1996802] Calling original ioctl: 8 3224913486 140735796752272
[2026-09-07 18:47:00][warning][1996802] Calling original ioctl: 8 3224389163 140735796754000
[2026-09-07 18:47:00][warning][1996802] Calling original ioctl: 8 3223340586 140735796750032
[2026-09-07 18:47:00][warning][1996802] Calling original ioctl: 8 3224389163 140735796754288
[2026-09-07 18:47:00][warning][1996802] Calling original ioctl: 8 3223340586 140735796749968
[2026-09-07 18:47:00][warning][1996802] Calling original ioctl: 8 3223340586 140735796750048
[2026-09-07 18:47:00][warning][1996802] Calling original ioctl: 8 3224389163 140735796752144
[2026-09-07 18:47:00][warning][1996802] Calling original ioctl: 8 3223340586 140735796747728
[2026-09-07 18:47:00][warning][1996802] Calling original ioctl: 8 3224913486 140735796752272
[2026-09-07 18:47:00][warning][1996802] Calling original ioctl: 8 3224389163 140735796754000
[2026-09-07 18:47:00][warning][1996802] Calling original ioctl: 8 3223340586 140735796750032
[2026-09-07 18:47:00][warning][1996802] Calling original ioctl: 8 3224389163 140735796754288
[2026-09-07 18:47:00][warning][1996802] Calling original ioctl: 8 3223340586 140735796749968
[2026-09-07 18:47:00][warning][1996802] Calling original ioctl: 8 3223340586 140735796750048
[2026-09-07 18:47:00][warning][1996802] Calling original ioctl: 8 3224389163 140735796752144
[2026-09-07 18:47:00][warning][1996802] Calling original ioctl: 8 3223340586 140735796747728
[2026-09-07 18:47:00][warning][1996802] Calling original ioctl: 8 3224913486 140735796752272
[2026-09-07 18:47:00][warning][1996802] Calling original ioctl: 8 3224389163 140735796754000
[2026-09-07 18:47:00][warning][1996802] Calling original ioctl: 8 3223340586 140735796750032
[2026-09-07 18:47:00][warning][1996802] Calling original ioctl: 8 3224389163 140735796754288
[2026-09-07 18:47:00][warning][1996802] Calling original ioctl: 8 3223340586 140735796749968
[2026-09-07 18:47:00][warning][1996802] Calling original ioctl: 8 3223340586 140735796750048
[2026-09-07 18:47:00][warning][1996802] Calling original ioctl: 8 3224389163 140735796752144
[2026-09-07 18:47:00][warning][1996802] Calling original ioctl: 8 3223340586 140735796747728
[2026-09-07 18:47:00][warning][1996802] Calling original ioctl: 8 3224913486 140735796752272
[2026-09-07 18:47:00][warning][1996802] Calling original ioctl: 8 3224389163 140735796754000
[2026-09-07 18:47:00][warning][1996802] Calling original ioctl: 8 3223340586 140735796750032
[2026-09-07 18:47:00][warning][1996802] Calling original ioctl: 8 3224389163 140735796754288
[2026-09-07 18:47:00][warning][1996802] Calling original ioctl: 8 3223340586 140735796749968
[2026-09-07 18:47:00][warning][1996802] Calling original ioctl: 8 3223340586 140735796750048
[2026-09-07 18:47:00][warning][1996802] Calling original ioctl: 9 27 140735796755968
[2026-09-07 18:47:00][warning][1996802] Calling original ioctl: 9 27 140735796755968
[2026-09-07 18:47:00][warning][1996802] Calling original ioctl: 9 27 140735796755968
[2026-09-07 18:47:00][warning][1996802] Calling original ioctl: 9 27 140735796755968
[2026-09-07 18:47:00][warning][1996802] Calling original ioctl: 8 3223340586 140735796751632
[2026-09-07 18:47:00][warning][1996802] Calling original ioctl: 19 3221505737 140735796755728
[2026-09-07 18:47:00][warning][1996802] Calling original ioctl: 19 3222292174 140735796755712
[2026-09-07 18:47:00][warning][1996802] Calling original ioctl: 19 3224389163 140735796755696
[2026-09-07 18:47:00][warning][1996802] Calling original ioctl: 8 3224389163 140735796755536
[2026-09-07 18:47:00][warning][1996802] Calling original ioctl: 8 3224389163 140735796752144
[2026-09-07 18:47:00][warning][1996802] Calling original ioctl: 8 3223340586 140735796747728
[2026-09-07 18:47:00][warning][1996802] Calling original ioctl: 8 3224913486 140735796752272
[2026-09-07 18:47:00][warning][1996802] Calling original ioctl: 8 3224389163 140735796754000
[2026-09-07 18:47:00][warning][1996802] Calling original ioctl: 8 3223340586 140735796750032
[2026-09-07 18:47:00][warning][1996802] Calling original ioctl: 8 3224389163 140735796754288
[2026-09-07 18:47:00][warning][1996802] Calling original ioctl: 8 3223340586 140735796749968
[2026-09-07 18:47:00][warning][1996802] Calling original ioctl: 8 3223340586 140735796750048
[2026-09-07 18:47:00][warning][1996802] Calling original ioctl: 8 3224389163 140735796752144
[2026-09-07 18:47:00][warning][1996802] Calling original ioctl: 8 3223340586 140735796747728
[2026-09-07 18:47:00][warning][1996802] Calling original ioctl: 8 3224913486 140735796752272
[2026-09-07 18:47:00][warning][1996802] Calling original ioctl: 8 3224389163 140735796754000
[2026-09-07 18:47:00][warning][1996802] Calling original ioctl: 8 3223340586 140735796750032
[2026-09-07 18:47:00][warning][1996802] Calling original ioctl: 8 3224389163 140735796754288
[2026-09-07 18:47:00][warning][1996802] Calling original ioctl: 8 3223340586 140735796749968
[2026-09-07 18:47:00][warning][1996802] Calling original ioctl: 8 3223340586 140735796750048
[2026-09-07 18:47:00][warning][1996802] Calling original ioctl: 8 3224389163 140735796752144
[2026-09-07 18:47:00][warning][1996802] Calling original ioctl: 8 3223340586 140735796747728
[2026-09-07 18:47:00][warning][1996802] Calling original ioctl: 8 3224913486 140735796752272
[2026-09-07 18:47:00][warning][1996802] Calling original ioctl: 8 3224389163 140735796754000
[2026-09-07 18:47:00][warning][1996802] Calling original ioctl: 8 3223340586 140735796750032
[2026-09-07 18:47:00][warning][1996802] Calling original ioctl: 8 3224389163 140735796754288
[2026-09-07 18:47:00][warning][1996802] Calling original ioctl: 8 3223340586 140735796749968
[2026-09-07 18:47:00][warning][1996802] Calling original ioctl: 8 3223340586 140735796750048
[2026-09-07 18:47:00][warning][1996802] Calling original ioctl: 8 3224389163 140735796752144
[2026-09-07 18:47:00][warning][1996802] Calling original ioctl: 8 3223340586 140735796747728
[2026-09-07 18:47:00][warning][1996802] Calling original ioctl: 8 3224913486 140735796752272
[2026-09-07 18:47:00][warning][1996802] Calling original ioctl: 8 3224389163 140735796754000
[2026-09-07 18:47:00][warning][1996802] Calling original ioctl: 8 3223340586 140735796750032
[2026-09-07 18:47:00][warning][1996802] Calling original ioctl: 8 3224389163 140735796754288
[2026-09-07 18:47:00][warning][1996802] Calling original ioctl: 8 3223340586 140735796749968
[2026-09-07 18:47:00][warning][1996802] Calling original ioctl: 8 3223340586 140735796750048
[2026-09-07 18:47:00][warning][1996802] Calling original ioctl: 9 27 140735796755968
[2026-09-07 18:47:00][warning][1996802] Calling original ioctl: 9 27 140735796755968
[2026-09-07 18:47:00][warning][1996802] Calling original ioctl: 9 27 140735796755968
[2026-09-07 18:47:00][warning][1996802] Calling original ioctl: 9 27 140735796755968
[2026-09-07 18:47:00][warning][1996802] Calling original ioctl: 8 3223340586 140735796751632
[2026-09-07 18:47:00][warning][1996802] Calling original ioctl: 21 3221505737 140735796755728
[2026-09-07 18:47:00][warning][1996802] Calling original ioctl: 21 3222292174 140735796755712
[2026-09-07 18:47:00][warning][1996802] Calling original ioctl: 21 3224389163 140735796755696
[2026-09-07 18:47:00][warning][1996802] Calling original ioctl: 8 3224389163 140735796753168
[2026-09-07 18:47:00][warning][1996802] Calling original ioctl: 8 3223340586 140735796748752
[2026-09-07 18:47:00][warning][1996802] Calling original ioctl: 8 3224913486 140735796753296
[2026-09-07 18:47:00][warning][1996802] Calling original ioctl: 9 73 140735796752352
[2026-09-07 18:47:00][warning][1996802] Calling original ioctl: 9 33 140735796743120
[2026-09-07 18:47:00][warning][1996802] Calling original ioctl: 8 3224389163 140735796753472
[2026-09-07 18:47:00][warning][1996802] Calling original ioctl: 9 73 140735796752656
[2026-09-07 18:47:00][warning][1996802] Calling original ioctl: 9 33 140735796743424
[2026-09-07 18:47:00][warning][1996802] Calling original ioctl: 9 68 140735796742816
[2026-09-07 18:47:00][warning][1996802] Calling original ioctl: 9 72 140735796751920
[2026-09-07 18:47:00][warning][1996802] Calling original ioctl: 9 23 140735796756272
[2026-09-07 18:47:00][warning][1996802] Calling original ioctl: 9 23 140735796756272
[2026-09-07 18:47:00][warning][1996802] Calling original ioctl: 9 23 140735796756272
[2026-09-07 18:47:00][warning][1996802] Calling original ioctl: 9 23 140735796756272
[2026-09-07 18:47:00][warning][1996802] Calling original ioctl: 8 3224389163 140735796753472
[2026-09-07 18:47:00][warning][1996802] Calling original ioctl: 9 73 140735796752656
[2026-09-07 18:47:00][warning][1996802] Calling original ioctl: 9 33 140735796743424
[2026-09-07 18:47:00][warning][1996802] Calling original ioctl: 9 23 140735796756272
[2026-09-07 18:47:00][warning][1996802] Calling original ioctl: 9 23 140735796756272
[2026-09-07 18:47:00][warning][1996802] Calling original ioctl: 9 23 140735796756272
[2026-09-07 18:47:00][warning][1996802] Calling original ioctl: 8 3224389163 140735796752896
[2026-09-07 18:47:00][warning][1996802] Calling original ioctl: 8 3223340586 140735796748480
[2026-09-07 18:47:00][warning][1996802] Calling original ioctl: 8 3224913486 140735796753024
[2026-09-07 18:47:00][warning][1996802] Calling original ioctl: 9 73 140735796752080
[2026-09-07 18:47:00][warning][1996802] Calling original ioctl: 9 33 140735796742848
[2026-09-07 18:47:00][warning][1996802] Calling original ioctl: 12 3224913447 140735796752880
[2026-09-07 18:47:00][warning][1996802] Calling original ioctl: 9 73 140735796752080
[2026-09-07 18:47:00][warning][1996802] Calling original ioctl: 9 33 140735796742848
[2026-09-07 18:47:00][warning][1996802] Calling original ioctl: 8 3224389163 140735796753760
[2026-09-07 18:47:00][warning][1996802] Calling original ioctl: 9 73 140735796752944
[2026-09-07 18:47:00][warning][1996802] Calling original ioctl: 9 33 140735796743712
[2026-09-07 18:47:00][warning][1996802] Calling original ioctl: 12 3224913447 140735796753136
[2026-09-07 18:47:00][warning][1996802] Calling original ioctl: 9 73 140735796752336
[2026-09-07 18:47:00][warning][1996802] Calling original ioctl: 9 33 140735796743104
[2026-09-07 18:47:00][warning][1996802] Calling original ioctl: 8 3224389163 140735796753152
[2026-09-07 18:47:00][warning][1996802] Calling original ioctl: 9 73 140735796752336
[2026-09-07 18:47:00][warning][1996802] Calling original ioctl: 9 33 140735796743104
[2026-09-07 18:47:00][warning][1996802] Calling original ioctl: 9 65 140735796753424
[2026-09-07 18:47:00][warning][1996802] Calling original ioctl: 12 3224913447 140735796754240
[2026-09-07 18:47:00][warning][1996802] Calling original ioctl: 9 73 140735796753440
[2026-09-07 18:47:00][warning][1996802] Calling original ioctl: 9 33 140735796744208
[2026-09-07 18:47:00][warning][1996802] Calling original ioctl: 8 3224389163 140735796754256
[2026-09-07 18:47:00][warning][1996802] Calling original ioctl: 9 73 140735796753440
[2026-09-07 18:47:00][warning][1996802] Calling original ioctl: 9 33 140735796744208
[2026-09-07 18:47:00][warning][1996802] Calling original ioctl: 8 3224389163 140735796753824
[2026-09-07 18:47:00][warning][1996802] Calling original ioctl: 8 3223340586 140735796749408
[2026-09-07 18:47:00][warning][1996802] Calling original ioctl: 8 3224913486 140735796753952
[2026-09-07 18:47:00][warning][1996802] Calling original ioctl: 9 73 140735796753008
[2026-09-07 18:47:00][warning][1996802] Calling original ioctl: 9 33 140735796743776
[2026-09-07 18:47:00][warning][1996802] Calling original ioctl: 8 3224389163 140735796751536
[2026-09-07 18:47:00][warning][1996802] Calling original ioctl: 9 73 140735796750720
[2026-09-07 18:47:00][warning][1996802] Calling original ioctl: 9 33 140735796741488
[2026-09-07 18:47:00][warning][1996802] Calling original ioctl: 8 3224389163 140735796751456
[2026-09-07 18:47:00][warning][1996802] Calling original ioctl: 9 73 140735796750640
[2026-09-07 18:47:00][warning][1996802] Calling original ioctl: 9 33 140735796741408
[2026-09-07 18:47:00][warning][1996802] Calling original ioctl: 8 3224389163 140735796751456
[2026-09-07 18:47:00][warning][1996802] Calling original ioctl: 9 73 140735796750640
[2026-09-07 18:47:00][warning][1996802] Calling original ioctl: 9 33 140735796741408
[2026-09-07 18:47:00][warning][1996802] Calling original ioctl: 12 3224913447 140735796753792
[2026-09-07 18:47:00][warning][1996802] Calling original ioctl: 9 73 140735796752992
[2026-09-07 18:47:00][warning][1996802] Calling original ioctl: 9 33 140735796743760
[2026-09-07 18:47:00][warning][1996802] Calling original ioctl: 8 3224389163 140735796756400
[2026-09-07 18:47:00][warning][1996802] Calling original ioctl: 8 3224389163 140735796753296
[2026-09-07 18:47:00][warning][1996802] Calling original ioctl: 8 3223340586 140735796748880
[2026-09-07 18:47:00][warning][1996802] Calling original ioctl: 8 3224913486 140735796753424
[2026-09-07 18:47:00][warning][1996802] Calling original ioctl: 9 73 140735796752480
[2026-09-07 18:47:00][warning][1996802] Calling original ioctl: 9 33 140735796743248
[2026-09-07 18:47:00][warning][1996802] Calling original ioctl: 8 3224389163 140735796753616
[2026-09-07 18:47:00][warning][1996802] Calling original ioctl: 9 73 140735796752800
[2026-09-07 18:47:00][warning][1996802] Calling original ioctl: 9 33 140735796743568
[2026-09-07 18:47:00][warning][1996802] Calling original ioctl: 8 3224389163 140735796753616
[2026-09-07 18:47:00][warning][1996802] Calling original ioctl: 9 73 140735796752800
[2026-09-07 18:47:00][warning][1996802] Calling original ioctl: 9 33 140735796743568
[2026-09-07 18:47:00][warning][1996802] Calling original ioctl: 24 3221505737 140735796756064
[2026-09-07 18:47:00][warning][1996802] Calling original ioctl: 24 3222292174 140735796756048
[2026-09-07 18:47:00][warning][1996802] Calling original ioctl: 24 3224389163 140735796756032
[2026-09-07 18:47:00][warning][1996802] Calling original ioctl: 26 3221505737 140735796756064
[2026-09-07 18:47:00][warning][1996802] Calling original ioctl: 26 3222292174 140735796756048
[2026-09-07 18:47:00][warning][1996802] Calling original ioctl: 26 3224389163 140735796756032
[2026-09-07 18:47:00][warning][1996802] Calling original ioctl: 28 3221505737 140735796756064
[2026-09-07 18:47:00][warning][1996802] Calling original ioctl: 28 3222292174 140735796756048
[2026-09-07 18:47:00][warning][1996802] Calling original ioctl: 28 3224389163 140735796756032
[2026-09-07 18:47:00][warning][1996802] Calling original ioctl: 30 3221505737 140735796756064
[2026-09-07 18:47:00][warning][1996802] Calling original ioctl: 30 3222292174 140735796756048
[2026-09-07 18:47:00][warning][1996802] Calling original ioctl: 30 3224389163 140735796756032
[2026-09-07 18:47:00][warning][1996802] Calling original ioctl: 8 3223340586 140735796751776
[2026-09-07 18:47:00][warning][1996802] Calling original ioctl: 8 3223340586 140735796751952
[2026-09-07 18:47:00][warning][1996802] Calling original ioctl: 8 3223340586 140735796752112
[2026-09-07 18:47:00][warning][1996802] Calling original ioctl: 8 3224389163 140735796753584
[2026-09-07 18:47:00][warning][1996802] Calling original ioctl: 9 73 140735796752768
[2026-09-07 18:47:00][warning][1996802] Calling original ioctl: 9 33 140735796743536
[2026-09-07 18:47:00][warning][1996802] Calling original ioctl: 8 3223340586 140735796752112
libbpf: loading object 'onevalue_array_bpf' from buffer
libbpf: elf: section(2) .symtab, size 264, link 1, flags 0, type=2
libbpf: elf: section(3) kretprobe/_Z9rope_normILb1ELb0Ef6__halfEvPKT1_PT2_iiiiiPKifff14rope_corr_dimsfPKfPKli, size 816, link 0, flags 6, type=1
libbpf: sec 'kretprobe/_Z9rope_normILb1ELb0Ef6__halfEvPKT1_PT2_iiiiiPKifff14rope_corr_dimsfPKfPKli': found program 'cuda__retprobe' at insn offset 0 (0 bytes), code size 102 insns (816 bytes)
libbpf: elf: section(4) .maps, size 32, link 0, flags 3, type=1
libbpf: elf: section(5) license, size 4, link 0, flags 3, type=1
libbpf: license of onevalue_array_bpf is GPL
libbpf: elf: section(6) .relkretprobe/_Z9rope_normILb1ELb0Ef6__halfEvPKT1_PT2_iiiiiPKifff14rope_corr_dimsfPKfPKli, size 16, link 2, flags 40, type=9
libbpf: elf: section(7) .BTF, size 2230, link 0, flags 0, type=1
libbpf: elf: section(8) .BTF.ext, size 768, link 0, flags 0, type=1
libbpf: looking for externs among 11 symbols...
libbpf: collected 0 externs total
libbpf: map 'arena': at sec_idx 4, offset 0.
libbpf: map 'arena': found type = 1503.
libbpf: map 'arena': found key [8], sz = 4.
libbpf: map 'arena': found value [12], sz = 23199768.
libbpf: map 'arena': found max_entries = 1.
libbpf: sec '.relkretprobe/_Z9rope_normILb1ELb0Ef6__halfEvPKT1_PT2_iiiiiPKifff14rope_corr_dimsfPKfPKli': collecting relocation for section(3) 'kretprobe/_Z9rope_normILb1ELb0Ef6__halfEvPKT1_PT2_iiiiiPKifff14rope_corr_dimsfPKfPKli'
libbpf: sec '.relkretprobe/_Z9rope_normILb1ELb0Ef6__halfEvPKT1_PT2_iiiiiPKifff14rope_corr_dimsfPKfPKli': relo #0: insn #47 against 'arena'
libbpf: prog 'cuda__retprobe': found map 0 (arena, sec 4, off 0) for insn #47
libbpf: object 'onevalue_array_': failed (-EACCES) to open BPF FS mount at '/sys/fs/bpf', skipping optional step...
libbpf: Kernel doesn't support BTF, skipping uploading it.
libbpf: map 'arena': created successfully, fd=34
One-value map type: 1503
One-value map max entries: 1
One-value map value bytes: 23199768
One-value probe attached; waiting for SIGINT
[2026-09-07 18:47:16][warning][1996810] Calling original ioctl: 8 3223340586 129680372758128
[2026-09-07 18:48:38][warning][1996802] Calling original ioctl: 8 3223340586 140735796745440
One-value drain bytes: 23199768
One-value drain time ns: 10901491
Warp append counters total: 720896
Active warps: 16384
Coordinate extent x: 16384
Stored events: 720896
Event coordinate mismatches: 0
Reserved total committed (device): 0
Overflow events: 0
Out-of-range events: 0
Nonzero timestamps: 720896
[2026-09-07 18:48:38][warning][1996802] Calling original ioctl: 9 34 140735796755120
[2026-09-07 18:48:38][warning][1996802] Calling original ioctl: 8 3222292009 140735796755280
[2026-09-07 18:48:38][warning][1996802] Calling original ioctl: 9 34 140735796757712
[2026-09-07 18:48:38][warning][1996802] Calling original ioctl: 8 3222292009 140735796757872
[2026-09-07 18:48:38][warning][1996802] Calling original ioctl: 9 34 140735796757712
[2026-09-07 18:48:38][warning][1996802] Calling original ioctl: 8 3222292009 140735796757872
[2026-09-07 18:48:38][warning][1996802] Calling original ioctl: 8 3222292009 140735796758592
[2026-09-07 18:48:38][warning][1996802] Calling original ioctl: 26 3222292175 140735796758608
[2026-09-07 18:48:38][warning][1996802] Calling original ioctl: 8 3222292009 140735796758592
[2026-09-07 18:48:38][warning][1996802] Calling original ioctl: 28 3222292175 140735796758608
[2026-09-07 18:48:38][warning][1996802] Calling original ioctl: 8 3222292009 140735796758592
[2026-09-07 18:48:38][warning][1996802] Calling original ioctl: 24 3222292175 140735796758608
[2026-09-07 18:48:38][warning][1996802] Calling original ioctl: 8 3222292009 140735796758592
[2026-09-07 18:48:38][warning][1996802] Calling original ioctl: 30 3222292175 140735796758608
[2026-09-07 18:48:38][warning][1996802] Calling original ioctl: 9 34 140735796757616
[2026-09-07 18:48:38][warning][1996802] Calling original ioctl: 8 3222292009 140735796757776
[2026-09-07 18:48:38][warning][1996802] Calling original ioctl: 9 34 140735796757616
[2026-09-07 18:48:38][warning][1996802] Calling original ioctl: 8 3222292009 140735796757776
[2026-09-07 18:48:38][warning][1996802] Calling original ioctl: 9 34 140735796757744
[2026-09-07 18:48:38][warning][1996802] Calling original ioctl: 8 3223340623 140735796757952
[2026-09-07 18:48:38][warning][1996802] Calling original ioctl: 8 3222292009 140735796757904
[2026-09-07 18:48:38][warning][1996802] Calling original ioctl: 8 3222292009 140735796758672
[2026-09-07 18:48:38][warning][1996802] Calling original ioctl: 9 34 140735796757728
[2026-09-07 18:48:38][warning][1996802] Calling original ioctl: 8 3222292009 140735796757888
[2026-09-07 18:48:38][warning][1996802] Calling original ioctl: 9 34 140735796757728
[2026-09-07 18:48:38][warning][1996802] Calling original ioctl: 8 3223340623 140735796757936
[2026-09-07 18:48:38][warning][1996802] Calling original ioctl: 8 3222292009 140735796757888
[2026-09-07 18:48:38][warning][1996802] Calling original ioctl: 8 3223340586 140735796753600
[2026-09-07 18:48:38][warning][1996802] Calling original ioctl: 9 34 140735796757552
[2026-09-07 18:48:38][warning][1996802] Calling original ioctl: 8 3222292009 140735796757712
[2026-09-07 18:48:38][warning][1996802] Calling original ioctl: 8 3223340586 140735796753600
[2026-09-07 18:48:38][warning][1996802] Calling original ioctl: 9 34 140735796757552
[2026-09-07 18:48:38][warning][1996802] Calling original ioctl: 8 3222292009 140735796757712
[2026-09-07 18:48:38][warning][1996802] Calling original ioctl: 8 3223340586 140735796753600
[2026-09-07 18:48:38][warning][1996802] Calling original ioctl: 9 34 140735796757552
[2026-09-07 18:48:38][warning][1996802] Calling original ioctl: 8 3222292009 140735796757712
[2026-09-07 18:48:38][warning][1996802] Calling original ioctl: 8 3223340586 140735796754496
[2026-09-07 18:48:38][warning][1996802] Calling original ioctl: 9 34 140735796757776
[2026-09-07 18:48:38][warning][1996802] Calling original ioctl: 9 34 140735796757776
[2026-09-07 18:48:38][warning][1996802] Calling original ioctl: 8 3222292009 140735796757936
[2026-09-07 18:48:38][warning][1996802] Calling original ioctl: 9 34 140735796757776
[2026-09-07 18:48:38][warning][1996802] Calling original ioctl: 8 3222292009 140735796757936
[2026-09-07 18:48:38][warning][1996802] Calling original ioctl: 9 34 140735796757728
[2026-09-07 18:48:38][warning][1996802] Calling original ioctl: 8 3223340623 140735796757936
[2026-09-07 18:48:38][warning][1996802] Calling original ioctl: 8 3222292009 140735796757888
[2026-09-07 18:48:38][warning][1996802] Calling original ioctl: 9 24 140735796758768
[2026-09-07 18:48:38][warning][1996802] Calling original ioctl: 9 24 140735796758768
[2026-09-07 18:48:38][warning][1996802] Calling original ioctl: 9 24 140735796758800
[2026-09-07 18:48:38][warning][1996802] Calling original ioctl: 9 24 140735796758768
[2026-09-07 18:48:38][warning][1996802] Calling original ioctl: 9 24 140735796758768
[2026-09-07 18:48:38][warning][1996802] Calling original ioctl: 9 24 140735796758768
[2026-09-07 18:48:38][warning][1996802] Calling original ioctl: 9 24 140735796758768
[2026-09-07 18:48:38][warning][1996802] Calling original ioctl: 9 34 140735796757664
[2026-09-07 18:48:38][warning][1996802] Calling original ioctl: 8 3222292009 140735796757824
[2026-09-07 18:48:38][warning][1996802] Calling original ioctl: 9 34 140735796757664
[2026-09-07 18:48:38][warning][1996802] Calling original ioctl: 8 3222292009 140735796757824
[2026-09-07 18:48:38][warning][1996802] Calling original ioctl: 9 34 140735796757776
[2026-09-07 18:48:38][warning][1996802] Calling original ioctl: 8 3222292009 140735796757936
[2026-09-07 18:48:38][warning][1996802] Calling original ioctl: 8 3222292009 140735796758512
[2026-09-07 18:48:38][warning][1996802] Calling original ioctl: 17 3222292175 140735796758528
[2026-09-07 18:48:38][warning][1996802] Calling original ioctl: 9 28 140735796758640
[2026-09-07 18:48:38][warning][1996802] Calling original ioctl: 9 28 140735796758640
[2026-09-07 18:48:38][warning][1996802] Calling original ioctl: 9 28 140735796758640
[2026-09-07 18:48:38][warning][1996802] Calling original ioctl: 9 28 140735796758640
[2026-09-07 18:48:38][warning][1996802] Calling original ioctl: 9 28 140735796758640
[2026-09-07 18:48:38][warning][1996802] Calling original ioctl: 9 28 140735796758640
[2026-09-07 18:48:38][warning][1996802] Calling original ioctl: 9 28 140735796758640
[2026-09-07 18:48:38][warning][1996802] Calling original ioctl: 9 28 140735796758640
[2026-09-07 18:48:38][warning][1996802] Calling original ioctl: 8 3222292009 140735796758400
[2026-09-07 18:48:38][warning][1996802] Calling original ioctl: 8 3222292009 140735796758400
[2026-09-07 18:48:38][warning][1996802] Calling original ioctl: 8 3222292009 140735796758448
[2026-09-07 18:48:38][warning][1996802] Calling original ioctl: 8 3223340623 140735796757712
[2026-09-07 18:48:38][warning][1996802] Calling original ioctl: 8 3222292009 140735796757664
[2026-09-07 18:48:38][warning][1996802] Calling original ioctl: 8 3222292009 140735796758400
[2026-09-07 18:48:38][warning][1996802] Calling original ioctl: 8 3222292009 140735796758448
[2026-09-07 18:48:38][warning][1996802] Calling original ioctl: 8 3223340623 140735796757712
[2026-09-07 18:48:38][warning][1996802] Calling original ioctl: 8 3222292009 140735796757664
[2026-09-07 18:48:38][warning][1996802] Calling original ioctl: 8 3222292009 140735796758400
[2026-09-07 18:48:38][warning][1996802] Calling original ioctl: 8 3222292009 140735796758400
[2026-09-07 18:48:38][warning][1996802] Calling original ioctl: 8 3222292009 140735796758448
[2026-09-07 18:48:38][warning][1996802] Calling original ioctl: 8 3223340623 140735796757712
[2026-09-07 18:48:38][warning][1996802] Calling original ioctl: 8 3222292009 140735796757664
[2026-09-07 18:48:38][warning][1996802] Calling original ioctl: 8 3222292009 140735796758400
[2026-09-07 18:48:38][warning][1996802] Calling original ioctl: 8 3222292009 140735796758448
[2026-09-07 18:48:38][warning][1996802] Calling original ioctl: 8 3223340623 140735796757712
[2026-09-07 18:48:38][warning][1996802] Calling original ioctl: 8 3222292009 140735796757664
[2026-09-07 18:48:38][warning][1996802] Calling original ioctl: 8 3222292009 140735796758400
[2026-09-07 18:48:38][warning][1996802] Calling original ioctl: 8 3222292009 140735796758400
[2026-09-07 18:48:38][warning][1996802] Calling original ioctl: 8 3222292009 140735796758448
[2026-09-07 18:48:38][warning][1996802] Calling original ioctl: 8 3223340623 140735796757712
[2026-09-07 18:48:38][warning][1996802] Calling original ioctl: 8 3222292009 140735796757664
[2026-09-07 18:48:38][warning][1996802] Calling original ioctl: 8 3222292009 140735796758400
[2026-09-07 18:48:38][warning][1996802] Calling original ioctl: 8 3222292009 140735796758448
[2026-09-07 18:48:38][warning][1996802] Calling original ioctl: 8 3223340623 140735796757712
[2026-09-07 18:48:38][warning][1996802] Calling original ioctl: 8 3222292009 140735796757664
[2026-09-07 18:48:38][warning][1996802] Calling original ioctl: 8 3222292009 140735796758400
[2026-09-07 18:48:38][warning][1996802] Calling original ioctl: 8 3222292009 140735796758400
[2026-09-07 18:48:38][warning][1996802] Calling original ioctl: 8 3222292009 140735796758448
[2026-09-07 18:48:38][warning][1996802] Calling original ioctl: 8 3223340623 140735796757712
[2026-09-07 18:48:38][warning][1996802] Calling original ioctl: 8 3222292009 140735796757664
[2026-09-07 18:48:38][warning][1996802] Calling original ioctl: 8 3222292009 140735796758400
[2026-09-07 18:48:38][warning][1996802] Calling original ioctl: 8 3222292009 140735796758448
[2026-09-07 18:48:38][warning][1996802] Calling original ioctl: 8 3223340623 140735796757712
[2026-09-07 18:48:38][warning][1996802] Calling original ioctl: 8 3222292009 140735796757664
[2026-09-07 18:48:38][warning][1996802] Calling original ioctl: 8 3222292009 140735796758576
[2026-09-07 18:48:38][warning][1996802] Calling original ioctl: 8 3222292009 140735796758544
[2026-09-07 18:48:38][warning][1996802] Calling original ioctl: 8 3222292009 140735796758512
[2026-09-07 18:48:38][warning][1996802] Calling original ioctl: 19 3222292175 140735796758528
[2026-09-07 18:48:38][warning][1996802] Calling original ioctl: 9 28 140735796758640
[2026-09-07 18:48:38][warning][1996802] Calling original ioctl: 9 28 140735796758640
[2026-09-07 18:48:38][warning][1996802] Calling original ioctl: 9 28 140735796758640
[2026-09-07 18:48:38][warning][1996802] Calling original ioctl: 9 28 140735796758640
[2026-09-07 18:48:38][warning][1996802] Calling original ioctl: 8 3222292009 140735796758400
[2026-09-07 18:48:38][warning][1996802] Calling original ioctl: 8 3222292009 140735796758448
[2026-09-07 18:48:38][warning][1996802] Calling original ioctl: 8 3223340623 140735796757712
[2026-09-07 18:48:38][warning][1996802] Calling original ioctl: 8 3222292009 140735796757664
[2026-09-07 18:48:38][warning][1996802] Calling original ioctl: 8 3222292009 140735796758400
[2026-09-07 18:48:38][warning][1996802] Calling original ioctl: 8 3222292009 140735796758448
[2026-09-07 18:48:38][warning][1996802] Calling original ioctl: 8 3223340623 140735796757712
[2026-09-07 18:48:38][warning][1996802] Calling original ioctl: 8 3222292009 140735796757664
[2026-09-07 18:48:38][warning][1996802] Calling original ioctl: 8 3222292009 140735796758400
[2026-09-07 18:48:38][warning][1996802] Calling original ioctl: 8 3222292009 140735796758448
[2026-09-07 18:48:38][warning][1996802] Calling original ioctl: 8 3223340623 140735796757712
[2026-09-07 18:48:38][warning][1996802] Calling original ioctl: 8 3222292009 140735796757664
[2026-09-07 18:48:38][warning][1996802] Calling original ioctl: 8 3222292009 140735796758400
[2026-09-07 18:48:38][warning][1996802] Calling original ioctl: 8 3222292009 140735796758448
[2026-09-07 18:48:38][warning][1996802] Calling original ioctl: 8 3223340623 140735796757712
[2026-09-07 18:48:38][warning][1996802] Calling original ioctl: 8 3222292009 140735796757664
[2026-09-07 18:48:38][warning][1996802] Calling original ioctl: 8 3222292009 140735796758544
[2026-09-07 18:48:38][warning][1996802] Calling original ioctl: 8 3222292009 140735796758512
[2026-09-07 18:48:38][warning][1996802] Calling original ioctl: 21 3222292175 140735796758528
[2026-09-07 18:48:38][warning][1996802] Calling original ioctl: 9 28 140735796758640
[2026-09-07 18:48:38][warning][1996802] Calling original ioctl: 9 28 140735796758640
[2026-09-07 18:48:38][warning][1996802] Calling original ioctl: 9 28 140735796758640
[2026-09-07 18:48:38][warning][1996802] Calling original ioctl: 9 28 140735796758640
[2026-09-07 18:48:38][warning][1996802] Calling original ioctl: 8 3222292009 140735796758400
[2026-09-07 18:48:38][warning][1996802] Calling original ioctl: 8 3222292009 140735796758448
[2026-09-07 18:48:38][warning][1996802] Calling original ioctl: 8 3223340623 140735796757712
[2026-09-07 18:48:38][warning][1996802] Calling original ioctl: 8 3222292009 140735796757664
[2026-09-07 18:48:38][warning][1996802] Calling original ioctl: 8 3222292009 140735796758400
[2026-09-07 18:48:38][warning][1996802] Calling original ioctl: 8 3222292009 140735796758448
[2026-09-07 18:48:38][warning][1996802] Calling original ioctl: 8 3223340623 140735796757712
[2026-09-07 18:48:38][warning][1996802] Calling original ioctl: 8 3222292009 140735796757664
[2026-09-07 18:48:38][warning][1996802] Calling original ioctl: 8 3222292009 140735796758400
[2026-09-07 18:48:38][warning][1996802] Calling original ioctl: 8 3222292009 140735796758448
[2026-09-07 18:48:38][warning][1996802] Calling original ioctl: 8 3223340623 140735796757712
[2026-09-07 18:48:38][warning][1996802] Calling original ioctl: 8 3222292009 140735796757664
[2026-09-07 18:48:38][warning][1996802] Calling original ioctl: 8 3222292009 140735796758400
[2026-09-07 18:48:38][warning][1996802] Calling original ioctl: 8 3222292009 140735796758448
[2026-09-07 18:48:38][warning][1996802] Calling original ioctl: 8 3223340623 140735796757712
[2026-09-07 18:48:38][warning][1996802] Calling original ioctl: 8 3222292009 140735796757664
[2026-09-07 18:48:38][warning][1996802] Calling original ioctl: 9 34 140735796757472
[2026-09-07 18:48:38][warning][1996802] Calling original ioctl: 8 3223340623 140735796757680
[2026-09-07 18:48:38][warning][1996802] Calling original ioctl: 8 3222292009 140735796757632
[2026-09-07 18:48:38][warning][1996802] Calling original ioctl: 9 34 140735796757472
[2026-09-07 18:48:38][warning][1996802] Calling original ioctl: 8 3223340623 140735796757680
[2026-09-07 18:48:38][warning][1996802] Calling original ioctl: 8 3222292009 140735796757632
[2026-09-07 18:48:38][warning][1996802] Calling original ioctl: 8 3222292009 140735796758544
[2026-09-07 18:48:38][warning][1996802] Calling original ioctl: 9 34 140735796757776
[2026-09-07 18:48:38][warning][1996802] Calling original ioctl: 8 3222292009 140735796757936
[2026-09-07 18:48:38][warning][1996802] Calling original ioctl: 9 34 140735796757680
[2026-09-07 18:48:38][warning][1996802] Calling original ioctl: 8 3222292009 140735796757840
[2026-09-07 18:48:38][warning][1996802] Calling original ioctl: 9 34 140735796757776
[2026-09-07 18:48:38][warning][1996802] Calling original ioctl: 8 3222292009 140735796757936
[2026-09-07 18:48:38][warning][1996802] Calling original ioctl: 9 34 140735796757728
[2026-09-07 18:48:38][warning][1996802] Calling original ioctl: 8 3222292009 140735796757888
[2026-09-07 18:48:38][warning][1996802] Calling original ioctl: 9 34 140735796757712
[2026-09-07 18:48:38][warning][1996802] Calling original ioctl: 8 3223340623 140735796757920
[2026-09-07 18:48:38][warning][1996802] Calling original ioctl: 8 3222292009 140735796757872
[2026-09-07 18:48:38][warning][1996802] Calling original ioctl: 9 34 140735796757712
[2026-09-07 18:48:38][warning][1996802] Calling original ioctl: 8 3223340623 140735796757920
[2026-09-07 18:48:38][warning][1996802] Calling original ioctl: 8 3222292009 140735796757872
[2026-09-07 18:48:38][warning][1996802] Calling original ioctl: 9 34 140735796757728
[2026-09-07 18:48:38][warning][1996802] Calling original ioctl: 8 3222292009 140735796757888
[2026-09-07 18:48:38][warning][1996802] Calling original ioctl: 9 34 140735796757728
[2026-09-07 18:48:38][warning][1996802] Calling original ioctl: 8 3222292009 140735796757888
[2026-09-07 18:48:38][warning][1996802] Calling original ioctl: 9 34 140735796757888
[2026-09-07 18:48:38][warning][1996802] Calling original ioctl: 8 3223340586 140735796754480
