[2026-09-08 17:01:51][info][3774731] bpf_attach_ctx constructed
[2026-09-08 17:01:51][info][3774731] Initializing CUDA shared memory
[2026-09-08 17:01:51][info][3774731] CommSharedMem host 0x76be658297d8 mapped to device 0x76be658297d8
[2026-09-08 17:01:51][info][3774731] CUDA context created
[2026-09-08 17:01:51][info][3774731] Register attach-impl defined helper bpf_get_func_arg, index 183
[2026-09-08 17:01:51][info][3774731] Register attach-impl defined helper bpf_get_func_ret_id, index 184
[2026-09-08 17:01:51][info][3774731] Register attach-impl defined helper bpf_get_retval, index 186
[2026-09-08 17:01:51][info][3774731] Starting nv_attach_impl
[2026-09-08 17:01:51][info][3774731] Parsing bundled libraries: /home/yunwei37/workspace/gpu/bpftime-auto-warp/build-auto-warp-575/attach/nv_attach_impl/pass/ptxpass_kprobe_entry/libptxpass_kprobe_entry.so:/home/yunwei37/workspace/gpu/bpftime-auto-warp/build-auto-warp-575/attach/nv_attach_impl/pass/ptxpass_kretprobe/libptxpass_kretprobe.so:/home/yunwei37/workspace/gpu/bpftime-auto-warp/build-auto-warp-575/attach/nv_attach_impl/pass/ptxpass_kprobe_memcapture/libptxpass_kprobe_memcapture.so
[2026-09-08 17:01:51][info][3774731] Found path: /home/yunwei37/workspace/gpu/bpftime-auto-warp/build-auto-warp-575/attach/nv_attach_impl/pass/ptxpass_kprobe_entry/libptxpass_kprobe_entry.so, executing..
[2026-09-08 17:01:51][info][3774731] Retrived config of /home/yunwei37/workspace/gpu/bpftime-auto-warp/build-auto-warp-575/attach/nv_attach_impl/pass/ptxpass_kprobe_entry/libptxpass_kprobe_entry.so
[2026-09-08 17:01:51][info][3774731] Found path: /home/yunwei37/workspace/gpu/bpftime-auto-warp/build-auto-warp-575/attach/nv_attach_impl/pass/ptxpass_kretprobe/libptxpass_kretprobe.so, executing..
[2026-09-08 17:01:51][info][3774731] Retrived config of /home/yunwei37/workspace/gpu/bpftime-auto-warp/build-auto-warp-575/attach/nv_attach_impl/pass/ptxpass_kretprobe/libptxpass_kretprobe.so
[2026-09-08 17:01:51][info][3774731] Found path: /home/yunwei37/workspace/gpu/bpftime-auto-warp/build-auto-warp-575/attach/nv_attach_impl/pass/ptxpass_kprobe_memcapture/libptxpass_kprobe_memcapture.so, executing..
[2026-09-08 17:01:51][info][3774731] Retrived config of /home/yunwei37/workspace/gpu/bpftime-auto-warp/build-auto-warp-575/attach/nv_attach_impl/pass/ptxpass_kprobe_memcapture/libptxpass_kprobe_memcapture.so
[2026-09-08 17:01:51][info][3774731] Initializing agent..
[2026-09-08 17:01:51][info][3774731] bpftime: shm epoch_seq = 2
[2026-09-08 17:01:51][info][3774731] Instantiating bpf link 42 and the corresponding program cuda__shared is cuda program
[2026-09-08 17:01:51][info][3774731] Skipping nv attach handler 42 since we are not handling nv handles
[2026-09-08 17:01:51][info][3774731] Instantiating bpf link 42 and the corresponding program cuda__shared is cuda program
[2026-09-08 17:01:51][info][3774731] Handling link to CUDA program: 42, recording it..
[2026-09-08 17:01:51][info][3774731] Loaded 14 instructions (original) for cuda ebpf program
[2026-09-08 17:01:51][info][3774731] Initializing nv_gpu_shared_array_map_impl at pid 3774731
[2026-09-08 17:01:51][info][3774731] Mapped GPU memory for shared array map: 130551084220416
[2026-09-08 17:01:51][info][3774731] Copying map fd 17 to device, key size=4, value size=8, max ent=64, map_type = 1503, gpu_buffer = 76bc4b000000
[2026-09-08 17:01:51][info][3774731] GPU eBPF verification timing: program=cuda__shared verification_elapsed_ns=1611334
[2026-09-08 17:01:51][info][3774731] GPU eBPF verification accepted: mode=STRICT program=cuda__shared attach=kprobe/fig15_warp_map_kernel instructions=14
[2026-09-08 17:01:51][info][3774731] GPU eBPF verified map: program=cuda__shared fd=17 type=1503 key_size=4 value_size=8 max_entries=64
[2026-09-08 17:01:51][info][3774731] Cached shared_mem_ptr at 76be658297d8
[2026-09-08 17:01:51][info][3774731] Recorded pass /home/yunwei37/workspace/gpu/bpftime-auto-warp/build-auto-warp-575/attach/nv_attach_impl/pass/ptxpass_kprobe_entry/libptxpass_kprobe_entry.so for func fig15_warp_map_kernel
[2026-09-08 17:01:51][info][3774731] nv_attach_impl: cached 260778 host symbols
[2026-09-08 17:01:51][info][3774731] nv_attach_impl: late attach bootstrap scanning fatbins..
[2026-09-08 17:01:52][info][3774731] nv_attach_impl: targeted late bootstrap selected 1 of 20 loaded module(s)
[2026-09-08 17:01:52][info][3774731] Temporary fatbin written to /tmp/bpftime-fatbin-work.vPV7Kh/temp.fatbin
[2026-09-08 17:01:52][info][3774731] Extracting PTX in the fatbin...
[2026-09-08 17:01:52][info][3774731] Calling cuobjdump: /usr/local/cuda-12.9/bin/cuobjdump --extract-ptx all /tmp/bpftime-fatbin-work.vPV7Kh/temp.fatbin
Extracting PTX file and ptxas options    1: warp_map_bench.sm_120.ptx -arch=sm_120  --generate-line-info 
[2026-09-08 17:01:52][info][3774731] Remove extracted files..
[2026-09-08 17:01:52][info][3774731] Got 1 PTX files
[2026-09-08 17:01:52][info][3774731] Loading & patching current fatbin..
[2026-09-08 17:01:52][info][3774803] Patching PTX: warp_map_bench.sm_120.ptx
[2026-09-08 17:01:52][info][3774803] Patching request 8c38f9c65783e168f2596173dddd0d65781112b13cc97b41d3c979150b103f7c not found in cache, patching..
[ptxpass] kprobe_entry_stub: matched=1, in=4101, out=5261
[2026-09-08 17:01:52][info][3774731] Using SM arch from BPFTIME_SM_ARCH: sm_120
[2026-09-08 17:01:52][info][3774731] Compiling PTXs with sm_arch sm_120
[2026-09-08 17:01:52][info][3774731] Compiler version: 12.9
[2026-09-08 17:01:52][info][3774804] Start compiling patched.warp_map_bench.sm_120.ptx, not found in cache
[2026-09-08 17:01:52][info][3774804] Compile of patched.warp_map_bench.sm_120.ptx done
[2026-09-08 17:01:52][info][3774731] Loading module: patched.warp_map_bench.sm_120.ptx, not found in cache
[2026-09-08 17:01:52][info][3774731] Copying trampoline data to device
[2026-09-08 17:01:52][info][3774731] constData symbol device_ptr=76bc4b200000 size=8 shared_mem_ptr=76be658297d8
[2026-09-08 17:01:52][info][3774731] map_info symbol device_ptr=76bc4b200008 size=49152
[2026-09-08 17:01:52][info][3774731] Trampoline data copied
[2026-09-08 17:01:52][info][3774731] warp hook call count global present: device_ptr=76bc4b20c900 size=8
[2026-09-08 17:01:52][info][3774731] Loaded module: patched.warp_map_bench.sm_120.ptx
[2026-09-08 17:01:52][info][3774731] nv_attach_impl: ingested fatbin from .nv_fatbin in /home/yunwei37/workspace/gpu/gpu_ext/microbench/fig15-device/strict-warp-map-scaling/raw/off-scalability-20260908.d8sa7gog/warp-map-bench
[2026-09-08 17:01:52][info][3774731] nv_attach_impl: late attach bootstrap ingested 1 fatbin(s)
[2026-09-08 17:01:52][info][3774731] agent ipc: listening (abstract) for pid 3774731
[2026-09-08 17:01:52][info][3774731] Attach successfully
[2026-09-08 17:01:52][info][3774731] warp hook call count: 1048576 (cumulative actual probe-call invocations since module load; leader-predicated under auto-warp, thread-predicated otherwise)
[2026-09-08 17:01:52][info][3774731] warp hook call count: 1048576 (cumulative actual probe-call invocations since module load; leader-predicated under auto-warp, thread-predicated otherwise)
[2026-09-08 17:01:52][info][3774731] warp hook call count: 2097152 (cumulative actual probe-call invocations since module load; leader-predicated under auto-warp, thread-predicated otherwise)
[2026-09-08 17:01:52][info][3774731] warp hook call count: 2097152 (cumulative actual probe-call invocations since module load; leader-predicated under auto-warp, thread-predicated otherwise)
[2026-09-08 17:01:52][info][3774758] Exiting CUDA watcher thread
FIG15_DEVICE	NVIDIA GeForce RTX 5090	12	0	32
FIG15_WARP_SHAPE	128	4
FIG15_WARP_GRID	8192	1048576	0
FIG15_MEASUREMENT	0	2	2.61983991
FIG15_CORRECT	1048576	0
