{"event":"transport","test":"creator_thread_query","pid":261663,"tid":261677,"ioctl_rc":0,"errno":0,"nvstatus":0,"hclient":3251634205,"hobject":1543503891}
{"event":"transport","test":"original_role_timeslice","pid":261663,"tid":261677,"ioctl_rc":0,"errno":0,"nvstatus":0,"hclient":3251634205,"hobject":1543503891}
{"event":"role_context","pid":261663,"tid":261677,"role":0,"hclient":3251634205,"htsg":1543503891,"cuda_context":130967041739760,"channels":8,"kernel_begin_ns":9356827428631}
{"event":"transport","test":"creator_thread_query","pid":261663,"tid":261678,"ioctl_rc":0,"errno":0,"nvstatus":0,"hclient":3251634205,"hobject":1543504008}
{"event":"transport","test":"original_role_timeslice","pid":261663,"tid":261678,"ioctl_rc":0,"errno":0,"nvstatus":0,"hclient":3251634205,"hobject":1543504008}
{"event":"role_context","pid":261663,"tid":261678,"role":1,"hclient":3251634205,"htsg":1543504008,"cuda_context":130966303542256,"channels":8,"kernel_begin_ns":9356950755996}
{"event":"transport","test":"same_process_different_fd_query","pid":261663,"tid":261663,"ioctl_rc":0,"errno":0,"nvstatus":0,"hclient":3251634205,"hobject":1543503891}
{"event":"transport","test":"same_process_different_fd_query","pid":261663,"tid":261663,"ioctl_rc":0,"errno":0,"nvstatus":0,"hclient":3251634205,"hobject":1543504008}
{"event":"transport","test":"bad_query_payload_size","pid":261663,"tid":261663,"ioctl_rc":0,"errno":0,"nvstatus":31,"hclient":0,"hobject":0}
{"event":"transport","test":"bad_query_output_pointer","pid":261663,"tid":261663,"ioctl_rc":0,"errno":0,"nvstatus":30,"hclient":0,"hobject":0}
{"event":"transport","test":"null_query_output_pointer","pid":261663,"tid":261663,"ioctl_rc":0,"errno":0,"nvstatus":31,"hclient":0,"hobject":0}
{"event":"transport","test":"nonzero_query_object","pid":261663,"tid":261663,"ioctl_rc":0,"errno":0,"nvstatus":31,"hclient":0,"hobject":0}
{"event":"transport","test":"bad_outer_size","pid":261663,"tid":261663,"ioctl_rc":-1,"errno":22,"nvstatus":4294967295,"hclient":261677,"hobject":0}
{"event":"transport","test":"unsupported_control_version","pid":261663,"tid":261663,"ioctl_rc":0,"errno":0,"nvstatus":31,"hclient":3251634205,"hobject":1543503891}
{"event":"transport","test":"nonwhitelisted_control_command","pid":261663,"tid":261663,"ioctl_rc":0,"errno":0,"nvstatus":31,"hclient":3251634205,"hobject":1543503891}
{"event":"transport","test":"bad_control_payload_size","pid":261663,"tid":261663,"ioctl_rc":0,"errno":0,"nvstatus":31,"hclient":3251634205,"hobject":1543503891}
{"event":"transport","test":"bad_control_input_pointer","pid":261663,"tid":261663,"ioctl_rc":0,"errno":0,"nvstatus":30,"hclient":3251634205,"hobject":1543503891}
{"event":"transport","test":"nonwhitelisted_timeslice","pid":261663,"tid":261663,"ioctl_rc":0,"errno":0,"nvstatus":31,"hclient":3251634205,"hobject":1543503891}
{"event":"transport","test":"channel_is_not_gr_tsg","pid":261663,"tid":261663,"ioctl_rc":0,"errno":0,"nvstatus":87,"hclient":3251634205,"hobject":1543503898}
{"event":"transport","test":"foreign_process_query","pid":261694,"tid":261694,"ioctl_rc":0,"errno":0,"nvstatus":87,"hclient":0,"hobject":0}
{"event":"transport","test":"foreign_process_control","pid":261694,"tid":261694,"ioctl_rc":0,"errno":0,"nvstatus":87,"hclient":3251634205,"hobject":1543503891}
{"event":"foreign_process_checks","passed":true,"negatives":2}
{"event":"transport","test":"same_creator_ambiguous_gr","pid":261663,"tid":261663,"ioctl_rc":0,"errno":0,"nvstatus":64,"hclient":0,"hobject":0}
{"event":"transport","test":"unambiguous_after_one_destroy","pid":261663,"tid":261663,"ioctl_rc":0,"errno":0,"nvstatus":0,"hclient":3251634205,"hobject":1543504124}
{"event":"transport","test":"query_after_context_destruction","pid":261663,"tid":261663,"ioctl_rc":0,"errno":0,"nvstatus":87,"hclient":0,"hobject":0}
{"event":"transport","test":"stale_owned_tsg_control","pid":261663,"tid":261663,"ioctl_rc":0,"errno":0,"nvstatus":87,"hclient":3251634205,"hobject":1543503891}
{"event":"transport","test":"stale_owned_tsg_control","pid":261663,"tid":261663,"ioctl_rc":0,"errno":0,"nvstatus":87,"hclient":3251634205,"hobject":1543504008}
{"event":"gpreempt_context_smoke","passed":true,"policy":"original","roles":2,"validated_values":2048,"negative_cases":17,"assertions":2290,"gdr_actuator_tested":false,"performance_measured":false}
gpreempt_bridge_stats: backend=original-c preprocess=2 due=3 infer=1 reset=1 hint=1 block=1 release=1 scopes=0 registered=0 ended=0 errors=0
