wrote /home/yunwei37/workspace/gpu/gpu_ext/workloads/stale-state-575/raw/stale-state-575-performance-gds-20260907-01/phase-age-analysis.json (21 cells: 18 measured, 3 not-applicable, 21 ok; 15747386 aligned decisions)
block-01-bpf_delay_1000ms    measured=1395025 wrong=1240780 (0.8894) outside=0 mean_age_ns=2236669220
block-01-bpf_delay_100ms     measured=652442 wrong=122251 (0.1874) outside=0 mean_age_ns=1419925473
block-01-bpf_fresh           measured=617640 wrong=1 (0.0000) outside=0 mean_age_ns=1274039081
block-01-native_delay_1000ms measured=1355327 wrong=1202036 (0.8869) outside=0 mean_age_ns=2262823936
block-01-native_delay_100ms  measured=663943 wrong=123939 (0.1867) outside=0 mean_age_ns=1428066947
block-01-native_fresh        measured=595385 wrong=260 (0.0004) outside=0 mean_age_ns=1268492159
block-01-uvm_default         not_applicable (uvm_default; no policy decisions)
block-02-bpf_delay_1000ms    measured=1395501 wrong=1239959 (0.8885) outside=0 mean_age_ns=2232375635
block-02-bpf_delay_100ms     measured=666003 wrong=120427 (0.1808) outside=0 mean_age_ns=1430029526
block-02-bpf_fresh           measured=583849 wrong=50 (0.0001) outside=0 mean_age_ns=1270009129
block-02-native_delay_1000ms measured=1377309 wrong=1221787 (0.8871) outside=0 mean_age_ns=2229625358
block-02-native_delay_100ms  measured=658308 wrong=123110 (0.1870) outside=0 mean_age_ns=1438535352
block-02-native_fresh        measured=561441 wrong=51 (0.0001) outside=0 mean_age_ns=1279221348
block-02-uvm_default         not_applicable (uvm_default; no policy decisions)
block-03-bpf_delay_1000ms    measured=1366093 wrong=1210832 (0.8863) outside=0 mean_age_ns=2234813776
block-03-bpf_delay_100ms     measured=663424 wrong=123077 (0.1855) outside=0 mean_age_ns=1425789998
block-03-bpf_fresh           measured=571673 wrong=2 (0.0000) outside=0 mean_age_ns=1286544866
block-03-native_delay_1000ms measured=1375849 wrong=1220627 (0.8872) outside=0 mean_age_ns=2235547566
block-03-native_delay_100ms  measured=663767 wrong=123165 (0.1856) outside=0 mean_age_ns=1428752303
block-03-native_fresh        measured=584407 wrong=34 (0.0001) outside=0 mean_age_ns=1266793414
block-03-uvm_default         not_applicable (uvm_default; no policy decisions)
arm bpf_delay_1000ms       cells=3 median_wrong=0.8885 median_mean_age_ns=2234813776
arm bpf_delay_100ms        cells=3 median_wrong=0.1855 median_mean_age_ns=1425789998
arm bpf_fresh              cells=3 median_wrong=0.0000 median_mean_age_ns=1274039081
arm native_delay_1000ms    cells=3 median_wrong=0.8871 median_mean_age_ns=2235547566
arm native_delay_100ms     cells=3 median_wrong=0.1867 median_mean_age_ns=1428752303
arm native_fresh           cells=3 median_wrong=0.0001 median_mean_age_ns=1268492159
arm uvm_default            cells=3 median_wrong=nan median_mean_age_ns=0
