RESTORE_PARAMETERS uvm_ats_mode=1 uvm_block_cpu_to_cpu_copy_with_ce=0 uvm_channel_gpfifo_loc=auto uvm_channel_gpput_loc=auto uvm_channel_num_gpfifo_entries=1024 uvm_channel_pushbuffer_loc=auto uvm_conf_computing_channel_iv_rotation_limit=2147483648 uvm_cpu_chunk_allocation_sizes=2166784 uvm_debug_enable_push_acquire_info=0 uvm_debug_enable_push_desc=0 uvm_debug_prints=0 uvm_disable_hmm=N uvm_downgrade_force_membar_sys=1 uvm_enable_builtin_tests=0 uvm_enable_debug_procfs=0 uvm_enable_va_space_mm=1 uvm_exp_gpu_cache_peermem=0 uvm_exp_gpu_cache_sysmem=0 uvm_fault_force_sysmem=0 uvm_force_prefetch_fault_support=0 uvm_global_oversubscription=1 uvm_leak_checker=0 uvm_peer_copy=phys uvm_perf_access_counter_batch_count=256 uvm_perf_access_counter_migration_enable=-1 uvm_perf_access_counter_threshold=256 uvm_perf_fault_batch_count=256 uvm_perf_fault_coalesce=1 uvm_perf_fault_max_batches_per_service=20 uvm_perf_fault_max_throttle_per_service=5 uvm_perf_fault_replay_policy=2 uvm_perf_fault_replay_update_put_ratio=50 uvm_perf_map_remote_on_eviction=1 uvm_perf_map_remote_on_native_atomics_fault=0 uvm_perf_migrate_cpu_preunmap_block_order=2 uvm_perf_migrate_cpu_preunmap_enable=1 uvm_perf_pma_batch_nonpinned_order=6 uvm_perf_prefetch_enable=1 uvm_perf_prefetch_min_faults=1 uvm_perf_prefetch_threshold=51 uvm_perf_reenable_prefetch_faults_lapse_msec=1000 uvm_perf_thrashing_enable=1 uvm_perf_thrashing_epoch=2000 uvm_perf_thrashing_lapse_usec=500 uvm_perf_thrashing_max_resets=4 uvm_perf_thrashing_nap=1 uvm_perf_thrashing_pin=300 uvm_perf_thrashing_pin_threshold=10 uvm_perf_thrashing_threshold=3 uvm_release_asserts=1 uvm_release_asserts_dump_stack=0 uvm_release_asserts_set_global_error=0
STALE_GDS_CANDIDATE_LOADED
{
  "cells": [
    {
      "arm": "native_delay_1000ms",
      "block": 1,
      "delay_ms": 1000,
      "implementation": "native",
      "performance_only": true,
      "workload_result": {
        "allocation_bytes": 42949672960,
        "bootstrap_ns": 1200000000,
        "checked_values": 2482176,
        "dense_launch_regions": 4096,
        "end_to_end_ms": 12081.235536,
        "epoch_mono_ns": 29602725172260,
        "first_mismatch": null,
        "measured_phases": 6,
        "mismatches": 0,
        "phase_ns": 2000000000,
        "phases": [
          {
            "checked_values": 724992,
            "end_mono_ns": 29605930369852,
            "first_mismatch": null,
            "iterations": 177,
            "kernel_ms": 1979.8754901885986,
            "measured_index": 1,
            "mismatches": 0,
            "phase": "dense",
            "scheduled_offset_ns": 1200000000,
            "sequence": 2,
            "start_mono_ns": 29603925379769,
            "wall_ms": 2004.990083
          },
          {
            "checked_values": 102400,
            "end_mono_ns": 29608050531990,
            "first_mismatch": null,
            "iterations": 5,
            "kernel_ms": 2119.8141479492188,
            "measured_index": 2,
            "mismatches": 0,
            "phase": "sparse",
            "scheduled_offset_ns": 3200000000,
            "sequence": 3,
            "start_mono_ns": 29605930393380,
            "wall_ms": 2120.13861
          },
          {
            "checked_values": 720896,
            "end_mono_ns": 29609930710283,
            "first_mismatch": null,
            "iterations": 176,
            "kernel_ms": 1875.3321294784546,
            "measured_index": 3,
            "mismatches": 0,
            "phase": "dense",
            "scheduled_offset_ns": 5200000000,
            "sequence": 4,
            "start_mono_ns": 29608050546053,
            "wall_ms": 1880.16423
          },
          {
            "checked_values": 102400,
            "end_mono_ns": 29612012332412,
            "first_mismatch": null,
            "iterations": 5,
            "kernel_ms": 2081.2993774414062,
            "measured_index": 4,
            "mismatches": 0,
            "phase": "sparse",
            "scheduled_offset_ns": 7200000000,
            "sequence": 5,
            "start_mono_ns": 29609930724186,
            "wall_ms": 2081.608226
          },
          {
            "checked_values": 729088,
            "end_mono_ns": 29613929167092,
            "first_mismatch": null,
            "iterations": 178,
            "kernel_ms": 1911.9223346710205,
            "measured_index": 5,
            "mismatches": 0,
            "phase": "dense",
            "scheduled_offset_ns": 9200000000,
            "sequence": 6,
            "start_mono_ns": 29612012344979,
            "wall_ms": 1916.822113
          },
          {
            "checked_values": 102400,
            "end_mono_ns": 29616006615305,
            "first_mismatch": null,
            "iterations": 5,
            "kernel_ms": 2077.1364135742188,
            "measured_index": 6,
            "mismatches": 0,
            "phase": "sparse",
            "scheduled_offset_ns": 11200000000,
            "sequence": 7,
            "start_mono_ns": 29613929176926,
            "wall_ms": 2077.438379
          }
        ],
        "protocol": "stale-cross-layer-575-v1",
        "region_bytes": 65536,
        "regions": 655360,
        "sparse_regions": 20480,
        "sparse_stride_regions": 32,
        "timeline": "alternating-dense-sparse-40g-v1",
        "total_kernel_ms": 12045.379893302917,
        "verified_words_per_second": 205457.13164879064
      }
    },
    {
      "arm": "uvm_default",
      "block": 1,
      "delay_ms": null,
      "implementation": null,
      "performance_only": true,
      "workload_result": {
        "allocation_bytes": 42949672960,
        "bootstrap_ns": 1200000000,
        "checked_values": 2412544,
        "dense_launch_regions": 4096,
        "end_to_end_ms": 12062.158673,
        "epoch_mono_ns": 29638820666204,
        "first_mismatch": null,
        "measured_phases": 6,
        "mismatches": 0,
        "phase_ns": 2000000000,
        "phases": [
          {
            "checked_values": 569344,
            "end_mono_ns": 29642022706908,
            "first_mismatch": null,
            "iterations": 139,
            "kernel_ms": 1995.2419443130493,
            "measured_index": 1,
            "mismatches": 0,
            "phase": "dense",
            "scheduled_offset_ns": 1200000000,
            "sequence": 2,
            "start_mono_ns": 29640020852836,
            "wall_ms": 2001.854072
          },
          {
            "checked_values": 225280,
            "end_mono_ns": 29644063319923,
            "first_mismatch": null,
            "iterations": 11,
            "kernel_ms": 2039.9197845458984,
            "measured_index": 2,
            "mismatches": 0,
            "phase": "sparse",
            "scheduled_offset_ns": 3200000000,
            "sequence": 3,
            "start_mono_ns": 29642022734572,
            "wall_ms": 2040.585351
          },
          {
            "checked_values": 585728,
            "end_mono_ns": 29646024486643,
            "first_mismatch": null,
            "iterations": 143,
            "kernel_ms": 1957.217279434204,
            "measured_index": 3,
            "mismatches": 0,
            "phase": "dense",
            "scheduled_offset_ns": 5200000000,
            "sequence": 4,
            "start_mono_ns": 29644063338962,
            "wall_ms": 1961.147681
          },
          {
            "checked_values": 225280,
            "end_mono_ns": 29648081991743,
            "first_mismatch": null,
            "iterations": 11,
            "kernel_ms": 2056.8274002075195,
            "measured_index": 4,
            "mismatches": 0,
            "phase": "sparse",
            "scheduled_offset_ns": 7200000000,
            "sequence": 5,
            "start_mono_ns": 29646024500896,
            "wall_ms": 2057.490847
          },
          {
            "checked_values": 581632,
            "end_mono_ns": 29650022506179,
            "first_mismatch": null,
            "iterations": 142,
            "kernel_ms": 1936.5785903930664,
            "measured_index": 5,
            "mismatches": 0,
            "phase": "dense",
            "scheduled_offset_ns": 9200000000,
            "sequence": 6,
            "start_mono_ns": 29648082013382,
            "wall_ms": 1940.492797
          },
          {
            "checked_values": 225280,
            "end_mono_ns": 29652083011509,
            "first_mismatch": null,
            "iterations": 11,
            "kernel_ms": 2059.832344055176,
            "measured_index": 6,
            "mismatches": 0,
            "phase": "sparse",
            "scheduled_offset_ns": 11200000000,
            "sequence": 7,
            "start_mono_ns": 29650022517786,
            "wall_ms": 2060.493723
          }
        ],
        "protocol": "stale-cross-layer-575-v1",
        "region_bytes": 65536,
        "regions": 655360,
        "sparse_regions": 20480,
        "sparse_stride_regions": 32,
        "timeline": "alternating-dense-sparse-40g-v1",
        "total_kernel_ms": 12045.617342948914,
        "verified_words_per_second": 200009.30723952848
      }
    },
    {
      "arm": "bpf_delay_100ms",
      "block": 1,
      "delay_ms": 100,
      "implementation": "bpf",
      "performance_only": true,
      "workload_result": {
        "allocation_bytes": 42949672960,
        "bootstrap_ns": 1200000000,
        "checked_values": 3207168,
        "dense_launch_regions": 4096,
        "end_to_end_ms": 12024.001011,
        "epoch_mono_ns": 29661660740550,
        "first_mismatch": null,
        "measured_phases": 6,
        "mismatches": 0,
        "phase_ns": 2000000000,
        "phases": [
          {
            "checked_values": 794624,
            "end_mono_ns": 29664870722591,
            "first_mismatch": null,
            "iterations": 194,
            "kernel_ms": 2004.3000326156616,
            "measured_index": 1,
            "mismatches": 0,
            "phase": "dense",
            "scheduled_offset_ns": 1200000000,
            "sequence": 2,
            "start_mono_ns": 29662860939871,
            "wall_ms": 2009.78272
          },
          {
            "checked_values": 286720,
            "end_mono_ns": 29666884257653,
            "first_mismatch": null,
            "iterations": 14,
            "kernel_ms": 2012.6435241699219,
            "measured_index": 2,
            "mismatches": 0,
            "phase": "sparse",
            "scheduled_offset_ns": 3200000000,
            "sequence": 3,
            "start_mono_ns": 29664870741208,
            "wall_ms": 2013.516445
          },
          {
            "checked_values": 774144,
            "end_mono_ns": 29668867979262,
            "first_mismatch": null,
            "iterations": 189,
            "kernel_ms": 1978.610077381134,
            "measured_index": 3,
            "mismatches": 0,
            "phase": "dense",
            "scheduled_offset_ns": 5200000000,
            "sequence": 4,
            "start_mono_ns": 29666884268668,
            "wall_ms": 1983.710594
          },
          {
            "checked_values": 286720,
            "end_mono_ns": 29670863442092,
            "first_mismatch": null,
            "iterations": 14,
            "kernel_ms": 1994.623519897461,
            "measured_index": 4,
            "mismatches": 0,
            "phase": "sparse",
            "scheduled_offset_ns": 7200000000,
            "sequence": 5,
            "start_mono_ns": 29668867989156,
            "wall_ms": 1995.452936
          },
          {
            "checked_values": 778240,
            "end_mono_ns": 29672867121439,
            "first_mismatch": null,
            "iterations": 190,
            "kernel_ms": 1998.5414381027222,
            "measured_index": 5,
            "mismatches": 0,
            "phase": "dense",
            "scheduled_offset_ns": 9200000000,
            "sequence": 6,
            "start_mono_ns": 29670863453644,
            "wall_ms": 2003.667795
          },
          {
            "checked_values": 286720,
            "end_mono_ns": 29674884940882,
            "first_mismatch": null,
            "iterations": 14,
            "kernel_ms": 2016.9720611572266,
            "measured_index": 6,
            "mismatches": 0,
            "phase": "sparse",
            "scheduled_offset_ns": 11200000000,
            "sequence": 7,
            "start_mono_ns": 29672867134761,
            "wall_ms": 2017.806121
          }
        ],
        "protocol": "stale-cross-layer-575-v1",
        "region_bytes": 65536,
        "regions": 655360,
        "sparse_regions": 20480,
        "sparse_stride_regions": 32,
        "timeline": "alternating-dense-sparse-40g-v1",
        "total_kernel_ms": 12005.690653324127,
        "verified_words_per_second": 266730.5164949641
      }
    },
    {
      "arm": "native_fresh",
      "block": 1,
      "delay_ms": 0,
      "implementation": "native",
      "performance_only": true,
      "workload_result": {
        "allocation_bytes": 42949672960,
        "bootstrap_ns": 1200000000,
        "checked_values": 3289088,
        "dense_launch_regions": 4096,
        "end_to_end_ms": 12019.403869,
        "epoch_mono_ns": 29690656384776,
        "first_mismatch": null,
        "measured_phases": 6,
        "mismatches": 0,
        "phase_ns": 2000000000,
        "phases": [
          {
            "checked_values": 802816,
            "end_mono_ns": 29693869611809,
            "first_mismatch": null,
            "iterations": 196,
            "kernel_ms": 2007.6503052711487,
            "measured_index": 1,
            "mismatches": 0,
            "phase": "dense",
            "scheduled_offset_ns": 1200000000,
            "sequence": 2,
            "start_mono_ns": 29691856465936,
            "wall_ms": 2013.145873
          },
          {
            "checked_values": 327680,
            "end_mono_ns": 29695877881771,
            "first_mismatch": null,
            "iterations": 16,
            "kernel_ms": 2007.2929382324219,
            "measured_index": 2,
            "mismatches": 0,
            "phase": "sparse",
            "scheduled_offset_ns": 3200000000,
            "sequence": 3,
            "start_mono_ns": 29693869631252,
            "wall_ms": 2008.250519
          },
          {
            "checked_values": 745472,
            "end_mono_ns": 29697857103264,
            "first_mismatch": null,
            "iterations": 182,
            "kernel_ms": 1974.248064994812,
            "measured_index": 3,
            "mismatches": 0,
            "phase": "dense",
            "scheduled_offset_ns": 5200000000,
            "sequence": 4,
            "start_mono_ns": 29695877899363,
            "wall_ms": 1979.203901
          },
          {
            "checked_values": 307200,
            "end_mono_ns": 29699895312429,
            "first_mismatch": null,
            "iterations": 15,
            "kernel_ms": 2037.2468032836914,
            "measured_index": 4,
            "mismatches": 0,
            "phase": "sparse",
            "scheduled_offset_ns": 7200000000,
            "sequence": 5,
            "start_mono_ns": 29697857134992,
            "wall_ms": 2038.177437
          },
          {
            "checked_values": 778240,
            "end_mono_ns": 29701863552720,
            "first_mismatch": null,
            "iterations": 190,
            "kernel_ms": 1963.10227060318,
            "measured_index": 5,
            "mismatches": 0,
            "phase": "dense",
            "scheduled_offset_ns": 9200000000,
            "sequence": 6,
            "start_mono_ns": 29699895333986,
            "wall_ms": 1968.218734
          },
          {
            "checked_values": 327680,
            "end_mono_ns": 29703875869805,
            "first_mismatch": null,
            "iterations": 16,
            "kernel_ms": 2011.3353652954102,
            "measured_index": 6,
            "mismatches": 0,
            "phase": "sparse",
            "scheduled_offset_ns": 11200000000,
            "sequence": 7,
            "start_mono_ns": 29701863566464,
            "wall_ms": 2012.303341
          }
        ],
        "protocol": "stale-cross-layer-575-v1",
        "region_bytes": 65536,
        "regions": 655360,
        "sparse_regions": 20480,
        "sparse_stride_regions": 32,
        "timeline": "alternating-dense-sparse-40g-v1",
        "total_kernel_ms": 12000.875747680664,
        "verified_words_per_second": 273648.18054604967
      }
    },
    {
      "arm": "bpf_fresh",
      "block": 1,
      "delay_ms": 0,
      "implementation": "bpf",
      "performance_only": true,
      "workload_result": {
        "allocation_bytes": 42949672960,
        "bootstrap_ns": 1200000000,
        "checked_values": 3264512,
        "dense_launch_regions": 4096,
        "end_to_end_ms": 12064.376907,
        "epoch_mono_ns": 29718125176626,
        "first_mismatch": null,
        "measured_phases": 6,
        "mismatches": 0,
        "phase_ns": 2000000000,
        "phases": [
          {
            "checked_values": 802816,
            "end_mono_ns": 29721329985577,
            "first_mismatch": null,
            "iterations": 196,
            "kernel_ms": 1999.1268138885498,
            "measured_index": 1,
            "mismatches": 0,
            "phase": "dense",
            "scheduled_offset_ns": 1200000000,
            "sequence": 2,
            "start_mono_ns": 29719325363516,
            "wall_ms": 2004.622061
          },
          {
            "checked_values": 327680,
            "end_mono_ns": 29723355534710,
            "first_mismatch": null,
            "iterations": 16,
            "kernel_ms": 2024.568992614746,
            "measured_index": 2,
            "mismatches": 0,
            "phase": "sparse",
            "scheduled_offset_ns": 3200000000,
            "sequence": 3,
            "start_mono_ns": 29721330012323,
            "wall_ms": 2025.522387
          },
          {
            "checked_values": 741376,
            "end_mono_ns": 29725325891756,
            "first_mismatch": null,
            "iterations": 181,
            "kernel_ms": 1965.4097957611084,
            "measured_index": 3,
            "mismatches": 0,
            "phase": "dense",
            "scheduled_offset_ns": 5200000000,
            "sequence": 4,
            "start_mono_ns": 29723355553327,
            "wall_ms": 1970.338429
          },
          {
            "checked_values": 327680,
            "end_mono_ns": 29727376989195,
            "first_mismatch": null,
            "iterations": 16,
            "kernel_ms": 2050.1172790527344,
            "measured_index": 4,
            "mismatches": 0,
            "phase": "sparse",
            "scheduled_offset_ns": 7200000000,
            "sequence": 5,
            "start_mono_ns": 29725325902152,
            "wall_ms": 2051.087043
          },
          {
            "checked_values": 737280,
            "end_mono_ns": 29729325320600,
            "first_mismatch": null,
            "iterations": 180,
            "kernel_ms": 1943.4330558776855,
            "measured_index": 5,
            "mismatches": 0,
            "phase": "dense",
            "scheduled_offset_ns": 9200000000,
            "sequence": 6,
            "start_mono_ns": 29727377004884,
            "wall_ms": 1948.315716
          },
          {
            "checked_values": 327680,
            "end_mono_ns": 29731389740423,
            "first_mismatch": null,
            "iterations": 16,
            "kernel_ms": 2063.4656143188477,
            "measured_index": 6,
            "mismatches": 0,
            "phase": "sparse",
            "scheduled_offset_ns": 11200000000,
            "sequence": 7,
            "start_mono_ns": 29729325333277,
            "wall_ms": 2064.407146
          }
        ],
        "protocol": "stale-cross-layer-575-v1",
        "region_bytes": 65536,
        "regions": 655360,
        "sparse_regions": 20480,
        "sparse_stride_regions": 32,
        "timeline": "alternating-dense-sparse-40g-v1",
        "total_kernel_ms": 12046.121551513672,
        "verified_words_per_second": 270591.0156127386
      }
    },
    {
      "arm": "native_delay_100ms",
      "block": 1,
      "delay_ms": 100,
      "implementation": "native",
      "performance_only": true,
      "workload_result": {
        "allocation_bytes": 42949672960,
        "bootstrap_ns": 1200000000,
        "checked_values": 3211264,
        "dense_launch_regions": 4096,
        "end_to_end_ms": 12075.301343,
        "epoch_mono_ns": 29744911795237,
        "first_mismatch": null,
        "measured_phases": 6,
        "mismatches": 0,
        "phase_ns": 2000000000,
        "phases": [
          {
            "checked_values": 786432,
            "end_mono_ns": 29748116838657,
            "first_mismatch": null,
            "iterations": 192,
            "kernel_ms": 1999.3239998817444,
            "measured_index": 1,
            "mismatches": 0,
            "phase": "dense",
            "scheduled_offset_ns": 1200000000,
            "sequence": 2,
            "start_mono_ns": 29746111996713,
            "wall_ms": 2004.841944
          },
          {
            "checked_values": 286720,
            "end_mono_ns": 29750159174094,
            "first_mismatch": null,
            "iterations": 14,
            "kernel_ms": 2041.4269104003906,
            "measured_index": 2,
            "mismatches": 0,
            "phase": "sparse",
            "scheduled_offset_ns": 3200000000,
            "sequence": 3,
            "start_mono_ns": 29748116872386,
            "wall_ms": 2042.301708
          },
          {
            "checked_values": 770048,
            "end_mono_ns": 29752116172214,
            "first_mismatch": null,
            "iterations": 188,
            "kernel_ms": 1951.894205570221,
            "measured_index": 3,
            "mismatches": 0,
            "phase": "dense",
            "scheduled_offset_ns": 5200000000,
            "sequence": 4,
            "start_mono_ns": 29750159194197,
            "wall_ms": 1956.978017
          },
          {
            "checked_values": 286720,
            "end_mono_ns": 29754135182622,
            "first_mismatch": null,
            "iterations": 14,
            "kernel_ms": 2018.157341003418,
            "measured_index": 4,
            "mismatches": 0,
            "phase": "sparse",
            "scheduled_offset_ns": 7200000000,
            "sequence": 5,
            "start_mono_ns": 29752116186199,
            "wall_ms": 2018.996423
          },
          {
            "checked_values": 774144,
            "end_mono_ns": 29756116737135,
            "first_mismatch": null,
            "iterations": 189,
            "kernel_ms": 1976.397885799408,
            "measured_index": 5,
            "mismatches": 0,
            "phase": "dense",
            "scheduled_offset_ns": 9200000000,
            "sequence": 6,
            "start_mono_ns": 29754135195923,
            "wall_ms": 1981.541212
          },
          {
            "checked_values": 307200,
            "end_mono_ns": 29758187298056,
            "first_mismatch": null,
            "iterations": 15,
            "kernel_ms": 2069.6549072265625,
            "measured_index": 6,
            "mismatches": 0,
            "phase": "sparse",
            "scheduled_offset_ns": 11200000000,
            "sequence": 7,
            "start_mono_ns": 29756116747831,
            "wall_ms": 2070.550225
          }
        ],
        "protocol": "stale-cross-layer-575-v1",
        "region_bytes": 65536,
        "regions": 655360,
        "sparse_regions": 20480,
        "sparse_stride_regions": 32,
        "timeline": "alternating-dense-sparse-40g-v1",
        "total_kernel_ms": 12056.855249881744,
        "verified_words_per_second": 265936.5517086293
      }
    },
    {
      "arm": "bpf_delay_1000ms",
      "block": 1,
      "delay_ms": 1000,
      "implementation": "bpf",
      "performance_only": true,
      "workload_result": {
        "allocation_bytes": 42949672960,
        "bootstrap_ns": 1200000000,
        "checked_values": 2531328,
        "dense_launch_regions": 4096,
        "end_to_end_ms": 12038.125805,
        "epoch_mono_ns": 29772515008292,
        "first_mismatch": null,
        "measured_phases": 6,
        "mismatches": 0,
        "phase_ns": 2000000000,
        "phases": [
          {
            "checked_values": 741376,
            "end_mono_ns": 29775725115649,
            "first_mismatch": null,
            "iterations": 181,
            "kernel_ms": 2004.7737565040588,
            "measured_index": 1,
            "mismatches": 0,
            "phase": "dense",
            "scheduled_offset_ns": 1200000000,
            "sequence": 2,
            "start_mono_ns": 29773715208187,
            "wall_ms": 2009.907462
          },
          {
            "checked_values": 102400,
            "end_mono_ns": 29777804668847,
            "first_mismatch": null,
            "iterations": 5,
            "kernel_ms": 2079.231414794922,
            "measured_index": 2,
            "mismatches": 0,
            "phase": "sparse",
            "scheduled_offset_ns": 3200000000,
            "sequence": 3,
            "start_mono_ns": 29775725133539,
            "wall_ms": 2079.535308
          },
          {
            "checked_values": 741376,
            "end_mono_ns": 29779716425599,
            "first_mismatch": null,
            "iterations": 181,
            "kernel_ms": 1906.8089294433594,
            "measured_index": 3,
            "mismatches": 0,
            "phase": "dense",
            "scheduled_offset_ns": 5200000000,
            "sequence": 4,
            "start_mono_ns": 29777804681092,
            "wall_ms": 1911.744507
          },
          {
            "checked_values": 102400,
            "end_mono_ns": 29781781086991,
            "first_mismatch": null,
            "iterations": 5,
            "kernel_ms": 2064.3396911621094,
            "measured_index": 4,
            "mismatches": 0,
            "phase": "sparse",
            "scheduled_offset_ns": 7200000000,
            "sequence": 5,
            "start_mono_ns": 29779716437433,
            "wall_ms": 2064.649558
          },
          {
            "checked_values": 741376,
            "end_mono_ns": 29783720343934,
            "first_mismatch": null,
            "iterations": 181,
            "kernel_ms": 1934.2823905944824,
            "measured_index": 5,
            "mismatches": 0,
            "phase": "dense",
            "scheduled_offset_ns": 9200000000,
            "sequence": 6,
            "start_mono_ns": 29781781098772,
            "wall_ms": 1939.245162
          },
          {
            "checked_values": 102400,
            "end_mono_ns": 29785753333992,
            "first_mismatch": null,
            "iterations": 5,
            "kernel_ms": 2032.6769714355469,
            "measured_index": 6,
            "mismatches": 0,
            "phase": "sparse",
            "scheduled_offset_ns": 11200000000,
            "sequence": 7,
            "start_mono_ns": 29783720355554,
            "wall_ms": 2032.978438
          }
        ],
        "protocol": "stale-cross-layer-575-v1",
        "region_bytes": 65536,
        "regions": 655360,
        "sparse_regions": 20480,
        "sparse_stride_regions": 32,
        "timeline": "alternating-dense-sparse-40g-v1",
        "total_kernel_ms": 12022.113153934479,
        "verified_words_per_second": 210275.9217675413
      }
    },
    {
      "arm": "native_delay_1000ms",
      "block": 2,
      "delay_ms": 1000,
      "implementation": "native",
      "performance_only": true,
      "workload_result": {
        "allocation_bytes": 42949672960,
        "bootstrap_ns": 1200000000,
        "checked_values": 2535424,
        "dense_launch_regions": 4096,
        "end_to_end_ms": 12065.596633,
        "epoch_mono_ns": 29805084197014,
        "first_mismatch": null,
        "measured_phases": 6,
        "mismatches": 0,
        "phase_ns": 2000000000,
        "phases": [
          {
            "checked_values": 733184,
            "end_mono_ns": 29808285857424,
            "first_mismatch": null,
            "iterations": 179,
            "kernel_ms": 1996.5062761306763,
            "measured_index": 1,
            "mismatches": 0,
            "phase": "dense",
            "scheduled_offset_ns": 1200000000,
            "sequence": 2,
            "start_mono_ns": 29806284294350,
            "wall_ms": 2001.563074
          },
          {
            "checked_values": 102400,
            "end_mono_ns": 29810349053798,
            "first_mismatch": null,
            "iterations": 5,
            "kernel_ms": 2062.872772216797,
            "measured_index": 2,
            "mismatches": 0,
            "phase": "sparse",
            "scheduled_offset_ns": 3200000000,
            "sequence": 3,
            "start_mono_ns": 29808285876186,
            "wall_ms": 2063.177612
          },
          {
            "checked_values": 749568,
            "end_mono_ns": 29812295405866,
            "first_mismatch": null,
            "iterations": 183,
            "kernel_ms": 1941.2855367660522,
            "measured_index": 3,
            "mismatches": 0,
            "phase": "dense",
            "scheduled_offset_ns": 5200000000,
            "sequence": 4,
            "start_mono_ns": 29810349067694,
            "wall_ms": 1946.338172
          },
          {
            "checked_values": 102400,
            "end_mono_ns": 29814336777100,
            "first_mismatch": null,
            "iterations": 5,
            "kernel_ms": 2040.9820556640625,
            "measured_index": 4,
            "mismatches": 0,
            "phase": "sparse",
            "scheduled_offset_ns": 7200000000,
            "sequence": 5,
            "start_mono_ns": 29812295439125,
            "wall_ms": 2041.337975
          },
          {
            "checked_values": 745472,
            "end_mono_ns": 29816290456125,
            "first_mismatch": null,
            "iterations": 182,
            "kernel_ms": 1948.637951850891,
            "measured_index": 5,
            "mismatches": 0,
            "phase": "dense",
            "scheduled_offset_ns": 9200000000,
            "sequence": 6,
            "start_mono_ns": 29814336796885,
            "wall_ms": 1953.65924
          },
          {
            "checked_values": 102400,
            "end_mono_ns": 29818349890983,
            "first_mismatch": null,
            "iterations": 5,
            "kernel_ms": 2059.1210327148438,
            "measured_index": 6,
            "mismatches": 0,
            "phase": "sparse",
            "scheduled_offset_ns": 11200000000,
            "sequence": 7,
            "start_mono_ns": 29816290468735,
            "wall_ms": 2059.422248
          }
        ],
        "protocol": "stale-cross-layer-575-v1",
        "region_bytes": 65536,
        "regions": 655360,
        "sparse_regions": 20480,
        "sparse_stride_regions": 32,
        "timeline": "alternating-dense-sparse-40g-v1",
        "total_kernel_ms": 12049.405625343323,
        "verified_words_per_second": 210136.64529986779
      }
    },
    {
      "arm": "uvm_default",
      "block": 2,
      "delay_ms": null,
      "implementation": null,
      "performance_only": true,
      "workload_result": {
        "allocation_bytes": 42949672960,
        "bootstrap_ns": 1200000000,
        "checked_values": 2424832,
        "dense_launch_regions": 4096,
        "end_to_end_ms": 12053.408341,
        "epoch_mono_ns": 29837233545980,
        "first_mismatch": null,
        "measured_phases": 6,
        "mismatches": 0,
        "phase_ns": 2000000000,
        "phases": [
          {
            "checked_values": 573440,
            "end_mono_ns": 29840450423418,
            "first_mismatch": null,
            "iterations": 140,
            "kernel_ms": 2012.7075500488281,
            "measured_index": 1,
            "mismatches": 0,
            "phase": "dense",
            "scheduled_offset_ns": 1200000000,
            "sequence": 2,
            "start_mono_ns": 29838433736404,
            "wall_ms": 2016.687014
          },
          {
            "checked_values": 225280,
            "end_mono_ns": 29842498069839,
            "first_mismatch": null,
            "iterations": 11,
            "kernel_ms": 2046.977180480957,
            "measured_index": 2,
            "mismatches": 0,
            "phase": "sparse",
            "scheduled_offset_ns": 3200000000,
            "sequence": 3,
            "start_mono_ns": 29840450445981,
            "wall_ms": 2047.623858
          },
          {
            "checked_values": 585728,
            "end_mono_ns": 29844442916757,
            "first_mismatch": null,
            "iterations": 143,
            "kernel_ms": 1941.014944076538,
            "measured_index": 3,
            "mismatches": 0,
            "phase": "dense",
            "scheduled_offset_ns": 5200000000,
            "sequence": 4,
            "start_mono_ns": 29842498084733,
            "wall_ms": 1944.832024
          },
          {
            "checked_values": 225280,
            "end_mono_ns": 29846477390023,
            "first_mismatch": null,
            "iterations": 11,
            "kernel_ms": 2033.8074264526367,
            "measured_index": 4,
            "mismatches": 0,
            "phase": "sparse",
            "scheduled_offset_ns": 7200000000,
            "sequence": 5,
            "start_mono_ns": 29844442930765,
            "wall_ms": 2034.459258
          },
          {
            "checked_values": 589824,
            "end_mono_ns": 29848452746360,
            "first_mismatch": null,
            "iterations": 144,
            "kernel_ms": 1971.4289598464966,
            "measured_index": 5,
            "mismatches": 0,
            "phase": "dense",
            "scheduled_offset_ns": 9200000000,
            "sequence": 6,
            "start_mono_ns": 29846477404518,
            "wall_ms": 1975.341842
          },
          {
            "checked_values": 225280,
            "end_mono_ns": 29850487144745,
            "first_mismatch": null,
            "iterations": 11,
            "kernel_ms": 2033.742546081543,
            "measured_index": 6,
            "mismatches": 0,
            "phase": "sparse",
            "scheduled_offset_ns": 11200000000,
            "sequence": 7,
            "start_mono_ns": 29848452758139,
            "wall_ms": 2034.386606
          }
        ],
        "protocol": "stale-cross-layer-575-v1",
        "region_bytes": 65536,
        "regions": 655360,
        "sparse_regions": 20480,
        "sparse_stride_regions": 32,
        "timeline": "alternating-dense-sparse-40g-v1",
        "total_kernel_ms": 12039.678606987,
        "verified_words_per_second": 201173.96933711
      }
    },
    {
      "arm": "bpf_delay_100ms",
      "block": 2,
      "delay_ms": 100,
      "implementation": "bpf",
      "performance_only": true,
      "workload_result": {
        "allocation_bytes": 42949672960,
        "bootstrap_ns": 1200000000,
        "checked_values": 3248128,
        "dense_launch_regions": 4096,
        "end_to_end_ms": 12007.42034,
        "epoch_mono_ns": 29859453903262,
        "first_mismatch": null,
        "measured_phases": 6,
        "mismatches": 0,
        "phase_ns": 2000000000,
        "phases": [
          {
            "checked_values": 794624,
            "end_mono_ns": 29862654881147,
            "first_mismatch": null,
            "iterations": 194,
            "kernel_ms": 1995.3270354270935,
            "measured_index": 1,
            "mismatches": 0,
            "phase": "dense",
            "scheduled_offset_ns": 1200000000,
            "sequence": 2,
            "start_mono_ns": 29860654136250,
            "wall_ms": 2000.744897
          },
          {
            "checked_values": 307200,
            "end_mono_ns": 29864717031082,
            "first_mismatch": null,
            "iterations": 15,
            "kernel_ms": 2061.227981567383,
            "measured_index": 2,
            "mismatches": 0,
            "phase": "sparse",
            "scheduled_offset_ns": 3200000000,
            "sequence": 3,
            "start_mono_ns": 29862654900445,
            "wall_ms": 2062.130637
          },
          {
            "checked_values": 774144,
            "end_mono_ns": 29866656333980,
            "first_mismatch": null,
            "iterations": 189,
            "kernel_ms": 1934.190113067627,
            "measured_index": 3,
            "mismatches": 0,
            "phase": "dense",
            "scheduled_offset_ns": 5200000000,
            "sequence": 4,
            "start_mono_ns": 29864717045093,
            "wall_ms": 1939.288887
          },
          {
            "checked_values": 286720,
            "end_mono_ns": 29868662450946,
            "first_mismatch": null,
            "iterations": 14,
            "kernel_ms": 2005.2347106933594,
            "measured_index": 4,
            "mismatches": 0,
            "phase": "sparse",
            "scheduled_offset_ns": 7200000000,
            "sequence": 5,
            "start_mono_ns": 29866656346432,
            "wall_ms": 2006.104514
          },
          {
            "checked_values": 778240,
            "end_mono_ns": 29870655798186,
            "first_mismatch": null,
            "iterations": 190,
            "kernel_ms": 1988.1378564834595,
            "measured_index": 5,
            "mismatches": 0,
            "phase": "dense",
            "scheduled_offset_ns": 9200000000,
            "sequence": 6,
            "start_mono_ns": 29868662487048,
            "wall_ms": 1993.311138
          },
          {
            "checked_values": 307200,
            "end_mono_ns": 29872661556590,
            "first_mismatch": null,
            "iterations": 15,
            "kernel_ms": 2004.8422622680664,
            "measured_index": 6,
            "mismatches": 0,
            "phase": "sparse",
            "scheduled_offset_ns": 11200000000,
            "sequence": 7,
            "start_mono_ns": 29870655820973,
            "wall_ms": 2005.735617
          }
        ],
        "protocol": "stale-cross-layer-575-v1",
        "region_bytes": 65536,
        "regions": 655360,
        "sparse_regions": 20480,
        "sparse_stride_regions": 32,
        "timeline": "alternating-dense-sparse-40g-v1",
        "total_kernel_ms": 11988.959959506989,
        "verified_words_per_second": 270510.0602816075
      }
    },
    {
      "arm": "bpf_delay_1000ms",
      "block": 2,
      "delay_ms": 1000,
      "implementation": "bpf",
      "performance_only": true,
      "workload_result": {
        "allocation_bytes": 42949672960,
        "bootstrap_ns": 1200000000,
        "checked_values": 2535424,
        "dense_launch_regions": 4096,
        "end_to_end_ms": 12083.071257,
        "epoch_mono_ns": 29886654497102,
        "first_mismatch": null,
        "measured_phases": 6,
        "mismatches": 0,
        "phase_ns": 2000000000,
        "phases": [
          {
            "checked_values": 741376,
            "end_mono_ns": 29889863964405,
            "first_mismatch": null,
            "iterations": 181,
            "kernel_ms": 2004.1621804237366,
            "measured_index": 1,
            "mismatches": 0,
            "phase": "dense",
            "scheduled_offset_ns": 1200000000,
            "sequence": 2,
            "start_mono_ns": 29887854685357,
            "wall_ms": 2009.279048
          },
          {
            "checked_values": 102400,
            "end_mono_ns": 29891949802998,
            "first_mismatch": null,
            "iterations": 5,
            "kernel_ms": 2085.4793701171875,
            "measured_index": 2,
            "mismatches": 0,
            "phase": "sparse",
            "scheduled_offset_ns": 3200000000,
            "sequence": 3,
            "start_mono_ns": 29889863986237,
            "wall_ms": 2085.816761
          },
          {
            "checked_values": 737280,
            "end_mono_ns": 29893860462132,
            "first_mismatch": null,
            "iterations": 180,
            "kernel_ms": 1905.5659189224243,
            "measured_index": 3,
            "mismatches": 0,
            "phase": "dense",
            "scheduled_offset_ns": 5200000000,
            "sequence": 4,
            "start_mono_ns": 29891949945367,
            "wall_ms": 1910.516765
          },
          {
            "checked_values": 102400,
            "end_mono_ns": 29895903383358,
            "first_mismatch": null,
            "iterations": 5,
            "kernel_ms": 2042.5929565429688,
            "measured_index": 4,
            "mismatches": 0,
            "phase": "sparse",
            "scheduled_offset_ns": 7200000000,
            "sequence": 5,
            "start_mono_ns": 29893860480312,
            "wall_ms": 2042.903046
          },
          {
            "checked_values": 749568,
            "end_mono_ns": 29897863788758,
            "first_mismatch": null,
            "iterations": 183,
            "kernel_ms": 1955.3815336227417,
            "measured_index": 5,
            "mismatches": 0,
            "phase": "dense",
            "scheduled_offset_ns": 9200000000,
            "sequence": 6,
            "start_mono_ns": 29895903395025,
            "wall_ms": 1960.393733
          },
          {
            "checked_values": 102400,
            "end_mono_ns": 29899937756614,
            "first_mismatch": null,
            "iterations": 5,
            "kernel_ms": 2073.6575622558594,
            "measured_index": 6,
            "mismatches": 0,
            "phase": "sparse",
            "scheduled_offset_ns": 11200000000,
            "sequence": 7,
            "start_mono_ns": 29897863800625,
            "wall_ms": 2073.955989
          }
        ],
        "protocol": "stale-cross-layer-575-v1",
        "region_bytes": 65536,
        "regions": 655360,
        "sparse_regions": 20480,
        "sparse_stride_regions": 32,
        "timeline": "alternating-dense-sparse-40g-v1",
        "total_kernel_ms": 12066.839521884918,
        "verified_words_per_second": 209832.74418175517
      }
    },
    {
      "arm": "native_fresh",
      "block": 2,
      "delay_ms": 0,
      "implementation": "native",
      "performance_only": true,
      "workload_result": {
        "allocation_bytes": 42949672960,
        "bootstrap_ns": 1200000000,
        "checked_values": 3284992,
        "dense_launch_regions": 4096,
        "end_to_end_ms": 12040.338515,
        "epoch_mono_ns": 29919015427785,
        "first_mismatch": null,
        "measured_phases": 6,
        "mismatches": 0,
        "phase_ns": 2000000000,
        "phases": [
          {
            "checked_values": 802816,
            "end_mono_ns": 29922216488079,
            "first_mismatch": null,
            "iterations": 196,
            "kernel_ms": 1995.3954892158508,
            "measured_index": 1,
            "mismatches": 0,
            "phase": "dense",
            "scheduled_offset_ns": 1200000000,
            "sequence": 2,
            "start_mono_ns": 29920215629906,
            "wall_ms": 2000.858173
          },
          {
            "checked_values": 307200,
            "end_mono_ns": 29924253460832,
            "first_mismatch": null,
            "iterations": 15,
            "kernel_ms": 2036.0646896362305,
            "measured_index": 2,
            "mismatches": 0,
            "phase": "sparse",
            "scheduled_offset_ns": 3200000000,
            "sequence": 3,
            "start_mono_ns": 29922216505342,
            "wall_ms": 2036.95549
          },
          {
            "checked_values": 778240,
            "end_mono_ns": 29926226838206,
            "first_mismatch": null,
            "iterations": 190,
            "kernel_ms": 1968.2582068443298,
            "measured_index": 3,
            "mismatches": 0,
            "phase": "dense",
            "scheduled_offset_ns": 5200000000,
            "sequence": 4,
            "start_mono_ns": 29924253475788,
            "wall_ms": 1973.362418
          },
          {
            "checked_values": 307200,
            "end_mono_ns": 29928229345542,
            "first_mismatch": null,
            "iterations": 15,
            "kernel_ms": 2001.6047668457031,
            "measured_index": 4,
            "mismatches": 0,
            "phase": "sparse",
            "scheduled_offset_ns": 7200000000,
            "sequence": 5,
            "start_mono_ns": 29926226850698,
            "wall_ms": 2002.494844
          },
          {
            "checked_values": 782336,
            "end_mono_ns": 29930223821037,
            "first_mismatch": null,
            "iterations": 191,
            "kernel_ms": 1989.1931233406067,
            "measured_index": 5,
            "mismatches": 0,
            "phase": "dense",
            "scheduled_offset_ns": 9200000000,
            "sequence": 6,
            "start_mono_ns": 29928229358347,
            "wall_ms": 1994.46269
          },
          {
            "checked_values": 307200,
            "end_mono_ns": 29932255968421,
            "first_mismatch": null,
            "iterations": 15,
            "kernel_ms": 2031.1993408203125,
            "measured_index": 6,
            "mismatches": 0,
            "phase": "sparse",
            "scheduled_offset_ns": 11200000000,
            "sequence": 7,
            "start_mono_ns": 29930223832456,
            "wall_ms": 2032.135965
          }
        ],
        "protocol": "stale-cross-layer-575-v1",
        "region_bytes": 65536,
        "regions": 655360,
        "sparse_regions": 20480,
        "sparse_stride_regions": 32,
        "timeline": "alternating-dense-sparse-40g-v1",
        "total_kernel_ms": 12021.715616703033,
        "verified_words_per_second": 272832.1961967695
      }
    },
    {
      "arm": "bpf_fresh",
      "block": 2,
      "delay_ms": 0,
      "implementation": "bpf",
      "performance_only": true,
      "workload_result": {
        "allocation_bytes": 42949672960,
        "bootstrap_ns": 1200000000,
        "checked_values": 3264512,
        "dense_launch_regions": 4096,
        "end_to_end_ms": 12028.53026,
        "epoch_mono_ns": 29945583028422,
        "first_mismatch": null,
        "measured_phases": 6,
        "mismatches": 0,
        "phase_ns": 2000000000,
        "phases": [
          {
            "checked_values": 802816,
            "end_mono_ns": 29948787708125,
            "first_mismatch": null,
            "iterations": 196,
            "kernel_ms": 1999.0100483894348,
            "measured_index": 1,
            "mismatches": 0,
            "phase": "dense",
            "scheduled_offset_ns": 1200000000,
            "sequence": 2,
            "start_mono_ns": 29946783198535,
            "wall_ms": 2004.50959
          },
          {
            "checked_values": 327680,
            "end_mono_ns": 29950851783331,
            "first_mismatch": null,
            "iterations": 16,
            "kernel_ms": 2063.0986404418945,
            "measured_index": 2,
            "mismatches": 0,
            "phase": "sparse",
            "scheduled_offset_ns": 3200000000,
            "sequence": 3,
            "start_mono_ns": 29948787727762,
            "wall_ms": 2064.055569
          },
          {
            "checked_values": 733184,
            "end_mono_ns": 29952788175980,
            "first_mismatch": null,
            "iterations": 179,
            "kernel_ms": 1931.493278503418,
            "measured_index": 3,
            "mismatches": 0,
            "phase": "dense",
            "scheduled_offset_ns": 5200000000,
            "sequence": 4,
            "start_mono_ns": 29950851797431,
            "wall_ms": 1936.378549
          },
          {
            "checked_values": 307200,
            "end_mono_ns": 29954793934720,
            "first_mismatch": null,
            "iterations": 15,
            "kernel_ms": 2004.8202514648438,
            "measured_index": 4,
            "mismatches": 0,
            "phase": "sparse",
            "scheduled_offset_ns": 7200000000,
            "sequence": 5,
            "start_mono_ns": 29952788186083,
            "wall_ms": 2005.748637
          },
          {
            "checked_values": 786432,
            "end_mono_ns": 29956798178318,
            "first_mismatch": null,
            "iterations": 192,
            "kernel_ms": 1998.8791074752808,
            "measured_index": 5,
            "mismatches": 0,
            "phase": "dense",
            "scheduled_offset_ns": 9200000000,
            "sequence": 6,
            "start_mono_ns": 29954794109053,
            "wall_ms": 2004.069265
          },
          {
            "checked_values": 307200,
            "end_mono_ns": 29958811728795,
            "first_mismatch": null,
            "iterations": 15,
            "kernel_ms": 2012.6279678344727,
            "measured_index": 6,
            "mismatches": 0,
            "phase": "sparse",
            "scheduled_offset_ns": 11200000000,
            "sequence": 7,
            "start_mono_ns": 29956798198113,
            "wall_ms": 2013.530682
          }
        ],
        "protocol": "stale-cross-layer-575-v1",
        "region_bytes": 65536,
        "regions": 655360,
        "sparse_regions": 20480,
        "sparse_stride_regions": 32,
        "timeline": "alternating-dense-sparse-40g-v1",
        "total_kernel_ms": 12009.929294109344,
        "verified_words_per_second": 271397.4134359454
      }
    },
    {
      "arm": "native_delay_100ms",
      "block": 2,
      "delay_ms": 100,
      "implementation": "native",
      "performance_only": true,
      "workload_result": {
        "allocation_bytes": 42949672960,
        "bootstrap_ns": 1200000000,
        "checked_values": 3223552,
        "dense_launch_regions": 4096,
        "end_to_end_ms": 12064.383805,
        "epoch_mono_ns": 29972219978962,
        "first_mismatch": null,
        "measured_phases": 6,
        "mismatches": 0,
        "phase_ns": 2000000000,
        "phases": [
          {
            "checked_values": 794624,
            "end_mono_ns": 29975435107191,
            "first_mismatch": null,
            "iterations": 194,
            "kernel_ms": 2009.381757259369,
            "measured_index": 1,
            "mismatches": 0,
            "phase": "dense",
            "scheduled_offset_ns": 1200000000,
            "sequence": 2,
            "start_mono_ns": 29973420249594,
            "wall_ms": 2014.857597
          },
          {
            "checked_values": 307200,
            "end_mono_ns": 29977476243148,
            "first_mismatch": null,
            "iterations": 15,
            "kernel_ms": 2040.2189331054688,
            "measured_index": 2,
            "mismatches": 0,
            "phase": "sparse",
            "scheduled_offset_ns": 3200000000,
            "sequence": 3,
            "start_mono_ns": 29975435125816,
            "wall_ms": 2041.117332
          },
          {
            "checked_values": 774144,
            "end_mono_ns": 29979428464521,
            "first_mismatch": null,
            "iterations": 189,
            "kernel_ms": 1947.0665850639343,
            "measured_index": 3,
            "mismatches": 0,
            "phase": "dense",
            "scheduled_offset_ns": 5200000000,
            "sequence": 4,
            "start_mono_ns": 29977476259422,
            "wall_ms": 1952.205099
          },
          {
            "checked_values": 286720,
            "end_mono_ns": 29981457174875,
            "first_mismatch": null,
            "iterations": 14,
            "kernel_ms": 2027.8583068847656,
            "measured_index": 4,
            "mismatches": 0,
            "phase": "sparse",
            "scheduled_offset_ns": 7200000000,
            "sequence": 5,
            "start_mono_ns": 29979428478642,
            "wall_ms": 2028.696233
          },
          {
            "checked_values": 774144,
            "end_mono_ns": 29983428022510,
            "first_mismatch": null,
            "iterations": 189,
            "kernel_ms": 1965.7061409950256,
            "measured_index": 5,
            "mismatches": 0,
            "phase": "dense",
            "scheduled_offset_ns": 9200000000,
            "sequence": 6,
            "start_mono_ns": 29981457186904,
            "wall_ms": 1970.835606
          },
          {
            "checked_values": 286720,
            "end_mono_ns": 29985484633399,
            "first_mismatch": null,
            "iterations": 14,
            "kernel_ms": 2055.75399017334,
            "measured_index": 6,
            "mismatches": 0,
            "phase": "sparse",
            "scheduled_offset_ns": 11200000000,
            "sequence": 7,
            "start_mono_ns": 29983428034411,
            "wall_ms": 2056.598988
          }
        ],
        "protocol": "stale-cross-layer-575-v1",
        "region_bytes": 65536,
        "regions": 655360,
        "sparse_regions": 20480,
        "sparse_stride_regions": 32,
        "timeline": "alternating-dense-sparse-40g-v1",
        "total_kernel_ms": 12045.985713481903,
        "verified_words_per_second": 267195.7434464263
      }
    },
    {
      "arm": "native_fresh",
      "block": 3,
      "delay_ms": 0,
      "implementation": "native",
      "performance_only": true,
      "workload_result": {
        "allocation_bytes": 42949672960,
        "bootstrap_ns": 1200000000,
        "checked_values": 3276800,
        "dense_launch_regions": 4096,
        "end_to_end_ms": 12047.854645,
        "epoch_mono_ns": 29999419870268,
        "first_mismatch": null,
        "measured_phases": 6,
        "mismatches": 0,
        "phase_ns": 2000000000,
        "phases": [
          {
            "checked_values": 806912,
            "end_mono_ns": 30002633107760,
            "first_mismatch": null,
            "iterations": 197,
            "kernel_ms": 2007.511487007141,
            "measured_index": 1,
            "mismatches": 0,
            "phase": "dense",
            "scheduled_offset_ns": 1200000000,
            "sequence": 2,
            "start_mono_ns": 30000620070601,
            "wall_ms": 2013.037159
          },
          {
            "checked_values": 307200,
            "end_mono_ns": 30004668872908,
            "first_mismatch": null,
            "iterations": 15,
            "kernel_ms": 2034.8449630737305,
            "measured_index": 2,
            "mismatches": 0,
            "phase": "sparse",
            "scheduled_offset_ns": 3200000000,
            "sequence": 3,
            "start_mono_ns": 30002633128467,
            "wall_ms": 2035.744441
          },
          {
            "checked_values": 778240,
            "end_mono_ns": 30006634855280,
            "first_mismatch": null,
            "iterations": 190,
            "kernel_ms": 1960.87238407135,
            "measured_index": 3,
            "mismatches": 0,
            "phase": "dense",
            "scheduled_offset_ns": 5200000000,
            "sequence": 4,
            "start_mono_ns": 30004668887214,
            "wall_ms": 1965.968066
          },
          {
            "checked_values": 327680,
            "end_mono_ns": 30008633072793,
            "first_mismatch": null,
            "iterations": 16,
            "kernel_ms": 1997.255355834961,
            "measured_index": 4,
            "mismatches": 0,
            "phase": "sparse",
            "scheduled_offset_ns": 7200000000,
            "sequence": 5,
            "start_mono_ns": 30006634865518,
            "wall_ms": 1998.207275
          },
          {
            "checked_values": 749568,
            "end_mono_ns": 30010630706636,
            "first_mismatch": null,
            "iterations": 183,
            "kernel_ms": 1992.6423978805542,
            "measured_index": 5,
            "mismatches": 0,
            "phase": "dense",
            "scheduled_offset_ns": 9200000000,
            "sequence": 6,
            "start_mono_ns": 30008633085784,
            "wall_ms": 1997.620852
          },
          {
            "checked_values": 307200,
            "end_mono_ns": 30012667925246,
            "first_mismatch": null,
            "iterations": 15,
            "kernel_ms": 2036.2738571166992,
            "measured_index": 6,
            "mismatches": 0,
            "phase": "sparse",
            "scheduled_offset_ns": 11200000000,
            "sequence": 7,
            "start_mono_ns": 30010630717592,
            "wall_ms": 2037.207654
          }
        ],
        "protocol": "stale-cross-layer-575-v1",
        "region_bytes": 65536,
        "regions": 655360,
        "sparse_regions": 20480,
        "sparse_stride_regions": 32,
        "timeline": "alternating-dense-sparse-40g-v1",
        "total_kernel_ms": 12029.400444984436,
        "verified_words_per_second": 271982.0330302466
      }
    },
    {
      "arm": "native_delay_100ms",
      "block": 3,
      "delay_ms": 100,
      "implementation": "native",
      "performance_only": true,
      "workload_result": {
        "allocation_bytes": 42949672960,
        "bootstrap_ns": 1200000000,
        "checked_values": 3223552,
        "dense_launch_regions": 4096,
        "end_to_end_ms": 12055.470116,
        "epoch_mono_ns": 30026099647620,
        "first_mismatch": null,
        "measured_phases": 6,
        "mismatches": 0,
        "phase_ns": 2000000000,
        "phases": [
          {
            "checked_values": 794624,
            "end_mono_ns": 30029301741227,
            "first_mismatch": null,
            "iterations": 194,
            "kernel_ms": 1996.4395537376404,
            "measured_index": 1,
            "mismatches": 0,
            "phase": "dense",
            "scheduled_offset_ns": 1200000000,
            "sequence": 2,
            "start_mono_ns": 30027299829781,
            "wall_ms": 2001.911446
          },
          {
            "checked_values": 286720,
            "end_mono_ns": 30031301342684,
            "first_mismatch": null,
            "iterations": 14,
            "kernel_ms": 1998.7417221069336,
            "measured_index": 2,
            "mismatches": 0,
            "phase": "sparse",
            "scheduled_offset_ns": 3200000000,
            "sequence": 3,
            "start_mono_ns": 30029301759517,
            "wall_ms": 1999.583167
          },
          {
            "checked_values": 782336,
            "end_mono_ns": 30033311361996,
            "first_mismatch": null,
            "iterations": 191,
            "kernel_ms": 2004.8163471221924,
            "measured_index": 3,
            "mismatches": 0,
            "phase": "dense",
            "scheduled_offset_ns": 5200000000,
            "sequence": 4,
            "start_mono_ns": 30031301354790,
            "wall_ms": 2010.007206
          },
          {
            "checked_values": 286720,
            "end_mono_ns": 30035364386096,
            "first_mismatch": null,
            "iterations": 14,
            "kernel_ms": 2052.181411743164,
            "measured_index": 4,
            "mismatches": 0,
            "phase": "sparse",
            "scheduled_offset_ns": 7200000000,
            "sequence": 5,
            "start_mono_ns": 30033311374698,
            "wall_ms": 2053.011398
          },
          {
            "checked_values": 765952,
            "end_mono_ns": 30037308495698,
            "first_mismatch": null,
            "iterations": 187,
            "kernel_ms": 1939.0442161560059,
            "measured_index": 5,
            "mismatches": 0,
            "phase": "dense",
            "scheduled_offset_ns": 9200000000,
            "sequence": 6,
            "start_mono_ns": 30035364398036,
            "wall_ms": 1944.097662
          },
          {
            "checked_values": 307200,
            "end_mono_ns": 30039355299897,
            "first_mismatch": null,
            "iterations": 15,
            "kernel_ms": 2045.8884582519531,
            "measured_index": 6,
            "mismatches": 0,
            "phase": "sparse",
            "scheduled_offset_ns": 11200000000,
            "sequence": 7,
            "start_mono_ns": 30037308508917,
            "wall_ms": 2046.79098
          }
        ],
        "protocol": "stale-cross-layer-575-v1",
        "region_bytes": 65536,
        "regions": 655360,
        "sparse_regions": 20480,
        "sparse_stride_regions": 32,
        "timeline": "alternating-dense-sparse-40g-v1",
        "total_kernel_ms": 12037.11170911789,
        "verified_words_per_second": 267393.30519526626
      }
    },
    {
      "arm": "bpf_fresh",
      "block": 3,
      "delay_ms": 0,
      "implementation": "bpf",
      "performance_only": true,
      "workload_result": {
        "allocation_bytes": 42949672960,
        "bootstrap_ns": 1200000000,
        "checked_values": 3309568,
        "dense_launch_regions": 4096,
        "end_to_end_ms": 12072.500934,
        "epoch_mono_ns": 30053585586963,
        "first_mismatch": null,
        "measured_phases": 6,
        "mismatches": 0,
        "phase_ns": 2000000000,
        "phases": [
          {
            "checked_values": 802816,
            "end_mono_ns": 30056786003105,
            "first_mismatch": null,
            "iterations": 196,
            "kernel_ms": 1994.7396202087402,
            "measured_index": 1,
            "mismatches": 0,
            "phase": "dense",
            "scheduled_offset_ns": 1200000000,
            "sequence": 2,
            "start_mono_ns": 30054785825550,
            "wall_ms": 2000.177555
          },
          {
            "checked_values": 307200,
            "end_mono_ns": 30058811685385,
            "first_mismatch": null,
            "iterations": 15,
            "kernel_ms": 2024.7631301879883,
            "measured_index": 2,
            "mismatches": 0,
            "phase": "sparse",
            "scheduled_offset_ns": 3200000000,
            "sequence": 3,
            "start_mono_ns": 30056786020627,
            "wall_ms": 2025.664758
          },
          {
            "checked_values": 778240,
            "end_mono_ns": 30060790586085,
            "first_mismatch": null,
            "iterations": 190,
            "kernel_ms": 1973.7680988311768,
            "measured_index": 3,
            "mismatches": 0,
            "phase": "dense",
            "scheduled_offset_ns": 5200000000,
            "sequence": 4,
            "start_mono_ns": 30058811699326,
            "wall_ms": 1978.886759
          },
          {
            "checked_values": 307200,
            "end_mono_ns": 30062799760069,
            "first_mismatch": null,
            "iterations": 15,
            "kernel_ms": 2008.2911682128906,
            "measured_index": 4,
            "mismatches": 0,
            "phase": "sparse",
            "scheduled_offset_ns": 7200000000,
            "sequence": 5,
            "start_mono_ns": 30060790596833,
            "wall_ms": 2009.163236
          },
          {
            "checked_values": 786432,
            "end_mono_ns": 30064797713247,
            "first_mismatch": null,
            "iterations": 192,
            "kernel_ms": 1992.7793912887573,
            "measured_index": 5,
            "mismatches": 0,
            "phase": "dense",
            "scheduled_offset_ns": 9200000000,
            "sequence": 6,
            "start_mono_ns": 30062799769588,
            "wall_ms": 1997.943659
          },
          {
            "checked_values": 327680,
            "end_mono_ns": 30066858326484,
            "first_mismatch": null,
            "iterations": 16,
            "kernel_ms": 2059.6469116210938,
            "measured_index": 6,
            "mismatches": 0,
            "phase": "sparse",
            "scheduled_offset_ns": 11200000000,
            "sequence": 7,
            "start_mono_ns": 30064797725438,
            "wall_ms": 2060.601046
          }
        ],
        "protocol": "stale-cross-layer-575-v1",
        "region_bytes": 65536,
        "regions": 655360,
        "sparse_regions": 20480,
        "sparse_stride_regions": 32,
        "timeline": "alternating-dense-sparse-40g-v1",
        "total_kernel_ms": 12053.988320350647,
        "verified_words_per_second": 274141.04319339537
      }
    },
    {
      "arm": "uvm_default",
      "block": 3,
      "delay_ms": null,
      "implementation": null,
      "performance_only": true,
      "workload_result": {
        "allocation_bytes": 42949672960,
        "bootstrap_ns": 1200000000,
        "checked_values": 2424832,
        "dense_launch_regions": 4096,
        "end_to_end_ms": 12039.324467,
        "epoch_mono_ns": 30079655489280,
        "first_mismatch": null,
        "measured_phases": 6,
        "mismatches": 0,
        "phase_ns": 2000000000,
        "phases": [
          {
            "checked_values": 573440,
            "end_mono_ns": 30082868798645,
            "first_mismatch": null,
            "iterations": 140,
            "kernel_ms": 2009.0915880203247,
            "measured_index": 1,
            "mismatches": 0,
            "phase": "dense",
            "scheduled_offset_ns": 1200000000,
            "sequence": 2,
            "start_mono_ns": 30080855689721,
            "wall_ms": 2013.108924
          },
          {
            "checked_values": 225280,
            "end_mono_ns": 30084915775373,
            "first_mismatch": null,
            "iterations": 11,
            "kernel_ms": 2046.2904205322266,
            "measured_index": 2,
            "mismatches": 0,
            "phase": "sparse",
            "scheduled_offset_ns": 3200000000,
            "sequence": 3,
            "start_mono_ns": 30082868818427,
            "wall_ms": 2046.956946
          },
          {
            "checked_values": 585728,
            "end_mono_ns": 30086856027081,
            "first_mismatch": null,
            "iterations": 143,
            "kernel_ms": 1936.3752689361572,
            "measured_index": 3,
            "mismatches": 0,
            "phase": "dense",
            "scheduled_offset_ns": 5200000000,
            "sequence": 4,
            "start_mono_ns": 30084915792682,
            "wall_ms": 1940.234399
          },
          {
            "checked_values": 225280,
            "end_mono_ns": 30088890144938,
            "first_mismatch": null,
            "iterations": 11,
            "kernel_ms": 2033.4468078613281,
            "measured_index": 4,
            "mismatches": 0,
            "phase": "sparse",
            "scheduled_offset_ns": 7200000000,
            "sequence": 5,
            "start_mono_ns": 30086856039889,
            "wall_ms": 2034.105049
          },
          {
            "checked_values": 589824,
            "end_mono_ns": 30090858762397,
            "first_mismatch": null,
            "iterations": 144,
            "kernel_ms": 1964.7297201156616,
            "measured_index": 5,
            "mismatches": 0,
            "phase": "dense",
            "scheduled_offset_ns": 9200000000,
            "sequence": 6,
            "start_mono_ns": 30088890159706,
            "wall_ms": 1968.602691
          },
          {
            "checked_values": 225280,
            "end_mono_ns": 30092895014188,
            "first_mismatch": null,
            "iterations": 11,
            "kernel_ms": 2035.5780181884766,
            "measured_index": 6,
            "mismatches": 0,
            "phase": "sparse",
            "scheduled_offset_ns": 11200000000,
            "sequence": 7,
            "start_mono_ns": 30090858777498,
            "wall_ms": 2036.23669
          }
        ],
        "protocol": "stale-cross-layer-575-v1",
        "region_bytes": 65536,
        "regions": 655360,
        "sparse_regions": 20480,
        "sparse_stride_regions": 32,
        "timeline": "alternating-dense-sparse-40g-v1",
        "total_kernel_ms": 12025.511823654175,
        "verified_words_per_second": 201409.3071954749
      }
    },
    {
      "arm": "bpf_delay_1000ms",
      "block": 3,
      "delay_ms": 1000,
      "implementation": "bpf",
      "performance_only": true,
      "workload_result": {
        "allocation_bytes": 42949672960,
        "bootstrap_ns": 1200000000,
        "checked_values": 2527232,
        "dense_launch_regions": 4096,
        "end_to_end_ms": 12056.097194,
        "epoch_mono_ns": 30102026801268,
        "first_mismatch": null,
        "measured_phases": 6,
        "mismatches": 0,
        "phase_ns": 2000000000,
        "phases": [
          {
            "checked_values": 733184,
            "end_mono_ns": 30105237564498,
            "first_mismatch": null,
            "iterations": 179,
            "kernel_ms": 2005.5111989974976,
            "measured_index": 1,
            "mismatches": 0,
            "phase": "dense",
            "scheduled_offset_ns": 1200000000,
            "sequence": 2,
            "start_mono_ns": 30103226991136,
            "wall_ms": 2010.573362
          },
          {
            "checked_values": 102400,
            "end_mono_ns": 30107303057411,
            "first_mismatch": null,
            "iterations": 5,
            "kernel_ms": 2065.164581298828,
            "measured_index": 2,
            "mismatches": 0,
            "phase": "sparse",
            "scheduled_offset_ns": 3200000000,
            "sequence": 3,
            "start_mono_ns": 30105237583778,
            "wall_ms": 2065.473633
          },
          {
            "checked_values": 741376,
            "end_mono_ns": 30109237501300,
            "first_mismatch": null,
            "iterations": 181,
            "kernel_ms": 1929.464898109436,
            "measured_index": 3,
            "mismatches": 0,
            "phase": "dense",
            "scheduled_offset_ns": 5200000000,
            "sequence": 4,
            "start_mono_ns": 30107303072674,
            "wall_ms": 1934.428626
          },
          {
            "checked_values": 102400,
            "end_mono_ns": 30111296521126,
            "first_mismatch": null,
            "iterations": 5,
            "kernel_ms": 2058.6996154785156,
            "measured_index": 4,
            "mismatches": 0,
            "phase": "sparse",
            "scheduled_offset_ns": 7200000000,
            "sequence": 5,
            "start_mono_ns": 30109237513579,
            "wall_ms": 2059.007547
          },
          {
            "checked_values": 745472,
            "end_mono_ns": 30113237895742,
            "first_mismatch": null,
            "iterations": 182,
            "kernel_ms": 1936.4148139953613,
            "measured_index": 5,
            "mismatches": 0,
            "phase": "dense",
            "scheduled_offset_ns": 9200000000,
            "sequence": 6,
            "start_mono_ns": 30111296534255,
            "wall_ms": 1941.361487
          },
          {
            "checked_values": 102400,
            "end_mono_ns": 30115283088330,
            "first_mismatch": null,
            "iterations": 5,
            "kernel_ms": 2044.8821716308594,
            "measured_index": 6,
            "mismatches": 0,
            "phase": "sparse",
            "scheduled_offset_ns": 11200000000,
            "sequence": 7,
            "start_mono_ns": 30113237905515,
            "wall_ms": 2045.182815
          }
        ],
        "protocol": "stale-cross-layer-575-v1",
        "region_bytes": 65536,
        "regions": 655360,
        "sparse_regions": 20480,
        "sparse_stride_regions": 32,
        "timeline": "alternating-dense-sparse-40g-v1",
        "total_kernel_ms": 12040.137279510498,
        "verified_words_per_second": 209622.72942339387
      }
    },
    {
      "arm": "native_delay_1000ms",
      "block": 3,
      "delay_ms": 1000,
      "implementation": "native",
      "performance_only": true,
      "workload_result": {
        "allocation_bytes": 42949672960,
        "bootstrap_ns": 1200000000,
        "checked_values": 2527232,
        "dense_launch_regions": 4096,
        "end_to_end_ms": 12097.547755,
        "epoch_mono_ns": 30134674682787,
        "first_mismatch": null,
        "measured_phases": 6,
        "mismatches": 0,
        "phase_ns": 2000000000,
        "phases": [
          {
            "checked_values": 733184,
            "end_mono_ns": 30137875535937,
            "first_mismatch": null,
            "iterations": 179,
            "kernel_ms": 1995.5161929130554,
            "measured_index": 1,
            "mismatches": 0,
            "phase": "dense",
            "scheduled_offset_ns": 1200000000,
            "sequence": 2,
            "start_mono_ns": 30135874944561,
            "wall_ms": 2000.591376
          },
          {
            "checked_values": 102400,
            "end_mono_ns": 30139948044258,
            "first_mismatch": null,
            "iterations": 5,
            "kernel_ms": 2072.179229736328,
            "measured_index": 2,
            "mismatches": 0,
            "phase": "sparse",
            "scheduled_offset_ns": 3200000000,
            "sequence": 3,
            "start_mono_ns": 30137875555342,
            "wall_ms": 2072.488916
          },
          {
            "checked_values": 741376,
            "end_mono_ns": 30141882303450,
            "first_mismatch": null,
            "iterations": 181,
            "kernel_ms": 1929.2951765060425,
            "measured_index": 3,
            "mismatches": 0,
            "phase": "dense",
            "scheduled_offset_ns": 5200000000,
            "sequence": 4,
            "start_mono_ns": 30139948055855,
            "wall_ms": 1934.247595
          },
          {
            "checked_values": 102400,
            "end_mono_ns": 30143937719160,
            "first_mismatch": null,
            "iterations": 5,
            "kernel_ms": 2055.1024475097656,
            "measured_index": 4,
            "mismatches": 0,
            "phase": "sparse",
            "scheduled_offset_ns": 7200000000,
            "sequence": 5,
            "start_mono_ns": 30141882313780,
            "wall_ms": 2055.40538
          },
          {
            "checked_values": 745472,
            "end_mono_ns": 30145883271142,
            "first_mismatch": null,
            "iterations": 182,
            "kernel_ms": 1940.530080795288,
            "measured_index": 5,
            "mismatches": 0,
            "phase": "dense",
            "scheduled_offset_ns": 9200000000,
            "sequence": 6,
            "start_mono_ns": 30143937729464,
            "wall_ms": 1945.541678
          },
          {
            "checked_values": 102400,
            "end_mono_ns": 30147972492316,
            "first_mismatch": null,
            "iterations": 5,
            "kernel_ms": 2088.905731201172,
            "measured_index": 6,
            "mismatches": 0,
            "phase": "sparse",
            "scheduled_offset_ns": 11200000000,
            "sequence": 7,
            "start_mono_ns": 30145883279872,
            "wall_ms": 2089.212444
          }
        ],
        "protocol": "stale-cross-layer-575-v1",
        "region_bytes": 65536,
        "regions": 655360,
        "sparse_regions": 20480,
        "sparse_stride_regions": 32,
        "timeline": "alternating-dense-sparse-40g-v1",
        "total_kernel_ms": 12081.528858661652,
        "verified_words_per_second": 208904.48636216193
      }
    },
    {
      "arm": "bpf_delay_100ms",
      "block": 3,
      "delay_ms": 100,
      "implementation": "bpf",
      "performance_only": true,
      "workload_result": {
        "allocation_bytes": 42949672960,
        "bootstrap_ns": 1200000000,
        "checked_values": 3227648,
        "dense_launch_regions": 4096,
        "end_to_end_ms": 12061.280637,
        "epoch_mono_ns": 30167690498266,
        "first_mismatch": null,
        "measured_phases": 6,
        "mismatches": 0,
        "phase_ns": 2000000000,
        "phases": [
          {
            "checked_values": 794624,
            "end_mono_ns": 30170892212573,
            "first_mismatch": null,
            "iterations": 194,
            "kernel_ms": 1996.1331839561462,
            "measured_index": 1,
            "mismatches": 0,
            "phase": "dense",
            "scheduled_offset_ns": 1200000000,
            "sequence": 2,
            "start_mono_ns": 30168890603328,
            "wall_ms": 2001.609245
          },
          {
            "checked_values": 286720,
            "end_mono_ns": 30172909431172,
            "first_mismatch": null,
            "iterations": 14,
            "kernel_ms": 2016.361473083496,
            "measured_index": 2,
            "mismatches": 0,
            "phase": "sparse",
            "scheduled_offset_ns": 3200000000,
            "sequence": 3,
            "start_mono_ns": 30170892231612,
            "wall_ms": 2017.19956
          },
          {
            "checked_values": 774144,
            "end_mono_ns": 30174896300203,
            "first_mismatch": null,
            "iterations": 189,
            "kernel_ms": 1981.712800502777,
            "measured_index": 3,
            "mismatches": 0,
            "phase": "dense",
            "scheduled_offset_ns": 5200000000,
            "sequence": 4,
            "start_mono_ns": 30172909447906,
            "wall_ms": 1986.852297
          },
          {
            "checked_values": 286720,
            "end_mono_ns": 30176912582903,
            "first_mismatch": null,
            "iterations": 14,
            "kernel_ms": 2015.4345474243164,
            "measured_index": 4,
            "mismatches": 0,
            "phase": "sparse",
            "scheduled_offset_ns": 7200000000,
            "sequence": 5,
            "start_mono_ns": 30174896311645,
            "wall_ms": 2016.271258
          },
          {
            "checked_values": 778240,
            "end_mono_ns": 30178897051344,
            "first_mismatch": null,
            "iterations": 190,
            "kernel_ms": 1979.3180809020996,
            "measured_index": 5,
            "mismatches": 0,
            "phase": "dense",
            "scheduled_offset_ns": 9200000000,
            "sequence": 6,
            "start_mono_ns": 30176912592939,
            "wall_ms": 1984.458405
          },
          {
            "checked_values": 307200,
            "end_mono_ns": 30180951883965,
            "first_mismatch": null,
            "iterations": 15,
            "kernel_ms": 2053.9202880859375,
            "measured_index": 6,
            "mismatches": 0,
            "phase": "sparse",
            "scheduled_offset_ns": 11200000000,
            "sequence": 7,
            "start_mono_ns": 30178897060618,
            "wall_ms": 2054.823347
          }
        ],
        "protocol": "stale-cross-layer-575-v1",
        "region_bytes": 65536,
        "regions": 655360,
        "sparse_regions": 20480,
        "sparse_stride_regions": 32,
        "timeline": "alternating-dense-sparse-40g-v1",
        "total_kernel_ms": 12042.880373954773,
        "verified_words_per_second": 267604.08758740337
      }
    }
  ],
  "note": "performance-only run: raw files and measured workload results only; historical idle, cell, and campaign validators were not run; ordinary per-cell audit failures are recorded in each cell and the campaign continues",
  "output": "/home/yunwei37/workspace/gpu/gpu_ext/workloads/stale-state-575/raw/stale-state-575-performance-gds-20260907-01",
  "performance_only": true,
  "protocol": "stale-cross-layer-575-v1",
  "run_status": "performance_only",
  "stage": "full",
  "validated": false
}
RESTORED_SAVED_GDS_MODULE
