$ make
# cwd: /tmp/gpubpf-table1-components-20260909.JPYk6U/gpubpf_tool_build/kernelretsnoop
# started: 2026-09-09T11:07:17

## output
  MKDIR    .output
  MKDIR    .output/libbpf
  LIB      libbpf.a
  MKDIR    /tmp/gpubpf-table1-components-20260909.JPYk6U/gpubpf_tool_build/kernelretsnoop/.output//libbpf/staticobjs
  CC       /tmp/gpubpf-table1-components-20260909.JPYk6U/gpubpf_tool_build/kernelretsnoop/.output//libbpf/staticobjs/bpf.o
  CC       /tmp/gpubpf-table1-components-20260909.JPYk6U/gpubpf_tool_build/kernelretsnoop/.output//libbpf/staticobjs/btf.o
  CC       /tmp/gpubpf-table1-components-20260909.JPYk6U/gpubpf_tool_build/kernelretsnoop/.output//libbpf/staticobjs/libbpf.o
  CC       /tmp/gpubpf-table1-components-20260909.JPYk6U/gpubpf_tool_build/kernelretsnoop/.output//libbpf/staticobjs/libbpf_errno.o
  CC       /tmp/gpubpf-table1-components-20260909.JPYk6U/gpubpf_tool_build/kernelretsnoop/.output//libbpf/staticobjs/netlink.o
  CC       /tmp/gpubpf-table1-components-20260909.JPYk6U/gpubpf_tool_build/kernelretsnoop/.output//libbpf/staticobjs/nlattr.o
  CC       /tmp/gpubpf-table1-components-20260909.JPYk6U/gpubpf_tool_build/kernelretsnoop/.output//libbpf/staticobjs/str_error.o
  CC       /tmp/gpubpf-table1-components-20260909.JPYk6U/gpubpf_tool_build/kernelretsnoop/.output//libbpf/staticobjs/libbpf_probes.o
  CC       /tmp/gpubpf-table1-components-20260909.JPYk6U/gpubpf_tool_build/kernelretsnoop/.output//libbpf/staticobjs/bpf_prog_linfo.o
  CC       /tmp/gpubpf-table1-components-20260909.JPYk6U/gpubpf_tool_build/kernelretsnoop/.output//libbpf/staticobjs/btf_dump.o
  CC       /tmp/gpubpf-table1-components-20260909.JPYk6U/gpubpf_tool_build/kernelretsnoop/.output//libbpf/staticobjs/hashmap.o
  CC       /tmp/gpubpf-table1-components-20260909.JPYk6U/gpubpf_tool_build/kernelretsnoop/.output//libbpf/staticobjs/ringbuf.o
  CC       /tmp/gpubpf-table1-components-20260909.JPYk6U/gpubpf_tool_build/kernelretsnoop/.output//libbpf/staticobjs/strset.o
  CC       /tmp/gpubpf-table1-components-20260909.JPYk6U/gpubpf_tool_build/kernelretsnoop/.output//libbpf/staticobjs/linker.o
  CC       /tmp/gpubpf-table1-components-20260909.JPYk6U/gpubpf_tool_build/kernelretsnoop/.output//libbpf/staticobjs/gen_loader.o
  CC       /tmp/gpubpf-table1-components-20260909.JPYk6U/gpubpf_tool_build/kernelretsnoop/.output//libbpf/staticobjs/relo_core.o
  CC       /tmp/gpubpf-table1-components-20260909.JPYk6U/gpubpf_tool_build/kernelretsnoop/.output//libbpf/staticobjs/usdt.o
  CC       /tmp/gpubpf-table1-components-20260909.JPYk6U/gpubpf_tool_build/kernelretsnoop/.output//libbpf/staticobjs/zip.o
  CC       /tmp/gpubpf-table1-components-20260909.JPYk6U/gpubpf_tool_build/kernelretsnoop/.output//libbpf/staticobjs/elf.o
  CC       /tmp/gpubpf-table1-components-20260909.JPYk6U/gpubpf_tool_build/kernelretsnoop/.output//libbpf/staticobjs/features.o
  CC       /tmp/gpubpf-table1-components-20260909.JPYk6U/gpubpf_tool_build/kernelretsnoop/.output//libbpf/staticobjs/btf_iter.o
  CC       /tmp/gpubpf-table1-components-20260909.JPYk6U/gpubpf_tool_build/kernelretsnoop/.output//libbpf/staticobjs/btf_relocate.o
  AR       /tmp/gpubpf-table1-components-20260909.JPYk6U/gpubpf_tool_build/kernelretsnoop/.output//libbpf/libbpf.a
  INSTALL  bpf.h libbpf.h btf.h libbpf_common.h libbpf_legacy.h bpf_helpers.h bpf_helper_defs.h bpf_tracing.h bpf_endian.h bpf_core_read.h skel_internal.h libbpf_version.h usdt.bpf.h
  INSTALL  /tmp/gpubpf-table1-components-20260909.JPYk6U/gpubpf_tool_build/kernelretsnoop/.output//libbpf/libbpf.pc
  INSTALL  /tmp/gpubpf-table1-components-20260909.JPYk6U/gpubpf_tool_build/kernelretsnoop/.output//libbpf/libbpf.a 
  MKDIR    bpftool
  BPFTOOL  bpftool/bootstrap/bpftool
...                        libbfd: [ [32mon[m  ]
...               clang-bpf-co-re: [ [32mon[m  ]
...                          llvm: [ [32mon[m  ]
...                        libcap: [ [32mon[m  ]
  MKDIR    /tmp/gpubpf-table1-components-20260909.JPYk6U/gpubpf_tool_build/kernelretsnoop/.output/bpftool/bootstrap/libbpf/include/bpf
  INSTALL  /tmp/gpubpf-table1-components-20260909.JPYk6U/gpubpf_tool_build/kernelretsnoop/.output/bpftool/bootstrap/libbpf/include/bpf/hashmap.h
  INSTALL  /tmp/gpubpf-table1-components-20260909.JPYk6U/gpubpf_tool_build/kernelretsnoop/.output/bpftool/bootstrap/libbpf/include/bpf/relo_core.h
  INSTALL  /tmp/gpubpf-table1-components-20260909.JPYk6U/gpubpf_tool_build/kernelretsnoop/.output/bpftool/bootstrap/libbpf/include/bpf/libbpf_internal.h
  MKDIR    /tmp/gpubpf-table1-components-20260909.JPYk6U/gpubpf_tool_build/kernelretsnoop/.output/bpftool/bootstrap/
  MKDIR    /tmp/gpubpf-table1-components-20260909.JPYk6U/gpubpf_tool_build/kernelretsnoop/.output/bpftool/bootstrap/libbpf/
  MKDIR    /tmp/gpubpf-table1-components-20260909.JPYk6U/gpubpf_tool_build/kernelretsnoop/.output/bpftool/bootstrap/libbpf/staticobjs
  CC       /tmp/gpubpf-table1-components-20260909.JPYk6U/gpubpf_tool_build/kernelretsnoop/.output/bpftool/bootstrap/libbpf/staticobjs/bpf.o
  CC       /tmp/gpubpf-table1-components-20260909.JPYk6U/gpubpf_tool_build/kernelretsnoop/.output/bpftool/bootstrap/libbpf/staticobjs/btf.o
  CC       /tmp/gpubpf-table1-components-20260909.JPYk6U/gpubpf_tool_build/kernelretsnoop/.output/bpftool/bootstrap/libbpf/staticobjs/libbpf.o
  CC       /tmp/gpubpf-table1-components-20260909.JPYk6U/gpubpf_tool_build/kernelretsnoop/.output/bpftool/bootstrap/libbpf/staticobjs/libbpf_errno.o
  CC       /tmp/gpubpf-table1-components-20260909.JPYk6U/gpubpf_tool_build/kernelretsnoop/.output/bpftool/bootstrap/libbpf/staticobjs/netlink.o
  CC       /tmp/gpubpf-table1-components-20260909.JPYk6U/gpubpf_tool_build/kernelretsnoop/.output/bpftool/bootstrap/libbpf/staticobjs/nlattr.o
  CC       /tmp/gpubpf-table1-components-20260909.JPYk6U/gpubpf_tool_build/kernelretsnoop/.output/bpftool/bootstrap/libbpf/staticobjs/str_error.o
  CC       /tmp/gpubpf-table1-components-20260909.JPYk6U/gpubpf_tool_build/kernelretsnoop/.output/bpftool/bootstrap/libbpf/staticobjs/libbpf_probes.o
  CC       /tmp/gpubpf-table1-components-20260909.JPYk6U/gpubpf_tool_build/kernelretsnoop/.output/bpftool/bootstrap/libbpf/staticobjs/bpf_prog_linfo.o
  CC       /tmp/gpubpf-table1-components-20260909.JPYk6U/gpubpf_tool_build/kernelretsnoop/.output/bpftool/bootstrap/libbpf/staticobjs/btf_dump.o
  CC       /tmp/gpubpf-table1-components-20260909.JPYk6U/gpubpf_tool_build/kernelretsnoop/.output/bpftool/bootstrap/libbpf/staticobjs/hashmap.o
  CC       /tmp/gpubpf-table1-components-20260909.JPYk6U/gpubpf_tool_build/kernelretsnoop/.output/bpftool/bootstrap/libbpf/staticobjs/ringbuf.o
  CC       /tmp/gpubpf-table1-components-20260909.JPYk6U/gpubpf_tool_build/kernelretsnoop/.output/bpftool/bootstrap/libbpf/staticobjs/strset.o
  CC       /tmp/gpubpf-table1-components-20260909.JPYk6U/gpubpf_tool_build/kernelretsnoop/.output/bpftool/bootstrap/libbpf/staticobjs/linker.o
  CC       /tmp/gpubpf-table1-components-20260909.JPYk6U/gpubpf_tool_build/kernelretsnoop/.output/bpftool/bootstrap/libbpf/staticobjs/gen_loader.o
  CC       /tmp/gpubpf-table1-components-20260909.JPYk6U/gpubpf_tool_build/kernelretsnoop/.output/bpftool/bootstrap/libbpf/staticobjs/relo_core.o
  CC       /tmp/gpubpf-table1-components-20260909.JPYk6U/gpubpf_tool_build/kernelretsnoop/.output/bpftool/bootstrap/libbpf/staticobjs/usdt.o
  CC       /tmp/gpubpf-table1-components-20260909.JPYk6U/gpubpf_tool_build/kernelretsnoop/.output/bpftool/bootstrap/libbpf/staticobjs/zip.o
  CC       /tmp/gpubpf-table1-components-20260909.JPYk6U/gpubpf_tool_build/kernelretsnoop/.output/bpftool/bootstrap/libbpf/staticobjs/elf.o
  CC       /tmp/gpubpf-table1-components-20260909.JPYk6U/gpubpf_tool_build/kernelretsnoop/.output/bpftool/bootstrap/libbpf/staticobjs/features.o
  CC       /tmp/gpubpf-table1-components-20260909.JPYk6U/gpubpf_tool_build/kernelretsnoop/.output/bpftool/bootstrap/libbpf/staticobjs/btf_iter.o
  CC       /tmp/gpubpf-table1-components-20260909.JPYk6U/gpubpf_tool_build/kernelretsnoop/.output/bpftool/bootstrap/libbpf/staticobjs/btf_relocate.o
  AR       /tmp/gpubpf-table1-components-20260909.JPYk6U/gpubpf_tool_build/kernelretsnoop/.output/bpftool/bootstrap/libbpf/libbpf.a
  INSTALL  bpf.h libbpf.h btf.h libbpf_common.h libbpf_legacy.h bpf_helpers.h bpf_helper_defs.h bpf_tracing.h bpf_endian.h bpf_core_read.h skel_internal.h libbpf_version.h usdt.bpf.h
  CC       /tmp/gpubpf-table1-components-20260909.JPYk6U/gpubpf_tool_build/kernelretsnoop/.output/bpftool/bootstrap/main.o
  CC       /tmp/gpubpf-table1-components-20260909.JPYk6U/gpubpf_tool_build/kernelretsnoop/.output/bpftool/bootstrap/common.o
  CC       /tmp/gpubpf-table1-components-20260909.JPYk6U/gpubpf_tool_build/kernelretsnoop/.output/bpftool/bootstrap/json_writer.o
  CC       /tmp/gpubpf-table1-components-20260909.JPYk6U/gpubpf_tool_build/kernelretsnoop/.output/bpftool/bootstrap/gen.o
  CC       /tmp/gpubpf-table1-components-20260909.JPYk6U/gpubpf_tool_build/kernelretsnoop/.output/bpftool/bootstrap/btf.o
  LINK     /tmp/gpubpf-table1-components-20260909.JPYk6U/gpubpf_tool_build/kernelretsnoop/.output/bpftool/bootstrap/bpftool
  BPF      .output/kernelretsnoop.bpf.o
clang: warning: -Xlinker --export-dynamic: 'linker' input unused [-Wunused-command-line-argument]
  GEN-SKEL .output/kernelretsnoop.skel.h
  CC       .output/kernelretsnoop.o
  BINARY   kernelretsnoop

# exit: 0
