[2026-09-09 03:06:15][warning][430604] Calling original ioctl: 8 3223340586 140734510667904
[2026-09-09 03:06:15][warning][430604] Calling original ioctl: 8 3223340586 140734510667920
[2026-09-09 03:06:15][warning][430604] Calling original ioctl: 8 3223340586 140734510667968
[2026-09-09 03:06:15][warning][430604] Calling original ioctl: 9 25 140734510672288
[2026-09-09 03:06:15][warning][430604] Calling original ioctl: 8 3224389163 140734510669552
[2026-09-09 03:06:15][warning][430604] Calling original ioctl: 9 73 140734510668736
[2026-09-09 03:06:15][warning][430604] Calling original ioctl: 9 33 140734510659504
[2026-09-09 03:06:15][warning][430604] Calling original ioctl: 8 3224389163 140734510669232
[2026-09-09 03:06:15][warning][430604] Calling original ioctl: 9 73 140734510668416
[2026-09-09 03:06:15][warning][430604] Calling original ioctl: 9 33 140734510659184
[2026-09-09 03:06:15][warning][430604] Calling original ioctl: 8 3224389163 140734510669232
[2026-09-09 03:06:15][warning][430604] Calling original ioctl: 9 73 140734510668416
[2026-09-09 03:06:15][warning][430604] Calling original ioctl: 9 33 140734510659184
[2026-09-09 03:06:15][warning][430604] Calling original ioctl: 8 3224389163 140734510669728
[2026-09-09 03:06:15][warning][430604] Calling original ioctl: 9 73 140734510668912
[2026-09-09 03:06:15][warning][430604] Calling original ioctl: 9 33 140734510659680
[2026-09-09 03:06:15][warning][430604] Calling original ioctl: 8 3224389163 140734510671408
[2026-09-09 03:06:15][warning][430604] Calling original ioctl: 8 3224389163 140734510671392
[2026-09-09 03:06:15][warning][430604] Calling original ioctl: 8 3224389163 140734510667632
[2026-09-09 03:06:15][warning][430604] Calling original ioctl: 8 3223340586 140734510663216
[2026-09-09 03:06:15][warning][430604] Calling original ioctl: 8 3224913486 140734510667760
[2026-09-09 03:06:15][warning][430604] Calling original ioctl: 8 3223864926 140734510667712
[2026-09-09 03:06:15][warning][430604] Calling original ioctl: 9 73 140734510666816
[2026-09-09 03:06:15][warning][430604] Calling original ioctl: 9 33 140734510657584
[2026-09-09 03:06:15][warning][430604] Calling original ioctl: 8 3224389163 140734510667168
[2026-09-09 03:06:15][warning][430604] Calling original ioctl: 8 3223340586 140734510662752
[2026-09-09 03:06:15][warning][430604] Calling original ioctl: 8 3224913486 140734510667296
[2026-09-09 03:06:15][warning][430604] Calling original ioctl: 9 73 140734510666352
[2026-09-09 03:06:15][warning][430604] Calling original ioctl: 9 33 140734510657120
[2026-09-09 03:06:15][warning][430604] Calling original ioctl: 8 3224389163 140734510668016
[2026-09-09 03:06:15][warning][430604] Calling original ioctl: 8 3223340586 140734510663600
[2026-09-09 03:06:15][warning][430604] Calling original ioctl: 8 3224913486 140734510668144
[2026-09-09 03:06:15][warning][430604] Calling original ioctl: 8 3224389163 140734510669872
[2026-09-09 03:06:15][warning][430604] Calling original ioctl: 8 3223340586 140734510665904
[2026-09-09 03:06:15][warning][430604] Calling original ioctl: 8 3224389163 140734510670160
[2026-09-09 03:06:15][warning][430604] Calling original ioctl: 8 3223340586 140734510665840
[2026-09-09 03:06:15][warning][430604] Calling original ioctl: 8 3224389163 140734510670160
[2026-09-09 03:06:15][warning][430604] Calling original ioctl: 8 3223340586 140734510665840
[2026-09-09 03:06:15][warning][430604] Calling original ioctl: 8 3223340586 140734510665920
[2026-09-09 03:06:15][warning][430604] Calling original ioctl: 8 3223340586 140734510665920
[2026-09-09 03:06:15][warning][430604] Calling original ioctl: 8 3224389163 140734510668816
[2026-09-09 03:06:15][warning][430604] Calling original ioctl: 8 3223340586 140734510664400
[2026-09-09 03:06:15][warning][430604] Calling original ioctl: 8 3224913486 140734510668944
[2026-09-09 03:06:15][warning][430604] Calling original ioctl: 9 73 140734510668000
[2026-09-09 03:06:15][warning][430604] Calling original ioctl: 9 33 140734510658768
[2026-09-09 03:06:15][warning][430604] Calling original ioctl: 8 3224389163 140734510668016
[2026-09-09 03:06:15][warning][430604] Calling original ioctl: 8 3223340586 140734510663600
[2026-09-09 03:06:15][warning][430604] Calling original ioctl: 8 3224913486 140734510668144
[2026-09-09 03:06:15][warning][430604] Calling original ioctl: 8 3224389163 140734510669872
[2026-09-09 03:06:15][warning][430604] Calling original ioctl: 8 3223340586 140734510665904
[2026-09-09 03:06:15][warning][430604] Calling original ioctl: 8 3224389163 140734510670160
[2026-09-09 03:06:15][warning][430604] Calling original ioctl: 8 3223340586 140734510665840
[2026-09-09 03:06:15][warning][430604] Calling original ioctl: 8 3223340586 140734510665920
[2026-09-09 03:06:15][warning][430604] Calling original ioctl: 8 3223340586 140734510665920
[2026-09-09 03:06:15][warning][430604] Calling original ioctl: 8 3224389163 140734510668016
[2026-09-09 03:06:15][warning][430604] Calling original ioctl: 8 3223340586 140734510663600
[2026-09-09 03:06:15][warning][430604] Calling original ioctl: 8 3224913486 140734510668144
[2026-09-09 03:06:15][warning][430604] Calling original ioctl: 8 3224389163 140734510669872
[2026-09-09 03:06:15][warning][430604] Calling original ioctl: 8 3223340586 140734510665904
[2026-09-09 03:06:15][warning][430604] Calling original ioctl: 8 3224389163 140734510670160
[2026-09-09 03:06:15][warning][430604] Calling original ioctl: 8 3223340586 140734510665840
[2026-09-09 03:06:15][warning][430604] Calling original ioctl: 8 3224389163 140734510670160
[2026-09-09 03:06:15][warning][430604] Calling original ioctl: 8 3223340586 140734510665840
[2026-09-09 03:06:15][warning][430604] Calling original ioctl: 8 3223340586 140734510665920
[2026-09-09 03:06:15][warning][430604] Calling original ioctl: 8 3223340586 140734510665920
[2026-09-09 03:06:15][warning][430604] Calling original ioctl: 8 3224389163 140734510668016
[2026-09-09 03:06:15][warning][430604] Calling original ioctl: 8 3223340586 140734510663600
[2026-09-09 03:06:15][warning][430604] Calling original ioctl: 8 3224913486 140734510668144
[2026-09-09 03:06:15][warning][430604] Calling original ioctl: 8 3224389163 140734510669872
[2026-09-09 03:06:15][warning][430604] Calling original ioctl: 8 3223340586 140734510665904
[2026-09-09 03:06:15][warning][430604] Calling original ioctl: 8 3224389163 140734510670160
[2026-09-09 03:06:15][warning][430604] Calling original ioctl: 8 3223340586 140734510665840
[2026-09-09 03:06:15][warning][430604] Calling original ioctl: 8 3223340586 140734510665920
[2026-09-09 03:06:15][warning][430604] Calling original ioctl: 8 3223340586 140734510665920
[2026-09-09 03:06:15][warning][430604] Calling original ioctl: 8 3224389163 140734510668016
[2026-09-09 03:06:15][warning][430604] Calling original ioctl: 8 3223340586 140734510663600
[2026-09-09 03:06:15][warning][430604] Calling original ioctl: 8 3224913486 140734510668144
[2026-09-09 03:06:15][warning][430604] Calling original ioctl: 8 3224389163 140734510669872
[2026-09-09 03:06:15][warning][430604] Calling original ioctl: 8 3223340586 140734510665904
[2026-09-09 03:06:15][warning][430604] Calling original ioctl: 8 3224389163 140734510670160
[2026-09-09 03:06:15][warning][430604] Calling original ioctl: 8 3223340586 140734510665840
[2026-09-09 03:06:15][warning][430604] Calling original ioctl: 8 3224389163 140734510670160
[2026-09-09 03:06:15][warning][430604] Calling original ioctl: 8 3223340586 140734510665840
[2026-09-09 03:06:15][warning][430604] Calling original ioctl: 8 3223340586 140734510665920
[2026-09-09 03:06:15][warning][430604] Calling original ioctl: 8 3223340586 140734510665920
[2026-09-09 03:06:15][warning][430604] Calling original ioctl: 8 3224389163 140734510668016
[2026-09-09 03:06:15][warning][430604] Calling original ioctl: 8 3223340586 140734510663600
[2026-09-09 03:06:15][warning][430604] Calling original ioctl: 8 3224913486 140734510668144
[2026-09-09 03:06:15][warning][430604] Calling original ioctl: 8 3224389163 140734510669872
[2026-09-09 03:06:15][warning][430604] Calling original ioctl: 8 3223340586 140734510665904
[2026-09-09 03:06:15][warning][430604] Calling original ioctl: 8 3224389163 140734510670160
[2026-09-09 03:06:15][warning][430604] Calling original ioctl: 8 3223340586 140734510665840
[2026-09-09 03:06:15][warning][430604] Calling original ioctl: 8 3223340586 140734510665920
[2026-09-09 03:06:15][warning][430604] Calling original ioctl: 8 3223340586 140734510665920
[2026-09-09 03:06:15][warning][430604] Calling original ioctl: 8 3224389163 140734510668016
[2026-09-09 03:06:15][warning][430604] Calling original ioctl: 8 3223340586 140734510663600
[2026-09-09 03:06:15][warning][430604] Calling original ioctl: 8 3224913486 140734510668144
[2026-09-09 03:06:15][warning][430604] Calling original ioctl: 8 3224389163 140734510669872
[2026-09-09 03:06:15][warning][430604] Calling original ioctl: 8 3223340586 140734510665904
[2026-09-09 03:06:15][warning][430604] Calling original ioctl: 8 3224389163 140734510670160
[2026-09-09 03:06:15][warning][430604] Calling original ioctl: 8 3223340586 140734510665840
[2026-09-09 03:06:15][warning][430604] Calling original ioctl: 8 3224389163 140734510670160
[2026-09-09 03:06:15][warning][430604] Calling original ioctl: 8 3223340586 140734510665840
[2026-09-09 03:06:15][warning][430604] Calling original ioctl: 8 3223340586 140734510665920
[2026-09-09 03:06:15][warning][430604] Calling original ioctl: 8 3223340586 140734510665920
[2026-09-09 03:06:15][warning][430604] Calling original ioctl: 8 3224389163 140734510668016
[2026-09-09 03:06:15][warning][430604] Calling original ioctl: 8 3223340586 140734510663600
[2026-09-09 03:06:15][warning][430604] Calling original ioctl: 8 3224913486 140734510668144
[2026-09-09 03:06:15][warning][430604] Calling original ioctl: 8 3224389163 140734510669872
[2026-09-09 03:06:15][warning][430604] Calling original ioctl: 8 3223340586 140734510665904
[2026-09-09 03:06:15][warning][430604] Calling original ioctl: 8 3224389163 140734510670160
[2026-09-09 03:06:15][warning][430604] Calling original ioctl: 8 3223340586 140734510665840
[2026-09-09 03:06:15][warning][430604] Calling original ioctl: 8 3223340586 140734510665920
[2026-09-09 03:06:15][warning][430604] Calling original ioctl: 8 3223340586 140734510665920
[2026-09-09 03:06:15][warning][430604] Calling original ioctl: 9 27 140734510671840
[2026-09-09 03:06:15][warning][430604] Calling original ioctl: 9 27 140734510671840
[2026-09-09 03:06:15][warning][430604] Calling original ioctl: 9 27 140734510671840
[2026-09-09 03:06:15][warning][430604] Calling original ioctl: 9 27 140734510671840
[2026-09-09 03:06:15][warning][430604] Calling original ioctl: 9 27 140734510671840
[2026-09-09 03:06:15][warning][430604] Calling original ioctl: 9 27 140734510671840
[2026-09-09 03:06:15][warning][430604] Calling original ioctl: 9 27 140734510671840
[2026-09-09 03:06:15][warning][430604] Calling original ioctl: 9 27 140734510671840
[2026-09-09 03:06:15][warning][430604] Calling original ioctl: 8 3223340586 140734510667504
[2026-09-09 03:06:15][warning][430604] Calling original ioctl: 17 3221505737 140734510671600
[2026-09-09 03:06:15][warning][430604] Calling original ioctl: 17 3222292174 140734510671584
[2026-09-09 03:06:15][warning][430604] Calling original ioctl: 17 3224389163 140734510671568
[2026-09-09 03:06:15][warning][430604] Calling original ioctl: 8 3224389163 140734510671408
[2026-09-09 03:06:15][warning][430604] Calling original ioctl: 8 3224389163 140734510668016
[2026-09-09 03:06:15][warning][430604] Calling original ioctl: 8 3223340586 140734510663600
[2026-09-09 03:06:15][warning][430604] Calling original ioctl: 8 3224913486 140734510668144
[2026-09-09 03:06:15][warning][430604] Calling original ioctl: 8 3224389163 140734510669872
[2026-09-09 03:06:15][warning][430604] Calling original ioctl: 8 3223340586 140734510665904
[2026-09-09 03:06:15][warning][430604] Calling original ioctl: 8 3224389163 140734510670160
[2026-09-09 03:06:15][warning][430604] Calling original ioctl: 8 3223340586 140734510665840
[2026-09-09 03:06:15][warning][430604] Calling original ioctl: 8 3223340586 140734510665920
[2026-09-09 03:06:15][warning][430604] Calling original ioctl: 8 3224389163 140734510668016
[2026-09-09 03:06:15][warning][430604] Calling original ioctl: 8 3223340586 140734510663600
[2026-09-09 03:06:15][warning][430604] Calling original ioctl: 8 3224913486 140734510668144
[2026-09-09 03:06:15][warning][430604] Calling original ioctl: 8 3224389163 140734510669872
[2026-09-09 03:06:15][warning][430604] Calling original ioctl: 8 3223340586 140734510665904
[2026-09-09 03:06:15][warning][430604] Calling original ioctl: 8 3224389163 140734510670160
[2026-09-09 03:06:15][warning][430604] Calling original ioctl: 8 3223340586 140734510665840
[2026-09-09 03:06:15][warning][430604] Calling original ioctl: 8 3223340586 140734510665920
[2026-09-09 03:06:15][warning][430604] Calling original ioctl: 8 3224389163 140734510668016
[2026-09-09 03:06:15][warning][430604] Calling original ioctl: 8 3223340586 140734510663600
[2026-09-09 03:06:15][warning][430604] Calling original ioctl: 8 3224913486 140734510668144
[2026-09-09 03:06:15][warning][430604] Calling original ioctl: 8 3224389163 140734510669872
[2026-09-09 03:06:15][warning][430604] Calling original ioctl: 8 3223340586 140734510665904
[2026-09-09 03:06:15][warning][430604] Calling original ioctl: 8 3224389163 140734510670160
[2026-09-09 03:06:15][warning][430604] Calling original ioctl: 8 3223340586 140734510665840
[2026-09-09 03:06:15][warning][430604] Calling original ioctl: 8 3223340586 140734510665920
[2026-09-09 03:06:15][warning][430604] Calling original ioctl: 8 3224389163 140734510668016
[2026-09-09 03:06:15][warning][430604] Calling original ioctl: 8 3223340586 140734510663600
[2026-09-09 03:06:15][warning][430604] Calling original ioctl: 8 3224913486 140734510668144
[2026-09-09 03:06:15][warning][430604] Calling original ioctl: 8 3224389163 140734510669872
[2026-09-09 03:06:15][warning][430604] Calling original ioctl: 8 3223340586 140734510665904
[2026-09-09 03:06:15][warning][430604] Calling original ioctl: 8 3224389163 140734510670160
[2026-09-09 03:06:15][warning][430604] Calling original ioctl: 8 3223340586 140734510665840
[2026-09-09 03:06:15][warning][430604] Calling original ioctl: 8 3223340586 140734510665920
[2026-09-09 03:06:15][warning][430604] Calling original ioctl: 9 27 140734510671840
[2026-09-09 03:06:15][warning][430604] Calling original ioctl: 9 27 140734510671840
[2026-09-09 03:06:15][warning][430604] Calling original ioctl: 9 27 140734510671840
[2026-09-09 03:06:15][warning][430604] Calling original ioctl: 9 27 140734510671840
[2026-09-09 03:06:15][warning][430604] Calling original ioctl: 8 3223340586 140734510667504
[2026-09-09 03:06:15][warning][430604] Calling original ioctl: 19 3221505737 140734510671600
[2026-09-09 03:06:15][warning][430604] Calling original ioctl: 19 3222292174 140734510671584
[2026-09-09 03:06:15][warning][430604] Calling original ioctl: 19 3224389163 140734510671568
[2026-09-09 03:06:15][warning][430604] Calling original ioctl: 8 3224389163 140734510671408
[2026-09-09 03:06:15][warning][430604] Calling original ioctl: 8 3224389163 140734510668016
[2026-09-09 03:06:15][warning][430604] Calling original ioctl: 8 3223340586 140734510663600
[2026-09-09 03:06:15][warning][430604] Calling original ioctl: 8 3224913486 140734510668144
[2026-09-09 03:06:15][warning][430604] Calling original ioctl: 8 3224389163 140734510669872
[2026-09-09 03:06:15][warning][430604] Calling original ioctl: 8 3223340586 140734510665904
[2026-09-09 03:06:15][warning][430604] Calling original ioctl: 8 3224389163 140734510670160
[2026-09-09 03:06:15][warning][430604] Calling original ioctl: 8 3223340586 140734510665840
[2026-09-09 03:06:15][warning][430604] Calling original ioctl: 8 3223340586 140734510665920
[2026-09-09 03:06:15][warning][430604] Calling original ioctl: 8 3224389163 140734510668016
[2026-09-09 03:06:15][warning][430604] Calling original ioctl: 8 3223340586 140734510663600
[2026-09-09 03:06:15][warning][430604] Calling original ioctl: 8 3224913486 140734510668144
[2026-09-09 03:06:15][warning][430604] Calling original ioctl: 8 3224389163 140734510669872
[2026-09-09 03:06:15][warning][430604] Calling original ioctl: 8 3223340586 140734510665904
[2026-09-09 03:06:15][warning][430604] Calling original ioctl: 8 3224389163 140734510670160
[2026-09-09 03:06:15][warning][430604] Calling original ioctl: 8 3223340586 140734510665840
[2026-09-09 03:06:15][warning][430604] Calling original ioctl: 8 3223340586 140734510665920
[2026-09-09 03:06:15][warning][430604] Calling original ioctl: 8 3224389163 140734510668016
[2026-09-09 03:06:15][warning][430604] Calling original ioctl: 8 3223340586 140734510663600
[2026-09-09 03:06:15][warning][430604] Calling original ioctl: 8 3224913486 140734510668144
[2026-09-09 03:06:15][warning][430604] Calling original ioctl: 8 3224389163 140734510669872
[2026-09-09 03:06:15][warning][430604] Calling original ioctl: 8 3223340586 140734510665904
[2026-09-09 03:06:15][warning][430604] Calling original ioctl: 8 3224389163 140734510670160
[2026-09-09 03:06:15][warning][430604] Calling original ioctl: 8 3223340586 140734510665840
[2026-09-09 03:06:15][warning][430604] Calling original ioctl: 8 3223340586 140734510665920
[2026-09-09 03:06:15][warning][430604] Calling original ioctl: 8 3224389163 140734510668016
[2026-09-09 03:06:15][warning][430604] Calling original ioctl: 8 3223340586 140734510663600
[2026-09-09 03:06:15][warning][430604] Calling original ioctl: 8 3224913486 140734510668144
[2026-09-09 03:06:15][warning][430604] Calling original ioctl: 8 3224389163 140734510669872
[2026-09-09 03:06:15][warning][430604] Calling original ioctl: 8 3223340586 140734510665904
[2026-09-09 03:06:15][warning][430604] Calling original ioctl: 8 3224389163 140734510670160
[2026-09-09 03:06:15][warning][430604] Calling original ioctl: 8 3223340586 140734510665840
[2026-09-09 03:06:15][warning][430604] Calling original ioctl: 8 3223340586 140734510665920
[2026-09-09 03:06:15][warning][430604] Calling original ioctl: 9 27 140734510671840
[2026-09-09 03:06:15][warning][430604] Calling original ioctl: 9 27 140734510671840
[2026-09-09 03:06:15][warning][430604] Calling original ioctl: 9 27 140734510671840
[2026-09-09 03:06:15][warning][430604] Calling original ioctl: 9 27 140734510671840
[2026-09-09 03:06:15][warning][430604] Calling original ioctl: 8 3223340586 140734510667504
[2026-09-09 03:06:15][warning][430604] Calling original ioctl: 21 3221505737 140734510671600
[2026-09-09 03:06:15][warning][430604] Calling original ioctl: 21 3222292174 140734510671584
[2026-09-09 03:06:15][warning][430604] Calling original ioctl: 21 3224389163 140734510671568
[2026-09-09 03:06:15][warning][430604] Calling original ioctl: 8 3224389163 140734510669040
[2026-09-09 03:06:15][warning][430604] Calling original ioctl: 8 3223340586 140734510664624
[2026-09-09 03:06:15][warning][430604] Calling original ioctl: 8 3224913486 140734510669168
[2026-09-09 03:06:15][warning][430604] Calling original ioctl: 9 73 140734510668224
[2026-09-09 03:06:15][warning][430604] Calling original ioctl: 9 33 140734510658992
[2026-09-09 03:06:15][warning][430604] Calling original ioctl: 8 3224389163 140734510669344
[2026-09-09 03:06:15][warning][430604] Calling original ioctl: 9 73 140734510668528
[2026-09-09 03:06:15][warning][430604] Calling original ioctl: 9 33 140734510659296
[2026-09-09 03:06:15][warning][430604] Calling original ioctl: 9 68 140734510658688
[2026-09-09 03:06:15][warning][430604] Calling original ioctl: 9 72 140734510667792
[2026-09-09 03:06:15][warning][430604] Calling original ioctl: 9 23 140734510672144
[2026-09-09 03:06:15][warning][430604] Calling original ioctl: 9 23 140734510672144
[2026-09-09 03:06:15][warning][430604] Calling original ioctl: 9 23 140734510672144
[2026-09-09 03:06:15][warning][430604] Calling original ioctl: 9 23 140734510672144
[2026-09-09 03:06:15][warning][430604] Calling original ioctl: 8 3224389163 140734510669344
[2026-09-09 03:06:15][warning][430604] Calling original ioctl: 9 73 140734510668528
[2026-09-09 03:06:15][warning][430604] Calling original ioctl: 9 33 140734510659296
[2026-09-09 03:06:15][warning][430604] Calling original ioctl: 9 23 140734510672144
[2026-09-09 03:06:15][warning][430604] Calling original ioctl: 9 23 140734510672144
[2026-09-09 03:06:15][warning][430604] Calling original ioctl: 9 23 140734510672144
[2026-09-09 03:06:15][warning][430604] Calling original ioctl: 8 3224389163 140734510668768
[2026-09-09 03:06:15][warning][430604] Calling original ioctl: 8 3223340586 140734510664352
[2026-09-09 03:06:15][warning][430604] Calling original ioctl: 8 3224913486 140734510668896
[2026-09-09 03:06:15][warning][430604] Calling original ioctl: 9 73 140734510667952
[2026-09-09 03:06:15][warning][430604] Calling original ioctl: 9 33 140734510658720
[2026-09-09 03:06:15][warning][430604] Calling original ioctl: 12 3224913447 140734510668752
[2026-09-09 03:06:15][warning][430604] Calling original ioctl: 9 73 140734510667952
[2026-09-09 03:06:15][warning][430604] Calling original ioctl: 9 33 140734510658720
[2026-09-09 03:06:15][warning][430604] Calling original ioctl: 8 3224389163 140734510669632
[2026-09-09 03:06:15][warning][430604] Calling original ioctl: 9 73 140734510668816
[2026-09-09 03:06:15][warning][430604] Calling original ioctl: 9 33 140734510659584
[2026-09-09 03:06:15][warning][430604] Calling original ioctl: 12 3224913447 140734510669008
[2026-09-09 03:06:15][warning][430604] Calling original ioctl: 9 73 140734510668208
[2026-09-09 03:06:15][warning][430604] Calling original ioctl: 9 33 140734510658976
[2026-09-09 03:06:15][warning][430604] Calling original ioctl: 8 3224389163 140734510669024
[2026-09-09 03:06:15][warning][430604] Calling original ioctl: 9 73 140734510668208
[2026-09-09 03:06:15][warning][430604] Calling original ioctl: 9 33 140734510658976
[2026-09-09 03:06:15][warning][430604] Calling original ioctl: 9 65 140734510669296
[2026-09-09 03:06:15][warning][430604] Calling original ioctl: 12 3224913447 140734510670112
[2026-09-09 03:06:15][warning][430604] Calling original ioctl: 9 73 140734510669312
[2026-09-09 03:06:15][warning][430604] Calling original ioctl: 9 33 140734510660080
[2026-09-09 03:06:15][warning][430604] Calling original ioctl: 8 3224389163 140734510670128
[2026-09-09 03:06:15][warning][430604] Calling original ioctl: 9 73 140734510669312
[2026-09-09 03:06:15][warning][430604] Calling original ioctl: 9 33 140734510660080
[2026-09-09 03:06:15][warning][430604] Calling original ioctl: 8 3224389163 140734510669696
[2026-09-09 03:06:15][warning][430604] Calling original ioctl: 8 3223340586 140734510665280
[2026-09-09 03:06:15][warning][430604] Calling original ioctl: 8 3224913486 140734510669824
[2026-09-09 03:06:15][warning][430604] Calling original ioctl: 9 73 140734510668880
[2026-09-09 03:06:15][warning][430604] Calling original ioctl: 9 33 140734510659648
[2026-09-09 03:06:15][warning][430604] Calling original ioctl: 8 3224389163 140734510667408
[2026-09-09 03:06:15][warning][430604] Calling original ioctl: 9 73 140734510666592
[2026-09-09 03:06:15][warning][430604] Calling original ioctl: 9 33 140734510657360
[2026-09-09 03:06:15][warning][430604] Calling original ioctl: 8 3224389163 140734510667328
[2026-09-09 03:06:15][warning][430604] Calling original ioctl: 9 73 140734510666512
[2026-09-09 03:06:15][warning][430604] Calling original ioctl: 9 33 140734510657280
[2026-09-09 03:06:15][warning][430604] Calling original ioctl: 8 3224389163 140734510667328
[2026-09-09 03:06:15][warning][430604] Calling original ioctl: 9 73 140734510666512
[2026-09-09 03:06:15][warning][430604] Calling original ioctl: 9 33 140734510657280
[2026-09-09 03:06:15][warning][430604] Calling original ioctl: 12 3224913447 140734510669664
[2026-09-09 03:06:15][warning][430604] Calling original ioctl: 9 73 140734510668864
[2026-09-09 03:06:15][warning][430604] Calling original ioctl: 9 33 140734510659632
[2026-09-09 03:06:15][warning][430604] Calling original ioctl: 8 3224389163 140734510672272
[2026-09-09 03:06:15][warning][430604] Calling original ioctl: 8 3224389163 140734510669168
[2026-09-09 03:06:15][warning][430604] Calling original ioctl: 8 3223340586 140734510664752
[2026-09-09 03:06:15][warning][430604] Calling original ioctl: 8 3224913486 140734510669296
[2026-09-09 03:06:15][warning][430604] Calling original ioctl: 9 73 140734510668352
[2026-09-09 03:06:15][warning][430604] Calling original ioctl: 9 33 140734510659120
[2026-09-09 03:06:15][warning][430604] Calling original ioctl: 8 3224389163 140734510669488
[2026-09-09 03:06:15][warning][430604] Calling original ioctl: 9 73 140734510668672
[2026-09-09 03:06:15][warning][430604] Calling original ioctl: 9 33 140734510659440
[2026-09-09 03:06:15][warning][430604] Calling original ioctl: 8 3224389163 140734510669488
[2026-09-09 03:06:15][warning][430604] Calling original ioctl: 9 73 140734510668672
[2026-09-09 03:06:15][warning][430604] Calling original ioctl: 9 33 140734510659440
[2026-09-09 03:06:15][warning][430604] Calling original ioctl: 24 3221505737 140734510671936
[2026-09-09 03:06:15][warning][430604] Calling original ioctl: 24 3222292174 140734510671920
[2026-09-09 03:06:15][warning][430604] Calling original ioctl: 24 3224389163 140734510671904
[2026-09-09 03:06:15][warning][430604] Calling original ioctl: 26 3221505737 140734510671936
[2026-09-09 03:06:15][warning][430604] Calling original ioctl: 26 3222292174 140734510671920
[2026-09-09 03:06:15][warning][430604] Calling original ioctl: 26 3224389163 140734510671904
[2026-09-09 03:06:15][warning][430604] Calling original ioctl: 28 3221505737 140734510671936
[2026-09-09 03:06:15][warning][430604] Calling original ioctl: 28 3222292174 140734510671920
[2026-09-09 03:06:15][warning][430604] Calling original ioctl: 28 3224389163 140734510671904
[2026-09-09 03:06:15][warning][430604] Calling original ioctl: 30 3221505737 140734510671936
[2026-09-09 03:06:15][warning][430604] Calling original ioctl: 30 3222292174 140734510671920
[2026-09-09 03:06:15][warning][430604] Calling original ioctl: 30 3224389163 140734510671904
[2026-09-09 03:06:15][warning][430604] Calling original ioctl: 8 3223340586 140734510667648
[2026-09-09 03:06:15][warning][430604] Calling original ioctl: 8 3223340586 140734510667824
[2026-09-09 03:06:15][warning][430604] Calling original ioctl: 8 3223340586 140734510667984
[2026-09-09 03:06:15][warning][430604] Calling original ioctl: 8 3224389163 140734510669456
[2026-09-09 03:06:15][warning][430604] Calling original ioctl: 9 73 140734510668640
[2026-09-09 03:06:15][warning][430604] Calling original ioctl: 9 33 140734510659408
[2026-09-09 03:06:15][warning][430604] Calling original ioctl: 8 3223340586 140734510667984
libbpf: loading object 'full_record_device_buffer_bpf' from buffer
libbpf: elf: section(2) .symtab, size 240, link 1, flags 0, type=2
libbpf: elf: section(3) kretprobe/_Z9rope_normILb1ELb0Ef6__halfEvPKT1_PT2_iiiiiPKifff14rope_corr_dimsfPKfPKli, size 1200, link 0, flags 6, type=1
libbpf: sec 'kretprobe/_Z9rope_normILb1ELb0Ef6__halfEvPKT1_PT2_iiiiiPKifff14rope_corr_dimsfPKfPKli': found program 'cuda__retprobe' at insn offset 0 (0 bytes), code size 150 insns (1200 bytes)
libbpf: elf: section(4) .maps, size 32, link 0, flags 3, type=1
libbpf: elf: section(5) license, size 4, link 0, flags 3, type=1
libbpf: license of full_record_device_buffer_bpf is GPL
libbpf: elf: section(6) .relkretprobe/_Z9rope_normILb1ELb0Ef6__halfEvPKT1_PT2_iiiiiPKifff14rope_corr_dimsfPKfPKli, size 32, link 2, flags 40, type=9
libbpf: elf: section(7) .BTF, size 2912, link 0, flags 0, type=1
libbpf: elf: section(8) .BTF.ext, size 1264, link 0, flags 0, type=1
libbpf: looking for externs among 10 symbols...
libbpf: collected 0 externs total
libbpf: map 'arena': at sec_idx 4, offset 0.
libbpf: map 'arena': found type = 1503.
libbpf: map 'arena': found key [8], sz = 4.
libbpf: map 'arena': found value [12], sz = 335675408.
libbpf: map 'arena': found max_entries = 32.
libbpf: sec '.relkretprobe/_Z9rope_normILb1ELb0Ef6__halfEvPKT1_PT2_iiiiiPKifff14rope_corr_dimsfPKfPKli': collecting relocation for section(3) 'kretprobe/_Z9rope_normILb1ELb0Ef6__halfEvPKT1_PT2_iiiiiPKifff14rope_corr_dimsfPKfPKli'
libbpf: sec '.relkretprobe/_Z9rope_normILb1ELb0Ef6__halfEvPKT1_PT2_iiiiiPKifff14rope_corr_dimsfPKfPKli': relo #0: insn #71 against 'arena'
libbpf: prog 'cuda__retprobe': found map 0 (arena, sec 4, off 0) for insn #71
libbpf: sec '.relkretprobe/_Z9rope_normILb1ELb0Ef6__halfEvPKT1_PT2_iiiiiPKifff14rope_corr_dimsfPKfPKli': relo #1: insn #84 against 'arena'
libbpf: prog 'cuda__retprobe': found map 0 (arena, sec 4, off 0) for insn #84
libbpf: object 'full_record_dev': failed (-EACCES) to open BPF FS mount at '/sys/fs/bpf', skipping optional step...
libbpf: Kernel doesn't support BTF, skipping uploading it.
libbpf: map 'arena': created successfully, fd=34
Full-record bank count: 32
Full-record slots per bank: 16384
Full-record total slots: 524288
Full-record records per slot: 256
Full-record record bytes: 80
Full-record layout: 32-slot grouped SoA (AoSoA)
Full-record value bytes (per bank): 335675408
Full-record probe attached; waiting for SIGINT
[2026-09-09 03:06:31][warning][430624] Calling original ioctl: 8 3223340586 135576704628336
[2026-09-09 03:07:15][warning][430604] Calling original ioctl: 8 3223340586 140734510662816
Full-record drain bytes: 10741613056
Full-record drain time ns: 1474305930
Full-record committed records: 23068672
Full-record active slots: 524288
Full-record overflow records: 0
Full-record out-of-range threads: 0
Full-record nonzero timestamps: 23068672
[2026-09-09 03:07:16][warning][430604] Calling original ioctl: 9 34 140734510672768
[2026-09-09 03:07:16][warning][430604] Calling original ioctl: 8 3222292009 140734510672928
[2026-09-09 03:07:16][warning][430604] Calling original ioctl: 9 34 140734510673584
[2026-09-09 03:07:16][warning][430604] Calling original ioctl: 8 3222292009 140734510673744
[2026-09-09 03:07:16][warning][430604] Calling original ioctl: 9 34 140734510673584
[2026-09-09 03:07:16][warning][430604] Calling original ioctl: 8 3222292009 140734510673744
[2026-09-09 03:07:16][warning][430604] Calling original ioctl: 8 3222292009 140734510674464
[2026-09-09 03:07:16][warning][430604] Calling original ioctl: 26 3222292175 140734510674480
[2026-09-09 03:07:16][warning][430604] Calling original ioctl: 8 3222292009 140734510674464
[2026-09-09 03:07:16][warning][430604] Calling original ioctl: 28 3222292175 140734510674480
[2026-09-09 03:07:16][warning][430604] Calling original ioctl: 8 3222292009 140734510674464
[2026-09-09 03:07:16][warning][430604] Calling original ioctl: 24 3222292175 140734510674480
[2026-09-09 03:07:16][warning][430604] Calling original ioctl: 8 3222292009 140734510674464
[2026-09-09 03:07:16][warning][430604] Calling original ioctl: 30 3222292175 140734510674480
[2026-09-09 03:07:16][warning][430604] Calling original ioctl: 9 34 140734510673488
[2026-09-09 03:07:16][warning][430604] Calling original ioctl: 8 3222292009 140734510673648
[2026-09-09 03:07:16][warning][430604] Calling original ioctl: 9 34 140734510673488
[2026-09-09 03:07:16][warning][430604] Calling original ioctl: 8 3222292009 140734510673648
[2026-09-09 03:07:16][warning][430604] Calling original ioctl: 9 34 140734510673616
[2026-09-09 03:07:16][warning][430604] Calling original ioctl: 8 3223340623 140734510673824
[2026-09-09 03:07:16][warning][430604] Calling original ioctl: 8 3222292009 140734510673776
[2026-09-09 03:07:16][warning][430604] Calling original ioctl: 8 3222292009 140734510674544
[2026-09-09 03:07:16][warning][430604] Calling original ioctl: 9 34 140734510673600
[2026-09-09 03:07:16][warning][430604] Calling original ioctl: 8 3222292009 140734510673760
[2026-09-09 03:07:16][warning][430604] Calling original ioctl: 9 34 140734510673600
[2026-09-09 03:07:16][warning][430604] Calling original ioctl: 8 3223340623 140734510673808
[2026-09-09 03:07:16][warning][430604] Calling original ioctl: 8 3222292009 140734510673760
[2026-09-09 03:07:16][warning][430604] Calling original ioctl: 8 3223340586 140734510669472
[2026-09-09 03:07:16][warning][430604] Calling original ioctl: 9 34 140734510673424
[2026-09-09 03:07:16][warning][430604] Calling original ioctl: 8 3222292009 140734510673584
[2026-09-09 03:07:16][warning][430604] Calling original ioctl: 8 3223340586 140734510669472
[2026-09-09 03:07:16][warning][430604] Calling original ioctl: 9 34 140734510673424
[2026-09-09 03:07:16][warning][430604] Calling original ioctl: 8 3222292009 140734510673584
[2026-09-09 03:07:16][warning][430604] Calling original ioctl: 8 3223340586 140734510669472
[2026-09-09 03:07:16][warning][430604] Calling original ioctl: 9 34 140734510673424
[2026-09-09 03:07:16][warning][430604] Calling original ioctl: 8 3222292009 140734510673584
[2026-09-09 03:07:16][warning][430604] Calling original ioctl: 8 3223340586 140734510670368
[2026-09-09 03:07:16][warning][430604] Calling original ioctl: 9 34 140734510673648
[2026-09-09 03:07:16][warning][430604] Calling original ioctl: 9 34 140734510673648
[2026-09-09 03:07:16][warning][430604] Calling original ioctl: 8 3222292009 140734510673808
[2026-09-09 03:07:16][warning][430604] Calling original ioctl: 9 34 140734510673648
[2026-09-09 03:07:16][warning][430604] Calling original ioctl: 8 3222292009 140734510673808
[2026-09-09 03:07:16][warning][430604] Calling original ioctl: 9 34 140734510673600
[2026-09-09 03:07:16][warning][430604] Calling original ioctl: 8 3223340623 140734510673808
[2026-09-09 03:07:16][warning][430604] Calling original ioctl: 8 3222292009 140734510673760
[2026-09-09 03:07:16][warning][430604] Calling original ioctl: 9 24 140734510674640
[2026-09-09 03:07:16][warning][430604] Calling original ioctl: 9 24 140734510674640
[2026-09-09 03:07:16][warning][430604] Calling original ioctl: 9 24 140734510674672
[2026-09-09 03:07:16][warning][430604] Calling original ioctl: 9 24 140734510674640
[2026-09-09 03:07:16][warning][430604] Calling original ioctl: 9 24 140734510674640
[2026-09-09 03:07:16][warning][430604] Calling original ioctl: 9 24 140734510674640
[2026-09-09 03:07:16][warning][430604] Calling original ioctl: 9 24 140734510674640
[2026-09-09 03:07:16][warning][430604] Calling original ioctl: 9 34 140734510673536
[2026-09-09 03:07:16][warning][430604] Calling original ioctl: 8 3222292009 140734510673696
[2026-09-09 03:07:16][warning][430604] Calling original ioctl: 9 34 140734510673536
[2026-09-09 03:07:16][warning][430604] Calling original ioctl: 8 3222292009 140734510673696
[2026-09-09 03:07:16][warning][430604] Calling original ioctl: 9 34 140734510673648
[2026-09-09 03:07:16][warning][430604] Calling original ioctl: 8 3222292009 140734510673808
[2026-09-09 03:07:16][warning][430604] Calling original ioctl: 8 3222292009 140734510674384
[2026-09-09 03:07:16][warning][430604] Calling original ioctl: 17 3222292175 140734510674400
[2026-09-09 03:07:16][warning][430604] Calling original ioctl: 9 28 140734510674512
[2026-09-09 03:07:16][warning][430604] Calling original ioctl: 9 28 140734510674512
[2026-09-09 03:07:16][warning][430604] Calling original ioctl: 9 28 140734510674512
[2026-09-09 03:07:16][warning][430604] Calling original ioctl: 9 28 140734510674512
[2026-09-09 03:07:16][warning][430604] Calling original ioctl: 9 28 140734510674512
[2026-09-09 03:07:16][warning][430604] Calling original ioctl: 9 28 140734510674512
[2026-09-09 03:07:16][warning][430604] Calling original ioctl: 9 28 140734510674512
[2026-09-09 03:07:16][warning][430604] Calling original ioctl: 9 28 140734510674512
[2026-09-09 03:07:16][warning][430604] Calling original ioctl: 8 3222292009 140734510674272
[2026-09-09 03:07:16][warning][430604] Calling original ioctl: 8 3222292009 140734510674272
[2026-09-09 03:07:16][warning][430604] Calling original ioctl: 8 3222292009 140734510674320
[2026-09-09 03:07:16][warning][430604] Calling original ioctl: 8 3223340623 140734510673584
[2026-09-09 03:07:16][warning][430604] Calling original ioctl: 8 3222292009 140734510673536
[2026-09-09 03:07:16][warning][430604] Calling original ioctl: 8 3222292009 140734510674272
[2026-09-09 03:07:16][warning][430604] Calling original ioctl: 8 3222292009 140734510674320
[2026-09-09 03:07:16][warning][430604] Calling original ioctl: 8 3223340623 140734510673584
[2026-09-09 03:07:16][warning][430604] Calling original ioctl: 8 3222292009 140734510673536
[2026-09-09 03:07:16][warning][430604] Calling original ioctl: 8 3222292009 140734510674272
[2026-09-09 03:07:16][warning][430604] Calling original ioctl: 8 3222292009 140734510674272
[2026-09-09 03:07:16][warning][430604] Calling original ioctl: 8 3222292009 140734510674320
[2026-09-09 03:07:16][warning][430604] Calling original ioctl: 8 3223340623 140734510673584
[2026-09-09 03:07:16][warning][430604] Calling original ioctl: 8 3222292009 140734510673536
[2026-09-09 03:07:16][warning][430604] Calling original ioctl: 8 3222292009 140734510674272
[2026-09-09 03:07:16][warning][430604] Calling original ioctl: 8 3222292009 140734510674320
[2026-09-09 03:07:16][warning][430604] Calling original ioctl: 8 3223340623 140734510673584
[2026-09-09 03:07:16][warning][430604] Calling original ioctl: 8 3222292009 140734510673536
[2026-09-09 03:07:16][warning][430604] Calling original ioctl: 8 3222292009 140734510674272
[2026-09-09 03:07:16][warning][430604] Calling original ioctl: 8 3222292009 140734510674272
[2026-09-09 03:07:16][warning][430604] Calling original ioctl: 8 3222292009 140734510674320
[2026-09-09 03:07:16][warning][430604] Calling original ioctl: 8 3223340623 140734510673584
[2026-09-09 03:07:16][warning][430604] Calling original ioctl: 8 3222292009 140734510673536
[2026-09-09 03:07:16][warning][430604] Calling original ioctl: 8 3222292009 140734510674272
[2026-09-09 03:07:16][warning][430604] Calling original ioctl: 8 3222292009 140734510674320
[2026-09-09 03:07:16][warning][430604] Calling original ioctl: 8 3223340623 140734510673584
[2026-09-09 03:07:16][warning][430604] Calling original ioctl: 8 3222292009 140734510673536
[2026-09-09 03:07:16][warning][430604] Calling original ioctl: 8 3222292009 140734510674272
[2026-09-09 03:07:16][warning][430604] Calling original ioctl: 8 3222292009 140734510674272
[2026-09-09 03:07:16][warning][430604] Calling original ioctl: 8 3222292009 140734510674320
[2026-09-09 03:07:16][warning][430604] Calling original ioctl: 8 3223340623 140734510673584
[2026-09-09 03:07:16][warning][430604] Calling original ioctl: 8 3222292009 140734510673536
[2026-09-09 03:07:16][warning][430604] Calling original ioctl: 8 3222292009 140734510674272
[2026-09-09 03:07:16][warning][430604] Calling original ioctl: 8 3222292009 140734510674320
[2026-09-09 03:07:16][warning][430604] Calling original ioctl: 8 3223340623 140734510673584
[2026-09-09 03:07:16][warning][430604] Calling original ioctl: 8 3222292009 140734510673536
[2026-09-09 03:07:16][warning][430604] Calling original ioctl: 8 3222292009 140734510674448
[2026-09-09 03:07:16][warning][430604] Calling original ioctl: 8 3222292009 140734510674416
[2026-09-09 03:07:16][warning][430604] Calling original ioctl: 8 3222292009 140734510674384
[2026-09-09 03:07:16][warning][430604] Calling original ioctl: 19 3222292175 140734510674400
[2026-09-09 03:07:16][warning][430604] Calling original ioctl: 9 28 140734510674512
[2026-09-09 03:07:16][warning][430604] Calling original ioctl: 9 28 140734510674512
[2026-09-09 03:07:16][warning][430604] Calling original ioctl: 9 28 140734510674512
[2026-09-09 03:07:16][warning][430604] Calling original ioctl: 9 28 140734510674512
[2026-09-09 03:07:16][warning][430604] Calling original ioctl: 8 3222292009 140734510674272
[2026-09-09 03:07:16][warning][430604] Calling original ioctl: 8 3222292009 140734510674320
[2026-09-09 03:07:16][warning][430604] Calling original ioctl: 8 3223340623 140734510673584
[2026-09-09 03:07:16][warning][430604] Calling original ioctl: 8 3222292009 140734510673536
[2026-09-09 03:07:16][warning][430604] Calling original ioctl: 8 3222292009 140734510674272
[2026-09-09 03:07:16][warning][430604] Calling original ioctl: 8 3222292009 140734510674320
[2026-09-09 03:07:16][warning][430604] Calling original ioctl: 8 3223340623 140734510673584
[2026-09-09 03:07:16][warning][430604] Calling original ioctl: 8 3222292009 140734510673536
[2026-09-09 03:07:16][warning][430604] Calling original ioctl: 8 3222292009 140734510674272
[2026-09-09 03:07:16][warning][430604] Calling original ioctl: 8 3222292009 140734510674320
[2026-09-09 03:07:16][warning][430604] Calling original ioctl: 8 3223340623 140734510673584
[2026-09-09 03:07:16][warning][430604] Calling original ioctl: 8 3222292009 140734510673536
[2026-09-09 03:07:16][warning][430604] Calling original ioctl: 8 3222292009 140734510674272
[2026-09-09 03:07:16][warning][430604] Calling original ioctl: 8 3222292009 140734510674320
[2026-09-09 03:07:16][warning][430604] Calling original ioctl: 8 3223340623 140734510673584
[2026-09-09 03:07:16][warning][430604] Calling original ioctl: 8 3222292009 140734510673536
[2026-09-09 03:07:16][warning][430604] Calling original ioctl: 8 3222292009 140734510674416
[2026-09-09 03:07:16][warning][430604] Calling original ioctl: 8 3222292009 140734510674384
[2026-09-09 03:07:16][warning][430604] Calling original ioctl: 21 3222292175 140734510674400
[2026-09-09 03:07:16][warning][430604] Calling original ioctl: 9 28 140734510674512
[2026-09-09 03:07:16][warning][430604] Calling original ioctl: 9 28 140734510674512
[2026-09-09 03:07:16][warning][430604] Calling original ioctl: 9 28 140734510674512
[2026-09-09 03:07:16][warning][430604] Calling original ioctl: 9 28 140734510674512
[2026-09-09 03:07:16][warning][430604] Calling original ioctl: 8 3222292009 140734510674272
[2026-09-09 03:07:16][warning][430604] Calling original ioctl: 8 3222292009 140734510674320
[2026-09-09 03:07:16][warning][430604] Calling original ioctl: 8 3223340623 140734510673584
[2026-09-09 03:07:16][warning][430604] Calling original ioctl: 8 3222292009 140734510673536
[2026-09-09 03:07:16][warning][430604] Calling original ioctl: 8 3222292009 140734510674272
[2026-09-09 03:07:16][warning][430604] Calling original ioctl: 8 3222292009 140734510674320
[2026-09-09 03:07:16][warning][430604] Calling original ioctl: 8 3223340623 140734510673584
[2026-09-09 03:07:16][warning][430604] Calling original ioctl: 8 3222292009 140734510673536
[2026-09-09 03:07:16][warning][430604] Calling original ioctl: 8 3222292009 140734510674272
[2026-09-09 03:07:16][warning][430604] Calling original ioctl: 8 3222292009 140734510674320
[2026-09-09 03:07:16][warning][430604] Calling original ioctl: 8 3223340623 140734510673584
[2026-09-09 03:07:16][warning][430604] Calling original ioctl: 8 3222292009 140734510673536
[2026-09-09 03:07:16][warning][430604] Calling original ioctl: 8 3222292009 140734510674272
[2026-09-09 03:07:16][warning][430604] Calling original ioctl: 8 3222292009 140734510674320
[2026-09-09 03:07:16][warning][430604] Calling original ioctl: 8 3223340623 140734510673584
[2026-09-09 03:07:16][warning][430604] Calling original ioctl: 8 3222292009 140734510673536
[2026-09-09 03:07:16][warning][430604] Calling original ioctl: 9 34 140734510673344
[2026-09-09 03:07:16][warning][430604] Calling original ioctl: 8 3223340623 140734510673552
[2026-09-09 03:07:16][warning][430604] Calling original ioctl: 8 3222292009 140734510673504
[2026-09-09 03:07:16][warning][430604] Calling original ioctl: 9 34 140734510673344
[2026-09-09 03:07:16][warning][430604] Calling original ioctl: 8 3223340623 140734510673552
[2026-09-09 03:07:16][warning][430604] Calling original ioctl: 8 3222292009 140734510673504
[2026-09-09 03:07:16][warning][430604] Calling original ioctl: 8 3222292009 140734510674416
[2026-09-09 03:07:16][warning][430604] Calling original ioctl: 9 34 140734510673648
[2026-09-09 03:07:16][warning][430604] Calling original ioctl: 8 3222292009 140734510673808
[2026-09-09 03:07:16][warning][430604] Calling original ioctl: 9 34 140734510673552
[2026-09-09 03:07:16][warning][430604] Calling original ioctl: 8 3222292009 140734510673712
[2026-09-09 03:07:16][warning][430604] Calling original ioctl: 9 34 140734510673648
[2026-09-09 03:07:16][warning][430604] Calling original ioctl: 8 3222292009 140734510673808
[2026-09-09 03:07:16][warning][430604] Calling original ioctl: 9 34 140734510673600
[2026-09-09 03:07:16][warning][430604] Calling original ioctl: 8 3222292009 140734510673760
[2026-09-09 03:07:16][warning][430604] Calling original ioctl: 9 34 140734510673584
[2026-09-09 03:07:16][warning][430604] Calling original ioctl: 8 3223340623 140734510673792
[2026-09-09 03:07:16][warning][430604] Calling original ioctl: 8 3222292009 140734510673744
[2026-09-09 03:07:16][warning][430604] Calling original ioctl: 9 34 140734510673584
[2026-09-09 03:07:16][warning][430604] Calling original ioctl: 8 3223340623 140734510673792
[2026-09-09 03:07:16][warning][430604] Calling original ioctl: 8 3222292009 140734510673744
[2026-09-09 03:07:16][warning][430604] Calling original ioctl: 9 34 140734510673600
[2026-09-09 03:07:16][warning][430604] Calling original ioctl: 8 3222292009 140734510673760
[2026-09-09 03:07:16][warning][430604] Calling original ioctl: 9 34 140734510673600
[2026-09-09 03:07:16][warning][430604] Calling original ioctl: 8 3222292009 140734510673760
[2026-09-09 03:07:16][warning][430604] Calling original ioctl: 9 34 140734510673760
[2026-09-09 03:07:16][warning][430604] Calling original ioctl: 8 3223340586 140734510670352
