[2026-09-03 21:44:13][info][1593019] Setting BPFTIME_SHM_MEMORY_MB to: 128
[2026-09-03 21:44:13][info][1593019] Setting BPFTIME_MAX_FD_COUNT to: 1024
[2026-09-03 21:44:13][info][1593019] Init bpftime syscall mocking..
[2026-09-03 21:44:13][info][1593019] The log will be written to: console
[2026-09-03 21:44:13][info][1593019] Starting syscall server..
[2026-09-03 21:44:13][info][1593019] Setting BPFTIME_SHM_MEMORY_MB to: 128
[2026-09-03 21:44:13][info][1593019] Setting BPFTIME_MAX_FD_COUNT to: 1024
[2026-09-03 21:44:13][info][1593019] Initialize syscall server
[2026-09-03 21:44:13][info][1593019] Setting BPFTIME_SHM_MEMORY_MB to: 128
[2026-09-03 21:44:13][info][1593019] Setting BPFTIME_MAX_FD_COUNT to: 1024
[2026-09-03 21:44:13][info][1593019] Global shm constructed. shm_open_type 3 for gpubpf_raw_map_1592904_1788497053236067622
[2026-09-03 21:44:13][info][1593019] Global shm initialized
[2026-09-03 21:44:13][info][1593019] Initializing CUDA at syscall-server side
[2026-09-03 21:44:13][info][1593019] CUDA initialized at syscall server side
[2026-09-03 21:44:13][info][1593019] bpftime-syscall-server started
[2026-09-03 21:44:13][info][1593019] syscall server: Set enable_mock_after_initialized to false
[2026-09-03 21:44:13][info][1593019] CUDA context for thread 1593019 has been set to 5c13f2b229d0
[2026-09-03 21:44:13][info][1593019] Map aggregate (nv_gpu_per_thread_array_map_impl) has space for thread count 256
[2026-09-03 21:44:13][info][1593019] Initializing map type of BPF_MAP_TYPE_PERGPUTD_ARRAY_MAP, total_buffer_size=8192
[2026-09-03 21:44:13][info][1593019] syscall server: Set enable_mock_after_initialized to true
[2026-09-03 21:44:13][info][1593019] syscall server: Set enable_mock_after_initialized to false
[2026-09-03 21:44:13][info][1593019] CUDA context for thread 1593019 has been set to 5c13f3a4c640
[2026-09-03 21:44:13][info][1593019] Map raw_records (nv_gpu_ringbuf_map_impl) has space for thread count 256
[2026-09-03 21:44:13][info][1593019] syscall server: Set enable_mock_after_initialized to true
[2026-09-03 21:44:13][info][1593019] Created kprobe/kretprobe perf event handler, func_name raw_map_kernel, addr 0
