[2026-09-08 16:40:27][info][3730787] bpf_attach_ctx constructed
[2026-09-08 16:40:27][info][3730787] Initializing CUDA shared memory
[2026-09-08 16:40:27][info][3730787] CommSharedMem host 0x75ae93e297d8 mapped to device 0x75ae93e297d8
[2026-09-08 16:40:27][info][3730787] CUDA context created
[2026-09-08 16:40:27][info][3730787] Register attach-impl defined helper bpf_get_func_arg, index 183
[2026-09-08 16:40:27][info][3730787] Register attach-impl defined helper bpf_get_func_ret_id, index 184
[2026-09-08 16:40:27][info][3730787] Register attach-impl defined helper bpf_get_retval, index 186
[2026-09-08 16:40:27][info][3730787] Starting nv_attach_impl
[2026-09-08 16:40:27][info][3730787] Parsing bundled libraries: /home/yunwei37/workspace/gpu/bpftime-auto-warp/build-auto-warp-575/attach/nv_attach_impl/pass/ptxpass_kprobe_entry/libptxpass_kprobe_entry.so:/home/yunwei37/workspace/gpu/bpftime-auto-warp/build-auto-warp-575/attach/nv_attach_impl/pass/ptxpass_kretprobe/libptxpass_kretprobe.so:/home/yunwei37/workspace/gpu/bpftime-auto-warp/build-auto-warp-575/attach/nv_attach_impl/pass/ptxpass_kprobe_memcapture/libptxpass_kprobe_memcapture.so
[2026-09-08 16:40:27][info][3730787] Found path: /home/yunwei37/workspace/gpu/bpftime-auto-warp/build-auto-warp-575/attach/nv_attach_impl/pass/ptxpass_kprobe_entry/libptxpass_kprobe_entry.so, executing..
[2026-09-08 16:40:28][info][3730787] Retrived config of /home/yunwei37/workspace/gpu/bpftime-auto-warp/build-auto-warp-575/attach/nv_attach_impl/pass/ptxpass_kprobe_entry/libptxpass_kprobe_entry.so
[2026-09-08 16:40:28][info][3730787] Found path: /home/yunwei37/workspace/gpu/bpftime-auto-warp/build-auto-warp-575/attach/nv_attach_impl/pass/ptxpass_kretprobe/libptxpass_kretprobe.so, executing..
[2026-09-08 16:40:28][info][3730787] Retrived config of /home/yunwei37/workspace/gpu/bpftime-auto-warp/build-auto-warp-575/attach/nv_attach_impl/pass/ptxpass_kretprobe/libptxpass_kretprobe.so
[2026-09-08 16:40:28][info][3730787] Found path: /home/yunwei37/workspace/gpu/bpftime-auto-warp/build-auto-warp-575/attach/nv_attach_impl/pass/ptxpass_kprobe_memcapture/libptxpass_kprobe_memcapture.so, executing..
[2026-09-08 16:40:28][info][3730787] Retrived config of /home/yunwei37/workspace/gpu/bpftime-auto-warp/build-auto-warp-575/attach/nv_attach_impl/pass/ptxpass_kprobe_memcapture/libptxpass_kprobe_memcapture.so
[2026-09-08 16:40:28][info][3730787] Initializing agent..
[2026-09-08 16:40:28][info][3730787] bpftime: shm epoch_seq = 2
[2026-09-08 16:40:28][info][3730787] Instantiating bpf link 42 and the corresponding program cuda__shared is cuda program
[2026-09-08 16:40:28][info][3730787] Skipping nv attach handler 42 since we are not handling nv handles
[2026-09-08 16:40:28][info][3730787] Instantiating bpf link 42 and the corresponding program cuda__shared is cuda program
[2026-09-08 16:40:28][info][3730787] Handling link to CUDA program: 42, recording it..
[2026-09-08 16:40:28][info][3730787] Loaded 14 instructions (original) for cuda ebpf program
[2026-09-08 16:40:28][info][3730787] Initializing nv_gpu_shared_array_map_impl at pid 3730787
[2026-09-08 16:40:28][info][3730787] Mapped GPU memory for shared array map: 129383591313408
[2026-09-08 16:40:28][info][3730787] Copying map fd 17 to device, key size=4, value size=8, max ent=64, map_type = 1503, gpu_buffer = 75ac77000000
[2026-09-08 16:40:28][info][3730787] GPU eBPF verification timing: program=cuda__shared verification_elapsed_ns=1636467
[2026-09-08 16:40:28][info][3730787] GPU eBPF verification accepted: mode=STRICT program=cuda__shared attach=kprobe/fig15_warp_map_kernel instructions=14
[2026-09-08 16:40:28][info][3730787] GPU eBPF verified map: program=cuda__shared fd=17 type=1503 key_size=4 value_size=8 max_entries=64
[2026-09-08 16:40:28][info][3730787] GPU automatic warp execution admitted for cuda__shared: eligible hook sites lower per-thread calls to elected warp-leader execution
[2026-09-08 16:40:28][info][3730787] Cached shared_mem_ptr at 75ae93e297d8
[2026-09-08 16:40:28][info][3730787] Recorded pass /home/yunwei37/workspace/gpu/bpftime-auto-warp/build-auto-warp-575/attach/nv_attach_impl/pass/ptxpass_kprobe_entry/libptxpass_kprobe_entry.so for func fig15_warp_map_kernel
[2026-09-08 16:40:28][info][3730787] nv_attach_impl: cached 260778 host symbols
[2026-09-08 16:40:28][info][3730787] nv_attach_impl: late attach bootstrap scanning fatbins..
[2026-09-08 16:40:28][info][3730787] nv_attach_impl: targeted late bootstrap selected 1 of 20 loaded module(s)
[2026-09-08 16:40:28][info][3730787] Temporary fatbin written to /tmp/bpftime-fatbin-work.vgJNgw/temp.fatbin
[2026-09-08 16:40:28][info][3730787] Extracting PTX in the fatbin...
[2026-09-08 16:40:28][info][3730787] Calling cuobjdump: /usr/local/cuda-12.9/bin/cuobjdump --extract-ptx all /tmp/bpftime-fatbin-work.vgJNgw/temp.fatbin
Extracting PTX file and ptxas options    1: warp_map_bench.sm_120.ptx -arch=sm_120  --generate-line-info 
[2026-09-08 16:40:28][info][3730787] Remove extracted files..
[2026-09-08 16:40:28][info][3730787] Got 1 PTX files
[2026-09-08 16:40:28][info][3730787] Loading & patching current fatbin..
[2026-09-08 16:40:28][info][3730829] Patching PTX: warp_map_bench.sm_120.ptx
[2026-09-08 16:40:28][info][3730829] Patching request fae59b4f972827672faf88ec9ebe4c35adfbd4631b28071d984d68f28277fffe not found in cache, patching..
[ptxpass] kprobe_entry_stub: matched=1, in=4059, out=5568
[2026-09-08 16:40:28][info][3730787] Using SM arch from BPFTIME_SM_ARCH: sm_120
[2026-09-08 16:40:28][info][3730787] Compiling PTXs with sm_arch sm_120
[2026-09-08 16:40:28][info][3730787] Compiler version: 12.9
[2026-09-08 16:40:28][info][3730831] Start compiling patched.warp_map_bench.sm_120.ptx, not found in cache
[2026-09-08 16:40:28][info][3730831] Compile of patched.warp_map_bench.sm_120.ptx done
[2026-09-08 16:40:28][info][3730787] Loading module: patched.warp_map_bench.sm_120.ptx, not found in cache
[2026-09-08 16:40:28][info][3730787] Copying trampoline data to device
[2026-09-08 16:40:28][info][3730787] constData symbol device_ptr=75ac77200000 size=8 shared_mem_ptr=75ae93e297d8
[2026-09-08 16:40:28][info][3730787] map_info symbol device_ptr=75ac77200008 size=49152
[2026-09-08 16:40:28][info][3730787] Trampoline data copied
[2026-09-08 16:40:28][info][3730787] Loaded module: patched.warp_map_bench.sm_120.ptx
[2026-09-08 16:40:28][info][3730787] nv_attach_impl: ingested fatbin from .nv_fatbin in /home/yunwei37/workspace/gpu/gpu_ext/microbench/fig15-device/strict-warp-map-scaling/.output/warp-map-bench
[2026-09-08 16:40:28][info][3730787] nv_attach_impl: late attach bootstrap ingested 1 fatbin(s)
[2026-09-08 16:40:28][info][3730787] agent ipc: listening (abstract) for pid 3730787
[2026-09-08 16:40:28][info][3730787] Attach successfully
[2026-09-08 16:40:28][info][3730801] Exiting CUDA watcher thread
FIG15_DEVICE	NVIDIA GeForce RTX 5090	12	0	32
FIG15_WARP_SHAPE	128	4
FIG15_WARP_GRID	64	8192	8
FIG15_MEASUREMENT	8	128	0.521535993
FIG15_CORRECT	8192	0
