[2026-09-03 21:44:29][warning][1594118] VM factory for name: llvm already registered, overwriting
[2026-09-03 21:44:29][info][1594118] Setting BPFTIME_SHM_MEMORY_MB to: 128
[2026-09-03 21:44:29][info][1594118] Setting BPFTIME_MAX_FD_COUNT to: 1024
[2026-09-03 21:44:29][info][1594118] Registered shared memory with CUDA: addr=0x7edc6f3ff000 size=134217728
[2026-09-03 21:44:29][info][1594118] Global shm constructed. shm_open_type 1 for gpubpf_raw_map_1592904_1788497069083480651
[2026-09-03 21:44:29][info][1594118] Global shm initialized
[2026-09-03 21:44:29][info][1594118] bpf_attach_ctx constructed
[2026-09-03 21:44:29][info][1594118] Initializing CUDA shared memory
[2026-09-03 21:44:29][info][1594118] CommSharedMem host 0x7edc6f4297d8 mapped to device 0x7edc6f4297d8
[2026-09-03 21:44:29][info][1594118] CUDA context created
[2026-09-03 21:44:29][info][1594118] Register attach-impl defined helper bpf_get_func_arg, index 183
[2026-09-03 21:44:29][info][1594118] Register attach-impl defined helper bpf_get_func_ret_id, index 184
[2026-09-03 21:44:29][info][1594118] Register attach-impl defined helper bpf_get_retval, index 186
[2026-09-03 21:44:29][info][1594118] Starting nv_attach_impl
[2026-09-03 21:44:29][info][1594118] Parsing bundled libraries: /home/yunwei37/workspace/gpu/bpftime-table1-575/build-table1-575/attach/nv_attach_impl/pass/ptxpass_kprobe_entry/libptxpass_kprobe_entry.so:/home/yunwei37/workspace/gpu/bpftime-table1-575/build-table1-575/attach/nv_attach_impl/pass/ptxpass_kretprobe/libptxpass_kretprobe.so:/home/yunwei37/workspace/gpu/bpftime-table1-575/build-table1-575/attach/nv_attach_impl/pass/ptxpass_kprobe_memcapture/libptxpass_kprobe_memcapture.so
[2026-09-03 21:44:29][info][1594118] Found path: /home/yunwei37/workspace/gpu/bpftime-table1-575/build-table1-575/attach/nv_attach_impl/pass/ptxpass_kprobe_entry/libptxpass_kprobe_entry.so, executing..
[2026-09-03 21:44:29][info][1594118] Retrived config of /home/yunwei37/workspace/gpu/bpftime-table1-575/build-table1-575/attach/nv_attach_impl/pass/ptxpass_kprobe_entry/libptxpass_kprobe_entry.so
[2026-09-03 21:44:29][info][1594118] Found path: /home/yunwei37/workspace/gpu/bpftime-table1-575/build-table1-575/attach/nv_attach_impl/pass/ptxpass_kretprobe/libptxpass_kretprobe.so, executing..
[2026-09-03 21:44:29][info][1594118] Retrived config of /home/yunwei37/workspace/gpu/bpftime-table1-575/build-table1-575/attach/nv_attach_impl/pass/ptxpass_kretprobe/libptxpass_kretprobe.so
[2026-09-03 21:44:29][info][1594118] Found path: /home/yunwei37/workspace/gpu/bpftime-table1-575/build-table1-575/attach/nv_attach_impl/pass/ptxpass_kprobe_memcapture/libptxpass_kprobe_memcapture.so, executing..
[2026-09-03 21:44:29][info][1594118] Retrived config of /home/yunwei37/workspace/gpu/bpftime-table1-575/build-table1-575/attach/nv_attach_impl/pass/ptxpass_kprobe_memcapture/libptxpass_kprobe_memcapture.so
[2026-09-03 21:44:29][info][1594118] Initializing agent..
[2026-09-03 21:44:29][info][1594118] bpftime: shm epoch_seq = 2
[2026-09-03 21:44:29][info][1594118] Instantiating bpf link 60 and the corresponding program cuda__capture_r is cuda program
[2026-09-03 21:44:29][info][1594118] Skipping nv attach handler 60 since we are not handling nv handles
[2026-09-03 21:44:29][info][1594118] Instantiating bpf link 60 and the corresponding program cuda__capture_r is cuda program
[2026-09-03 21:44:29][info][1594118] Handling link to CUDA program: 60, recording it..
[2026-09-03 21:44:29][info][1594118] Loaded 54 instructions (original) for cuda ebpf program
[2026-09-03 21:44:29][info][1594118] Initializing nv_gpu_array_map_impl at pid 1594118
[2026-09-03 21:44:29][info][1594118] Mapped GPU memory for gpu array map: 139476160479232
[2026-09-03 21:44:29][info][1594118] Copying map fd 17 to device, key size=4, value size=32, max ent=1, map_type = 1502, gpu_buffer = 7eda53000000
[2026-09-03 21:44:29][info][1594118] Initializing nv_gpu_ringbuf_map_impl at pid 1594118
[2026-09-03 21:44:29][info][1594118] Mapped GPU memory for gpu ringbuf map: 139485226646400
[2026-09-03 21:44:29][info][1594118] Copying map fd 18 to device, key size=4, value size=56, max ent=4, map_type = 1527, gpu_buffer = 7edc6f62bb80
[2026-09-03 21:44:29][info][1594118] Cached shared_mem_ptr at 7edc6f4297d8
[2026-09-03 21:44:29][info][1594118] Recorded pass /home/yunwei37/workspace/gpu/bpftime-table1-575/build-table1-575/attach/nv_attach_impl/pass/ptxpass_kretprobe/libptxpass_kretprobe.so for func raw_map_kernel
[2026-09-03 21:44:30][info][1594118] nv_attach_impl: cached 301209 host symbols
[2026-09-03 21:44:30][info][1594118] nv_attach_impl: late attach bootstrap scanning fatbins..
[2026-09-03 21:44:30][info][1594118] Temporary fatbin written to /tmp/bpftime-fatbin-work.KoI3C3/temp.fatbin
[2026-09-03 21:44:30][info][1594118] Extracting PTX in the fatbin...
[2026-09-03 21:44:30][info][1594118] Calling cuobjdump: /usr/local/cuda-12.9/bin/cuobjdump --extract-ptx all /tmp/bpftime-fatbin-work.KoI3C3/temp.fatbin
Extracting PTX file and ptxas options    1: temp.1.sm_120.ptx -arch=sm_120 
[2026-09-03 21:44:30][info][1594118] Remove extracted files..
[2026-09-03 21:44:30][info][1594118] Got 1 PTX files
[2026-09-03 21:44:30][info][1594118] Loading & patching current fatbin..
[2026-09-03 21:44:30][info][1594127] Patching PTX: temp.1.sm_120.ptx
[2026-09-03 21:44:30][info][1594127] Patching request 2ec7271766f841abaee018882dd845dc5b9e6c440c44a35b6045b2d289ed40c8 not found in cache, patching..
[ptxpass] kretprobe: matched=1, in=984, out=5306
[2026-09-03 21:44:30][info][1594118] Using SM arch from BPFTIME_SM_ARCH: sm_120
[2026-09-03 21:44:30][info][1594118] Compiling PTXs with sm_arch sm_120
[2026-09-03 21:44:30][info][1594118] Compiler version: 12.9
[2026-09-03 21:44:30][info][1594151] Start compiling patched.temp.1.sm_120.ptx, not found in cache
[2026-09-03 21:44:30][info][1594151] Compile of patched.temp.1.sm_120.ptx done
[2026-09-03 21:44:30][info][1594118] Loading module: patched.temp.1.sm_120.ptx, not found in cache
[2026-09-03 21:44:30][info][1594118] Copying trampoline data to device
[2026-09-03 21:44:30][info][1594118] constData symbol device_ptr=7eda53200000 size=8 shared_mem_ptr=7edc6f4297d8
[2026-09-03 21:44:30][info][1594118] map_info symbol device_ptr=7eda53200008 size=40960
[2026-09-03 21:44:30][info][1594118] Trampoline data copied
[2026-09-03 21:44:30][info][1594118] Loaded module: patched.temp.1.sm_120.ptx
[2026-09-03 21:44:30][info][1594118] nv_attach_impl: ingested fatbin from .nv_fatbin in /home/yunwei37/workspace/gpu/gpu_ext/workloads/cross-layer-raw-map/.output/raw_map_target
[2026-09-03 21:44:30][info][1594118] nv_attach_impl: late attach bootstrap ingested 1 fatbin(s)
[2026-09-03 21:44:30][info][1594118] agent ipc: listening (abstract) for pid 1594118
[2026-09-03 21:44:30][info][1594118] Attach successfully
[2026-09-03 21:44:30][info][1594123] Exiting CUDA watcher thread
