[2026-09-04 09:59:46][info][2736405] bpf_attach_ctx constructed
[2026-09-04 09:59:46][info][2736405] Initializing CUDA shared memory
[2026-09-04 09:59:46][info][2736405] CommSharedMem host 0x74d1b0e297d8 mapped to device 0x74d1b0e297d8
[2026-09-04 09:59:46][info][2736405] CUDA context created
[2026-09-04 09:59:46][info][2736405] Register attach-impl defined helper bpf_get_func_arg, index 183
[2026-09-04 09:59:46][info][2736405] Register attach-impl defined helper bpf_get_func_ret_id, index 184
[2026-09-04 09:59:46][info][2736405] Register attach-impl defined helper bpf_get_retval, index 186
[2026-09-04 09:59:46][info][2736405] Starting nv_attach_impl
[2026-09-04 09:59:46][info][2736405] Parsing bundled libraries: /home/yunwei37/workspace/gpu/bpftime-table1-575/build-table1-575/attach/nv_attach_impl/pass/ptxpass_kprobe_entry/libptxpass_kprobe_entry.so:/home/yunwei37/workspace/gpu/bpftime-table1-575/build-table1-575/attach/nv_attach_impl/pass/ptxpass_kretprobe/libptxpass_kretprobe.so:/home/yunwei37/workspace/gpu/bpftime-table1-575/build-table1-575/attach/nv_attach_impl/pass/ptxpass_kprobe_memcapture/libptxpass_kprobe_memcapture.so
[2026-09-04 09:59:46][info][2736405] Found path: /home/yunwei37/workspace/gpu/bpftime-table1-575/build-table1-575/attach/nv_attach_impl/pass/ptxpass_kprobe_entry/libptxpass_kprobe_entry.so, executing..
[2026-09-04 09:59:46][info][2736405] Retrived config of /home/yunwei37/workspace/gpu/bpftime-table1-575/build-table1-575/attach/nv_attach_impl/pass/ptxpass_kprobe_entry/libptxpass_kprobe_entry.so
[2026-09-04 09:59:46][info][2736405] Found path: /home/yunwei37/workspace/gpu/bpftime-table1-575/build-table1-575/attach/nv_attach_impl/pass/ptxpass_kretprobe/libptxpass_kretprobe.so, executing..
[2026-09-04 09:59:46][info][2736405] Retrived config of /home/yunwei37/workspace/gpu/bpftime-table1-575/build-table1-575/attach/nv_attach_impl/pass/ptxpass_kretprobe/libptxpass_kretprobe.so
[2026-09-04 09:59:46][info][2736405] Found path: /home/yunwei37/workspace/gpu/bpftime-table1-575/build-table1-575/attach/nv_attach_impl/pass/ptxpass_kprobe_memcapture/libptxpass_kprobe_memcapture.so, executing..
[2026-09-04 09:59:46][info][2736405] Retrived config of /home/yunwei37/workspace/gpu/bpftime-table1-575/build-table1-575/attach/nv_attach_impl/pass/ptxpass_kprobe_memcapture/libptxpass_kprobe_memcapture.so
[2026-09-04 09:59:46][info][2736405] Initializing agent..
[2026-09-04 09:59:46][info][2736405] bpftime: shm epoch_seq = 2
[2026-09-04 09:59:46][info][2736405] Instantiating bpf link 61 and the corresponding program cuda__rpc_looku is cuda program
[2026-09-04 09:59:46][info][2736405] Skipping nv attach handler 61 since we are not handling nv handles
[2026-09-04 09:59:46][info][2736405] Instantiating bpf link 61 and the corresponding program cuda__rpc_looku is cuda program
[2026-09-04 09:59:46][info][2736405] Handling link to CUDA program: 61, recording it..
[2026-09-04 09:59:46][info][2736405] Loaded 26 instructions (original) for cuda ebpf program
[2026-09-04 09:59:46][info][2736405] Initializing nv_gpu_shared_array_map_impl at pid 2736405
[2026-09-04 09:59:46][info][2736405] Mapped GPU memory for shared array map: 128434940411904
[2026-09-04 09:59:46][info][2736405] Copying map fd 17 to device, key size=4, value size=8, max ent=32, map_type = 1503, gpu_buffer = 74cf97000000
[2026-09-04 09:59:46][info][2736405] Initializing nv_gpu_shared_array_host_map_impl at pid 2736405, shared mem addr=74d1b1029a60
[2026-09-04 09:59:46][info][2736405] Mapped shared memory for GPU access: cpu=74d1b1029a60, gpu=74d1b1029a60
[2026-09-04 09:59:46][info][2736405] Copying map fd 18 to device, key size=4, value size=8, max ent=32, map_type = 1513, gpu_buffer = 74d1b1029a60
[2026-09-04 09:59:46][warning][2736405] Not a GPU map!
[2026-09-04 09:59:46][info][2736405] Copying map fd 19 to device, key size=4, value size=8, max ent=32, map_type = 2, gpu_buffer = 0
[2026-09-04 09:59:46][info][2736405] Initializing nv_gpu_shared_array_map_impl at pid 2736405
[2026-09-04 09:59:46][info][2736405] Mapped GPU memory for shared array map: 128434942509056
[2026-09-04 09:59:46][info][2736405] Copying map fd 20 to device, key size=4, value size=8, max ent=32, map_type = 1503, gpu_buffer = 74cf97200000
[2026-09-04 09:59:46][info][2736405] Cached shared_mem_ptr at 74d1b0e297d8
[2026-09-04 09:59:46][info][2736405] Recorded pass /home/yunwei37/workspace/gpu/bpftime-table1-575/build-table1-575/attach/nv_attach_impl/pass/ptxpass_kprobe_entry/libptxpass_kprobe_entry.so for func fig15_map_kernel
[2026-09-04 09:59:47][info][2736405] nv_attach_impl: cached 301188 host symbols
[2026-09-04 09:59:47][info][2736405] nv_attach_impl: late attach bootstrap scanning fatbins..
[2026-09-04 09:59:47][info][2736405] nv_attach_impl: targeted late bootstrap selected 1 of 19 loaded module(s)
[2026-09-04 09:59:47][info][2736405] Temporary fatbin written to /tmp/bpftime-fatbin-work.elJHjT/temp.fatbin
[2026-09-04 09:59:47][info][2736405] Extracting PTX in the fatbin...
[2026-09-04 09:59:47][info][2736405] Calling cuobjdump: /usr/local/cuda-12.9/bin/cuobjdump --extract-ptx all /tmp/bpftime-fatbin-work.elJHjT/temp.fatbin
Extracting PTX file and ptxas options    1: map_bench.sm_120.ptx -arch=sm_120  --generate-line-info 
[2026-09-04 09:59:47][info][2736405] Remove extracted files..
[2026-09-04 09:59:47][info][2736405] Got 1 PTX files
[2026-09-04 09:59:47][info][2736405] Loading & patching current fatbin..
[2026-09-04 09:59:47][info][2736416] Patching PTX: map_bench.sm_120.ptx
[2026-09-04 09:59:47][info][2736416] Patching request 69272241782e45cb7d9a3aff60c1ba12d1216baefaa4bc249fb69c15533d7420 not found in cache, patching..
[ptxpass] kprobe_entry_stub: matched=1, in=1760, out=3994
[2026-09-04 09:59:47][info][2736405] Using SM arch from BPFTIME_SM_ARCH: sm_120
[2026-09-04 09:59:47][info][2736405] Compiling PTXs with sm_arch sm_120
[2026-09-04 09:59:47][info][2736405] Compiler version: 12.9
[2026-09-04 09:59:47][info][2736440] Start compiling patched.map_bench.sm_120.ptx, not found in cache
[2026-09-04 09:59:47][info][2736440] Compile of patched.map_bench.sm_120.ptx done
[2026-09-04 09:59:47][info][2736405] Loading module: patched.map_bench.sm_120.ptx, not found in cache
[2026-09-04 09:59:47][info][2736405] Copying trampoline data to device
[2026-09-04 09:59:47][info][2736405] constData symbol device_ptr=74cf97600000 size=8 shared_mem_ptr=74d1b0e297d8
[2026-09-04 09:59:47][info][2736405] map_info symbol device_ptr=74cf97600008 size=40960
[2026-09-04 09:59:47][info][2736405] Trampoline data copied
[2026-09-04 09:59:47][info][2736405] Loaded module: patched.map_bench.sm_120.ptx
[2026-09-04 09:59:47][info][2736405] nv_attach_impl: ingested fatbin from .nv_fatbin in /home/yunwei37/workspace/gpu/gpu_ext/microbench/fig15-device/.output/map-bench
[2026-09-04 09:59:47][info][2736405] nv_attach_impl: late attach bootstrap ingested 1 fatbin(s)
[2026-09-04 09:59:47][info][2736405] agent ipc: listening (abstract) for pid 2736405
[2026-09-04 09:59:47][info][2736405] Attach successfully
[2026-09-04 09:59:50][info][2736411] Exiting CUDA watcher thread
FIG15_DEVICE	NVIDIA GeForce RTX 5090	12	0	32
FIG15_MEASUREMENT	8	64	2224.36548
FIG15_CORRECT	32	0
