[2026-09-04 09:39:17][info][2694987] Setting BPFTIME_SHM_MEMORY_MB to: 256
[2026-09-04 09:39:17][info][2694987] Setting BPFTIME_MAX_FD_COUNT to: 1024
[2026-09-04 09:39:17][warning][2694987] BPFTIME_VERIFIER_LEVEL=WARNING was requested, but this bpftime build was compiled with ENABLE_EBPF_VERIFIER=OFF; continuing without userspace verification.
[2026-09-04 09:39:17][info][2694987] Verifier mode: WARNING
[2026-09-04 09:39:17][info][2694987] Init bpftime syscall mocking..
[2026-09-04 09:39:17][info][2694987] The log will be written to: console
[2026-09-04 09:39:17][info][2694987] Starting syscall server..
[2026-09-04 09:39:17][info][2694987] Setting BPFTIME_SHM_MEMORY_MB to: 256
[2026-09-04 09:39:17][info][2694987] Setting BPFTIME_MAX_FD_COUNT to: 1024
[2026-09-04 09:39:17][warning][2694987] BPFTIME_VERIFIER_LEVEL=WARNING was requested, but this bpftime build was compiled with ENABLE_EBPF_VERIFIER=OFF; continuing without userspace verification.
[2026-09-04 09:39:17][info][2694987] Verifier mode: WARNING
[2026-09-04 09:39:17][info][2694987] Initialize syscall server
[2026-09-04 09:39:17][info][2694987] Setting BPFTIME_SHM_MEMORY_MB to: 256
[2026-09-04 09:39:17][info][2694987] Setting BPFTIME_MAX_FD_COUNT to: 1024
[2026-09-04 09:39:17][warning][2694987] BPFTIME_VERIFIER_LEVEL=WARNING was requested, but this bpftime build was compiled with ENABLE_EBPF_VERIFIER=OFF; continuing without userspace verification.
[2026-09-04 09:39:17][info][2694987] Verifier mode: WARNING
[2026-09-04 09:39:17][info][2694987] Global shm constructed. shm_open_type 3 for fig15_map_2694595_113703093792762
[2026-09-04 09:39:17][info][2694987] Global shm initialized
[2026-09-04 09:39:17][info][2694987] Initializing CUDA at syscall-server side
[2026-09-04 09:39:17][info][2694987] CUDA initialized at syscall server side
[2026-09-04 09:39:17][info][2694987] bpftime-syscall-server started
[2026-09-04 09:39:17][info][2694987] syscall server: Set enable_mock_after_initialized to false
[2026-09-04 09:39:17][info][2694987] CUDA context for thread 2694987 has been set to 5f1107550130
[2026-09-04 09:39:17][info][2694987] Map device_values (nv_gpu_shared_array_map_impl) shared array
[2026-09-04 09:39:17][info][2694987] Initializing map type of BPF_MAP_TYPE_GPU_ARRAY_MAP (device), total_buffer_size=256
[2026-09-04 09:39:17][info][2694987] syscall server: Set enable_mock_after_initialized to true
[2026-09-04 09:39:17][info][2694987] Map host_values (nv_gpu_shared_array_host_map_impl) shared array
[2026-09-04 09:39:17][info][2694987] Initializing map type of BPF_MAP_TYPE_GPU_ARRAY_HOST_MAP (shared mem), value_size=8, max_entries=32, total_buffer_size=256
[2026-09-04 09:39:17][info][2694987] Allocated shared memory buffer at 7c60c9c2aa60
[2026-09-04 09:39:17][info][2694987] syscall server: Set enable_mock_after_initialized to false
[2026-09-04 09:39:17][info][2694987] CUDA context for thread 2694987 has been set to 5f110847a830
[2026-09-04 09:39:17][info][2694987] Map observed_values (nv_gpu_shared_array_map_impl) shared array
[2026-09-04 09:39:17][info][2694987] Initializing map type of BPF_MAP_TYPE_GPU_ARRAY_MAP (device), total_buffer_size=256
[2026-09-04 09:39:17][info][2694987] syscall server: Set enable_mock_after_initialized to true
[2026-09-04 09:39:17][info][2694987] Created kprobe/kretprobe perf event handler, func_name fig15_map_kernel, addr 0
FIG15_READY	device_lookup	1
FIG15_MAP	observed_values	0	1208090600042135552
FIG15_MAP	observed_values	1	1208090600042135553
FIG15_MAP	observed_values	2	1208090600042135554
FIG15_MAP	observed_values	3	1208090600042135555
FIG15_MAP	observed_values	4	1208090600042135556
FIG15_MAP	observed_values	5	1208090600042135557
FIG15_MAP	observed_values	6	1208090600042135558
FIG15_MAP	observed_values	7	1208090600042135559
FIG15_MAP	observed_values	8	1208090600042135560
FIG15_MAP	observed_values	9	1208090600042135561
FIG15_MAP	observed_values	10	1208090600042135562
FIG15_MAP	observed_values	11	1208090600042135563
FIG15_MAP	observed_values	12	1208090600042135564
FIG15_MAP	observed_values	13	1208090600042135565
FIG15_MAP	observed_values	14	1208090600042135566
FIG15_MAP	observed_values	15	1208090600042135567
FIG15_MAP	observed_values	16	1208090600042135568
FIG15_MAP	observed_values	17	1208090600042135569
FIG15_MAP	observed_values	18	1208090600042135570
FIG15_MAP	observed_values	19	1208090600042135571
FIG15_MAP	observed_values	20	1208090600042135572
FIG15_MAP	observed_values	21	1208090600042135573
FIG15_MAP	observed_values	22	1208090600042135574
FIG15_MAP	observed_values	23	1208090600042135575
FIG15_MAP	observed_values	24	1208090600042135576
FIG15_MAP	observed_values	25	1208090600042135577
FIG15_MAP	observed_values	26	1208090600042135578
FIG15_MAP	observed_values	27	1208090600042135579
FIG15_MAP	observed_values	28	1208090600042135580
FIG15_MAP	observed_values	29	1208090600042135581
FIG15_MAP	observed_values	30	1208090600042135582
FIG15_MAP	observed_values	31	1208090600042135583
FIG15_DETACHED	1
[2026-09-04 09:39:19][warning][2694987] Calling original ioctl: 10 34 140733011895264
[2026-09-04 09:39:19][warning][2694987] Calling original ioctl: 9 3222292009 140733011895424
[2026-09-04 09:39:19][warning][2694987] Calling original ioctl: 10 34 140733011895264
[2026-09-04 09:39:19][warning][2694987] Calling original ioctl: 9 3222292009 140733011895424
