[2026-09-04 09:59:02][info][2734410] Setting BPFTIME_SHM_MEMORY_MB to: 256
[2026-09-04 09:59:02][info][2734410] Setting BPFTIME_MAX_FD_COUNT to: 1024
[2026-09-04 09:59:02][warning][2734410] BPFTIME_VERIFIER_LEVEL=WARNING was requested, but this bpftime build was compiled with ENABLE_EBPF_VERIFIER=OFF; continuing without userspace verification.
[2026-09-04 09:59:02][info][2734410] Verifier mode: WARNING
[2026-09-04 09:59:02][info][2734410] Init bpftime syscall mocking..
[2026-09-04 09:59:02][info][2734410] The log will be written to: console
[2026-09-04 09:59:02][info][2734410] Starting syscall server..
[2026-09-04 09:59:02][info][2734410] Setting BPFTIME_SHM_MEMORY_MB to: 256
[2026-09-04 09:59:02][info][2734410] Setting BPFTIME_MAX_FD_COUNT to: 1024
[2026-09-04 09:59:02][warning][2734410] BPFTIME_VERIFIER_LEVEL=WARNING was requested, but this bpftime build was compiled with ENABLE_EBPF_VERIFIER=OFF; continuing without userspace verification.
[2026-09-04 09:59:02][info][2734410] Verifier mode: WARNING
[2026-09-04 09:59:02][info][2734410] Initialize syscall server
[2026-09-04 09:59:02][info][2734410] Setting BPFTIME_SHM_MEMORY_MB to: 256
[2026-09-04 09:59:02][info][2734410] Setting BPFTIME_MAX_FD_COUNT to: 1024
[2026-09-04 09:59:02][warning][2734410] BPFTIME_VERIFIER_LEVEL=WARNING was requested, but this bpftime build was compiled with ENABLE_EBPF_VERIFIER=OFF; continuing without userspace verification.
[2026-09-04 09:59:02][info][2734410] Verifier mode: WARNING
[2026-09-04 09:59:02][info][2734410] Global shm constructed. shm_open_type 3 for fig15_map_2731748_114887577715896
[2026-09-04 09:59:02][info][2734410] Global shm initialized
[2026-09-04 09:59:02][info][2734410] Initializing CUDA at syscall-server side
[2026-09-04 09:59:02][info][2734410] CUDA initialized at syscall server side
[2026-09-04 09:59:02][info][2734410] bpftime-syscall-server started
[2026-09-04 09:59:02][info][2734410] syscall server: Set enable_mock_after_initialized to false
[2026-09-04 09:59:02][info][2734410] CUDA context for thread 2734410 has been set to 59c8f7fa5130
[2026-09-04 09:59:02][info][2734410] Map device_values (nv_gpu_shared_array_map_impl) shared array
[2026-09-04 09:59:02][info][2734410] Initializing map type of BPF_MAP_TYPE_GPU_ARRAY_MAP (device), total_buffer_size=256
[2026-09-04 09:59:02][info][2734410] syscall server: Set enable_mock_after_initialized to true
[2026-09-04 09:59:02][info][2734410] Map host_values (nv_gpu_shared_array_host_map_impl) shared array
[2026-09-04 09:59:02][info][2734410] Initializing map type of BPF_MAP_TYPE_GPU_ARRAY_HOST_MAP (shared mem), value_size=8, max_entries=32, total_buffer_size=256
[2026-09-04 09:59:02][info][2734410] Allocated shared memory buffer at 7a825882aa60
[2026-09-04 09:59:02][info][2734410] syscall server: Set enable_mock_after_initialized to false
[2026-09-04 09:59:02][info][2734410] CUDA context for thread 2734410 has been set to 59c8f8ecf950
[2026-09-04 09:59:02][info][2734410] Map observed_values (nv_gpu_shared_array_map_impl) shared array
[2026-09-04 09:59:02][info][2734410] Initializing map type of BPF_MAP_TYPE_GPU_ARRAY_MAP (device), total_buffer_size=256
[2026-09-04 09:59:02][info][2734410] syscall server: Set enable_mock_after_initialized to true
[2026-09-04 09:59:02][info][2734410] Created kprobe/kretprobe perf event handler, func_name fig15_map_kernel, addr 0
FIG15_READY	noop	1
FIG15_DETACHED	1
[2026-09-04 09:59:03][warning][2734410] Calling original ioctl: 10 34 140729872101776
[2026-09-04 09:59:03][warning][2734410] Calling original ioctl: 9 3222292009 140729872101936
[2026-09-04 09:59:03][warning][2734410] Calling original ioctl: 10 34 140729872101776
[2026-09-04 09:59:03][warning][2734410] Calling original ioctl: 9 3222292009 140729872101936
