[2026-09-08 16:56:28][warning][3757134] Calling original ioctl: 8 3223340586 140724605401040
[2026-09-08 16:56:28][warning][3757134] Calling original ioctl: 8 3223340586 140724605401056
[2026-09-08 16:56:28][warning][3757134] Calling original ioctl: 8 3223340586 140724605401104
[2026-09-08 16:56:28][warning][3757134] Calling original ioctl: 9 25 140724605405424
[2026-09-08 16:56:28][warning][3757134] Calling original ioctl: 8 3224389163 140724605402688
[2026-09-08 16:56:28][warning][3757134] Calling original ioctl: 9 73 140724605401872
[2026-09-08 16:56:28][warning][3757134] Calling original ioctl: 9 33 140724605392640
[2026-09-08 16:56:28][warning][3757134] Calling original ioctl: 8 3224389163 140724605402368
[2026-09-08 16:56:28][warning][3757134] Calling original ioctl: 9 73 140724605401552
[2026-09-08 16:56:28][warning][3757134] Calling original ioctl: 9 33 140724605392320
[2026-09-08 16:56:28][warning][3757134] Calling original ioctl: 8 3224389163 140724605402368
[2026-09-08 16:56:28][warning][3757134] Calling original ioctl: 9 73 140724605401552
[2026-09-08 16:56:28][warning][3757134] Calling original ioctl: 9 33 140724605392320
[2026-09-08 16:56:28][warning][3757134] Calling original ioctl: 8 3224389163 140724605402864
[2026-09-08 16:56:28][warning][3757134] Calling original ioctl: 9 73 140724605402048
[2026-09-08 16:56:28][warning][3757134] Calling original ioctl: 9 33 140724605392816
[2026-09-08 16:56:28][warning][3757134] Calling original ioctl: 8 3224389163 140724605404544
[2026-09-08 16:56:28][warning][3757134] Calling original ioctl: 8 3224389163 140724605404528
[2026-09-08 16:56:28][warning][3757134] Calling original ioctl: 8 3224389163 140724605400768
[2026-09-08 16:56:28][warning][3757134] Calling original ioctl: 8 3223340586 140724605396352
[2026-09-08 16:56:28][warning][3757134] Calling original ioctl: 8 3224913486 140724605400896
[2026-09-08 16:56:28][warning][3757134] Calling original ioctl: 8 3223864926 140724605400848
[2026-09-08 16:56:28][warning][3757134] Calling original ioctl: 9 73 140724605399952
[2026-09-08 16:56:28][warning][3757134] Calling original ioctl: 9 33 140724605390720
[2026-09-08 16:56:28][warning][3757134] Calling original ioctl: 8 3224389163 140724605400304
[2026-09-08 16:56:28][warning][3757134] Calling original ioctl: 8 3223340586 140724605395888
[2026-09-08 16:56:28][warning][3757134] Calling original ioctl: 8 3224913486 140724605400432
[2026-09-08 16:56:28][warning][3757134] Calling original ioctl: 9 73 140724605399488
[2026-09-08 16:56:28][warning][3757134] Calling original ioctl: 9 33 140724605390256
[2026-09-08 16:56:28][warning][3757134] Calling original ioctl: 8 3224389163 140724605401152
[2026-09-08 16:56:28][warning][3757134] Calling original ioctl: 8 3223340586 140724605396736
[2026-09-08 16:56:28][warning][3757134] Calling original ioctl: 8 3224913486 140724605401280
[2026-09-08 16:56:28][warning][3757134] Calling original ioctl: 8 3224389163 140724605403008
[2026-09-08 16:56:28][warning][3757134] Calling original ioctl: 8 3223340586 140724605399040
[2026-09-08 16:56:28][warning][3757134] Calling original ioctl: 8 3224389163 140724605403296
[2026-09-08 16:56:28][warning][3757134] Calling original ioctl: 8 3223340586 140724605398976
[2026-09-08 16:56:28][warning][3757134] Calling original ioctl: 8 3224389163 140724605403296
[2026-09-08 16:56:28][warning][3757134] Calling original ioctl: 8 3223340586 140724605398976
[2026-09-08 16:56:28][warning][3757134] Calling original ioctl: 8 3223340586 140724605399056
[2026-09-08 16:56:28][warning][3757134] Calling original ioctl: 8 3223340586 140724605399056
[2026-09-08 16:56:28][warning][3757134] Calling original ioctl: 8 3224389163 140724605401952
[2026-09-08 16:56:28][warning][3757134] Calling original ioctl: 8 3223340586 140724605397536
[2026-09-08 16:56:28][warning][3757134] Calling original ioctl: 8 3224913486 140724605402080
[2026-09-08 16:56:28][warning][3757134] Calling original ioctl: 9 73 140724605401136
[2026-09-08 16:56:28][warning][3757134] Calling original ioctl: 9 33 140724605391904
[2026-09-08 16:56:28][warning][3757134] Calling original ioctl: 8 3224389163 140724605401152
[2026-09-08 16:56:28][warning][3757134] Calling original ioctl: 8 3223340586 140724605396736
[2026-09-08 16:56:28][warning][3757134] Calling original ioctl: 8 3224913486 140724605401280
[2026-09-08 16:56:28][warning][3757134] Calling original ioctl: 8 3224389163 140724605403008
[2026-09-08 16:56:28][warning][3757134] Calling original ioctl: 8 3223340586 140724605399040
[2026-09-08 16:56:28][warning][3757134] Calling original ioctl: 8 3224389163 140724605403296
[2026-09-08 16:56:28][warning][3757134] Calling original ioctl: 8 3223340586 140724605398976
[2026-09-08 16:56:28][warning][3757134] Calling original ioctl: 8 3223340586 140724605399056
[2026-09-08 16:56:28][warning][3757134] Calling original ioctl: 8 3223340586 140724605399056
[2026-09-08 16:56:28][warning][3757134] Calling original ioctl: 8 3224389163 140724605401152
[2026-09-08 16:56:28][warning][3757134] Calling original ioctl: 8 3223340586 140724605396736
[2026-09-08 16:56:28][warning][3757134] Calling original ioctl: 8 3224913486 140724605401280
[2026-09-08 16:56:28][warning][3757134] Calling original ioctl: 8 3224389163 140724605403008
[2026-09-08 16:56:28][warning][3757134] Calling original ioctl: 8 3223340586 140724605399040
[2026-09-08 16:56:28][warning][3757134] Calling original ioctl: 8 3224389163 140724605403296
[2026-09-08 16:56:28][warning][3757134] Calling original ioctl: 8 3223340586 140724605398976
[2026-09-08 16:56:28][warning][3757134] Calling original ioctl: 8 3224389163 140724605403296
[2026-09-08 16:56:28][warning][3757134] Calling original ioctl: 8 3223340586 140724605398976
[2026-09-08 16:56:28][warning][3757134] Calling original ioctl: 8 3223340586 140724605399056
[2026-09-08 16:56:28][warning][3757134] Calling original ioctl: 8 3223340586 140724605399056
[2026-09-08 16:56:28][warning][3757134] Calling original ioctl: 8 3224389163 140724605401152
[2026-09-08 16:56:28][warning][3757134] Calling original ioctl: 8 3223340586 140724605396736
[2026-09-08 16:56:28][warning][3757134] Calling original ioctl: 8 3224913486 140724605401280
[2026-09-08 16:56:28][warning][3757134] Calling original ioctl: 8 3224389163 140724605403008
[2026-09-08 16:56:28][warning][3757134] Calling original ioctl: 8 3223340586 140724605399040
[2026-09-08 16:56:28][warning][3757134] Calling original ioctl: 8 3224389163 140724605403296
[2026-09-08 16:56:28][warning][3757134] Calling original ioctl: 8 3223340586 140724605398976
[2026-09-08 16:56:28][warning][3757134] Calling original ioctl: 8 3223340586 140724605399056
[2026-09-08 16:56:28][warning][3757134] Calling original ioctl: 8 3223340586 140724605399056
[2026-09-08 16:56:28][warning][3757134] Calling original ioctl: 8 3224389163 140724605401152
[2026-09-08 16:56:28][warning][3757134] Calling original ioctl: 8 3223340586 140724605396736
[2026-09-08 16:56:28][warning][3757134] Calling original ioctl: 8 3224913486 140724605401280
[2026-09-08 16:56:28][warning][3757134] Calling original ioctl: 8 3224389163 140724605403008
[2026-09-08 16:56:28][warning][3757134] Calling original ioctl: 8 3223340586 140724605399040
[2026-09-08 16:56:28][warning][3757134] Calling original ioctl: 8 3224389163 140724605403296
[2026-09-08 16:56:28][warning][3757134] Calling original ioctl: 8 3223340586 140724605398976
[2026-09-08 16:56:28][warning][3757134] Calling original ioctl: 8 3224389163 140724605403296
[2026-09-08 16:56:28][warning][3757134] Calling original ioctl: 8 3223340586 140724605398976
[2026-09-08 16:56:28][warning][3757134] Calling original ioctl: 8 3223340586 140724605399056
[2026-09-08 16:56:28][warning][3757134] Calling original ioctl: 8 3223340586 140724605399056
[2026-09-08 16:56:28][warning][3757134] Calling original ioctl: 8 3224389163 140724605401152
[2026-09-08 16:56:28][warning][3757134] Calling original ioctl: 8 3223340586 140724605396736
[2026-09-08 16:56:28][warning][3757134] Calling original ioctl: 8 3224913486 140724605401280
[2026-09-08 16:56:28][warning][3757134] Calling original ioctl: 8 3224389163 140724605403008
[2026-09-08 16:56:28][warning][3757134] Calling original ioctl: 8 3223340586 140724605399040
[2026-09-08 16:56:28][warning][3757134] Calling original ioctl: 8 3224389163 140724605403296
[2026-09-08 16:56:28][warning][3757134] Calling original ioctl: 8 3223340586 140724605398976
[2026-09-08 16:56:28][warning][3757134] Calling original ioctl: 8 3223340586 140724605399056
[2026-09-08 16:56:28][warning][3757134] Calling original ioctl: 8 3223340586 140724605399056
[2026-09-08 16:56:28][warning][3757134] Calling original ioctl: 8 3224389163 140724605401152
[2026-09-08 16:56:28][warning][3757134] Calling original ioctl: 8 3223340586 140724605396736
[2026-09-08 16:56:28][warning][3757134] Calling original ioctl: 8 3224913486 140724605401280
[2026-09-08 16:56:28][warning][3757134] Calling original ioctl: 8 3224389163 140724605403008
[2026-09-08 16:56:28][warning][3757134] Calling original ioctl: 8 3223340586 140724605399040
[2026-09-08 16:56:28][warning][3757134] Calling original ioctl: 8 3224389163 140724605403296
[2026-09-08 16:56:28][warning][3757134] Calling original ioctl: 8 3223340586 140724605398976
[2026-09-08 16:56:28][warning][3757134] Calling original ioctl: 8 3224389163 140724605403296
[2026-09-08 16:56:28][warning][3757134] Calling original ioctl: 8 3223340586 140724605398976
[2026-09-08 16:56:28][warning][3757134] Calling original ioctl: 8 3223340586 140724605399056
[2026-09-08 16:56:28][warning][3757134] Calling original ioctl: 8 3223340586 140724605399056
[2026-09-08 16:56:28][warning][3757134] Calling original ioctl: 8 3224389163 140724605401152
[2026-09-08 16:56:28][warning][3757134] Calling original ioctl: 8 3223340586 140724605396736
[2026-09-08 16:56:28][warning][3757134] Calling original ioctl: 8 3224913486 140724605401280
[2026-09-08 16:56:28][warning][3757134] Calling original ioctl: 8 3224389163 140724605403008
[2026-09-08 16:56:28][warning][3757134] Calling original ioctl: 8 3223340586 140724605399040
[2026-09-08 16:56:28][warning][3757134] Calling original ioctl: 8 3224389163 140724605403296
[2026-09-08 16:56:28][warning][3757134] Calling original ioctl: 8 3223340586 140724605398976
[2026-09-08 16:56:28][warning][3757134] Calling original ioctl: 8 3223340586 140724605399056
[2026-09-08 16:56:28][warning][3757134] Calling original ioctl: 8 3223340586 140724605399056
[2026-09-08 16:56:28][warning][3757134] Calling original ioctl: 9 27 140724605404976
[2026-09-08 16:56:28][warning][3757134] Calling original ioctl: 9 27 140724605404976
[2026-09-08 16:56:28][warning][3757134] Calling original ioctl: 9 27 140724605404976
[2026-09-08 16:56:28][warning][3757134] Calling original ioctl: 9 27 140724605404976
[2026-09-08 16:56:28][warning][3757134] Calling original ioctl: 9 27 140724605404976
[2026-09-08 16:56:28][warning][3757134] Calling original ioctl: 9 27 140724605404976
[2026-09-08 16:56:28][warning][3757134] Calling original ioctl: 9 27 140724605404976
[2026-09-08 16:56:28][warning][3757134] Calling original ioctl: 9 27 140724605404976
[2026-09-08 16:56:28][warning][3757134] Calling original ioctl: 8 3223340586 140724605400640
[2026-09-08 16:56:28][warning][3757134] Calling original ioctl: 17 3221505737 140724605404736
[2026-09-08 16:56:28][warning][3757134] Calling original ioctl: 17 3222292174 140724605404720
[2026-09-08 16:56:28][warning][3757134] Calling original ioctl: 17 3224389163 140724605404704
[2026-09-08 16:56:28][warning][3757134] Calling original ioctl: 8 3224389163 140724605404544
[2026-09-08 16:56:28][warning][3757134] Calling original ioctl: 8 3224389163 140724605401152
[2026-09-08 16:56:28][warning][3757134] Calling original ioctl: 8 3223340586 140724605396736
[2026-09-08 16:56:28][warning][3757134] Calling original ioctl: 8 3224913486 140724605401280
[2026-09-08 16:56:28][warning][3757134] Calling original ioctl: 8 3224389163 140724605403008
[2026-09-08 16:56:28][warning][3757134] Calling original ioctl: 8 3223340586 140724605399040
[2026-09-08 16:56:28][warning][3757134] Calling original ioctl: 8 3224389163 140724605403296
[2026-09-08 16:56:28][warning][3757134] Calling original ioctl: 8 3223340586 140724605398976
[2026-09-08 16:56:28][warning][3757134] Calling original ioctl: 8 3223340586 140724605399056
[2026-09-08 16:56:28][warning][3757134] Calling original ioctl: 8 3224389163 140724605401152
[2026-09-08 16:56:28][warning][3757134] Calling original ioctl: 8 3223340586 140724605396736
[2026-09-08 16:56:28][warning][3757134] Calling original ioctl: 8 3224913486 140724605401280
[2026-09-08 16:56:28][warning][3757134] Calling original ioctl: 8 3224389163 140724605403008
[2026-09-08 16:56:28][warning][3757134] Calling original ioctl: 8 3223340586 140724605399040
[2026-09-08 16:56:28][warning][3757134] Calling original ioctl: 8 3224389163 140724605403296
[2026-09-08 16:56:28][warning][3757134] Calling original ioctl: 8 3223340586 140724605398976
[2026-09-08 16:56:28][warning][3757134] Calling original ioctl: 8 3223340586 140724605399056
[2026-09-08 16:56:28][warning][3757134] Calling original ioctl: 8 3224389163 140724605401152
[2026-09-08 16:56:28][warning][3757134] Calling original ioctl: 8 3223340586 140724605396736
[2026-09-08 16:56:28][warning][3757134] Calling original ioctl: 8 3224913486 140724605401280
[2026-09-08 16:56:28][warning][3757134] Calling original ioctl: 8 3224389163 140724605403008
[2026-09-08 16:56:28][warning][3757134] Calling original ioctl: 8 3223340586 140724605399040
[2026-09-08 16:56:28][warning][3757134] Calling original ioctl: 8 3224389163 140724605403296
[2026-09-08 16:56:28][warning][3757134] Calling original ioctl: 8 3223340586 140724605398976
[2026-09-08 16:56:28][warning][3757134] Calling original ioctl: 8 3223340586 140724605399056
[2026-09-08 16:56:28][warning][3757134] Calling original ioctl: 8 3224389163 140724605401152
[2026-09-08 16:56:28][warning][3757134] Calling original ioctl: 8 3223340586 140724605396736
[2026-09-08 16:56:28][warning][3757134] Calling original ioctl: 8 3224913486 140724605401280
[2026-09-08 16:56:28][warning][3757134] Calling original ioctl: 8 3224389163 140724605403008
[2026-09-08 16:56:28][warning][3757134] Calling original ioctl: 8 3223340586 140724605399040
[2026-09-08 16:56:28][warning][3757134] Calling original ioctl: 8 3224389163 140724605403296
[2026-09-08 16:56:28][warning][3757134] Calling original ioctl: 8 3223340586 140724605398976
[2026-09-08 16:56:28][warning][3757134] Calling original ioctl: 8 3223340586 140724605399056
[2026-09-08 16:56:28][warning][3757134] Calling original ioctl: 9 27 140724605404976
[2026-09-08 16:56:28][warning][3757134] Calling original ioctl: 9 27 140724605404976
[2026-09-08 16:56:28][warning][3757134] Calling original ioctl: 9 27 140724605404976
[2026-09-08 16:56:28][warning][3757134] Calling original ioctl: 9 27 140724605404976
[2026-09-08 16:56:28][warning][3757134] Calling original ioctl: 8 3223340586 140724605400640
[2026-09-08 16:56:28][warning][3757134] Calling original ioctl: 19 3221505737 140724605404736
[2026-09-08 16:56:28][warning][3757134] Calling original ioctl: 19 3222292174 140724605404720
[2026-09-08 16:56:28][warning][3757134] Calling original ioctl: 19 3224389163 140724605404704
[2026-09-08 16:56:28][warning][3757134] Calling original ioctl: 8 3224389163 140724605404544
[2026-09-08 16:56:28][warning][3757134] Calling original ioctl: 8 3224389163 140724605401152
[2026-09-08 16:56:28][warning][3757134] Calling original ioctl: 8 3223340586 140724605396736
[2026-09-08 16:56:28][warning][3757134] Calling original ioctl: 8 3224913486 140724605401280
[2026-09-08 16:56:28][warning][3757134] Calling original ioctl: 8 3224389163 140724605403008
[2026-09-08 16:56:28][warning][3757134] Calling original ioctl: 8 3223340586 140724605399040
[2026-09-08 16:56:28][warning][3757134] Calling original ioctl: 8 3224389163 140724605403296
[2026-09-08 16:56:28][warning][3757134] Calling original ioctl: 8 3223340586 140724605398976
[2026-09-08 16:56:28][warning][3757134] Calling original ioctl: 8 3223340586 140724605399056
[2026-09-08 16:56:28][warning][3757134] Calling original ioctl: 8 3224389163 140724605401152
[2026-09-08 16:56:28][warning][3757134] Calling original ioctl: 8 3223340586 140724605396736
[2026-09-08 16:56:28][warning][3757134] Calling original ioctl: 8 3224913486 140724605401280
[2026-09-08 16:56:28][warning][3757134] Calling original ioctl: 8 3224389163 140724605403008
[2026-09-08 16:56:28][warning][3757134] Calling original ioctl: 8 3223340586 140724605399040
[2026-09-08 16:56:28][warning][3757134] Calling original ioctl: 8 3224389163 140724605403296
[2026-09-08 16:56:28][warning][3757134] Calling original ioctl: 8 3223340586 140724605398976
[2026-09-08 16:56:28][warning][3757134] Calling original ioctl: 8 3223340586 140724605399056
[2026-09-08 16:56:28][warning][3757134] Calling original ioctl: 8 3224389163 140724605401152
[2026-09-08 16:56:28][warning][3757134] Calling original ioctl: 8 3223340586 140724605396736
[2026-09-08 16:56:28][warning][3757134] Calling original ioctl: 8 3224913486 140724605401280
[2026-09-08 16:56:28][warning][3757134] Calling original ioctl: 8 3224389163 140724605403008
[2026-09-08 16:56:28][warning][3757134] Calling original ioctl: 8 3223340586 140724605399040
[2026-09-08 16:56:28][warning][3757134] Calling original ioctl: 8 3224389163 140724605403296
[2026-09-08 16:56:28][warning][3757134] Calling original ioctl: 8 3223340586 140724605398976
[2026-09-08 16:56:28][warning][3757134] Calling original ioctl: 8 3223340586 140724605399056
[2026-09-08 16:56:28][warning][3757134] Calling original ioctl: 8 3224389163 140724605401152
[2026-09-08 16:56:28][warning][3757134] Calling original ioctl: 8 3223340586 140724605396736
[2026-09-08 16:56:28][warning][3757134] Calling original ioctl: 8 3224913486 140724605401280
[2026-09-08 16:56:28][warning][3757134] Calling original ioctl: 8 3224389163 140724605403008
[2026-09-08 16:56:28][warning][3757134] Calling original ioctl: 8 3223340586 140724605399040
[2026-09-08 16:56:28][warning][3757134] Calling original ioctl: 8 3224389163 140724605403296
[2026-09-08 16:56:28][warning][3757134] Calling original ioctl: 8 3223340586 140724605398976
[2026-09-08 16:56:28][warning][3757134] Calling original ioctl: 8 3223340586 140724605399056
[2026-09-08 16:56:28][warning][3757134] Calling original ioctl: 9 27 140724605404976
[2026-09-08 16:56:28][warning][3757134] Calling original ioctl: 9 27 140724605404976
[2026-09-08 16:56:28][warning][3757134] Calling original ioctl: 9 27 140724605404976
[2026-09-08 16:56:28][warning][3757134] Calling original ioctl: 9 27 140724605404976
[2026-09-08 16:56:28][warning][3757134] Calling original ioctl: 8 3223340586 140724605400640
[2026-09-08 16:56:28][warning][3757134] Calling original ioctl: 21 3221505737 140724605404736
[2026-09-08 16:56:28][warning][3757134] Calling original ioctl: 21 3222292174 140724605404720
[2026-09-08 16:56:28][warning][3757134] Calling original ioctl: 21 3224389163 140724605404704
[2026-09-08 16:56:28][warning][3757134] Calling original ioctl: 8 3224389163 140724605402176
[2026-09-08 16:56:28][warning][3757134] Calling original ioctl: 8 3223340586 140724605397760
[2026-09-08 16:56:28][warning][3757134] Calling original ioctl: 8 3224913486 140724605402304
[2026-09-08 16:56:28][warning][3757134] Calling original ioctl: 9 73 140724605401360
[2026-09-08 16:56:28][warning][3757134] Calling original ioctl: 9 33 140724605392128
[2026-09-08 16:56:28][warning][3757134] Calling original ioctl: 8 3224389163 140724605402480
[2026-09-08 16:56:28][warning][3757134] Calling original ioctl: 9 73 140724605401664
[2026-09-08 16:56:28][warning][3757134] Calling original ioctl: 9 33 140724605392432
[2026-09-08 16:56:28][warning][3757134] Calling original ioctl: 9 68 140724605391824
[2026-09-08 16:56:28][warning][3757134] Calling original ioctl: 9 72 140724605400928
[2026-09-08 16:56:28][warning][3757134] Calling original ioctl: 9 23 140724605405280
[2026-09-08 16:56:28][warning][3757134] Calling original ioctl: 9 23 140724605405280
[2026-09-08 16:56:28][warning][3757134] Calling original ioctl: 9 23 140724605405280
[2026-09-08 16:56:28][warning][3757134] Calling original ioctl: 9 23 140724605405280
[2026-09-08 16:56:28][warning][3757134] Calling original ioctl: 8 3224389163 140724605402480
[2026-09-08 16:56:28][warning][3757134] Calling original ioctl: 9 73 140724605401664
[2026-09-08 16:56:28][warning][3757134] Calling original ioctl: 9 33 140724605392432
[2026-09-08 16:56:28][warning][3757134] Calling original ioctl: 9 23 140724605405280
[2026-09-08 16:56:28][warning][3757134] Calling original ioctl: 9 23 140724605405280
[2026-09-08 16:56:28][warning][3757134] Calling original ioctl: 9 23 140724605405280
[2026-09-08 16:56:28][warning][3757134] Calling original ioctl: 8 3224389163 140724605401904
[2026-09-08 16:56:28][warning][3757134] Calling original ioctl: 8 3223340586 140724605397488
[2026-09-08 16:56:28][warning][3757134] Calling original ioctl: 8 3224913486 140724605402032
[2026-09-08 16:56:28][warning][3757134] Calling original ioctl: 9 73 140724605401088
[2026-09-08 16:56:28][warning][3757134] Calling original ioctl: 9 33 140724605391856
[2026-09-08 16:56:28][warning][3757134] Calling original ioctl: 12 3224913447 140724605401888
[2026-09-08 16:56:28][warning][3757134] Calling original ioctl: 9 73 140724605401088
[2026-09-08 16:56:28][warning][3757134] Calling original ioctl: 9 33 140724605391856
[2026-09-08 16:56:28][warning][3757134] Calling original ioctl: 8 3224389163 140724605402768
[2026-09-08 16:56:28][warning][3757134] Calling original ioctl: 9 73 140724605401952
[2026-09-08 16:56:28][warning][3757134] Calling original ioctl: 9 33 140724605392720
[2026-09-08 16:56:28][warning][3757134] Calling original ioctl: 12 3224913447 140724605402144
[2026-09-08 16:56:28][warning][3757134] Calling original ioctl: 9 73 140724605401344
[2026-09-08 16:56:28][warning][3757134] Calling original ioctl: 9 33 140724605392112
[2026-09-08 16:56:28][warning][3757134] Calling original ioctl: 8 3224389163 140724605402160
[2026-09-08 16:56:28][warning][3757134] Calling original ioctl: 9 73 140724605401344
[2026-09-08 16:56:28][warning][3757134] Calling original ioctl: 9 33 140724605392112
[2026-09-08 16:56:28][warning][3757134] Calling original ioctl: 9 65 140724605402432
[2026-09-08 16:56:28][warning][3757134] Calling original ioctl: 12 3224913447 140724605403248
[2026-09-08 16:56:28][warning][3757134] Calling original ioctl: 9 73 140724605402448
[2026-09-08 16:56:28][warning][3757134] Calling original ioctl: 9 33 140724605393216
[2026-09-08 16:56:28][warning][3757134] Calling original ioctl: 8 3224389163 140724605403264
[2026-09-08 16:56:28][warning][3757134] Calling original ioctl: 9 73 140724605402448
[2026-09-08 16:56:28][warning][3757134] Calling original ioctl: 9 33 140724605393216
[2026-09-08 16:56:28][warning][3757134] Calling original ioctl: 8 3224389163 140724605402832
[2026-09-08 16:56:28][warning][3757134] Calling original ioctl: 8 3223340586 140724605398416
[2026-09-08 16:56:28][warning][3757134] Calling original ioctl: 8 3224913486 140724605402960
[2026-09-08 16:56:28][warning][3757134] Calling original ioctl: 9 73 140724605402016
[2026-09-08 16:56:28][warning][3757134] Calling original ioctl: 9 33 140724605392784
[2026-09-08 16:56:28][warning][3757134] Calling original ioctl: 8 3224389163 140724605400544
[2026-09-08 16:56:28][warning][3757134] Calling original ioctl: 9 73 140724605399728
[2026-09-08 16:56:28][warning][3757134] Calling original ioctl: 9 33 140724605390496
[2026-09-08 16:56:28][warning][3757134] Calling original ioctl: 8 3224389163 140724605400464
[2026-09-08 16:56:28][warning][3757134] Calling original ioctl: 9 73 140724605399648
[2026-09-08 16:56:28][warning][3757134] Calling original ioctl: 9 33 140724605390416
[2026-09-08 16:56:28][warning][3757134] Calling original ioctl: 8 3224389163 140724605400464
[2026-09-08 16:56:28][warning][3757134] Calling original ioctl: 9 73 140724605399648
[2026-09-08 16:56:28][warning][3757134] Calling original ioctl: 9 33 140724605390416
[2026-09-08 16:56:28][warning][3757134] Calling original ioctl: 12 3224913447 140724605402800
[2026-09-08 16:56:28][warning][3757134] Calling original ioctl: 9 73 140724605402000
[2026-09-08 16:56:28][warning][3757134] Calling original ioctl: 9 33 140724605392768
[2026-09-08 16:56:28][warning][3757134] Calling original ioctl: 8 3224389163 140724605405408
[2026-09-08 16:56:28][warning][3757134] Calling original ioctl: 8 3224389163 140724605402304
[2026-09-08 16:56:28][warning][3757134] Calling original ioctl: 8 3223340586 140724605397888
[2026-09-08 16:56:28][warning][3757134] Calling original ioctl: 8 3224913486 140724605402432
[2026-09-08 16:56:28][warning][3757134] Calling original ioctl: 9 73 140724605401488
[2026-09-08 16:56:28][warning][3757134] Calling original ioctl: 9 33 140724605392256
[2026-09-08 16:56:28][warning][3757134] Calling original ioctl: 8 3224389163 140724605402624
[2026-09-08 16:56:28][warning][3757134] Calling original ioctl: 9 73 140724605401808
[2026-09-08 16:56:28][warning][3757134] Calling original ioctl: 9 33 140724605392576
[2026-09-08 16:56:28][warning][3757134] Calling original ioctl: 8 3224389163 140724605402624
[2026-09-08 16:56:28][warning][3757134] Calling original ioctl: 9 73 140724605401808
[2026-09-08 16:56:28][warning][3757134] Calling original ioctl: 9 33 140724605392576
[2026-09-08 16:56:28][warning][3757134] Calling original ioctl: 24 3221505737 140724605405072
[2026-09-08 16:56:28][warning][3757134] Calling original ioctl: 24 3222292174 140724605405056
[2026-09-08 16:56:28][warning][3757134] Calling original ioctl: 24 3224389163 140724605405040
[2026-09-08 16:56:28][warning][3757134] Calling original ioctl: 26 3221505737 140724605405072
[2026-09-08 16:56:28][warning][3757134] Calling original ioctl: 26 3222292174 140724605405056
[2026-09-08 16:56:28][warning][3757134] Calling original ioctl: 26 3224389163 140724605405040
[2026-09-08 16:56:28][warning][3757134] Calling original ioctl: 28 3221505737 140724605405072
[2026-09-08 16:56:28][warning][3757134] Calling original ioctl: 28 3222292174 140724605405056
[2026-09-08 16:56:28][warning][3757134] Calling original ioctl: 28 3224389163 140724605405040
[2026-09-08 16:56:28][warning][3757134] Calling original ioctl: 30 3221505737 140724605405072
[2026-09-08 16:56:28][warning][3757134] Calling original ioctl: 30 3222292174 140724605405056
[2026-09-08 16:56:28][warning][3757134] Calling original ioctl: 30 3224389163 140724605405040
[2026-09-08 16:56:28][warning][3757134] Calling original ioctl: 8 3223340586 140724605400784
[2026-09-08 16:56:28][warning][3757134] Calling original ioctl: 8 3223340586 140724605400960
[2026-09-08 16:56:28][warning][3757134] Calling original ioctl: 8 3223340586 140724605401120
[2026-09-08 16:56:28][warning][3757134] Calling original ioctl: 8 3224389163 140724605402592
[2026-09-08 16:56:28][warning][3757134] Calling original ioctl: 9 73 140724605401776
[2026-09-08 16:56:28][warning][3757134] Calling original ioctl: 9 33 140724605392544
[2026-09-08 16:56:28][warning][3757134] Calling original ioctl: 8 3223340586 140724605401120
libbpf: loading object 'full_record_device_buffer_bpf' from buffer
libbpf: elf: section(2) .symtab, size 240, link 1, flags 0, type=2
libbpf: elf: section(3) kretprobe/_Z9rope_normILb1ELb0Ef6__halfEvPKT1_PT2_iiiiiPKifff14rope_corr_dimsfPKfPKli, size 1152, link 0, flags 6, type=1
libbpf: sec 'kretprobe/_Z9rope_normILb1ELb0Ef6__halfEvPKT1_PT2_iiiiiPKifff14rope_corr_dimsfPKfPKli': found program 'cuda__retprobe' at insn offset 0 (0 bytes), code size 144 insns (1152 bytes)
libbpf: elf: section(4) .maps, size 32, link 0, flags 3, type=1
libbpf: elf: section(5) license, size 4, link 0, flags 3, type=1
libbpf: license of full_record_device_buffer_bpf is GPL
libbpf: elf: section(6) .relkretprobe/_Z9rope_normILb1ELb0Ef6__halfEvPKT1_PT2_iiiiiPKifff14rope_corr_dimsfPKfPKli, size 32, link 2, flags 40, type=9
libbpf: elf: section(7) .BTF, size 2852, link 0, flags 0, type=1
libbpf: elf: section(8) .BTF.ext, size 1200, link 0, flags 0, type=1
libbpf: looking for externs among 10 symbols...
libbpf: collected 0 externs total
libbpf: map 'arena': at sec_idx 4, offset 0.
libbpf: map 'arena': found type = 1503.
libbpf: map 'arena': found key [8], sz = 4.
libbpf: map 'arena': found value [12], sz = 335675408.
libbpf: map 'arena': found max_entries = 32.
libbpf: sec '.relkretprobe/_Z9rope_normILb1ELb0Ef6__halfEvPKT1_PT2_iiiiiPKifff14rope_corr_dimsfPKfPKli': collecting relocation for section(3) 'kretprobe/_Z9rope_normILb1ELb0Ef6__halfEvPKT1_PT2_iiiiiPKifff14rope_corr_dimsfPKfPKli'
libbpf: sec '.relkretprobe/_Z9rope_normILb1ELb0Ef6__halfEvPKT1_PT2_iiiiiPKifff14rope_corr_dimsfPKfPKli': relo #0: insn #71 against 'arena'
libbpf: prog 'cuda__retprobe': found map 0 (arena, sec 4, off 0) for insn #71
libbpf: sec '.relkretprobe/_Z9rope_normILb1ELb0Ef6__halfEvPKT1_PT2_iiiiiPKifff14rope_corr_dimsfPKfPKli': relo #1: insn #85 against 'arena'
libbpf: prog 'cuda__retprobe': found map 0 (arena, sec 4, off 0) for insn #85
libbpf: object 'full_record_dev': failed (-EACCES) to open BPF FS mount at '/sys/fs/bpf', skipping optional step...
libbpf: Kernel doesn't support BTF, skipping uploading it.
libbpf: map 'arena': created successfully, fd=34
Full-record bank count: 32
Full-record slots per bank: 16384
Full-record total slots: 524288
Full-record records per slot: 256
Full-record record bytes: 80
Full-record layout: field-major SoA
Full-record value bytes (per bank): 335675408
Full-record probe attached; waiting for SIGINT
[2026-09-08 16:56:43][warning][3757167] Calling original ioctl: 8 3223340586 123369084130928
[2026-09-08 16:57:28][warning][3757134] Calling original ioctl: 8 3223340586 140724605395872
Full-record drain bytes: 10741613056
Full-record drain time ns: 1469697314
Full-record committed records: 23068672
Full-record active slots: 524288
Full-record overflow records: 0
Full-record out-of-range threads: 0
Full-record nonzero timestamps: 23068672
[2026-09-08 16:57:30][warning][3757134] Calling original ioctl: 9 34 140724605405872
[2026-09-08 16:57:30][warning][3757134] Calling original ioctl: 8 3222292009 140724605406032
[2026-09-08 16:57:30][warning][3757134] Calling original ioctl: 9 34 140724605406720
[2026-09-08 16:57:30][warning][3757134] Calling original ioctl: 8 3222292009 140724605406880
[2026-09-08 16:57:30][warning][3757134] Calling original ioctl: 9 34 140724605406720
[2026-09-08 16:57:30][warning][3757134] Calling original ioctl: 8 3222292009 140724605406880
[2026-09-08 16:57:30][warning][3757134] Calling original ioctl: 8 3222292009 140724605407600
[2026-09-08 16:57:30][warning][3757134] Calling original ioctl: 26 3222292175 140724605407616
[2026-09-08 16:57:30][warning][3757134] Calling original ioctl: 8 3222292009 140724605407600
[2026-09-08 16:57:30][warning][3757134] Calling original ioctl: 28 3222292175 140724605407616
[2026-09-08 16:57:30][warning][3757134] Calling original ioctl: 8 3222292009 140724605407600
[2026-09-08 16:57:30][warning][3757134] Calling original ioctl: 24 3222292175 140724605407616
[2026-09-08 16:57:30][warning][3757134] Calling original ioctl: 8 3222292009 140724605407600
[2026-09-08 16:57:30][warning][3757134] Calling original ioctl: 30 3222292175 140724605407616
[2026-09-08 16:57:30][warning][3757134] Calling original ioctl: 9 34 140724605406624
[2026-09-08 16:57:30][warning][3757134] Calling original ioctl: 8 3222292009 140724605406784
[2026-09-08 16:57:30][warning][3757134] Calling original ioctl: 9 34 140724605406624
[2026-09-08 16:57:30][warning][3757134] Calling original ioctl: 8 3222292009 140724605406784
[2026-09-08 16:57:30][warning][3757134] Calling original ioctl: 9 34 140724605406752
[2026-09-08 16:57:30][warning][3757134] Calling original ioctl: 8 3223340623 140724605406960
[2026-09-08 16:57:30][warning][3757134] Calling original ioctl: 8 3222292009 140724605406912
[2026-09-08 16:57:30][warning][3757134] Calling original ioctl: 8 3222292009 140724605407680
[2026-09-08 16:57:30][warning][3757134] Calling original ioctl: 9 34 140724605406736
[2026-09-08 16:57:30][warning][3757134] Calling original ioctl: 8 3222292009 140724605406896
[2026-09-08 16:57:30][warning][3757134] Calling original ioctl: 9 34 140724605406736
[2026-09-08 16:57:30][warning][3757134] Calling original ioctl: 8 3223340623 140724605406944
[2026-09-08 16:57:30][warning][3757134] Calling original ioctl: 8 3222292009 140724605406896
[2026-09-08 16:57:30][warning][3757134] Calling original ioctl: 8 3223340586 140724605402608
[2026-09-08 16:57:30][warning][3757134] Calling original ioctl: 9 34 140724605406560
[2026-09-08 16:57:30][warning][3757134] Calling original ioctl: 8 3222292009 140724605406720
[2026-09-08 16:57:30][warning][3757134] Calling original ioctl: 8 3223340586 140724605402608
[2026-09-08 16:57:30][warning][3757134] Calling original ioctl: 9 34 140724605406560
[2026-09-08 16:57:30][warning][3757134] Calling original ioctl: 8 3222292009 140724605406720
[2026-09-08 16:57:30][warning][3757134] Calling original ioctl: 8 3223340586 140724605402608
[2026-09-08 16:57:30][warning][3757134] Calling original ioctl: 9 34 140724605406560
[2026-09-08 16:57:30][warning][3757134] Calling original ioctl: 8 3222292009 140724605406720
[2026-09-08 16:57:30][warning][3757134] Calling original ioctl: 8 3223340586 140724605403504
[2026-09-08 16:57:30][warning][3757134] Calling original ioctl: 9 34 140724605406784
[2026-09-08 16:57:30][warning][3757134] Calling original ioctl: 9 34 140724605406784
[2026-09-08 16:57:30][warning][3757134] Calling original ioctl: 8 3222292009 140724605406944
[2026-09-08 16:57:30][warning][3757134] Calling original ioctl: 9 34 140724605406784
[2026-09-08 16:57:30][warning][3757134] Calling original ioctl: 8 3222292009 140724605406944
[2026-09-08 16:57:30][warning][3757134] Calling original ioctl: 9 34 140724605406736
[2026-09-08 16:57:30][warning][3757134] Calling original ioctl: 8 3223340623 140724605406944
[2026-09-08 16:57:30][warning][3757134] Calling original ioctl: 8 3222292009 140724605406896
[2026-09-08 16:57:30][warning][3757134] Calling original ioctl: 9 24 140724605407776
[2026-09-08 16:57:30][warning][3757134] Calling original ioctl: 9 24 140724605407776
[2026-09-08 16:57:30][warning][3757134] Calling original ioctl: 9 24 140724605407808
[2026-09-08 16:57:30][warning][3757134] Calling original ioctl: 9 24 140724605407776
[2026-09-08 16:57:30][warning][3757134] Calling original ioctl: 9 24 140724605407776
[2026-09-08 16:57:30][warning][3757134] Calling original ioctl: 9 24 140724605407776
[2026-09-08 16:57:30][warning][3757134] Calling original ioctl: 9 24 140724605407776
[2026-09-08 16:57:30][warning][3757134] Calling original ioctl: 9 34 140724605406672
[2026-09-08 16:57:30][warning][3757134] Calling original ioctl: 8 3222292009 140724605406832
[2026-09-08 16:57:30][warning][3757134] Calling original ioctl: 9 34 140724605406672
[2026-09-08 16:57:30][warning][3757134] Calling original ioctl: 8 3222292009 140724605406832
[2026-09-08 16:57:30][warning][3757134] Calling original ioctl: 9 34 140724605406784
[2026-09-08 16:57:30][warning][3757134] Calling original ioctl: 8 3222292009 140724605406944
[2026-09-08 16:57:30][warning][3757134] Calling original ioctl: 8 3222292009 140724605407520
[2026-09-08 16:57:30][warning][3757134] Calling original ioctl: 17 3222292175 140724605407536
[2026-09-08 16:57:30][warning][3757134] Calling original ioctl: 9 28 140724605407648
[2026-09-08 16:57:30][warning][3757134] Calling original ioctl: 9 28 140724605407648
[2026-09-08 16:57:30][warning][3757134] Calling original ioctl: 9 28 140724605407648
[2026-09-08 16:57:30][warning][3757134] Calling original ioctl: 9 28 140724605407648
[2026-09-08 16:57:30][warning][3757134] Calling original ioctl: 9 28 140724605407648
[2026-09-08 16:57:30][warning][3757134] Calling original ioctl: 9 28 140724605407648
[2026-09-08 16:57:30][warning][3757134] Calling original ioctl: 9 28 140724605407648
[2026-09-08 16:57:30][warning][3757134] Calling original ioctl: 9 28 140724605407648
[2026-09-08 16:57:30][warning][3757134] Calling original ioctl: 8 3222292009 140724605407408
[2026-09-08 16:57:30][warning][3757134] Calling original ioctl: 8 3222292009 140724605407408
[2026-09-08 16:57:30][warning][3757134] Calling original ioctl: 8 3222292009 140724605407456
[2026-09-08 16:57:30][warning][3757134] Calling original ioctl: 8 3223340623 140724605406720
[2026-09-08 16:57:30][warning][3757134] Calling original ioctl: 8 3222292009 140724605406672
[2026-09-08 16:57:30][warning][3757134] Calling original ioctl: 8 3222292009 140724605407408
[2026-09-08 16:57:30][warning][3757134] Calling original ioctl: 8 3222292009 140724605407456
[2026-09-08 16:57:30][warning][3757134] Calling original ioctl: 8 3223340623 140724605406720
[2026-09-08 16:57:30][warning][3757134] Calling original ioctl: 8 3222292009 140724605406672
[2026-09-08 16:57:30][warning][3757134] Calling original ioctl: 8 3222292009 140724605407408
[2026-09-08 16:57:30][warning][3757134] Calling original ioctl: 8 3222292009 140724605407408
[2026-09-08 16:57:30][warning][3757134] Calling original ioctl: 8 3222292009 140724605407456
[2026-09-08 16:57:30][warning][3757134] Calling original ioctl: 8 3223340623 140724605406720
[2026-09-08 16:57:30][warning][3757134] Calling original ioctl: 8 3222292009 140724605406672
[2026-09-08 16:57:30][warning][3757134] Calling original ioctl: 8 3222292009 140724605407408
[2026-09-08 16:57:30][warning][3757134] Calling original ioctl: 8 3222292009 140724605407456
[2026-09-08 16:57:30][warning][3757134] Calling original ioctl: 8 3223340623 140724605406720
[2026-09-08 16:57:30][warning][3757134] Calling original ioctl: 8 3222292009 140724605406672
[2026-09-08 16:57:30][warning][3757134] Calling original ioctl: 8 3222292009 140724605407408
[2026-09-08 16:57:30][warning][3757134] Calling original ioctl: 8 3222292009 140724605407408
[2026-09-08 16:57:30][warning][3757134] Calling original ioctl: 8 3222292009 140724605407456
[2026-09-08 16:57:30][warning][3757134] Calling original ioctl: 8 3223340623 140724605406720
[2026-09-08 16:57:30][warning][3757134] Calling original ioctl: 8 3222292009 140724605406672
[2026-09-08 16:57:30][warning][3757134] Calling original ioctl: 8 3222292009 140724605407408
[2026-09-08 16:57:30][warning][3757134] Calling original ioctl: 8 3222292009 140724605407456
[2026-09-08 16:57:30][warning][3757134] Calling original ioctl: 8 3223340623 140724605406720
[2026-09-08 16:57:30][warning][3757134] Calling original ioctl: 8 3222292009 140724605406672
[2026-09-08 16:57:30][warning][3757134] Calling original ioctl: 8 3222292009 140724605407408
[2026-09-08 16:57:30][warning][3757134] Calling original ioctl: 8 3222292009 140724605407408
[2026-09-08 16:57:30][warning][3757134] Calling original ioctl: 8 3222292009 140724605407456
[2026-09-08 16:57:30][warning][3757134] Calling original ioctl: 8 3223340623 140724605406720
[2026-09-08 16:57:30][warning][3757134] Calling original ioctl: 8 3222292009 140724605406672
[2026-09-08 16:57:30][warning][3757134] Calling original ioctl: 8 3222292009 140724605407408
[2026-09-08 16:57:30][warning][3757134] Calling original ioctl: 8 3222292009 140724605407456
[2026-09-08 16:57:30][warning][3757134] Calling original ioctl: 8 3223340623 140724605406720
[2026-09-08 16:57:30][warning][3757134] Calling original ioctl: 8 3222292009 140724605406672
[2026-09-08 16:57:30][warning][3757134] Calling original ioctl: 8 3222292009 140724605407584
[2026-09-08 16:57:30][warning][3757134] Calling original ioctl: 8 3222292009 140724605407552
[2026-09-08 16:57:30][warning][3757134] Calling original ioctl: 8 3222292009 140724605407520
[2026-09-08 16:57:30][warning][3757134] Calling original ioctl: 19 3222292175 140724605407536
[2026-09-08 16:57:30][warning][3757134] Calling original ioctl: 9 28 140724605407648
[2026-09-08 16:57:30][warning][3757134] Calling original ioctl: 9 28 140724605407648
[2026-09-08 16:57:30][warning][3757134] Calling original ioctl: 9 28 140724605407648
[2026-09-08 16:57:30][warning][3757134] Calling original ioctl: 9 28 140724605407648
[2026-09-08 16:57:30][warning][3757134] Calling original ioctl: 8 3222292009 140724605407408
[2026-09-08 16:57:30][warning][3757134] Calling original ioctl: 8 3222292009 140724605407456
[2026-09-08 16:57:30][warning][3757134] Calling original ioctl: 8 3223340623 140724605406720
[2026-09-08 16:57:30][warning][3757134] Calling original ioctl: 8 3222292009 140724605406672
[2026-09-08 16:57:30][warning][3757134] Calling original ioctl: 8 3222292009 140724605407408
[2026-09-08 16:57:30][warning][3757134] Calling original ioctl: 8 3222292009 140724605407456
[2026-09-08 16:57:30][warning][3757134] Calling original ioctl: 8 3223340623 140724605406720
[2026-09-08 16:57:30][warning][3757134] Calling original ioctl: 8 3222292009 140724605406672
[2026-09-08 16:57:30][warning][3757134] Calling original ioctl: 8 3222292009 140724605407408
[2026-09-08 16:57:30][warning][3757134] Calling original ioctl: 8 3222292009 140724605407456
[2026-09-08 16:57:30][warning][3757134] Calling original ioctl: 8 3223340623 140724605406720
[2026-09-08 16:57:30][warning][3757134] Calling original ioctl: 8 3222292009 140724605406672
[2026-09-08 16:57:30][warning][3757134] Calling original ioctl: 8 3222292009 140724605407408
[2026-09-08 16:57:30][warning][3757134] Calling original ioctl: 8 3222292009 140724605407456
[2026-09-08 16:57:30][warning][3757134] Calling original ioctl: 8 3223340623 140724605406720
[2026-09-08 16:57:30][warning][3757134] Calling original ioctl: 8 3222292009 140724605406672
[2026-09-08 16:57:30][warning][3757134] Calling original ioctl: 8 3222292009 140724605407552
[2026-09-08 16:57:30][warning][3757134] Calling original ioctl: 8 3222292009 140724605407520
[2026-09-08 16:57:30][warning][3757134] Calling original ioctl: 21 3222292175 140724605407536
[2026-09-08 16:57:30][warning][3757134] Calling original ioctl: 9 28 140724605407648
[2026-09-08 16:57:30][warning][3757134] Calling original ioctl: 9 28 140724605407648
[2026-09-08 16:57:30][warning][3757134] Calling original ioctl: 9 28 140724605407648
[2026-09-08 16:57:30][warning][3757134] Calling original ioctl: 9 28 140724605407648
[2026-09-08 16:57:30][warning][3757134] Calling original ioctl: 8 3222292009 140724605407408
[2026-09-08 16:57:30][warning][3757134] Calling original ioctl: 8 3222292009 140724605407456
[2026-09-08 16:57:30][warning][3757134] Calling original ioctl: 8 3223340623 140724605406720
[2026-09-08 16:57:30][warning][3757134] Calling original ioctl: 8 3222292009 140724605406672
[2026-09-08 16:57:30][warning][3757134] Calling original ioctl: 8 3222292009 140724605407408
[2026-09-08 16:57:30][warning][3757134] Calling original ioctl: 8 3222292009 140724605407456
[2026-09-08 16:57:30][warning][3757134] Calling original ioctl: 8 3223340623 140724605406720
[2026-09-08 16:57:30][warning][3757134] Calling original ioctl: 8 3222292009 140724605406672
[2026-09-08 16:57:30][warning][3757134] Calling original ioctl: 8 3222292009 140724605407408
[2026-09-08 16:57:30][warning][3757134] Calling original ioctl: 8 3222292009 140724605407456
[2026-09-08 16:57:30][warning][3757134] Calling original ioctl: 8 3223340623 140724605406720
[2026-09-08 16:57:30][warning][3757134] Calling original ioctl: 8 3222292009 140724605406672
[2026-09-08 16:57:30][warning][3757134] Calling original ioctl: 8 3222292009 140724605407408
[2026-09-08 16:57:30][warning][3757134] Calling original ioctl: 8 3222292009 140724605407456
[2026-09-08 16:57:30][warning][3757134] Calling original ioctl: 8 3223340623 140724605406720
[2026-09-08 16:57:30][warning][3757134] Calling original ioctl: 8 3222292009 140724605406672
[2026-09-08 16:57:30][warning][3757134] Calling original ioctl: 9 34 140724605406480
[2026-09-08 16:57:30][warning][3757134] Calling original ioctl: 8 3223340623 140724605406688
[2026-09-08 16:57:30][warning][3757134] Calling original ioctl: 8 3222292009 140724605406640
[2026-09-08 16:57:30][warning][3757134] Calling original ioctl: 9 34 140724605406480
[2026-09-08 16:57:30][warning][3757134] Calling original ioctl: 8 3223340623 140724605406688
[2026-09-08 16:57:30][warning][3757134] Calling original ioctl: 8 3222292009 140724605406640
[2026-09-08 16:57:30][warning][3757134] Calling original ioctl: 8 3222292009 140724605407552
[2026-09-08 16:57:30][warning][3757134] Calling original ioctl: 9 34 140724605406784
[2026-09-08 16:57:30][warning][3757134] Calling original ioctl: 8 3222292009 140724605406944
[2026-09-08 16:57:30][warning][3757134] Calling original ioctl: 9 34 140724605406688
[2026-09-08 16:57:30][warning][3757134] Calling original ioctl: 8 3222292009 140724605406848
[2026-09-08 16:57:30][warning][3757134] Calling original ioctl: 9 34 140724605406784
[2026-09-08 16:57:30][warning][3757134] Calling original ioctl: 8 3222292009 140724605406944
[2026-09-08 16:57:30][warning][3757134] Calling original ioctl: 9 34 140724605406736
[2026-09-08 16:57:30][warning][3757134] Calling original ioctl: 8 3222292009 140724605406896
[2026-09-08 16:57:30][warning][3757134] Calling original ioctl: 9 34 140724605406720
[2026-09-08 16:57:30][warning][3757134] Calling original ioctl: 8 3223340623 140724605406928
[2026-09-08 16:57:30][warning][3757134] Calling original ioctl: 8 3222292009 140724605406880
[2026-09-08 16:57:30][warning][3757134] Calling original ioctl: 9 34 140724605406720
[2026-09-08 16:57:30][warning][3757134] Calling original ioctl: 8 3223340623 140724605406928
[2026-09-08 16:57:30][warning][3757134] Calling original ioctl: 8 3222292009 140724605406880
[2026-09-08 16:57:30][warning][3757134] Calling original ioctl: 9 34 140724605406736
[2026-09-08 16:57:30][warning][3757134] Calling original ioctl: 8 3222292009 140724605406896
[2026-09-08 16:57:30][warning][3757134] Calling original ioctl: 9 34 140724605406736
[2026-09-08 16:57:30][warning][3757134] Calling original ioctl: 8 3222292009 140724605406896
[2026-09-08 16:57:30][warning][3757134] Calling original ioctl: 9 34 140724605406896
[2026-09-08 16:57:30][warning][3757134] Calling original ioctl: 8 3223340586 140724605403488
