[2026-09-04 10:11:13][info][2761326] Setting BPFTIME_SHM_MEMORY_MB to: 256
[2026-09-04 10:11:13][info][2761326] Setting BPFTIME_MAX_FD_COUNT to: 1024
[2026-09-04 10:11:13][warning][2761326] BPFTIME_VERIFIER_LEVEL=WARNING was requested, but this bpftime build was compiled with ENABLE_EBPF_VERIFIER=OFF; continuing without userspace verification.
[2026-09-04 10:11:13][info][2761326] Verifier mode: WARNING
[2026-09-04 10:11:13][info][2761326] Init bpftime syscall mocking..
[2026-09-04 10:11:13][info][2761326] The log will be written to: console
[2026-09-04 10:11:13][info][2761326] Starting syscall server..
[2026-09-04 10:11:13][info][2761326] Setting BPFTIME_SHM_MEMORY_MB to: 256
[2026-09-04 10:11:13][info][2761326] Setting BPFTIME_MAX_FD_COUNT to: 1024
[2026-09-04 10:11:13][warning][2761326] BPFTIME_VERIFIER_LEVEL=WARNING was requested, but this bpftime build was compiled with ENABLE_EBPF_VERIFIER=OFF; continuing without userspace verification.
[2026-09-04 10:11:13][info][2761326] Verifier mode: WARNING
[2026-09-04 10:11:13][info][2761326] Initialize syscall server
[2026-09-04 10:11:13][info][2761326] Setting BPFTIME_SHM_MEMORY_MB to: 256
[2026-09-04 10:11:13][info][2761326] Setting BPFTIME_MAX_FD_COUNT to: 1024
[2026-09-04 10:11:13][warning][2761326] BPFTIME_VERIFIER_LEVEL=WARNING was requested, but this bpftime build was compiled with ENABLE_EBPF_VERIFIER=OFF; continuing without userspace verification.
[2026-09-04 10:11:13][info][2761326] Verifier mode: WARNING
[2026-09-04 10:11:13][info][2761326] Global shm constructed. shm_open_type 3 for fig15_map_2759420_115618805737821
[2026-09-04 10:11:13][info][2761326] Global shm initialized
[2026-09-04 10:11:13][info][2761326] Initializing CUDA at syscall-server side
[2026-09-04 10:11:13][info][2761326] CUDA initialized at syscall server side
[2026-09-04 10:11:13][info][2761326] bpftime-syscall-server started
[2026-09-04 10:11:13][info][2761326] syscall server: Set enable_mock_after_initialized to false
[2026-09-04 10:11:13][info][2761326] CUDA context for thread 2761326 has been set to 64c65bfa8130
[2026-09-04 10:11:13][info][2761326] Map device_values (nv_gpu_shared_array_map_impl) shared array
[2026-09-04 10:11:13][info][2761326] Initializing map type of BPF_MAP_TYPE_GPU_ARRAY_MAP (device), total_buffer_size=256
[2026-09-04 10:11:13][info][2761326] syscall server: Set enable_mock_after_initialized to true
[2026-09-04 10:11:13][info][2761326] Map host_values (nv_gpu_shared_array_host_map_impl) shared array
[2026-09-04 10:11:13][info][2761326] Initializing map type of BPF_MAP_TYPE_GPU_ARRAY_HOST_MAP (shared mem), value_size=8, max_entries=32, total_buffer_size=256
[2026-09-04 10:11:13][info][2761326] Allocated shared memory buffer at 7abc75a2aa60
[2026-09-04 10:11:13][info][2761326] syscall server: Set enable_mock_after_initialized to false
[2026-09-04 10:11:13][info][2761326] CUDA context for thread 2761326 has been set to 64c65ced2830
[2026-09-04 10:11:13][info][2761326] Map observed_values (nv_gpu_shared_array_map_impl) shared array
[2026-09-04 10:11:13][info][2761326] Initializing map type of BPF_MAP_TYPE_GPU_ARRAY_MAP (device), total_buffer_size=256
[2026-09-04 10:11:13][info][2761326] syscall server: Set enable_mock_after_initialized to true
[2026-09-04 10:11:13][info][2761326] Created kprobe/kretprobe perf event handler, func_name fig15_map_kernel, addr 0
FIG15_READY	noop	1
FIG15_DETACHED	1
[2026-09-04 10:11:15][warning][2761326] Calling original ioctl: 10 34 140729644508304
[2026-09-04 10:11:15][warning][2761326] Calling original ioctl: 9 3222292009 140729644508464
[2026-09-04 10:11:15][warning][2761326] Calling original ioctl: 10 34 140729644508304
[2026-09-04 10:11:15][warning][2761326] Calling original ioctl: 9 3222292009 140729644508464
