make: Entering directory '/home/yunwei37/workspace/gpu/bpftime-auto-warp/example/gpu/full-record-soa-20260908.fpd5QL'
  MKDIR    .output-soa
  MKDIR    .output-soa/libbpf
  MKDIR    bpftool
  LIB      libbpf.a
  BPFTOOL  bpftool/bootstrap/bpftool
  MKDIR    /home/yunwei37/workspace/gpu/bpftime-auto-warp/example/gpu/full-record-soa-20260908.fpd5QL/.output-soa//libbpf/staticobjs
  INSTALL  bpf.h libbpf.h btf.h libbpf_common.h libbpf_legacy.h bpf_helpers.h bpf_helper_defs.h bpf_tracing.h bpf_endian.h bpf_core_read.h skel_internal.h libbpf_version.h usdt.bpf.h
  INSTALL  /home/yunwei37/workspace/gpu/bpftime-auto-warp/example/gpu/full-record-soa-20260908.fpd5QL/.output-soa//libbpf/libbpf.pc
  CC       /home/yunwei37/workspace/gpu/bpftime-auto-warp/example/gpu/full-record-soa-20260908.fpd5QL/.output-soa//libbpf/staticobjs/bpf.o
  CC       /home/yunwei37/workspace/gpu/bpftime-auto-warp/example/gpu/full-record-soa-20260908.fpd5QL/.output-soa//libbpf/staticobjs/btf.o
  CC       /home/yunwei37/workspace/gpu/bpftime-auto-warp/example/gpu/full-record-soa-20260908.fpd5QL/.output-soa//libbpf/staticobjs/libbpf.o
...                        libbfd: [ [32mon[m  ]
...               clang-bpf-co-re: [ [32mon[m  ]
...                          llvm: [ [32mon[m  ]
...                        libcap: [ [32mon[m  ]
  MKDIR    /home/yunwei37/workspace/gpu/bpftime-auto-warp/example/gpu/full-record-soa-20260908.fpd5QL/.output-soa/bpftool/bootstrap/libbpf/include/bpf
  MKDIR    /home/yunwei37/workspace/gpu/bpftime-auto-warp/example/gpu/full-record-soa-20260908.fpd5QL/.output-soa/bpftool/bootstrap/
  MKDIR    /home/yunwei37/workspace/gpu/bpftime-auto-warp/example/gpu/full-record-soa-20260908.fpd5QL/.output-soa/bpftool/bootstrap/libbpf/
  INSTALL  /home/yunwei37/workspace/gpu/bpftime-auto-warp/example/gpu/full-record-soa-20260908.fpd5QL/.output-soa/bpftool/bootstrap/libbpf/include/bpf/hashmap.h
  INSTALL  /home/yunwei37/workspace/gpu/bpftime-auto-warp/example/gpu/full-record-soa-20260908.fpd5QL/.output-soa/bpftool/bootstrap/libbpf/include/bpf/relo_core.h
  INSTALL  /home/yunwei37/workspace/gpu/bpftime-auto-warp/example/gpu/full-record-soa-20260908.fpd5QL/.output-soa/bpftool/bootstrap/libbpf/include/bpf/libbpf_internal.h
  MKDIR    /home/yunwei37/workspace/gpu/bpftime-auto-warp/example/gpu/full-record-soa-20260908.fpd5QL/.output-soa/bpftool/bootstrap/libbpf/staticobjs
  INSTALL  bpf.h libbpf.h btf.h libbpf_common.h libbpf_legacy.h bpf_helpers.h bpf_helper_defs.h bpf_tracing.h bpf_endian.h bpf_core_read.h skel_internal.h libbpf_version.h usdt.bpf.h
  CC       /home/yunwei37/workspace/gpu/bpftime-auto-warp/example/gpu/full-record-soa-20260908.fpd5QL/.output-soa/bpftool/bootstrap/libbpf/staticobjs/bpf.o
  CC       /home/yunwei37/workspace/gpu/bpftime-auto-warp/example/gpu/full-record-soa-20260908.fpd5QL/.output-soa/bpftool/bootstrap/libbpf/staticobjs/btf.o
  CC       /home/yunwei37/workspace/gpu/bpftime-auto-warp/example/gpu/full-record-soa-20260908.fpd5QL/.output-soa/bpftool/bootstrap/libbpf/staticobjs/libbpf.o
  CC       /home/yunwei37/workspace/gpu/bpftime-auto-warp/example/gpu/full-record-soa-20260908.fpd5QL/.output-soa//libbpf/staticobjs/libbpf_errno.o
  CC       /home/yunwei37/workspace/gpu/bpftime-auto-warp/example/gpu/full-record-soa-20260908.fpd5QL/.output-soa//libbpf/staticobjs/netlink.o
  CC       /home/yunwei37/workspace/gpu/bpftime-auto-warp/example/gpu/full-record-soa-20260908.fpd5QL/.output-soa//libbpf/staticobjs/nlattr.o
  CC       /home/yunwei37/workspace/gpu/bpftime-auto-warp/example/gpu/full-record-soa-20260908.fpd5QL/.output-soa//libbpf/staticobjs/str_error.o
  CC       /home/yunwei37/workspace/gpu/bpftime-auto-warp/example/gpu/full-record-soa-20260908.fpd5QL/.output-soa//libbpf/staticobjs/libbpf_probes.o
  CC       /home/yunwei37/workspace/gpu/bpftime-auto-warp/example/gpu/full-record-soa-20260908.fpd5QL/.output-soa//libbpf/staticobjs/bpf_prog_linfo.o
  CC       /home/yunwei37/workspace/gpu/bpftime-auto-warp/example/gpu/full-record-soa-20260908.fpd5QL/.output-soa//libbpf/staticobjs/btf_dump.o
  CC       /home/yunwei37/workspace/gpu/bpftime-auto-warp/example/gpu/full-record-soa-20260908.fpd5QL/.output-soa//libbpf/staticobjs/hashmap.o
  CC       /home/yunwei37/workspace/gpu/bpftime-auto-warp/example/gpu/full-record-soa-20260908.fpd5QL/.output-soa//libbpf/staticobjs/ringbuf.o
  CC       /home/yunwei37/workspace/gpu/bpftime-auto-warp/example/gpu/full-record-soa-20260908.fpd5QL/.output-soa//libbpf/staticobjs/strset.o
  CC       /home/yunwei37/workspace/gpu/bpftime-auto-warp/example/gpu/full-record-soa-20260908.fpd5QL/.output-soa//libbpf/staticobjs/linker.o
  CC       /home/yunwei37/workspace/gpu/bpftime-auto-warp/example/gpu/full-record-soa-20260908.fpd5QL/.output-soa/bpftool/bootstrap/libbpf/staticobjs/libbpf_errno.o
  CC       /home/yunwei37/workspace/gpu/bpftime-auto-warp/example/gpu/full-record-soa-20260908.fpd5QL/.output-soa/bpftool/bootstrap/libbpf/staticobjs/netlink.o
  CC       /home/yunwei37/workspace/gpu/bpftime-auto-warp/example/gpu/full-record-soa-20260908.fpd5QL/.output-soa/bpftool/bootstrap/libbpf/staticobjs/nlattr.o
  CC       /home/yunwei37/workspace/gpu/bpftime-auto-warp/example/gpu/full-record-soa-20260908.fpd5QL/.output-soa//libbpf/staticobjs/gen_loader.o
  CC       /home/yunwei37/workspace/gpu/bpftime-auto-warp/example/gpu/full-record-soa-20260908.fpd5QL/.output-soa/bpftool/bootstrap/libbpf/staticobjs/str_error.o
  CC       /home/yunwei37/workspace/gpu/bpftime-auto-warp/example/gpu/full-record-soa-20260908.fpd5QL/.output-soa/bpftool/bootstrap/libbpf/staticobjs/libbpf_probes.o
  CC       /home/yunwei37/workspace/gpu/bpftime-auto-warp/example/gpu/full-record-soa-20260908.fpd5QL/.output-soa//libbpf/staticobjs/relo_core.o
  CC       /home/yunwei37/workspace/gpu/bpftime-auto-warp/example/gpu/full-record-soa-20260908.fpd5QL/.output-soa/bpftool/bootstrap/libbpf/staticobjs/bpf_prog_linfo.o
  CC       /home/yunwei37/workspace/gpu/bpftime-auto-warp/example/gpu/full-record-soa-20260908.fpd5QL/.output-soa/bpftool/bootstrap/libbpf/staticobjs/btf_dump.o
  CC       /home/yunwei37/workspace/gpu/bpftime-auto-warp/example/gpu/full-record-soa-20260908.fpd5QL/.output-soa//libbpf/staticobjs/usdt.o
  CC       /home/yunwei37/workspace/gpu/bpftime-auto-warp/example/gpu/full-record-soa-20260908.fpd5QL/.output-soa//libbpf/staticobjs/zip.o
  CC       /home/yunwei37/workspace/gpu/bpftime-auto-warp/example/gpu/full-record-soa-20260908.fpd5QL/.output-soa/bpftool/bootstrap/libbpf/staticobjs/hashmap.o
  CC       /home/yunwei37/workspace/gpu/bpftime-auto-warp/example/gpu/full-record-soa-20260908.fpd5QL/.output-soa//libbpf/staticobjs/elf.o
  CC       /home/yunwei37/workspace/gpu/bpftime-auto-warp/example/gpu/full-record-soa-20260908.fpd5QL/.output-soa/bpftool/bootstrap/libbpf/staticobjs/ringbuf.o
  CC       /home/yunwei37/workspace/gpu/bpftime-auto-warp/example/gpu/full-record-soa-20260908.fpd5QL/.output-soa//libbpf/staticobjs/features.o
  CC       /home/yunwei37/workspace/gpu/bpftime-auto-warp/example/gpu/full-record-soa-20260908.fpd5QL/.output-soa/bpftool/bootstrap/libbpf/staticobjs/strset.o
  CC       /home/yunwei37/workspace/gpu/bpftime-auto-warp/example/gpu/full-record-soa-20260908.fpd5QL/.output-soa/bpftool/bootstrap/libbpf/staticobjs/linker.o
  CC       /home/yunwei37/workspace/gpu/bpftime-auto-warp/example/gpu/full-record-soa-20260908.fpd5QL/.output-soa//libbpf/staticobjs/btf_iter.o
  CC       /home/yunwei37/workspace/gpu/bpftime-auto-warp/example/gpu/full-record-soa-20260908.fpd5QL/.output-soa//libbpf/staticobjs/btf_relocate.o
  AR       /home/yunwei37/workspace/gpu/bpftime-auto-warp/example/gpu/full-record-soa-20260908.fpd5QL/.output-soa//libbpf/libbpf.a
  CC       /home/yunwei37/workspace/gpu/bpftime-auto-warp/example/gpu/full-record-soa-20260908.fpd5QL/.output-soa/bpftool/bootstrap/libbpf/staticobjs/gen_loader.o
  INSTALL  /home/yunwei37/workspace/gpu/bpftime-auto-warp/example/gpu/full-record-soa-20260908.fpd5QL/.output-soa//libbpf/libbpf.a 
  CC       /home/yunwei37/workspace/gpu/bpftime-auto-warp/example/gpu/full-record-soa-20260908.fpd5QL/.output-soa/bpftool/bootstrap/libbpf/staticobjs/relo_core.o
  CC       /home/yunwei37/workspace/gpu/bpftime-auto-warp/example/gpu/full-record-soa-20260908.fpd5QL/.output-soa/bpftool/bootstrap/libbpf/staticobjs/usdt.o
  CC       /home/yunwei37/workspace/gpu/bpftime-auto-warp/example/gpu/full-record-soa-20260908.fpd5QL/.output-soa/bpftool/bootstrap/libbpf/staticobjs/zip.o
  CC       /home/yunwei37/workspace/gpu/bpftime-auto-warp/example/gpu/full-record-soa-20260908.fpd5QL/.output-soa/bpftool/bootstrap/libbpf/staticobjs/elf.o
  CC       /home/yunwei37/workspace/gpu/bpftime-auto-warp/example/gpu/full-record-soa-20260908.fpd5QL/.output-soa/bpftool/bootstrap/libbpf/staticobjs/features.o
  CC       /home/yunwei37/workspace/gpu/bpftime-auto-warp/example/gpu/full-record-soa-20260908.fpd5QL/.output-soa/bpftool/bootstrap/libbpf/staticobjs/btf_iter.o
  CC       /home/yunwei37/workspace/gpu/bpftime-auto-warp/example/gpu/full-record-soa-20260908.fpd5QL/.output-soa/bpftool/bootstrap/libbpf/staticobjs/btf_relocate.o
  AR       /home/yunwei37/workspace/gpu/bpftime-auto-warp/example/gpu/full-record-soa-20260908.fpd5QL/.output-soa/bpftool/bootstrap/libbpf/libbpf.a
  CC       /home/yunwei37/workspace/gpu/bpftime-auto-warp/example/gpu/full-record-soa-20260908.fpd5QL/.output-soa/bpftool/bootstrap/main.o
  CC       /home/yunwei37/workspace/gpu/bpftime-auto-warp/example/gpu/full-record-soa-20260908.fpd5QL/.output-soa/bpftool/bootstrap/common.o
main.c:14:10: fatal error: bpf/hashmap.h: No such file or directory
   14 | #include <bpf/hashmap.h>
      |          ^~~~~~~~~~~~~~~
compilation terminated.
make[1]: *** [Makefile:250: /home/yunwei37/workspace/gpu/bpftime-auto-warp/example/gpu/full-record-soa-20260908.fpd5QL/.output-soa/bpftool/bootstrap/main.o] Error 1
make[1]: *** Waiting for unfinished jobs....
common.c:31:10: fatal error: bpf/hashmap.h: No such file or directory
   31 | #include <bpf/hashmap.h>
      |          ^~~~~~~~~~~~~~~
compilation terminated.
make[1]: *** [Makefile:250: /home/yunwei37/workspace/gpu/bpftime-auto-warp/example/gpu/full-record-soa-20260908.fpd5QL/.output-soa/bpftool/bootstrap/common.o] Error 1
make: *** [Makefile:75: /home/yunwei37/workspace/gpu/bpftime-auto-warp/example/gpu/full-record-soa-20260908.fpd5QL/.output-soa/bpftool/bootstrap/bpftool] Error 2
make: Leaving directory '/home/yunwei37/workspace/gpu/bpftime-auto-warp/example/gpu/full-record-soa-20260908.fpd5QL'
