[2026-09-03 20:54:23][info][1490244] Initialize syscall server
[2026-09-03 20:54:23][info][1490244] Setting BPFTIME_SHM_MEMORY_MB to: 8
[2026-09-03 20:54:23][info][1490244] Verifier mode: STRICT
[2026-09-03 20:54:23][debug][1490244] start: bpftime_shm for create or open setup for memory size 8
[2026-09-03 20:54:23][debug][1490244] mmap 0
[2026-09-03 20:54:23][debug][1490244] Closing fd 3
[2026-09-03 20:54:23][debug][1490244] done: bpftime_shm for server setup: manager
[2026-09-03 20:54:23][debug][1490244] done: bpftime_shm for server setup: syscall_pid_set
[2026-09-03 20:54:23][debug][1490244] done: bpftime_shm for open_or_create setup
[2026-09-03 20:54:23][info][1490244] Global shm constructed. shm_open_type 3 for gpubpf_loader_safety_1490212_1_strict-control
[2026-09-03 20:54:23][info][1490244] Global shm initialized
[2026-09-03 20:54:23][info][1490244] Enabling 43 helpers
[2026-09-03 20:54:23][debug][1490244] Set environment variable BPFTIME_USED
[2026-09-03 20:54:23][info][1490244] bpftime-syscall-server started
[2026-09-03 20:54:23][debug][1490244] Loading program `safe_stack` license `GPL` prog_type `1` attach_type 2325416848 map_type 1
[2026-09-03 20:54:23][debug][1490244] Verifying program safe_stack
[2026-09-03 20:54:23][debug][1490244] open /dev/null 0 3
[2026-09-03 20:54:23][debug][1490244] Calling mocked open
[2026-09-03 20:54:23][debug][1490244] Unmocked file path: /dev/null
[2026-09-03 20:54:23][debug][1490244] Set handler fd 3 to bpf_prog_handler, name safe_stack, prog_type 1, insn_cnt 3
[2026-09-03 20:54:23][debug][1490244] Handler at fd 3 set to type 3
[2026-09-03 20:54:23][debug][1490244] Loaded program `safe_stack` id=3
[2026-09-03 20:54:23][debug][1490244] munmap 7e6aab400000 8388608
