[2026-09-09 04:31:06][warning][540877] Calling original ioctl: 8 3223340586 140735935830336
[2026-09-09 04:31:06][warning][540877] Calling original ioctl: 8 3223340586 140735935830352
[2026-09-09 04:31:06][warning][540877] Calling original ioctl: 8 3223340586 140735935830400
[2026-09-09 04:31:06][warning][540877] Calling original ioctl: 9 25 140735935834720
[2026-09-09 04:31:06][warning][540877] Calling original ioctl: 8 3224389163 140735935831984
[2026-09-09 04:31:06][warning][540877] Calling original ioctl: 9 73 140735935831168
[2026-09-09 04:31:06][warning][540877] Calling original ioctl: 9 33 140735935821936
[2026-09-09 04:31:06][warning][540877] Calling original ioctl: 8 3224389163 140735935831664
[2026-09-09 04:31:06][warning][540877] Calling original ioctl: 9 73 140735935830848
[2026-09-09 04:31:06][warning][540877] Calling original ioctl: 9 33 140735935821616
[2026-09-09 04:31:06][warning][540877] Calling original ioctl: 8 3224389163 140735935831664
[2026-09-09 04:31:06][warning][540877] Calling original ioctl: 9 73 140735935830848
[2026-09-09 04:31:06][warning][540877] Calling original ioctl: 9 33 140735935821616
[2026-09-09 04:31:06][warning][540877] Calling original ioctl: 8 3224389163 140735935832160
[2026-09-09 04:31:06][warning][540877] Calling original ioctl: 9 73 140735935831344
[2026-09-09 04:31:06][warning][540877] Calling original ioctl: 9 33 140735935822112
[2026-09-09 04:31:06][warning][540877] Calling original ioctl: 8 3224389163 140735935833840
[2026-09-09 04:31:06][warning][540877] Calling original ioctl: 8 3224389163 140735935833824
[2026-09-09 04:31:06][warning][540877] Calling original ioctl: 8 3224389163 140735935830064
[2026-09-09 04:31:06][warning][540877] Calling original ioctl: 8 3223340586 140735935825648
[2026-09-09 04:31:06][warning][540877] Calling original ioctl: 8 3224913486 140735935830192
[2026-09-09 04:31:06][warning][540877] Calling original ioctl: 8 3223864926 140735935830144
[2026-09-09 04:31:06][warning][540877] Calling original ioctl: 9 73 140735935829248
[2026-09-09 04:31:06][warning][540877] Calling original ioctl: 9 33 140735935820016
[2026-09-09 04:31:06][warning][540877] Calling original ioctl: 8 3224389163 140735935829600
[2026-09-09 04:31:06][warning][540877] Calling original ioctl: 8 3223340586 140735935825184
[2026-09-09 04:31:06][warning][540877] Calling original ioctl: 8 3224913486 140735935829728
[2026-09-09 04:31:06][warning][540877] Calling original ioctl: 9 73 140735935828784
[2026-09-09 04:31:06][warning][540877] Calling original ioctl: 9 33 140735935819552
[2026-09-09 04:31:06][warning][540877] Calling original ioctl: 8 3224389163 140735935830448
[2026-09-09 04:31:06][warning][540877] Calling original ioctl: 8 3223340586 140735935826032
[2026-09-09 04:31:06][warning][540877] Calling original ioctl: 8 3224913486 140735935830576
[2026-09-09 04:31:06][warning][540877] Calling original ioctl: 8 3224389163 140735935832304
[2026-09-09 04:31:06][warning][540877] Calling original ioctl: 8 3223340586 140735935828336
[2026-09-09 04:31:06][warning][540877] Calling original ioctl: 8 3224389163 140735935832592
[2026-09-09 04:31:06][warning][540877] Calling original ioctl: 8 3223340586 140735935828272
[2026-09-09 04:31:06][warning][540877] Calling original ioctl: 8 3224389163 140735935832592
[2026-09-09 04:31:06][warning][540877] Calling original ioctl: 8 3223340586 140735935828272
[2026-09-09 04:31:06][warning][540877] Calling original ioctl: 8 3223340586 140735935828352
[2026-09-09 04:31:06][warning][540877] Calling original ioctl: 8 3223340586 140735935828352
[2026-09-09 04:31:06][warning][540877] Calling original ioctl: 8 3224389163 140735935831248
[2026-09-09 04:31:06][warning][540877] Calling original ioctl: 8 3223340586 140735935826832
[2026-09-09 04:31:06][warning][540877] Calling original ioctl: 8 3224913486 140735935831376
[2026-09-09 04:31:06][warning][540877] Calling original ioctl: 9 73 140735935830432
[2026-09-09 04:31:06][warning][540877] Calling original ioctl: 9 33 140735935821200
[2026-09-09 04:31:06][warning][540877] Calling original ioctl: 8 3224389163 140735935830448
[2026-09-09 04:31:06][warning][540877] Calling original ioctl: 8 3223340586 140735935826032
[2026-09-09 04:31:06][warning][540877] Calling original ioctl: 8 3224913486 140735935830576
[2026-09-09 04:31:06][warning][540877] Calling original ioctl: 8 3224389163 140735935832304
[2026-09-09 04:31:06][warning][540877] Calling original ioctl: 8 3223340586 140735935828336
[2026-09-09 04:31:06][warning][540877] Calling original ioctl: 8 3224389163 140735935832592
[2026-09-09 04:31:06][warning][540877] Calling original ioctl: 8 3223340586 140735935828272
[2026-09-09 04:31:06][warning][540877] Calling original ioctl: 8 3223340586 140735935828352
[2026-09-09 04:31:06][warning][540877] Calling original ioctl: 8 3223340586 140735935828352
[2026-09-09 04:31:06][warning][540877] Calling original ioctl: 8 3224389163 140735935830448
[2026-09-09 04:31:06][warning][540877] Calling original ioctl: 8 3223340586 140735935826032
[2026-09-09 04:31:06][warning][540877] Calling original ioctl: 8 3224913486 140735935830576
[2026-09-09 04:31:06][warning][540877] Calling original ioctl: 8 3224389163 140735935832304
[2026-09-09 04:31:06][warning][540877] Calling original ioctl: 8 3223340586 140735935828336
[2026-09-09 04:31:06][warning][540877] Calling original ioctl: 8 3224389163 140735935832592
[2026-09-09 04:31:06][warning][540877] Calling original ioctl: 8 3223340586 140735935828272
[2026-09-09 04:31:06][warning][540877] Calling original ioctl: 8 3224389163 140735935832592
[2026-09-09 04:31:06][warning][540877] Calling original ioctl: 8 3223340586 140735935828272
[2026-09-09 04:31:06][warning][540877] Calling original ioctl: 8 3223340586 140735935828352
[2026-09-09 04:31:06][warning][540877] Calling original ioctl: 8 3223340586 140735935828352
[2026-09-09 04:31:06][warning][540877] Calling original ioctl: 8 3224389163 140735935830448
[2026-09-09 04:31:06][warning][540877] Calling original ioctl: 8 3223340586 140735935826032
[2026-09-09 04:31:06][warning][540877] Calling original ioctl: 8 3224913486 140735935830576
[2026-09-09 04:31:06][warning][540877] Calling original ioctl: 8 3224389163 140735935832304
[2026-09-09 04:31:06][warning][540877] Calling original ioctl: 8 3223340586 140735935828336
[2026-09-09 04:31:06][warning][540877] Calling original ioctl: 8 3224389163 140735935832592
[2026-09-09 04:31:06][warning][540877] Calling original ioctl: 8 3223340586 140735935828272
[2026-09-09 04:31:06][warning][540877] Calling original ioctl: 8 3223340586 140735935828352
[2026-09-09 04:31:06][warning][540877] Calling original ioctl: 8 3223340586 140735935828352
[2026-09-09 04:31:06][warning][540877] Calling original ioctl: 8 3224389163 140735935830448
[2026-09-09 04:31:06][warning][540877] Calling original ioctl: 8 3223340586 140735935826032
[2026-09-09 04:31:06][warning][540877] Calling original ioctl: 8 3224913486 140735935830576
[2026-09-09 04:31:06][warning][540877] Calling original ioctl: 8 3224389163 140735935832304
[2026-09-09 04:31:06][warning][540877] Calling original ioctl: 8 3223340586 140735935828336
[2026-09-09 04:31:06][warning][540877] Calling original ioctl: 8 3224389163 140735935832592
[2026-09-09 04:31:06][warning][540877] Calling original ioctl: 8 3223340586 140735935828272
[2026-09-09 04:31:06][warning][540877] Calling original ioctl: 8 3224389163 140735935832592
[2026-09-09 04:31:06][warning][540877] Calling original ioctl: 8 3223340586 140735935828272
[2026-09-09 04:31:06][warning][540877] Calling original ioctl: 8 3223340586 140735935828352
[2026-09-09 04:31:06][warning][540877] Calling original ioctl: 8 3223340586 140735935828352
[2026-09-09 04:31:06][warning][540877] Calling original ioctl: 8 3224389163 140735935830448
[2026-09-09 04:31:06][warning][540877] Calling original ioctl: 8 3223340586 140735935826032
[2026-09-09 04:31:06][warning][540877] Calling original ioctl: 8 3224913486 140735935830576
[2026-09-09 04:31:06][warning][540877] Calling original ioctl: 8 3224389163 140735935832304
[2026-09-09 04:31:06][warning][540877] Calling original ioctl: 8 3223340586 140735935828336
[2026-09-09 04:31:06][warning][540877] Calling original ioctl: 8 3224389163 140735935832592
[2026-09-09 04:31:06][warning][540877] Calling original ioctl: 8 3223340586 140735935828272
[2026-09-09 04:31:06][warning][540877] Calling original ioctl: 8 3223340586 140735935828352
[2026-09-09 04:31:06][warning][540877] Calling original ioctl: 8 3223340586 140735935828352
[2026-09-09 04:31:06][warning][540877] Calling original ioctl: 8 3224389163 140735935830448
[2026-09-09 04:31:06][warning][540877] Calling original ioctl: 8 3223340586 140735935826032
[2026-09-09 04:31:06][warning][540877] Calling original ioctl: 8 3224913486 140735935830576
[2026-09-09 04:31:06][warning][540877] Calling original ioctl: 8 3224389163 140735935832304
[2026-09-09 04:31:06][warning][540877] Calling original ioctl: 8 3223340586 140735935828336
[2026-09-09 04:31:06][warning][540877] Calling original ioctl: 8 3224389163 140735935832592
[2026-09-09 04:31:06][warning][540877] Calling original ioctl: 8 3223340586 140735935828272
[2026-09-09 04:31:06][warning][540877] Calling original ioctl: 8 3224389163 140735935832592
[2026-09-09 04:31:06][warning][540877] Calling original ioctl: 8 3223340586 140735935828272
[2026-09-09 04:31:06][warning][540877] Calling original ioctl: 8 3223340586 140735935828352
[2026-09-09 04:31:06][warning][540877] Calling original ioctl: 8 3223340586 140735935828352
[2026-09-09 04:31:06][warning][540877] Calling original ioctl: 8 3224389163 140735935830448
[2026-09-09 04:31:06][warning][540877] Calling original ioctl: 8 3223340586 140735935826032
[2026-09-09 04:31:06][warning][540877] Calling original ioctl: 8 3224913486 140735935830576
[2026-09-09 04:31:06][warning][540877] Calling original ioctl: 8 3224389163 140735935832304
[2026-09-09 04:31:06][warning][540877] Calling original ioctl: 8 3223340586 140735935828336
[2026-09-09 04:31:06][warning][540877] Calling original ioctl: 8 3224389163 140735935832592
[2026-09-09 04:31:06][warning][540877] Calling original ioctl: 8 3223340586 140735935828272
[2026-09-09 04:31:06][warning][540877] Calling original ioctl: 8 3223340586 140735935828352
[2026-09-09 04:31:06][warning][540877] Calling original ioctl: 8 3223340586 140735935828352
[2026-09-09 04:31:06][warning][540877] Calling original ioctl: 9 27 140735935834272
[2026-09-09 04:31:06][warning][540877] Calling original ioctl: 9 27 140735935834272
[2026-09-09 04:31:06][warning][540877] Calling original ioctl: 9 27 140735935834272
[2026-09-09 04:31:06][warning][540877] Calling original ioctl: 9 27 140735935834272
[2026-09-09 04:31:06][warning][540877] Calling original ioctl: 9 27 140735935834272
[2026-09-09 04:31:06][warning][540877] Calling original ioctl: 9 27 140735935834272
[2026-09-09 04:31:06][warning][540877] Calling original ioctl: 9 27 140735935834272
[2026-09-09 04:31:06][warning][540877] Calling original ioctl: 9 27 140735935834272
[2026-09-09 04:31:06][warning][540877] Calling original ioctl: 8 3223340586 140735935829936
[2026-09-09 04:31:06][warning][540877] Calling original ioctl: 17 3221505737 140735935834032
[2026-09-09 04:31:06][warning][540877] Calling original ioctl: 17 3222292174 140735935834016
[2026-09-09 04:31:06][warning][540877] Calling original ioctl: 17 3224389163 140735935834000
[2026-09-09 04:31:06][warning][540877] Calling original ioctl: 8 3224389163 140735935833840
[2026-09-09 04:31:06][warning][540877] Calling original ioctl: 8 3224389163 140735935830448
[2026-09-09 04:31:06][warning][540877] Calling original ioctl: 8 3223340586 140735935826032
[2026-09-09 04:31:06][warning][540877] Calling original ioctl: 8 3224913486 140735935830576
[2026-09-09 04:31:06][warning][540877] Calling original ioctl: 8 3224389163 140735935832304
[2026-09-09 04:31:06][warning][540877] Calling original ioctl: 8 3223340586 140735935828336
[2026-09-09 04:31:06][warning][540877] Calling original ioctl: 8 3224389163 140735935832592
[2026-09-09 04:31:06][warning][540877] Calling original ioctl: 8 3223340586 140735935828272
[2026-09-09 04:31:06][warning][540877] Calling original ioctl: 8 3223340586 140735935828352
[2026-09-09 04:31:06][warning][540877] Calling original ioctl: 8 3224389163 140735935830448
[2026-09-09 04:31:06][warning][540877] Calling original ioctl: 8 3223340586 140735935826032
[2026-09-09 04:31:06][warning][540877] Calling original ioctl: 8 3224913486 140735935830576
[2026-09-09 04:31:06][warning][540877] Calling original ioctl: 8 3224389163 140735935832304
[2026-09-09 04:31:06][warning][540877] Calling original ioctl: 8 3223340586 140735935828336
[2026-09-09 04:31:06][warning][540877] Calling original ioctl: 8 3224389163 140735935832592
[2026-09-09 04:31:06][warning][540877] Calling original ioctl: 8 3223340586 140735935828272
[2026-09-09 04:31:06][warning][540877] Calling original ioctl: 8 3223340586 140735935828352
[2026-09-09 04:31:06][warning][540877] Calling original ioctl: 8 3224389163 140735935830448
[2026-09-09 04:31:06][warning][540877] Calling original ioctl: 8 3223340586 140735935826032
[2026-09-09 04:31:06][warning][540877] Calling original ioctl: 8 3224913486 140735935830576
[2026-09-09 04:31:06][warning][540877] Calling original ioctl: 8 3224389163 140735935832304
[2026-09-09 04:31:06][warning][540877] Calling original ioctl: 8 3223340586 140735935828336
[2026-09-09 04:31:06][warning][540877] Calling original ioctl: 8 3224389163 140735935832592
[2026-09-09 04:31:06][warning][540877] Calling original ioctl: 8 3223340586 140735935828272
[2026-09-09 04:31:06][warning][540877] Calling original ioctl: 8 3223340586 140735935828352
[2026-09-09 04:31:06][warning][540877] Calling original ioctl: 8 3224389163 140735935830448
[2026-09-09 04:31:06][warning][540877] Calling original ioctl: 8 3223340586 140735935826032
[2026-09-09 04:31:06][warning][540877] Calling original ioctl: 8 3224913486 140735935830576
[2026-09-09 04:31:06][warning][540877] Calling original ioctl: 8 3224389163 140735935832304
[2026-09-09 04:31:06][warning][540877] Calling original ioctl: 8 3223340586 140735935828336
[2026-09-09 04:31:06][warning][540877] Calling original ioctl: 8 3224389163 140735935832592
[2026-09-09 04:31:06][warning][540877] Calling original ioctl: 8 3223340586 140735935828272
[2026-09-09 04:31:06][warning][540877] Calling original ioctl: 8 3223340586 140735935828352
[2026-09-09 04:31:06][warning][540877] Calling original ioctl: 9 27 140735935834272
[2026-09-09 04:31:06][warning][540877] Calling original ioctl: 9 27 140735935834272
[2026-09-09 04:31:06][warning][540877] Calling original ioctl: 9 27 140735935834272
[2026-09-09 04:31:06][warning][540877] Calling original ioctl: 9 27 140735935834272
[2026-09-09 04:31:06][warning][540877] Calling original ioctl: 8 3223340586 140735935829936
[2026-09-09 04:31:06][warning][540877] Calling original ioctl: 19 3221505737 140735935834032
[2026-09-09 04:31:06][warning][540877] Calling original ioctl: 19 3222292174 140735935834016
[2026-09-09 04:31:06][warning][540877] Calling original ioctl: 19 3224389163 140735935834000
[2026-09-09 04:31:06][warning][540877] Calling original ioctl: 8 3224389163 140735935833840
[2026-09-09 04:31:06][warning][540877] Calling original ioctl: 8 3224389163 140735935830448
[2026-09-09 04:31:06][warning][540877] Calling original ioctl: 8 3223340586 140735935826032
[2026-09-09 04:31:06][warning][540877] Calling original ioctl: 8 3224913486 140735935830576
[2026-09-09 04:31:06][warning][540877] Calling original ioctl: 8 3224389163 140735935832304
[2026-09-09 04:31:06][warning][540877] Calling original ioctl: 8 3223340586 140735935828336
[2026-09-09 04:31:06][warning][540877] Calling original ioctl: 8 3224389163 140735935832592
[2026-09-09 04:31:06][warning][540877] Calling original ioctl: 8 3223340586 140735935828272
[2026-09-09 04:31:06][warning][540877] Calling original ioctl: 8 3223340586 140735935828352
[2026-09-09 04:31:06][warning][540877] Calling original ioctl: 8 3224389163 140735935830448
[2026-09-09 04:31:06][warning][540877] Calling original ioctl: 8 3223340586 140735935826032
[2026-09-09 04:31:06][warning][540877] Calling original ioctl: 8 3224913486 140735935830576
[2026-09-09 04:31:06][warning][540877] Calling original ioctl: 8 3224389163 140735935832304
[2026-09-09 04:31:06][warning][540877] Calling original ioctl: 8 3223340586 140735935828336
[2026-09-09 04:31:06][warning][540877] Calling original ioctl: 8 3224389163 140735935832592
[2026-09-09 04:31:06][warning][540877] Calling original ioctl: 8 3223340586 140735935828272
[2026-09-09 04:31:06][warning][540877] Calling original ioctl: 8 3223340586 140735935828352
[2026-09-09 04:31:06][warning][540877] Calling original ioctl: 8 3224389163 140735935830448
[2026-09-09 04:31:06][warning][540877] Calling original ioctl: 8 3223340586 140735935826032
[2026-09-09 04:31:06][warning][540877] Calling original ioctl: 8 3224913486 140735935830576
[2026-09-09 04:31:06][warning][540877] Calling original ioctl: 8 3224389163 140735935832304
[2026-09-09 04:31:06][warning][540877] Calling original ioctl: 8 3223340586 140735935828336
[2026-09-09 04:31:06][warning][540877] Calling original ioctl: 8 3224389163 140735935832592
[2026-09-09 04:31:06][warning][540877] Calling original ioctl: 8 3223340586 140735935828272
[2026-09-09 04:31:06][warning][540877] Calling original ioctl: 8 3223340586 140735935828352
[2026-09-09 04:31:06][warning][540877] Calling original ioctl: 8 3224389163 140735935830448
[2026-09-09 04:31:06][warning][540877] Calling original ioctl: 8 3223340586 140735935826032
[2026-09-09 04:31:06][warning][540877] Calling original ioctl: 8 3224913486 140735935830576
[2026-09-09 04:31:06][warning][540877] Calling original ioctl: 8 3224389163 140735935832304
[2026-09-09 04:31:06][warning][540877] Calling original ioctl: 8 3223340586 140735935828336
[2026-09-09 04:31:06][warning][540877] Calling original ioctl: 8 3224389163 140735935832592
[2026-09-09 04:31:06][warning][540877] Calling original ioctl: 8 3223340586 140735935828272
[2026-09-09 04:31:06][warning][540877] Calling original ioctl: 8 3223340586 140735935828352
[2026-09-09 04:31:06][warning][540877] Calling original ioctl: 9 27 140735935834272
[2026-09-09 04:31:06][warning][540877] Calling original ioctl: 9 27 140735935834272
[2026-09-09 04:31:06][warning][540877] Calling original ioctl: 9 27 140735935834272
[2026-09-09 04:31:06][warning][540877] Calling original ioctl: 9 27 140735935834272
[2026-09-09 04:31:06][warning][540877] Calling original ioctl: 8 3223340586 140735935829936
[2026-09-09 04:31:06][warning][540877] Calling original ioctl: 21 3221505737 140735935834032
[2026-09-09 04:31:06][warning][540877] Calling original ioctl: 21 3222292174 140735935834016
[2026-09-09 04:31:06][warning][540877] Calling original ioctl: 21 3224389163 140735935834000
[2026-09-09 04:31:06][warning][540877] Calling original ioctl: 8 3224389163 140735935831472
[2026-09-09 04:31:06][warning][540877] Calling original ioctl: 8 3223340586 140735935827056
[2026-09-09 04:31:06][warning][540877] Calling original ioctl: 8 3224913486 140735935831600
[2026-09-09 04:31:06][warning][540877] Calling original ioctl: 9 73 140735935830656
[2026-09-09 04:31:06][warning][540877] Calling original ioctl: 9 33 140735935821424
[2026-09-09 04:31:06][warning][540877] Calling original ioctl: 8 3224389163 140735935831776
[2026-09-09 04:31:06][warning][540877] Calling original ioctl: 9 73 140735935830960
[2026-09-09 04:31:06][warning][540877] Calling original ioctl: 9 33 140735935821728
[2026-09-09 04:31:06][warning][540877] Calling original ioctl: 9 68 140735935821120
[2026-09-09 04:31:06][warning][540877] Calling original ioctl: 9 72 140735935830224
[2026-09-09 04:31:06][warning][540877] Calling original ioctl: 9 23 140735935834576
[2026-09-09 04:31:06][warning][540877] Calling original ioctl: 9 23 140735935834576
[2026-09-09 04:31:06][warning][540877] Calling original ioctl: 9 23 140735935834576
[2026-09-09 04:31:06][warning][540877] Calling original ioctl: 9 23 140735935834576
[2026-09-09 04:31:06][warning][540877] Calling original ioctl: 8 3224389163 140735935831776
[2026-09-09 04:31:06][warning][540877] Calling original ioctl: 9 73 140735935830960
[2026-09-09 04:31:06][warning][540877] Calling original ioctl: 9 33 140735935821728
[2026-09-09 04:31:06][warning][540877] Calling original ioctl: 9 23 140735935834576
[2026-09-09 04:31:06][warning][540877] Calling original ioctl: 9 23 140735935834576
[2026-09-09 04:31:06][warning][540877] Calling original ioctl: 9 23 140735935834576
[2026-09-09 04:31:06][warning][540877] Calling original ioctl: 8 3224389163 140735935831200
[2026-09-09 04:31:06][warning][540877] Calling original ioctl: 8 3223340586 140735935826784
[2026-09-09 04:31:06][warning][540877] Calling original ioctl: 8 3224913486 140735935831328
[2026-09-09 04:31:06][warning][540877] Calling original ioctl: 9 73 140735935830384
[2026-09-09 04:31:06][warning][540877] Calling original ioctl: 9 33 140735935821152
[2026-09-09 04:31:06][warning][540877] Calling original ioctl: 12 3224913447 140735935831184
[2026-09-09 04:31:06][warning][540877] Calling original ioctl: 9 73 140735935830384
[2026-09-09 04:31:06][warning][540877] Calling original ioctl: 9 33 140735935821152
[2026-09-09 04:31:06][warning][540877] Calling original ioctl: 8 3224389163 140735935832064
[2026-09-09 04:31:06][warning][540877] Calling original ioctl: 9 73 140735935831248
[2026-09-09 04:31:06][warning][540877] Calling original ioctl: 9 33 140735935822016
[2026-09-09 04:31:06][warning][540877] Calling original ioctl: 12 3224913447 140735935831440
[2026-09-09 04:31:06][warning][540877] Calling original ioctl: 9 73 140735935830640
[2026-09-09 04:31:06][warning][540877] Calling original ioctl: 9 33 140735935821408
[2026-09-09 04:31:06][warning][540877] Calling original ioctl: 8 3224389163 140735935831456
[2026-09-09 04:31:06][warning][540877] Calling original ioctl: 9 73 140735935830640
[2026-09-09 04:31:06][warning][540877] Calling original ioctl: 9 33 140735935821408
[2026-09-09 04:31:06][warning][540877] Calling original ioctl: 9 65 140735935831728
[2026-09-09 04:31:06][warning][540877] Calling original ioctl: 12 3224913447 140735935832544
[2026-09-09 04:31:06][warning][540877] Calling original ioctl: 9 73 140735935831744
[2026-09-09 04:31:06][warning][540877] Calling original ioctl: 9 33 140735935822512
[2026-09-09 04:31:06][warning][540877] Calling original ioctl: 8 3224389163 140735935832560
[2026-09-09 04:31:06][warning][540877] Calling original ioctl: 9 73 140735935831744
[2026-09-09 04:31:06][warning][540877] Calling original ioctl: 9 33 140735935822512
[2026-09-09 04:31:06][warning][540877] Calling original ioctl: 8 3224389163 140735935832128
[2026-09-09 04:31:06][warning][540877] Calling original ioctl: 8 3223340586 140735935827712
[2026-09-09 04:31:06][warning][540877] Calling original ioctl: 8 3224913486 140735935832256
[2026-09-09 04:31:06][warning][540877] Calling original ioctl: 9 73 140735935831312
[2026-09-09 04:31:06][warning][540877] Calling original ioctl: 9 33 140735935822080
[2026-09-09 04:31:06][warning][540877] Calling original ioctl: 8 3224389163 140735935829840
[2026-09-09 04:31:06][warning][540877] Calling original ioctl: 9 73 140735935829024
[2026-09-09 04:31:06][warning][540877] Calling original ioctl: 9 33 140735935819792
[2026-09-09 04:31:06][warning][540877] Calling original ioctl: 8 3224389163 140735935829760
[2026-09-09 04:31:06][warning][540877] Calling original ioctl: 9 73 140735935828944
[2026-09-09 04:31:06][warning][540877] Calling original ioctl: 9 33 140735935819712
[2026-09-09 04:31:06][warning][540877] Calling original ioctl: 8 3224389163 140735935829760
[2026-09-09 04:31:06][warning][540877] Calling original ioctl: 9 73 140735935828944
[2026-09-09 04:31:06][warning][540877] Calling original ioctl: 9 33 140735935819712
[2026-09-09 04:31:06][warning][540877] Calling original ioctl: 12 3224913447 140735935832096
[2026-09-09 04:31:06][warning][540877] Calling original ioctl: 9 73 140735935831296
[2026-09-09 04:31:06][warning][540877] Calling original ioctl: 9 33 140735935822064
[2026-09-09 04:31:06][warning][540877] Calling original ioctl: 8 3224389163 140735935834704
[2026-09-09 04:31:06][warning][540877] Calling original ioctl: 8 3224389163 140735935831600
[2026-09-09 04:31:06][warning][540877] Calling original ioctl: 8 3223340586 140735935827184
[2026-09-09 04:31:06][warning][540877] Calling original ioctl: 8 3224913486 140735935831728
[2026-09-09 04:31:06][warning][540877] Calling original ioctl: 9 73 140735935830784
[2026-09-09 04:31:06][warning][540877] Calling original ioctl: 9 33 140735935821552
[2026-09-09 04:31:06][warning][540877] Calling original ioctl: 8 3224389163 140735935831920
[2026-09-09 04:31:06][warning][540877] Calling original ioctl: 9 73 140735935831104
[2026-09-09 04:31:06][warning][540877] Calling original ioctl: 9 33 140735935821872
[2026-09-09 04:31:06][warning][540877] Calling original ioctl: 8 3224389163 140735935831920
[2026-09-09 04:31:06][warning][540877] Calling original ioctl: 9 73 140735935831104
[2026-09-09 04:31:06][warning][540877] Calling original ioctl: 9 33 140735935821872
[2026-09-09 04:31:06][warning][540877] Calling original ioctl: 24 3221505737 140735935834368
[2026-09-09 04:31:06][warning][540877] Calling original ioctl: 24 3222292174 140735935834352
[2026-09-09 04:31:06][warning][540877] Calling original ioctl: 24 3224389163 140735935834336
[2026-09-09 04:31:06][warning][540877] Calling original ioctl: 26 3221505737 140735935834368
[2026-09-09 04:31:06][warning][540877] Calling original ioctl: 26 3222292174 140735935834352
[2026-09-09 04:31:06][warning][540877] Calling original ioctl: 26 3224389163 140735935834336
[2026-09-09 04:31:06][warning][540877] Calling original ioctl: 28 3221505737 140735935834368
[2026-09-09 04:31:06][warning][540877] Calling original ioctl: 28 3222292174 140735935834352
[2026-09-09 04:31:06][warning][540877] Calling original ioctl: 28 3224389163 140735935834336
[2026-09-09 04:31:06][warning][540877] Calling original ioctl: 30 3221505737 140735935834368
[2026-09-09 04:31:06][warning][540877] Calling original ioctl: 30 3222292174 140735935834352
[2026-09-09 04:31:06][warning][540877] Calling original ioctl: 30 3224389163 140735935834336
[2026-09-09 04:31:06][warning][540877] Calling original ioctl: 8 3223340586 140735935830080
[2026-09-09 04:31:06][warning][540877] Calling original ioctl: 8 3223340586 140735935830256
[2026-09-09 04:31:06][warning][540877] Calling original ioctl: 8 3223340586 140735935830416
[2026-09-09 04:31:06][warning][540877] Calling original ioctl: 8 3224389163 140735935831888
[2026-09-09 04:31:06][warning][540877] Calling original ioctl: 9 73 140735935831072
[2026-09-09 04:31:06][warning][540877] Calling original ioctl: 9 33 140735935821840
[2026-09-09 04:31:06][warning][540877] Calling original ioctl: 8 3223340586 140735935830416
libbpf: loading object 'full_record_device_buffer_bpf' from buffer
libbpf: elf: section(2) .symtab, size 240, link 1, flags 0, type=2
libbpf: elf: section(3) kretprobe/_Z9rope_normILb1ELb0Ef6__halfEvPKT1_PT2_iiiiiPKifff14rope_corr_dimsfPKfPKli, size 1152, link 0, flags 6, type=1
libbpf: sec 'kretprobe/_Z9rope_normILb1ELb0Ef6__halfEvPKT1_PT2_iiiiiPKifff14rope_corr_dimsfPKfPKli': found program 'cuda__retprobe' at insn offset 0 (0 bytes), code size 144 insns (1152 bytes)
libbpf: elf: section(4) .maps, size 32, link 0, flags 3, type=1
libbpf: elf: section(5) license, size 4, link 0, flags 3, type=1
libbpf: license of full_record_device_buffer_bpf is GPL
libbpf: elf: section(6) .relkretprobe/_Z9rope_normILb1ELb0Ef6__halfEvPKT1_PT2_iiiiiPKifff14rope_corr_dimsfPKfPKli, size 32, link 2, flags 40, type=9
libbpf: elf: section(7) .BTF, size 2852, link 0, flags 0, type=1
libbpf: elf: section(8) .BTF.ext, size 1200, link 0, flags 0, type=1
libbpf: looking for externs among 10 symbols...
libbpf: collected 0 externs total
libbpf: map 'arena': at sec_idx 4, offset 0.
libbpf: map 'arena': found type = 1503.
libbpf: map 'arena': found key [8], sz = 4.
libbpf: map 'arena': found value [12], sz = 335675408.
libbpf: map 'arena': found max_entries = 32.
libbpf: sec '.relkretprobe/_Z9rope_normILb1ELb0Ef6__halfEvPKT1_PT2_iiiiiPKifff14rope_corr_dimsfPKfPKli': collecting relocation for section(3) 'kretprobe/_Z9rope_normILb1ELb0Ef6__halfEvPKT1_PT2_iiiiiPKifff14rope_corr_dimsfPKfPKli'
libbpf: sec '.relkretprobe/_Z9rope_normILb1ELb0Ef6__halfEvPKT1_PT2_iiiiiPKifff14rope_corr_dimsfPKfPKli': relo #0: insn #71 against 'arena'
libbpf: prog 'cuda__retprobe': found map 0 (arena, sec 4, off 0) for insn #71
libbpf: sec '.relkretprobe/_Z9rope_normILb1ELb0Ef6__halfEvPKT1_PT2_iiiiiPKifff14rope_corr_dimsfPKfPKli': relo #1: insn #85 against 'arena'
libbpf: prog 'cuda__retprobe': found map 0 (arena, sec 4, off 0) for insn #85
libbpf: object 'full_record_dev': failed (-EACCES) to open BPF FS mount at '/sys/fs/bpf', skipping optional step...
libbpf: Kernel doesn't support BTF, skipping uploading it.
libbpf: map 'arena': created successfully, fd=34
Full-record bank count: 32
Full-record slots per bank: 16384
Full-record total slots: 524288
Full-record records per slot: 256
Full-record record bytes: 80
Full-record layout: field-major SoA
Full-record value bytes (per bank): 335675408
Full-record probe attached; waiting for SIGINT
[2026-09-09 04:31:21][warning][540972] Calling original ioctl: 8 3223340586 123781646222960
[2026-09-09 04:32:08][warning][540877] Calling original ioctl: 8 3223340586 140735935825168
Full-record drain bytes: 10741613056
Full-record drain time ns: 1509295054
Full-record committed records: 23068672
Full-record active slots: 524288
Full-record overflow records: 0
Full-record out-of-range threads: 0
Full-record nonzero timestamps: 23068672
[2026-09-09 04:32:10][warning][540877] Calling original ioctl: 9 34 140735935835168
[2026-09-09 04:32:10][warning][540877] Calling original ioctl: 8 3222292009 140735935835328
[2026-09-09 04:32:10][warning][540877] Calling original ioctl: 9 34 140735935836016
[2026-09-09 04:32:10][warning][540877] Calling original ioctl: 8 3222292009 140735935836176
[2026-09-09 04:32:10][warning][540877] Calling original ioctl: 9 34 140735935836016
[2026-09-09 04:32:10][warning][540877] Calling original ioctl: 8 3222292009 140735935836176
[2026-09-09 04:32:10][warning][540877] Calling original ioctl: 8 3222292009 140735935836896
[2026-09-09 04:32:10][warning][540877] Calling original ioctl: 26 3222292175 140735935836912
[2026-09-09 04:32:10][warning][540877] Calling original ioctl: 8 3222292009 140735935836896
[2026-09-09 04:32:10][warning][540877] Calling original ioctl: 28 3222292175 140735935836912
[2026-09-09 04:32:10][warning][540877] Calling original ioctl: 8 3222292009 140735935836896
[2026-09-09 04:32:10][warning][540877] Calling original ioctl: 24 3222292175 140735935836912
[2026-09-09 04:32:10][warning][540877] Calling original ioctl: 8 3222292009 140735935836896
[2026-09-09 04:32:10][warning][540877] Calling original ioctl: 30 3222292175 140735935836912
[2026-09-09 04:32:10][warning][540877] Calling original ioctl: 9 34 140735935835920
[2026-09-09 04:32:10][warning][540877] Calling original ioctl: 8 3222292009 140735935836080
[2026-09-09 04:32:10][warning][540877] Calling original ioctl: 9 34 140735935835920
[2026-09-09 04:32:10][warning][540877] Calling original ioctl: 8 3222292009 140735935836080
[2026-09-09 04:32:10][warning][540877] Calling original ioctl: 9 34 140735935836048
[2026-09-09 04:32:10][warning][540877] Calling original ioctl: 8 3223340623 140735935836256
[2026-09-09 04:32:10][warning][540877] Calling original ioctl: 8 3222292009 140735935836208
[2026-09-09 04:32:10][warning][540877] Calling original ioctl: 8 3222292009 140735935836976
[2026-09-09 04:32:10][warning][540877] Calling original ioctl: 9 34 140735935836032
[2026-09-09 04:32:10][warning][540877] Calling original ioctl: 8 3222292009 140735935836192
[2026-09-09 04:32:10][warning][540877] Calling original ioctl: 9 34 140735935836032
[2026-09-09 04:32:10][warning][540877] Calling original ioctl: 8 3223340623 140735935836240
[2026-09-09 04:32:10][warning][540877] Calling original ioctl: 8 3222292009 140735935836192
[2026-09-09 04:32:10][warning][540877] Calling original ioctl: 8 3223340586 140735935831904
[2026-09-09 04:32:10][warning][540877] Calling original ioctl: 9 34 140735935835856
[2026-09-09 04:32:10][warning][540877] Calling original ioctl: 8 3222292009 140735935836016
[2026-09-09 04:32:10][warning][540877] Calling original ioctl: 8 3223340586 140735935831904
[2026-09-09 04:32:10][warning][540877] Calling original ioctl: 9 34 140735935835856
[2026-09-09 04:32:10][warning][540877] Calling original ioctl: 8 3222292009 140735935836016
[2026-09-09 04:32:10][warning][540877] Calling original ioctl: 8 3223340586 140735935831904
[2026-09-09 04:32:10][warning][540877] Calling original ioctl: 9 34 140735935835856
[2026-09-09 04:32:10][warning][540877] Calling original ioctl: 8 3222292009 140735935836016
[2026-09-09 04:32:10][warning][540877] Calling original ioctl: 8 3223340586 140735935832800
[2026-09-09 04:32:10][warning][540877] Calling original ioctl: 9 34 140735935836080
[2026-09-09 04:32:10][warning][540877] Calling original ioctl: 9 34 140735935836080
[2026-09-09 04:32:10][warning][540877] Calling original ioctl: 8 3222292009 140735935836240
[2026-09-09 04:32:10][warning][540877] Calling original ioctl: 9 34 140735935836080
[2026-09-09 04:32:10][warning][540877] Calling original ioctl: 8 3222292009 140735935836240
[2026-09-09 04:32:10][warning][540877] Calling original ioctl: 9 34 140735935836032
[2026-09-09 04:32:10][warning][540877] Calling original ioctl: 8 3223340623 140735935836240
[2026-09-09 04:32:10][warning][540877] Calling original ioctl: 8 3222292009 140735935836192
[2026-09-09 04:32:10][warning][540877] Calling original ioctl: 9 24 140735935837072
[2026-09-09 04:32:10][warning][540877] Calling original ioctl: 9 24 140735935837072
[2026-09-09 04:32:10][warning][540877] Calling original ioctl: 9 24 140735935837104
[2026-09-09 04:32:10][warning][540877] Calling original ioctl: 9 24 140735935837072
[2026-09-09 04:32:10][warning][540877] Calling original ioctl: 9 24 140735935837072
[2026-09-09 04:32:10][warning][540877] Calling original ioctl: 9 24 140735935837072
[2026-09-09 04:32:10][warning][540877] Calling original ioctl: 9 24 140735935837072
[2026-09-09 04:32:10][warning][540877] Calling original ioctl: 9 34 140735935835968
[2026-09-09 04:32:10][warning][540877] Calling original ioctl: 8 3222292009 140735935836128
[2026-09-09 04:32:10][warning][540877] Calling original ioctl: 9 34 140735935835968
[2026-09-09 04:32:10][warning][540877] Calling original ioctl: 8 3222292009 140735935836128
[2026-09-09 04:32:10][warning][540877] Calling original ioctl: 9 34 140735935836080
[2026-09-09 04:32:10][warning][540877] Calling original ioctl: 8 3222292009 140735935836240
[2026-09-09 04:32:10][warning][540877] Calling original ioctl: 8 3222292009 140735935836816
[2026-09-09 04:32:10][warning][540877] Calling original ioctl: 17 3222292175 140735935836832
[2026-09-09 04:32:10][warning][540877] Calling original ioctl: 9 28 140735935836944
[2026-09-09 04:32:10][warning][540877] Calling original ioctl: 9 28 140735935836944
[2026-09-09 04:32:10][warning][540877] Calling original ioctl: 9 28 140735935836944
[2026-09-09 04:32:10][warning][540877] Calling original ioctl: 9 28 140735935836944
[2026-09-09 04:32:10][warning][540877] Calling original ioctl: 9 28 140735935836944
[2026-09-09 04:32:10][warning][540877] Calling original ioctl: 9 28 140735935836944
[2026-09-09 04:32:10][warning][540877] Calling original ioctl: 9 28 140735935836944
[2026-09-09 04:32:10][warning][540877] Calling original ioctl: 9 28 140735935836944
[2026-09-09 04:32:10][warning][540877] Calling original ioctl: 8 3222292009 140735935836704
[2026-09-09 04:32:10][warning][540877] Calling original ioctl: 8 3222292009 140735935836704
[2026-09-09 04:32:10][warning][540877] Calling original ioctl: 8 3222292009 140735935836752
[2026-09-09 04:32:10][warning][540877] Calling original ioctl: 8 3223340623 140735935836016
[2026-09-09 04:32:10][warning][540877] Calling original ioctl: 8 3222292009 140735935835968
[2026-09-09 04:32:10][warning][540877] Calling original ioctl: 8 3222292009 140735935836704
[2026-09-09 04:32:10][warning][540877] Calling original ioctl: 8 3222292009 140735935836752
[2026-09-09 04:32:10][warning][540877] Calling original ioctl: 8 3223340623 140735935836016
[2026-09-09 04:32:10][warning][540877] Calling original ioctl: 8 3222292009 140735935835968
[2026-09-09 04:32:10][warning][540877] Calling original ioctl: 8 3222292009 140735935836704
[2026-09-09 04:32:10][warning][540877] Calling original ioctl: 8 3222292009 140735935836704
[2026-09-09 04:32:10][warning][540877] Calling original ioctl: 8 3222292009 140735935836752
[2026-09-09 04:32:10][warning][540877] Calling original ioctl: 8 3223340623 140735935836016
[2026-09-09 04:32:10][warning][540877] Calling original ioctl: 8 3222292009 140735935835968
[2026-09-09 04:32:10][warning][540877] Calling original ioctl: 8 3222292009 140735935836704
[2026-09-09 04:32:10][warning][540877] Calling original ioctl: 8 3222292009 140735935836752
[2026-09-09 04:32:10][warning][540877] Calling original ioctl: 8 3223340623 140735935836016
[2026-09-09 04:32:10][warning][540877] Calling original ioctl: 8 3222292009 140735935835968
[2026-09-09 04:32:10][warning][540877] Calling original ioctl: 8 3222292009 140735935836704
[2026-09-09 04:32:10][warning][540877] Calling original ioctl: 8 3222292009 140735935836704
[2026-09-09 04:32:10][warning][540877] Calling original ioctl: 8 3222292009 140735935836752
[2026-09-09 04:32:10][warning][540877] Calling original ioctl: 8 3223340623 140735935836016
[2026-09-09 04:32:10][warning][540877] Calling original ioctl: 8 3222292009 140735935835968
[2026-09-09 04:32:10][warning][540877] Calling original ioctl: 8 3222292009 140735935836704
[2026-09-09 04:32:10][warning][540877] Calling original ioctl: 8 3222292009 140735935836752
[2026-09-09 04:32:10][warning][540877] Calling original ioctl: 8 3223340623 140735935836016
[2026-09-09 04:32:10][warning][540877] Calling original ioctl: 8 3222292009 140735935835968
[2026-09-09 04:32:10][warning][540877] Calling original ioctl: 8 3222292009 140735935836704
[2026-09-09 04:32:10][warning][540877] Calling original ioctl: 8 3222292009 140735935836704
[2026-09-09 04:32:10][warning][540877] Calling original ioctl: 8 3222292009 140735935836752
[2026-09-09 04:32:10][warning][540877] Calling original ioctl: 8 3223340623 140735935836016
[2026-09-09 04:32:10][warning][540877] Calling original ioctl: 8 3222292009 140735935835968
[2026-09-09 04:32:10][warning][540877] Calling original ioctl: 8 3222292009 140735935836704
[2026-09-09 04:32:10][warning][540877] Calling original ioctl: 8 3222292009 140735935836752
[2026-09-09 04:32:10][warning][540877] Calling original ioctl: 8 3223340623 140735935836016
[2026-09-09 04:32:10][warning][540877] Calling original ioctl: 8 3222292009 140735935835968
[2026-09-09 04:32:10][warning][540877] Calling original ioctl: 8 3222292009 140735935836880
[2026-09-09 04:32:10][warning][540877] Calling original ioctl: 8 3222292009 140735935836848
[2026-09-09 04:32:10][warning][540877] Calling original ioctl: 8 3222292009 140735935836816
[2026-09-09 04:32:10][warning][540877] Calling original ioctl: 19 3222292175 140735935836832
[2026-09-09 04:32:10][warning][540877] Calling original ioctl: 9 28 140735935836944
[2026-09-09 04:32:10][warning][540877] Calling original ioctl: 9 28 140735935836944
[2026-09-09 04:32:10][warning][540877] Calling original ioctl: 9 28 140735935836944
[2026-09-09 04:32:10][warning][540877] Calling original ioctl: 9 28 140735935836944
[2026-09-09 04:32:10][warning][540877] Calling original ioctl: 8 3222292009 140735935836704
[2026-09-09 04:32:10][warning][540877] Calling original ioctl: 8 3222292009 140735935836752
[2026-09-09 04:32:10][warning][540877] Calling original ioctl: 8 3223340623 140735935836016
[2026-09-09 04:32:10][warning][540877] Calling original ioctl: 8 3222292009 140735935835968
[2026-09-09 04:32:10][warning][540877] Calling original ioctl: 8 3222292009 140735935836704
[2026-09-09 04:32:10][warning][540877] Calling original ioctl: 8 3222292009 140735935836752
[2026-09-09 04:32:10][warning][540877] Calling original ioctl: 8 3223340623 140735935836016
[2026-09-09 04:32:10][warning][540877] Calling original ioctl: 8 3222292009 140735935835968
[2026-09-09 04:32:10][warning][540877] Calling original ioctl: 8 3222292009 140735935836704
[2026-09-09 04:32:10][warning][540877] Calling original ioctl: 8 3222292009 140735935836752
[2026-09-09 04:32:10][warning][540877] Calling original ioctl: 8 3223340623 140735935836016
[2026-09-09 04:32:10][warning][540877] Calling original ioctl: 8 3222292009 140735935835968
[2026-09-09 04:32:10][warning][540877] Calling original ioctl: 8 3222292009 140735935836704
[2026-09-09 04:32:10][warning][540877] Calling original ioctl: 8 3222292009 140735935836752
[2026-09-09 04:32:10][warning][540877] Calling original ioctl: 8 3223340623 140735935836016
[2026-09-09 04:32:10][warning][540877] Calling original ioctl: 8 3222292009 140735935835968
[2026-09-09 04:32:10][warning][540877] Calling original ioctl: 8 3222292009 140735935836848
[2026-09-09 04:32:10][warning][540877] Calling original ioctl: 8 3222292009 140735935836816
[2026-09-09 04:32:10][warning][540877] Calling original ioctl: 21 3222292175 140735935836832
[2026-09-09 04:32:10][warning][540877] Calling original ioctl: 9 28 140735935836944
[2026-09-09 04:32:10][warning][540877] Calling original ioctl: 9 28 140735935836944
[2026-09-09 04:32:10][warning][540877] Calling original ioctl: 9 28 140735935836944
[2026-09-09 04:32:10][warning][540877] Calling original ioctl: 9 28 140735935836944
[2026-09-09 04:32:10][warning][540877] Calling original ioctl: 8 3222292009 140735935836704
[2026-09-09 04:32:10][warning][540877] Calling original ioctl: 8 3222292009 140735935836752
[2026-09-09 04:32:10][warning][540877] Calling original ioctl: 8 3223340623 140735935836016
[2026-09-09 04:32:10][warning][540877] Calling original ioctl: 8 3222292009 140735935835968
[2026-09-09 04:32:10][warning][540877] Calling original ioctl: 8 3222292009 140735935836704
[2026-09-09 04:32:10][warning][540877] Calling original ioctl: 8 3222292009 140735935836752
[2026-09-09 04:32:10][warning][540877] Calling original ioctl: 8 3223340623 140735935836016
[2026-09-09 04:32:10][warning][540877] Calling original ioctl: 8 3222292009 140735935835968
[2026-09-09 04:32:10][warning][540877] Calling original ioctl: 8 3222292009 140735935836704
[2026-09-09 04:32:10][warning][540877] Calling original ioctl: 8 3222292009 140735935836752
[2026-09-09 04:32:10][warning][540877] Calling original ioctl: 8 3223340623 140735935836016
[2026-09-09 04:32:10][warning][540877] Calling original ioctl: 8 3222292009 140735935835968
[2026-09-09 04:32:10][warning][540877] Calling original ioctl: 8 3222292009 140735935836704
[2026-09-09 04:32:10][warning][540877] Calling original ioctl: 8 3222292009 140735935836752
[2026-09-09 04:32:10][warning][540877] Calling original ioctl: 8 3223340623 140735935836016
[2026-09-09 04:32:10][warning][540877] Calling original ioctl: 8 3222292009 140735935835968
[2026-09-09 04:32:10][warning][540877] Calling original ioctl: 9 34 140735935835776
[2026-09-09 04:32:10][warning][540877] Calling original ioctl: 8 3223340623 140735935835984
[2026-09-09 04:32:10][warning][540877] Calling original ioctl: 8 3222292009 140735935835936
[2026-09-09 04:32:10][warning][540877] Calling original ioctl: 9 34 140735935835776
[2026-09-09 04:32:10][warning][540877] Calling original ioctl: 8 3223340623 140735935835984
[2026-09-09 04:32:10][warning][540877] Calling original ioctl: 8 3222292009 140735935835936
[2026-09-09 04:32:10][warning][540877] Calling original ioctl: 8 3222292009 140735935836848
[2026-09-09 04:32:10][warning][540877] Calling original ioctl: 9 34 140735935836080
[2026-09-09 04:32:10][warning][540877] Calling original ioctl: 8 3222292009 140735935836240
[2026-09-09 04:32:10][warning][540877] Calling original ioctl: 9 34 140735935835984
[2026-09-09 04:32:10][warning][540877] Calling original ioctl: 8 3222292009 140735935836144
[2026-09-09 04:32:10][warning][540877] Calling original ioctl: 9 34 140735935836080
[2026-09-09 04:32:10][warning][540877] Calling original ioctl: 8 3222292009 140735935836240
[2026-09-09 04:32:10][warning][540877] Calling original ioctl: 9 34 140735935836032
[2026-09-09 04:32:10][warning][540877] Calling original ioctl: 8 3222292009 140735935836192
[2026-09-09 04:32:10][warning][540877] Calling original ioctl: 9 34 140735935836016
[2026-09-09 04:32:10][warning][540877] Calling original ioctl: 8 3223340623 140735935836224
[2026-09-09 04:32:10][warning][540877] Calling original ioctl: 8 3222292009 140735935836176
[2026-09-09 04:32:10][warning][540877] Calling original ioctl: 9 34 140735935836016
[2026-09-09 04:32:10][warning][540877] Calling original ioctl: 8 3223340623 140735935836224
[2026-09-09 04:32:10][warning][540877] Calling original ioctl: 8 3222292009 140735935836176
[2026-09-09 04:32:10][warning][540877] Calling original ioctl: 9 34 140735935836032
[2026-09-09 04:32:10][warning][540877] Calling original ioctl: 8 3222292009 140735935836192
[2026-09-09 04:32:10][warning][540877] Calling original ioctl: 9 34 140735935836032
[2026-09-09 04:32:10][warning][540877] Calling original ioctl: 8 3222292009 140735935836192
[2026-09-09 04:32:10][warning][540877] Calling original ioctl: 9 34 140735935836192
[2026-09-09 04:32:10][warning][540877] Calling original ioctl: 8 3223340586 140735935832784
