2026-09-08T21:27:12-07:00
START block-01 native_adapter
DONE block-01 native_adapter exit=0
START block-01 bpf_device
DONE block-01 bpf_device exit=0
START block-01 original_inline
DONE block-01 original_inline exit=0
START block-01 inline_bpfhost
DONE block-01 inline_bpfhost exit=0
START block-02 original_inline
DONE block-02 original_inline exit=0
START block-02 inline_bpfhost
DONE block-02 inline_bpfhost exit=0
START block-02 native_adapter
DONE block-02 native_adapter exit=0
START block-02 bpf_device
DONE block-02 bpf_device exit=0
START block-03 bpf_device
DONE block-03 bpf_device exit=0
START block-03 original_inline
DONE block-03 original_inline exit=0
START block-03 inline_bpfhost
DONE block-03 inline_bpfhost exit=0
START block-03 native_adapter
DONE block-03 native_adapter exit=0
START block-04 inline_bpfhost
DONE block-04 inline_bpfhost exit=0
START block-04 bpf_device
DONE block-04 bpf_device exit=0
START block-04 native_adapter
DONE block-04 native_adapter exit=0
START block-04 original_inline
DONE block-04 original_inline exit=0
RESTORED_GDS_PID=4135269
RESTORED_KV_PID=4135270
PAIRED_EXIT=0 RESTORATION_OK=1
2026-09-08T21:45:36-07:00
