[2026-09-03 20:14:37][info][1412947] bpf_attach_ctx constructed
[2026-09-03 20:14:37][info][1412947] Initializing CUDA shared memory
[2026-09-03 20:14:37][info][1412947] CommSharedMem host 0x7a19e56297d8 mapped to device 0x7a19e56297d8
[2026-09-03 20:14:37][info][1412947] CUDA context created
[2026-09-03 20:14:37][info][1412947] Register attach-impl defined helper bpf_get_func_arg, index 183
[2026-09-03 20:14:37][info][1412947] Register attach-impl defined helper bpf_get_func_ret_id, index 184
[2026-09-03 20:14:37][info][1412947] Register attach-impl defined helper bpf_get_retval, index 186
[2026-09-03 20:14:37][info][1412947] Starting nv_attach_impl
[2026-09-03 20:14:37][info][1412947] Parsing bundled libraries: /home/yunwei37/workspace/gpu/bpftime-table1-575/build-table1-575/attach/nv_attach_impl/pass/ptxpass_kprobe_entry/libptxpass_kprobe_entry.so:/home/yunwei37/workspace/gpu/bpftime-table1-575/build-table1-575/attach/nv_attach_impl/pass/ptxpass_kretprobe/libptxpass_kretprobe.so:/home/yunwei37/workspace/gpu/bpftime-table1-575/build-table1-575/attach/nv_attach_impl/pass/ptxpass_kprobe_memcapture/libptxpass_kprobe_memcapture.so
[2026-09-03 20:14:37][info][1412947] Found path: /home/yunwei37/workspace/gpu/bpftime-table1-575/build-table1-575/attach/nv_attach_impl/pass/ptxpass_kprobe_entry/libptxpass_kprobe_entry.so, executing..
[2026-09-03 20:14:37][info][1412947] Retrived config of /home/yunwei37/workspace/gpu/bpftime-table1-575/build-table1-575/attach/nv_attach_impl/pass/ptxpass_kprobe_entry/libptxpass_kprobe_entry.so
[2026-09-03 20:14:37][info][1412947] Found path: /home/yunwei37/workspace/gpu/bpftime-table1-575/build-table1-575/attach/nv_attach_impl/pass/ptxpass_kretprobe/libptxpass_kretprobe.so, executing..
[2026-09-03 20:14:37][info][1412947] Retrived config of /home/yunwei37/workspace/gpu/bpftime-table1-575/build-table1-575/attach/nv_attach_impl/pass/ptxpass_kretprobe/libptxpass_kretprobe.so
[2026-09-03 20:14:37][info][1412947] Found path: /home/yunwei37/workspace/gpu/bpftime-table1-575/build-table1-575/attach/nv_attach_impl/pass/ptxpass_kprobe_memcapture/libptxpass_kprobe_memcapture.so, executing..
[2026-09-03 20:14:37][info][1412947] Retrived config of /home/yunwei37/workspace/gpu/bpftime-table1-575/build-table1-575/attach/nv_attach_impl/pass/ptxpass_kprobe_memcapture/libptxpass_kprobe_memcapture.so
[2026-09-03 20:14:37][info][1412947] Initializing agent..
[2026-09-03 20:14:37][info][1412947] bpftime: shm epoch_seq = 2
[2026-09-03 20:14:37][info][1412947] Instantiating bpf link 43 and the corresponding program cuda__scale_tar is cuda program
[2026-09-03 20:14:37][info][1412947] Skipping nv attach handler 43 since we are not handling nv handles
[2026-09-03 20:14:37][info][1412947] Instantiating bpf link 50 and the corresponding program cuda__scale_mar is cuda program
[2026-09-03 20:14:37][info][1412947] Skipping nv attach handler 50 since we are not handling nv handles
[2026-09-03 20:14:37][info][1412947] Instantiating bpf link 43 and the corresponding program cuda__scale_tar is cuda program
[2026-09-03 20:14:37][info][1412947] Handling link to CUDA program: 43, recording it..
[2026-09-03 20:14:37][info][1412947] Loaded 2 instructions (original) for cuda ebpf program
[2026-09-03 20:14:37][info][1412947] Initializing nv_gpu_array_map_impl at pid 1412947
[2026-09-03 20:14:37][info][1412947] Mapped GPU memory for gpu array map: 134242608611328
[2026-09-03 20:14:37][info][1412947] Copying map fd 17 to device, key size=4, value size=8, max ent=1, map_type = 1502, gpu_buffer = 7a17cb000000
[2026-09-03 20:14:37][info][1412947] Cached shared_mem_ptr at 7a19e56297d8
[2026-09-03 20:14:37][info][1412947] Recorded pass /home/yunwei37/workspace/gpu/bpftime-table1-575/build-table1-575/attach/nv_attach_impl/pass/ptxpass_kprobe_entry/libptxpass_kprobe_entry.so for func trampoline_scale_kernel
[2026-09-03 20:14:38][info][1412947] nv_attach_impl: cached 301216 host symbols
[2026-09-03 20:14:38][info][1412947] nv_attach_impl: late attach bootstrap scanning fatbins..
[2026-09-03 20:14:38][info][1412947] nv_attach_impl: targeted late bootstrap selected 1 of 19 loaded module(s)
[2026-09-03 20:14:38][info][1412947] Temporary fatbin written to /tmp/bpftime-fatbin-work.vLjC4H/temp.fatbin
[2026-09-03 20:14:38][info][1412947] Extracting PTX in the fatbin...
[2026-09-03 20:14:38][info][1412947] Calling cuobjdump: /usr/local/cuda-12.9/bin/cuobjdump --extract-ptx all /tmp/bpftime-fatbin-work.vLjC4H/temp.fatbin
Extracting PTX file and ptxas options    1: scaling.sm_120.ptx -arch=sm_120  --generate-line-info 
[2026-09-03 20:14:38][info][1412947] Remove extracted files..
[2026-09-03 20:14:38][info][1412947] Got 1 PTX files
[2026-09-03 20:14:38][info][1412947] Loading & patching current fatbin..
[2026-09-03 20:14:38][info][1413093] Patching PTX: scaling.sm_120.ptx
[2026-09-03 20:14:38][info][1413093] Patching request d0265b11858b0deb1cbebcc486487c212c3c0a62598f56d547e44e51f71d1aea not found in cache, patching..
[ptxpass] kprobe_entry_stub: matched=1, in=2494, out=2624
[2026-09-03 20:14:38][info][1412947] Using SM arch from BPFTIME_SM_ARCH: sm_120
[2026-09-03 20:14:38][info][1412947] Compiling PTXs with sm_arch sm_120
[2026-09-03 20:14:38][info][1412947] Compiler version: 12.9
[2026-09-03 20:14:38][info][1413103] Start compiling patched.scaling.sm_120.ptx, not found in cache
[2026-09-03 20:14:38][info][1413103] Compile of patched.scaling.sm_120.ptx done
[2026-09-03 20:14:38][info][1412947] Loading module: patched.scaling.sm_120.ptx, not found in cache
[2026-09-03 20:14:38][info][1412947] Copying trampoline data to device
[2026-09-03 20:14:38][info][1412947] constData symbol device_ptr=7a17cb800000 size=8 shared_mem_ptr=7a19e56297d8
[2026-09-03 20:14:38][info][1412947] map_info symbol device_ptr=7a17cb800008 size=40960
[2026-09-03 20:14:38][info][1412947] Trampoline data copied
[2026-09-03 20:14:38][info][1412947] Loaded module: patched.scaling.sm_120.ptx
[2026-09-03 20:14:38][info][1412947] nv_attach_impl: ingested fatbin from .nv_fatbin in /home/yunwei37/workspace/gpu/gpu_ext/microbench/trampoline-scaling/.output/scaling
[2026-09-03 20:14:38][info][1412947] nv_attach_impl: late attach bootstrap ingested 1 fatbin(s)
[2026-09-03 20:14:38][info][1412947] Instantiating bpf link 50 and the corresponding program cuda__scale_mar is cuda program
[2026-09-03 20:14:38][info][1412947] Handling link to CUDA program: 50, recording it..
[2026-09-03 20:14:38][info][1412947] Loaded 13 instructions (original) for cuda ebpf program
[2026-09-03 20:14:38][info][1412947] Copying map fd 17 to device, key size=4, value size=8, max ent=1, map_type = 1502, gpu_buffer = 7a17cb000000
[2026-09-03 20:14:38][info][1412947] nv_attach_impl: new hook added after bootstrap; rerunning late bootstrap
[2026-09-03 20:14:38][info][1412947] Recorded pass /home/yunwei37/workspace/gpu/bpftime-table1-575/build-table1-575/attach/nv_attach_impl/pass/ptxpass_kprobe_entry/libptxpass_kprobe_entry.so for func trampoline_marker_kernel
[2026-09-03 20:14:38][info][1412947] nv_attach_impl: late attach bootstrap scanning fatbins..
[2026-09-03 20:14:39][info][1412947] nv_attach_impl: targeted late bootstrap selected 1 of 19 loaded module(s)
[2026-09-03 20:14:39][info][1412947] Temporary fatbin written to /tmp/bpftime-fatbin-work.j2pJEb/temp.fatbin
[2026-09-03 20:14:39][info][1412947] Extracting PTX in the fatbin...
[2026-09-03 20:14:39][info][1412947] Calling cuobjdump: /usr/local/cuda-12.9/bin/cuobjdump --extract-ptx all /tmp/bpftime-fatbin-work.j2pJEb/temp.fatbin
Extracting PTX file and ptxas options    1: scaling.sm_120.ptx -arch=sm_120  --generate-line-info 
[2026-09-03 20:14:39][info][1412947] Remove extracted files..
[2026-09-03 20:14:39][info][1412947] Got 1 PTX files
[2026-09-03 20:14:39][info][1412947] Loading & patching current fatbin..
[2026-09-03 20:14:39][info][1413156] Patching PTX: scaling.sm_120.ptx
[2026-09-03 20:14:39][info][1413156] Patching request d0265b11858b0deb1cbebcc486487c212c3c0a62598f56d547e44e51f71d1aea found in cache
[2026-09-03 20:14:39][info][1413156] Patching request 313b7416bcf0a9b8c0018f110bab6c01cb7e5e08c15cee8ae2ca37fb2a49d3cf not found in cache, patching..
[ptxpass] kprobe_entry: matched=1, in=2624, out=3911
[2026-09-03 20:14:39][info][1412947] Using SM arch from BPFTIME_SM_ARCH: sm_120
[2026-09-03 20:14:39][info][1412947] Compiling PTXs with sm_arch sm_120
[2026-09-03 20:14:39][info][1412947] Compiler version: 12.9
[2026-09-03 20:14:39][info][1413180] Start compiling patched.scaling.sm_120.ptx, not found in cache
[2026-09-03 20:14:39][info][1413180] Compile of patched.scaling.sm_120.ptx done
[2026-09-03 20:14:39][info][1412947] Loading module: patched.scaling.sm_120.ptx, not found in cache
[2026-09-03 20:14:39][info][1412947] Copying trampoline data to device
[2026-09-03 20:14:39][info][1412947] constData symbol device_ptr=7a17cb80aa00 size=8 shared_mem_ptr=7a19e56297d8
[2026-09-03 20:14:39][info][1412947] map_info symbol device_ptr=7a17cb80aa08 size=40960
[2026-09-03 20:14:39][info][1412947] Trampoline data copied
[2026-09-03 20:14:39][info][1412947] Loaded module: patched.scaling.sm_120.ptx
[2026-09-03 20:14:39][info][1412947] nv_attach_impl: ingested fatbin from .nv_fatbin in /home/yunwei37/workspace/gpu/gpu_ext/microbench/trampoline-scaling/.output/scaling
[2026-09-03 20:14:39][info][1412947] nv_attach_impl: late attach bootstrap ingested 1 fatbin(s)
[2026-09-03 20:14:39][info][1412947] agent ipc: listening (abstract) for pid 1412947
[2026-09-03 20:14:39][info][1412947] Attach successfully
[2026-09-03 20:14:39][info][1412984] Exiting CUDA watcher thread
{"event":"device","name":"NVIDIA GeForce RTX 5090","major":12,"minor":0,"warp_size":32,"max_threads_per_block":1024,"max_grid_x":2147483647}
{"event":"marker","threads":32,"mismatches":0}
{"event":"measurement","cell":0,"blocks":256,"threads_per_block":256,"launched_threads":65536,"active_threads":65536,"active_warps":2048,"counter_key":0,"warmup":2,"launches":8,"hook_repeats":2,"elapsed_ms":0.0332479998,"checked_values":1048576,"mismatches":0}
{"event":"measurement","cell":1,"blocks":512,"threads_per_block":256,"launched_threads":131072,"active_threads":65536,"active_warps":2048,"counter_key":1,"warmup":2,"launches":8,"hook_repeats":2,"elapsed_ms":0.0325439982,"checked_values":1048576,"mismatches":0}
{"event":"measurement","cell":2,"blocks":1024,"threads_per_block":256,"launched_threads":262144,"active_threads":65536,"active_warps":2048,"counter_key":2,"warmup":2,"launches":8,"hook_repeats":2,"elapsed_ms":0.0320639983,"checked_values":1048576,"mismatches":0}
{"event":"measurement","cell":3,"blocks":2048,"threads_per_block":256,"launched_threads":524288,"active_threads":65536,"active_warps":2048,"counter_key":3,"warmup":2,"launches":8,"hook_repeats":2,"elapsed_ms":0.033888001,"checked_values":1048576,"mismatches":0}
{"event":"measurement","cell":4,"blocks":4096,"threads_per_block":256,"launched_threads":1048576,"active_threads":65536,"active_warps":2048,"counter_key":4,"warmup":2,"launches":8,"hook_repeats":2,"elapsed_ms":0.0353920013,"checked_values":1048576,"mismatches":0}
{"event":"measurement","cell":5,"blocks":4096,"threads_per_block":256,"launched_threads":1048576,"active_threads":131072,"active_warps":4096,"counter_key":4,"warmup":2,"launches":8,"hook_repeats":2,"elapsed_ms":0.033888001,"checked_values":1048576,"mismatches":0}
{"event":"measurement","cell":6,"blocks":4096,"threads_per_block":256,"launched_threads":1048576,"active_threads":262144,"active_warps":8192,"counter_key":4,"warmup":2,"launches":8,"hook_repeats":2,"elapsed_ms":0.0346879996,"checked_values":1048576,"mismatches":0}
{"event":"measurement","cell":7,"blocks":4096,"threads_per_block":256,"launched_threads":1048576,"active_threads":524288,"active_warps":16384,"counter_key":4,"warmup":2,"launches":8,"hook_repeats":2,"elapsed_ms":0.0351039991,"checked_values":1048576,"mismatches":0}
{"event":"measurement","cell":8,"blocks":4096,"threads_per_block":256,"launched_threads":1048576,"active_threads":1048576,"active_warps":32768,"counter_key":4,"warmup":2,"launches":8,"hook_repeats":2,"elapsed_ms":0.037312001,"checked_values":1048576,"mismatches":0}
{"event":"complete","cells":9,"run_id":1}
