[2026-09-06 20:28:28][warning][599943] Calling original ioctl: 8 3223340586 140726914858896
[2026-09-06 20:28:28][warning][599943] Calling original ioctl: 8 3223340586 140726914858912
[2026-09-06 20:28:28][warning][599943] Calling original ioctl: 8 3223340586 140726914858960
[2026-09-06 20:28:28][warning][599943] Calling original ioctl: 9 25 140726914863280
[2026-09-06 20:28:28][warning][599943] Calling original ioctl: 8 3224389163 140726914860544
[2026-09-06 20:28:28][warning][599943] Calling original ioctl: 9 73 140726914859728
[2026-09-06 20:28:28][warning][599943] Calling original ioctl: 9 33 140726914850496
[2026-09-06 20:28:28][warning][599943] Calling original ioctl: 8 3224389163 140726914860224
[2026-09-06 20:28:28][warning][599943] Calling original ioctl: 9 73 140726914859408
[2026-09-06 20:28:28][warning][599943] Calling original ioctl: 9 33 140726914850176
[2026-09-06 20:28:28][warning][599943] Calling original ioctl: 8 3224389163 140726914860224
[2026-09-06 20:28:28][warning][599943] Calling original ioctl: 9 73 140726914859408
[2026-09-06 20:28:28][warning][599943] Calling original ioctl: 9 33 140726914850176
[2026-09-06 20:28:28][warning][599943] Calling original ioctl: 8 3224389163 140726914860720
[2026-09-06 20:28:28][warning][599943] Calling original ioctl: 9 73 140726914859904
[2026-09-06 20:28:28][warning][599943] Calling original ioctl: 9 33 140726914850672
[2026-09-06 20:28:28][warning][599943] Calling original ioctl: 8 3224389163 140726914862400
[2026-09-06 20:28:28][warning][599943] Calling original ioctl: 8 3224389163 140726914862384
[2026-09-06 20:28:28][warning][599943] Calling original ioctl: 8 3224389163 140726914858624
[2026-09-06 20:28:28][warning][599943] Calling original ioctl: 8 3223340586 140726914854208
[2026-09-06 20:28:28][warning][599943] Calling original ioctl: 8 3224913486 140726914858752
[2026-09-06 20:28:28][warning][599943] Calling original ioctl: 8 3223864926 140726914858704
[2026-09-06 20:28:28][warning][599943] Calling original ioctl: 9 73 140726914857808
[2026-09-06 20:28:28][warning][599943] Calling original ioctl: 9 33 140726914848576
[2026-09-06 20:28:28][warning][599943] Calling original ioctl: 8 3224389163 140726914858160
[2026-09-06 20:28:28][warning][599943] Calling original ioctl: 8 3223340586 140726914853744
[2026-09-06 20:28:28][warning][599943] Calling original ioctl: 8 3224913486 140726914858288
[2026-09-06 20:28:28][warning][599943] Calling original ioctl: 9 73 140726914857344
[2026-09-06 20:28:28][warning][599943] Calling original ioctl: 9 33 140726914848112
[2026-09-06 20:28:28][warning][599943] Calling original ioctl: 8 3224389163 140726914859008
[2026-09-06 20:28:28][warning][599943] Calling original ioctl: 8 3223340586 140726914854592
[2026-09-06 20:28:28][warning][599943] Calling original ioctl: 8 3224913486 140726914859136
[2026-09-06 20:28:28][warning][599943] Calling original ioctl: 8 3224389163 140726914860864
[2026-09-06 20:28:28][warning][599943] Calling original ioctl: 8 3223340586 140726914856896
[2026-09-06 20:28:28][warning][599943] Calling original ioctl: 8 3224389163 140726914861152
[2026-09-06 20:28:28][warning][599943] Calling original ioctl: 8 3223340586 140726914856832
[2026-09-06 20:28:28][warning][599943] Calling original ioctl: 8 3224389163 140726914861152
[2026-09-06 20:28:28][warning][599943] Calling original ioctl: 8 3223340586 140726914856832
[2026-09-06 20:28:28][warning][599943] Calling original ioctl: 8 3223340586 140726914856912
[2026-09-06 20:28:28][warning][599943] Calling original ioctl: 8 3223340586 140726914856912
[2026-09-06 20:28:28][warning][599943] Calling original ioctl: 8 3224389163 140726914859808
[2026-09-06 20:28:28][warning][599943] Calling original ioctl: 8 3223340586 140726914855392
[2026-09-06 20:28:28][warning][599943] Calling original ioctl: 8 3224913486 140726914859936
[2026-09-06 20:28:28][warning][599943] Calling original ioctl: 9 73 140726914858992
[2026-09-06 20:28:28][warning][599943] Calling original ioctl: 9 33 140726914849760
[2026-09-06 20:28:28][warning][599943] Calling original ioctl: 8 3224389163 140726914859008
[2026-09-06 20:28:28][warning][599943] Calling original ioctl: 8 3223340586 140726914854592
[2026-09-06 20:28:28][warning][599943] Calling original ioctl: 8 3224913486 140726914859136
[2026-09-06 20:28:28][warning][599943] Calling original ioctl: 8 3224389163 140726914860864
[2026-09-06 20:28:28][warning][599943] Calling original ioctl: 8 3223340586 140726914856896
[2026-09-06 20:28:28][warning][599943] Calling original ioctl: 8 3224389163 140726914861152
[2026-09-06 20:28:28][warning][599943] Calling original ioctl: 8 3223340586 140726914856832
[2026-09-06 20:28:28][warning][599943] Calling original ioctl: 8 3223340586 140726914856912
[2026-09-06 20:28:28][warning][599943] Calling original ioctl: 8 3223340586 140726914856912
[2026-09-06 20:28:28][warning][599943] Calling original ioctl: 8 3224389163 140726914859008
[2026-09-06 20:28:28][warning][599943] Calling original ioctl: 8 3223340586 140726914854592
[2026-09-06 20:28:28][warning][599943] Calling original ioctl: 8 3224913486 140726914859136
[2026-09-06 20:28:28][warning][599943] Calling original ioctl: 8 3224389163 140726914860864
[2026-09-06 20:28:28][warning][599943] Calling original ioctl: 8 3223340586 140726914856896
[2026-09-06 20:28:28][warning][599943] Calling original ioctl: 8 3224389163 140726914861152
[2026-09-06 20:28:28][warning][599943] Calling original ioctl: 8 3223340586 140726914856832
[2026-09-06 20:28:28][warning][599943] Calling original ioctl: 8 3224389163 140726914861152
[2026-09-06 20:28:28][warning][599943] Calling original ioctl: 8 3223340586 140726914856832
[2026-09-06 20:28:28][warning][599943] Calling original ioctl: 8 3223340586 140726914856912
[2026-09-06 20:28:28][warning][599943] Calling original ioctl: 8 3223340586 140726914856912
[2026-09-06 20:28:28][warning][599943] Calling original ioctl: 8 3224389163 140726914859008
[2026-09-06 20:28:28][warning][599943] Calling original ioctl: 8 3223340586 140726914854592
[2026-09-06 20:28:28][warning][599943] Calling original ioctl: 8 3224913486 140726914859136
[2026-09-06 20:28:28][warning][599943] Calling original ioctl: 8 3224389163 140726914860864
[2026-09-06 20:28:28][warning][599943] Calling original ioctl: 8 3223340586 140726914856896
[2026-09-06 20:28:28][warning][599943] Calling original ioctl: 8 3224389163 140726914861152
[2026-09-06 20:28:28][warning][599943] Calling original ioctl: 8 3223340586 140726914856832
[2026-09-06 20:28:28][warning][599943] Calling original ioctl: 8 3223340586 140726914856912
[2026-09-06 20:28:28][warning][599943] Calling original ioctl: 8 3223340586 140726914856912
[2026-09-06 20:28:28][warning][599943] Calling original ioctl: 8 3224389163 140726914859008
[2026-09-06 20:28:28][warning][599943] Calling original ioctl: 8 3223340586 140726914854592
[2026-09-06 20:28:28][warning][599943] Calling original ioctl: 8 3224913486 140726914859136
[2026-09-06 20:28:28][warning][599943] Calling original ioctl: 8 3224389163 140726914860864
[2026-09-06 20:28:28][warning][599943] Calling original ioctl: 8 3223340586 140726914856896
[2026-09-06 20:28:28][warning][599943] Calling original ioctl: 8 3224389163 140726914861152
[2026-09-06 20:28:28][warning][599943] Calling original ioctl: 8 3223340586 140726914856832
[2026-09-06 20:28:28][warning][599943] Calling original ioctl: 8 3224389163 140726914861152
[2026-09-06 20:28:28][warning][599943] Calling original ioctl: 8 3223340586 140726914856832
[2026-09-06 20:28:28][warning][599943] Calling original ioctl: 8 3223340586 140726914856912
[2026-09-06 20:28:28][warning][599943] Calling original ioctl: 8 3223340586 140726914856912
[2026-09-06 20:28:28][warning][599943] Calling original ioctl: 8 3224389163 140726914859008
[2026-09-06 20:28:28][warning][599943] Calling original ioctl: 8 3223340586 140726914854592
[2026-09-06 20:28:28][warning][599943] Calling original ioctl: 8 3224913486 140726914859136
[2026-09-06 20:28:28][warning][599943] Calling original ioctl: 8 3224389163 140726914860864
[2026-09-06 20:28:28][warning][599943] Calling original ioctl: 8 3223340586 140726914856896
[2026-09-06 20:28:28][warning][599943] Calling original ioctl: 8 3224389163 140726914861152
[2026-09-06 20:28:28][warning][599943] Calling original ioctl: 8 3223340586 140726914856832
[2026-09-06 20:28:28][warning][599943] Calling original ioctl: 8 3223340586 140726914856912
[2026-09-06 20:28:28][warning][599943] Calling original ioctl: 8 3223340586 140726914856912
[2026-09-06 20:28:28][warning][599943] Calling original ioctl: 8 3224389163 140726914859008
[2026-09-06 20:28:28][warning][599943] Calling original ioctl: 8 3223340586 140726914854592
[2026-09-06 20:28:28][warning][599943] Calling original ioctl: 8 3224913486 140726914859136
[2026-09-06 20:28:28][warning][599943] Calling original ioctl: 8 3224389163 140726914860864
[2026-09-06 20:28:28][warning][599943] Calling original ioctl: 8 3223340586 140726914856896
[2026-09-06 20:28:28][warning][599943] Calling original ioctl: 8 3224389163 140726914861152
[2026-09-06 20:28:28][warning][599943] Calling original ioctl: 8 3223340586 140726914856832
[2026-09-06 20:28:28][warning][599943] Calling original ioctl: 8 3224389163 140726914861152
[2026-09-06 20:28:28][warning][599943] Calling original ioctl: 8 3223340586 140726914856832
[2026-09-06 20:28:28][warning][599943] Calling original ioctl: 8 3223340586 140726914856912
[2026-09-06 20:28:28][warning][599943] Calling original ioctl: 8 3223340586 140726914856912
[2026-09-06 20:28:28][warning][599943] Calling original ioctl: 8 3224389163 140726914859008
[2026-09-06 20:28:28][warning][599943] Calling original ioctl: 8 3223340586 140726914854592
[2026-09-06 20:28:28][warning][599943] Calling original ioctl: 8 3224913486 140726914859136
[2026-09-06 20:28:28][warning][599943] Calling original ioctl: 8 3224389163 140726914860864
[2026-09-06 20:28:28][warning][599943] Calling original ioctl: 8 3223340586 140726914856896
[2026-09-06 20:28:28][warning][599943] Calling original ioctl: 8 3224389163 140726914861152
[2026-09-06 20:28:28][warning][599943] Calling original ioctl: 8 3223340586 140726914856832
[2026-09-06 20:28:28][warning][599943] Calling original ioctl: 8 3223340586 140726914856912
[2026-09-06 20:28:28][warning][599943] Calling original ioctl: 8 3223340586 140726914856912
[2026-09-06 20:28:28][warning][599943] Calling original ioctl: 9 27 140726914862832
[2026-09-06 20:28:28][warning][599943] Calling original ioctl: 9 27 140726914862832
[2026-09-06 20:28:28][warning][599943] Calling original ioctl: 9 27 140726914862832
[2026-09-06 20:28:28][warning][599943] Calling original ioctl: 9 27 140726914862832
[2026-09-06 20:28:28][warning][599943] Calling original ioctl: 9 27 140726914862832
[2026-09-06 20:28:28][warning][599943] Calling original ioctl: 9 27 140726914862832
[2026-09-06 20:28:28][warning][599943] Calling original ioctl: 9 27 140726914862832
[2026-09-06 20:28:28][warning][599943] Calling original ioctl: 9 27 140726914862832
[2026-09-06 20:28:28][warning][599943] Calling original ioctl: 8 3223340586 140726914858496
[2026-09-06 20:28:28][warning][599943] Calling original ioctl: 17 3221505737 140726914862592
[2026-09-06 20:28:28][warning][599943] Calling original ioctl: 17 3222292174 140726914862576
[2026-09-06 20:28:28][warning][599943] Calling original ioctl: 17 3224389163 140726914862560
[2026-09-06 20:28:28][warning][599943] Calling original ioctl: 8 3224389163 140726914862400
[2026-09-06 20:28:28][warning][599943] Calling original ioctl: 8 3224389163 140726914859008
[2026-09-06 20:28:28][warning][599943] Calling original ioctl: 8 3223340586 140726914854592
[2026-09-06 20:28:28][warning][599943] Calling original ioctl: 8 3224913486 140726914859136
[2026-09-06 20:28:28][warning][599943] Calling original ioctl: 8 3224389163 140726914860864
[2026-09-06 20:28:28][warning][599943] Calling original ioctl: 8 3223340586 140726914856896
[2026-09-06 20:28:28][warning][599943] Calling original ioctl: 8 3224389163 140726914861152
[2026-09-06 20:28:28][warning][599943] Calling original ioctl: 8 3223340586 140726914856832
[2026-09-06 20:28:28][warning][599943] Calling original ioctl: 8 3223340586 140726914856912
[2026-09-06 20:28:28][warning][599943] Calling original ioctl: 8 3224389163 140726914859008
[2026-09-06 20:28:28][warning][599943] Calling original ioctl: 8 3223340586 140726914854592
[2026-09-06 20:28:28][warning][599943] Calling original ioctl: 8 3224913486 140726914859136
[2026-09-06 20:28:28][warning][599943] Calling original ioctl: 8 3224389163 140726914860864
[2026-09-06 20:28:28][warning][599943] Calling original ioctl: 8 3223340586 140726914856896
[2026-09-06 20:28:28][warning][599943] Calling original ioctl: 8 3224389163 140726914861152
[2026-09-06 20:28:28][warning][599943] Calling original ioctl: 8 3223340586 140726914856832
[2026-09-06 20:28:28][warning][599943] Calling original ioctl: 8 3223340586 140726914856912
[2026-09-06 20:28:28][warning][599943] Calling original ioctl: 8 3224389163 140726914859008
[2026-09-06 20:28:28][warning][599943] Calling original ioctl: 8 3223340586 140726914854592
[2026-09-06 20:28:28][warning][599943] Calling original ioctl: 8 3224913486 140726914859136
[2026-09-06 20:28:28][warning][599943] Calling original ioctl: 8 3224389163 140726914860864
[2026-09-06 20:28:28][warning][599943] Calling original ioctl: 8 3223340586 140726914856896
[2026-09-06 20:28:28][warning][599943] Calling original ioctl: 8 3224389163 140726914861152
[2026-09-06 20:28:28][warning][599943] Calling original ioctl: 8 3223340586 140726914856832
[2026-09-06 20:28:28][warning][599943] Calling original ioctl: 8 3223340586 140726914856912
[2026-09-06 20:28:28][warning][599943] Calling original ioctl: 8 3224389163 140726914859008
[2026-09-06 20:28:28][warning][599943] Calling original ioctl: 8 3223340586 140726914854592
[2026-09-06 20:28:28][warning][599943] Calling original ioctl: 8 3224913486 140726914859136
[2026-09-06 20:28:28][warning][599943] Calling original ioctl: 8 3224389163 140726914860864
[2026-09-06 20:28:28][warning][599943] Calling original ioctl: 8 3223340586 140726914856896
[2026-09-06 20:28:28][warning][599943] Calling original ioctl: 8 3224389163 140726914861152
[2026-09-06 20:28:28][warning][599943] Calling original ioctl: 8 3223340586 140726914856832
[2026-09-06 20:28:28][warning][599943] Calling original ioctl: 8 3223340586 140726914856912
[2026-09-06 20:28:28][warning][599943] Calling original ioctl: 9 27 140726914862832
[2026-09-06 20:28:28][warning][599943] Calling original ioctl: 9 27 140726914862832
[2026-09-06 20:28:28][warning][599943] Calling original ioctl: 9 27 140726914862832
[2026-09-06 20:28:28][warning][599943] Calling original ioctl: 9 27 140726914862832
[2026-09-06 20:28:28][warning][599943] Calling original ioctl: 8 3223340586 140726914858496
[2026-09-06 20:28:28][warning][599943] Calling original ioctl: 19 3221505737 140726914862592
[2026-09-06 20:28:28][warning][599943] Calling original ioctl: 19 3222292174 140726914862576
[2026-09-06 20:28:28][warning][599943] Calling original ioctl: 19 3224389163 140726914862560
[2026-09-06 20:28:28][warning][599943] Calling original ioctl: 8 3224389163 140726914862400
[2026-09-06 20:28:28][warning][599943] Calling original ioctl: 8 3224389163 140726914859008
[2026-09-06 20:28:28][warning][599943] Calling original ioctl: 8 3223340586 140726914854592
[2026-09-06 20:28:28][warning][599943] Calling original ioctl: 8 3224913486 140726914859136
[2026-09-06 20:28:28][warning][599943] Calling original ioctl: 8 3224389163 140726914860864
[2026-09-06 20:28:28][warning][599943] Calling original ioctl: 8 3223340586 140726914856896
[2026-09-06 20:28:28][warning][599943] Calling original ioctl: 8 3224389163 140726914861152
[2026-09-06 20:28:28][warning][599943] Calling original ioctl: 8 3223340586 140726914856832
[2026-09-06 20:28:28][warning][599943] Calling original ioctl: 8 3223340586 140726914856912
[2026-09-06 20:28:28][warning][599943] Calling original ioctl: 8 3224389163 140726914859008
[2026-09-06 20:28:28][warning][599943] Calling original ioctl: 8 3223340586 140726914854592
[2026-09-06 20:28:28][warning][599943] Calling original ioctl: 8 3224913486 140726914859136
[2026-09-06 20:28:28][warning][599943] Calling original ioctl: 8 3224389163 140726914860864
[2026-09-06 20:28:28][warning][599943] Calling original ioctl: 8 3223340586 140726914856896
[2026-09-06 20:28:28][warning][599943] Calling original ioctl: 8 3224389163 140726914861152
[2026-09-06 20:28:28][warning][599943] Calling original ioctl: 8 3223340586 140726914856832
[2026-09-06 20:28:28][warning][599943] Calling original ioctl: 8 3223340586 140726914856912
[2026-09-06 20:28:28][warning][599943] Calling original ioctl: 8 3224389163 140726914859008
[2026-09-06 20:28:28][warning][599943] Calling original ioctl: 8 3223340586 140726914854592
[2026-09-06 20:28:28][warning][599943] Calling original ioctl: 8 3224913486 140726914859136
[2026-09-06 20:28:28][warning][599943] Calling original ioctl: 8 3224389163 140726914860864
[2026-09-06 20:28:28][warning][599943] Calling original ioctl: 8 3223340586 140726914856896
[2026-09-06 20:28:28][warning][599943] Calling original ioctl: 8 3224389163 140726914861152
[2026-09-06 20:28:28][warning][599943] Calling original ioctl: 8 3223340586 140726914856832
[2026-09-06 20:28:28][warning][599943] Calling original ioctl: 8 3223340586 140726914856912
[2026-09-06 20:28:28][warning][599943] Calling original ioctl: 8 3224389163 140726914859008
[2026-09-06 20:28:28][warning][599943] Calling original ioctl: 8 3223340586 140726914854592
[2026-09-06 20:28:28][warning][599943] Calling original ioctl: 8 3224913486 140726914859136
[2026-09-06 20:28:28][warning][599943] Calling original ioctl: 8 3224389163 140726914860864
[2026-09-06 20:28:28][warning][599943] Calling original ioctl: 8 3223340586 140726914856896
[2026-09-06 20:28:28][warning][599943] Calling original ioctl: 8 3224389163 140726914861152
[2026-09-06 20:28:28][warning][599943] Calling original ioctl: 8 3223340586 140726914856832
[2026-09-06 20:28:28][warning][599943] Calling original ioctl: 8 3223340586 140726914856912
[2026-09-06 20:28:28][warning][599943] Calling original ioctl: 9 27 140726914862832
[2026-09-06 20:28:28][warning][599943] Calling original ioctl: 9 27 140726914862832
[2026-09-06 20:28:28][warning][599943] Calling original ioctl: 9 27 140726914862832
[2026-09-06 20:28:28][warning][599943] Calling original ioctl: 9 27 140726914862832
[2026-09-06 20:28:28][warning][599943] Calling original ioctl: 8 3223340586 140726914858496
[2026-09-06 20:28:28][warning][599943] Calling original ioctl: 21 3221505737 140726914862592
[2026-09-06 20:28:28][warning][599943] Calling original ioctl: 21 3222292174 140726914862576
[2026-09-06 20:28:28][warning][599943] Calling original ioctl: 21 3224389163 140726914862560
[2026-09-06 20:28:28][warning][599943] Calling original ioctl: 8 3224389163 140726914860032
[2026-09-06 20:28:28][warning][599943] Calling original ioctl: 8 3223340586 140726914855616
[2026-09-06 20:28:28][warning][599943] Calling original ioctl: 8 3224913486 140726914860160
[2026-09-06 20:28:28][warning][599943] Calling original ioctl: 9 73 140726914859216
[2026-09-06 20:28:28][warning][599943] Calling original ioctl: 9 33 140726914849984
[2026-09-06 20:28:28][warning][599943] Calling original ioctl: 8 3224389163 140726914860336
[2026-09-06 20:28:28][warning][599943] Calling original ioctl: 9 73 140726914859520
[2026-09-06 20:28:28][warning][599943] Calling original ioctl: 9 33 140726914850288
[2026-09-06 20:28:28][warning][599943] Calling original ioctl: 9 68 140726914849680
[2026-09-06 20:28:28][warning][599943] Calling original ioctl: 9 72 140726914858784
[2026-09-06 20:28:28][warning][599943] Calling original ioctl: 9 23 140726914863136
[2026-09-06 20:28:28][warning][599943] Calling original ioctl: 9 23 140726914863136
[2026-09-06 20:28:28][warning][599943] Calling original ioctl: 9 23 140726914863136
[2026-09-06 20:28:28][warning][599943] Calling original ioctl: 9 23 140726914863136
[2026-09-06 20:28:28][warning][599943] Calling original ioctl: 8 3224389163 140726914860336
[2026-09-06 20:28:28][warning][599943] Calling original ioctl: 9 73 140726914859520
[2026-09-06 20:28:28][warning][599943] Calling original ioctl: 9 33 140726914850288
[2026-09-06 20:28:28][warning][599943] Calling original ioctl: 9 23 140726914863136
[2026-09-06 20:28:28][warning][599943] Calling original ioctl: 9 23 140726914863136
[2026-09-06 20:28:28][warning][599943] Calling original ioctl: 9 23 140726914863136
[2026-09-06 20:28:28][warning][599943] Calling original ioctl: 8 3224389163 140726914859760
[2026-09-06 20:28:28][warning][599943] Calling original ioctl: 8 3223340586 140726914855344
[2026-09-06 20:28:28][warning][599943] Calling original ioctl: 8 3224913486 140726914859888
[2026-09-06 20:28:28][warning][599943] Calling original ioctl: 9 73 140726914858944
[2026-09-06 20:28:28][warning][599943] Calling original ioctl: 9 33 140726914849712
[2026-09-06 20:28:28][warning][599943] Calling original ioctl: 12 3224913447 140726914859744
[2026-09-06 20:28:28][warning][599943] Calling original ioctl: 9 73 140726914858944
[2026-09-06 20:28:28][warning][599943] Calling original ioctl: 9 33 140726914849712
[2026-09-06 20:28:28][warning][599943] Calling original ioctl: 8 3224389163 140726914860624
[2026-09-06 20:28:28][warning][599943] Calling original ioctl: 9 73 140726914859808
[2026-09-06 20:28:28][warning][599943] Calling original ioctl: 9 33 140726914850576
[2026-09-06 20:28:28][warning][599943] Calling original ioctl: 12 3224913447 140726914860000
[2026-09-06 20:28:28][warning][599943] Calling original ioctl: 9 73 140726914859200
[2026-09-06 20:28:28][warning][599943] Calling original ioctl: 9 33 140726914849968
[2026-09-06 20:28:28][warning][599943] Calling original ioctl: 8 3224389163 140726914860016
[2026-09-06 20:28:28][warning][599943] Calling original ioctl: 9 73 140726914859200
[2026-09-06 20:28:28][warning][599943] Calling original ioctl: 9 33 140726914849968
[2026-09-06 20:28:28][warning][599943] Calling original ioctl: 9 65 140726914860288
[2026-09-06 20:28:28][warning][599943] Calling original ioctl: 12 3224913447 140726914861104
[2026-09-06 20:28:28][warning][599943] Calling original ioctl: 9 73 140726914860304
[2026-09-06 20:28:28][warning][599943] Calling original ioctl: 9 33 140726914851072
[2026-09-06 20:28:28][warning][599943] Calling original ioctl: 8 3224389163 140726914861120
[2026-09-06 20:28:28][warning][599943] Calling original ioctl: 9 73 140726914860304
[2026-09-06 20:28:28][warning][599943] Calling original ioctl: 9 33 140726914851072
[2026-09-06 20:28:28][warning][599943] Calling original ioctl: 8 3224389163 140726914860688
[2026-09-06 20:28:28][warning][599943] Calling original ioctl: 8 3223340586 140726914856272
[2026-09-06 20:28:28][warning][599943] Calling original ioctl: 8 3224913486 140726914860816
[2026-09-06 20:28:28][warning][599943] Calling original ioctl: 9 73 140726914859872
[2026-09-06 20:28:28][warning][599943] Calling original ioctl: 9 33 140726914850640
[2026-09-06 20:28:28][warning][599943] Calling original ioctl: 8 3224389163 140726914858400
[2026-09-06 20:28:28][warning][599943] Calling original ioctl: 9 73 140726914857584
[2026-09-06 20:28:28][warning][599943] Calling original ioctl: 9 33 140726914848352
[2026-09-06 20:28:28][warning][599943] Calling original ioctl: 8 3224389163 140726914858320
[2026-09-06 20:28:28][warning][599943] Calling original ioctl: 9 73 140726914857504
[2026-09-06 20:28:28][warning][599943] Calling original ioctl: 9 33 140726914848272
[2026-09-06 20:28:28][warning][599943] Calling original ioctl: 8 3224389163 140726914858320
[2026-09-06 20:28:28][warning][599943] Calling original ioctl: 9 73 140726914857504
[2026-09-06 20:28:28][warning][599943] Calling original ioctl: 9 33 140726914848272
[2026-09-06 20:28:28][warning][599943] Calling original ioctl: 12 3224913447 140726914860656
[2026-09-06 20:28:28][warning][599943] Calling original ioctl: 9 73 140726914859856
[2026-09-06 20:28:28][warning][599943] Calling original ioctl: 9 33 140726914850624
[2026-09-06 20:28:28][warning][599943] Calling original ioctl: 8 3224389163 140726914863264
[2026-09-06 20:28:28][warning][599943] Calling original ioctl: 8 3224389163 140726914860160
[2026-09-06 20:28:28][warning][599943] Calling original ioctl: 8 3223340586 140726914855744
[2026-09-06 20:28:28][warning][599943] Calling original ioctl: 8 3224913486 140726914860288
[2026-09-06 20:28:28][warning][599943] Calling original ioctl: 9 73 140726914859344
[2026-09-06 20:28:28][warning][599943] Calling original ioctl: 9 33 140726914850112
[2026-09-06 20:28:28][warning][599943] Calling original ioctl: 8 3224389163 140726914860480
[2026-09-06 20:28:28][warning][599943] Calling original ioctl: 9 73 140726914859664
[2026-09-06 20:28:28][warning][599943] Calling original ioctl: 9 33 140726914850432
[2026-09-06 20:28:28][warning][599943] Calling original ioctl: 8 3224389163 140726914860480
[2026-09-06 20:28:28][warning][599943] Calling original ioctl: 9 73 140726914859664
[2026-09-06 20:28:28][warning][599943] Calling original ioctl: 9 33 140726914850432
[2026-09-06 20:28:28][warning][599943] Calling original ioctl: 24 3221505737 140726914862928
[2026-09-06 20:28:28][warning][599943] Calling original ioctl: 24 3222292174 140726914862912
[2026-09-06 20:28:28][warning][599943] Calling original ioctl: 24 3224389163 140726914862896
[2026-09-06 20:28:28][warning][599943] Calling original ioctl: 26 3221505737 140726914862928
[2026-09-06 20:28:28][warning][599943] Calling original ioctl: 26 3222292174 140726914862912
[2026-09-06 20:28:28][warning][599943] Calling original ioctl: 26 3224389163 140726914862896
[2026-09-06 20:28:28][warning][599943] Calling original ioctl: 28 3221505737 140726914862928
[2026-09-06 20:28:28][warning][599943] Calling original ioctl: 28 3222292174 140726914862912
[2026-09-06 20:28:28][warning][599943] Calling original ioctl: 28 3224389163 140726914862896
[2026-09-06 20:28:28][warning][599943] Calling original ioctl: 30 3221505737 140726914862928
[2026-09-06 20:28:28][warning][599943] Calling original ioctl: 30 3222292174 140726914862912
[2026-09-06 20:28:28][warning][599943] Calling original ioctl: 30 3224389163 140726914862896
[2026-09-06 20:28:28][warning][599943] Calling original ioctl: 8 3223340586 140726914858640
[2026-09-06 20:28:28][warning][599943] Calling original ioctl: 8 3223340586 140726914858816
[2026-09-06 20:28:28][warning][599943] Calling original ioctl: 8 3223340586 140726914858976
[2026-09-06 20:28:28][warning][599943] Calling original ioctl: 8 3224389163 140726914860448
[2026-09-06 20:28:28][warning][599943] Calling original ioctl: 9 73 140726914859632
[2026-09-06 20:28:28][warning][599943] Calling original ioctl: 9 33 140726914850400
[2026-09-06 20:28:28][warning][599943] Calling original ioctl: 8 3223340586 140726914858976
libbpf: loading object 'onevalue_array_bpf' from buffer
libbpf: elf: section(2) .symtab, size 264, link 1, flags 0, type=2
libbpf: elf: section(3) kretprobe/_Z9rope_normILb1ELb0Ef6__halfEvPKT1_PT2_iiiiiPKifff14rope_corr_dimsfPKfPKli, size 816, link 0, flags 6, type=1
libbpf: sec 'kretprobe/_Z9rope_normILb1ELb0Ef6__halfEvPKT1_PT2_iiiiiPKifff14rope_corr_dimsfPKfPKli': found program 'cuda__retprobe' at insn offset 0 (0 bytes), code size 102 insns (816 bytes)
libbpf: elf: section(4) .maps, size 32, link 0, flags 3, type=1
libbpf: elf: section(5) license, size 4, link 0, flags 3, type=1
libbpf: license of onevalue_array_bpf is GPL
libbpf: elf: section(6) .relkretprobe/_Z9rope_normILb1ELb0Ef6__halfEvPKT1_PT2_iiiiiPKifff14rope_corr_dimsfPKfPKli, size 16, link 2, flags 40, type=9
libbpf: elf: section(7) .BTF, size 2230, link 0, flags 0, type=1
libbpf: elf: section(8) .BTF.ext, size 768, link 0, flags 0, type=1
libbpf: looking for externs among 11 symbols...
libbpf: collected 0 externs total
libbpf: map 'arena': at sec_idx 4, offset 0.
libbpf: map 'arena': found type = 1503.
libbpf: map 'arena': found key [8], sz = 4.
libbpf: map 'arena': found value [12], sz = 23199768.
libbpf: map 'arena': found max_entries = 1.
libbpf: sec '.relkretprobe/_Z9rope_normILb1ELb0Ef6__halfEvPKT1_PT2_iiiiiPKifff14rope_corr_dimsfPKfPKli': collecting relocation for section(3) 'kretprobe/_Z9rope_normILb1ELb0Ef6__halfEvPKT1_PT2_iiiiiPKifff14rope_corr_dimsfPKfPKli'
libbpf: sec '.relkretprobe/_Z9rope_normILb1ELb0Ef6__halfEvPKT1_PT2_iiiiiPKifff14rope_corr_dimsfPKfPKli': relo #0: insn #47 against 'arena'
libbpf: prog 'cuda__retprobe': found map 0 (arena, sec 4, off 0) for insn #47
libbpf: object 'onevalue_array_': failed (-EACCES) to open BPF FS mount at '/sys/fs/bpf', skipping optional step...
libbpf: Kernel doesn't support BTF, skipping uploading it.
libbpf: map 'arena': created successfully, fd=34
One-value map type: 1503
One-value map max entries: 1
One-value map value bytes: 23199768
One-value probe attached; waiting for SIGINT
[2026-09-06 20:28:43][warning][599955] Calling original ioctl: 8 3223340586 140560097441392
[2026-09-06 20:30:08][warning][599943] Calling original ioctl: 8 3223340586 140726914852304
One-value drain bytes: 23199768
One-value drain time ns: 10959894
Warp append counters total: 720896
Active warps: 16384
Coordinate extent x: 16384
Stored events: 720896
Event coordinate mismatches: 0
Reserved total committed (device): 0
Overflow events: 0
Out-of-range events: 0
Nonzero timestamps: 720896
[2026-09-06 20:30:08][warning][599943] Calling original ioctl: 9 34 140726914861984
[2026-09-06 20:30:08][warning][599943] Calling original ioctl: 8 3222292009 140726914862144
[2026-09-06 20:30:08][warning][599943] Calling original ioctl: 9 34 140726914864576
[2026-09-06 20:30:08][warning][599943] Calling original ioctl: 8 3222292009 140726914864736
[2026-09-06 20:30:08][warning][599943] Calling original ioctl: 9 34 140726914864576
[2026-09-06 20:30:08][warning][599943] Calling original ioctl: 8 3222292009 140726914864736
[2026-09-06 20:30:08][warning][599943] Calling original ioctl: 8 3222292009 140726914865456
[2026-09-06 20:30:08][warning][599943] Calling original ioctl: 26 3222292175 140726914865472
[2026-09-06 20:30:08][warning][599943] Calling original ioctl: 8 3222292009 140726914865456
[2026-09-06 20:30:08][warning][599943] Calling original ioctl: 28 3222292175 140726914865472
[2026-09-06 20:30:08][warning][599943] Calling original ioctl: 8 3222292009 140726914865456
[2026-09-06 20:30:08][warning][599943] Calling original ioctl: 24 3222292175 140726914865472
[2026-09-06 20:30:08][warning][599943] Calling original ioctl: 8 3222292009 140726914865456
[2026-09-06 20:30:08][warning][599943] Calling original ioctl: 30 3222292175 140726914865472
[2026-09-06 20:30:08][warning][599943] Calling original ioctl: 9 34 140726914864480
[2026-09-06 20:30:08][warning][599943] Calling original ioctl: 8 3222292009 140726914864640
[2026-09-06 20:30:08][warning][599943] Calling original ioctl: 9 34 140726914864480
[2026-09-06 20:30:08][warning][599943] Calling original ioctl: 8 3222292009 140726914864640
[2026-09-06 20:30:08][warning][599943] Calling original ioctl: 9 34 140726914864608
[2026-09-06 20:30:08][warning][599943] Calling original ioctl: 8 3223340623 140726914864816
[2026-09-06 20:30:08][warning][599943] Calling original ioctl: 8 3222292009 140726914864768
[2026-09-06 20:30:08][warning][599943] Calling original ioctl: 8 3222292009 140726914865536
[2026-09-06 20:30:08][warning][599943] Calling original ioctl: 9 34 140726914864592
[2026-09-06 20:30:08][warning][599943] Calling original ioctl: 8 3222292009 140726914864752
[2026-09-06 20:30:08][warning][599943] Calling original ioctl: 9 34 140726914864592
[2026-09-06 20:30:08][warning][599943] Calling original ioctl: 8 3223340623 140726914864800
[2026-09-06 20:30:08][warning][599943] Calling original ioctl: 8 3222292009 140726914864752
[2026-09-06 20:30:08][warning][599943] Calling original ioctl: 8 3223340586 140726914860464
[2026-09-06 20:30:08][warning][599943] Calling original ioctl: 9 34 140726914864416
[2026-09-06 20:30:08][warning][599943] Calling original ioctl: 8 3222292009 140726914864576
[2026-09-06 20:30:08][warning][599943] Calling original ioctl: 8 3223340586 140726914860464
[2026-09-06 20:30:08][warning][599943] Calling original ioctl: 9 34 140726914864416
[2026-09-06 20:30:08][warning][599943] Calling original ioctl: 8 3222292009 140726914864576
[2026-09-06 20:30:08][warning][599943] Calling original ioctl: 8 3223340586 140726914860464
[2026-09-06 20:30:08][warning][599943] Calling original ioctl: 9 34 140726914864416
[2026-09-06 20:30:08][warning][599943] Calling original ioctl: 8 3222292009 140726914864576
[2026-09-06 20:30:08][warning][599943] Calling original ioctl: 8 3223340586 140726914861360
[2026-09-06 20:30:08][warning][599943] Calling original ioctl: 9 34 140726914864640
[2026-09-06 20:30:08][warning][599943] Calling original ioctl: 9 34 140726914864640
[2026-09-06 20:30:08][warning][599943] Calling original ioctl: 8 3222292009 140726914864800
[2026-09-06 20:30:08][warning][599943] Calling original ioctl: 9 34 140726914864640
[2026-09-06 20:30:08][warning][599943] Calling original ioctl: 8 3222292009 140726914864800
[2026-09-06 20:30:08][warning][599943] Calling original ioctl: 9 34 140726914864592
[2026-09-06 20:30:08][warning][599943] Calling original ioctl: 8 3223340623 140726914864800
[2026-09-06 20:30:08][warning][599943] Calling original ioctl: 8 3222292009 140726914864752
[2026-09-06 20:30:08][warning][599943] Calling original ioctl: 9 24 140726914865632
[2026-09-06 20:30:08][warning][599943] Calling original ioctl: 9 24 140726914865632
[2026-09-06 20:30:08][warning][599943] Calling original ioctl: 9 24 140726914865664
[2026-09-06 20:30:08][warning][599943] Calling original ioctl: 9 24 140726914865632
[2026-09-06 20:30:08][warning][599943] Calling original ioctl: 9 24 140726914865632
[2026-09-06 20:30:08][warning][599943] Calling original ioctl: 9 24 140726914865632
[2026-09-06 20:30:08][warning][599943] Calling original ioctl: 9 24 140726914865632
[2026-09-06 20:30:08][warning][599943] Calling original ioctl: 9 34 140726914864528
[2026-09-06 20:30:08][warning][599943] Calling original ioctl: 8 3222292009 140726914864688
[2026-09-06 20:30:08][warning][599943] Calling original ioctl: 9 34 140726914864528
[2026-09-06 20:30:08][warning][599943] Calling original ioctl: 8 3222292009 140726914864688
[2026-09-06 20:30:08][warning][599943] Calling original ioctl: 9 34 140726914864640
[2026-09-06 20:30:08][warning][599943] Calling original ioctl: 8 3222292009 140726914864800
[2026-09-06 20:30:08][warning][599943] Calling original ioctl: 8 3222292009 140726914865376
[2026-09-06 20:30:08][warning][599943] Calling original ioctl: 17 3222292175 140726914865392
[2026-09-06 20:30:08][warning][599943] Calling original ioctl: 9 28 140726914865504
[2026-09-06 20:30:08][warning][599943] Calling original ioctl: 9 28 140726914865504
[2026-09-06 20:30:08][warning][599943] Calling original ioctl: 9 28 140726914865504
[2026-09-06 20:30:08][warning][599943] Calling original ioctl: 9 28 140726914865504
[2026-09-06 20:30:08][warning][599943] Calling original ioctl: 9 28 140726914865504
[2026-09-06 20:30:08][warning][599943] Calling original ioctl: 9 28 140726914865504
[2026-09-06 20:30:08][warning][599943] Calling original ioctl: 9 28 140726914865504
[2026-09-06 20:30:08][warning][599943] Calling original ioctl: 9 28 140726914865504
[2026-09-06 20:30:08][warning][599943] Calling original ioctl: 8 3222292009 140726914865264
[2026-09-06 20:30:08][warning][599943] Calling original ioctl: 8 3222292009 140726914865264
[2026-09-06 20:30:08][warning][599943] Calling original ioctl: 8 3222292009 140726914865312
[2026-09-06 20:30:08][warning][599943] Calling original ioctl: 8 3223340623 140726914864576
[2026-09-06 20:30:08][warning][599943] Calling original ioctl: 8 3222292009 140726914864528
[2026-09-06 20:30:08][warning][599943] Calling original ioctl: 8 3222292009 140726914865264
[2026-09-06 20:30:08][warning][599943] Calling original ioctl: 8 3222292009 140726914865312
[2026-09-06 20:30:08][warning][599943] Calling original ioctl: 8 3223340623 140726914864576
[2026-09-06 20:30:08][warning][599943] Calling original ioctl: 8 3222292009 140726914864528
[2026-09-06 20:30:08][warning][599943] Calling original ioctl: 8 3222292009 140726914865264
[2026-09-06 20:30:08][warning][599943] Calling original ioctl: 8 3222292009 140726914865264
[2026-09-06 20:30:08][warning][599943] Calling original ioctl: 8 3222292009 140726914865312
[2026-09-06 20:30:08][warning][599943] Calling original ioctl: 8 3223340623 140726914864576
[2026-09-06 20:30:08][warning][599943] Calling original ioctl: 8 3222292009 140726914864528
[2026-09-06 20:30:08][warning][599943] Calling original ioctl: 8 3222292009 140726914865264
[2026-09-06 20:30:08][warning][599943] Calling original ioctl: 8 3222292009 140726914865312
[2026-09-06 20:30:08][warning][599943] Calling original ioctl: 8 3223340623 140726914864576
[2026-09-06 20:30:08][warning][599943] Calling original ioctl: 8 3222292009 140726914864528
[2026-09-06 20:30:08][warning][599943] Calling original ioctl: 8 3222292009 140726914865264
[2026-09-06 20:30:08][warning][599943] Calling original ioctl: 8 3222292009 140726914865264
[2026-09-06 20:30:08][warning][599943] Calling original ioctl: 8 3222292009 140726914865312
[2026-09-06 20:30:08][warning][599943] Calling original ioctl: 8 3223340623 140726914864576
[2026-09-06 20:30:08][warning][599943] Calling original ioctl: 8 3222292009 140726914864528
[2026-09-06 20:30:08][warning][599943] Calling original ioctl: 8 3222292009 140726914865264
[2026-09-06 20:30:08][warning][599943] Calling original ioctl: 8 3222292009 140726914865312
[2026-09-06 20:30:08][warning][599943] Calling original ioctl: 8 3223340623 140726914864576
[2026-09-06 20:30:08][warning][599943] Calling original ioctl: 8 3222292009 140726914864528
[2026-09-06 20:30:08][warning][599943] Calling original ioctl: 8 3222292009 140726914865264
[2026-09-06 20:30:08][warning][599943] Calling original ioctl: 8 3222292009 140726914865264
[2026-09-06 20:30:08][warning][599943] Calling original ioctl: 8 3222292009 140726914865312
[2026-09-06 20:30:08][warning][599943] Calling original ioctl: 8 3223340623 140726914864576
[2026-09-06 20:30:08][warning][599943] Calling original ioctl: 8 3222292009 140726914864528
[2026-09-06 20:30:08][warning][599943] Calling original ioctl: 8 3222292009 140726914865264
[2026-09-06 20:30:08][warning][599943] Calling original ioctl: 8 3222292009 140726914865312
[2026-09-06 20:30:08][warning][599943] Calling original ioctl: 8 3223340623 140726914864576
[2026-09-06 20:30:08][warning][599943] Calling original ioctl: 8 3222292009 140726914864528
[2026-09-06 20:30:08][warning][599943] Calling original ioctl: 8 3222292009 140726914865440
[2026-09-06 20:30:08][warning][599943] Calling original ioctl: 8 3222292009 140726914865408
[2026-09-06 20:30:08][warning][599943] Calling original ioctl: 8 3222292009 140726914865376
[2026-09-06 20:30:08][warning][599943] Calling original ioctl: 19 3222292175 140726914865392
[2026-09-06 20:30:08][warning][599943] Calling original ioctl: 9 28 140726914865504
[2026-09-06 20:30:08][warning][599943] Calling original ioctl: 9 28 140726914865504
[2026-09-06 20:30:08][warning][599943] Calling original ioctl: 9 28 140726914865504
[2026-09-06 20:30:08][warning][599943] Calling original ioctl: 9 28 140726914865504
[2026-09-06 20:30:08][warning][599943] Calling original ioctl: 8 3222292009 140726914865264
[2026-09-06 20:30:08][warning][599943] Calling original ioctl: 8 3222292009 140726914865312
[2026-09-06 20:30:08][warning][599943] Calling original ioctl: 8 3223340623 140726914864576
[2026-09-06 20:30:08][warning][599943] Calling original ioctl: 8 3222292009 140726914864528
[2026-09-06 20:30:08][warning][599943] Calling original ioctl: 8 3222292009 140726914865264
[2026-09-06 20:30:08][warning][599943] Calling original ioctl: 8 3222292009 140726914865312
[2026-09-06 20:30:08][warning][599943] Calling original ioctl: 8 3223340623 140726914864576
[2026-09-06 20:30:08][warning][599943] Calling original ioctl: 8 3222292009 140726914864528
[2026-09-06 20:30:08][warning][599943] Calling original ioctl: 8 3222292009 140726914865264
[2026-09-06 20:30:08][warning][599943] Calling original ioctl: 8 3222292009 140726914865312
[2026-09-06 20:30:08][warning][599943] Calling original ioctl: 8 3223340623 140726914864576
[2026-09-06 20:30:08][warning][599943] Calling original ioctl: 8 3222292009 140726914864528
[2026-09-06 20:30:08][warning][599943] Calling original ioctl: 8 3222292009 140726914865264
[2026-09-06 20:30:08][warning][599943] Calling original ioctl: 8 3222292009 140726914865312
[2026-09-06 20:30:08][warning][599943] Calling original ioctl: 8 3223340623 140726914864576
[2026-09-06 20:30:08][warning][599943] Calling original ioctl: 8 3222292009 140726914864528
[2026-09-06 20:30:08][warning][599943] Calling original ioctl: 8 3222292009 140726914865408
[2026-09-06 20:30:08][warning][599943] Calling original ioctl: 8 3222292009 140726914865376
[2026-09-06 20:30:08][warning][599943] Calling original ioctl: 21 3222292175 140726914865392
[2026-09-06 20:30:08][warning][599943] Calling original ioctl: 9 28 140726914865504
[2026-09-06 20:30:08][warning][599943] Calling original ioctl: 9 28 140726914865504
[2026-09-06 20:30:08][warning][599943] Calling original ioctl: 9 28 140726914865504
[2026-09-06 20:30:08][warning][599943] Calling original ioctl: 9 28 140726914865504
[2026-09-06 20:30:08][warning][599943] Calling original ioctl: 8 3222292009 140726914865264
[2026-09-06 20:30:08][warning][599943] Calling original ioctl: 8 3222292009 140726914865312
[2026-09-06 20:30:08][warning][599943] Calling original ioctl: 8 3223340623 140726914864576
[2026-09-06 20:30:08][warning][599943] Calling original ioctl: 8 3222292009 140726914864528
[2026-09-06 20:30:08][warning][599943] Calling original ioctl: 8 3222292009 140726914865264
[2026-09-06 20:30:08][warning][599943] Calling original ioctl: 8 3222292009 140726914865312
[2026-09-06 20:30:08][warning][599943] Calling original ioctl: 8 3223340623 140726914864576
[2026-09-06 20:30:08][warning][599943] Calling original ioctl: 8 3222292009 140726914864528
[2026-09-06 20:30:08][warning][599943] Calling original ioctl: 8 3222292009 140726914865264
[2026-09-06 20:30:08][warning][599943] Calling original ioctl: 8 3222292009 140726914865312
[2026-09-06 20:30:08][warning][599943] Calling original ioctl: 8 3223340623 140726914864576
[2026-09-06 20:30:08][warning][599943] Calling original ioctl: 8 3222292009 140726914864528
[2026-09-06 20:30:08][warning][599943] Calling original ioctl: 8 3222292009 140726914865264
[2026-09-06 20:30:08][warning][599943] Calling original ioctl: 8 3222292009 140726914865312
[2026-09-06 20:30:08][warning][599943] Calling original ioctl: 8 3223340623 140726914864576
[2026-09-06 20:30:08][warning][599943] Calling original ioctl: 8 3222292009 140726914864528
[2026-09-06 20:30:08][warning][599943] Calling original ioctl: 9 34 140726914864336
[2026-09-06 20:30:08][warning][599943] Calling original ioctl: 8 3223340623 140726914864544
[2026-09-06 20:30:08][warning][599943] Calling original ioctl: 8 3222292009 140726914864496
[2026-09-06 20:30:08][warning][599943] Calling original ioctl: 9 34 140726914864336
[2026-09-06 20:30:08][warning][599943] Calling original ioctl: 8 3223340623 140726914864544
[2026-09-06 20:30:08][warning][599943] Calling original ioctl: 8 3222292009 140726914864496
[2026-09-06 20:30:08][warning][599943] Calling original ioctl: 8 3222292009 140726914865408
[2026-09-06 20:30:08][warning][599943] Calling original ioctl: 9 34 140726914864640
[2026-09-06 20:30:08][warning][599943] Calling original ioctl: 8 3222292009 140726914864800
[2026-09-06 20:30:08][warning][599943] Calling original ioctl: 9 34 140726914864544
[2026-09-06 20:30:08][warning][599943] Calling original ioctl: 8 3222292009 140726914864704
[2026-09-06 20:30:08][warning][599943] Calling original ioctl: 9 34 140726914864640
[2026-09-06 20:30:08][warning][599943] Calling original ioctl: 8 3222292009 140726914864800
[2026-09-06 20:30:08][warning][599943] Calling original ioctl: 9 34 140726914864592
[2026-09-06 20:30:08][warning][599943] Calling original ioctl: 8 3222292009 140726914864752
[2026-09-06 20:30:08][warning][599943] Calling original ioctl: 9 34 140726914864576
[2026-09-06 20:30:08][warning][599943] Calling original ioctl: 8 3223340623 140726914864784
[2026-09-06 20:30:08][warning][599943] Calling original ioctl: 8 3222292009 140726914864736
[2026-09-06 20:30:08][warning][599943] Calling original ioctl: 9 34 140726914864576
[2026-09-06 20:30:08][warning][599943] Calling original ioctl: 8 3223340623 140726914864784
[2026-09-06 20:30:08][warning][599943] Calling original ioctl: 8 3222292009 140726914864736
[2026-09-06 20:30:08][warning][599943] Calling original ioctl: 9 34 140726914864592
[2026-09-06 20:30:08][warning][599943] Calling original ioctl: 8 3222292009 140726914864752
[2026-09-06 20:30:08][warning][599943] Calling original ioctl: 9 34 140726914864592
[2026-09-06 20:30:08][warning][599943] Calling original ioctl: 8 3222292009 140726914864752
[2026-09-06 20:30:08][warning][599943] Calling original ioctl: 9 34 140726914864752
[2026-09-06 20:30:08][warning][599943] Calling original ioctl: 8 3223340586 140726914861344
