[2026-09-03 21:52:44][info][1607804] Setting BPFTIME_SHM_MEMORY_MB to: 128
[2026-09-03 21:52:44][info][1607804] Setting BPFTIME_MAX_FD_COUNT to: 1024
[2026-09-03 21:52:44][info][1607804] Init bpftime syscall mocking..
[2026-09-03 21:52:44][info][1607804] The log will be written to: console
[2026-09-03 21:52:44][info][1607804] Starting syscall server..
[2026-09-03 21:52:44][info][1607804] Setting BPFTIME_SHM_MEMORY_MB to: 128
[2026-09-03 21:52:44][info][1607804] Setting BPFTIME_MAX_FD_COUNT to: 1024
[2026-09-03 21:52:44][info][1607804] Initialize syscall server
[2026-09-03 21:52:44][info][1607804] Setting BPFTIME_SHM_MEMORY_MB to: 128
[2026-09-03 21:52:44][info][1607804] Setting BPFTIME_MAX_FD_COUNT to: 1024
[2026-09-03 21:52:44][info][1607804] Global shm constructed. shm_open_type 3 for gpubpf_raw_map_1607430_1788497563839042817
[2026-09-03 21:52:44][info][1607804] Global shm initialized
[2026-09-03 21:52:44][info][1607804] Initializing CUDA at syscall-server side
[2026-09-03 21:52:44][info][1607804] CUDA initialized at syscall server side
[2026-09-03 21:52:44][info][1607804] bpftime-syscall-server started
[2026-09-03 21:52:44][info][1607804] syscall server: Set enable_mock_after_initialized to false
[2026-09-03 21:52:44][info][1607804] CUDA context for thread 1607804 has been set to 6520f14629d0
[2026-09-03 21:52:44][info][1607804] Map aggregate (nv_gpu_per_thread_array_map_impl) has space for thread count 2048
[2026-09-03 21:52:44][info][1607804] Initializing map type of BPF_MAP_TYPE_PERGPUTD_ARRAY_MAP, total_buffer_size=65536
[2026-09-03 21:52:44][info][1607804] syscall server: Set enable_mock_after_initialized to true
[2026-09-03 21:52:44][info][1607804] syscall server: Set enable_mock_after_initialized to false
[2026-09-03 21:52:44][info][1607804] CUDA context for thread 1607804 has been set to 6520f238c820
[2026-09-03 21:52:44][info][1607804] Map raw_records (nv_gpu_ringbuf_map_impl) has space for thread count 2048
[2026-09-03 21:52:44][info][1607804] syscall server: Set enable_mock_after_initialized to true
[2026-09-03 21:52:44][info][1607804] Created kprobe/kretprobe perf event handler, func_name raw_map_kernel, addr 0
