[2026-09-03 21:35:39][warning][1581177] VM factory for name: llvm already registered, overwriting
[2026-09-03 21:35:39][info][1581177] Setting BPFTIME_SHM_MEMORY_MB to: 128
[2026-09-03 21:35:39][info][1581177] Setting BPFTIME_MAX_FD_COUNT to: 1024
[2026-09-03 21:35:39][info][1581177] Registered shared memory with CUDA: addr=0x77c21c5ff000 size=134217728
[2026-09-03 21:35:39][info][1581177] Global shm constructed. shm_open_type 1 for gpubpf_raw_map_1581013_1788496539007877589
[2026-09-03 21:35:39][info][1581177] Global shm initialized
[2026-09-03 21:35:39][info][1581177] bpf_attach_ctx constructed
[2026-09-03 21:35:39][info][1581177] Initializing CUDA shared memory
[2026-09-03 21:35:39][info][1581177] CommSharedMem host 0x77c21c6297d8 mapped to device 0x77c21c6297d8
[2026-09-03 21:35:39][info][1581177] CUDA context created
[2026-09-03 21:35:39][info][1581177] Register attach-impl defined helper bpf_get_func_arg, index 183
[2026-09-03 21:35:39][info][1581177] Register attach-impl defined helper bpf_get_func_ret_id, index 184
[2026-09-03 21:35:39][info][1581177] Register attach-impl defined helper bpf_get_retval, index 186
[2026-09-03 21:35:39][info][1581177] Starting nv_attach_impl
[2026-09-03 21:35:39][info][1581177] Parsing bundled libraries: /home/yunwei37/workspace/gpu/bpftime-table1-575/build-table1-575/attach/nv_attach_impl/pass/ptxpass_kprobe_entry/libptxpass_kprobe_entry.so:/home/yunwei37/workspace/gpu/bpftime-table1-575/build-table1-575/attach/nv_attach_impl/pass/ptxpass_kretprobe/libptxpass_kretprobe.so:/home/yunwei37/workspace/gpu/bpftime-table1-575/build-table1-575/attach/nv_attach_impl/pass/ptxpass_kprobe_memcapture/libptxpass_kprobe_memcapture.so
[2026-09-03 21:35:39][info][1581177] Found path: /home/yunwei37/workspace/gpu/bpftime-table1-575/build-table1-575/attach/nv_attach_impl/pass/ptxpass_kprobe_entry/libptxpass_kprobe_entry.so, executing..
[2026-09-03 21:35:39][info][1581177] Retrived config of /home/yunwei37/workspace/gpu/bpftime-table1-575/build-table1-575/attach/nv_attach_impl/pass/ptxpass_kprobe_entry/libptxpass_kprobe_entry.so
[2026-09-03 21:35:39][info][1581177] Found path: /home/yunwei37/workspace/gpu/bpftime-table1-575/build-table1-575/attach/nv_attach_impl/pass/ptxpass_kretprobe/libptxpass_kretprobe.so, executing..
[2026-09-03 21:35:39][info][1581177] Retrived config of /home/yunwei37/workspace/gpu/bpftime-table1-575/build-table1-575/attach/nv_attach_impl/pass/ptxpass_kretprobe/libptxpass_kretprobe.so
[2026-09-03 21:35:39][info][1581177] Found path: /home/yunwei37/workspace/gpu/bpftime-table1-575/build-table1-575/attach/nv_attach_impl/pass/ptxpass_kprobe_memcapture/libptxpass_kprobe_memcapture.so, executing..
[2026-09-03 21:35:39][info][1581177] Retrived config of /home/yunwei37/workspace/gpu/bpftime-table1-575/build-table1-575/attach/nv_attach_impl/pass/ptxpass_kprobe_memcapture/libptxpass_kprobe_memcapture.so
[2026-09-03 21:35:39][info][1581177] Initializing agent..
[2026-09-03 21:35:39][info][1581177] bpftime: shm epoch_seq = 2
[2026-09-03 21:35:39][info][1581177] Instantiating bpf link 60 and the corresponding program cuda__capture_r is cuda program
[2026-09-03 21:35:39][info][1581177] Skipping nv attach handler 60 since we are not handling nv handles
[2026-09-03 21:35:39][info][1581177] Instantiating bpf link 60 and the corresponding program cuda__capture_r is cuda program
[2026-09-03 21:35:39][info][1581177] Handling link to CUDA program: 60, recording it..
[2026-09-03 21:35:39][info][1581177] Loaded 54 instructions (original) for cuda ebpf program
[2026-09-03 21:35:39][info][1581177] Initializing nv_gpu_array_map_impl at pid 1581177
[2026-09-03 21:35:39][info][1581177] Mapped GPU memory for gpu array map: 131666534203392
[2026-09-03 21:35:39][info][1581177] Copying map fd 17 to device, key size=4, value size=32, max ent=1, map_type = 1502, gpu_buffer = 77c001000000
[2026-09-03 21:35:39][info][1581177] Initializing nv_gpu_ringbuf_map_impl at pid 1581177
[2026-09-03 21:35:39][info][1581177] Mapped GPU memory for gpu ringbuf map: 131675585690496
[2026-09-03 21:35:39][info][1581177] Copying map fd 18 to device, key size=4, value size=56, max ent=4, map_type = 1527, gpu_buffer = 77c21c82bb80
[2026-09-03 21:35:39][info][1581177] Cached shared_mem_ptr at 77c21c6297d8
[2026-09-03 21:35:39][info][1581177] Recorded pass /home/yunwei37/workspace/gpu/bpftime-table1-575/build-table1-575/attach/nv_attach_impl/pass/ptxpass_kretprobe/libptxpass_kretprobe.so for func raw_map_kernel
[2026-09-03 21:35:40][info][1581177] nv_attach_impl: cached 301209 host symbols
[2026-09-03 21:35:40][info][1581177] nv_attach_impl: late attach bootstrap scanning fatbins..
[2026-09-03 21:35:40][info][1581177] Temporary fatbin written to /tmp/bpftime-fatbin-work.1ufGtA/temp.fatbin
[2026-09-03 21:35:40][info][1581177] Extracting PTX in the fatbin...
[2026-09-03 21:35:40][info][1581177] Calling cuobjdump: /usr/local/cuda-12.9/bin/cuobjdump --extract-ptx all /tmp/bpftime-fatbin-work.1ufGtA/temp.fatbin
Extracting PTX file and ptxas options    1: temp.1.sm_120.ptx -arch=sm_120 
[2026-09-03 21:35:40][info][1581177] Remove extracted files..
[2026-09-03 21:35:40][info][1581177] Got 1 PTX files
[2026-09-03 21:35:40][info][1581177] Loading & patching current fatbin..
[2026-09-03 21:35:40][info][1581205] Patching PTX: temp.1.sm_120.ptx
[2026-09-03 21:35:40][info][1581205] Patching request 2ec7271766f841abaee018882dd845dc5b9e6c440c44a35b6045b2d289ed40c8 not found in cache, patching..
[ptxpass] kretprobe: matched=1, in=984, out=5306
[2026-09-03 21:35:40][info][1581177] Using SM arch from BPFTIME_SM_ARCH: sm_120
[2026-09-03 21:35:40][info][1581177] Compiling PTXs with sm_arch sm_120
[2026-09-03 21:35:40][info][1581177] Compiler version: 12.9
[2026-09-03 21:35:40][info][1581211] Start compiling patched.temp.1.sm_120.ptx, not found in cache
[2026-09-03 21:35:40][info][1581211] Compile of patched.temp.1.sm_120.ptx done
[2026-09-03 21:35:40][info][1581177] Loading module: patched.temp.1.sm_120.ptx, not found in cache
[2026-09-03 21:35:40][info][1581177] Copying trampoline data to device
[2026-09-03 21:35:40][info][1581177] constData symbol device_ptr=77c001200000 size=8 shared_mem_ptr=77c21c6297d8
[2026-09-03 21:35:40][info][1581177] map_info symbol device_ptr=77c001200008 size=40960
[2026-09-03 21:35:40][info][1581177] Trampoline data copied
[2026-09-03 21:35:40][info][1581177] Loaded module: patched.temp.1.sm_120.ptx
[2026-09-03 21:35:40][info][1581177] nv_attach_impl: ingested fatbin from .nv_fatbin in /home/yunwei37/workspace/gpu/gpu_ext/workloads/cross-layer-raw-map/.output/raw_map_target
[2026-09-03 21:35:40][info][1581177] nv_attach_impl: late attach bootstrap ingested 1 fatbin(s)
[2026-09-03 21:35:40][info][1581177] agent ipc: listening (abstract) for pid 1581177
[2026-09-03 21:35:40][info][1581177] Attach successfully
{"event":"cuda_truth","sequence":1,"block_x":0,"block_y":0,"block_z":0,"thread_x":0,"thread_y":0,"thread_z":0}
{"event":"cuda_truth","sequence":1,"block_x":0,"block_y":0,"block_z":0,"thread_x":1,"thread_y":0,"thread_z":0}
{"event":"cuda_truth","sequence":1,"block_x":0,"block_y":0,"block_z":0,"thread_x":2,"thread_y":0,"thread_z":0}
{"event":"cuda_truth","sequence":1,"block_x":0,"block_y":0,"block_z":0,"thread_x":3,"thread_y":0,"thread_z":0}
{"event":"cuda_truth","sequence":1,"block_x":0,"block_y":0,"block_z":0,"thread_x":4,"thread_y":0,"thread_z":0}
{"event":"cuda_truth","sequence":1,"block_x":0,"block_y":0,"block_z":0,"thread_x":5,"thread_y":0,"thread_z":0}
{"event":"cuda_truth","sequence":1,"block_x":0,"block_y":0,"block_z":0,"thread_x":6,"thread_y":0,"thread_z":0}
{"event":"cuda_truth","sequence":1,"block_x":0,"block_y":0,"block_z":0,"thread_x":7,"thread_y":0,"thread_z":0}
{"event":"cuda_truth","sequence":1,"block_x":0,"block_y":0,"block_z":0,"thread_x":8,"thread_y":0,"thread_z":0}
{"event":"cuda_truth","sequence":1,"block_x":0,"block_y":0,"block_z":0,"thread_x":9,"thread_y":0,"thread_z":0}
{"event":"cuda_truth","sequence":1,"block_x":0,"block_y":0,"block_z":0,"thread_x":10,"thread_y":0,"thread_z":0}
{"event":"cuda_truth","sequence":1,"block_x":0,"block_y":0,"block_z":0,"thread_x":11,"thread_y":0,"thread_z":0}
{"event":"cuda_truth","sequence":1,"block_x":0,"block_y":0,"block_z":0,"thread_x":12,"thread_y":0,"thread_z":0}
{"event":"cuda_truth","sequence":1,"block_x":0,"block_y":0,"block_z":0,"thread_x":13,"thread_y":0,"thread_z":0}
{"event":"cuda_truth","sequence":1,"block_x":0,"block_y":0,"block_z":0,"thread_x":14,"thread_y":0,"thread_z":0}
{"event":"cuda_truth","sequence":1,"block_x":0,"block_y":0,"block_z":0,"thread_x":15,"thread_y":0,"thread_z":0}
{"event":"cuda_truth","sequence":1,"block_x":0,"block_y":0,"block_z":0,"thread_x":16,"thread_y":0,"thread_z":0}
{"event":"cuda_truth","sequence":1,"block_x":0,"block_y":0,"block_z":0,"thread_x":17,"thread_y":0,"thread_z":0}
{"event":"cuda_truth","sequence":1,"block_x":0,"block_y":0,"block_z":0,"thread_x":18,"thread_y":0,"thread_z":0}
{"event":"cuda_truth","sequence":1,"block_x":0,"block_y":0,"block_z":0,"thread_x":19,"thread_y":0,"thread_z":0}
{"event":"cuda_truth","sequence":1,"block_x":0,"block_y":0,"block_z":0,"thread_x":20,"thread_y":0,"thread_z":0}
{"event":"cuda_truth","sequence":1,"block_x":0,"block_y":0,"block_z":0,"thread_x":21,"thread_y":0,"thread_z":0}
{"event":"cuda_truth","sequence":1,"block_x":0,"block_y":0,"block_z":0,"thread_x":22,"thread_y":0,"thread_z":0}
{"event":"cuda_truth","sequence":1,"block_x":0,"block_y":0,"block_z":0,"thread_x":23,"thread_y":0,"thread_z":0}
{"event":"cuda_truth","sequence":1,"block_x":0,"block_y":0,"block_z":0,"thread_x":24,"thread_y":0,"thread_z":0}
{"event":"cuda_truth","sequence":1,"block_x":0,"block_y":0,"block_z":0,"thread_x":25,"thread_y":0,"thread_z":0}
{"event":"cuda_truth","sequence":1,"block_x":0,"block_y":0,"block_z":0,"thread_x":26,"thread_y":0,"thread_z":0}
{"event":"cuda_truth","sequence":1,"block_x":0,"block_y":0,"block_z":0,"thread_x":27,"thread_y":0,"thread_z":0}
{"event":"cuda_truth","sequence":1,"block_x":0,"block_y":0,"block_z":0,"thread_x":28,"thread_y":0,"thread_z":0}
{"event":"cuda_truth","sequence":1,"block_x":0,"block_y":0,"block_z":0,"thread_x":29,"thread_y":0,"thread_z":0}
{"event":"cuda_truth","sequence":1,"block_x":0,"block_y":0,"block_z":0,"thread_x":30,"thread_y":0,"thread_z":0}
{"event":"cuda_truth","sequence":1,"block_x":0,"block_y":0,"block_z":0,"thread_x":31,"thread_y":0,"thread_z":0}
{"event":"cuda_truth","sequence":1,"block_x":0,"block_y":0,"block_z":0,"thread_x":32,"thread_y":0,"thread_z":0}
{"event":"cuda_truth","sequence":1,"block_x":0,"block_y":0,"block_z":0,"thread_x":33,"thread_y":0,"thread_z":0}
{"event":"cuda_truth","sequence":1,"block_x":0,"block_y":0,"block_z":0,"thread_x":34,"thread_y":0,"thread_z":0}
{"event":"cuda_truth","sequence":1,"block_x":0,"block_y":0,"block_z":0,"thread_x":35,"thread_y":0,"thread_z":0}
{"event":"cuda_truth","sequence":1,"block_x":0,"block_y":0,"block_z":0,"thread_x":36,"thread_y":0,"thread_z":0}
{"event":"cuda_truth","sequence":1,"block_x":0,"block_y":0,"block_z":0,"thread_x":37,"thread_y":0,"thread_z":0}
{"event":"cuda_truth","sequence":1,"block_x":0,"block_y":0,"block_z":0,"thread_x":38,"thread_y":0,"thread_z":0}
{"event":"cuda_truth","sequence":1,"block_x":0,"block_y":0,"block_z":0,"thread_x":39,"thread_y":0,"thread_z":0}
{"event":"cuda_truth","sequence":1,"block_x":0,"block_y":0,"block_z":0,"thread_x":40,"thread_y":0,"thread_z":0}
{"event":"cuda_truth","sequence":1,"block_x":0,"block_y":0,"block_z":0,"thread_x":41,"thread_y":0,"thread_z":0}
{"event":"cuda_truth","sequence":1,"block_x":0,"block_y":0,"block_z":0,"thread_x":42,"thread_y":0,"thread_z":0}
{"event":"cuda_truth","sequence":1,"block_x":0,"block_y":0,"block_z":0,"thread_x":43,"thread_y":0,"thread_z":0}
{"event":"cuda_truth","sequence":1,"block_x":0,"block_y":0,"block_z":0,"thread_x":44,"thread_y":0,"thread_z":0}
{"event":"cuda_truth","sequence":1,"block_x":0,"block_y":0,"block_z":0,"thread_x":45,"thread_y":0,"thread_z":0}
{"event":"cuda_truth","sequence":1,"block_x":0,"block_y":0,"block_z":0,"thread_x":46,"thread_y":0,"thread_z":0}
{"event":"cuda_truth","sequence":1,"block_x":0,"block_y":0,"block_z":0,"thread_x":47,"thread_y":0,"thread_z":0}
{"event":"cuda_truth","sequence":1,"block_x":0,"block_y":0,"block_z":0,"thread_x":48,"thread_y":0,"thread_z":0}
{"event":"cuda_truth","sequence":1,"block_x":0,"block_y":0,"block_z":0,"thread_x":49,"thread_y":0,"thread_z":0}
{"event":"cuda_truth","sequence":1,"block_x":0,"block_y":0,"block_z":0,"thread_x":50,"thread_y":0,"thread_z":0}
{"event":"cuda_truth","sequence":1,"block_x":0,"block_y":0,"block_z":0,"thread_x":51,"thread_y":0,"thread_z":0}
{"event":"cuda_truth","sequence":1,"block_x":0,"block_y":0,"block_z":0,"thread_x":52,"thread_y":0,"thread_z":0}
{"event":"cuda_truth","sequence":1,"block_x":0,"block_y":0,"block_z":0,"thread_x":53,"thread_y":0,"thread_z":0}
{"event":"cuda_truth","sequence":1,"block_x":0,"block_y":0,"block_z":0,"thread_x":54,"thread_y":0,"thread_z":0}
{"event":"cuda_truth","sequence":1,"block_x":0,"block_y":0,"block_z":0,"thread_x":55,"thread_y":0,"thread_z":0}
{"event":"cuda_truth","sequence":1,"block_x":0,"block_y":0,"block_z":0,"thread_x":56,"thread_y":0,"thread_z":0}
{"event":"cuda_truth","sequence":1,"block_x":0,"block_y":0,"block_z":0,"thread_x":57,"thread_y":0,"thread_z":0}
{"event":"cuda_truth","sequence":1,"block_x":0,"block_y":0,"block_z":0,"thread_x":58,"thread_y":0,"thread_z":0}
{"event":"cuda_truth","sequence":1,"block_x":0,"block_y":0,"block_z":0,"thread_x":59,"thread_y":0,"thread_z":0}
{"event":"cuda_truth","sequence":1,"block_x":0,"block_y":0,"block_z":0,"thread_x":60,"thread_y":0,"thread_z":0}
{"event":"cuda_truth","sequence":1,"block_x":0,"block_y":0,"block_z":0,"thread_x":61,"thread_y":0,"thread_z":0}
{"event":"cuda_truth","sequence":1,"block_x":0,"block_y":0,"block_z":0,"thread_x":62,"thread_y":0,"thread_z":0}
{"event":"cuda_truth","sequence":1,"block_x":0,"block_y":0,"block_z":0,"thread_x":63,"thread_y":0,"thread_z":0}
{"event":"cuda_truth","sequence":1,"block_x":0,"block_y":0,"block_z":0,"thread_x":64,"thread_y":0,"thread_z":0}
{"event":"cuda_truth","sequence":1,"block_x":0,"block_y":0,"block_z":0,"thread_x":65,"thread_y":0,"thread_z":0}
{"event":"cuda_truth","sequence":1,"block_x":0,"block_y":0,"block_z":0,"thread_x":66,"thread_y":0,"thread_z":0}
{"event":"cuda_truth","sequence":1,"block_x":0,"block_y":0,"block_z":0,"thread_x":67,"thread_y":0,"thread_z":0}
{"event":"cuda_truth","sequence":1,"block_x":0,"block_y":0,"block_z":0,"thread_x":68,"thread_y":0,"thread_z":0}
{"event":"cuda_truth","sequence":1,"block_x":0,"block_y":0,"block_z":0,"thread_x":69,"thread_y":0,"thread_z":0}
{"event":"cuda_truth","sequence":1,"block_x":0,"block_y":0,"block_z":0,"thread_x":70,"thread_y":0,"thread_z":0}
{"event":"cuda_truth","sequence":1,"block_x":0,"block_y":0,"block_z":0,"thread_x":71,"thread_y":0,"thread_z":0}
{"event":"cuda_truth","sequence":1,"block_x":0,"block_y":0,"block_z":0,"thread_x":72,"thread_y":0,"thread_z":0}
{"event":"cuda_truth","sequence":1,"block_x":0,"block_y":0,"block_z":0,"thread_x":73,"thread_y":0,"thread_z":0}
{"event":"cuda_truth","sequence":1,"block_x":0,"block_y":0,"block_z":0,"thread_x":74,"thread_y":0,"thread_z":0}
{"event":"cuda_truth","sequence":1,"block_x":0,"block_y":0,"block_z":0,"thread_x":75,"thread_y":0,"thread_z":0}
{"event":"cuda_truth","sequence":1,"block_x":0,"block_y":0,"block_z":0,"thread_x":76,"thread_y":0,"thread_z":0}
{"event":"cuda_truth","sequence":1,"block_x":0,"block_y":0,"block_z":0,"thread_x":77,"thread_y":0,"thread_z":0}
{"event":"cuda_truth","sequence":1,"block_x":0,"block_y":0,"block_z":0,"thread_x":78,"thread_y":0,"thread_z":0}
{"event":"cuda_truth","sequence":1,"block_x":0,"block_y":0,"block_z":0,"thread_x":79,"thread_y":0,"thread_z":0}
{"event":"cuda_truth","sequence":1,"block_x":0,"block_y":0,"block_z":0,"thread_x":80,"thread_y":0,"thread_z":0}
{"event":"cuda_truth","sequence":1,"block_x":0,"block_y":0,"block_z":0,"thread_x":81,"thread_y":0,"thread_z":0}
{"event":"cuda_truth","sequence":1,"block_x":0,"block_y":0,"block_z":0,"thread_x":82,"thread_y":0,"thread_z":0}
{"event":"cuda_truth","sequence":1,"block_x":0,"block_y":0,"block_z":0,"thread_x":83,"thread_y":0,"thread_z":0}
{"event":"cuda_truth","sequence":1,"block_x":0,"block_y":0,"block_z":0,"thread_x":84,"thread_y":0,"thread_z":0}
{"event":"cuda_truth","sequence":1,"block_x":0,"block_y":0,"block_z":0,"thread_x":85,"thread_y":0,"thread_z":0}
{"event":"cuda_truth","sequence":1,"block_x":0,"block_y":0,"block_z":0,"thread_x":86,"thread_y":0,"thread_z":0}
{"event":"cuda_truth","sequence":1,"block_x":0,"block_y":0,"block_z":0,"thread_x":87,"thread_y":0,"thread_z":0}
{"event":"cuda_truth","sequence":1,"block_x":0,"block_y":0,"block_z":0,"thread_x":88,"thread_y":0,"thread_z":0}
{"event":"cuda_truth","sequence":1,"block_x":0,"block_y":0,"block_z":0,"thread_x":89,"thread_y":0,"thread_z":0}
{"event":"cuda_truth","sequence":1,"block_x":0,"block_y":0,"block_z":0,"thread_x":90,"thread_y":0,"thread_z":0}
{"event":"cuda_truth","sequence":1,"block_x":0,"block_y":0,"block_z":0,"thread_x":91,"thread_y":0,"thread_z":0}
{"event":"cuda_truth","sequence":1,"block_x":0,"block_y":0,"block_z":0,"thread_x":92,"thread_y":0,"thread_z":0}
{"event":"cuda_truth","sequence":1,"block_x":0,"block_y":0,"block_z":0,"thread_x":93,"thread_y":0,"thread_z":0}
{"event":"cuda_truth","sequence":1,"block_x":0,"block_y":0,"block_z":0,"thread_x":94,"thread_y":0,"thread_z":0}
{"event":"cuda_truth","sequence":1,"block_x":0,"block_y":0,"block_z":0,"thread_x":95,"thread_y":0,"thread_z":0}
{"event":"cuda_truth","sequence":1,"block_x":0,"block_y":0,"block_z":0,"thread_x":96,"thread_y":0,"thread_z":0}
{"event":"cuda_truth","sequence":1,"block_x":0,"block_y":0,"block_z":0,"thread_x":97,"thread_y":0,"thread_z":0}
{"event":"cuda_truth","sequence":1,"block_x":0,"block_y":0,"block_z":0,"thread_x":98,"thread_y":0,"thread_z":0}
{"event":"cuda_truth","sequence":1,"block_x":0,"block_y":0,"block_z":0,"thread_x":99,"thread_y":0,"thread_z":0}
{"event":"cuda_truth","sequence":1,"block_x":0,"block_y":0,"block_z":0,"thread_x":100,"thread_y":0,"thread_z":0}
{"event":"cuda_truth","sequence":1,"block_x":0,"block_y":0,"block_z":0,"thread_x":101,"thread_y":0,"thread_z":0}
{"event":"cuda_truth","sequence":1,"block_x":0,"block_y":0,"block_z":0,"thread_x":102,"thread_y":0,"thread_z":0}
{"event":"cuda_truth","sequence":1,"block_x":0,"block_y":0,"block_z":0,"thread_x":103,"thread_y":0,"thread_z":0}
{"event":"cuda_truth","sequence":1,"block_x":0,"block_y":0,"block_z":0,"thread_x":104,"thread_y":0,"thread_z":0}
{"event":"cuda_truth","sequence":1,"block_x":0,"block_y":0,"block_z":0,"thread_x":105,"thread_y":0,"thread_z":0}
{"event":"cuda_truth","sequence":1,"block_x":0,"block_y":0,"block_z":0,"thread_x":106,"thread_y":0,"thread_z":0}
{"event":"cuda_truth","sequence":1,"block_x":0,"block_y":0,"block_z":0,"thread_x":107,"thread_y":0,"thread_z":0}
{"event":"cuda_truth","sequence":1,"block_x":0,"block_y":0,"block_z":0,"thread_x":108,"thread_y":0,"thread_z":0}
{"event":"cuda_truth","sequence":1,"block_x":0,"block_y":0,"block_z":0,"thread_x":109,"thread_y":0,"thread_z":0}
{"event":"cuda_truth","sequence":1,"block_x":0,"block_y":0,"block_z":0,"thread_x":110,"thread_y":0,"thread_z":0}
{"event":"cuda_truth","sequence":1,"block_x":0,"block_y":0,"block_z":0,"thread_x":111,"thread_y":0,"thread_z":0}
{"event":"cuda_truth","sequence":1,"block_x":0,"block_y":0,"block_z":0,"thread_x":112,"thread_y":0,"thread_z":0}
{"event":"cuda_truth","sequence":1,"block_x":0,"block_y":0,"block_z":0,"thread_x":113,"thread_y":0,"thread_z":0}
{"event":"cuda_truth","sequence":1,"block_x":0,"block_y":0,"block_z":0,"thread_x":114,"thread_y":0,"thread_z":0}
{"event":"cuda_truth","sequence":1,"block_x":0,"block_y":0,"block_z":0,"thread_x":115,"thread_y":0,"thread_z":0}
{"event":"cuda_truth","sequence":1,"block_x":0,"block_y":0,"block_z":0,"thread_x":116,"thread_y":0,"thread_z":0}
{"event":"cuda_truth","sequence":1,"block_x":0,"block_y":0,"block_z":0,"thread_x":117,"thread_y":0,"thread_z":0}
{"event":"cuda_truth","sequence":1,"block_x":0,"block_y":0,"block_z":0,"thread_x":118,"thread_y":0,"thread_z":0}
{"event":"cuda_truth","sequence":1,"block_x":0,"block_y":0,"block_z":0,"thread_x":119,"thread_y":0,"thread_z":0}
{"event":"cuda_truth","sequence":1,"block_x":0,"block_y":0,"block_z":0,"thread_x":120,"thread_y":0,"thread_z":0}
{"event":"cuda_truth","sequence":1,"block_x":0,"block_y":0,"block_z":0,"thread_x":121,"thread_y":0,"thread_z":0}
{"event":"cuda_truth","sequence":1,"block_x":0,"block_y":0,"block_z":0,"thread_x":122,"thread_y":0,"thread_z":0}
{"event":"cuda_truth","sequence":1,"block_x":0,"block_y":0,"block_z":0,"thread_x":123,"thread_y":0,"thread_z":0}
{"event":"cuda_truth","sequence":1,"block_x":0,"block_y":0,"block_z":0,"thread_x":124,"thread_y":0,"thread_z":0}
{"event":"cuda_truth","sequence":1,"block_x":0,"block_y":0,"block_z":0,"thread_x":125,"thread_y":0,"thread_z":0}
{"event":"cuda_truth","sequence":1,"block_x":0,"block_y":0,"block_z":0,"thread_x":126,"thread_y":0,"thread_z":0}
{"event":"cuda_truth","sequence":1,"block_x":0,"block_y":0,"block_z":0,"thread_x":127,"thread_y":0,"thread_z":0}
{"event":"cuda_truth","sequence":1,"block_x":1,"block_y":0,"block_z":0,"thread_x":0,"thread_y":0,"thread_z":0}
{"event":"cuda_truth","sequence":1,"block_x":1,"block_y":0,"block_z":0,"thread_x":1,"thread_y":0,"thread_z":0}
{"event":"cuda_truth","sequence":1,"block_x":1,"block_y":0,"block_z":0,"thread_x":2,"thread_y":0,"thread_z":0}
{"event":"cuda_truth","sequence":1,"block_x":1,"block_y":0,"block_z":0,"thread_x":3,"thread_y":0,"thread_z":0}
{"event":"cuda_truth","sequence":1,"block_x":1,"block_y":0,"block_z":0,"thread_x":4,"thread_y":0,"thread_z":0}
{"event":"cuda_truth","sequence":1,"block_x":1,"block_y":0,"block_z":0,"thread_x":5,"thread_y":0,"thread_z":0}
{"event":"cuda_truth","sequence":1,"block_x":1,"block_y":0,"block_z":0,"thread_x":6,"thread_y":0,"thread_z":0}
{"event":"cuda_truth","sequence":1,"block_x":1,"block_y":0,"block_z":0,"thread_x":7,"thread_y":0,"thread_z":0}
{"event":"cuda_truth","sequence":1,"block_x":1,"block_y":0,"block_z":0,"thread_x":8,"thread_y":0,"thread_z":0}
{"event":"cuda_truth","sequence":1,"block_x":1,"block_y":0,"block_z":0,"thread_x":9,"thread_y":0,"thread_z":0}
{"event":"cuda_truth","sequence":1,"block_x":1,"block_y":0,"block_z":0,"thread_x":10,"thread_y":0,"thread_z":0}
{"event":"cuda_truth","sequence":1,"block_x":1,"block_y":0,"block_z":0,"thread_x":11,"thread_y":0,"thread_z":0}
{"event":"cuda_truth","sequence":1,"block_x":1,"block_y":0,"block_z":0,"thread_x":12,"thread_y":0,"thread_z":0}
{"event":"cuda_truth","sequence":1,"block_x":1,"block_y":0,"block_z":0,"thread_x":13,"thread_y":0,"thread_z":0}
{"event":"cuda_truth","sequence":1,"block_x":1,"block_y":0,"block_z":0,"thread_x":14,"thread_y":0,"thread_z":0}
{"event":"cuda_truth","sequence":1,"block_x":1,"block_y":0,"block_z":0,"thread_x":15,"thread_y":0,"thread_z":0}
{"event":"cuda_truth","sequence":1,"block_x":1,"block_y":0,"block_z":0,"thread_x":16,"thread_y":0,"thread_z":0}
{"event":"cuda_truth","sequence":1,"block_x":1,"block_y":0,"block_z":0,"thread_x":17,"thread_y":0,"thread_z":0}
{"event":"cuda_truth","sequence":1,"block_x":1,"block_y":0,"block_z":0,"thread_x":18,"thread_y":0,"thread_z":0}
{"event":"cuda_truth","sequence":1,"block_x":1,"block_y":0,"block_z":0,"thread_x":19,"thread_y":0,"thread_z":0}
{"event":"cuda_truth","sequence":1,"block_x":1,"block_y":0,"block_z":0,"thread_x":20,"thread_y":0,"thread_z":0}
{"event":"cuda_truth","sequence":1,"block_x":1,"block_y":0,"block_z":0,"thread_x":21,"thread_y":0,"thread_z":0}
{"event":"cuda_truth","sequence":1,"block_x":1,"block_y":0,"block_z":0,"thread_x":22,"thread_y":0,"thread_z":0}
{"event":"cuda_truth","sequence":1,"block_x":1,"block_y":0,"block_z":0,"thread_x":23,"thread_y":0,"thread_z":0}
{"event":"cuda_truth","sequence":1,"block_x":1,"block_y":0,"block_z":0,"thread_x":24,"thread_y":0,"thread_z":0}
{"event":"cuda_truth","sequence":1,"block_x":1,"block_y":0,"block_z":0,"thread_x":25,"thread_y":0,"thread_z":0}
{"event":"cuda_truth","sequence":1,"block_x":1,"block_y":0,"block_z":0,"thread_x":26,"thread_y":0,"thread_z":0}
{"event":"cuda_truth","sequence":1,"block_x":1,"block_y":0,"block_z":0,"thread_x":27,"thread_y":0,"thread_z":0}
{"event":"cuda_truth","sequence":1,"block_x":1,"block_y":0,"block_z":0,"thread_x":28,"thread_y":0,"thread_z":0}
{"event":"cuda_truth","sequence":1,"block_x":1,"block_y":0,"block_z":0,"thread_x":29,"thread_y":0,"thread_z":0}
{"event":"cuda_truth","sequence":1,"block_x":1,"block_y":0,"block_z":0,"thread_x":30,"thread_y":0,"thread_z":0}
{"event":"cuda_truth","sequence":1,"block_x":1,"block_y":0,"block_z":0,"thread_x":31,"thread_y":0,"thread_z":0}
{"event":"cuda_truth","sequence":1,"block_x":1,"block_y":0,"block_z":0,"thread_x":32,"thread_y":0,"thread_z":0}
{"event":"cuda_truth","sequence":1,"block_x":1,"block_y":0,"block_z":0,"thread_x":33,"thread_y":0,"thread_z":0}
{"event":"cuda_truth","sequence":1,"block_x":1,"block_y":0,"block_z":0,"thread_x":34,"thread_y":0,"thread_z":0}
{"event":"cuda_truth","sequence":1,"block_x":1,"block_y":0,"block_z":0,"thread_x":35,"thread_y":0,"thread_z":0}
{"event":"cuda_truth","sequence":1,"block_x":1,"block_y":0,"block_z":0,"thread_x":36,"thread_y":0,"thread_z":0}
{"event":"cuda_truth","sequence":1,"block_x":1,"block_y":0,"block_z":0,"thread_x":37,"thread_y":0,"thread_z":0}
{"event":"cuda_truth","sequence":1,"block_x":1,"block_y":0,"block_z":0,"thread_x":38,"thread_y":0,"thread_z":0}
{"event":"cuda_truth","sequence":1,"block_x":1,"block_y":0,"block_z":0,"thread_x":39,"thread_y":0,"thread_z":0}
{"event":"cuda_truth","sequence":1,"block_x":1,"block_y":0,"block_z":0,"thread_x":40,"thread_y":0,"thread_z":0}
{"event":"cuda_truth","sequence":1,"block_x":1,"block_y":0,"block_z":0,"thread_x":41,"thread_y":0,"thread_z":0}
{"event":"cuda_truth","sequence":1,"block_x":1,"block_y":0,"block_z":0,"thread_x":42,"thread_y":0,"thread_z":0}
{"event":"cuda_truth","sequence":1,"block_x":1,"block_y":0,"block_z":0,"thread_x":43,"thread_y":0,"thread_z":0}
{"event":"cuda_truth","sequence":1,"block_x":1,"block_y":0,"block_z":0,"thread_x":44,"thread_y":0,"thread_z":0}
{"event":"cuda_truth","sequence":1,"block_x":1,"block_y":0,"block_z":0,"thread_x":45,"thread_y":0,"thread_z":0}
{"event":"cuda_truth","sequence":1,"block_x":1,"block_y":0,"block_z":0,"thread_x":46,"thread_y":0,"thread_z":0}
{"event":"cuda_truth","sequence":1,"block_x":1,"block_y":0,"block_z":0,"thread_x":47,"thread_y":0,"thread_z":0}
{"event":"cuda_truth","sequence":1,"block_x":1,"block_y":0,"block_z":0,"thread_x":48,"thread_y":0,"thread_z":0}
{"event":"cuda_truth","sequence":1,"block_x":1,"block_y":0,"block_z":0,"thread_x":49,"thread_y":0,"thread_z":0}
{"event":"cuda_truth","sequence":1,"block_x":1,"block_y":0,"block_z":0,"thread_x":50,"thread_y":0,"thread_z":0}
{"event":"cuda_truth","sequence":1,"block_x":1,"block_y":0,"block_z":0,"thread_x":51,"thread_y":0,"thread_z":0}
{"event":"cuda_truth","sequence":1,"block_x":1,"block_y":0,"block_z":0,"thread_x":52,"thread_y":0,"thread_z":0}
{"event":"cuda_truth","sequence":1,"block_x":1,"block_y":0,"block_z":0,"thread_x":53,"thread_y":0,"thread_z":0}
{"event":"cuda_truth","sequence":1,"block_x":1,"block_y":0,"block_z":0,"thread_x":54,"thread_y":0,"thread_z":0}
{"event":"cuda_truth","sequence":1,"block_x":1,"block_y":0,"block_z":0,"thread_x":55,"thread_y":0,"thread_z":0}
{"event":"cuda_truth","sequence":1,"block_x":1,"block_y":0,"block_z":0,"thread_x":56,"thread_y":0,"thread_z":0}
{"event":"cuda_truth","sequence":1,"block_x":1,"block_y":0,"block_z":0,"thread_x":57,"thread_y":0,"thread_z":0}
{"event":"cuda_truth","sequence":1,"block_x":1,"block_y":0,"block_z":0,"thread_x":58,"thread_y":0,"thread_z":0}
{"event":"cuda_truth","sequence":1,"block_x":1,"block_y":0,"block_z":0,"thread_x":59,"thread_y":0,"thread_z":0}
{"event":"cuda_truth","sequence":1,"block_x":1,"block_y":0,"block_z":0,"thread_x":60,"thread_y":0,"thread_z":0}
{"event":"cuda_truth","sequence":1,"block_x":1,"block_y":0,"block_z":0,"thread_x":61,"thread_y":0,"thread_z":0}
{"event":"cuda_truth","sequence":1,"block_x":1,"block_y":0,"block_z":0,"thread_x":62,"thread_y":0,"thread_z":0}
{"event":"cuda_truth","sequence":1,"block_x":1,"block_y":0,"block_z":0,"thread_x":63,"thread_y":0,"thread_z":0}
{"event":"cuda_truth","sequence":1,"block_x":1,"block_y":0,"block_z":0,"thread_x":64,"thread_y":0,"thread_z":0}
{"event":"cuda_truth","sequence":1,"block_x":1,"block_y":0,"block_z":0,"thread_x":65,"thread_y":0,"thread_z":0}
{"event":"cuda_truth","sequence":1,"block_x":1,"block_y":0,"block_z":0,"thread_x":66,"thread_y":0,"thread_z":0}
{"event":"cuda_truth","sequence":1,"block_x":1,"block_y":0,"block_z":0,"thread_x":67,"thread_y":0,"thread_z":0}
{"event":"cuda_truth","sequence":1,"block_x":1,"block_y":0,"block_z":0,"thread_x":68,"thread_y":0,"thread_z":0}
{"event":"cuda_truth","sequence":1,"block_x":1,"block_y":0,"block_z":0,"thread_x":69,"thread_y":0,"thread_z":0}
{"event":"cuda_truth","sequence":1,"block_x":1,"block_y":0,"block_z":0,"thread_x":70,"thread_y":0,"thread_z":0}
{"event":"cuda_truth","sequence":1,"block_x":1,"block_y":0,"block_z":0,"thread_x":71,"thread_y":0,"thread_z":0}
{"event":"cuda_truth","sequence":1,"block_x":1,"block_y":0,"block_z":0,"thread_x":72,"thread_y":0,"thread_z":0}
{"event":"cuda_truth","sequence":1,"block_x":1,"block_y":0,"block_z":0,"thread_x":73,"thread_y":0,"thread_z":0}
{"event":"cuda_truth","sequence":1,"block_x":1,"block_y":0,"block_z":0,"thread_x":74,"thread_y":0,"thread_z":0}
{"event":"cuda_truth","sequence":1,"block_x":1,"block_y":0,"block_z":0,"thread_x":75,"thread_y":0,"thread_z":0}
{"event":"cuda_truth","sequence":1,"block_x":1,"block_y":0,"block_z":0,"thread_x":76,"thread_y":0,"thread_z":0}
{"event":"cuda_truth","sequence":1,"block_x":1,"block_y":0,"block_z":0,"thread_x":77,"thread_y":0,"thread_z":0}
{"event":"cuda_truth","sequence":1,"block_x":1,"block_y":0,"block_z":0,"thread_x":78,"thread_y":0,"thread_z":0}
{"event":"cuda_truth","sequence":1,"block_x":1,"block_y":0,"block_z":0,"thread_x":79,"thread_y":0,"thread_z":0}
{"event":"cuda_truth","sequence":1,"block_x":1,"block_y":0,"block_z":0,"thread_x":80,"thread_y":0,"thread_z":0}
{"event":"cuda_truth","sequence":1,"block_x":1,"block_y":0,"block_z":0,"thread_x":81,"thread_y":0,"thread_z":0}
{"event":"cuda_truth","sequence":1,"block_x":1,"block_y":0,"block_z":0,"thread_x":82,"thread_y":0,"thread_z":0}
{"event":"cuda_truth","sequence":1,"block_x":1,"block_y":0,"block_z":0,"thread_x":83,"thread_y":0,"thread_z":0}
{"event":"cuda_truth","sequence":1,"block_x":1,"block_y":0,"block_z":0,"thread_x":84,"thread_y":0,"thread_z":0}
{"event":"cuda_truth","sequence":1,"block_x":1,"block_y":0,"block_z":0,"thread_x":85,"thread_y":0,"thread_z":0}
{"event":"cuda_truth","sequence":1,"block_x":1,"block_y":0,"block_z":0,"thread_x":86,"thread_y":0,"thread_z":0}
{"event":"cuda_truth","sequence":1,"block_x":1,"block_y":0,"block_z":0,"thread_x":87,"thread_y":0,"thread_z":0}
{"event":"cuda_truth","sequence":1,"block_x":1,"block_y":0,"block_z":0,"thread_x":88,"thread_y":0,"thread_z":0}
{"event":"cuda_truth","sequence":1,"block_x":1,"block_y":0,"block_z":0,"thread_x":89,"thread_y":0,"thread_z":0}
{"event":"cuda_truth","sequence":1,"block_x":1,"block_y":0,"block_z":0,"thread_x":90,"thread_y":0,"thread_z":0}
{"event":"cuda_truth","sequence":1,"block_x":1,"block_y":0,"block_z":0,"thread_x":91,"thread_y":0,"thread_z":0}
{"event":"cuda_truth","sequence":1,"block_x":1,"block_y":0,"block_z":0,"thread_x":92,"thread_y":0,"thread_z":0}
{"event":"cuda_truth","sequence":1,"block_x":1,"block_y":0,"block_z":0,"thread_x":93,"thread_y":0,"thread_z":0}
{"event":"cuda_truth","sequence":1,"block_x":1,"block_y":0,"block_z":0,"thread_x":94,"thread_y":0,"thread_z":0}
{"event":"cuda_truth","sequence":1,"block_x":1,"block_y":0,"block_z":0,"thread_x":95,"thread_y":0,"thread_z":0}
{"event":"cuda_truth","sequence":1,"block_x":1,"block_y":0,"block_z":0,"thread_x":96,"thread_y":0,"thread_z":0}
{"event":"cuda_truth","sequence":1,"block_x":1,"block_y":0,"block_z":0,"thread_x":97,"thread_y":0,"thread_z":0}
{"event":"cuda_truth","sequence":1,"block_x":1,"block_y":0,"block_z":0,"thread_x":98,"thread_y":0,"thread_z":0}
{"event":"cuda_truth","sequence":1,"block_x":1,"block_y":0,"block_z":0,"thread_x":99,"thread_y":0,"thread_z":0}
{"event":"cuda_truth","sequence":1,"block_x":1,"block_y":0,"block_z":0,"thread_x":100,"thread_y":0,"thread_z":0}
{"event":"cuda_truth","sequence":1,"block_x":1,"block_y":0,"block_z":0,"thread_x":101,"thread_y":0,"thread_z":0}
{"event":"cuda_truth","sequence":1,"block_x":1,"block_y":0,"block_z":0,"thread_x":102,"thread_y":0,"thread_z":0}
{"event":"cuda_truth","sequence":1,"block_x":1,"block_y":0,"block_z":0,"thread_x":103,"thread_y":0,"thread_z":0}
{"event":"cuda_truth","sequence":1,"block_x":1,"block_y":0,"block_z":0,"thread_x":104,"thread_y":0,"thread_z":0}
{"event":"cuda_truth","sequence":1,"block_x":1,"block_y":0,"block_z":0,"thread_x":105,"thread_y":0,"thread_z":0}
{"event":"cuda_truth","sequence":1,"block_x":1,"block_y":0,"block_z":0,"thread_x":106,"thread_y":0,"thread_z":0}
{"event":"cuda_truth","sequence":1,"block_x":1,"block_y":0,"block_z":0,"thread_x":107,"thread_y":0,"thread_z":0}
{"event":"cuda_truth","sequence":1,"block_x":1,"block_y":0,"block_z":0,"thread_x":108,"thread_y":0,"thread_z":0}
{"event":"cuda_truth","sequence":1,"block_x":1,"block_y":0,"block_z":0,"thread_x":109,"thread_y":0,"thread_z":0}
{"event":"cuda_truth","sequence":1,"block_x":1,"block_y":0,"block_z":0,"thread_x":110,"thread_y":0,"thread_z":0}
{"event":"cuda_truth","sequence":1,"block_x":1,"block_y":0,"block_z":0,"thread_x":111,"thread_y":0,"thread_z":0}
{"event":"cuda_truth","sequence":1,"block_x":1,"block_y":0,"block_z":0,"thread_x":112,"thread_y":0,"thread_z":0}
{"event":"cuda_truth","sequence":1,"block_x":1,"block_y":0,"block_z":0,"thread_x":113,"thread_y":0,"thread_z":0}
{"event":"cuda_truth","sequence":1,"block_x":1,"block_y":0,"block_z":0,"thread_x":114,"thread_y":0,"thread_z":0}
{"event":"cuda_truth","sequence":1,"block_x":1,"block_y":0,"block_z":0,"thread_x":115,"thread_y":0,"thread_z":0}
{"event":"cuda_truth","sequence":1,"block_x":1,"block_y":0,"block_z":0,"thread_x":116,"thread_y":0,"thread_z":0}
{"event":"cuda_truth","sequence":1,"block_x":1,"block_y":0,"block_z":0,"thread_x":117,"thread_y":0,"thread_z":0}
{"event":"cuda_truth","sequence":1,"block_x":1,"block_y":0,"block_z":0,"thread_x":118,"thread_y":0,"thread_z":0}
{"event":"cuda_truth","sequence":1,"block_x":1,"block_y":0,"block_z":0,"thread_x":119,"thread_y":0,"thread_z":0}
{"event":"cuda_truth","sequence":1,"block_x":1,"block_y":0,"block_z":0,"thread_x":120,"thread_y":0,"thread_z":0}
{"event":"cuda_truth","sequence":1,"block_x":1,"block_y":0,"block_z":0,"thread_x":121,"thread_y":0,"thread_z":0}
{"event":"cuda_truth","sequence":1,"block_x":1,"block_y":0,"block_z":0,"thread_x":122,"thread_y":0,"thread_z":0}
{"event":"cuda_truth","sequence":1,"block_x":1,"block_y":0,"block_z":0,"thread_x":123,"thread_y":0,"thread_z":0}
{"event":"cuda_truth","sequence":1,"block_x":1,"block_y":0,"block_z":0,"thread_x":124,"thread_y":0,"thread_z":0}
{"event":"cuda_truth","sequence":1,"block_x":1,"block_y":0,"block_z":0,"thread_x":125,"thread_y":0,"thread_z":0}
{"event":"cuda_truth","sequence":1,"block_x":1,"block_y":0,"block_z":0,"thread_x":126,"thread_y":0,"thread_z":0}
{"event":"cuda_truth","sequence":1,"block_x":1,"block_y":0,"block_z":0,"thread_x":127,"thread_y":0,"thread_z":0}
{"event":"cuda_truth","sequence":2,"block_x":0,"block_y":0,"block_z":0,"thread_x":0,"thread_y":0,"thread_z":0}
{"event":"cuda_truth","sequence":2,"block_x":0,"block_y":0,"block_z":0,"thread_x":1,"thread_y":0,"thread_z":0}
{"event":"cuda_truth","sequence":2,"block_x":0,"block_y":0,"block_z":0,"thread_x":2,"thread_y":0,"thread_z":0}
{"event":"cuda_truth","sequence":2,"block_x":0,"block_y":0,"block_z":0,"thread_x":3,"thread_y":0,"thread_z":0}
{"event":"cuda_truth","sequence":2,"block_x":0,"block_y":0,"block_z":0,"thread_x":4,"thread_y":0,"thread_z":0}
{"event":"cuda_truth","sequence":2,"block_x":0,"block_y":0,"block_z":0,"thread_x":5,"thread_y":0,"thread_z":0}
{"event":"cuda_truth","sequence":2,"block_x":0,"block_y":0,"block_z":0,"thread_x":6,"thread_y":0,"thread_z":0}
{"event":"cuda_truth","sequence":2,"block_x":0,"block_y":0,"block_z":0,"thread_x":7,"thread_y":0,"thread_z":0}
{"event":"cuda_truth","sequence":2,"block_x":0,"block_y":0,"block_z":0,"thread_x":8,"thread_y":0,"thread_z":0}
{"event":"cuda_truth","sequence":2,"block_x":0,"block_y":0,"block_z":0,"thread_x":9,"thread_y":0,"thread_z":0}
{"event":"cuda_truth","sequence":2,"block_x":0,"block_y":0,"block_z":0,"thread_x":10,"thread_y":0,"thread_z":0}
{"event":"cuda_truth","sequence":2,"block_x":0,"block_y":0,"block_z":0,"thread_x":11,"thread_y":0,"thread_z":0}
{"event":"cuda_truth","sequence":2,"block_x":0,"block_y":0,"block_z":0,"thread_x":12,"thread_y":0,"thread_z":0}
{"event":"cuda_truth","sequence":2,"block_x":0,"block_y":0,"block_z":0,"thread_x":13,"thread_y":0,"thread_z":0}
{"event":"cuda_truth","sequence":2,"block_x":0,"block_y":0,"block_z":0,"thread_x":14,"thread_y":0,"thread_z":0}
{"event":"cuda_truth","sequence":2,"block_x":0,"block_y":0,"block_z":0,"thread_x":15,"thread_y":0,"thread_z":0}
{"event":"cuda_truth","sequence":2,"block_x":0,"block_y":0,"block_z":0,"thread_x":16,"thread_y":0,"thread_z":0}
{"event":"cuda_truth","sequence":2,"block_x":0,"block_y":0,"block_z":0,"thread_x":17,"thread_y":0,"thread_z":0}
{"event":"cuda_truth","sequence":2,"block_x":0,"block_y":0,"block_z":0,"thread_x":18,"thread_y":0,"thread_z":0}
{"event":"cuda_truth","sequence":2,"block_x":0,"block_y":0,"block_z":0,"thread_x":19,"thread_y":0,"thread_z":0}
{"event":"cuda_truth","sequence":2,"block_x":0,"block_y":0,"block_z":0,"thread_x":20,"thread_y":0,"thread_z":0}
{"event":"cuda_truth","sequence":2,"block_x":0,"block_y":0,"block_z":0,"thread_x":21,"thread_y":0,"thread_z":0}
{"event":"cuda_truth","sequence":2,"block_x":0,"block_y":0,"block_z":0,"thread_x":22,"thread_y":0,"thread_z":0}
{"event":"cuda_truth","sequence":2,"block_x":0,"block_y":0,"block_z":0,"thread_x":23,"thread_y":0,"thread_z":0}
{"event":"cuda_truth","sequence":2,"block_x":0,"block_y":0,"block_z":0,"thread_x":24,"thread_y":0,"thread_z":0}
{"event":"cuda_truth","sequence":2,"block_x":0,"block_y":0,"block_z":0,"thread_x":25,"thread_y":0,"thread_z":0}
{"event":"cuda_truth","sequence":2,"block_x":0,"block_y":0,"block_z":0,"thread_x":26,"thread_y":0,"thread_z":0}
{"event":"cuda_truth","sequence":2,"block_x":0,"block_y":0,"block_z":0,"thread_x":27,"thread_y":0,"thread_z":0}
{"event":"cuda_truth","sequence":2,"block_x":0,"block_y":0,"block_z":0,"thread_x":28,"thread_y":0,"thread_z":0}
{"event":"cuda_truth","sequence":2,"block_x":0,"block_y":0,"block_z":0,"thread_x":29,"thread_y":0,"thread_z":0}
{"event":"cuda_truth","sequence":2,"block_x":0,"block_y":0,"block_z":0,"thread_x":30,"thread_y":0,"thread_z":0}
{"event":"cuda_truth","sequence":2,"block_x":0,"block_y":0,"block_z":0,"thread_x":31,"thread_y":0,"thread_z":0}
{"event":"cuda_truth","sequence":2,"block_x":0,"block_y":0,"block_z":0,"thread_x":32,"thread_y":0,"thread_z":0}
{"event":"cuda_truth","sequence":2,"block_x":0,"block_y":0,"block_z":0,"thread_x":33,"thread_y":0,"thread_z":0}
{"event":"cuda_truth","sequence":2,"block_x":0,"block_y":0,"block_z":0,"thread_x":34,"thread_y":0,"thread_z":0}
{"event":"cuda_truth","sequence":2,"block_x":0,"block_y":0,"block_z":0,"thread_x":35,"thread_y":0,"thread_z":0}
{"event":"cuda_truth","sequence":2,"block_x":0,"block_y":0,"block_z":0,"thread_x":36,"thread_y":0,"thread_z":0}
{"event":"cuda_truth","sequence":2,"block_x":0,"block_y":0,"block_z":0,"thread_x":37,"thread_y":0,"thread_z":0}
{"event":"cuda_truth","sequence":2,"block_x":0,"block_y":0,"block_z":0,"thread_x":38,"thread_y":0,"thread_z":0}
{"event":"cuda_truth","sequence":2,"block_x":0,"block_y":0,"block_z":0,"thread_x":39,"thread_y":0,"thread_z":0}
{"event":"cuda_truth","sequence":2,"block_x":0,"block_y":0,"block_z":0,"thread_x":40,"thread_y":0,"thread_z":0}
{"event":"cuda_truth","sequence":2,"block_x":0,"block_y":0,"block_z":0,"thread_x":41,"thread_y":0,"thread_z":0}
{"event":"cuda_truth","sequence":2,"block_x":0,"block_y":0,"block_z":0,"thread_x":42,"thread_y":0,"thread_z":0}
{"event":"cuda_truth","sequence":2,"block_x":0,"block_y":0,"block_z":0,"thread_x":43,"thread_y":0,"thread_z":0}
{"event":"cuda_truth","sequence":2,"block_x":0,"block_y":0,"block_z":0,"thread_x":44,"thread_y":0,"thread_z":0}
{"event":"cuda_truth","sequence":2,"block_x":0,"block_y":0,"block_z":0,"thread_x":45,"thread_y":0,"thread_z":0}
{"event":"cuda_truth","sequence":2,"block_x":0,"block_y":0,"block_z":0,"thread_x":46,"thread_y":0,"thread_z":0}
{"event":"cuda_truth","sequence":2,"block_x":0,"block_y":0,"block_z":0,"thread_x":47,"thread_y":0,"thread_z":0}
{"event":"cuda_truth","sequence":2,"block_x":0,"block_y":0,"block_z":0,"thread_x":48,"thread_y":0,"thread_z":0}
{"event":"cuda_truth","sequence":2,"block_x":0,"block_y":0,"block_z":0,"thread_x":49,"thread_y":0,"thread_z":0}
{"event":"cuda_truth","sequence":2,"block_x":0,"block_y":0,"block_z":0,"thread_x":50,"thread_y":0,"thread_z":0}
{"event":"cuda_truth","sequence":2,"block_x":0,"block_y":0,"block_z":0,"thread_x":51,"thread_y":0,"thread_z":0}
{"event":"cuda_truth","sequence":2,"block_x":0,"block_y":0,"block_z":0,"thread_x":52,"thread_y":0,"thread_z":0}
{"event":"cuda_truth","sequence":2,"block_x":0,"block_y":0,"block_z":0,"thread_x":53,"thread_y":0,"thread_z":0}
{"event":"cuda_truth","sequence":2,"block_x":0,"block_y":0,"block_z":0,"thread_x":54,"thread_y":0,"thread_z":0}
{"event":"cuda_truth","sequence":2,"block_x":0,"block_y":0,"block_z":0,"thread_x":55,"thread_y":0,"thread_z":0}
{"event":"cuda_truth","sequence":2,"block_x":0,"block_y":0,"block_z":0,"thread_x":56,"thread_y":0,"thread_z":0}
{"event":"cuda_truth","sequence":2,"block_x":0,"block_y":0,"block_z":0,"thread_x":57,"thread_y":0,"thread_z":0}
{"event":"cuda_truth","sequence":2,"block_x":0,"block_y":0,"block_z":0,"thread_x":58,"thread_y":0,"thread_z":0}
{"event":"cuda_truth","sequence":2,"block_x":0,"block_y":0,"block_z":0,"thread_x":59,"thread_y":0,"thread_z":0}
{"event":"cuda_truth","sequence":2,"block_x":0,"block_y":0,"block_z":0,"thread_x":60,"thread_y":0,"thread_z":0}
{"event":"cuda_truth","sequence":2,"block_x":0,"block_y":0,"block_z":0,"thread_x":61,"thread_y":0,"thread_z":0}
{"event":"cuda_truth","sequence":2,"block_x":0,"block_y":0,"block_z":0,"thread_x":62,"thread_y":0,"thread_z":0}
{"event":"cuda_truth","sequence":2,"block_x":0,"block_y":0,"block_z":0,"thread_x":63,"thread_y":0,"thread_z":0}
{"event":"cuda_truth","sequence":2,"block_x":0,"block_y":0,"block_z":0,"thread_x":64,"thread_y":0,"thread_z":0}
{"event":"cuda_truth","sequence":2,"block_x":0,"block_y":0,"block_z":0,"thread_x":65,"thread_y":0,"thread_z":0}
{"event":"cuda_truth","sequence":2,"block_x":0,"block_y":0,"block_z":0,"thread_x":66,"thread_y":0,"thread_z":0}
{"event":"cuda_truth","sequence":2,"block_x":0,"block_y":0,"block_z":0,"thread_x":67,"thread_y":0,"thread_z":0}
{"event":"cuda_truth","sequence":2,"block_x":0,"block_y":0,"block_z":0,"thread_x":68,"thread_y":0,"thread_z":0}
{"event":"cuda_truth","sequence":2,"block_x":0,"block_y":0,"block_z":0,"thread_x":69,"thread_y":0,"thread_z":0}
{"event":"cuda_truth","sequence":2,"block_x":0,"block_y":0,"block_z":0,"thread_x":70,"thread_y":0,"thread_z":0}
{"event":"cuda_truth","sequence":2,"block_x":0,"block_y":0,"block_z":0,"thread_x":71,"thread_y":0,"thread_z":0}
{"event":"cuda_truth","sequence":2,"block_x":0,"block_y":0,"block_z":0,"thread_x":72,"thread_y":0,"thread_z":0}
{"event":"cuda_truth","sequence":2,"block_x":0,"block_y":0,"block_z":0,"thread_x":73,"thread_y":0,"thread_z":0}
{"event":"cuda_truth","sequence":2,"block_x":0,"block_y":0,"block_z":0,"thread_x":74,"thread_y":0,"thread_z":0}
{"event":"cuda_truth","sequence":2,"block_x":0,"block_y":0,"block_z":0,"thread_x":75,"thread_y":0,"thread_z":0}
{"event":"cuda_truth","sequence":2,"block_x":0,"block_y":0,"block_z":0,"thread_x":76,"thread_y":0,"thread_z":0}
{"event":"cuda_truth","sequence":2,"block_x":0,"block_y":0,"block_z":0,"thread_x":77,"thread_y":0,"thread_z":0}
{"event":"cuda_truth","sequence":2,"block_x":0,"block_y":0,"block_z":0,"thread_x":78,"thread_y":0,"thread_z":0}
{"event":"cuda_truth","sequence":2,"block_x":0,"block_y":0,"block_z":0,"thread_x":79,"thread_y":0,"thread_z":0}
{"event":"cuda_truth","sequence":2,"block_x":0,"block_y":0,"block_z":0,"thread_x":80,"thread_y":0,"thread_z":0}
{"event":"cuda_truth","sequence":2,"block_x":0,"block_y":0,"block_z":0,"thread_x":81,"thread_y":0,"thread_z":0}
{"event":"cuda_truth","sequence":2,"block_x":0,"block_y":0,"block_z":0,"thread_x":82,"thread_y":0,"thread_z":0}
{"event":"cuda_truth","sequence":2,"block_x":0,"block_y":0,"block_z":0,"thread_x":83,"thread_y":0,"thread_z":0}
{"event":"cuda_truth","sequence":2,"block_x":0,"block_y":0,"block_z":0,"thread_x":84,"thread_y":0,"thread_z":0}
{"event":"cuda_truth","sequence":2,"block_x":0,"block_y":0,"block_z":0,"thread_x":85,"thread_y":0,"thread_z":0}
{"event":"cuda_truth","sequence":2,"block_x":0,"block_y":0,"block_z":0,"thread_x":86,"thread_y":0,"thread_z":0}
{"event":"cuda_truth","sequence":2,"block_x":0,"block_y":0,"block_z":0,"thread_x":87,"thread_y":0,"thread_z":0}
{"event":"cuda_truth","sequence":2,"block_x":0,"block_y":0,"block_z":0,"thread_x":88,"thread_y":0,"thread_z":0}
{"event":"cuda_truth","sequence":2,"block_x":0,"block_y":0,"block_z":0,"thread_x":89,"thread_y":0,"thread_z":0}
{"event":"cuda_truth","sequence":2,"block_x":0,"block_y":0,"block_z":0,"thread_x":90,"thread_y":0,"thread_z":0}
{"event":"cuda_truth","sequence":2,"block_x":0,"block_y":0,"block_z":0,"thread_x":91,"thread_y":0,"thread_z":0}
{"event":"cuda_truth","sequence":2,"block_x":0,"block_y":0,"block_z":0,"thread_x":92,"thread_y":0,"thread_z":0}
{"event":"cuda_truth","sequence":2,"block_x":0,"block_y":0,"block_z":0,"thread_x":93,"thread_y":0,"thread_z":0}
{"event":"cuda_truth","sequence":2,"block_x":0,"block_y":0,"block_z":0,"thread_x":94,"thread_y":0,"thread_z":0}
{"event":"cuda_truth","sequence":2,"block_x":0,"block_y":0,"block_z":0,"thread_x":95,"thread_y":0,"thread_z":0}
{"event":"cuda_truth","sequence":2,"block_x":0,"block_y":0,"block_z":0,"thread_x":96,"thread_y":0,"thread_z":0}
{"event":"cuda_truth","sequence":2,"block_x":0,"block_y":0,"block_z":0,"thread_x":97,"thread_y":0,"thread_z":0}
{"event":"cuda_truth","sequence":2,"block_x":0,"block_y":0,"block_z":0,"thread_x":98,"thread_y":0,"thread_z":0}
{"event":"cuda_truth","sequence":2,"block_x":0,"block_y":0,"block_z":0,"thread_x":99,"thread_y":0,"thread_z":0}
{"event":"cuda_truth","sequence":2,"block_x":0,"block_y":0,"block_z":0,"thread_x":100,"thread_y":0,"thread_z":0}
{"event":"cuda_truth","sequence":2,"block_x":0,"block_y":0,"block_z":0,"thread_x":101,"thread_y":0,"thread_z":0}
{"event":"cuda_truth","sequence":2,"block_x":0,"block_y":0,"block_z":0,"thread_x":102,"thread_y":0,"thread_z":0}
{"event":"cuda_truth","sequence":2,"block_x":0,"block_y":0,"block_z":0,"thread_x":103,"thread_y":0,"thread_z":0}
{"event":"cuda_truth","sequence":2,"block_x":0,"block_y":0,"block_z":0,"thread_x":104,"thread_y":0,"thread_z":0}
{"event":"cuda_truth","sequence":2,"block_x":0,"block_y":0,"block_z":0,"thread_x":105,"thread_y":0,"thread_z":0}
{"event":"cuda_truth","sequence":2,"block_x":0,"block_y":0,"block_z":0,"thread_x":106,"thread_y":0,"thread_z":0}
{"event":"cuda_truth","sequence":2,"block_x":0,"block_y":0,"block_z":0,"thread_x":107,"thread_y":0,"thread_z":0}
{"event":"cuda_truth","sequence":2,"block_x":0,"block_y":0,"block_z":0,"thread_x":108,"thread_y":0,"thread_z":0}
{"event":"cuda_truth","sequence":2,"block_x":0,"block_y":0,"block_z":0,"thread_x":109,"thread_y":0,"thread_z":0}
{"event":"cuda_truth","sequence":2,"block_x":0,"block_y":0,"block_z":0,"thread_x":110,"thread_y":0,"thread_z":0}
{"event":"cuda_truth","sequence":2,"block_x":0,"block_y":0,"block_z":0,"thread_x":111,"thread_y":0,"thread_z":0}
{"event":"cuda_truth","sequence":2,"block_x":0,"block_y":0,"block_z":0,"thread_x":112,"thread_y":0,"thread_z":0}
{"event":"cuda_truth","sequence":2,"block_x":0,"block_y":0,"block_z":0,"thread_x":113,"thread_y":0,"thread_z":0}
{"event":"cuda_truth","sequence":2,"block_x":0,"block_y":0,"block_z":0,"thread_x":114,"thread_y":0,"thread_z":0}
{"event":"cuda_truth","sequence":2,"block_x":0,"block_y":0,"block_z":0,"thread_x":115,"thread_y":0,"thread_z":0}
{"event":"cuda_truth","sequence":2,"block_x":0,"block_y":0,"block_z":0,"thread_x":116,"thread_y":0,"thread_z":0}
{"event":"cuda_truth","sequence":2,"block_x":0,"block_y":0,"block_z":0,"thread_x":117,"thread_y":0,"thread_z":0}
{"event":"cuda_truth","sequence":2,"block_x":0,"block_y":0,"block_z":0,"thread_x":118,"thread_y":0,"thread_z":0}
{"event":"cuda_truth","sequence":2,"block_x":0,"block_y":0,"block_z":0,"thread_x":119,"thread_y":0,"thread_z":0}
{"event":"cuda_truth","sequence":2,"block_x":0,"block_y":0,"block_z":0,"thread_x":120,"thread_y":0,"thread_z":0}
{"event":"cuda_truth","sequence":2,"block_x":0,"block_y":0,"block_z":0,"thread_x":121,"thread_y":0,"thread_z":0}
{"event":"cuda_truth","sequence":2,"block_x":0,"block_y":0,"block_z":0,"thread_x":122,"thread_y":0,"thread_z":0}
{"event":"cuda_truth","sequence":2,"block_x":0,"block_y":0,"block_z":0,"thread_x":123,"thread_y":0,"thread_z":0}
{"event":"cuda_truth","sequence":2,"block_x":0,"block_y":0,"block_z":0,"thread_x":124,"thread_y":0,"thread_z":0}
{"event":"cuda_truth","sequence":2,"block_x":0,"block_y":0,"block_z":0,"thread_x":125,"thread_y":0,"thread_z":0}
{"event":"cuda_truth","sequence":2,"block_x":0,"block_y":0,"block_z":0,"thread_x":126,"thread_y":0,"thread_z":0}
{"event":"cuda_truth","sequence":2,"block_x":0,"block_y":0,"block_z":0,"thread_x":127,"thread_y":0,"thread_z":0}
{"event":"cuda_truth","sequence":2,"block_x":1,"block_y":0,"block_z":0,"thread_x":0,"thread_y":0,"thread_z":0}
{"event":"cuda_truth","sequence":2,"block_x":1,"block_y":0,"block_z":0,"thread_x":1,"thread_y":0,"thread_z":0}
{"event":"cuda_truth","sequence":2,"block_x":1,"block_y":0,"block_z":0,"thread_x":2,"thread_y":0,"thread_z":0}
{"event":"cuda_truth","sequence":2,"block_x":1,"block_y":0,"block_z":0,"thread_x":3,"thread_y":0,"thread_z":0}
{"event":"cuda_truth","sequence":2,"block_x":1,"block_y":0,"block_z":0,"thread_x":4,"thread_y":0,"thread_z":0}
{"event":"cuda_truth","sequence":2,"block_x":1,"block_y":0,"block_z":0,"thread_x":5,"thread_y":0,"thread_z":0}
{"event":"cuda_truth","sequence":2,"block_x":1,"block_y":0,"block_z":0,"thread_x":6,"thread_y":0,"thread_z":0}
{"event":"cuda_truth","sequence":2,"block_x":1,"block_y":0,"block_z":0,"thread_x":7,"thread_y":0,"thread_z":0}
{"event":"cuda_truth","sequence":2,"block_x":1,"block_y":0,"block_z":0,"thread_x":8,"thread_y":0,"thread_z":0}
{"event":"cuda_truth","sequence":2,"block_x":1,"block_y":0,"block_z":0,"thread_x":9,"thread_y":0,"thread_z":0}
{"event":"cuda_truth","sequence":2,"block_x":1,"block_y":0,"block_z":0,"thread_x":10,"thread_y":0,"thread_z":0}
{"event":"cuda_truth","sequence":2,"block_x":1,"block_y":0,"block_z":0,"thread_x":11,"thread_y":0,"thread_z":0}
{"event":"cuda_truth","sequence":2,"block_x":1,"block_y":0,"block_z":0,"thread_x":12,"thread_y":0,"thread_z":0}
{"event":"cuda_truth","sequence":2,"block_x":1,"block_y":0,"block_z":0,"thread_x":13,"thread_y":0,"thread_z":0}
{"event":"cuda_truth","sequence":2,"block_x":1,"block_y":0,"block_z":0,"thread_x":14,"thread_y":0,"thread_z":0}
{"event":"cuda_truth","sequence":2,"block_x":1,"block_y":0,"block_z":0,"thread_x":15,"thread_y":0,"thread_z":0}
{"event":"cuda_truth","sequence":2,"block_x":1,"block_y":0,"block_z":0,"thread_x":16,"thread_y":0,"thread_z":0}
{"event":"cuda_truth","sequence":2,"block_x":1,"block_y":0,"block_z":0,"thread_x":17,"thread_y":0,"thread_z":0}
{"event":"cuda_truth","sequence":2,"block_x":1,"block_y":0,"block_z":0,"thread_x":18,"thread_y":0,"thread_z":0}
{"event":"cuda_truth","sequence":2,"block_x":1,"block_y":0,"block_z":0,"thread_x":19,"thread_y":0,"thread_z":0}
{"event":"cuda_truth","sequence":2,"block_x":1,"block_y":0,"block_z":0,"thread_x":20,"thread_y":0,"thread_z":0}
{"event":"cuda_truth","sequence":2,"block_x":1,"block_y":0,"block_z":0,"thread_x":21,"thread_y":0,"thread_z":0}
{"event":"cuda_truth","sequence":2,"block_x":1,"block_y":0,"block_z":0,"thread_x":22,"thread_y":0,"thread_z":0}
{"event":"cuda_truth","sequence":2,"block_x":1,"block_y":0,"block_z":0,"thread_x":23,"thread_y":0,"thread_z":0}
{"event":"cuda_truth","sequence":2,"block_x":1,"block_y":0,"block_z":0,"thread_x":24,"thread_y":0,"thread_z":0}
{"event":"cuda_truth","sequence":2,"block_x":1,"block_y":0,"block_z":0,"thread_x":25,"thread_y":0,"thread_z":0}
{"event":"cuda_truth","sequence":2,"block_x":1,"block_y":0,"block_z":0,"thread_x":26,"thread_y":0,"thread_z":0}
{"event":"cuda_truth","sequence":2,"block_x":1,"block_y":0,"block_z":0,"thread_x":27,"thread_y":0,"thread_z":0}
{"event":"cuda_truth","sequence":2,"block_x":1,"block_y":0,"block_z":0,"thread_x":28,"thread_y":0,"thread_z":0}
{"event":"cuda_truth","sequence":2,"block_x":1,"block_y":0,"block_z":0,"thread_x":29,"thread_y":0,"thread_z":0}
{"event":"cuda_truth","sequence":2,"block_x":1,"block_y":0,"block_z":0,"thread_x":30,"thread_y":0,"thread_z":0}
{"event":"cuda_truth","sequence":2,"block_x":1,"block_y":0,"block_z":0,"thread_x":31,"thread_y":0,"thread_z":0}
{"event":"cuda_truth","sequence":2,"block_x":1,"block_y":0,"block_z":0,"thread_x":32,"thread_y":0,"thread_z":0}
{"event":"cuda_truth","sequence":2,"block_x":1,"block_y":0,"block_z":0,"thread_x":33,"thread_y":0,"thread_z":0}
{"event":"cuda_truth","sequence":2,"block_x":1,"block_y":0,"block_z":0,"thread_x":34,"thread_y":0,"thread_z":0}
{"event":"cuda_truth","sequence":2,"block_x":1,"block_y":0,"block_z":0,"thread_x":35,"thread_y":0,"thread_z":0}
{"event":"cuda_truth","sequence":2,"block_x":1,"block_y":0,"block_z":0,"thread_x":36,"thread_y":0,"thread_z":0}
{"event":"cuda_truth","sequence":2,"block_x":1,"block_y":0,"block_z":0,"thread_x":37,"thread_y":0,"thread_z":0}
{"event":"cuda_truth","sequence":2,"block_x":1,"block_y":0,"block_z":0,"thread_x":38,"thread_y":0,"thread_z":0}
{"event":"cuda_truth","sequence":2,"block_x":1,"block_y":0,"block_z":0,"thread_x":39,"thread_y":0,"thread_z":0}
{"event":"cuda_truth","sequence":2,"block_x":1,"block_y":0,"block_z":0,"thread_x":40,"thread_y":0,"thread_z":0}
{"event":"cuda_truth","sequence":2,"block_x":1,"block_y":0,"block_z":0,"thread_x":41,"thread_y":0,"thread_z":0}
{"event":"cuda_truth","sequence":2,"block_x":1,"block_y":0,"block_z":0,"thread_x":42,"thread_y":0,"thread_z":0}
{"event":"cuda_truth","sequence":2,"block_x":1,"block_y":0,"block_z":0,"thread_x":43,"thread_y":0,"thread_z":0}
{"event":"cuda_truth","sequence":2,"block_x":1,"block_y":0,"block_z":0,"thread_x":44,"thread_y":0,"thread_z":0}
{"event":"cuda_truth","sequence":2,"block_x":1,"block_y":0,"block_z":0,"thread_x":45,"thread_y":0,"thread_z":0}
{"event":"cuda_truth","sequence":2,"block_x":1,"block_y":0,"block_z":0,"thread_x":46,"thread_y":0,"thread_z":0}
{"event":"cuda_truth","sequence":2,"block_x":1,"block_y":0,"block_z":0,"thread_x":47,"thread_y":0,"thread_z":0}
{"event":"cuda_truth","sequence":2,"block_x":1,"block_y":0,"block_z":0,"thread_x":48,"thread_y":0,"thread_z":0}
{"event":"cuda_truth","sequence":2,"block_x":1,"block_y":0,"block_z":0,"thread_x":49,"thread_y":0,"thread_z":0}
{"event":"cuda_truth","sequence":2,"block_x":1,"block_y":0,"block_z":0,"thread_x":50,"thread_y":0,"thread_z":0}
{"event":"cuda_truth","sequence":2,"block_x":1,"block_y":0,"block_z":0,"thread_x":51,"thread_y":0,"thread_z":0}
{"event":"cuda_truth","sequence":2,"block_x":1,"block_y":0,"block_z":0,"thread_x":52,"thread_y":0,"thread_z":0}
{"event":"cuda_truth","sequence":2,"block_x":1,"block_y":0,"block_z":0,"thread_x":53,"thread_y":0,"thread_z":0}
{"event":"cuda_truth","sequence":2,"block_x":1,"block_y":0,"block_z":0,"thread_x":54,"thread_y":0,"thread_z":0}
{"event":"cuda_truth","sequence":2,"block_x":1,"block_y":0,"block_z":0,"thread_x":55,"thread_y":0,"thread_z":0}
{"event":"cuda_truth","sequence":2,"block_x":1,"block_y":0,"block_z":0,"thread_x":56,"thread_y":0,"thread_z":0}
{"event":"cuda_truth","sequence":2,"block_x":1,"block_y":0,"block_z":0,"thread_x":57,"thread_y":0,"thread_z":0}
{"event":"cuda_truth","sequence":2,"block_x":1,"block_y":0,"block_z":0,"thread_x":58,"thread_y":0,"thread_z":0}
{"event":"cuda_truth","sequence":2,"block_x":1,"block_y":0,"block_z":0,"thread_x":59,"thread_y":0,"thread_z":0}
{"event":"cuda_truth","sequence":2,"block_x":1,"block_y":0,"block_z":0,"thread_x":60,"thread_y":0,"thread_z":0}
{"event":"cuda_truth","sequence":2,"block_x":1,"block_y":0,"block_z":0,"thread_x":61,"thread_y":0,"thread_z":0}
{"event":"cuda_truth","sequence":2,"block_x":1,"block_y":0,"block_z":0,"thread_x":62,"thread_y":0,"thread_z":0}
{"event":"cuda_truth","sequence":2,"block_x":1,"block_y":0,"block_z":0,"thread_x":63,"thread_y":0,"thread_z":0}
{"event":"cuda_truth","sequence":2,"block_x":1,"block_y":0,"block_z":0,"thread_x":64,"thread_y":0,"thread_z":0}
{"event":"cuda_truth","sequence":2,"block_x":1,"block_y":0,"block_z":0,"thread_x":65,"thread_y":0,"thread_z":0}
{"event":"cuda_truth","sequence":2,"block_x":1,"block_y":0,"block_z":0,"thread_x":66,"thread_y":0,"thread_z":0}
{"event":"cuda_truth","sequence":2,"block_x":1,"block_y":0,"block_z":0,"thread_x":67,"thread_y":0,"thread_z":0}
{"event":"cuda_truth","sequence":2,"block_x":1,"block_y":0,"block_z":0,"thread_x":68,"thread_y":0,"thread_z":0}
{"event":"cuda_truth","sequence":2,"block_x":1,"block_y":0,"block_z":0,"thread_x":69,"thread_y":0,"thread_z":0}
{"event":"cuda_truth","sequence":2,"block_x":1,"block_y":0,"block_z":0,"thread_x":70,"thread_y":0,"thread_z":0}
{"event":"cuda_truth","sequence":2,"block_x":1,"block_y":0,"block_z":0,"thread_x":71,"thread_y":0,"thread_z":0}
{"event":"cuda_truth","sequence":2,"block_x":1,"block_y":0,"block_z":0,"thread_x":72,"thread_y":0,"thread_z":0}
{"event":"cuda_truth","sequence":2,"block_x":1,"block_y":0,"block_z":0,"thread_x":73,"thread_y":0,"thread_z":0}
{"event":"cuda_truth","sequence":2,"block_x":1,"block_y":0,"block_z":0,"thread_x":74,"thread_y":0,"thread_z":0}
{"event":"cuda_truth","sequence":2,"block_x":1,"block_y":0,"block_z":0,"thread_x":75,"thread_y":0,"thread_z":0}
{"event":"cuda_truth","sequence":2,"block_x":1,"block_y":0,"block_z":0,"thread_x":76,"thread_y":0,"thread_z":0}
{"event":"cuda_truth","sequence":2,"block_x":1,"block_y":0,"block_z":0,"thread_x":77,"thread_y":0,"thread_z":0}
{"event":"cuda_truth","sequence":2,"block_x":1,"block_y":0,"block_z":0,"thread_x":78,"thread_y":0,"thread_z":0}
{"event":"cuda_truth","sequence":2,"block_x":1,"block_y":0,"block_z":0,"thread_x":79,"thread_y":0,"thread_z":0}
{"event":"cuda_truth","sequence":2,"block_x":1,"block_y":0,"block_z":0,"thread_x":80,"thread_y":0,"thread_z":0}
{"event":"cuda_truth","sequence":2,"block_x":1,"block_y":0,"block_z":0,"thread_x":81,"thread_y":0,"thread_z":0}
{"event":"cuda_truth","sequence":2,"block_x":1,"block_y":0,"block_z":0,"thread_x":82,"thread_y":0,"thread_z":0}
{"event":"cuda_truth","sequence":2,"block_x":1,"block_y":0,"block_z":0,"thread_x":83,"thread_y":0,"thread_z":0}
{"event":"cuda_truth","sequence":2,"block_x":1,"block_y":0,"block_z":0,"thread_x":84,"thread_y":0,"thread_z":0}
{"event":"cuda_truth","sequence":2,"block_x":1,"block_y":0,"block_z":0,"thread_x":85,"thread_y":0,"thread_z":0}
{"event":"cuda_truth","sequence":2,"block_x":1,"block_y":0,"block_z":0,"thread_x":86,"thread_y":0,"thread_z":0}
{"event":"cuda_truth","sequence":2,"block_x":1,"block_y":0,"block_z":0,"thread_x":87,"thread_y":0,"thread_z":0}
{"event":"cuda_truth","sequence":2,"block_x":1,"block_y":0,"block_z":0,"thread_x":88,"thread_y":0,"thread_z":0}
{"event":"cuda_truth","sequence":2,"block_x":1,"block_y":0,"block_z":0,"thread_x":89,"thread_y":0,"thread_z":0}
{"event":"cuda_truth","sequence":2,"block_x":1,"block_y":0,"block_z":0,"thread_x":90,"thread_y":0,"thread_z":0}
{"event":"cuda_truth","sequence":2,"block_x":1,"block_y":0,"block_z":0,"thread_x":91,"thread_y":0,"thread_z":0}
{"event":"cuda_truth","sequence":2,"block_x":1,"block_y":0,"block_z":0,"thread_x":92,"thread_y":0,"thread_z":0}
{"event":"cuda_truth","sequence":2,"block_x":1,"block_y":0,"block_z":0,"thread_x":93,"thread_y":0,"thread_z":0}
{"event":"cuda_truth","sequence":2,"block_x":1,"block_y":0,"block_z":0,"thread_x":94,"thread_y":0,"thread_z":0}
{"event":"cuda_truth","sequence":2,"block_x":1,"block_y":0,"block_z":0,"thread_x":95,"thread_y":0,"thread_z":0}
{"event":"cuda_truth","sequence":2,"block_x":1,"block_y":0,"block_z":0,"thread_x":96,"thread_y":0,"thread_z":0}
{"event":"cuda_truth","sequence":2,"block_x":1,"block_y":0,"block_z":0,"thread_x":97,"thread_y":0,"thread_z":0}
{"event":"cuda_truth","sequence":2,"block_x":1,"block_y":0,"block_z":0,"thread_x":98,"thread_y":0,"thread_z":0}
{"event":"cuda_truth","sequence":2,"block_x":1,"block_y":0,"block_z":0,"thread_x":99,"thread_y":0,"thread_z":0}
{"event":"cuda_truth","sequence":2,"block_x":1,"block_y":0,"block_z":0,"thread_x":100,"thread_y":0,"thread_z":0}
{"event":"cuda_truth","sequence":2,"block_x":1,"block_y":0,"block_z":0,"thread_x":101,"thread_y":0,"thread_z":0}
{"event":"cuda_truth","sequence":2,"block_x":1,"block_y":0,"block_z":0,"thread_x":102,"thread_y":0,"thread_z":0}
{"event":"cuda_truth","sequence":2,"block_x":1,"block_y":0,"block_z":0,"thread_x":103,"thread_y":0,"thread_z":0}
{"event":"cuda_truth","sequence":2,"block_x":1,"block_y":0,"block_z":0,"thread_x":104,"thread_y":0,"thread_z":0}
{"event":"cuda_truth","sequence":2,"block_x":1,"block_y":0,"block_z":0,"thread_x":105,"thread_y":0,"thread_z":0}
{"event":"cuda_truth","sequence":2,"block_x":1,"block_y":0,"block_z":0,"thread_x":106,"thread_y":0,"thread_z":0}
{"event":"cuda_truth","sequence":2,"block_x":1,"block_y":0,"block_z":0,"thread_x":107,"thread_y":0,"thread_z":0}
{"event":"cuda_truth","sequence":2,"block_x":1,"block_y":0,"block_z":0,"thread_x":108,"thread_y":0,"thread_z":0}
{"event":"cuda_truth","sequence":2,"block_x":1,"block_y":0,"block_z":0,"thread_x":109,"thread_y":0,"thread_z":0}
{"event":"cuda_truth","sequence":2,"block_x":1,"block_y":0,"block_z":0,"thread_x":110,"thread_y":0,"thread_z":0}
{"event":"cuda_truth","sequence":2,"block_x":1,"block_y":0,"block_z":0,"thread_x":111,"thread_y":0,"thread_z":0}
{"event":"cuda_truth","sequence":2,"block_x":1,"block_y":0,"block_z":0,"thread_x":112,"thread_y":0,"thread_z":0}
{"event":"cuda_truth","sequence":2,"block_x":1,"block_y":0,"block_z":0,"thread_x":113,"thread_y":0,"thread_z":0}
{"event":"cuda_truth","sequence":2,"block_x":1,"block_y":0,"block_z":0,"thread_x":114,"thread_y":0,"thread_z":0}
{"event":"cuda_truth","sequence":2,"block_x":1,"block_y":0,"block_z":0,"thread_x":115,"thread_y":0,"thread_z":0}
{"event":"cuda_truth","sequence":2,"block_x":1,"block_y":0,"block_z":0,"thread_x":116,"thread_y":0,"thread_z":0}
{"event":"cuda_truth","sequence":2,"block_x":1,"block_y":0,"block_z":0,"thread_x":117,"thread_y":0,"thread_z":0}
{"event":"cuda_truth","sequence":2,"block_x":1,"block_y":0,"block_z":0,"thread_x":118,"thread_y":0,"thread_z":0}
{"event":"cuda_truth","sequence":2,"block_x":1,"block_y":0,"block_z":0,"thread_x":119,"thread_y":0,"thread_z":0}
{"event":"cuda_truth","sequence":2,"block_x":1,"block_y":0,"block_z":0,"thread_x":120,"thread_y":0,"thread_z":0}
{"event":"cuda_truth","sequence":2,"block_x":1,"block_y":0,"block_z":0,"thread_x":121,"thread_y":0,"thread_z":0}
{"event":"cuda_truth","sequence":2,"block_x":1,"block_y":0,"block_z":0,"thread_x":122,"thread_y":0,"thread_z":0}
{"event":"cuda_truth","sequence":2,"block_x":1,"block_y":0,"block_z":0,"thread_x":123,"thread_y":0,"thread_z":0}
{"event":"cuda_truth","sequence":2,"block_x":1,"block_y":0,"block_z":0,"thread_x":124,"thread_y":0,"thread_z":0}
{"event":"cuda_truth","sequence":2,"block_x":1,"block_y":0,"block_z":0,"thread_x":125,"thread_y":0,"thread_z":0}
{"event":"cuda_truth","sequence":2,"block_x":1,"block_y":0,"block_z":0,"thread_x":126,"thread_y":0,"thread_z":0}
{"event":"cuda_truth","sequence":2,"block_x":1,"block_y":0,"block_z":0,"thread_x":127,"thread_y":0,"thread_z":0}
{"event":"cuda_truth","sequence":3,"block_x":0,"block_y":0,"block_z":0,"thread_x":0,"thread_y":0,"thread_z":0}
{"event":"cuda_truth","sequence":3,"block_x":0,"block_y":0,"block_z":0,"thread_x":1,"thread_y":0,"thread_z":0}
{"event":"cuda_truth","sequence":3,"block_x":0,"block_y":0,"block_z":0,"thread_x":2,"thread_y":0,"thread_z":0}
{"event":"cuda_truth","sequence":3,"block_x":0,"block_y":0,"block_z":0,"thread_x":3,"thread_y":0,"thread_z":0}
{"event":"cuda_truth","sequence":3,"block_x":0,"block_y":0,"block_z":0,"thread_x":4,"thread_y":0,"thread_z":0}
{"event":"cuda_truth","sequence":3,"block_x":0,"block_y":0,"block_z":0,"thread_x":5,"thread_y":0,"thread_z":0}
{"event":"cuda_truth","sequence":3,"block_x":0,"block_y":0,"block_z":0,"thread_x":6,"thread_y":0,"thread_z":0}
{"event":"cuda_truth","sequence":3,"block_x":0,"block_y":0,"block_z":0,"thread_x":7,"thread_y":0,"thread_z":0}
{"event":"cuda_truth","sequence":3,"block_x":0,"block_y":0,"block_z":0,"thread_x":8,"thread_y":0,"thread_z":0}
{"event":"cuda_truth","sequence":3,"block_x":0,"block_y":0,"block_z":0,"thread_x":9,"thread_y":0,"thread_z":0}
{"event":"cuda_truth","sequence":3,"block_x":0,"block_y":0,"block_z":0,"thread_x":10,"thread_y":0,"thread_z":0}
{"event":"cuda_truth","sequence":3,"block_x":0,"block_y":0,"block_z":0,"thread_x":11,"thread_y":0,"thread_z":0}
{"event":"cuda_truth","sequence":3,"block_x":0,"block_y":0,"block_z":0,"thread_x":12,"thread_y":0,"thread_z":0}
{"event":"cuda_truth","sequence":3,"block_x":0,"block_y":0,"block_z":0,"thread_x":13,"thread_y":0,"thread_z":0}
{"event":"cuda_truth","sequence":3,"block_x":0,"block_y":0,"block_z":0,"thread_x":14,"thread_y":0,"thread_z":0}
{"event":"cuda_truth","sequence":3,"block_x":0,"block_y":0,"block_z":0,"thread_x":15,"thread_y":0,"thread_z":0}
{"event":"cuda_truth","sequence":3,"block_x":0,"block_y":0,"block_z":0,"thread_x":16,"thread_y":0,"thread_z":0}
{"event":"cuda_truth","sequence":3,"block_x":0,"block_y":0,"block_z":0,"thread_x":17,"thread_y":0,"thread_z":0}
{"event":"cuda_truth","sequence":3,"block_x":0,"block_y":0,"block_z":0,"thread_x":18,"thread_y":0,"thread_z":0}
{"event":"cuda_truth","sequence":3,"block_x":0,"block_y":0,"block_z":0,"thread_x":19,"thread_y":0,"thread_z":0}
{"event":"cuda_truth","sequence":3,"block_x":0,"block_y":0,"block_z":0,"thread_x":20,"thread_y":0,"thread_z":0}
{"event":"cuda_truth","sequence":3,"block_x":0,"block_y":0,"block_z":0,"thread_x":21,"thread_y":0,"thread_z":0}
{"event":"cuda_truth","sequence":3,"block_x":0,"block_y":0,"block_z":0,"thread_x":22,"thread_y":0,"thread_z":0}
{"event":"cuda_truth","sequence":3,"block_x":0,"block_y":0,"block_z":0,"thread_x":23,"thread_y":0,"thread_z":0}
{"event":"cuda_truth","sequence":3,"block_x":0,"block_y":0,"block_z":0,"thread_x":24,"thread_y":0,"thread_z":0}
{"event":"cuda_truth","sequence":3,"block_x":0,"block_y":0,"block_z":0,"thread_x":25,"thread_y":0,"thread_z":0}
{"event":"cuda_truth","sequence":3,"block_x":0,"block_y":0,"block_z":0,"thread_x":26,"thread_y":0,"thread_z":0}
{"event":"cuda_truth","sequence":3,"block_x":0,"block_y":0,"block_z":0,"thread_x":27,"thread_y":0,"thread_z":0}
{"event":"cuda_truth","sequence":3,"block_x":0,"block_y":0,"block_z":0,"thread_x":28,"thread_y":0,"thread_z":0}
{"event":"cuda_truth","sequence":3,"block_x":0,"block_y":0,"block_z":0,"thread_x":29,"thread_y":0,"thread_z":0}
{"event":"cuda_truth","sequence":3,"block_x":0,"block_y":0,"block_z":0,"thread_x":30,"thread_y":0,"thread_z":0}
{"event":"cuda_truth","sequence":3,"block_x":0,"block_y":0,"block_z":0,"thread_x":31,"thread_y":0,"thread_z":0}
{"event":"cuda_truth","sequence":3,"block_x":0,"block_y":0,"block_z":0,"thread_x":32,"thread_y":0,"thread_z":0}
{"event":"cuda_truth","sequence":3,"block_x":0,"block_y":0,"block_z":0,"thread_x":33,"thread_y":0,"thread_z":0}
{"event":"cuda_truth","sequence":3,"block_x":0,"block_y":0,"block_z":0,"thread_x":34,"thread_y":0,"thread_z":0}
{"event":"cuda_truth","sequence":3,"block_x":0,"block_y":0,"block_z":0,"thread_x":35,"thread_y":0,"thread_z":0}
{"event":"cuda_truth","sequence":3,"block_x":0,"block_y":0,"block_z":0,"thread_x":36,"thread_y":0,"thread_z":0}
{"event":"cuda_truth","sequence":3,"block_x":0,"block_y":0,"block_z":0,"thread_x":37,"thread_y":0,"thread_z":0}
{"event":"cuda_truth","sequence":3,"block_x":0,"block_y":0,"block_z":0,"thread_x":38,"thread_y":0,"thread_z":0}
{"event":"cuda_truth","sequence":3,"block_x":0,"block_y":0,"block_z":0,"thread_x":39,"thread_y":0,"thread_z":0}
{"event":"cuda_truth","sequence":3,"block_x":0,"block_y":0,"block_z":0,"thread_x":40,"thread_y":0,"thread_z":0}
{"event":"cuda_truth","sequence":3,"block_x":0,"block_y":0,"block_z":0,"thread_x":41,"thread_y":0,"thread_z":0}
{"event":"cuda_truth","sequence":3,"block_x":0,"block_y":0,"block_z":0,"thread_x":42,"thread_y":0,"thread_z":0}
{"event":"cuda_truth","sequence":3,"block_x":0,"block_y":0,"block_z":0,"thread_x":43,"thread_y":0,"thread_z":0}
{"event":"cuda_truth","sequence":3,"block_x":0,"block_y":0,"block_z":0,"thread_x":44,"thread_y":0,"thread_z":0}
{"event":"cuda_truth","sequence":3,"block_x":0,"block_y":0,"block_z":0,"thread_x":45,"thread_y":0,"thread_z":0}
{"event":"cuda_truth","sequence":3,"block_x":0,"block_y":0,"block_z":0,"thread_x":46,"thread_y":0,"thread_z":0}
{"event":"cuda_truth","sequence":3,"block_x":0,"block_y":0,"block_z":0,"thread_x":47,"thread_y":0,"thread_z":0}
{"event":"cuda_truth","sequence":3,"block_x":0,"block_y":0,"block_z":0,"thread_x":48,"thread_y":0,"thread_z":0}
{"event":"cuda_truth","sequence":3,"block_x":0,"block_y":0,"block_z":0,"thread_x":49,"thread_y":0,"thread_z":0}
{"event":"cuda_truth","sequence":3,"block_x":0,"block_y":0,"block_z":0,"thread_x":50,"thread_y":0,"thread_z":0}
{"event":"cuda_truth","sequence":3,"block_x":0,"block_y":0,"block_z":0,"thread_x":51,"thread_y":0,"thread_z":0}
{"event":"cuda_truth","sequence":3,"block_x":0,"block_y":0,"block_z":0,"thread_x":52,"thread_y":0,"thread_z":0}
{"event":"cuda_truth","sequence":3,"block_x":0,"block_y":0,"block_z":0,"thread_x":53,"thread_y":0,"thread_z":0}
{"event":"cuda_truth","sequence":3,"block_x":0,"block_y":0,"block_z":0,"thread_x":54,"thread_y":0,"thread_z":0}
{"event":"cuda_truth","sequence":3,"block_x":0,"block_y":0,"block_z":0,"thread_x":55,"thread_y":0,"thread_z":0}
{"event":"cuda_truth","sequence":3,"block_x":0,"block_y":0,"block_z":0,"thread_x":56,"thread_y":0,"thread_z":0}
{"event":"cuda_truth","sequence":3,"block_x":0,"block_y":0,"block_z":0,"thread_x":57,"thread_y":0,"thread_z":0}
{"event":"cuda_truth","sequence":3,"block_x":0,"block_y":0,"block_z":0,"thread_x":58,"thread_y":0,"thread_z":0}
{"event":"cuda_truth","sequence":3,"block_x":0,"block_y":0,"block_z":0,"thread_x":59,"thread_y":0,"thread_z":0}
{"event":"cuda_truth","sequence":3,"block_x":0,"block_y":0,"block_z":0,"thread_x":60,"thread_y":0,"thread_z":0}
{"event":"cuda_truth","sequence":3,"block_x":0,"block_y":0,"block_z":0,"thread_x":61,"thread_y":0,"thread_z":0}
{"event":"cuda_truth","sequence":3,"block_x":0,"block_y":0,"block_z":0,"thread_x":62,"thread_y":0,"thread_z":0}
{"event":"cuda_truth","sequence":3,"block_x":0,"block_y":0,"block_z":0,"thread_x":63,"thread_y":0,"thread_z":0}
{"event":"cuda_truth","sequence":3,"block_x":0,"block_y":0,"block_z":0,"thread_x":64,"thread_y":0,"thread_z":0}
{"event":"cuda_truth","sequence":3,"block_x":0,"block_y":0,"block_z":0,"thread_x":65,"thread_y":0,"thread_z":0}
{"event":"cuda_truth","sequence":3,"block_x":0,"block_y":0,"block_z":0,"thread_x":66,"thread_y":0,"thread_z":0}
{"event":"cuda_truth","sequence":3,"block_x":0,"block_y":0,"block_z":0,"thread_x":67,"thread_y":0,"thread_z":0}
{"event":"cuda_truth","sequence":3,"block_x":0,"block_y":0,"block_z":0,"thread_x":68,"thread_y":0,"thread_z":0}
{"event":"cuda_truth","sequence":3,"block_x":0,"block_y":0,"block_z":0,"thread_x":69,"thread_y":0,"thread_z":0}
{"event":"cuda_truth","sequence":3,"block_x":0,"block_y":0,"block_z":0,"thread_x":70,"thread_y":0,"thread_z":0}
{"event":"cuda_truth","sequence":3,"block_x":0,"block_y":0,"block_z":0,"thread_x":71,"thread_y":0,"thread_z":0}
{"event":"cuda_truth","sequence":3,"block_x":0,"block_y":0,"block_z":0,"thread_x":72,"thread_y":0,"thread_z":0}
{"event":"cuda_truth","sequence":3,"block_x":0,"block_y":0,"block_z":0,"thread_x":73,"thread_y":0,"thread_z":0}
{"event":"cuda_truth","sequence":3,"block_x":0,"block_y":0,"block_z":0,"thread_x":74,"thread_y":0,"thread_z":0}
{"event":"cuda_truth","sequence":3,"block_x":0,"block_y":0,"block_z":0,"thread_x":75,"thread_y":0,"thread_z":0}
{"event":"cuda_truth","sequence":3,"block_x":0,"block_y":0,"block_z":0,"thread_x":76,"thread_y":0,"thread_z":0}
{"event":"cuda_truth","sequence":3,"block_x":0,"block_y":0,"block_z":0,"thread_x":77,"thread_y":0,"thread_z":0}
{"event":"cuda_truth","sequence":3,"block_x":0,"block_y":0,"block_z":0,"thread_x":78,"thread_y":0,"thread_z":0}
{"event":"cuda_truth","sequence":3,"block_x":0,"block_y":0,"block_z":0,"thread_x":79,"thread_y":0,"thread_z":0}
{"event":"cuda_truth","sequence":3,"block_x":0,"block_y":0,"block_z":0,"thread_x":80,"thread_y":0,"thread_z":0}
{"event":"cuda_truth","sequence":3,"block_x":0,"block_y":0,"block_z":0,"thread_x":81,"thread_y":0,"thread_z":0}
{"event":"cuda_truth","sequence":3,"block_x":0,"block_y":0,"block_z":0,"thread_x":82,"thread_y":0,"thread_z":0}
{"event":"cuda_truth","sequence":3,"block_x":0,"block_y":0,"block_z":0,"thread_x":83,"thread_y":0,"thread_z":0}
{"event":"cuda_truth","sequence":3,"block_x":0,"block_y":0,"block_z":0,"thread_x":84,"thread_y":0,"thread_z":0}
{"event":"cuda_truth","sequence":3,"block_x":0,"block_y":0,"block_z":0,"thread_x":85,"thread_y":0,"thread_z":0}
{"event":"cuda_truth","sequence":3,"block_x":0,"block_y":0,"block_z":0,"thread_x":86,"thread_y":0,"thread_z":0}
{"event":"cuda_truth","sequence":3,"block_x":0,"block_y":0,"block_z":0,"thread_x":87,"thread_y":0,"thread_z":0}
{"event":"cuda_truth","sequence":3,"block_x":0,"block_y":0,"block_z":0,"thread_x":88,"thread_y":0,"thread_z":0}
{"event":"cuda_truth","sequence":3,"block_x":0,"block_y":0,"block_z":0,"thread_x":89,"thread_y":0,"thread_z":0}
{"event":"cuda_truth","sequence":3,"block_x":0,"block_y":0,"block_z":0,"thread_x":90,"thread_y":0,"thread_z":0}
{"event":"cuda_truth","sequence":3,"block_x":0,"block_y":0,"block_z":0,"thread_x":91,"thread_y":0,"thread_z":0}
{"event":"cuda_truth","sequence":3,"block_x":0,"block_y":0,"block_z":0,"thread_x":92,"thread_y":0,"thread_z":0}
{"event":"cuda_truth","sequence":3,"block_x":0,"block_y":0,"block_z":0,"thread_x":93,"thread_y":0,"thread_z":0}
{"event":"cuda_truth","sequence":3,"block_x":0,"block_y":0,"block_z":0,"thread_x":94,"thread_y":0,"thread_z":0}
{"event":"cuda_truth","sequence":3,"block_x":0,"block_y":0,"block_z":0,"thread_x":95,"thread_y":0,"thread_z":0}
{"event":"cuda_truth","sequence":3,"block_x":0,"block_y":0,"block_z":0,"thread_x":96,"thread_y":0,"thread_z":0}
{"event":"cuda_truth","sequence":3,"block_x":0,"block_y":0,"block_z":0,"thread_x":97,"thread_y":0,"thread_z":0}
{"event":"cuda_truth","sequence":3,"block_x":0,"block_y":0,"block_z":0,"thread_x":98,"thread_y":0,"thread_z":0}
{"event":"cuda_truth","sequence":3,"block_x":0,"block_y":0,"block_z":0,"thread_x":99,"thread_y":0,"thread_z":0}
{"event":"cuda_truth","sequence":3,"block_x":0,"block_y":0,"block_z":0,"thread_x":100,"thread_y":0,"thread_z":0}
{"event":"cuda_truth","sequence":3,"block_x":0,"block_y":0,"block_z":0,"thread_x":101,"thread_y":0,"thread_z":0}
{"event":"cuda_truth","sequence":3,"block_x":0,"block_y":0,"block_z":0,"thread_x":102,"thread_y":0,"thread_z":0}
{"event":"cuda_truth","sequence":3,"block_x":0,"block_y":0,"block_z":0,"thread_x":103,"thread_y":0,"thread_z":0}
{"event":"cuda_truth","sequence":3,"block_x":0,"block_y":0,"block_z":0,"thread_x":104,"thread_y":0,"thread_z":0}
{"event":"cuda_truth","sequence":3,"block_x":0,"block_y":0,"block_z":0,"thread_x":105,"thread_y":0,"thread_z":0}
{"event":"cuda_truth","sequence":3,"block_x":0,"block_y":0,"block_z":0,"thread_x":106,"thread_y":0,"thread_z":0}
{"event":"cuda_truth","sequence":3,"block_x":0,"block_y":0,"block_z":0,"thread_x":107,"thread_y":0,"thread_z":0}
{"event":"cuda_truth","sequence":3,"block_x":0,"block_y":0,"block_z":0,"thread_x":108,"thread_y":0,"thread_z":0}
{"event":"cuda_truth","sequence":3,"block_x":0,"block_y":0,"block_z":0,"thread_x":109,"thread_y":0,"thread_z":0}
{"event":"cuda_truth","sequence":3,"block_x":0,"block_y":0,"block_z":0,"thread_x":110,"thread_y":0,"thread_z":0}
{"event":"cuda_truth","sequence":3,"block_x":0,"block_y":0,"block_z":0,"thread_x":111,"thread_y":0,"thread_z":0}
{"event":"cuda_truth","sequence":3,"block_x":0,"block_y":0,"block_z":0,"thread_x":112,"thread_y":0,"thread_z":0}
{"event":"cuda_truth","sequence":3,"block_x":0,"block_y":0,"block_z":0,"thread_x":113,"thread_y":0,"thread_z":0}
{"event":"cuda_truth","sequence":3,"block_x":0,"block_y":0,"block_z":0,"thread_x":114,"thread_y":0,"thread_z":0}
{"event":"cuda_truth","sequence":3,"block_x":0,"block_y":0,"block_z":0,"thread_x":115,"thread_y":0,"thread_z":0}
{"event":"cuda_truth","sequence":3,"block_x":0,"block_y":0,"block_z":0,"thread_x":116,"thread_y":0,"thread_z":0}
{"event":"cuda_truth","sequence":3,"block_x":0,"block_y":0,"block_z":0,"thread_x":117,"thread_y":0,"thread_z":0}
{"event":"cuda_truth","sequence":3,"block_x":0,"block_y":0,"block_z":0,"thread_x":118,"thread_y":0,"thread_z":0}
{"event":"cuda_truth","sequence":3,"block_x":0,"block_y":0,"block_z":0,"thread_x":119,"thread_y":0,"thread_z":0}
{"event":"cuda_truth","sequence":3,"block_x":0,"block_y":0,"block_z":0,"thread_x":120,"thread_y":0,"thread_z":0}
{"event":"cuda_truth","sequence":3,"block_x":0,"block_y":0,"block_z":0,"thread_x":121,"thread_y":0,"thread_z":0}
{"event":"cuda_truth","sequence":3,"block_x":0,"block_y":0,"block_z":0,"thread_x":122,"thread_y":0,"thread_z":0}
{"event":"cuda_truth","sequence":3,"block_x":0,"block_y":0,"block_z":0,"thread_x":123,"thread_y":0,"thread_z":0}
{"event":"cuda_truth","sequence":3,"block_x":0,"block_y":0,"block_z":0,"thread_x":124,"thread_y":0,"thread_z":0}
{"event":"cuda_truth","sequence":3,"block_x":0,"block_y":0,"block_z":0,"thread_x":125,"thread_y":0,"thread_z":0}
{"event":"cuda_truth","sequence":3,"block_x":0,"block_y":0,"block_z":0,"thread_x":126,"thread_y":0,"thread_z":0}
{"event":"cuda_truth","sequence":3,"block_x":0,"block_y":0,"block_z":0,"thread_x":127,"thread_y":0,"thread_z":0}
{"event":"cuda_truth","sequence":3,"block_x":1,"block_y":0,"block_z":0,"thread_x":0,"thread_y":0,"thread_z":0}
{"event":"cuda_truth","sequence":3,"block_x":1,"block_y":0,"block_z":0,"thread_x":1,"thread_y":0,"thread_z":0}
{"event":"cuda_truth","sequence":3,"block_x":1,"block_y":0,"block_z":0,"thread_x":2,"thread_y":0,"thread_z":0}
{"event":"cuda_truth","sequence":3,"block_x":1,"block_y":0,"block_z":0,"thread_x":3,"thread_y":0,"thread_z":0}
{"event":"cuda_truth","sequence":3,"block_x":1,"block_y":0,"block_z":0,"thread_x":4,"thread_y":0,"thread_z":0}
{"event":"cuda_truth","sequence":3,"block_x":1,"block_y":0,"block_z":0,"thread_x":5,"thread_y":0,"thread_z":0}
{"event":"cuda_truth","sequence":3,"block_x":1,"block_y":0,"block_z":0,"thread_x":6,"thread_y":0,"thread_z":0}
{"event":"cuda_truth","sequence":3,"block_x":1,"block_y":0,"block_z":0,"thread_x":7,"thread_y":0,"thread_z":0}
{"event":"cuda_truth","sequence":3,"block_x":1,"block_y":0,"block_z":0,"thread_x":8,"thread_y":0,"thread_z":0}
{"event":"cuda_truth","sequence":3,"block_x":1,"block_y":0,"block_z":0,"thread_x":9,"thread_y":0,"thread_z":0}
{"event":"cuda_truth","sequence":3,"block_x":1,"block_y":0,"block_z":0,"thread_x":10,"thread_y":0,"thread_z":0}
{"event":"cuda_truth","sequence":3,"block_x":1,"block_y":0,"block_z":0,"thread_x":11,"thread_y":0,"thread_z":0}
{"event":"cuda_truth","sequence":3,"block_x":1,"block_y":0,"block_z":0,"thread_x":12,"thread_y":0,"thread_z":0}
{"event":"cuda_truth","sequence":3,"block_x":1,"block_y":0,"block_z":0,"thread_x":13,"thread_y":0,"thread_z":0}
{"event":"cuda_truth","sequence":3,"block_x":1,"block_y":0,"block_z":0,"thread_x":14,"thread_y":0,"thread_z":0}
{"event":"cuda_truth","sequence":3,"block_x":1,"block_y":0,"block_z":0,"thread_x":15,"thread_y":0,"thread_z":0}
{"event":"cuda_truth","sequence":3,"block_x":1,"block_y":0,"block_z":0,"thread_x":16,"thread_y":0,"thread_z":0}
{"event":"cuda_truth","sequence":3,"block_x":1,"block_y":0,"block_z":0,"thread_x":17,"thread_y":0,"thread_z":0}
{"event":"cuda_truth","sequence":3,"block_x":1,"block_y":0,"block_z":0,"thread_x":18,"thread_y":0,"thread_z":0}
{"event":"cuda_truth","sequence":3,"block_x":1,"block_y":0,"block_z":0,"thread_x":19,"thread_y":0,"thread_z":0}
{"event":"cuda_truth","sequence":3,"block_x":1,"block_y":0,"block_z":0,"thread_x":20,"thread_y":0,"thread_z":0}
{"event":"cuda_truth","sequence":3,"block_x":1,"block_y":0,"block_z":0,"thread_x":21,"thread_y":0,"thread_z":0}
{"event":"cuda_truth","sequence":3,"block_x":1,"block_y":0,"block_z":0,"thread_x":22,"thread_y":0,"thread_z":0}
{"event":"cuda_truth","sequence":3,"block_x":1,"block_y":0,"block_z":0,"thread_x":23,"thread_y":0,"thread_z":0}
{"event":"cuda_truth","sequence":3,"block_x":1,"block_y":0,"block_z":0,"thread_x":24,"thread_y":0,"thread_z":0}
{"event":"cuda_truth","sequence":3,"block_x":1,"block_y":0,"block_z":0,"thread_x":25,"thread_y":0,"thread_z":0}
{"event":"cuda_truth","sequence":3,"block_x":1,"block_y":0,"block_z":0,"thread_x":26,"thread_y":0,"thread_z":0}
{"event":"cuda_truth","sequence":3,"block_x":1,"block_y":0,"block_z":0,"thread_x":27,"thread_y":0,"thread_z":0}
{"event":"cuda_truth","sequence":3,"block_x":1,"block_y":0,"block_z":0,"thread_x":28,"thread_y":0,"thread_z":0}
{"event":"cuda_truth","sequence":3,"block_x":1,"block_y":0,"block_z":0,"thread_x":29,"thread_y":0,"thread_z":0}
{"event":"cuda_truth","sequence":3,"block_x":1,"block_y":0,"block_z":0,"thread_x":30,"thread_y":0,"thread_z":0}
{"event":"cuda_truth","sequence":3,"block_x":1,"block_y":0,"block_z":0,"thread_x":31,"thread_y":0,"thread_z":0}
{"event":"cuda_truth","sequence":3,"block_x":1,"block_y":0,"block_z":0,"thread_x":32,"thread_y":0,"thread_z":0}
{"event":"cuda_truth","sequence":3,"block_x":1,"block_y":0,"block_z":0,"thread_x":33,"thread_y":0,"thread_z":0}
{"event":"cuda_truth","sequence":3,"block_x":1,"block_y":0,"block_z":0,"thread_x":34,"thread_y":0,"thread_z":0}
{"event":"cuda_truth","sequence":3,"block_x":1,"block_y":0,"block_z":0,"thread_x":35,"thread_y":0,"thread_z":0}
{"event":"cuda_truth","sequence":3,"block_x":1,"block_y":0,"block_z":0,"thread_x":36,"thread_y":0,"thread_z":0}
{"event":"cuda_truth","sequence":3,"block_x":1,"block_y":0,"block_z":0,"thread_x":37,"thread_y":0,"thread_z":0}
{"event":"cuda_truth","sequence":3,"block_x":1,"block_y":0,"block_z":0,"thread_x":38,"thread_y":0,"thread_z":0}
{"event":"cuda_truth","sequence":3,"block_x":1,"block_y":0,"block_z":0,"thread_x":39,"thread_y":0,"thread_z":0}
{"event":"cuda_truth","sequence":3,"block_x":1,"block_y":0,"block_z":0,"thread_x":40,"thread_y":0,"thread_z":0}
{"event":"cuda_truth","sequence":3,"block_x":1,"block_y":0,"block_z":0,"thread_x":41,"thread_y":0,"thread_z":0}
{"event":"cuda_truth","sequence":3,"block_x":1,"block_y":0,"block_z":0,"thread_x":42,"thread_y":0,"thread_z":0}
{"event":"cuda_truth","sequence":3,"block_x":1,"block_y":0,"block_z":0,"thread_x":43,"thread_y":0,"thread_z":0}
{"event":"cuda_truth","sequence":3,"block_x":1,"block_y":0,"block_z":0,"thread_x":44,"thread_y":0,"thread_z":0}
{"event":"cuda_truth","sequence":3,"block_x":1,"block_y":0,"block_z":0,"thread_x":45,"thread_y":0,"thread_z":0}
{"event":"cuda_truth","sequence":3,"block_x":1,"block_y":0,"block_z":0,"thread_x":46,"thread_y":0,"thread_z":0}
{"event":"cuda_truth","sequence":3,"block_x":1,"block_y":0,"block_z":0,"thread_x":47,"thread_y":0,"thread_z":0}
{"event":"cuda_truth","sequence":3,"block_x":1,"block_y":0,"block_z":0,"thread_x":48,"thread_y":0,"thread_z":0}
{"event":"cuda_truth","sequence":3,"block_x":1,"block_y":0,"block_z":0,"thread_x":49,"thread_y":0,"thread_z":0}
{"event":"cuda_truth","sequence":3,"block_x":1,"block_y":0,"block_z":0,"thread_x":50,"thread_y":0,"thread_z":0}
{"event":"cuda_truth","sequence":3,"block_x":1,"block_y":0,"block_z":0,"thread_x":51,"thread_y":0,"thread_z":0}
{"event":"cuda_truth","sequence":3,"block_x":1,"block_y":0,"block_z":0,"thread_x":52,"thread_y":0,"thread_z":0}
{"event":"cuda_truth","sequence":3,"block_x":1,"block_y":0,"block_z":0,"thread_x":53,"thread_y":0,"thread_z":0}
{"event":"cuda_truth","sequence":3,"block_x":1,"block_y":0,"block_z":0,"thread_x":54,"thread_y":0,"thread_z":0}
{"event":"cuda_truth","sequence":3,"block_x":1,"block_y":0,"block_z":0,"thread_x":55,"thread_y":0,"thread_z":0}
{"event":"cuda_truth","sequence":3,"block_x":1,"block_y":0,"block_z":0,"thread_x":56,"thread_y":0,"thread_z":0}
{"event":"cuda_truth","sequence":3,"block_x":1,"block_y":0,"block_z":0,"thread_x":57,"thread_y":0,"thread_z":0}
{"event":"cuda_truth","sequence":3,"block_x":1,"block_y":0,"block_z":0,"thread_x":58,"thread_y":0,"thread_z":0}
{"event":"cuda_truth","sequence":3,"block_x":1,"block_y":0,"block_z":0,"thread_x":59,"thread_y":0,"thread_z":0}
{"event":"cuda_truth","sequence":3,"block_x":1,"block_y":0,"block_z":0,"thread_x":60,"thread_y":0,"thread_z":0}
{"event":"cuda_truth","sequence":3,"block_x":1,"block_y":0,"block_z":0,"thread_x":61,"thread_y":0,"thread_z":0}
{"event":"cuda_truth","sequence":3,"block_x":1,"block_y":0,"block_z":0,"thread_x":62,"thread_y":0,"thread_z":0}
{"event":"cuda_truth","sequence":3,"block_x":1,"block_y":0,"block_z":0,"thread_x":63,"thread_y":0,"thread_z":0}
{"event":"cuda_truth","sequence":3,"block_x":1,"block_y":0,"block_z":0,"thread_x":64,"thread_y":0,"thread_z":0}
{"event":"cuda_truth","sequence":3,"block_x":1,"block_y":0,"block_z":0,"thread_x":65,"thread_y":0,"thread_z":0}
{"event":"cuda_truth","sequence":3,"block_x":1,"block_y":0,"block_z":0,"thread_x":66,"thread_y":0,"thread_z":0}
{"event":"cuda_truth","sequence":3,"block_x":1,"block_y":0,"block_z":0,"thread_x":67,"thread_y":0,"thread_z":0}
{"event":"cuda_truth","sequence":3,"block_x":1,"block_y":0,"block_z":0,"thread_x":68,"thread_y":0,"thread_z":0}
{"event":"cuda_truth","sequence":3,"block_x":1,"block_y":0,"block_z":0,"thread_x":69,"thread_y":0,"thread_z":0}
{"event":"cuda_truth","sequence":3,"block_x":1,"block_y":0,"block_z":0,"thread_x":70,"thread_y":0,"thread_z":0}
{"event":"cuda_truth","sequence":3,"block_x":1,"block_y":0,"block_z":0,"thread_x":71,"thread_y":0,"thread_z":0}
{"event":"cuda_truth","sequence":3,"block_x":1,"block_y":0,"block_z":0,"thread_x":72,"thread_y":0,"thread_z":0}
{"event":"cuda_truth","sequence":3,"block_x":1,"block_y":0,"block_z":0,"thread_x":73,"thread_y":0,"thread_z":0}
{"event":"cuda_truth","sequence":3,"block_x":1,"block_y":0,"block_z":0,"thread_x":74,"thread_y":0,"thread_z":0}
{"event":"cuda_truth","sequence":3,"block_x":1,"block_y":0,"block_z":0,"thread_x":75,"thread_y":0,"thread_z":0}
{"event":"cuda_truth","sequence":3,"block_x":1,"block_y":0,"block_z":0,"thread_x":76,"thread_y":0,"thread_z":0}
{"event":"cuda_truth","sequence":3,"block_x":1,"block_y":0,"block_z":0,"thread_x":77,"thread_y":0,"thread_z":0}
{"event":"cuda_truth","sequence":3,"block_x":1,"block_y":0,"block_z":0,"thread_x":78,"thread_y":0,"thread_z":0}
{"event":"cuda_truth","sequence":3,"block_x":1,"block_y":0,"block_z":0,"thread_x":79,"thread_y":0,"thread_z":0}
{"event":"cuda_truth","sequence":3,"block_x":1,"block_y":0,"block_z":0,"thread_x":80,"thread_y":0,"thread_z":0}
{"event":"cuda_truth","sequence":3,"block_x":1,"block_y":0,"block_z":0,"thread_x":81,"thread_y":0,"thread_z":0}
{"event":"cuda_truth","sequence":3,"block_x":1,"block_y":0,"block_z":0,"thread_x":82,"thread_y":0,"thread_z":0}
{"event":"cuda_truth","sequence":3,"block_x":1,"block_y":0,"block_z":0,"thread_x":83,"thread_y":0,"thread_z":0}
{"event":"cuda_truth","sequence":3,"block_x":1,"block_y":0,"block_z":0,"thread_x":84,"thread_y":0,"thread_z":0}
{"event":"cuda_truth","sequence":3,"block_x":1,"block_y":0,"block_z":0,"thread_x":85,"thread_y":0,"thread_z":0}
{"event":"cuda_truth","sequence":3,"block_x":1,"block_y":0,"block_z":0,"thread_x":86,"thread_y":0,"thread_z":0}
{"event":"cuda_truth","sequence":3,"block_x":1,"block_y":0,"block_z":0,"thread_x":87,"thread_y":0,"thread_z":0}
{"event":"cuda_truth","sequence":3,"block_x":1,"block_y":0,"block_z":0,"thread_x":88,"thread_y":0,"thread_z":0}
{"event":"cuda_truth","sequence":3,"block_x":1,"block_y":0,"block_z":0,"thread_x":89,"thread_y":0,"thread_z":0}
{"event":"cuda_truth","sequence":3,"block_x":1,"block_y":0,"block_z":0,"thread_x":90,"thread_y":0,"thread_z":0}
{"event":"cuda_truth","sequence":3,"block_x":1,"block_y":0,"block_z":0,"thread_x":91,"thread_y":0,"thread_z":0}
{"event":"cuda_truth","sequence":3,"block_x":1,"block_y":0,"block_z":0,"thread_x":92,"thread_y":0,"thread_z":0}
{"event":"cuda_truth","sequence":3,"block_x":1,"block_y":0,"block_z":0,"thread_x":93,"thread_y":0,"thread_z":0}
{"event":"cuda_truth","sequence":3,"block_x":1,"block_y":0,"block_z":0,"thread_x":94,"thread_y":0,"thread_z":0}
{"event":"cuda_truth","sequence":3,"block_x":1,"block_y":0,"block_z":0,"thread_x":95,"thread_y":0,"thread_z":0}
{"event":"cuda_truth","sequence":3,"block_x":1,"block_y":0,"block_z":0,"thread_x":96,"thread_y":0,"thread_z":0}
{"event":"cuda_truth","sequence":3,"block_x":1,"block_y":0,"block_z":0,"thread_x":97,"thread_y":0,"thread_z":0}
{"event":"cuda_truth","sequence":3,"block_x":1,"block_y":0,"block_z":0,"thread_x":98,"thread_y":0,"thread_z":0}
{"event":"cuda_truth","sequence":3,"block_x":1,"block_y":0,"block_z":0,"thread_x":99,"thread_y":0,"thread_z":0}
{"event":"cuda_truth","sequence":3,"block_x":1,"block_y":0,"block_z":0,"thread_x":100,"thread_y":0,"thread_z":0}
{"event":"cuda_truth","sequence":3,"block_x":1,"block_y":0,"block_z":0,"thread_x":101,"thread_y":0,"thread_z":0}
{"event":"cuda_truth","sequence":3,"block_x":1,"block_y":0,"block_z":0,"thread_x":102,"thread_y":0,"thread_z":0}
{"event":"cuda_truth","sequence":3,"block_x":1,"block_y":0,"block_z":0,"thread_x":103,"thread_y":0,"thread_z":0}
{"event":"cuda_truth","sequence":3,"block_x":1,"block_y":0,"block_z":0,"thread_x":104,"thread_y":0,"thread_z":0}
{"event":"cuda_truth","sequence":3,"block_x":1,"block_y":0,"block_z":0,"thread_x":105,"thread_y":0,"thread_z":0}
{"event":"cuda_truth","sequence":3,"block_x":1,"block_y":0,"block_z":0,"thread_x":106,"thread_y":0,"thread_z":0}
{"event":"cuda_truth","sequence":3,"block_x":1,"block_y":0,"block_z":0,"thread_x":107,"thread_y":0,"thread_z":0}
{"event":"cuda_truth","sequence":3,"block_x":1,"block_y":0,"block_z":0,"thread_x":108,"thread_y":0,"thread_z":0}
{"event":"cuda_truth","sequence":3,"block_x":1,"block_y":0,"block_z":0,"thread_x":109,"thread_y":0,"thread_z":0}
{"event":"cuda_truth","sequence":3,"block_x":1,"block_y":0,"block_z":0,"thread_x":110,"thread_y":0,"thread_z":0}
{"event":"cuda_truth","sequence":3,"block_x":1,"block_y":0,"block_z":0,"thread_x":111,"thread_y":0,"thread_z":0}
{"event":"cuda_truth","sequence":3,"block_x":1,"block_y":0,"block_z":0,"thread_x":112,"thread_y":0,"thread_z":0}
{"event":"cuda_truth","sequence":3,"block_x":1,"block_y":0,"block_z":0,"thread_x":113,"thread_y":0,"thread_z":0}
{"event":"cuda_truth","sequence":3,"block_x":1,"block_y":0,"block_z":0,"thread_x":114,"thread_y":0,"thread_z":0}
{"event":"cuda_truth","sequence":3,"block_x":1,"block_y":0,"block_z":0,"thread_x":115,"thread_y":0,"thread_z":0}
{"event":"cuda_truth","sequence":3,"block_x":1,"block_y":0,"block_z":0,"thread_x":116,"thread_y":0,"thread_z":0}
{"event":"cuda_truth","sequence":3,"block_x":1,"block_y":0,"block_z":0,"thread_x":117,"thread_y":0,"thread_z":0}
{"event":"cuda_truth","sequence":3,"block_x":1,"block_y":0,"block_z":0,"thread_x":118,"thread_y":0,"thread_z":0}
{"event":"cuda_truth","sequence":3,"block_x":1,"block_y":0,"block_z":0,"thread_x":119,"thread_y":0,"thread_z":0}
{"event":"cuda_truth","sequence":3,"block_x":1,"block_y":0,"block_z":0,"thread_x":120,"thread_y":0,"thread_z":0}
{"event":"cuda_truth","sequence":3,"block_x":1,"block_y":0,"block_z":0,"thread_x":121,"thread_y":0,"thread_z":0}
{"event":"cuda_truth","sequence":3,"block_x":1,"block_y":0,"block_z":0,"thread_x":122,"thread_y":0,"thread_z":0}
{"event":"cuda_truth","sequence":3,"block_x":1,"block_y":0,"block_z":0,"thread_x":123,"thread_y":0,"thread_z":0}
{"event":"cuda_truth","sequence":3,"block_x":1,"block_y":0,"block_z":0,"thread_x":124,"thread_y":0,"thread_z":0}
{"event":"cuda_truth","sequence":3,"block_x":1,"block_y":0,"block_z":0,"thread_x":125,"thread_y":0,"thread_z":0}
{"event":"cuda_truth","sequence":3,"block_x":1,"block_y":0,"block_z":0,"thread_x":126,"thread_y":0,"thread_z":0}
{"eve[2026-09-03 21:35:40][info][1581183] Exiting CUDA watcher thread
nt":"cuda_truth","sequence":3,"block_x":1,"block_y":0,"block_z":0,"thread_x":127,"thread_y":0,"thread_z":0}
{"event":"cuda_summary","threads":256,"blocks":2,"threads_per_block":128,"launches":3,"truth_records":768,"checked_records":768,"mismatches":0}
