[2026-09-04 10:11:01][info][2760750] Setting BPFTIME_SHM_MEMORY_MB to: 256
[2026-09-04 10:11:01][info][2760750] Setting BPFTIME_MAX_FD_COUNT to: 1024
[2026-09-04 10:11:01][warning][2760750] BPFTIME_VERIFIER_LEVEL=WARNING was requested, but this bpftime build was compiled with ENABLE_EBPF_VERIFIER=OFF; continuing without userspace verification.
[2026-09-04 10:11:01][info][2760750] Verifier mode: WARNING
[2026-09-04 10:11:01][info][2760750] Init bpftime syscall mocking..
[2026-09-04 10:11:01][info][2760750] The log will be written to: console
[2026-09-04 10:11:01][info][2760750] Starting syscall server..
[2026-09-04 10:11:01][info][2760750] Setting BPFTIME_SHM_MEMORY_MB to: 256
[2026-09-04 10:11:01][info][2760750] Setting BPFTIME_MAX_FD_COUNT to: 1024
[2026-09-04 10:11:01][warning][2760750] BPFTIME_VERIFIER_LEVEL=WARNING was requested, but this bpftime build was compiled with ENABLE_EBPF_VERIFIER=OFF; continuing without userspace verification.
[2026-09-04 10:11:01][info][2760750] Verifier mode: WARNING
[2026-09-04 10:11:01][info][2760750] Initialize syscall server
[2026-09-04 10:11:01][info][2760750] Setting BPFTIME_SHM_MEMORY_MB to: 256
[2026-09-04 10:11:01][info][2760750] Setting BPFTIME_MAX_FD_COUNT to: 1024
[2026-09-04 10:11:01][warning][2760750] BPFTIME_VERIFIER_LEVEL=WARNING was requested, but this bpftime build was compiled with ENABLE_EBPF_VERIFIER=OFF; continuing without userspace verification.
[2026-09-04 10:11:01][info][2760750] Verifier mode: WARNING
[2026-09-04 10:11:01][info][2760750] Global shm constructed. shm_open_type 3 for fig15_map_2759420_115606784397525
[2026-09-04 10:11:01][info][2760750] Global shm initialized
[2026-09-04 10:11:01][info][2760750] Initializing CUDA at syscall-server side
[2026-09-04 10:11:01][info][2760750] CUDA initialized at syscall server side
[2026-09-04 10:11:01][info][2760750] bpftime-syscall-server started
[2026-09-04 10:11:01][info][2760750] syscall server: Set enable_mock_after_initialized to false
[2026-09-04 10:11:01][info][2760750] CUDA context for thread 2760750 has been set to 5a642c393130
[2026-09-04 10:11:01][info][2760750] Map device_values (nv_gpu_shared_array_map_impl) shared array
[2026-09-04 10:11:01][info][2760750] Initializing map type of BPF_MAP_TYPE_GPU_ARRAY_MAP (device), total_buffer_size=256
[2026-09-04 10:11:01][info][2760750] syscall server: Set enable_mock_after_initialized to true
[2026-09-04 10:11:01][info][2760750] Map host_values (nv_gpu_shared_array_host_map_impl) shared array
[2026-09-04 10:11:01][info][2760750] Initializing map type of BPF_MAP_TYPE_GPU_ARRAY_HOST_MAP (shared mem), value_size=8, max_entries=32, total_buffer_size=256
[2026-09-04 10:11:01][info][2760750] Allocated shared memory buffer at 7f8735e2aa60
[2026-09-04 10:11:01][info][2760750] syscall server: Set enable_mock_after_initialized to false
[2026-09-04 10:11:01][info][2760750] CUDA context for thread 2760750 has been set to 5a642d2bd770
[2026-09-04 10:11:01][info][2760750] Map observed_values (nv_gpu_shared_array_map_impl) shared array
[2026-09-04 10:11:01][info][2760750] Initializing map type of BPF_MAP_TYPE_GPU_ARRAY_MAP (device), total_buffer_size=256
[2026-09-04 10:11:01][info][2760750] syscall server: Set enable_mock_after_initialized to true
[2026-09-04 10:11:01][info][2760750] Created kprobe/kretprobe perf event handler, func_name fig15_map_kernel, addr 0
FIG15_READY	device_update	1
FIG15_MAP	device_values	0	5883671438182842368
FIG15_MAP	device_values	1	5883671438182842369
FIG15_MAP	device_values	2	5883671438182842370
FIG15_MAP	device_values	3	5883671438182842371
FIG15_MAP	device_values	4	5883671438182842372
FIG15_MAP	device_values	5	5883671438182842373
FIG15_MAP	device_values	6	5883671438182842374
FIG15_MAP	device_values	7	5883671438182842375
FIG15_MAP	device_values	8	5883671438182842376
FIG15_MAP	device_values	9	5883671438182842377
FIG15_MAP	device_values	10	5883671438182842378
FIG15_MAP	device_values	11	5883671438182842379
FIG15_MAP	device_values	12	5883671438182842380
FIG15_MAP	device_values	13	5883671438182842381
FIG15_MAP	device_values	14	5883671438182842382
FIG15_MAP	device_values	15	5883671438182842383
FIG15_MAP	device_values	16	5883671438182842384
FIG15_MAP	device_values	17	5883671438182842385
FIG15_MAP	device_values	18	5883671438182842386
FIG15_MAP	device_values	19	5883671438182842387
FIG15_MAP	device_values	20	5883671438182842388
FIG15_MAP	device_values	21	5883671438182842389
FIG15_MAP	device_values	22	5883671438182842390
FIG15_MAP	device_values	23	5883671438182842391
FIG15_MAP	device_values	24	5883671438182842392
FIG15_MAP	device_values	25	5883671438182842393
FIG15_MAP	device_values	26	5883671438182842394
FIG15_MAP	device_values	27	5883671438182842395
FIG15_MAP	device_values	28	5883671438182842396
FIG15_MAP	device_values	29	5883671438182842397
FIG15_MAP	device_values	30	5883671438182842398
FIG15_MAP	device_values	31	5883671438182842399
FIG15_DETACHED	1
[2026-09-04 10:11:02][warning][2760750] Calling original ioctl: 10 34 140728485555872
[2026-09-04 10:11:02][warning][2760750] Calling original ioctl: 9 3222292009 140728485556032
[2026-09-04 10:11:02][warning][2760750] Calling original ioctl: 10 34 140728485555872
[2026-09-04 10:11:02][warning][2760750] Calling original ioctl: 9 3222292009 140728485556032
