[2026-09-03 21:52:10][info][1606623] Setting BPFTIME_SHM_MEMORY_MB to: 128
[2026-09-03 21:52:10][info][1606623] Setting BPFTIME_MAX_FD_COUNT to: 1024
[2026-09-03 21:52:10][info][1606623] Init bpftime syscall mocking..
[2026-09-03 21:52:10][info][1606623] The log will be written to: console
[2026-09-03 21:52:10][info][1606623] Starting syscall server..
[2026-09-03 21:52:10][info][1606623] Setting BPFTIME_SHM_MEMORY_MB to: 128
[2026-09-03 21:52:10][info][1606623] Setting BPFTIME_MAX_FD_COUNT to: 1024
[2026-09-03 21:52:10][info][1606623] Initialize syscall server
[2026-09-03 21:52:10][info][1606623] Setting BPFTIME_SHM_MEMORY_MB to: 128
[2026-09-03 21:52:10][info][1606623] Setting BPFTIME_MAX_FD_COUNT to: 1024
[2026-09-03 21:52:10][info][1606623] Global shm constructed. shm_open_type 3 for gpubpf_raw_map_1606181_1788497529726503455
[2026-09-03 21:52:10][info][1606623] Global shm initialized
[2026-09-03 21:52:10][info][1606623] Initializing CUDA at syscall-server side
[2026-09-03 21:52:10][info][1606623] CUDA initialized at syscall server side
[2026-09-03 21:52:10][info][1606623] bpftime-syscall-server started
[2026-09-03 21:52:10][info][1606623] syscall server: Set enable_mock_after_initialized to false
[2026-09-03 21:52:10][info][1606623] CUDA context for thread 1606623 has been set to 59de3a81c9d0
[2026-09-03 21:52:10][info][1606623] Map aggregate (nv_gpu_per_thread_array_map_impl) has space for thread count 2048
[2026-09-03 21:52:10][info][1606623] Initializing map type of BPF_MAP_TYPE_PERGPUTD_ARRAY_MAP, total_buffer_size=65536
[2026-09-03 21:52:10][info][1606623] syscall server: Set enable_mock_after_initialized to true
[2026-09-03 21:52:10][info][1606623] syscall server: Set enable_mock_after_initialized to false
[2026-09-03 21:52:10][info][1606623] CUDA context for thread 1606623 has been set to 59de3b746820
[2026-09-03 21:52:10][info][1606623] Map raw_records (nv_gpu_ringbuf_map_impl) has space for thread count 2048
[2026-09-03 21:52:10][info][1606623] syscall server: Set enable_mock_after_initialized to true
[2026-09-03 21:52:10][info][1606623] Created kprobe/kretprobe perf event handler, func_name raw_map_kernel, addr 0
