[2026-09-08 14:21:32][warning][3559447] Calling original ioctl: 8 3223340586 140727341720272
[2026-09-08 14:21:32][warning][3559447] Calling original ioctl: 8 3223340586 140727341720288
[2026-09-08 14:21:32][warning][3559447] Calling original ioctl: 8 3223340586 140727341720336
[2026-09-08 14:21:32][warning][3559447] Calling original ioctl: 9 25 140727341724656
[2026-09-08 14:21:32][warning][3559447] Calling original ioctl: 8 3224389163 140727341721920
[2026-09-08 14:21:32][warning][3559447] Calling original ioctl: 9 73 140727341721104
[2026-09-08 14:21:32][warning][3559447] Calling original ioctl: 9 33 140727341711872
[2026-09-08 14:21:32][warning][3559447] Calling original ioctl: 8 3224389163 140727341721600
[2026-09-08 14:21:32][warning][3559447] Calling original ioctl: 9 73 140727341720784
[2026-09-08 14:21:32][warning][3559447] Calling original ioctl: 9 33 140727341711552
[2026-09-08 14:21:32][warning][3559447] Calling original ioctl: 8 3224389163 140727341721600
[2026-09-08 14:21:32][warning][3559447] Calling original ioctl: 9 73 140727341720784
[2026-09-08 14:21:32][warning][3559447] Calling original ioctl: 9 33 140727341711552
[2026-09-08 14:21:32][warning][3559447] Calling original ioctl: 8 3224389163 140727341722096
[2026-09-08 14:21:32][warning][3559447] Calling original ioctl: 9 73 140727341721280
[2026-09-08 14:21:32][warning][3559447] Calling original ioctl: 9 33 140727341712048
[2026-09-08 14:21:32][warning][3559447] Calling original ioctl: 8 3224389163 140727341723776
[2026-09-08 14:21:32][warning][3559447] Calling original ioctl: 8 3224389163 140727341723760
[2026-09-08 14:21:32][warning][3559447] Calling original ioctl: 8 3224389163 140727341720000
[2026-09-08 14:21:32][warning][3559447] Calling original ioctl: 8 3223340586 140727341715584
[2026-09-08 14:21:32][warning][3559447] Calling original ioctl: 8 3224913486 140727341720128
[2026-09-08 14:21:32][warning][3559447] Calling original ioctl: 8 3223864926 140727341720080
[2026-09-08 14:21:32][warning][3559447] Calling original ioctl: 9 73 140727341719184
[2026-09-08 14:21:32][warning][3559447] Calling original ioctl: 9 33 140727341709952
[2026-09-08 14:21:32][warning][3559447] Calling original ioctl: 8 3224389163 140727341719536
[2026-09-08 14:21:32][warning][3559447] Calling original ioctl: 8 3223340586 140727341715120
[2026-09-08 14:21:32][warning][3559447] Calling original ioctl: 8 3224913486 140727341719664
[2026-09-08 14:21:32][warning][3559447] Calling original ioctl: 9 73 140727341718720
[2026-09-08 14:21:32][warning][3559447] Calling original ioctl: 9 33 140727341709488
[2026-09-08 14:21:32][warning][3559447] Calling original ioctl: 8 3224389163 140727341720384
[2026-09-08 14:21:32][warning][3559447] Calling original ioctl: 8 3223340586 140727341715968
[2026-09-08 14:21:32][warning][3559447] Calling original ioctl: 8 3224913486 140727341720512
[2026-09-08 14:21:32][warning][3559447] Calling original ioctl: 8 3224389163 140727341722240
[2026-09-08 14:21:32][warning][3559447] Calling original ioctl: 8 3223340586 140727341718272
[2026-09-08 14:21:32][warning][3559447] Calling original ioctl: 8 3224389163 140727341722528
[2026-09-08 14:21:32][warning][3559447] Calling original ioctl: 8 3223340586 140727341718208
[2026-09-08 14:21:32][warning][3559447] Calling original ioctl: 8 3224389163 140727341722528
[2026-09-08 14:21:32][warning][3559447] Calling original ioctl: 8 3223340586 140727341718208
[2026-09-08 14:21:32][warning][3559447] Calling original ioctl: 8 3223340586 140727341718288
[2026-09-08 14:21:32][warning][3559447] Calling original ioctl: 8 3223340586 140727341718288
[2026-09-08 14:21:32][warning][3559447] Calling original ioctl: 8 3224389163 140727341721184
[2026-09-08 14:21:32][warning][3559447] Calling original ioctl: 8 3223340586 140727341716768
[2026-09-08 14:21:32][warning][3559447] Calling original ioctl: 8 3224913486 140727341721312
[2026-09-08 14:21:32][warning][3559447] Calling original ioctl: 9 73 140727341720368
[2026-09-08 14:21:32][warning][3559447] Calling original ioctl: 9 33 140727341711136
[2026-09-08 14:21:32][warning][3559447] Calling original ioctl: 8 3224389163 140727341720384
[2026-09-08 14:21:32][warning][3559447] Calling original ioctl: 8 3223340586 140727341715968
[2026-09-08 14:21:32][warning][3559447] Calling original ioctl: 8 3224913486 140727341720512
[2026-09-08 14:21:32][warning][3559447] Calling original ioctl: 8 3224389163 140727341722240
[2026-09-08 14:21:32][warning][3559447] Calling original ioctl: 8 3223340586 140727341718272
[2026-09-08 14:21:32][warning][3559447] Calling original ioctl: 8 3224389163 140727341722528
[2026-09-08 14:21:32][warning][3559447] Calling original ioctl: 8 3223340586 140727341718208
[2026-09-08 14:21:32][warning][3559447] Calling original ioctl: 8 3223340586 140727341718288
[2026-09-08 14:21:32][warning][3559447] Calling original ioctl: 8 3223340586 140727341718288
[2026-09-08 14:21:32][warning][3559447] Calling original ioctl: 8 3224389163 140727341720384
[2026-09-08 14:21:32][warning][3559447] Calling original ioctl: 8 3223340586 140727341715968
[2026-09-08 14:21:32][warning][3559447] Calling original ioctl: 8 3224913486 140727341720512
[2026-09-08 14:21:32][warning][3559447] Calling original ioctl: 8 3224389163 140727341722240
[2026-09-08 14:21:32][warning][3559447] Calling original ioctl: 8 3223340586 140727341718272
[2026-09-08 14:21:32][warning][3559447] Calling original ioctl: 8 3224389163 140727341722528
[2026-09-08 14:21:32][warning][3559447] Calling original ioctl: 8 3223340586 140727341718208
[2026-09-08 14:21:32][warning][3559447] Calling original ioctl: 8 3224389163 140727341722528
[2026-09-08 14:21:32][warning][3559447] Calling original ioctl: 8 3223340586 140727341718208
[2026-09-08 14:21:32][warning][3559447] Calling original ioctl: 8 3223340586 140727341718288
[2026-09-08 14:21:32][warning][3559447] Calling original ioctl: 8 3223340586 140727341718288
[2026-09-08 14:21:32][warning][3559447] Calling original ioctl: 8 3224389163 140727341720384
[2026-09-08 14:21:32][warning][3559447] Calling original ioctl: 8 3223340586 140727341715968
[2026-09-08 14:21:32][warning][3559447] Calling original ioctl: 8 3224913486 140727341720512
[2026-09-08 14:21:32][warning][3559447] Calling original ioctl: 8 3224389163 140727341722240
[2026-09-08 14:21:32][warning][3559447] Calling original ioctl: 8 3223340586 140727341718272
[2026-09-08 14:21:32][warning][3559447] Calling original ioctl: 8 3224389163 140727341722528
[2026-09-08 14:21:32][warning][3559447] Calling original ioctl: 8 3223340586 140727341718208
[2026-09-08 14:21:32][warning][3559447] Calling original ioctl: 8 3223340586 140727341718288
[2026-09-08 14:21:32][warning][3559447] Calling original ioctl: 8 3223340586 140727341718288
[2026-09-08 14:21:32][warning][3559447] Calling original ioctl: 8 3224389163 140727341720384
[2026-09-08 14:21:32][warning][3559447] Calling original ioctl: 8 3223340586 140727341715968
[2026-09-08 14:21:32][warning][3559447] Calling original ioctl: 8 3224913486 140727341720512
[2026-09-08 14:21:32][warning][3559447] Calling original ioctl: 8 3224389163 140727341722240
[2026-09-08 14:21:32][warning][3559447] Calling original ioctl: 8 3223340586 140727341718272
[2026-09-08 14:21:32][warning][3559447] Calling original ioctl: 8 3224389163 140727341722528
[2026-09-08 14:21:32][warning][3559447] Calling original ioctl: 8 3223340586 140727341718208
[2026-09-08 14:21:32][warning][3559447] Calling original ioctl: 8 3224389163 140727341722528
[2026-09-08 14:21:32][warning][3559447] Calling original ioctl: 8 3223340586 140727341718208
[2026-09-08 14:21:32][warning][3559447] Calling original ioctl: 8 3223340586 140727341718288
[2026-09-08 14:21:32][warning][3559447] Calling original ioctl: 8 3223340586 140727341718288
[2026-09-08 14:21:32][warning][3559447] Calling original ioctl: 8 3224389163 140727341720384
[2026-09-08 14:21:32][warning][3559447] Calling original ioctl: 8 3223340586 140727341715968
[2026-09-08 14:21:32][warning][3559447] Calling original ioctl: 8 3224913486 140727341720512
[2026-09-08 14:21:32][warning][3559447] Calling original ioctl: 8 3224389163 140727341722240
[2026-09-08 14:21:32][warning][3559447] Calling original ioctl: 8 3223340586 140727341718272
[2026-09-08 14:21:32][warning][3559447] Calling original ioctl: 8 3224389163 140727341722528
[2026-09-08 14:21:32][warning][3559447] Calling original ioctl: 8 3223340586 140727341718208
[2026-09-08 14:21:32][warning][3559447] Calling original ioctl: 8 3223340586 140727341718288
[2026-09-08 14:21:32][warning][3559447] Calling original ioctl: 8 3223340586 140727341718288
[2026-09-08 14:21:32][warning][3559447] Calling original ioctl: 8 3224389163 140727341720384
[2026-09-08 14:21:32][warning][3559447] Calling original ioctl: 8 3223340586 140727341715968
[2026-09-08 14:21:32][warning][3559447] Calling original ioctl: 8 3224913486 140727341720512
[2026-09-08 14:21:32][warning][3559447] Calling original ioctl: 8 3224389163 140727341722240
[2026-09-08 14:21:32][warning][3559447] Calling original ioctl: 8 3223340586 140727341718272
[2026-09-08 14:21:32][warning][3559447] Calling original ioctl: 8 3224389163 140727341722528
[2026-09-08 14:21:32][warning][3559447] Calling original ioctl: 8 3223340586 140727341718208
[2026-09-08 14:21:32][warning][3559447] Calling original ioctl: 8 3224389163 140727341722528
[2026-09-08 14:21:32][warning][3559447] Calling original ioctl: 8 3223340586 140727341718208
[2026-09-08 14:21:32][warning][3559447] Calling original ioctl: 8 3223340586 140727341718288
[2026-09-08 14:21:32][warning][3559447] Calling original ioctl: 8 3223340586 140727341718288
[2026-09-08 14:21:32][warning][3559447] Calling original ioctl: 8 3224389163 140727341720384
[2026-09-08 14:21:32][warning][3559447] Calling original ioctl: 8 3223340586 140727341715968
[2026-09-08 14:21:32][warning][3559447] Calling original ioctl: 8 3224913486 140727341720512
[2026-09-08 14:21:32][warning][3559447] Calling original ioctl: 8 3224389163 140727341722240
[2026-09-08 14:21:32][warning][3559447] Calling original ioctl: 8 3223340586 140727341718272
[2026-09-08 14:21:32][warning][3559447] Calling original ioctl: 8 3224389163 140727341722528
[2026-09-08 14:21:32][warning][3559447] Calling original ioctl: 8 3223340586 140727341718208
[2026-09-08 14:21:32][warning][3559447] Calling original ioctl: 8 3223340586 140727341718288
[2026-09-08 14:21:32][warning][3559447] Calling original ioctl: 8 3223340586 140727341718288
[2026-09-08 14:21:32][warning][3559447] Calling original ioctl: 9 27 140727341724208
[2026-09-08 14:21:32][warning][3559447] Calling original ioctl: 9 27 140727341724208
[2026-09-08 14:21:32][warning][3559447] Calling original ioctl: 9 27 140727341724208
[2026-09-08 14:21:32][warning][3559447] Calling original ioctl: 9 27 140727341724208
[2026-09-08 14:21:32][warning][3559447] Calling original ioctl: 9 27 140727341724208
[2026-09-08 14:21:32][warning][3559447] Calling original ioctl: 9 27 140727341724208
[2026-09-08 14:21:32][warning][3559447] Calling original ioctl: 9 27 140727341724208
[2026-09-08 14:21:32][warning][3559447] Calling original ioctl: 9 27 140727341724208
[2026-09-08 14:21:32][warning][3559447] Calling original ioctl: 8 3223340586 140727341719872
[2026-09-08 14:21:32][warning][3559447] Calling original ioctl: 17 3221505737 140727341723968
[2026-09-08 14:21:32][warning][3559447] Calling original ioctl: 17 3222292174 140727341723952
[2026-09-08 14:21:32][warning][3559447] Calling original ioctl: 17 3224389163 140727341723936
[2026-09-08 14:21:32][warning][3559447] Calling original ioctl: 8 3224389163 140727341723776
[2026-09-08 14:21:32][warning][3559447] Calling original ioctl: 8 3224389163 140727341720384
[2026-09-08 14:21:32][warning][3559447] Calling original ioctl: 8 3223340586 140727341715968
[2026-09-08 14:21:32][warning][3559447] Calling original ioctl: 8 3224913486 140727341720512
[2026-09-08 14:21:32][warning][3559447] Calling original ioctl: 8 3224389163 140727341722240
[2026-09-08 14:21:32][warning][3559447] Calling original ioctl: 8 3223340586 140727341718272
[2026-09-08 14:21:32][warning][3559447] Calling original ioctl: 8 3224389163 140727341722528
[2026-09-08 14:21:32][warning][3559447] Calling original ioctl: 8 3223340586 140727341718208
[2026-09-08 14:21:32][warning][3559447] Calling original ioctl: 8 3223340586 140727341718288
[2026-09-08 14:21:32][warning][3559447] Calling original ioctl: 8 3224389163 140727341720384
[2026-09-08 14:21:32][warning][3559447] Calling original ioctl: 8 3223340586 140727341715968
[2026-09-08 14:21:32][warning][3559447] Calling original ioctl: 8 3224913486 140727341720512
[2026-09-08 14:21:32][warning][3559447] Calling original ioctl: 8 3224389163 140727341722240
[2026-09-08 14:21:32][warning][3559447] Calling original ioctl: 8 3223340586 140727341718272
[2026-09-08 14:21:32][warning][3559447] Calling original ioctl: 8 3224389163 140727341722528
[2026-09-08 14:21:32][warning][3559447] Calling original ioctl: 8 3223340586 140727341718208
[2026-09-08 14:21:32][warning][3559447] Calling original ioctl: 8 3223340586 140727341718288
[2026-09-08 14:21:32][warning][3559447] Calling original ioctl: 8 3224389163 140727341720384
[2026-09-08 14:21:32][warning][3559447] Calling original ioctl: 8 3223340586 140727341715968
[2026-09-08 14:21:32][warning][3559447] Calling original ioctl: 8 3224913486 140727341720512
[2026-09-08 14:21:32][warning][3559447] Calling original ioctl: 8 3224389163 140727341722240
[2026-09-08 14:21:32][warning][3559447] Calling original ioctl: 8 3223340586 140727341718272
[2026-09-08 14:21:32][warning][3559447] Calling original ioctl: 8 3224389163 140727341722528
[2026-09-08 14:21:32][warning][3559447] Calling original ioctl: 8 3223340586 140727341718208
[2026-09-08 14:21:32][warning][3559447] Calling original ioctl: 8 3223340586 140727341718288
[2026-09-08 14:21:32][warning][3559447] Calling original ioctl: 8 3224389163 140727341720384
[2026-09-08 14:21:32][warning][3559447] Calling original ioctl: 8 3223340586 140727341715968
[2026-09-08 14:21:32][warning][3559447] Calling original ioctl: 8 3224913486 140727341720512
[2026-09-08 14:21:32][warning][3559447] Calling original ioctl: 8 3224389163 140727341722240
[2026-09-08 14:21:32][warning][3559447] Calling original ioctl: 8 3223340586 140727341718272
[2026-09-08 14:21:32][warning][3559447] Calling original ioctl: 8 3224389163 140727341722528
[2026-09-08 14:21:32][warning][3559447] Calling original ioctl: 8 3223340586 140727341718208
[2026-09-08 14:21:32][warning][3559447] Calling original ioctl: 8 3223340586 140727341718288
[2026-09-08 14:21:32][warning][3559447] Calling original ioctl: 9 27 140727341724208
[2026-09-08 14:21:32][warning][3559447] Calling original ioctl: 9 27 140727341724208
[2026-09-08 14:21:32][warning][3559447] Calling original ioctl: 9 27 140727341724208
[2026-09-08 14:21:32][warning][3559447] Calling original ioctl: 9 27 140727341724208
[2026-09-08 14:21:32][warning][3559447] Calling original ioctl: 8 3223340586 140727341719872
[2026-09-08 14:21:32][warning][3559447] Calling original ioctl: 19 3221505737 140727341723968
[2026-09-08 14:21:32][warning][3559447] Calling original ioctl: 19 3222292174 140727341723952
[2026-09-08 14:21:32][warning][3559447] Calling original ioctl: 19 3224389163 140727341723936
[2026-09-08 14:21:32][warning][3559447] Calling original ioctl: 8 3224389163 140727341723776
[2026-09-08 14:21:32][warning][3559447] Calling original ioctl: 8 3224389163 140727341720384
[2026-09-08 14:21:32][warning][3559447] Calling original ioctl: 8 3223340586 140727341715968
[2026-09-08 14:21:32][warning][3559447] Calling original ioctl: 8 3224913486 140727341720512
[2026-09-08 14:21:32][warning][3559447] Calling original ioctl: 8 3224389163 140727341722240
[2026-09-08 14:21:32][warning][3559447] Calling original ioctl: 8 3223340586 140727341718272
[2026-09-08 14:21:32][warning][3559447] Calling original ioctl: 8 3224389163 140727341722528
[2026-09-08 14:21:32][warning][3559447] Calling original ioctl: 8 3223340586 140727341718208
[2026-09-08 14:21:32][warning][3559447] Calling original ioctl: 8 3223340586 140727341718288
[2026-09-08 14:21:32][warning][3559447] Calling original ioctl: 8 3224389163 140727341720384
[2026-09-08 14:21:32][warning][3559447] Calling original ioctl: 8 3223340586 140727341715968
[2026-09-08 14:21:32][warning][3559447] Calling original ioctl: 8 3224913486 140727341720512
[2026-09-08 14:21:32][warning][3559447] Calling original ioctl: 8 3224389163 140727341722240
[2026-09-08 14:21:32][warning][3559447] Calling original ioctl: 8 3223340586 140727341718272
[2026-09-08 14:21:32][warning][3559447] Calling original ioctl: 8 3224389163 140727341722528
[2026-09-08 14:21:32][warning][3559447] Calling original ioctl: 8 3223340586 140727341718208
[2026-09-08 14:21:32][warning][3559447] Calling original ioctl: 8 3223340586 140727341718288
[2026-09-08 14:21:32][warning][3559447] Calling original ioctl: 8 3224389163 140727341720384
[2026-09-08 14:21:32][warning][3559447] Calling original ioctl: 8 3223340586 140727341715968
[2026-09-08 14:21:32][warning][3559447] Calling original ioctl: 8 3224913486 140727341720512
[2026-09-08 14:21:32][warning][3559447] Calling original ioctl: 8 3224389163 140727341722240
[2026-09-08 14:21:32][warning][3559447] Calling original ioctl: 8 3223340586 140727341718272
[2026-09-08 14:21:32][warning][3559447] Calling original ioctl: 8 3224389163 140727341722528
[2026-09-08 14:21:32][warning][3559447] Calling original ioctl: 8 3223340586 140727341718208
[2026-09-08 14:21:32][warning][3559447] Calling original ioctl: 8 3223340586 140727341718288
[2026-09-08 14:21:32][warning][3559447] Calling original ioctl: 8 3224389163 140727341720384
[2026-09-08 14:21:32][warning][3559447] Calling original ioctl: 8 3223340586 140727341715968
[2026-09-08 14:21:32][warning][3559447] Calling original ioctl: 8 3224913486 140727341720512
[2026-09-08 14:21:32][warning][3559447] Calling original ioctl: 8 3224389163 140727341722240
[2026-09-08 14:21:32][warning][3559447] Calling original ioctl: 8 3223340586 140727341718272
[2026-09-08 14:21:32][warning][3559447] Calling original ioctl: 8 3224389163 140727341722528
[2026-09-08 14:21:32][warning][3559447] Calling original ioctl: 8 3223340586 140727341718208
[2026-09-08 14:21:32][warning][3559447] Calling original ioctl: 8 3223340586 140727341718288
[2026-09-08 14:21:32][warning][3559447] Calling original ioctl: 9 27 140727341724208
[2026-09-08 14:21:32][warning][3559447] Calling original ioctl: 9 27 140727341724208
[2026-09-08 14:21:32][warning][3559447] Calling original ioctl: 9 27 140727341724208
[2026-09-08 14:21:32][warning][3559447] Calling original ioctl: 9 27 140727341724208
[2026-09-08 14:21:32][warning][3559447] Calling original ioctl: 8 3223340586 140727341719872
[2026-09-08 14:21:32][warning][3559447] Calling original ioctl: 21 3221505737 140727341723968
[2026-09-08 14:21:32][warning][3559447] Calling original ioctl: 21 3222292174 140727341723952
[2026-09-08 14:21:32][warning][3559447] Calling original ioctl: 21 3224389163 140727341723936
[2026-09-08 14:21:32][warning][3559447] Calling original ioctl: 8 3224389163 140727341721408
[2026-09-08 14:21:32][warning][3559447] Calling original ioctl: 8 3223340586 140727341716992
[2026-09-08 14:21:32][warning][3559447] Calling original ioctl: 8 3224913486 140727341721536
[2026-09-08 14:21:32][warning][3559447] Calling original ioctl: 9 73 140727341720592
[2026-09-08 14:21:32][warning][3559447] Calling original ioctl: 9 33 140727341711360
[2026-09-08 14:21:32][warning][3559447] Calling original ioctl: 8 3224389163 140727341721712
[2026-09-08 14:21:32][warning][3559447] Calling original ioctl: 9 73 140727341720896
[2026-09-08 14:21:32][warning][3559447] Calling original ioctl: 9 33 140727341711664
[2026-09-08 14:21:32][warning][3559447] Calling original ioctl: 9 68 140727341711056
[2026-09-08 14:21:32][warning][3559447] Calling original ioctl: 9 72 140727341720160
[2026-09-08 14:21:32][warning][3559447] Calling original ioctl: 9 23 140727341724512
[2026-09-08 14:21:32][warning][3559447] Calling original ioctl: 9 23 140727341724512
[2026-09-08 14:21:32][warning][3559447] Calling original ioctl: 9 23 140727341724512
[2026-09-08 14:21:32][warning][3559447] Calling original ioctl: 9 23 140727341724512
[2026-09-08 14:21:32][warning][3559447] Calling original ioctl: 8 3224389163 140727341721712
[2026-09-08 14:21:32][warning][3559447] Calling original ioctl: 9 73 140727341720896
[2026-09-08 14:21:32][warning][3559447] Calling original ioctl: 9 33 140727341711664
[2026-09-08 14:21:32][warning][3559447] Calling original ioctl: 9 23 140727341724512
[2026-09-08 14:21:32][warning][3559447] Calling original ioctl: 9 23 140727341724512
[2026-09-08 14:21:32][warning][3559447] Calling original ioctl: 9 23 140727341724512
[2026-09-08 14:21:32][warning][3559447] Calling original ioctl: 8 3224389163 140727341721136
[2026-09-08 14:21:32][warning][3559447] Calling original ioctl: 8 3223340586 140727341716720
[2026-09-08 14:21:32][warning][3559447] Calling original ioctl: 8 3224913486 140727341721264
[2026-09-08 14:21:32][warning][3559447] Calling original ioctl: 9 73 140727341720320
[2026-09-08 14:21:32][warning][3559447] Calling original ioctl: 9 33 140727341711088
[2026-09-08 14:21:32][warning][3559447] Calling original ioctl: 12 3224913447 140727341721120
[2026-09-08 14:21:32][warning][3559447] Calling original ioctl: 9 73 140727341720320
[2026-09-08 14:21:32][warning][3559447] Calling original ioctl: 9 33 140727341711088
[2026-09-08 14:21:32][warning][3559447] Calling original ioctl: 8 3224389163 140727341722000
[2026-09-08 14:21:32][warning][3559447] Calling original ioctl: 9 73 140727341721184
[2026-09-08 14:21:32][warning][3559447] Calling original ioctl: 9 33 140727341711952
[2026-09-08 14:21:32][warning][3559447] Calling original ioctl: 12 3224913447 140727341721376
[2026-09-08 14:21:32][warning][3559447] Calling original ioctl: 9 73 140727341720576
[2026-09-08 14:21:32][warning][3559447] Calling original ioctl: 9 33 140727341711344
[2026-09-08 14:21:32][warning][3559447] Calling original ioctl: 8 3224389163 140727341721392
[2026-09-08 14:21:32][warning][3559447] Calling original ioctl: 9 73 140727341720576
[2026-09-08 14:21:32][warning][3559447] Calling original ioctl: 9 33 140727341711344
[2026-09-08 14:21:32][warning][3559447] Calling original ioctl: 9 65 140727341721664
[2026-09-08 14:21:32][warning][3559447] Calling original ioctl: 12 3224913447 140727341722480
[2026-09-08 14:21:32][warning][3559447] Calling original ioctl: 9 73 140727341721680
[2026-09-08 14:21:32][warning][3559447] Calling original ioctl: 9 33 140727341712448
[2026-09-08 14:21:32][warning][3559447] Calling original ioctl: 8 3224389163 140727341722496
[2026-09-08 14:21:32][warning][3559447] Calling original ioctl: 9 73 140727341721680
[2026-09-08 14:21:32][warning][3559447] Calling original ioctl: 9 33 140727341712448
[2026-09-08 14:21:32][warning][3559447] Calling original ioctl: 8 3224389163 140727341722064
[2026-09-08 14:21:32][warning][3559447] Calling original ioctl: 8 3223340586 140727341717648
[2026-09-08 14:21:32][warning][3559447] Calling original ioctl: 8 3224913486 140727341722192
[2026-09-08 14:21:32][warning][3559447] Calling original ioctl: 9 73 140727341721248
[2026-09-08 14:21:32][warning][3559447] Calling original ioctl: 9 33 140727341712016
[2026-09-08 14:21:32][warning][3559447] Calling original ioctl: 8 3224389163 140727341719776
[2026-09-08 14:21:32][warning][3559447] Calling original ioctl: 9 73 140727341718960
[2026-09-08 14:21:32][warning][3559447] Calling original ioctl: 9 33 140727341709728
[2026-09-08 14:21:32][warning][3559447] Calling original ioctl: 8 3224389163 140727341719696
[2026-09-08 14:21:32][warning][3559447] Calling original ioctl: 9 73 140727341718880
[2026-09-08 14:21:32][warning][3559447] Calling original ioctl: 9 33 140727341709648
[2026-09-08 14:21:32][warning][3559447] Calling original ioctl: 8 3224389163 140727341719696
[2026-09-08 14:21:32][warning][3559447] Calling original ioctl: 9 73 140727341718880
[2026-09-08 14:21:32][warning][3559447] Calling original ioctl: 9 33 140727341709648
[2026-09-08 14:21:32][warning][3559447] Calling original ioctl: 12 3224913447 140727341722032
[2026-09-08 14:21:32][warning][3559447] Calling original ioctl: 9 73 140727341721232
[2026-09-08 14:21:32][warning][3559447] Calling original ioctl: 9 33 140727341712000
[2026-09-08 14:21:32][warning][3559447] Calling original ioctl: 8 3224389163 140727341724640
[2026-09-08 14:21:32][warning][3559447] Calling original ioctl: 8 3224389163 140727341721536
[2026-09-08 14:21:32][warning][3559447] Calling original ioctl: 8 3223340586 140727341717120
[2026-09-08 14:21:32][warning][3559447] Calling original ioctl: 8 3224913486 140727341721664
[2026-09-08 14:21:32][warning][3559447] Calling original ioctl: 9 73 140727341720720
[2026-09-08 14:21:32][warning][3559447] Calling original ioctl: 9 33 140727341711488
[2026-09-08 14:21:32][warning][3559447] Calling original ioctl: 8 3224389163 140727341721856
[2026-09-08 14:21:32][warning][3559447] Calling original ioctl: 9 73 140727341721040
[2026-09-08 14:21:32][warning][3559447] Calling original ioctl: 9 33 140727341711808
[2026-09-08 14:21:32][warning][3559447] Calling original ioctl: 8 3224389163 140727341721856
[2026-09-08 14:21:32][warning][3559447] Calling original ioctl: 9 73 140727341721040
[2026-09-08 14:21:32][warning][3559447] Calling original ioctl: 9 33 140727341711808
[2026-09-08 14:21:32][warning][3559447] Calling original ioctl: 24 3221505737 140727341724304
[2026-09-08 14:21:32][warning][3559447] Calling original ioctl: 24 3222292174 140727341724288
[2026-09-08 14:21:32][warning][3559447] Calling original ioctl: 24 3224389163 140727341724272
[2026-09-08 14:21:32][warning][3559447] Calling original ioctl: 26 3221505737 140727341724304
[2026-09-08 14:21:32][warning][3559447] Calling original ioctl: 26 3222292174 140727341724288
[2026-09-08 14:21:32][warning][3559447] Calling original ioctl: 26 3224389163 140727341724272
[2026-09-08 14:21:32][warning][3559447] Calling original ioctl: 28 3221505737 140727341724304
[2026-09-08 14:21:32][warning][3559447] Calling original ioctl: 28 3222292174 140727341724288
[2026-09-08 14:21:32][warning][3559447] Calling original ioctl: 28 3224389163 140727341724272
[2026-09-08 14:21:32][warning][3559447] Calling original ioctl: 30 3221505737 140727341724304
[2026-09-08 14:21:32][warning][3559447] Calling original ioctl: 30 3222292174 140727341724288
[2026-09-08 14:21:32][warning][3559447] Calling original ioctl: 30 3224389163 140727341724272
[2026-09-08 14:21:32][warning][3559447] Calling original ioctl: 8 3223340586 140727341720016
[2026-09-08 14:21:32][warning][3559447] Calling original ioctl: 8 3223340586 140727341720192
[2026-09-08 14:21:32][warning][3559447] Calling original ioctl: 8 3223340586 140727341720352
[2026-09-08 14:21:32][warning][3559447] Calling original ioctl: 8 3224389163 140727341721824
[2026-09-08 14:21:32][warning][3559447] Calling original ioctl: 9 73 140727341721008
[2026-09-08 14:21:32][warning][3559447] Calling original ioctl: 9 33 140727341711776
[2026-09-08 14:21:32][warning][3559447] Calling original ioctl: 8 3223340586 140727341720352
libbpf: loading object 'full_record_device_buffer_bpf' from buffer
libbpf: elf: section(3) kretprobe/_Z9rope_normILb1ELb0Ef6__halfEvPKT1_PT2_iiiiiPKifff14rope_corr_dimsfPKfPKli, size 1168, link 0, flags 6, type=1
libbpf: sec 'kretprobe/_Z9rope_normILb1ELb0Ef6__halfEvPKT1_PT2_iiiiiPKifff14rope_corr_dimsfPKfPKli': found program 'cuda__retprobe' at insn offset 0 (0 bytes), code size 146 insns (1168 bytes)
libbpf: elf: section(4) .relkretprobe/_Z9rope_normILb1ELb0Ef6__halfEvPKT1_PT2_iiiiiPKifff14rope_corr_dimsfPKfPKli, size 32, link 26, flags 40, type=9
libbpf: elf: section(5) .maps, size 32, link 0, flags 3, type=1
libbpf: elf: section(6) license, size 4, link 0, flags 3, type=1
libbpf: license of full_record_device_buffer_bpf is GPL
libbpf: elf: section(16) .BTF, size 2529, link 0, flags 0, type=1
libbpf: elf: section(18) .BTF.ext, size 960, link 0, flags 0, type=1
libbpf: elf: section(26) .symtab, size 432, link 1, flags 0, type=2
libbpf: looking for externs among 18 symbols...
libbpf: collected 0 externs total
libbpf: map 'arena': at sec_idx 5, offset 0.
libbpf: map 'arena': found type = 1503.
libbpf: map 'arena': found key [8], sz = 4.
libbpf: map 'arena': found value [12], sz = 335675408.
libbpf: map 'arena': found max_entries = 32.
libbpf: sec '.relkretprobe/_Z9rope_normILb1ELb0Ef6__halfEvPKT1_PT2_iiiiiPKifff14rope_corr_dimsfPKfPKli': collecting relocation for section(3) 'kretprobe/_Z9rope_normILb1ELb0Ef6__halfEvPKT1_PT2_iiiiiPKifff14rope_corr_dimsfPKfPKli'
libbpf: sec '.relkretprobe/_Z9rope_normILb1ELb0Ef6__halfEvPKT1_PT2_iiiiiPKifff14rope_corr_dimsfPKfPKli': relo #0: insn #71 against 'arena'
libbpf: prog 'cuda__retprobe': found map 0 (arena, sec 5, off 0) for insn #71
libbpf: sec '.relkretprobe/_Z9rope_normILb1ELb0Ef6__halfEvPKT1_PT2_iiiiiPKifff14rope_corr_dimsfPKfPKli': relo #1: insn #85 against 'arena'
libbpf: prog 'cuda__retprobe': found map 0 (arena, sec 5, off 0) for insn #85
libbpf: object 'full_record_dev': failed (-EACCES) to open BPF FS mount at '/sys/fs/bpf', skipping optional step...
libbpf: Kernel doesn't support BTF, skipping uploading it.
libbpf: map 'arena': created successfully, fd=34
Full-record bank count: 32
Full-record slots per bank: 16384
Full-record total slots: 524288
Full-record records per slot: 256
Full-record record bytes: 80
Full-record value bytes (per bank): 335675408
Full-record probe attached; waiting for SIGINT
[2026-09-08 14:21:48][warning][3559503] Calling original ioctl: 8 3223340586 122083285509744
[2026-09-08 14:22:32][warning][3559447] Calling original ioctl: 8 3223340586 140727341715184
Full-record drain bytes: 10741613056
Full-record drain time ns: 1472224062
Full-record committed records: 23068672
Full-record active slots: 524288
Full-record overflow records: 0
Full-record out-of-range threads: 0
Full-record nonzero timestamps: 23068672
[2026-09-08 14:22:33][warning][3559447] Calling original ioctl: 9 34 140727341725136
[2026-09-08 14:22:33][warning][3559447] Calling original ioctl: 8 3222292009 140727341725296
[2026-09-08 14:22:33][warning][3559447] Calling original ioctl: 9 34 140727341725952
[2026-09-08 14:22:33][warning][3559447] Calling original ioctl: 8 3222292009 140727341726112
[2026-09-08 14:22:33][warning][3559447] Calling original ioctl: 9 34 140727341725952
[2026-09-08 14:22:33][warning][3559447] Calling original ioctl: 8 3222292009 140727341726112
[2026-09-08 14:22:33][warning][3559447] Calling original ioctl: 8 3222292009 140727341726832
[2026-09-08 14:22:33][warning][3559447] Calling original ioctl: 26 3222292175 140727341726848
[2026-09-08 14:22:33][warning][3559447] Calling original ioctl: 8 3222292009 140727341726832
[2026-09-08 14:22:33][warning][3559447] Calling original ioctl: 28 3222292175 140727341726848
[2026-09-08 14:22:33][warning][3559447] Calling original ioctl: 8 3222292009 140727341726832
[2026-09-08 14:22:33][warning][3559447] Calling original ioctl: 24 3222292175 140727341726848
[2026-09-08 14:22:33][warning][3559447] Calling original ioctl: 8 3222292009 140727341726832
[2026-09-08 14:22:33][warning][3559447] Calling original ioctl: 30 3222292175 140727341726848
[2026-09-08 14:22:33][warning][3559447] Calling original ioctl: 9 34 140727341725856
[2026-09-08 14:22:33][warning][3559447] Calling original ioctl: 8 3222292009 140727341726016
[2026-09-08 14:22:33][warning][3559447] Calling original ioctl: 9 34 140727341725856
[2026-09-08 14:22:33][warning][3559447] Calling original ioctl: 8 3222292009 140727341726016
[2026-09-08 14:22:33][warning][3559447] Calling original ioctl: 9 34 140727341725984
[2026-09-08 14:22:33][warning][3559447] Calling original ioctl: 8 3223340623 140727341726192
[2026-09-08 14:22:33][warning][3559447] Calling original ioctl: 8 3222292009 140727341726144
[2026-09-08 14:22:33][warning][3559447] Calling original ioctl: 8 3222292009 140727341726912
[2026-09-08 14:22:33][warning][3559447] Calling original ioctl: 9 34 140727341725968
[2026-09-08 14:22:33][warning][3559447] Calling original ioctl: 8 3222292009 140727341726128
[2026-09-08 14:22:33][warning][3559447] Calling original ioctl: 9 34 140727341725968
[2026-09-08 14:22:33][warning][3559447] Calling original ioctl: 8 3223340623 140727341726176
[2026-09-08 14:22:33][warning][3559447] Calling original ioctl: 8 3222292009 140727341726128
[2026-09-08 14:22:33][warning][3559447] Calling original ioctl: 8 3223340586 140727341721840
[2026-09-08 14:22:33][warning][3559447] Calling original ioctl: 9 34 140727341725792
[2026-09-08 14:22:33][warning][3559447] Calling original ioctl: 8 3222292009 140727341725952
[2026-09-08 14:22:33][warning][3559447] Calling original ioctl: 8 3223340586 140727341721840
[2026-09-08 14:22:33][warning][3559447] Calling original ioctl: 9 34 140727341725792
[2026-09-08 14:22:33][warning][3559447] Calling original ioctl: 8 3222292009 140727341725952
[2026-09-08 14:22:33][warning][3559447] Calling original ioctl: 8 3223340586 140727341721840
[2026-09-08 14:22:33][warning][3559447] Calling original ioctl: 9 34 140727341725792
[2026-09-08 14:22:33][warning][3559447] Calling original ioctl: 8 3222292009 140727341725952
[2026-09-08 14:22:33][warning][3559447] Calling original ioctl: 8 3223340586 140727341722736
[2026-09-08 14:22:33][warning][3559447] Calling original ioctl: 9 34 140727341726016
[2026-09-08 14:22:33][warning][3559447] Calling original ioctl: 9 34 140727341726016
[2026-09-08 14:22:33][warning][3559447] Calling original ioctl: 8 3222292009 140727341726176
[2026-09-08 14:22:33][warning][3559447] Calling original ioctl: 9 34 140727341726016
[2026-09-08 14:22:33][warning][3559447] Calling original ioctl: 8 3222292009 140727341726176
[2026-09-08 14:22:33][warning][3559447] Calling original ioctl: 9 34 140727341725968
[2026-09-08 14:22:33][warning][3559447] Calling original ioctl: 8 3223340623 140727341726176
[2026-09-08 14:22:33][warning][3559447] Calling original ioctl: 8 3222292009 140727341726128
[2026-09-08 14:22:33][warning][3559447] Calling original ioctl: 9 24 140727341727008
[2026-09-08 14:22:33][warning][3559447] Calling original ioctl: 9 24 140727341727008
[2026-09-08 14:22:33][warning][3559447] Calling original ioctl: 9 24 140727341727040
[2026-09-08 14:22:33][warning][3559447] Calling original ioctl: 9 24 140727341727008
[2026-09-08 14:22:33][warning][3559447] Calling original ioctl: 9 24 140727341727008
[2026-09-08 14:22:33][warning][3559447] Calling original ioctl: 9 24 140727341727008
[2026-09-08 14:22:33][warning][3559447] Calling original ioctl: 9 24 140727341727008
[2026-09-08 14:22:33][warning][3559447] Calling original ioctl: 9 34 140727341725904
[2026-09-08 14:22:33][warning][3559447] Calling original ioctl: 8 3222292009 140727341726064
[2026-09-08 14:22:33][warning][3559447] Calling original ioctl: 9 34 140727341725904
[2026-09-08 14:22:33][warning][3559447] Calling original ioctl: 8 3222292009 140727341726064
[2026-09-08 14:22:33][warning][3559447] Calling original ioctl: 9 34 140727341726016
[2026-09-08 14:22:33][warning][3559447] Calling original ioctl: 8 3222292009 140727341726176
[2026-09-08 14:22:33][warning][3559447] Calling original ioctl: 8 3222292009 140727341726752
[2026-09-08 14:22:33][warning][3559447] Calling original ioctl: 17 3222292175 140727341726768
[2026-09-08 14:22:33][warning][3559447] Calling original ioctl: 9 28 140727341726880
[2026-09-08 14:22:33][warning][3559447] Calling original ioctl: 9 28 140727341726880
[2026-09-08 14:22:33][warning][3559447] Calling original ioctl: 9 28 140727341726880
[2026-09-08 14:22:33][warning][3559447] Calling original ioctl: 9 28 140727341726880
[2026-09-08 14:22:33][warning][3559447] Calling original ioctl: 9 28 140727341726880
[2026-09-08 14:22:33][warning][3559447] Calling original ioctl: 9 28 140727341726880
[2026-09-08 14:22:33][warning][3559447] Calling original ioctl: 9 28 140727341726880
[2026-09-08 14:22:33][warning][3559447] Calling original ioctl: 9 28 140727341726880
[2026-09-08 14:22:33][warning][3559447] Calling original ioctl: 8 3222292009 140727341726640
[2026-09-08 14:22:33][warning][3559447] Calling original ioctl: 8 3222292009 140727341726640
[2026-09-08 14:22:33][warning][3559447] Calling original ioctl: 8 3222292009 140727341726688
[2026-09-08 14:22:33][warning][3559447] Calling original ioctl: 8 3223340623 140727341725952
[2026-09-08 14:22:33][warning][3559447] Calling original ioctl: 8 3222292009 140727341725904
[2026-09-08 14:22:33][warning][3559447] Calling original ioctl: 8 3222292009 140727341726640
[2026-09-08 14:22:33][warning][3559447] Calling original ioctl: 8 3222292009 140727341726688
[2026-09-08 14:22:33][warning][3559447] Calling original ioctl: 8 3223340623 140727341725952
[2026-09-08 14:22:33][warning][3559447] Calling original ioctl: 8 3222292009 140727341725904
[2026-09-08 14:22:33][warning][3559447] Calling original ioctl: 8 3222292009 140727341726640
[2026-09-08 14:22:33][warning][3559447] Calling original ioctl: 8 3222292009 140727341726640
[2026-09-08 14:22:33][warning][3559447] Calling original ioctl: 8 3222292009 140727341726688
[2026-09-08 14:22:33][warning][3559447] Calling original ioctl: 8 3223340623 140727341725952
[2026-09-08 14:22:33][warning][3559447] Calling original ioctl: 8 3222292009 140727341725904
[2026-09-08 14:22:33][warning][3559447] Calling original ioctl: 8 3222292009 140727341726640
[2026-09-08 14:22:33][warning][3559447] Calling original ioctl: 8 3222292009 140727341726688
[2026-09-08 14:22:33][warning][3559447] Calling original ioctl: 8 3223340623 140727341725952
[2026-09-08 14:22:33][warning][3559447] Calling original ioctl: 8 3222292009 140727341725904
[2026-09-08 14:22:33][warning][3559447] Calling original ioctl: 8 3222292009 140727341726640
[2026-09-08 14:22:33][warning][3559447] Calling original ioctl: 8 3222292009 140727341726640
[2026-09-08 14:22:33][warning][3559447] Calling original ioctl: 8 3222292009 140727341726688
[2026-09-08 14:22:33][warning][3559447] Calling original ioctl: 8 3223340623 140727341725952
[2026-09-08 14:22:33][warning][3559447] Calling original ioctl: 8 3222292009 140727341725904
[2026-09-08 14:22:33][warning][3559447] Calling original ioctl: 8 3222292009 140727341726640
[2026-09-08 14:22:33][warning][3559447] Calling original ioctl: 8 3222292009 140727341726688
[2026-09-08 14:22:33][warning][3559447] Calling original ioctl: 8 3223340623 140727341725952
[2026-09-08 14:22:33][warning][3559447] Calling original ioctl: 8 3222292009 140727341725904
[2026-09-08 14:22:33][warning][3559447] Calling original ioctl: 8 3222292009 140727341726640
[2026-09-08 14:22:33][warning][3559447] Calling original ioctl: 8 3222292009 140727341726640
[2026-09-08 14:22:33][warning][3559447] Calling original ioctl: 8 3222292009 140727341726688
[2026-09-08 14:22:33][warning][3559447] Calling original ioctl: 8 3223340623 140727341725952
[2026-09-08 14:22:33][warning][3559447] Calling original ioctl: 8 3222292009 140727341725904
[2026-09-08 14:22:33][warning][3559447] Calling original ioctl: 8 3222292009 140727341726640
[2026-09-08 14:22:33][warning][3559447] Calling original ioctl: 8 3222292009 140727341726688
[2026-09-08 14:22:33][warning][3559447] Calling original ioctl: 8 3223340623 140727341725952
[2026-09-08 14:22:33][warning][3559447] Calling original ioctl: 8 3222292009 140727341725904
[2026-09-08 14:22:33][warning][3559447] Calling original ioctl: 8 3222292009 140727341726816
[2026-09-08 14:22:33][warning][3559447] Calling original ioctl: 8 3222292009 140727341726784
[2026-09-08 14:22:33][warning][3559447] Calling original ioctl: 8 3222292009 140727341726752
[2026-09-08 14:22:33][warning][3559447] Calling original ioctl: 19 3222292175 140727341726768
[2026-09-08 14:22:33][warning][3559447] Calling original ioctl: 9 28 140727341726880
[2026-09-08 14:22:33][warning][3559447] Calling original ioctl: 9 28 140727341726880
[2026-09-08 14:22:33][warning][3559447] Calling original ioctl: 9 28 140727341726880
[2026-09-08 14:22:33][warning][3559447] Calling original ioctl: 9 28 140727341726880
[2026-09-08 14:22:33][warning][3559447] Calling original ioctl: 8 3222292009 140727341726640
[2026-09-08 14:22:33][warning][3559447] Calling original ioctl: 8 3222292009 140727341726688
[2026-09-08 14:22:33][warning][3559447] Calling original ioctl: 8 3223340623 140727341725952
[2026-09-08 14:22:33][warning][3559447] Calling original ioctl: 8 3222292009 140727341725904
[2026-09-08 14:22:33][warning][3559447] Calling original ioctl: 8 3222292009 140727341726640
[2026-09-08 14:22:33][warning][3559447] Calling original ioctl: 8 3222292009 140727341726688
[2026-09-08 14:22:33][warning][3559447] Calling original ioctl: 8 3223340623 140727341725952
[2026-09-08 14:22:33][warning][3559447] Calling original ioctl: 8 3222292009 140727341725904
[2026-09-08 14:22:33][warning][3559447] Calling original ioctl: 8 3222292009 140727341726640
[2026-09-08 14:22:33][warning][3559447] Calling original ioctl: 8 3222292009 140727341726688
[2026-09-08 14:22:33][warning][3559447] Calling original ioctl: 8 3223340623 140727341725952
[2026-09-08 14:22:33][warning][3559447] Calling original ioctl: 8 3222292009 140727341725904
[2026-09-08 14:22:33][warning][3559447] Calling original ioctl: 8 3222292009 140727341726640
[2026-09-08 14:22:33][warning][3559447] Calling original ioctl: 8 3222292009 140727341726688
[2026-09-08 14:22:33][warning][3559447] Calling original ioctl: 8 3223340623 140727341725952
[2026-09-08 14:22:33][warning][3559447] Calling original ioctl: 8 3222292009 140727341725904
[2026-09-08 14:22:33][warning][3559447] Calling original ioctl: 8 3222292009 140727341726784
[2026-09-08 14:22:33][warning][3559447] Calling original ioctl: 8 3222292009 140727341726752
[2026-09-08 14:22:33][warning][3559447] Calling original ioctl: 21 3222292175 140727341726768
[2026-09-08 14:22:33][warning][3559447] Calling original ioctl: 9 28 140727341726880
[2026-09-08 14:22:33][warning][3559447] Calling original ioctl: 9 28 140727341726880
[2026-09-08 14:22:33][warning][3559447] Calling original ioctl: 9 28 140727341726880
[2026-09-08 14:22:33][warning][3559447] Calling original ioctl: 9 28 140727341726880
[2026-09-08 14:22:33][warning][3559447] Calling original ioctl: 8 3222292009 140727341726640
[2026-09-08 14:22:33][warning][3559447] Calling original ioctl: 8 3222292009 140727341726688
[2026-09-08 14:22:33][warning][3559447] Calling original ioctl: 8 3223340623 140727341725952
[2026-09-08 14:22:33][warning][3559447] Calling original ioctl: 8 3222292009 140727341725904
[2026-09-08 14:22:33][warning][3559447] Calling original ioctl: 8 3222292009 140727341726640
[2026-09-08 14:22:33][warning][3559447] Calling original ioctl: 8 3222292009 140727341726688
[2026-09-08 14:22:33][warning][3559447] Calling original ioctl: 8 3223340623 140727341725952
[2026-09-08 14:22:33][warning][3559447] Calling original ioctl: 8 3222292009 140727341725904
[2026-09-08 14:22:33][warning][3559447] Calling original ioctl: 8 3222292009 140727341726640
[2026-09-08 14:22:33][warning][3559447] Calling original ioctl: 8 3222292009 140727341726688
[2026-09-08 14:22:33][warning][3559447] Calling original ioctl: 8 3223340623 140727341725952
[2026-09-08 14:22:33][warning][3559447] Calling original ioctl: 8 3222292009 140727341725904
[2026-09-08 14:22:33][warning][3559447] Calling original ioctl: 8 3222292009 140727341726640
[2026-09-08 14:22:33][warning][3559447] Calling original ioctl: 8 3222292009 140727341726688
[2026-09-08 14:22:33][warning][3559447] Calling original ioctl: 8 3223340623 140727341725952
[2026-09-08 14:22:33][warning][3559447] Calling original ioctl: 8 3222292009 140727341725904
[2026-09-08 14:22:33][warning][3559447] Calling original ioctl: 9 34 140727341725712
[2026-09-08 14:22:33][warning][3559447] Calling original ioctl: 8 3223340623 140727341725920
[2026-09-08 14:22:33][warning][3559447] Calling original ioctl: 8 3222292009 140727341725872
[2026-09-08 14:22:33][warning][3559447] Calling original ioctl: 9 34 140727341725712
[2026-09-08 14:22:33][warning][3559447] Calling original ioctl: 8 3223340623 140727341725920
[2026-09-08 14:22:33][warning][3559447] Calling original ioctl: 8 3222292009 140727341725872
[2026-09-08 14:22:33][warning][3559447] Calling original ioctl: 8 3222292009 140727341726784
[2026-09-08 14:22:33][warning][3559447] Calling original ioctl: 9 34 140727341726016
[2026-09-08 14:22:33][warning][3559447] Calling original ioctl: 8 3222292009 140727341726176
[2026-09-08 14:22:33][warning][3559447] Calling original ioctl: 9 34 140727341725920
[2026-09-08 14:22:33][warning][3559447] Calling original ioctl: 8 3222292009 140727341726080
[2026-09-08 14:22:33][warning][3559447] Calling original ioctl: 9 34 140727341726016
[2026-09-08 14:22:33][warning][3559447] Calling original ioctl: 8 3222292009 140727341726176
[2026-09-08 14:22:33][warning][3559447] Calling original ioctl: 9 34 140727341725968
[2026-09-08 14:22:33][warning][3559447] Calling original ioctl: 8 3222292009 140727341726128
[2026-09-08 14:22:33][warning][3559447] Calling original ioctl: 9 34 140727341725952
[2026-09-08 14:22:33][warning][3559447] Calling original ioctl: 8 3223340623 140727341726160
[2026-09-08 14:22:33][warning][3559447] Calling original ioctl: 8 3222292009 140727341726112
[2026-09-08 14:22:33][warning][3559447] Calling original ioctl: 9 34 140727341725952
[2026-09-08 14:22:33][warning][3559447] Calling original ioctl: 8 3223340623 140727341726160
[2026-09-08 14:22:33][warning][3559447] Calling original ioctl: 8 3222292009 140727341726112
[2026-09-08 14:22:33][warning][3559447] Calling original ioctl: 9 34 140727341725968
[2026-09-08 14:22:33][warning][3559447] Calling original ioctl: 8 3222292009 140727341726128
[2026-09-08 14:22:33][warning][3559447] Calling original ioctl: 9 34 140727341725968
[2026-09-08 14:22:33][warning][3559447] Calling original ioctl: 8 3222292009 140727341726128
[2026-09-08 14:22:33][warning][3559447] Calling original ioctl: 9 34 140727341726128
[2026-09-08 14:22:33][warning][3559447] Calling original ioctl: 8 3223340586 140727341722720
