[2026-09-04 09:58:04][info][2731799] bpf_attach_ctx constructed
[2026-09-04 09:58:04][info][2731799] Initializing CUDA shared memory
[2026-09-04 09:58:04][info][2731799] CommSharedMem host 0x7c416d0297d8 mapped to device 0x7c416d0297d8
[2026-09-04 09:58:04][info][2731799] CUDA context created
[2026-09-04 09:58:04][info][2731799] Register attach-impl defined helper bpf_get_func_arg, index 183
[2026-09-04 09:58:04][info][2731799] Register attach-impl defined helper bpf_get_func_ret_id, index 184
[2026-09-04 09:58:04][info][2731799] Register attach-impl defined helper bpf_get_retval, index 186
[2026-09-04 09:58:04][info][2731799] Starting nv_attach_impl
[2026-09-04 09:58:04][info][2731799] Parsing bundled libraries: /home/yunwei37/workspace/gpu/bpftime-table1-575/build-table1-575/attach/nv_attach_impl/pass/ptxpass_kprobe_entry/libptxpass_kprobe_entry.so:/home/yunwei37/workspace/gpu/bpftime-table1-575/build-table1-575/attach/nv_attach_impl/pass/ptxpass_kretprobe/libptxpass_kretprobe.so:/home/yunwei37/workspace/gpu/bpftime-table1-575/build-table1-575/attach/nv_attach_impl/pass/ptxpass_kprobe_memcapture/libptxpass_kprobe_memcapture.so
[2026-09-04 09:58:04][info][2731799] Found path: /home/yunwei37/workspace/gpu/bpftime-table1-575/build-table1-575/attach/nv_attach_impl/pass/ptxpass_kprobe_entry/libptxpass_kprobe_entry.so, executing..
[2026-09-04 09:58:04][info][2731799] Retrived config of /home/yunwei37/workspace/gpu/bpftime-table1-575/build-table1-575/attach/nv_attach_impl/pass/ptxpass_kprobe_entry/libptxpass_kprobe_entry.so
[2026-09-04 09:58:04][info][2731799] Found path: /home/yunwei37/workspace/gpu/bpftime-table1-575/build-table1-575/attach/nv_attach_impl/pass/ptxpass_kretprobe/libptxpass_kretprobe.so, executing..
[2026-09-04 09:58:04][info][2731799] Retrived config of /home/yunwei37/workspace/gpu/bpftime-table1-575/build-table1-575/attach/nv_attach_impl/pass/ptxpass_kretprobe/libptxpass_kretprobe.so
[2026-09-04 09:58:04][info][2731799] Found path: /home/yunwei37/workspace/gpu/bpftime-table1-575/build-table1-575/attach/nv_attach_impl/pass/ptxpass_kprobe_memcapture/libptxpass_kprobe_memcapture.so, executing..
[2026-09-04 09:58:04][info][2731799] Retrived config of /home/yunwei37/workspace/gpu/bpftime-table1-575/build-table1-575/attach/nv_attach_impl/pass/ptxpass_kprobe_memcapture/libptxpass_kprobe_memcapture.so
[2026-09-04 09:58:04][info][2731799] Initializing agent..
[2026-09-04 09:58:04][info][2731799] bpftime: shm epoch_seq = 2
[2026-09-04 09:58:04][info][2731799] Instantiating bpf link 61 and the corresponding program cuda__host_upda is cuda program
[2026-09-04 09:58:04][info][2731799] Skipping nv attach handler 61 since we are not handling nv handles
[2026-09-04 09:58:04][info][2731799] Instantiating bpf link 61 and the corresponding program cuda__host_upda is cuda program
[2026-09-04 09:58:04][info][2731799] Handling link to CUDA program: 61, recording it..
[2026-09-04 09:58:04][info][2731799] Loaded 20 instructions (original) for cuda ebpf program
[2026-09-04 09:58:04][info][2731799] Initializing nv_gpu_shared_array_map_impl at pid 2731799
[2026-09-04 09:58:04][info][2731799] Mapped GPU memory for shared array map: 136611417292800
[2026-09-04 09:58:04][info][2731799] Copying map fd 17 to device, key size=4, value size=8, max ent=32, map_type = 1503, gpu_buffer = 7c3f53000000
[2026-09-04 09:58:04][info][2731799] Initializing nv_gpu_shared_array_host_map_impl at pid 2731799, shared mem addr=7c416d229a60
[2026-09-04 09:58:04][info][2731799] Mapped shared memory for GPU access: cpu=7c416d229a60, gpu=7c416d229a60
[2026-09-04 09:58:04][info][2731799] Copying map fd 18 to device, key size=4, value size=8, max ent=32, map_type = 1513, gpu_buffer = 7c416d229a60
[2026-09-04 09:58:04][warning][2731799] Not a GPU map!
[2026-09-04 09:58:04][info][2731799] Copying map fd 19 to device, key size=4, value size=8, max ent=32, map_type = 2, gpu_buffer = 0
[2026-09-04 09:58:04][info][2731799] Initializing nv_gpu_shared_array_map_impl at pid 2731799
[2026-09-04 09:58:04][info][2731799] Mapped GPU memory for shared array map: 136611419389952
[2026-09-04 09:58:04][info][2731799] Copying map fd 20 to device, key size=4, value size=8, max ent=32, map_type = 1503, gpu_buffer = 7c3f53200000
[2026-09-04 09:58:04][info][2731799] Cached shared_mem_ptr at 7c416d0297d8
[2026-09-04 09:58:04][info][2731799] Recorded pass /home/yunwei37/workspace/gpu/bpftime-table1-575/build-table1-575/attach/nv_attach_impl/pass/ptxpass_kprobe_entry/libptxpass_kprobe_entry.so for func fig15_map_kernel
[2026-09-04 09:58:05][info][2731799] nv_attach_impl: cached 301188 host symbols
[2026-09-04 09:58:05][info][2731799] nv_attach_impl: late attach bootstrap scanning fatbins..
[2026-09-04 09:58:05][info][2731799] nv_attach_impl: targeted late bootstrap selected 1 of 19 loaded module(s)
[2026-09-04 09:58:05][info][2731799] Temporary fatbin written to /tmp/bpftime-fatbin-work.j6jHK2/temp.fatbin
[2026-09-04 09:58:05][info][2731799] Extracting PTX in the fatbin...
[2026-09-04 09:58:05][info][2731799] Calling cuobjdump: /usr/local/cuda-12.9/bin/cuobjdump --extract-ptx all /tmp/bpftime-fatbin-work.j6jHK2/temp.fatbin
Extracting PTX file and ptxas options    1: map_bench.sm_120.ptx -arch=sm_120  --generate-line-info 
[2026-09-04 09:58:05][info][2731799] Remove extracted files..
[2026-09-04 09:58:05][info][2731799] Got 1 PTX files
[2026-09-04 09:58:05][info][2731799] Loading & patching current fatbin..
[2026-09-04 09:58:05][info][2731867] Patching PTX: map_bench.sm_120.ptx
[2026-09-04 09:58:05][info][2731867] Patching request a46844ed8bee9664d0ccb502db29d712b2532c1bba249a59015148183b49b355 not found in cache, patching..
[ptxpass] kprobe_entry_stub: matched=1, in=1760, out=3402
[2026-09-04 09:58:05][info][2731799] Using SM arch from BPFTIME_SM_ARCH: sm_120
[2026-09-04 09:58:05][info][2731799] Compiling PTXs with sm_arch sm_120
[2026-09-04 09:58:05][info][2731799] Compiler version: 12.9
[2026-09-04 09:58:05][info][2731887] Start compiling patched.map_bench.sm_120.ptx, not found in cache
[2026-09-04 09:58:05][info][2731887] Compile of patched.map_bench.sm_120.ptx done
[2026-09-04 09:58:05][info][2731799] Loading module: patched.map_bench.sm_120.ptx, not found in cache
[2026-09-04 09:58:05][info][2731799] Copying trampoline data to device
[2026-09-04 09:58:05][info][2731799] constData symbol device_ptr=7c3f53600000 size=8 shared_mem_ptr=7c416d0297d8
[2026-09-04 09:58:05][info][2731799] map_info symbol device_ptr=7c3f53600008 size=40960
[2026-09-04 09:58:05][info][2731799] Trampoline data copied
[2026-09-04 09:58:05][info][2731799] Loaded module: patched.map_bench.sm_120.ptx
[2026-09-04 09:58:05][info][2731799] nv_attach_impl: ingested fatbin from .nv_fatbin in /home/yunwei37/workspace/gpu/gpu_ext/microbench/fig15-device/.output/map-bench
[2026-09-04 09:58:05][info][2731799] nv_attach_impl: late attach bootstrap ingested 1 fatbin(s)
[2026-09-04 09:58:05][info][2731799] agent ipc: listening (abstract) for pid 2731799
[2026-09-04 09:58:05][info][2731799] Attach successfully
[2026-09-04 09:58:05][info][2731804] Exiting CUDA watcher thread
FIG15_DEVICE	NVIDIA GeForce RTX 5090	12	0	32
FIG15_MEASUREMENT	8	64	2.3400321
FIG15_CORRECT	32	0
