[  1%] Building CXX object utils/CMakeFiles/utils.dir/src/lock.cpp.o
[  2%] Building C object 3rdparty/ipc/3rdparty/boost-ipc/container/CMakeFiles/boost_container.dir/src/alloc_lib.c.o
[  4%] Building CXX object utils/CMakeFiles/utils.dir/src/psync.cpp.o
[  5%] Building CXX object 3rdparty/ipc/3rdparty/boost-ipc/container/CMakeFiles/boost_container.dir/src/dlmalloc.cpp.o
[  7%] Building CXX object 3rdparty/ipc/3rdparty/boost-ipc/container/CMakeFiles/boost_container.dir/src/global_resource.cpp.o
[  8%] Building CXX object utils/CMakeFiles/utils.dir/src/runner.cpp.o
[ 10%] Building CXX object 3rdparty/ipc/3rdparty/boost-ipc/container/CMakeFiles/boost_container.dir/src/monotonic_buffer_resource.cpp.o
[ 11%] Building CXX object 3rdparty/ipc/3rdparty/boost-ipc/container/CMakeFiles/boost_container.dir/src/pool_resource.cpp.o
[ 12%] Building CXX object 3rdparty/ipc/3rdparty/boost-ipc/container/CMakeFiles/boost_container.dir/src/synchronized_pool_resource.cpp.o
[ 14%] Building CXX object 3rdparty/ipc/3rdparty/boost-ipc/container/CMakeFiles/boost_container.dir/src/unsynchronized_pool_resource.cpp.o
[ 15%] Linking CXX static library libboost_container.a
[ 15%] Built target boost_container
[ 17%] Building CXX object utils/CMakeFiles/utils.dir/src/timing.cpp.o
[ 18%] Building CXX object utils/CMakeFiles/utils.dir/src/waitpid.cpp.o
[ 20%] Building CXX object 3rdparty/ipc/src/CMakeFiles/ipc.dir/ipc.cpp.o
[ 21%] Linking CXX static library libutils.a
[ 22%] Building CXX object 3rdparty/ipc/src/CMakeFiles/ipc.dir/msgq/msgq.cpp.o
[ 22%] Built target utils
[ 24%] Building CXX object 3rdparty/ipc/src/CMakeFiles/ipc.dir/pipe/pipe.cpp.o
[ 25%] Building CXX object protocol/CMakeFiles/protocol.dir/src/device.cpp.o
[ 27%] Building CXX object protocol/CMakeFiles/protocol.dir/src/names.cpp.o
[ 28%] Linking CXX static library libprotocol.a
[ 30%] Linking CXX static library libipc.a
[ 30%] Built target protocol
[ 30%] Built target ipc
[ 32%] Building CXX object sched/CMakeFiles/sched.dir/src/policy/cfs.cpp.o
[ 32%] Building CXX object sched/CMakeFiles/sched.dir/src/policy/awf.cpp.o
[ 34%] Building CXX object sched/CMakeFiles/sched.dir/src/policy/chpf.cpp.o
[ 35%] Building CXX object sched/CMakeFiles/sched.dir/src/policy/hhpf.cpp.o
[ 38%] Building CXX object sched/CMakeFiles/sched.dir/src/policy/kedf.cpp.o
[ 38%] Building CXX object sched/CMakeFiles/sched.dir/src/policy/hpf.cpp.o
[ 40%] Building CXX object sched/CMakeFiles/sched.dir/src/policy/lax.cpp.o
[ 41%] Building CXX object sched/CMakeFiles/sched.dir/src/policy/mlfq.cpp.o
[ 42%] Building CXX object sched/CMakeFiles/sched.dir/src/policy/policy.cpp.o
[ 44%] Building CXX object sched/CMakeFiles/sched.dir/src/policy/pup.cpp.o
[ 45%] Building CXX object sched/CMakeFiles/sched.dir/src/policy/up.cpp.o
[ 47%] Building CXX object sched/CMakeFiles/sched.dir/src/protocol/event.cpp.o
[ 48%] Building CXX object sched/CMakeFiles/sched.dir/src/protocol/hint.cpp.o
[ 50%] Building CXX object sched/CMakeFiles/sched.dir/src/protocol/operation.cpp.o
[ 51%] Building CXX object sched/CMakeFiles/sched.dir/src/protocol/status.cpp.o
[ 52%] Building CXX object sched/CMakeFiles/sched.dir/src/scheduler/global.cpp.o
[ 54%] Building CXX object sched/CMakeFiles/sched.dir/src/scheduler/local.cpp.o
[ 55%] Building CXX object sched/CMakeFiles/sched.dir/src/scheduler/scheduler.cpp.o
[ 57%] Linking CXX static library libsched.a
[ 57%] Built target sched
[ 58%] Building CXX object preempt/CMakeFiles/preempt.dir/src/hal/hw_command.cpp.o
[ 60%] Building CXX object preempt/CMakeFiles/preempt.dir/src/hal/hw_queue.cpp.o
[ 61%] Building CXX object preempt/CMakeFiles/preempt.dir/src/sched/agent.cpp.o
[ 62%] Building CXX object preempt/CMakeFiles/preempt.dir/src/sched/executor.cpp.o
[ 64%] Building CXX object preempt/CMakeFiles/preempt.dir/src/sched/hint.cpp.o
[ 65%] Building CXX object preempt/CMakeFiles/preempt.dir/src/xqueue/async_xqueue.cpp.o
[ 67%] Building CXX object preempt/CMakeFiles/preempt.dir/src/xqueue/command_buffer.cpp.o
[ 68%] Building CXX object preempt/CMakeFiles/preempt.dir/src/xqueue/launch_worker.cpp.o
[ 70%] Building CXX object preempt/CMakeFiles/preempt.dir/src/xqueue/xcommand.cpp.o
[ 71%] Building CXX object preempt/CMakeFiles/preempt.dir/src/xqueue/xqueue.cpp.o
[ 72%] Linking CXX shared library libpreempt.so
[ 72%] Built target preempt
[ 75%] Building CXX object platforms/cuda/CMakeFiles/halcuda.dir/hal/src/arch/arch.cpp.o
[ 75%] Building CXX object platforms/cuda/CMakeFiles/halcuda.dir/hal/src/arch/sm35.cpp.o
[ 77%] Building CXX object platforms/cuda/CMakeFiles/halcuda.dir/hal/src/arch/sm70.cpp.o
[ 78%] Building CXX object platforms/cuda/CMakeFiles/halcuda.dir/hal/src/arch/sm86.cpp.o
[ 80%] Building CXX object platforms/cuda/CMakeFiles/halcuda.dir/hal/src/common/cuda_command.cpp.o
[ 81%] Building CXX object platforms/cuda/CMakeFiles/halcuda.dir/hal/src/common/event_pool.cpp.o
[ 82%] Building CXX object platforms/cuda/CMakeFiles/halcuda.dir/hal/src/common/options.cpp.o
[ 84%] Building CXX object platforms/cuda/CMakeFiles/halcuda.dir/hal/src/level1/cuda_queue.cpp.o
[ 85%] Building CXX object platforms/cuda/CMakeFiles/halcuda.dir/hal/src/level2/cuda_queue.cpp.o
[ 87%] Building CXX object platforms/cuda/CMakeFiles/halcuda.dir/hal/src/level2/instrument.cpp.o
[ 88%] Building CXX object platforms/cuda/CMakeFiles/halcuda.dir/hal/src/level2/mm.cpp.o
[ 90%] Building CXX object platforms/cuda/CMakeFiles/halcuda.dir/hal/src/level3/cuda_queue.cpp.o
[ 91%] Building CXX object platforms/cuda/CMakeFiles/halcuda.dir/hal/src/level3/interrupt.cpp.o
[ 92%] Building CXX object platforms/cuda/CMakeFiles/halcuda.dir/hal/src/level3/tsg.cpp.o
[ 94%] Linking CXX shared library libhalcuda.so
[ 94%] Built target halcuda
[ 97%] Building CXX object platforms/cuda/CMakeFiles/shimcuda.dir/shim/src/intercept_windows.cpp.o
[ 97%] Building CXX object platforms/cuda/CMakeFiles/shimcuda.dir/shim/src/intercept.cpp.o
[ 98%] Building CXX object platforms/cuda/CMakeFiles/shimcuda.dir/shim/src/shim.cpp.o
[100%] Linking CXX shared library libshimcuda.so
[100%] Built target shimcuda
Install the project...
-- Install configuration: "Release"
-- Installing: /home/yunwei37/workspace/gpu/gpu_ext/workloads/xsched/level2-build/.output/hal-native-20260908.i8na51/install/lib/cmake/XSched/XSchedConfig.cmake
-- Installing: /home/yunwei37/workspace/gpu/gpu_ext/workloads/xsched/level2-build/.output/hal-native-20260908.i8na51/install/lib/cmake/XSched/XSchedConfigVersion.cmake
-- Installing: /home/yunwei37/workspace/gpu/gpu_ext/workloads/xsched/level2-build/.output/hal-native-20260908.i8na51/install/lib/cmake/XSched/XSchedTargets.cmake
-- Installing: /home/yunwei37/workspace/gpu/gpu_ext/workloads/xsched/level2-build/.output/hal-native-20260908.i8na51/install/lib/cmake/XSched/XSchedTargets-release.cmake
-- Installing: /home/yunwei37/workspace/gpu/gpu_ext/workloads/xsched/level2-build/.output/hal-native-20260908.i8na51/install/include
-- Installing: /home/yunwei37/workspace/gpu/gpu_ext/workloads/xsched/level2-build/.output/hal-native-20260908.i8na51/install/include/xsched
-- Installing: /home/yunwei37/workspace/gpu/gpu_ext/workloads/xsched/level2-build/.output/hal-native-20260908.i8na51/install/include/xsched/hint.h
-- Installing: /home/yunwei37/workspace/gpu/gpu_ext/workloads/xsched/level2-build/.output/hal-native-20260908.i8na51/install/include/xsched/xsched.h
-- Installing: /home/yunwei37/workspace/gpu/gpu_ext/workloads/xsched/level2-build/.output/hal-native-20260908.i8na51/install/include/xsched/xqueue.h
-- Installing: /home/yunwei37/workspace/gpu/gpu_ext/workloads/xsched/level2-build/.output/hal-native-20260908.i8na51/install/include/xsched/types.h
-- Installing: /home/yunwei37/workspace/gpu/gpu_ext/workloads/xsched/level2-build/.output/hal-native-20260908.i8na51/install/include/README.md
-- Installing: /home/yunwei37/workspace/gpu/gpu_ext/workloads/xsched/level2-build/.output/hal-native-20260908.i8na51/install/lib/python
-- Installing: /home/yunwei37/workspace/gpu/gpu_ext/workloads/xsched/level2-build/.output/hal-native-20260908.i8na51/install/lib/python/xsched
-- Installing: /home/yunwei37/workspace/gpu/gpu_ext/workloads/xsched/level2-build/.output/hal-native-20260908.i8na51/install/lib/python/xsched/__init__.py
-- Installing: /home/yunwei37/workspace/gpu/gpu_ext/workloads/xsched/level2-build/.output/hal-native-20260908.i8na51/install/lib/libpreempt.so
-- Up-to-date: /home/yunwei37/workspace/gpu/gpu_ext/workloads/xsched/level2-build/.output/hal-native-20260908.i8na51/install/include
-- Up-to-date: /home/yunwei37/workspace/gpu/gpu_ext/workloads/xsched/level2-build/.output/hal-native-20260908.i8na51/install/include/xsched
-- Installing: /home/yunwei37/workspace/gpu/gpu_ext/workloads/xsched/level2-build/.output/hal-native-20260908.i8na51/install/include/xsched/preempt
-- Installing: /home/yunwei37/workspace/gpu/gpu_ext/workloads/xsched/level2-build/.output/hal-native-20260908.i8na51/install/include/xsched/preempt/sched
-- Installing: /home/yunwei37/workspace/gpu/gpu_ext/workloads/xsched/level2-build/.output/hal-native-20260908.i8na51/install/include/xsched/preempt/sched/agent.h
-- Installing: /home/yunwei37/workspace/gpu/gpu_ext/workloads/xsched/level2-build/.output/hal-native-20260908.i8na51/install/include/xsched/preempt/sched/executor.h
-- Installing: /home/yunwei37/workspace/gpu/gpu_ext/workloads/xsched/level2-build/.output/hal-native-20260908.i8na51/install/include/xsched/preempt/xqueue
-- Installing: /home/yunwei37/workspace/gpu/gpu_ext/workloads/xsched/level2-build/.output/hal-native-20260908.i8na51/install/include/xsched/preempt/xqueue/launch_worker.h
-- Installing: /home/yunwei37/workspace/gpu/gpu_ext/workloads/xsched/level2-build/.output/hal-native-20260908.i8na51/install/include/xsched/preempt/xqueue/xqueue.h
-- Installing: /home/yunwei37/workspace/gpu/gpu_ext/workloads/xsched/level2-build/.output/hal-native-20260908.i8na51/install/include/xsched/preempt/xqueue/async_xqueue.h
-- Installing: /home/yunwei37/workspace/gpu/gpu_ext/workloads/xsched/level2-build/.output/hal-native-20260908.i8na51/install/include/xsched/preempt/xqueue/xcommand.h
-- Installing: /home/yunwei37/workspace/gpu/gpu_ext/workloads/xsched/level2-build/.output/hal-native-20260908.i8na51/install/include/xsched/preempt/xqueue/command_buffer.h
-- Installing: /home/yunwei37/workspace/gpu/gpu_ext/workloads/xsched/level2-build/.output/hal-native-20260908.i8na51/install/include/xsched/preempt/hal
-- Installing: /home/yunwei37/workspace/gpu/gpu_ext/workloads/xsched/level2-build/.output/hal-native-20260908.i8na51/install/include/xsched/preempt/hal/hw_queue.h
-- Installing: /home/yunwei37/workspace/gpu/gpu_ext/workloads/xsched/level2-build/.output/hal-native-20260908.i8na51/install/include/xsched/preempt/hal/hw_command.h
-- Installing: /home/yunwei37/workspace/gpu/gpu_ext/workloads/xsched/level2-build/.output/hal-native-20260908.i8na51/install/lib/libhalcuda.so
-- Installing: /home/yunwei37/workspace/gpu/gpu_ext/workloads/xsched/level2-build/.output/hal-native-20260908.i8na51/install/include/xsched/cuda/hal.h
-- Up-to-date: /home/yunwei37/workspace/gpu/gpu_ext/workloads/xsched/level2-build/.output/hal-native-20260908.i8na51/install/lib/python
-- Up-to-date: /home/yunwei37/workspace/gpu/gpu_ext/workloads/xsched/level2-build/.output/hal-native-20260908.i8na51/install/lib/python/xsched
-- Installing: /home/yunwei37/workspace/gpu/gpu_ext/workloads/xsched/level2-build/.output/hal-native-20260908.i8na51/install/lib/python/xsched/cuda
-- Installing: /home/yunwei37/workspace/gpu/gpu_ext/workloads/xsched/level2-build/.output/hal-native-20260908.i8na51/install/lib/python/xsched/cuda/__init__.py
-- Installing: shim softlink created: libcuda.so.1
-- Installing: shim softlink created: libcuda.so
-- Installing: /home/yunwei37/workspace/gpu/gpu_ext/workloads/xsched/level2-build/.output/hal-native-20260908.i8na51/install/lib/libshimcuda.so
