[2026-09-08 16:49:58][warning][3747634] Calling original ioctl: 8 3223340586 140728928345360
[2026-09-08 16:49:58][warning][3747634] Calling original ioctl: 8 3223340586 140728928345376
[2026-09-08 16:49:58][warning][3747634] Calling original ioctl: 8 3223340586 140728928345424
[2026-09-08 16:49:58][warning][3747634] Calling original ioctl: 9 25 140728928349744
[2026-09-08 16:49:58][warning][3747634] Calling original ioctl: 8 3224389163 140728928347008
[2026-09-08 16:49:58][warning][3747634] Calling original ioctl: 9 73 140728928346192
[2026-09-08 16:49:58][warning][3747634] Calling original ioctl: 9 33 140728928336960
[2026-09-08 16:49:58][warning][3747634] Calling original ioctl: 8 3224389163 140728928346688
[2026-09-08 16:49:58][warning][3747634] Calling original ioctl: 9 73 140728928345872
[2026-09-08 16:49:58][warning][3747634] Calling original ioctl: 9 33 140728928336640
[2026-09-08 16:49:58][warning][3747634] Calling original ioctl: 8 3224389163 140728928346688
[2026-09-08 16:49:58][warning][3747634] Calling original ioctl: 9 73 140728928345872
[2026-09-08 16:49:58][warning][3747634] Calling original ioctl: 9 33 140728928336640
[2026-09-08 16:49:58][warning][3747634] Calling original ioctl: 8 3224389163 140728928347184
[2026-09-08 16:49:58][warning][3747634] Calling original ioctl: 9 73 140728928346368
[2026-09-08 16:49:58][warning][3747634] Calling original ioctl: 9 33 140728928337136
[2026-09-08 16:49:58][warning][3747634] Calling original ioctl: 8 3224389163 140728928348864
[2026-09-08 16:49:58][warning][3747634] Calling original ioctl: 8 3224389163 140728928348848
[2026-09-08 16:49:58][warning][3747634] Calling original ioctl: 8 3224389163 140728928345088
[2026-09-08 16:49:58][warning][3747634] Calling original ioctl: 8 3223340586 140728928340672
[2026-09-08 16:49:58][warning][3747634] Calling original ioctl: 8 3224913486 140728928345216
[2026-09-08 16:49:58][warning][3747634] Calling original ioctl: 8 3223864926 140728928345168
[2026-09-08 16:49:58][warning][3747634] Calling original ioctl: 9 73 140728928344272
[2026-09-08 16:49:58][warning][3747634] Calling original ioctl: 9 33 140728928335040
[2026-09-08 16:49:58][warning][3747634] Calling original ioctl: 8 3224389163 140728928344624
[2026-09-08 16:49:58][warning][3747634] Calling original ioctl: 8 3223340586 140728928340208
[2026-09-08 16:49:58][warning][3747634] Calling original ioctl: 8 3224913486 140728928344752
[2026-09-08 16:49:58][warning][3747634] Calling original ioctl: 9 73 140728928343808
[2026-09-08 16:49:58][warning][3747634] Calling original ioctl: 9 33 140728928334576
[2026-09-08 16:49:58][warning][3747634] Calling original ioctl: 8 3224389163 140728928345472
[2026-09-08 16:49:58][warning][3747634] Calling original ioctl: 8 3223340586 140728928341056
[2026-09-08 16:49:58][warning][3747634] Calling original ioctl: 8 3224913486 140728928345600
[2026-09-08 16:49:58][warning][3747634] Calling original ioctl: 8 3224389163 140728928347328
[2026-09-08 16:49:58][warning][3747634] Calling original ioctl: 8 3223340586 140728928343360
[2026-09-08 16:49:58][warning][3747634] Calling original ioctl: 8 3224389163 140728928347616
[2026-09-08 16:49:58][warning][3747634] Calling original ioctl: 8 3223340586 140728928343296
[2026-09-08 16:49:58][warning][3747634] Calling original ioctl: 8 3224389163 140728928347616
[2026-09-08 16:49:58][warning][3747634] Calling original ioctl: 8 3223340586 140728928343296
[2026-09-08 16:49:58][warning][3747634] Calling original ioctl: 8 3223340586 140728928343376
[2026-09-08 16:49:58][warning][3747634] Calling original ioctl: 8 3223340586 140728928343376
[2026-09-08 16:49:58][warning][3747634] Calling original ioctl: 8 3224389163 140728928346272
[2026-09-08 16:49:58][warning][3747634] Calling original ioctl: 8 3223340586 140728928341856
[2026-09-08 16:49:58][warning][3747634] Calling original ioctl: 8 3224913486 140728928346400
[2026-09-08 16:49:58][warning][3747634] Calling original ioctl: 9 73 140728928345456
[2026-09-08 16:49:58][warning][3747634] Calling original ioctl: 9 33 140728928336224
[2026-09-08 16:49:58][warning][3747634] Calling original ioctl: 8 3224389163 140728928345472
[2026-09-08 16:49:58][warning][3747634] Calling original ioctl: 8 3223340586 140728928341056
[2026-09-08 16:49:58][warning][3747634] Calling original ioctl: 8 3224913486 140728928345600
[2026-09-08 16:49:58][warning][3747634] Calling original ioctl: 8 3224389163 140728928347328
[2026-09-08 16:49:58][warning][3747634] Calling original ioctl: 8 3223340586 140728928343360
[2026-09-08 16:49:58][warning][3747634] Calling original ioctl: 8 3224389163 140728928347616
[2026-09-08 16:49:58][warning][3747634] Calling original ioctl: 8 3223340586 140728928343296
[2026-09-08 16:49:58][warning][3747634] Calling original ioctl: 8 3223340586 140728928343376
[2026-09-08 16:49:58][warning][3747634] Calling original ioctl: 8 3223340586 140728928343376
[2026-09-08 16:49:58][warning][3747634] Calling original ioctl: 8 3224389163 140728928345472
[2026-09-08 16:49:58][warning][3747634] Calling original ioctl: 8 3223340586 140728928341056
[2026-09-08 16:49:58][warning][3747634] Calling original ioctl: 8 3224913486 140728928345600
[2026-09-08 16:49:58][warning][3747634] Calling original ioctl: 8 3224389163 140728928347328
[2026-09-08 16:49:58][warning][3747634] Calling original ioctl: 8 3223340586 140728928343360
[2026-09-08 16:49:58][warning][3747634] Calling original ioctl: 8 3224389163 140728928347616
[2026-09-08 16:49:58][warning][3747634] Calling original ioctl: 8 3223340586 140728928343296
[2026-09-08 16:49:58][warning][3747634] Calling original ioctl: 8 3224389163 140728928347616
[2026-09-08 16:49:58][warning][3747634] Calling original ioctl: 8 3223340586 140728928343296
[2026-09-08 16:49:58][warning][3747634] Calling original ioctl: 8 3223340586 140728928343376
[2026-09-08 16:49:58][warning][3747634] Calling original ioctl: 8 3223340586 140728928343376
[2026-09-08 16:49:58][warning][3747634] Calling original ioctl: 8 3224389163 140728928345472
[2026-09-08 16:49:58][warning][3747634] Calling original ioctl: 8 3223340586 140728928341056
[2026-09-08 16:49:58][warning][3747634] Calling original ioctl: 8 3224913486 140728928345600
[2026-09-08 16:49:58][warning][3747634] Calling original ioctl: 8 3224389163 140728928347328
[2026-09-08 16:49:58][warning][3747634] Calling original ioctl: 8 3223340586 140728928343360
[2026-09-08 16:49:58][warning][3747634] Calling original ioctl: 8 3224389163 140728928347616
[2026-09-08 16:49:58][warning][3747634] Calling original ioctl: 8 3223340586 140728928343296
[2026-09-08 16:49:58][warning][3747634] Calling original ioctl: 8 3223340586 140728928343376
[2026-09-08 16:49:58][warning][3747634] Calling original ioctl: 8 3223340586 140728928343376
[2026-09-08 16:49:58][warning][3747634] Calling original ioctl: 8 3224389163 140728928345472
[2026-09-08 16:49:58][warning][3747634] Calling original ioctl: 8 3223340586 140728928341056
[2026-09-08 16:49:58][warning][3747634] Calling original ioctl: 8 3224913486 140728928345600
[2026-09-08 16:49:58][warning][3747634] Calling original ioctl: 8 3224389163 140728928347328
[2026-09-08 16:49:58][warning][3747634] Calling original ioctl: 8 3223340586 140728928343360
[2026-09-08 16:49:58][warning][3747634] Calling original ioctl: 8 3224389163 140728928347616
[2026-09-08 16:49:58][warning][3747634] Calling original ioctl: 8 3223340586 140728928343296
[2026-09-08 16:49:58][warning][3747634] Calling original ioctl: 8 3224389163 140728928347616
[2026-09-08 16:49:58][warning][3747634] Calling original ioctl: 8 3223340586 140728928343296
[2026-09-08 16:49:58][warning][3747634] Calling original ioctl: 8 3223340586 140728928343376
[2026-09-08 16:49:58][warning][3747634] Calling original ioctl: 8 3223340586 140728928343376
[2026-09-08 16:49:58][warning][3747634] Calling original ioctl: 8 3224389163 140728928345472
[2026-09-08 16:49:58][warning][3747634] Calling original ioctl: 8 3223340586 140728928341056
[2026-09-08 16:49:58][warning][3747634] Calling original ioctl: 8 3224913486 140728928345600
[2026-09-08 16:49:58][warning][3747634] Calling original ioctl: 8 3224389163 140728928347328
[2026-09-08 16:49:58][warning][3747634] Calling original ioctl: 8 3223340586 140728928343360
[2026-09-08 16:49:58][warning][3747634] Calling original ioctl: 8 3224389163 140728928347616
[2026-09-08 16:49:58][warning][3747634] Calling original ioctl: 8 3223340586 140728928343296
[2026-09-08 16:49:58][warning][3747634] Calling original ioctl: 8 3223340586 140728928343376
[2026-09-08 16:49:58][warning][3747634] Calling original ioctl: 8 3223340586 140728928343376
[2026-09-08 16:49:58][warning][3747634] Calling original ioctl: 8 3224389163 140728928345472
[2026-09-08 16:49:58][warning][3747634] Calling original ioctl: 8 3223340586 140728928341056
[2026-09-08 16:49:58][warning][3747634] Calling original ioctl: 8 3224913486 140728928345600
[2026-09-08 16:49:58][warning][3747634] Calling original ioctl: 8 3224389163 140728928347328
[2026-09-08 16:49:58][warning][3747634] Calling original ioctl: 8 3223340586 140728928343360
[2026-09-08 16:49:58][warning][3747634] Calling original ioctl: 8 3224389163 140728928347616
[2026-09-08 16:49:58][warning][3747634] Calling original ioctl: 8 3223340586 140728928343296
[2026-09-08 16:49:58][warning][3747634] Calling original ioctl: 8 3224389163 140728928347616
[2026-09-08 16:49:58][warning][3747634] Calling original ioctl: 8 3223340586 140728928343296
[2026-09-08 16:49:58][warning][3747634] Calling original ioctl: 8 3223340586 140728928343376
[2026-09-08 16:49:58][warning][3747634] Calling original ioctl: 8 3223340586 140728928343376
[2026-09-08 16:49:58][warning][3747634] Calling original ioctl: 8 3224389163 140728928345472
[2026-09-08 16:49:58][warning][3747634] Calling original ioctl: 8 3223340586 140728928341056
[2026-09-08 16:49:58][warning][3747634] Calling original ioctl: 8 3224913486 140728928345600
[2026-09-08 16:49:58][warning][3747634] Calling original ioctl: 8 3224389163 140728928347328
[2026-09-08 16:49:58][warning][3747634] Calling original ioctl: 8 3223340586 140728928343360
[2026-09-08 16:49:58][warning][3747634] Calling original ioctl: 8 3224389163 140728928347616
[2026-09-08 16:49:58][warning][3747634] Calling original ioctl: 8 3223340586 140728928343296
[2026-09-08 16:49:58][warning][3747634] Calling original ioctl: 8 3223340586 140728928343376
[2026-09-08 16:49:58][warning][3747634] Calling original ioctl: 8 3223340586 140728928343376
[2026-09-08 16:49:58][warning][3747634] Calling original ioctl: 9 27 140728928349296
[2026-09-08 16:49:58][warning][3747634] Calling original ioctl: 9 27 140728928349296
[2026-09-08 16:49:58][warning][3747634] Calling original ioctl: 9 27 140728928349296
[2026-09-08 16:49:58][warning][3747634] Calling original ioctl: 9 27 140728928349296
[2026-09-08 16:49:58][warning][3747634] Calling original ioctl: 9 27 140728928349296
[2026-09-08 16:49:58][warning][3747634] Calling original ioctl: 9 27 140728928349296
[2026-09-08 16:49:58][warning][3747634] Calling original ioctl: 9 27 140728928349296
[2026-09-08 16:49:58][warning][3747634] Calling original ioctl: 9 27 140728928349296
[2026-09-08 16:49:58][warning][3747634] Calling original ioctl: 8 3223340586 140728928344960
[2026-09-08 16:49:58][warning][3747634] Calling original ioctl: 17 3221505737 140728928349056
[2026-09-08 16:49:58][warning][3747634] Calling original ioctl: 17 3222292174 140728928349040
[2026-09-08 16:49:58][warning][3747634] Calling original ioctl: 17 3224389163 140728928349024
[2026-09-08 16:49:58][warning][3747634] Calling original ioctl: 8 3224389163 140728928348864
[2026-09-08 16:49:58][warning][3747634] Calling original ioctl: 8 3224389163 140728928345472
[2026-09-08 16:49:58][warning][3747634] Calling original ioctl: 8 3223340586 140728928341056
[2026-09-08 16:49:58][warning][3747634] Calling original ioctl: 8 3224913486 140728928345600
[2026-09-08 16:49:58][warning][3747634] Calling original ioctl: 8 3224389163 140728928347328
[2026-09-08 16:49:58][warning][3747634] Calling original ioctl: 8 3223340586 140728928343360
[2026-09-08 16:49:58][warning][3747634] Calling original ioctl: 8 3224389163 140728928347616
[2026-09-08 16:49:58][warning][3747634] Calling original ioctl: 8 3223340586 140728928343296
[2026-09-08 16:49:58][warning][3747634] Calling original ioctl: 8 3223340586 140728928343376
[2026-09-08 16:49:58][warning][3747634] Calling original ioctl: 8 3224389163 140728928345472
[2026-09-08 16:49:58][warning][3747634] Calling original ioctl: 8 3223340586 140728928341056
[2026-09-08 16:49:58][warning][3747634] Calling original ioctl: 8 3224913486 140728928345600
[2026-09-08 16:49:58][warning][3747634] Calling original ioctl: 8 3224389163 140728928347328
[2026-09-08 16:49:58][warning][3747634] Calling original ioctl: 8 3223340586 140728928343360
[2026-09-08 16:49:58][warning][3747634] Calling original ioctl: 8 3224389163 140728928347616
[2026-09-08 16:49:58][warning][3747634] Calling original ioctl: 8 3223340586 140728928343296
[2026-09-08 16:49:58][warning][3747634] Calling original ioctl: 8 3223340586 140728928343376
[2026-09-08 16:49:58][warning][3747634] Calling original ioctl: 8 3224389163 140728928345472
[2026-09-08 16:49:58][warning][3747634] Calling original ioctl: 8 3223340586 140728928341056
[2026-09-08 16:49:58][warning][3747634] Calling original ioctl: 8 3224913486 140728928345600
[2026-09-08 16:49:58][warning][3747634] Calling original ioctl: 8 3224389163 140728928347328
[2026-09-08 16:49:58][warning][3747634] Calling original ioctl: 8 3223340586 140728928343360
[2026-09-08 16:49:58][warning][3747634] Calling original ioctl: 8 3224389163 140728928347616
[2026-09-08 16:49:58][warning][3747634] Calling original ioctl: 8 3223340586 140728928343296
[2026-09-08 16:49:58][warning][3747634] Calling original ioctl: 8 3223340586 140728928343376
[2026-09-08 16:49:58][warning][3747634] Calling original ioctl: 8 3224389163 140728928345472
[2026-09-08 16:49:58][warning][3747634] Calling original ioctl: 8 3223340586 140728928341056
[2026-09-08 16:49:58][warning][3747634] Calling original ioctl: 8 3224913486 140728928345600
[2026-09-08 16:49:58][warning][3747634] Calling original ioctl: 8 3224389163 140728928347328
[2026-09-08 16:49:58][warning][3747634] Calling original ioctl: 8 3223340586 140728928343360
[2026-09-08 16:49:58][warning][3747634] Calling original ioctl: 8 3224389163 140728928347616
[2026-09-08 16:49:58][warning][3747634] Calling original ioctl: 8 3223340586 140728928343296
[2026-09-08 16:49:58][warning][3747634] Calling original ioctl: 8 3223340586 140728928343376
[2026-09-08 16:49:58][warning][3747634] Calling original ioctl: 9 27 140728928349296
[2026-09-08 16:49:58][warning][3747634] Calling original ioctl: 9 27 140728928349296
[2026-09-08 16:49:58][warning][3747634] Calling original ioctl: 9 27 140728928349296
[2026-09-08 16:49:58][warning][3747634] Calling original ioctl: 9 27 140728928349296
[2026-09-08 16:49:58][warning][3747634] Calling original ioctl: 8 3223340586 140728928344960
[2026-09-08 16:49:58][warning][3747634] Calling original ioctl: 19 3221505737 140728928349056
[2026-09-08 16:49:58][warning][3747634] Calling original ioctl: 19 3222292174 140728928349040
[2026-09-08 16:49:58][warning][3747634] Calling original ioctl: 19 3224389163 140728928349024
[2026-09-08 16:49:58][warning][3747634] Calling original ioctl: 8 3224389163 140728928348864
[2026-09-08 16:49:58][warning][3747634] Calling original ioctl: 8 3224389163 140728928345472
[2026-09-08 16:49:58][warning][3747634] Calling original ioctl: 8 3223340586 140728928341056
[2026-09-08 16:49:58][warning][3747634] Calling original ioctl: 8 3224913486 140728928345600
[2026-09-08 16:49:58][warning][3747634] Calling original ioctl: 8 3224389163 140728928347328
[2026-09-08 16:49:58][warning][3747634] Calling original ioctl: 8 3223340586 140728928343360
[2026-09-08 16:49:58][warning][3747634] Calling original ioctl: 8 3224389163 140728928347616
[2026-09-08 16:49:58][warning][3747634] Calling original ioctl: 8 3223340586 140728928343296
[2026-09-08 16:49:58][warning][3747634] Calling original ioctl: 8 3223340586 140728928343376
[2026-09-08 16:49:58][warning][3747634] Calling original ioctl: 8 3224389163 140728928345472
[2026-09-08 16:49:58][warning][3747634] Calling original ioctl: 8 3223340586 140728928341056
[2026-09-08 16:49:58][warning][3747634] Calling original ioctl: 8 3224913486 140728928345600
[2026-09-08 16:49:58][warning][3747634] Calling original ioctl: 8 3224389163 140728928347328
[2026-09-08 16:49:58][warning][3747634] Calling original ioctl: 8 3223340586 140728928343360
[2026-09-08 16:49:58][warning][3747634] Calling original ioctl: 8 3224389163 140728928347616
[2026-09-08 16:49:58][warning][3747634] Calling original ioctl: 8 3223340586 140728928343296
[2026-09-08 16:49:58][warning][3747634] Calling original ioctl: 8 3223340586 140728928343376
[2026-09-08 16:49:58][warning][3747634] Calling original ioctl: 8 3224389163 140728928345472
[2026-09-08 16:49:58][warning][3747634] Calling original ioctl: 8 3223340586 140728928341056
[2026-09-08 16:49:58][warning][3747634] Calling original ioctl: 8 3224913486 140728928345600
[2026-09-08 16:49:58][warning][3747634] Calling original ioctl: 8 3224389163 140728928347328
[2026-09-08 16:49:58][warning][3747634] Calling original ioctl: 8 3223340586 140728928343360
[2026-09-08 16:49:58][warning][3747634] Calling original ioctl: 8 3224389163 140728928347616
[2026-09-08 16:49:58][warning][3747634] Calling original ioctl: 8 3223340586 140728928343296
[2026-09-08 16:49:58][warning][3747634] Calling original ioctl: 8 3223340586 140728928343376
[2026-09-08 16:49:58][warning][3747634] Calling original ioctl: 8 3224389163 140728928345472
[2026-09-08 16:49:58][warning][3747634] Calling original ioctl: 8 3223340586 140728928341056
[2026-09-08 16:49:58][warning][3747634] Calling original ioctl: 8 3224913486 140728928345600
[2026-09-08 16:49:58][warning][3747634] Calling original ioctl: 8 3224389163 140728928347328
[2026-09-08 16:49:58][warning][3747634] Calling original ioctl: 8 3223340586 140728928343360
[2026-09-08 16:49:58][warning][3747634] Calling original ioctl: 8 3224389163 140728928347616
[2026-09-08 16:49:58][warning][3747634] Calling original ioctl: 8 3223340586 140728928343296
[2026-09-08 16:49:58][warning][3747634] Calling original ioctl: 8 3223340586 140728928343376
[2026-09-08 16:49:58][warning][3747634] Calling original ioctl: 9 27 140728928349296
[2026-09-08 16:49:58][warning][3747634] Calling original ioctl: 9 27 140728928349296
[2026-09-08 16:49:58][warning][3747634] Calling original ioctl: 9 27 140728928349296
[2026-09-08 16:49:58][warning][3747634] Calling original ioctl: 9 27 140728928349296
[2026-09-08 16:49:58][warning][3747634] Calling original ioctl: 8 3223340586 140728928344960
[2026-09-08 16:49:58][warning][3747634] Calling original ioctl: 21 3221505737 140728928349056
[2026-09-08 16:49:58][warning][3747634] Calling original ioctl: 21 3222292174 140728928349040
[2026-09-08 16:49:58][warning][3747634] Calling original ioctl: 21 3224389163 140728928349024
[2026-09-08 16:49:58][warning][3747634] Calling original ioctl: 8 3224389163 140728928346496
[2026-09-08 16:49:58][warning][3747634] Calling original ioctl: 8 3223340586 140728928342080
[2026-09-08 16:49:58][warning][3747634] Calling original ioctl: 8 3224913486 140728928346624
[2026-09-08 16:49:58][warning][3747634] Calling original ioctl: 9 73 140728928345680
[2026-09-08 16:49:58][warning][3747634] Calling original ioctl: 9 33 140728928336448
[2026-09-08 16:49:58][warning][3747634] Calling original ioctl: 8 3224389163 140728928346800
[2026-09-08 16:49:58][warning][3747634] Calling original ioctl: 9 73 140728928345984
[2026-09-08 16:49:58][warning][3747634] Calling original ioctl: 9 33 140728928336752
[2026-09-08 16:49:58][warning][3747634] Calling original ioctl: 9 68 140728928336144
[2026-09-08 16:49:58][warning][3747634] Calling original ioctl: 9 72 140728928345248
[2026-09-08 16:49:58][warning][3747634] Calling original ioctl: 9 23 140728928349600
[2026-09-08 16:49:58][warning][3747634] Calling original ioctl: 9 23 140728928349600
[2026-09-08 16:49:58][warning][3747634] Calling original ioctl: 9 23 140728928349600
[2026-09-08 16:49:58][warning][3747634] Calling original ioctl: 9 23 140728928349600
[2026-09-08 16:49:58][warning][3747634] Calling original ioctl: 8 3224389163 140728928346800
[2026-09-08 16:49:58][warning][3747634] Calling original ioctl: 9 73 140728928345984
[2026-09-08 16:49:58][warning][3747634] Calling original ioctl: 9 33 140728928336752
[2026-09-08 16:49:58][warning][3747634] Calling original ioctl: 9 23 140728928349600
[2026-09-08 16:49:58][warning][3747634] Calling original ioctl: 9 23 140728928349600
[2026-09-08 16:49:58][warning][3747634] Calling original ioctl: 9 23 140728928349600
[2026-09-08 16:49:58][warning][3747634] Calling original ioctl: 8 3224389163 140728928346224
[2026-09-08 16:49:58][warning][3747634] Calling original ioctl: 8 3223340586 140728928341808
[2026-09-08 16:49:58][warning][3747634] Calling original ioctl: 8 3224913486 140728928346352
[2026-09-08 16:49:58][warning][3747634] Calling original ioctl: 9 73 140728928345408
[2026-09-08 16:49:58][warning][3747634] Calling original ioctl: 9 33 140728928336176
[2026-09-08 16:49:58][warning][3747634] Calling original ioctl: 12 3224913447 140728928346208
[2026-09-08 16:49:58][warning][3747634] Calling original ioctl: 9 73 140728928345408
[2026-09-08 16:49:58][warning][3747634] Calling original ioctl: 9 33 140728928336176
[2026-09-08 16:49:58][warning][3747634] Calling original ioctl: 8 3224389163 140728928347088
[2026-09-08 16:49:58][warning][3747634] Calling original ioctl: 9 73 140728928346272
[2026-09-08 16:49:58][warning][3747634] Calling original ioctl: 9 33 140728928337040
[2026-09-08 16:49:58][warning][3747634] Calling original ioctl: 12 3224913447 140728928346464
[2026-09-08 16:49:58][warning][3747634] Calling original ioctl: 9 73 140728928345664
[2026-09-08 16:49:58][warning][3747634] Calling original ioctl: 9 33 140728928336432
[2026-09-08 16:49:58][warning][3747634] Calling original ioctl: 8 3224389163 140728928346480
[2026-09-08 16:49:58][warning][3747634] Calling original ioctl: 9 73 140728928345664
[2026-09-08 16:49:58][warning][3747634] Calling original ioctl: 9 33 140728928336432
[2026-09-08 16:49:58][warning][3747634] Calling original ioctl: 9 65 140728928346752
[2026-09-08 16:49:58][warning][3747634] Calling original ioctl: 12 3224913447 140728928347568
[2026-09-08 16:49:58][warning][3747634] Calling original ioctl: 9 73 140728928346768
[2026-09-08 16:49:58][warning][3747634] Calling original ioctl: 9 33 140728928337536
[2026-09-08 16:49:58][warning][3747634] Calling original ioctl: 8 3224389163 140728928347584
[2026-09-08 16:49:58][warning][3747634] Calling original ioctl: 9 73 140728928346768
[2026-09-08 16:49:58][warning][3747634] Calling original ioctl: 9 33 140728928337536
[2026-09-08 16:49:58][warning][3747634] Calling original ioctl: 8 3224389163 140728928347152
[2026-09-08 16:49:58][warning][3747634] Calling original ioctl: 8 3223340586 140728928342736
[2026-09-08 16:49:58][warning][3747634] Calling original ioctl: 8 3224913486 140728928347280
[2026-09-08 16:49:58][warning][3747634] Calling original ioctl: 9 73 140728928346336
[2026-09-08 16:49:58][warning][3747634] Calling original ioctl: 9 33 140728928337104
[2026-09-08 16:49:58][warning][3747634] Calling original ioctl: 8 3224389163 140728928344864
[2026-09-08 16:49:58][warning][3747634] Calling original ioctl: 9 73 140728928344048
[2026-09-08 16:49:58][warning][3747634] Calling original ioctl: 9 33 140728928334816
[2026-09-08 16:49:58][warning][3747634] Calling original ioctl: 8 3224389163 140728928344784
[2026-09-08 16:49:58][warning][3747634] Calling original ioctl: 9 73 140728928343968
[2026-09-08 16:49:58][warning][3747634] Calling original ioctl: 9 33 140728928334736
[2026-09-08 16:49:58][warning][3747634] Calling original ioctl: 8 3224389163 140728928344784
[2026-09-08 16:49:58][warning][3747634] Calling original ioctl: 9 73 140728928343968
[2026-09-08 16:49:58][warning][3747634] Calling original ioctl: 9 33 140728928334736
[2026-09-08 16:49:58][warning][3747634] Calling original ioctl: 12 3224913447 140728928347120
[2026-09-08 16:49:58][warning][3747634] Calling original ioctl: 9 73 140728928346320
[2026-09-08 16:49:58][warning][3747634] Calling original ioctl: 9 33 140728928337088
[2026-09-08 16:49:58][warning][3747634] Calling original ioctl: 8 3224389163 140728928349728
[2026-09-08 16:49:58][warning][3747634] Calling original ioctl: 8 3224389163 140728928346624
[2026-09-08 16:49:58][warning][3747634] Calling original ioctl: 8 3223340586 140728928342208
[2026-09-08 16:49:58][warning][3747634] Calling original ioctl: 8 3224913486 140728928346752
[2026-09-08 16:49:58][warning][3747634] Calling original ioctl: 9 73 140728928345808
[2026-09-08 16:49:58][warning][3747634] Calling original ioctl: 9 33 140728928336576
[2026-09-08 16:49:58][warning][3747634] Calling original ioctl: 8 3224389163 140728928346944
[2026-09-08 16:49:58][warning][3747634] Calling original ioctl: 9 73 140728928346128
[2026-09-08 16:49:58][warning][3747634] Calling original ioctl: 9 33 140728928336896
[2026-09-08 16:49:58][warning][3747634] Calling original ioctl: 8 3224389163 140728928346944
[2026-09-08 16:49:58][warning][3747634] Calling original ioctl: 9 73 140728928346128
[2026-09-08 16:49:58][warning][3747634] Calling original ioctl: 9 33 140728928336896
[2026-09-08 16:49:58][warning][3747634] Calling original ioctl: 24 3221505737 140728928349392
[2026-09-08 16:49:58][warning][3747634] Calling original ioctl: 24 3222292174 140728928349376
[2026-09-08 16:49:58][warning][3747634] Calling original ioctl: 24 3224389163 140728928349360
[2026-09-08 16:49:58][warning][3747634] Calling original ioctl: 26 3221505737 140728928349392
[2026-09-08 16:49:58][warning][3747634] Calling original ioctl: 26 3222292174 140728928349376
[2026-09-08 16:49:58][warning][3747634] Calling original ioctl: 26 3224389163 140728928349360
[2026-09-08 16:49:58][warning][3747634] Calling original ioctl: 28 3221505737 140728928349392
[2026-09-08 16:49:58][warning][3747634] Calling original ioctl: 28 3222292174 140728928349376
[2026-09-08 16:49:58][warning][3747634] Calling original ioctl: 28 3224389163 140728928349360
[2026-09-08 16:49:58][warning][3747634] Calling original ioctl: 30 3221505737 140728928349392
[2026-09-08 16:49:58][warning][3747634] Calling original ioctl: 30 3222292174 140728928349376
[2026-09-08 16:49:58][warning][3747634] Calling original ioctl: 30 3224389163 140728928349360
[2026-09-08 16:49:58][warning][3747634] Calling original ioctl: 8 3223340586 140728928345104
[2026-09-08 16:49:58][warning][3747634] Calling original ioctl: 8 3223340586 140728928345280
[2026-09-08 16:49:58][warning][3747634] Calling original ioctl: 8 3223340586 140728928345440
[2026-09-08 16:49:58][warning][3747634] Calling original ioctl: 8 3224389163 140728928346912
[2026-09-08 16:49:58][warning][3747634] Calling original ioctl: 9 73 140728928346096
[2026-09-08 16:49:58][warning][3747634] Calling original ioctl: 9 33 140728928336864
[2026-09-08 16:49:58][warning][3747634] Calling original ioctl: 8 3223340586 140728928345440
libbpf: loading object 'full_record_device_buffer_bpf' from buffer
libbpf: elf: section(2) .symtab, size 240, link 1, flags 0, type=2
libbpf: elf: section(3) kretprobe/_Z9rope_normILb1ELb0Ef6__halfEvPKT1_PT2_iiiiiPKifff14rope_corr_dimsfPKfPKli, size 1152, link 0, flags 6, type=1
libbpf: sec 'kretprobe/_Z9rope_normILb1ELb0Ef6__halfEvPKT1_PT2_iiiiiPKifff14rope_corr_dimsfPKfPKli': found program 'cuda__retprobe' at insn offset 0 (0 bytes), code size 144 insns (1152 bytes)
libbpf: elf: section(4) .maps, size 32, link 0, flags 3, type=1
libbpf: elf: section(5) license, size 4, link 0, flags 3, type=1
libbpf: license of full_record_device_buffer_bpf is GPL
libbpf: elf: section(6) .relkretprobe/_Z9rope_normILb1ELb0Ef6__halfEvPKT1_PT2_iiiiiPKifff14rope_corr_dimsfPKfPKli, size 32, link 2, flags 40, type=9
libbpf: elf: section(7) .BTF, size 2852, link 0, flags 0, type=1
libbpf: elf: section(8) .BTF.ext, size 1200, link 0, flags 0, type=1
libbpf: looking for externs among 10 symbols...
libbpf: collected 0 externs total
libbpf: map 'arena': at sec_idx 4, offset 0.
libbpf: map 'arena': found type = 1503.
libbpf: map 'arena': found key [8], sz = 4.
libbpf: map 'arena': found value [12], sz = 335675408.
libbpf: map 'arena': found max_entries = 32.
libbpf: sec '.relkretprobe/_Z9rope_normILb1ELb0Ef6__halfEvPKT1_PT2_iiiiiPKifff14rope_corr_dimsfPKfPKli': collecting relocation for section(3) 'kretprobe/_Z9rope_normILb1ELb0Ef6__halfEvPKT1_PT2_iiiiiPKifff14rope_corr_dimsfPKfPKli'
libbpf: sec '.relkretprobe/_Z9rope_normILb1ELb0Ef6__halfEvPKT1_PT2_iiiiiPKifff14rope_corr_dimsfPKfPKli': relo #0: insn #71 against 'arena'
libbpf: prog 'cuda__retprobe': found map 0 (arena, sec 4, off 0) for insn #71
libbpf: sec '.relkretprobe/_Z9rope_normILb1ELb0Ef6__halfEvPKT1_PT2_iiiiiPKifff14rope_corr_dimsfPKfPKli': relo #1: insn #85 against 'arena'
libbpf: prog 'cuda__retprobe': found map 0 (arena, sec 4, off 0) for insn #85
libbpf: object 'full_record_dev': failed (-EACCES) to open BPF FS mount at '/sys/fs/bpf', skipping optional step...
libbpf: Kernel doesn't support BTF, skipping uploading it.
libbpf: map 'arena': created successfully, fd=34
Full-record bank count: 32
Full-record slots per bank: 16384
Full-record total slots: 524288
Full-record records per slot: 256
Full-record record bytes: 80
Full-record layout: field-major SoA
Full-record value bytes (per bank): 335675408
Full-record probe attached; waiting for SIGINT
[2026-09-08 16:50:13][warning][3747714] Calling original ioctl: 8 3223340586 140115691153008
[2026-09-08 16:51:00][warning][3747634] Calling original ioctl: 8 3223340586 140728928340192
Full-record drain bytes: 10741613056
Full-record drain time ns: 1471964981
Full-record committed records: 23068672
Full-record active slots: 524288
Full-record overflow records: 0
Full-record out-of-range threads: 0
Full-record nonzero timestamps: 23068672
[2026-09-08 16:51:01][warning][3747634] Calling original ioctl: 9 34 140728928350192
[2026-09-08 16:51:01][warning][3747634] Calling original ioctl: 8 3222292009 140728928350352
[2026-09-08 16:51:01][warning][3747634] Calling original ioctl: 9 34 140728928351040
[2026-09-08 16:51:01][warning][3747634] Calling original ioctl: 8 3222292009 140728928351200
[2026-09-08 16:51:01][warning][3747634] Calling original ioctl: 9 34 140728928351040
[2026-09-08 16:51:01][warning][3747634] Calling original ioctl: 8 3222292009 140728928351200
[2026-09-08 16:51:01][warning][3747634] Calling original ioctl: 8 3222292009 140728928351920
[2026-09-08 16:51:01][warning][3747634] Calling original ioctl: 26 3222292175 140728928351936
[2026-09-08 16:51:01][warning][3747634] Calling original ioctl: 8 3222292009 140728928351920
[2026-09-08 16:51:01][warning][3747634] Calling original ioctl: 28 3222292175 140728928351936
[2026-09-08 16:51:01][warning][3747634] Calling original ioctl: 8 3222292009 140728928351920
[2026-09-08 16:51:01][warning][3747634] Calling original ioctl: 24 3222292175 140728928351936
[2026-09-08 16:51:01][warning][3747634] Calling original ioctl: 8 3222292009 140728928351920
[2026-09-08 16:51:01][warning][3747634] Calling original ioctl: 30 3222292175 140728928351936
[2026-09-08 16:51:01][warning][3747634] Calling original ioctl: 9 34 140728928350944
[2026-09-08 16:51:01][warning][3747634] Calling original ioctl: 8 3222292009 140728928351104
[2026-09-08 16:51:01][warning][3747634] Calling original ioctl: 9 34 140728928350944
[2026-09-08 16:51:01][warning][3747634] Calling original ioctl: 8 3222292009 140728928351104
[2026-09-08 16:51:01][warning][3747634] Calling original ioctl: 9 34 140728928351072
[2026-09-08 16:51:01][warning][3747634] Calling original ioctl: 8 3223340623 140728928351280
[2026-09-08 16:51:01][warning][3747634] Calling original ioctl: 8 3222292009 140728928351232
[2026-09-08 16:51:01][warning][3747634] Calling original ioctl: 8 3222292009 140728928352000
[2026-09-08 16:51:01][warning][3747634] Calling original ioctl: 9 34 140728928351056
[2026-09-08 16:51:01][warning][3747634] Calling original ioctl: 8 3222292009 140728928351216
[2026-09-08 16:51:01][warning][3747634] Calling original ioctl: 9 34 140728928351056
[2026-09-08 16:51:01][warning][3747634] Calling original ioctl: 8 3223340623 140728928351264
[2026-09-08 16:51:01][warning][3747634] Calling original ioctl: 8 3222292009 140728928351216
[2026-09-08 16:51:01][warning][3747634] Calling original ioctl: 8 3223340586 140728928346928
[2026-09-08 16:51:01][warning][3747634] Calling original ioctl: 9 34 140728928350880
[2026-09-08 16:51:01][warning][3747634] Calling original ioctl: 8 3222292009 140728928351040
[2026-09-08 16:51:01][warning][3747634] Calling original ioctl: 8 3223340586 140728928346928
[2026-09-08 16:51:01][warning][3747634] Calling original ioctl: 9 34 140728928350880
[2026-09-08 16:51:01][warning][3747634] Calling original ioctl: 8 3222292009 140728928351040
[2026-09-08 16:51:01][warning][3747634] Calling original ioctl: 8 3223340586 140728928346928
[2026-09-08 16:51:01][warning][3747634] Calling original ioctl: 9 34 140728928350880
[2026-09-08 16:51:01][warning][3747634] Calling original ioctl: 8 3222292009 140728928351040
[2026-09-08 16:51:01][warning][3747634] Calling original ioctl: 8 3223340586 140728928347824
[2026-09-08 16:51:01][warning][3747634] Calling original ioctl: 9 34 140728928351104
[2026-09-08 16:51:01][warning][3747634] Calling original ioctl: 9 34 140728928351104
[2026-09-08 16:51:01][warning][3747634] Calling original ioctl: 8 3222292009 140728928351264
[2026-09-08 16:51:01][warning][3747634] Calling original ioctl: 9 34 140728928351104
[2026-09-08 16:51:01][warning][3747634] Calling original ioctl: 8 3222292009 140728928351264
[2026-09-08 16:51:01][warning][3747634] Calling original ioctl: 9 34 140728928351056
[2026-09-08 16:51:01][warning][3747634] Calling original ioctl: 8 3223340623 140728928351264
[2026-09-08 16:51:01][warning][3747634] Calling original ioctl: 8 3222292009 140728928351216
[2026-09-08 16:51:01][warning][3747634] Calling original ioctl: 9 24 140728928352096
[2026-09-08 16:51:01][warning][3747634] Calling original ioctl: 9 24 140728928352096
[2026-09-08 16:51:01][warning][3747634] Calling original ioctl: 9 24 140728928352128
[2026-09-08 16:51:01][warning][3747634] Calling original ioctl: 9 24 140728928352096
[2026-09-08 16:51:01][warning][3747634] Calling original ioctl: 9 24 140728928352096
[2026-09-08 16:51:01][warning][3747634] Calling original ioctl: 9 24 140728928352096
[2026-09-08 16:51:01][warning][3747634] Calling original ioctl: 9 24 140728928352096
[2026-09-08 16:51:01][warning][3747634] Calling original ioctl: 9 34 140728928350992
[2026-09-08 16:51:01][warning][3747634] Calling original ioctl: 8 3222292009 140728928351152
[2026-09-08 16:51:01][warning][3747634] Calling original ioctl: 9 34 140728928350992
[2026-09-08 16:51:01][warning][3747634] Calling original ioctl: 8 3222292009 140728928351152
[2026-09-08 16:51:01][warning][3747634] Calling original ioctl: 9 34 140728928351104
[2026-09-08 16:51:01][warning][3747634] Calling original ioctl: 8 3222292009 140728928351264
[2026-09-08 16:51:01][warning][3747634] Calling original ioctl: 8 3222292009 140728928351840
[2026-09-08 16:51:01][warning][3747634] Calling original ioctl: 17 3222292175 140728928351856
[2026-09-08 16:51:01][warning][3747634] Calling original ioctl: 9 28 140728928351968
[2026-09-08 16:51:01][warning][3747634] Calling original ioctl: 9 28 140728928351968
[2026-09-08 16:51:01][warning][3747634] Calling original ioctl: 9 28 140728928351968
[2026-09-08 16:51:01][warning][3747634] Calling original ioctl: 9 28 140728928351968
[2026-09-08 16:51:01][warning][3747634] Calling original ioctl: 9 28 140728928351968
[2026-09-08 16:51:01][warning][3747634] Calling original ioctl: 9 28 140728928351968
[2026-09-08 16:51:01][warning][3747634] Calling original ioctl: 9 28 140728928351968
[2026-09-08 16:51:01][warning][3747634] Calling original ioctl: 9 28 140728928351968
[2026-09-08 16:51:01][warning][3747634] Calling original ioctl: 8 3222292009 140728928351728
[2026-09-08 16:51:01][warning][3747634] Calling original ioctl: 8 3222292009 140728928351728
[2026-09-08 16:51:01][warning][3747634] Calling original ioctl: 8 3222292009 140728928351776
[2026-09-08 16:51:01][warning][3747634] Calling original ioctl: 8 3223340623 140728928351040
[2026-09-08 16:51:01][warning][3747634] Calling original ioctl: 8 3222292009 140728928350992
[2026-09-08 16:51:01][warning][3747634] Calling original ioctl: 8 3222292009 140728928351728
[2026-09-08 16:51:01][warning][3747634] Calling original ioctl: 8 3222292009 140728928351776
[2026-09-08 16:51:01][warning][3747634] Calling original ioctl: 8 3223340623 140728928351040
[2026-09-08 16:51:01][warning][3747634] Calling original ioctl: 8 3222292009 140728928350992
[2026-09-08 16:51:01][warning][3747634] Calling original ioctl: 8 3222292009 140728928351728
[2026-09-08 16:51:01][warning][3747634] Calling original ioctl: 8 3222292009 140728928351728
[2026-09-08 16:51:01][warning][3747634] Calling original ioctl: 8 3222292009 140728928351776
[2026-09-08 16:51:01][warning][3747634] Calling original ioctl: 8 3223340623 140728928351040
[2026-09-08 16:51:01][warning][3747634] Calling original ioctl: 8 3222292009 140728928350992
[2026-09-08 16:51:01][warning][3747634] Calling original ioctl: 8 3222292009 140728928351728
[2026-09-08 16:51:01][warning][3747634] Calling original ioctl: 8 3222292009 140728928351776
[2026-09-08 16:51:01][warning][3747634] Calling original ioctl: 8 3223340623 140728928351040
[2026-09-08 16:51:01][warning][3747634] Calling original ioctl: 8 3222292009 140728928350992
[2026-09-08 16:51:01][warning][3747634] Calling original ioctl: 8 3222292009 140728928351728
[2026-09-08 16:51:01][warning][3747634] Calling original ioctl: 8 3222292009 140728928351728
[2026-09-08 16:51:01][warning][3747634] Calling original ioctl: 8 3222292009 140728928351776
[2026-09-08 16:51:01][warning][3747634] Calling original ioctl: 8 3223340623 140728928351040
[2026-09-08 16:51:01][warning][3747634] Calling original ioctl: 8 3222292009 140728928350992
[2026-09-08 16:51:01][warning][3747634] Calling original ioctl: 8 3222292009 140728928351728
[2026-09-08 16:51:01][warning][3747634] Calling original ioctl: 8 3222292009 140728928351776
[2026-09-08 16:51:01][warning][3747634] Calling original ioctl: 8 3223340623 140728928351040
[2026-09-08 16:51:01][warning][3747634] Calling original ioctl: 8 3222292009 140728928350992
[2026-09-08 16:51:01][warning][3747634] Calling original ioctl: 8 3222292009 140728928351728
[2026-09-08 16:51:01][warning][3747634] Calling original ioctl: 8 3222292009 140728928351728
[2026-09-08 16:51:01][warning][3747634] Calling original ioctl: 8 3222292009 140728928351776
[2026-09-08 16:51:01][warning][3747634] Calling original ioctl: 8 3223340623 140728928351040
[2026-09-08 16:51:01][warning][3747634] Calling original ioctl: 8 3222292009 140728928350992
[2026-09-08 16:51:01][warning][3747634] Calling original ioctl: 8 3222292009 140728928351728
[2026-09-08 16:51:01][warning][3747634] Calling original ioctl: 8 3222292009 140728928351776
[2026-09-08 16:51:01][warning][3747634] Calling original ioctl: 8 3223340623 140728928351040
[2026-09-08 16:51:01][warning][3747634] Calling original ioctl: 8 3222292009 140728928350992
[2026-09-08 16:51:01][warning][3747634] Calling original ioctl: 8 3222292009 140728928351904
[2026-09-08 16:51:01][warning][3747634] Calling original ioctl: 8 3222292009 140728928351872
[2026-09-08 16:51:01][warning][3747634] Calling original ioctl: 8 3222292009 140728928351840
[2026-09-08 16:51:01][warning][3747634] Calling original ioctl: 19 3222292175 140728928351856
[2026-09-08 16:51:01][warning][3747634] Calling original ioctl: 9 28 140728928351968
[2026-09-08 16:51:01][warning][3747634] Calling original ioctl: 9 28 140728928351968
[2026-09-08 16:51:01][warning][3747634] Calling original ioctl: 9 28 140728928351968
[2026-09-08 16:51:01][warning][3747634] Calling original ioctl: 9 28 140728928351968
[2026-09-08 16:51:01][warning][3747634] Calling original ioctl: 8 3222292009 140728928351728
[2026-09-08 16:51:01][warning][3747634] Calling original ioctl: 8 3222292009 140728928351776
[2026-09-08 16:51:01][warning][3747634] Calling original ioctl: 8 3223340623 140728928351040
[2026-09-08 16:51:01][warning][3747634] Calling original ioctl: 8 3222292009 140728928350992
[2026-09-08 16:51:01][warning][3747634] Calling original ioctl: 8 3222292009 140728928351728
[2026-09-08 16:51:01][warning][3747634] Calling original ioctl: 8 3222292009 140728928351776
[2026-09-08 16:51:01][warning][3747634] Calling original ioctl: 8 3223340623 140728928351040
[2026-09-08 16:51:01][warning][3747634] Calling original ioctl: 8 3222292009 140728928350992
[2026-09-08 16:51:01][warning][3747634] Calling original ioctl: 8 3222292009 140728928351728
[2026-09-08 16:51:01][warning][3747634] Calling original ioctl: 8 3222292009 140728928351776
[2026-09-08 16:51:01][warning][3747634] Calling original ioctl: 8 3223340623 140728928351040
[2026-09-08 16:51:01][warning][3747634] Calling original ioctl: 8 3222292009 140728928350992
[2026-09-08 16:51:01][warning][3747634] Calling original ioctl: 8 3222292009 140728928351728
[2026-09-08 16:51:01][warning][3747634] Calling original ioctl: 8 3222292009 140728928351776
[2026-09-08 16:51:01][warning][3747634] Calling original ioctl: 8 3223340623 140728928351040
[2026-09-08 16:51:01][warning][3747634] Calling original ioctl: 8 3222292009 140728928350992
[2026-09-08 16:51:01][warning][3747634] Calling original ioctl: 8 3222292009 140728928351872
[2026-09-08 16:51:01][warning][3747634] Calling original ioctl: 8 3222292009 140728928351840
[2026-09-08 16:51:01][warning][3747634] Calling original ioctl: 21 3222292175 140728928351856
[2026-09-08 16:51:01][warning][3747634] Calling original ioctl: 9 28 140728928351968
[2026-09-08 16:51:01][warning][3747634] Calling original ioctl: 9 28 140728928351968
[2026-09-08 16:51:01][warning][3747634] Calling original ioctl: 9 28 140728928351968
[2026-09-08 16:51:01][warning][3747634] Calling original ioctl: 9 28 140728928351968
[2026-09-08 16:51:01][warning][3747634] Calling original ioctl: 8 3222292009 140728928351728
[2026-09-08 16:51:01][warning][3747634] Calling original ioctl: 8 3222292009 140728928351776
[2026-09-08 16:51:01][warning][3747634] Calling original ioctl: 8 3223340623 140728928351040
[2026-09-08 16:51:01][warning][3747634] Calling original ioctl: 8 3222292009 140728928350992
[2026-09-08 16:51:01][warning][3747634] Calling original ioctl: 8 3222292009 140728928351728
[2026-09-08 16:51:01][warning][3747634] Calling original ioctl: 8 3222292009 140728928351776
[2026-09-08 16:51:01][warning][3747634] Calling original ioctl: 8 3223340623 140728928351040
[2026-09-08 16:51:01][warning][3747634] Calling original ioctl: 8 3222292009 140728928350992
[2026-09-08 16:51:01][warning][3747634] Calling original ioctl: 8 3222292009 140728928351728
[2026-09-08 16:51:01][warning][3747634] Calling original ioctl: 8 3222292009 140728928351776
[2026-09-08 16:51:01][warning][3747634] Calling original ioctl: 8 3223340623 140728928351040
[2026-09-08 16:51:01][warning][3747634] Calling original ioctl: 8 3222292009 140728928350992
[2026-09-08 16:51:01][warning][3747634] Calling original ioctl: 8 3222292009 140728928351728
[2026-09-08 16:51:01][warning][3747634] Calling original ioctl: 8 3222292009 140728928351776
[2026-09-08 16:51:01][warning][3747634] Calling original ioctl: 8 3223340623 140728928351040
[2026-09-08 16:51:01][warning][3747634] Calling original ioctl: 8 3222292009 140728928350992
[2026-09-08 16:51:01][warning][3747634] Calling original ioctl: 9 34 140728928350800
[2026-09-08 16:51:01][warning][3747634] Calling original ioctl: 8 3223340623 140728928351008
[2026-09-08 16:51:01][warning][3747634] Calling original ioctl: 8 3222292009 140728928350960
[2026-09-08 16:51:01][warning][3747634] Calling original ioctl: 9 34 140728928350800
[2026-09-08 16:51:01][warning][3747634] Calling original ioctl: 8 3223340623 140728928351008
[2026-09-08 16:51:01][warning][3747634] Calling original ioctl: 8 3222292009 140728928350960
[2026-09-08 16:51:01][warning][3747634] Calling original ioctl: 8 3222292009 140728928351872
[2026-09-08 16:51:01][warning][3747634] Calling original ioctl: 9 34 140728928351104
[2026-09-08 16:51:01][warning][3747634] Calling original ioctl: 8 3222292009 140728928351264
[2026-09-08 16:51:01][warning][3747634] Calling original ioctl: 9 34 140728928351008
[2026-09-08 16:51:01][warning][3747634] Calling original ioctl: 8 3222292009 140728928351168
[2026-09-08 16:51:01][warning][3747634] Calling original ioctl: 9 34 140728928351104
[2026-09-08 16:51:01][warning][3747634] Calling original ioctl: 8 3222292009 140728928351264
[2026-09-08 16:51:01][warning][3747634] Calling original ioctl: 9 34 140728928351056
[2026-09-08 16:51:01][warning][3747634] Calling original ioctl: 8 3222292009 140728928351216
[2026-09-08 16:51:01][warning][3747634] Calling original ioctl: 9 34 140728928351040
[2026-09-08 16:51:01][warning][3747634] Calling original ioctl: 8 3223340623 140728928351248
[2026-09-08 16:51:01][warning][3747634] Calling original ioctl: 8 3222292009 140728928351200
[2026-09-08 16:51:01][warning][3747634] Calling original ioctl: 9 34 140728928351040
[2026-09-08 16:51:01][warning][3747634] Calling original ioctl: 8 3223340623 140728928351248
[2026-09-08 16:51:01][warning][3747634] Calling original ioctl: 8 3222292009 140728928351200
[2026-09-08 16:51:01][warning][3747634] Calling original ioctl: 9 34 140728928351056
[2026-09-08 16:51:01][warning][3747634] Calling original ioctl: 8 3222292009 140728928351216
[2026-09-08 16:51:01][warning][3747634] Calling original ioctl: 9 34 140728928351056
[2026-09-08 16:51:01][warning][3747634] Calling original ioctl: 8 3222292009 140728928351216
[2026-09-08 16:51:01][warning][3747634] Calling original ioctl: 9 34 140728928351216
[2026-09-08 16:51:01][warning][3747634] Calling original ioctl: 8 3223340586 140728928347808
