[2026-09-09 02:56:27][warning][415421] Calling original ioctl: 8 3223340586 140735427399920
[2026-09-09 02:56:27][warning][415421] Calling original ioctl: 8 3223340586 140735427399936
[2026-09-09 02:56:27][warning][415421] Calling original ioctl: 8 3223340586 140735427399984
[2026-09-09 02:56:27][warning][415421] Calling original ioctl: 9 25 140735427404304
[2026-09-09 02:56:27][warning][415421] Calling original ioctl: 8 3224389163 140735427401568
[2026-09-09 02:56:27][warning][415421] Calling original ioctl: 9 73 140735427400752
[2026-09-09 02:56:27][warning][415421] Calling original ioctl: 9 33 140735427391520
[2026-09-09 02:56:27][warning][415421] Calling original ioctl: 8 3224389163 140735427401248
[2026-09-09 02:56:27][warning][415421] Calling original ioctl: 9 73 140735427400432
[2026-09-09 02:56:27][warning][415421] Calling original ioctl: 9 33 140735427391200
[2026-09-09 02:56:27][warning][415421] Calling original ioctl: 8 3224389163 140735427401248
[2026-09-09 02:56:27][warning][415421] Calling original ioctl: 9 73 140735427400432
[2026-09-09 02:56:27][warning][415421] Calling original ioctl: 9 33 140735427391200
[2026-09-09 02:56:27][warning][415421] Calling original ioctl: 8 3224389163 140735427401744
[2026-09-09 02:56:27][warning][415421] Calling original ioctl: 9 73 140735427400928
[2026-09-09 02:56:27][warning][415421] Calling original ioctl: 9 33 140735427391696
[2026-09-09 02:56:27][warning][415421] Calling original ioctl: 8 3224389163 140735427403424
[2026-09-09 02:56:27][warning][415421] Calling original ioctl: 8 3224389163 140735427403408
[2026-09-09 02:56:27][warning][415421] Calling original ioctl: 8 3224389163 140735427399648
[2026-09-09 02:56:27][warning][415421] Calling original ioctl: 8 3223340586 140735427395232
[2026-09-09 02:56:27][warning][415421] Calling original ioctl: 8 3224913486 140735427399776
[2026-09-09 02:56:27][warning][415421] Calling original ioctl: 8 3223864926 140735427399728
[2026-09-09 02:56:27][warning][415421] Calling original ioctl: 9 73 140735427398832
[2026-09-09 02:56:27][warning][415421] Calling original ioctl: 9 33 140735427389600
[2026-09-09 02:56:27][warning][415421] Calling original ioctl: 8 3224389163 140735427399184
[2026-09-09 02:56:27][warning][415421] Calling original ioctl: 8 3223340586 140735427394768
[2026-09-09 02:56:27][warning][415421] Calling original ioctl: 8 3224913486 140735427399312
[2026-09-09 02:56:27][warning][415421] Calling original ioctl: 9 73 140735427398368
[2026-09-09 02:56:27][warning][415421] Calling original ioctl: 9 33 140735427389136
[2026-09-09 02:56:27][warning][415421] Calling original ioctl: 8 3224389163 140735427400032
[2026-09-09 02:56:27][warning][415421] Calling original ioctl: 8 3223340586 140735427395616
[2026-09-09 02:56:27][warning][415421] Calling original ioctl: 8 3224913486 140735427400160
[2026-09-09 02:56:27][warning][415421] Calling original ioctl: 8 3224389163 140735427401888
[2026-09-09 02:56:27][warning][415421] Calling original ioctl: 8 3223340586 140735427397920
[2026-09-09 02:56:27][warning][415421] Calling original ioctl: 8 3224389163 140735427402176
[2026-09-09 02:56:27][warning][415421] Calling original ioctl: 8 3223340586 140735427397856
[2026-09-09 02:56:27][warning][415421] Calling original ioctl: 8 3224389163 140735427402176
[2026-09-09 02:56:27][warning][415421] Calling original ioctl: 8 3223340586 140735427397856
[2026-09-09 02:56:27][warning][415421] Calling original ioctl: 8 3223340586 140735427397936
[2026-09-09 02:56:27][warning][415421] Calling original ioctl: 8 3223340586 140735427397936
[2026-09-09 02:56:27][warning][415421] Calling original ioctl: 8 3224389163 140735427400832
[2026-09-09 02:56:27][warning][415421] Calling original ioctl: 8 3223340586 140735427396416
[2026-09-09 02:56:27][warning][415421] Calling original ioctl: 8 3224913486 140735427400960
[2026-09-09 02:56:27][warning][415421] Calling original ioctl: 9 73 140735427400016
[2026-09-09 02:56:27][warning][415421] Calling original ioctl: 9 33 140735427390784
[2026-09-09 02:56:27][warning][415421] Calling original ioctl: 8 3224389163 140735427400032
[2026-09-09 02:56:27][warning][415421] Calling original ioctl: 8 3223340586 140735427395616
[2026-09-09 02:56:27][warning][415421] Calling original ioctl: 8 3224913486 140735427400160
[2026-09-09 02:56:27][warning][415421] Calling original ioctl: 8 3224389163 140735427401888
[2026-09-09 02:56:27][warning][415421] Calling original ioctl: 8 3223340586 140735427397920
[2026-09-09 02:56:27][warning][415421] Calling original ioctl: 8 3224389163 140735427402176
[2026-09-09 02:56:27][warning][415421] Calling original ioctl: 8 3223340586 140735427397856
[2026-09-09 02:56:27][warning][415421] Calling original ioctl: 8 3223340586 140735427397936
[2026-09-09 02:56:27][warning][415421] Calling original ioctl: 8 3223340586 140735427397936
[2026-09-09 02:56:27][warning][415421] Calling original ioctl: 8 3224389163 140735427400032
[2026-09-09 02:56:27][warning][415421] Calling original ioctl: 8 3223340586 140735427395616
[2026-09-09 02:56:27][warning][415421] Calling original ioctl: 8 3224913486 140735427400160
[2026-09-09 02:56:27][warning][415421] Calling original ioctl: 8 3224389163 140735427401888
[2026-09-09 02:56:27][warning][415421] Calling original ioctl: 8 3223340586 140735427397920
[2026-09-09 02:56:27][warning][415421] Calling original ioctl: 8 3224389163 140735427402176
[2026-09-09 02:56:27][warning][415421] Calling original ioctl: 8 3223340586 140735427397856
[2026-09-09 02:56:27][warning][415421] Calling original ioctl: 8 3224389163 140735427402176
[2026-09-09 02:56:27][warning][415421] Calling original ioctl: 8 3223340586 140735427397856
[2026-09-09 02:56:27][warning][415421] Calling original ioctl: 8 3223340586 140735427397936
[2026-09-09 02:56:27][warning][415421] Calling original ioctl: 8 3223340586 140735427397936
[2026-09-09 02:56:27][warning][415421] Calling original ioctl: 8 3224389163 140735427400032
[2026-09-09 02:56:27][warning][415421] Calling original ioctl: 8 3223340586 140735427395616
[2026-09-09 02:56:27][warning][415421] Calling original ioctl: 8 3224913486 140735427400160
[2026-09-09 02:56:27][warning][415421] Calling original ioctl: 8 3224389163 140735427401888
[2026-09-09 02:56:27][warning][415421] Calling original ioctl: 8 3223340586 140735427397920
[2026-09-09 02:56:27][warning][415421] Calling original ioctl: 8 3224389163 140735427402176
[2026-09-09 02:56:27][warning][415421] Calling original ioctl: 8 3223340586 140735427397856
[2026-09-09 02:56:27][warning][415421] Calling original ioctl: 8 3223340586 140735427397936
[2026-09-09 02:56:27][warning][415421] Calling original ioctl: 8 3223340586 140735427397936
[2026-09-09 02:56:27][warning][415421] Calling original ioctl: 8 3224389163 140735427400032
[2026-09-09 02:56:27][warning][415421] Calling original ioctl: 8 3223340586 140735427395616
[2026-09-09 02:56:27][warning][415421] Calling original ioctl: 8 3224913486 140735427400160
[2026-09-09 02:56:27][warning][415421] Calling original ioctl: 8 3224389163 140735427401888
[2026-09-09 02:56:27][warning][415421] Calling original ioctl: 8 3223340586 140735427397920
[2026-09-09 02:56:27][warning][415421] Calling original ioctl: 8 3224389163 140735427402176
[2026-09-09 02:56:27][warning][415421] Calling original ioctl: 8 3223340586 140735427397856
[2026-09-09 02:56:27][warning][415421] Calling original ioctl: 8 3224389163 140735427402176
[2026-09-09 02:56:27][warning][415421] Calling original ioctl: 8 3223340586 140735427397856
[2026-09-09 02:56:27][warning][415421] Calling original ioctl: 8 3223340586 140735427397936
[2026-09-09 02:56:27][warning][415421] Calling original ioctl: 8 3223340586 140735427397936
[2026-09-09 02:56:27][warning][415421] Calling original ioctl: 8 3224389163 140735427400032
[2026-09-09 02:56:27][warning][415421] Calling original ioctl: 8 3223340586 140735427395616
[2026-09-09 02:56:27][warning][415421] Calling original ioctl: 8 3224913486 140735427400160
[2026-09-09 02:56:27][warning][415421] Calling original ioctl: 8 3224389163 140735427401888
[2026-09-09 02:56:27][warning][415421] Calling original ioctl: 8 3223340586 140735427397920
[2026-09-09 02:56:27][warning][415421] Calling original ioctl: 8 3224389163 140735427402176
[2026-09-09 02:56:27][warning][415421] Calling original ioctl: 8 3223340586 140735427397856
[2026-09-09 02:56:27][warning][415421] Calling original ioctl: 8 3223340586 140735427397936
[2026-09-09 02:56:27][warning][415421] Calling original ioctl: 8 3223340586 140735427397936
[2026-09-09 02:56:27][warning][415421] Calling original ioctl: 8 3224389163 140735427400032
[2026-09-09 02:56:27][warning][415421] Calling original ioctl: 8 3223340586 140735427395616
[2026-09-09 02:56:27][warning][415421] Calling original ioctl: 8 3224913486 140735427400160
[2026-09-09 02:56:27][warning][415421] Calling original ioctl: 8 3224389163 140735427401888
[2026-09-09 02:56:27][warning][415421] Calling original ioctl: 8 3223340586 140735427397920
[2026-09-09 02:56:27][warning][415421] Calling original ioctl: 8 3224389163 140735427402176
[2026-09-09 02:56:27][warning][415421] Calling original ioctl: 8 3223340586 140735427397856
[2026-09-09 02:56:27][warning][415421] Calling original ioctl: 8 3224389163 140735427402176
[2026-09-09 02:56:27][warning][415421] Calling original ioctl: 8 3223340586 140735427397856
[2026-09-09 02:56:27][warning][415421] Calling original ioctl: 8 3223340586 140735427397936
[2026-09-09 02:56:27][warning][415421] Calling original ioctl: 8 3223340586 140735427397936
[2026-09-09 02:56:27][warning][415421] Calling original ioctl: 8 3224389163 140735427400032
[2026-09-09 02:56:27][warning][415421] Calling original ioctl: 8 3223340586 140735427395616
[2026-09-09 02:56:27][warning][415421] Calling original ioctl: 8 3224913486 140735427400160
[2026-09-09 02:56:27][warning][415421] Calling original ioctl: 8 3224389163 140735427401888
[2026-09-09 02:56:27][warning][415421] Calling original ioctl: 8 3223340586 140735427397920
[2026-09-09 02:56:27][warning][415421] Calling original ioctl: 8 3224389163 140735427402176
[2026-09-09 02:56:27][warning][415421] Calling original ioctl: 8 3223340586 140735427397856
[2026-09-09 02:56:27][warning][415421] Calling original ioctl: 8 3223340586 140735427397936
[2026-09-09 02:56:27][warning][415421] Calling original ioctl: 8 3223340586 140735427397936
[2026-09-09 02:56:27][warning][415421] Calling original ioctl: 9 27 140735427403856
[2026-09-09 02:56:27][warning][415421] Calling original ioctl: 9 27 140735427403856
[2026-09-09 02:56:27][warning][415421] Calling original ioctl: 9 27 140735427403856
[2026-09-09 02:56:27][warning][415421] Calling original ioctl: 9 27 140735427403856
[2026-09-09 02:56:27][warning][415421] Calling original ioctl: 9 27 140735427403856
[2026-09-09 02:56:27][warning][415421] Calling original ioctl: 9 27 140735427403856
[2026-09-09 02:56:27][warning][415421] Calling original ioctl: 9 27 140735427403856
[2026-09-09 02:56:27][warning][415421] Calling original ioctl: 9 27 140735427403856
[2026-09-09 02:56:27][warning][415421] Calling original ioctl: 8 3223340586 140735427399520
[2026-09-09 02:56:27][warning][415421] Calling original ioctl: 17 3221505737 140735427403616
[2026-09-09 02:56:27][warning][415421] Calling original ioctl: 17 3222292174 140735427403600
[2026-09-09 02:56:27][warning][415421] Calling original ioctl: 17 3224389163 140735427403584
[2026-09-09 02:56:27][warning][415421] Calling original ioctl: 8 3224389163 140735427403424
[2026-09-09 02:56:27][warning][415421] Calling original ioctl: 8 3224389163 140735427400032
[2026-09-09 02:56:27][warning][415421] Calling original ioctl: 8 3223340586 140735427395616
[2026-09-09 02:56:27][warning][415421] Calling original ioctl: 8 3224913486 140735427400160
[2026-09-09 02:56:27][warning][415421] Calling original ioctl: 8 3224389163 140735427401888
[2026-09-09 02:56:27][warning][415421] Calling original ioctl: 8 3223340586 140735427397920
[2026-09-09 02:56:27][warning][415421] Calling original ioctl: 8 3224389163 140735427402176
[2026-09-09 02:56:27][warning][415421] Calling original ioctl: 8 3223340586 140735427397856
[2026-09-09 02:56:27][warning][415421] Calling original ioctl: 8 3223340586 140735427397936
[2026-09-09 02:56:27][warning][415421] Calling original ioctl: 8 3224389163 140735427400032
[2026-09-09 02:56:27][warning][415421] Calling original ioctl: 8 3223340586 140735427395616
[2026-09-09 02:56:27][warning][415421] Calling original ioctl: 8 3224913486 140735427400160
[2026-09-09 02:56:27][warning][415421] Calling original ioctl: 8 3224389163 140735427401888
[2026-09-09 02:56:27][warning][415421] Calling original ioctl: 8 3223340586 140735427397920
[2026-09-09 02:56:27][warning][415421] Calling original ioctl: 8 3224389163 140735427402176
[2026-09-09 02:56:27][warning][415421] Calling original ioctl: 8 3223340586 140735427397856
[2026-09-09 02:56:27][warning][415421] Calling original ioctl: 8 3223340586 140735427397936
[2026-09-09 02:56:27][warning][415421] Calling original ioctl: 8 3224389163 140735427400032
[2026-09-09 02:56:27][warning][415421] Calling original ioctl: 8 3223340586 140735427395616
[2026-09-09 02:56:27][warning][415421] Calling original ioctl: 8 3224913486 140735427400160
[2026-09-09 02:56:27][warning][415421] Calling original ioctl: 8 3224389163 140735427401888
[2026-09-09 02:56:27][warning][415421] Calling original ioctl: 8 3223340586 140735427397920
[2026-09-09 02:56:27][warning][415421] Calling original ioctl: 8 3224389163 140735427402176
[2026-09-09 02:56:27][warning][415421] Calling original ioctl: 8 3223340586 140735427397856
[2026-09-09 02:56:27][warning][415421] Calling original ioctl: 8 3223340586 140735427397936
[2026-09-09 02:56:27][warning][415421] Calling original ioctl: 8 3224389163 140735427400032
[2026-09-09 02:56:27][warning][415421] Calling original ioctl: 8 3223340586 140735427395616
[2026-09-09 02:56:27][warning][415421] Calling original ioctl: 8 3224913486 140735427400160
[2026-09-09 02:56:27][warning][415421] Calling original ioctl: 8 3224389163 140735427401888
[2026-09-09 02:56:27][warning][415421] Calling original ioctl: 8 3223340586 140735427397920
[2026-09-09 02:56:27][warning][415421] Calling original ioctl: 8 3224389163 140735427402176
[2026-09-09 02:56:27][warning][415421] Calling original ioctl: 8 3223340586 140735427397856
[2026-09-09 02:56:27][warning][415421] Calling original ioctl: 8 3223340586 140735427397936
[2026-09-09 02:56:27][warning][415421] Calling original ioctl: 9 27 140735427403856
[2026-09-09 02:56:27][warning][415421] Calling original ioctl: 9 27 140735427403856
[2026-09-09 02:56:27][warning][415421] Calling original ioctl: 9 27 140735427403856
[2026-09-09 02:56:27][warning][415421] Calling original ioctl: 9 27 140735427403856
[2026-09-09 02:56:27][warning][415421] Calling original ioctl: 8 3223340586 140735427399520
[2026-09-09 02:56:27][warning][415421] Calling original ioctl: 19 3221505737 140735427403616
[2026-09-09 02:56:27][warning][415421] Calling original ioctl: 19 3222292174 140735427403600
[2026-09-09 02:56:27][warning][415421] Calling original ioctl: 19 3224389163 140735427403584
[2026-09-09 02:56:27][warning][415421] Calling original ioctl: 8 3224389163 140735427403424
[2026-09-09 02:56:27][warning][415421] Calling original ioctl: 8 3224389163 140735427400032
[2026-09-09 02:56:27][warning][415421] Calling original ioctl: 8 3223340586 140735427395616
[2026-09-09 02:56:27][warning][415421] Calling original ioctl: 8 3224913486 140735427400160
[2026-09-09 02:56:27][warning][415421] Calling original ioctl: 8 3224389163 140735427401888
[2026-09-09 02:56:27][warning][415421] Calling original ioctl: 8 3223340586 140735427397920
[2026-09-09 02:56:27][warning][415421] Calling original ioctl: 8 3224389163 140735427402176
[2026-09-09 02:56:27][warning][415421] Calling original ioctl: 8 3223340586 140735427397856
[2026-09-09 02:56:27][warning][415421] Calling original ioctl: 8 3223340586 140735427397936
[2026-09-09 02:56:27][warning][415421] Calling original ioctl: 8 3224389163 140735427400032
[2026-09-09 02:56:27][warning][415421] Calling original ioctl: 8 3223340586 140735427395616
[2026-09-09 02:56:27][warning][415421] Calling original ioctl: 8 3224913486 140735427400160
[2026-09-09 02:56:27][warning][415421] Calling original ioctl: 8 3224389163 140735427401888
[2026-09-09 02:56:27][warning][415421] Calling original ioctl: 8 3223340586 140735427397920
[2026-09-09 02:56:27][warning][415421] Calling original ioctl: 8 3224389163 140735427402176
[2026-09-09 02:56:27][warning][415421] Calling original ioctl: 8 3223340586 140735427397856
[2026-09-09 02:56:27][warning][415421] Calling original ioctl: 8 3223340586 140735427397936
[2026-09-09 02:56:27][warning][415421] Calling original ioctl: 8 3224389163 140735427400032
[2026-09-09 02:56:27][warning][415421] Calling original ioctl: 8 3223340586 140735427395616
[2026-09-09 02:56:27][warning][415421] Calling original ioctl: 8 3224913486 140735427400160
[2026-09-09 02:56:27][warning][415421] Calling original ioctl: 8 3224389163 140735427401888
[2026-09-09 02:56:27][warning][415421] Calling original ioctl: 8 3223340586 140735427397920
[2026-09-09 02:56:27][warning][415421] Calling original ioctl: 8 3224389163 140735427402176
[2026-09-09 02:56:27][warning][415421] Calling original ioctl: 8 3223340586 140735427397856
[2026-09-09 02:56:27][warning][415421] Calling original ioctl: 8 3223340586 140735427397936
[2026-09-09 02:56:27][warning][415421] Calling original ioctl: 8 3224389163 140735427400032
[2026-09-09 02:56:27][warning][415421] Calling original ioctl: 8 3223340586 140735427395616
[2026-09-09 02:56:27][warning][415421] Calling original ioctl: 8 3224913486 140735427400160
[2026-09-09 02:56:27][warning][415421] Calling original ioctl: 8 3224389163 140735427401888
[2026-09-09 02:56:27][warning][415421] Calling original ioctl: 8 3223340586 140735427397920
[2026-09-09 02:56:27][warning][415421] Calling original ioctl: 8 3224389163 140735427402176
[2026-09-09 02:56:27][warning][415421] Calling original ioctl: 8 3223340586 140735427397856
[2026-09-09 02:56:27][warning][415421] Calling original ioctl: 8 3223340586 140735427397936
[2026-09-09 02:56:27][warning][415421] Calling original ioctl: 9 27 140735427403856
[2026-09-09 02:56:27][warning][415421] Calling original ioctl: 9 27 140735427403856
[2026-09-09 02:56:27][warning][415421] Calling original ioctl: 9 27 140735427403856
[2026-09-09 02:56:27][warning][415421] Calling original ioctl: 9 27 140735427403856
[2026-09-09 02:56:27][warning][415421] Calling original ioctl: 8 3223340586 140735427399520
[2026-09-09 02:56:27][warning][415421] Calling original ioctl: 21 3221505737 140735427403616
[2026-09-09 02:56:27][warning][415421] Calling original ioctl: 21 3222292174 140735427403600
[2026-09-09 02:56:27][warning][415421] Calling original ioctl: 21 3224389163 140735427403584
[2026-09-09 02:56:27][warning][415421] Calling original ioctl: 8 3224389163 140735427401056
[2026-09-09 02:56:27][warning][415421] Calling original ioctl: 8 3223340586 140735427396640
[2026-09-09 02:56:27][warning][415421] Calling original ioctl: 8 3224913486 140735427401184
[2026-09-09 02:56:27][warning][415421] Calling original ioctl: 9 73 140735427400240
[2026-09-09 02:56:27][warning][415421] Calling original ioctl: 9 33 140735427391008
[2026-09-09 02:56:27][warning][415421] Calling original ioctl: 8 3224389163 140735427401360
[2026-09-09 02:56:27][warning][415421] Calling original ioctl: 9 73 140735427400544
[2026-09-09 02:56:27][warning][415421] Calling original ioctl: 9 33 140735427391312
[2026-09-09 02:56:27][warning][415421] Calling original ioctl: 9 68 140735427390704
[2026-09-09 02:56:27][warning][415421] Calling original ioctl: 9 72 140735427399808
[2026-09-09 02:56:27][warning][415421] Calling original ioctl: 9 23 140735427404160
[2026-09-09 02:56:27][warning][415421] Calling original ioctl: 9 23 140735427404160
[2026-09-09 02:56:27][warning][415421] Calling original ioctl: 9 23 140735427404160
[2026-09-09 02:56:27][warning][415421] Calling original ioctl: 9 23 140735427404160
[2026-09-09 02:56:27][warning][415421] Calling original ioctl: 8 3224389163 140735427401360
[2026-09-09 02:56:27][warning][415421] Calling original ioctl: 9 73 140735427400544
[2026-09-09 02:56:27][warning][415421] Calling original ioctl: 9 33 140735427391312
[2026-09-09 02:56:27][warning][415421] Calling original ioctl: 9 23 140735427404160
[2026-09-09 02:56:27][warning][415421] Calling original ioctl: 9 23 140735427404160
[2026-09-09 02:56:27][warning][415421] Calling original ioctl: 9 23 140735427404160
[2026-09-09 02:56:27][warning][415421] Calling original ioctl: 8 3224389163 140735427400784
[2026-09-09 02:56:27][warning][415421] Calling original ioctl: 8 3223340586 140735427396368
[2026-09-09 02:56:27][warning][415421] Calling original ioctl: 8 3224913486 140735427400912
[2026-09-09 02:56:27][warning][415421] Calling original ioctl: 9 73 140735427399968
[2026-09-09 02:56:27][warning][415421] Calling original ioctl: 9 33 140735427390736
[2026-09-09 02:56:27][warning][415421] Calling original ioctl: 12 3224913447 140735427400768
[2026-09-09 02:56:27][warning][415421] Calling original ioctl: 9 73 140735427399968
[2026-09-09 02:56:27][warning][415421] Calling original ioctl: 9 33 140735427390736
[2026-09-09 02:56:27][warning][415421] Calling original ioctl: 8 3224389163 140735427401648
[2026-09-09 02:56:27][warning][415421] Calling original ioctl: 9 73 140735427400832
[2026-09-09 02:56:27][warning][415421] Calling original ioctl: 9 33 140735427391600
[2026-09-09 02:56:27][warning][415421] Calling original ioctl: 12 3224913447 140735427401024
[2026-09-09 02:56:27][warning][415421] Calling original ioctl: 9 73 140735427400224
[2026-09-09 02:56:27][warning][415421] Calling original ioctl: 9 33 140735427390992
[2026-09-09 02:56:27][warning][415421] Calling original ioctl: 8 3224389163 140735427401040
[2026-09-09 02:56:27][warning][415421] Calling original ioctl: 9 73 140735427400224
[2026-09-09 02:56:27][warning][415421] Calling original ioctl: 9 33 140735427390992
[2026-09-09 02:56:27][warning][415421] Calling original ioctl: 9 65 140735427401312
[2026-09-09 02:56:27][warning][415421] Calling original ioctl: 12 3224913447 140735427402128
[2026-09-09 02:56:27][warning][415421] Calling original ioctl: 9 73 140735427401328
[2026-09-09 02:56:27][warning][415421] Calling original ioctl: 9 33 140735427392096
[2026-09-09 02:56:27][warning][415421] Calling original ioctl: 8 3224389163 140735427402144
[2026-09-09 02:56:27][warning][415421] Calling original ioctl: 9 73 140735427401328
[2026-09-09 02:56:27][warning][415421] Calling original ioctl: 9 33 140735427392096
[2026-09-09 02:56:27][warning][415421] Calling original ioctl: 8 3224389163 140735427401712
[2026-09-09 02:56:27][warning][415421] Calling original ioctl: 8 3223340586 140735427397296
[2026-09-09 02:56:27][warning][415421] Calling original ioctl: 8 3224913486 140735427401840
[2026-09-09 02:56:27][warning][415421] Calling original ioctl: 9 73 140735427400896
[2026-09-09 02:56:27][warning][415421] Calling original ioctl: 9 33 140735427391664
[2026-09-09 02:56:27][warning][415421] Calling original ioctl: 8 3224389163 140735427399424
[2026-09-09 02:56:27][warning][415421] Calling original ioctl: 9 73 140735427398608
[2026-09-09 02:56:27][warning][415421] Calling original ioctl: 9 33 140735427389376
[2026-09-09 02:56:27][warning][415421] Calling original ioctl: 8 3224389163 140735427399344
[2026-09-09 02:56:27][warning][415421] Calling original ioctl: 9 73 140735427398528
[2026-09-09 02:56:27][warning][415421] Calling original ioctl: 9 33 140735427389296
[2026-09-09 02:56:27][warning][415421] Calling original ioctl: 8 3224389163 140735427399344
[2026-09-09 02:56:27][warning][415421] Calling original ioctl: 9 73 140735427398528
[2026-09-09 02:56:27][warning][415421] Calling original ioctl: 9 33 140735427389296
[2026-09-09 02:56:27][warning][415421] Calling original ioctl: 12 3224913447 140735427401680
[2026-09-09 02:56:27][warning][415421] Calling original ioctl: 9 73 140735427400880
[2026-09-09 02:56:27][warning][415421] Calling original ioctl: 9 33 140735427391648
[2026-09-09 02:56:27][warning][415421] Calling original ioctl: 8 3224389163 140735427404288
[2026-09-09 02:56:27][warning][415421] Calling original ioctl: 8 3224389163 140735427401184
[2026-09-09 02:56:27][warning][415421] Calling original ioctl: 8 3223340586 140735427396768
[2026-09-09 02:56:27][warning][415421] Calling original ioctl: 8 3224913486 140735427401312
[2026-09-09 02:56:27][warning][415421] Calling original ioctl: 9 73 140735427400368
[2026-09-09 02:56:27][warning][415421] Calling original ioctl: 9 33 140735427391136
[2026-09-09 02:56:27][warning][415421] Calling original ioctl: 8 3224389163 140735427401504
[2026-09-09 02:56:27][warning][415421] Calling original ioctl: 9 73 140735427400688
[2026-09-09 02:56:27][warning][415421] Calling original ioctl: 9 33 140735427391456
[2026-09-09 02:56:27][warning][415421] Calling original ioctl: 8 3224389163 140735427401504
[2026-09-09 02:56:27][warning][415421] Calling original ioctl: 9 73 140735427400688
[2026-09-09 02:56:27][warning][415421] Calling original ioctl: 9 33 140735427391456
[2026-09-09 02:56:27][warning][415421] Calling original ioctl: 24 3221505737 140735427403952
[2026-09-09 02:56:27][warning][415421] Calling original ioctl: 24 3222292174 140735427403936
[2026-09-09 02:56:27][warning][415421] Calling original ioctl: 24 3224389163 140735427403920
[2026-09-09 02:56:27][warning][415421] Calling original ioctl: 26 3221505737 140735427403952
[2026-09-09 02:56:27][warning][415421] Calling original ioctl: 26 3222292174 140735427403936
[2026-09-09 02:56:27][warning][415421] Calling original ioctl: 26 3224389163 140735427403920
[2026-09-09 02:56:27][warning][415421] Calling original ioctl: 28 3221505737 140735427403952
[2026-09-09 02:56:27][warning][415421] Calling original ioctl: 28 3222292174 140735427403936
[2026-09-09 02:56:27][warning][415421] Calling original ioctl: 28 3224389163 140735427403920
[2026-09-09 02:56:27][warning][415421] Calling original ioctl: 30 3221505737 140735427403952
[2026-09-09 02:56:27][warning][415421] Calling original ioctl: 30 3222292174 140735427403936
[2026-09-09 02:56:27][warning][415421] Calling original ioctl: 30 3224389163 140735427403920
[2026-09-09 02:56:27][warning][415421] Calling original ioctl: 8 3223340586 140735427399664
[2026-09-09 02:56:27][warning][415421] Calling original ioctl: 8 3223340586 140735427399840
[2026-09-09 02:56:27][warning][415421] Calling original ioctl: 8 3223340586 140735427400000
[2026-09-09 02:56:27][warning][415421] Calling original ioctl: 8 3224389163 140735427401472
[2026-09-09 02:56:27][warning][415421] Calling original ioctl: 9 73 140735427400656
[2026-09-09 02:56:27][warning][415421] Calling original ioctl: 9 33 140735427391424
[2026-09-09 02:56:27][warning][415421] Calling original ioctl: 8 3223340586 140735427400000
libbpf: loading object 'full_record_device_buffer_bpf' from buffer
libbpf: elf: section(2) .symtab, size 240, link 1, flags 0, type=2
libbpf: elf: section(3) kretprobe/_Z9rope_normILb1ELb0Ef6__halfEvPKT1_PT2_iiiiiPKifff14rope_corr_dimsfPKfPKli, size 1200, link 0, flags 6, type=1
libbpf: sec 'kretprobe/_Z9rope_normILb1ELb0Ef6__halfEvPKT1_PT2_iiiiiPKifff14rope_corr_dimsfPKfPKli': found program 'cuda__retprobe' at insn offset 0 (0 bytes), code size 150 insns (1200 bytes)
libbpf: elf: section(4) .maps, size 32, link 0, flags 3, type=1
libbpf: elf: section(5) license, size 4, link 0, flags 3, type=1
libbpf: license of full_record_device_buffer_bpf is GPL
libbpf: elf: section(6) .relkretprobe/_Z9rope_normILb1ELb0Ef6__halfEvPKT1_PT2_iiiiiPKifff14rope_corr_dimsfPKfPKli, size 32, link 2, flags 40, type=9
libbpf: elf: section(7) .BTF, size 2912, link 0, flags 0, type=1
libbpf: elf: section(8) .BTF.ext, size 1264, link 0, flags 0, type=1
libbpf: looking for externs among 10 symbols...
libbpf: collected 0 externs total
libbpf: map 'arena': at sec_idx 4, offset 0.
libbpf: map 'arena': found type = 1503.
libbpf: map 'arena': found key [8], sz = 4.
libbpf: map 'arena': found value [12], sz = 335675408.
libbpf: map 'arena': found max_entries = 32.
libbpf: sec '.relkretprobe/_Z9rope_normILb1ELb0Ef6__halfEvPKT1_PT2_iiiiiPKifff14rope_corr_dimsfPKfPKli': collecting relocation for section(3) 'kretprobe/_Z9rope_normILb1ELb0Ef6__halfEvPKT1_PT2_iiiiiPKifff14rope_corr_dimsfPKfPKli'
libbpf: sec '.relkretprobe/_Z9rope_normILb1ELb0Ef6__halfEvPKT1_PT2_iiiiiPKifff14rope_corr_dimsfPKfPKli': relo #0: insn #71 against 'arena'
libbpf: prog 'cuda__retprobe': found map 0 (arena, sec 4, off 0) for insn #71
libbpf: sec '.relkretprobe/_Z9rope_normILb1ELb0Ef6__halfEvPKT1_PT2_iiiiiPKifff14rope_corr_dimsfPKfPKli': relo #1: insn #84 against 'arena'
libbpf: prog 'cuda__retprobe': found map 0 (arena, sec 4, off 0) for insn #84
libbpf: object 'full_record_dev': failed (-EACCES) to open BPF FS mount at '/sys/fs/bpf', skipping optional step...
libbpf: Kernel doesn't support BTF, skipping uploading it.
libbpf: map 'arena': created successfully, fd=34
Full-record bank count: 32
Full-record slots per bank: 16384
Full-record total slots: 524288
Full-record records per slot: 256
Full-record record bytes: 80
Full-record layout: 32-slot grouped SoA (AoSoA)
Full-record value bytes (per bank): 335675408
Full-record probe attached; waiting for SIGINT
[2026-09-09 02:56:43][warning][415518] Calling original ioctl: 8 3223340586 137366380451440
[2026-09-09 02:57:28][warning][415421] Calling original ioctl: 8 3223340586 140735427394832
Full-record drain bytes: 10741613056
Full-record drain time ns: 1501484576
Full-record committed records: 23068672
Full-record active slots: 524288
Full-record overflow records: 0
Full-record out-of-range threads: 0
Full-record nonzero timestamps: 23068672
[2026-09-09 02:57:29][warning][415421] Calling original ioctl: 9 34 140735427404784
[2026-09-09 02:57:29][warning][415421] Calling original ioctl: 8 3222292009 140735427404944
[2026-09-09 02:57:29][warning][415421] Calling original ioctl: 9 34 140735427405600
[2026-09-09 02:57:29][warning][415421] Calling original ioctl: 8 3222292009 140735427405760
[2026-09-09 02:57:29][warning][415421] Calling original ioctl: 9 34 140735427405600
[2026-09-09 02:57:29][warning][415421] Calling original ioctl: 8 3222292009 140735427405760
[2026-09-09 02:57:29][warning][415421] Calling original ioctl: 8 3222292009 140735427406480
[2026-09-09 02:57:29][warning][415421] Calling original ioctl: 26 3222292175 140735427406496
[2026-09-09 02:57:29][warning][415421] Calling original ioctl: 8 3222292009 140735427406480
[2026-09-09 02:57:29][warning][415421] Calling original ioctl: 28 3222292175 140735427406496
[2026-09-09 02:57:29][warning][415421] Calling original ioctl: 8 3222292009 140735427406480
[2026-09-09 02:57:29][warning][415421] Calling original ioctl: 24 3222292175 140735427406496
[2026-09-09 02:57:29][warning][415421] Calling original ioctl: 8 3222292009 140735427406480
[2026-09-09 02:57:29][warning][415421] Calling original ioctl: 30 3222292175 140735427406496
[2026-09-09 02:57:29][warning][415421] Calling original ioctl: 9 34 140735427405504
[2026-09-09 02:57:29][warning][415421] Calling original ioctl: 8 3222292009 140735427405664
[2026-09-09 02:57:29][warning][415421] Calling original ioctl: 9 34 140735427405504
[2026-09-09 02:57:29][warning][415421] Calling original ioctl: 8 3222292009 140735427405664
[2026-09-09 02:57:29][warning][415421] Calling original ioctl: 9 34 140735427405632
[2026-09-09 02:57:29][warning][415421] Calling original ioctl: 8 3223340623 140735427405840
[2026-09-09 02:57:29][warning][415421] Calling original ioctl: 8 3222292009 140735427405792
[2026-09-09 02:57:29][warning][415421] Calling original ioctl: 8 3222292009 140735427406560
[2026-09-09 02:57:29][warning][415421] Calling original ioctl: 9 34 140735427405616
[2026-09-09 02:57:29][warning][415421] Calling original ioctl: 8 3222292009 140735427405776
[2026-09-09 02:57:29][warning][415421] Calling original ioctl: 9 34 140735427405616
[2026-09-09 02:57:29][warning][415421] Calling original ioctl: 8 3223340623 140735427405824
[2026-09-09 02:57:29][warning][415421] Calling original ioctl: 8 3222292009 140735427405776
[2026-09-09 02:57:29][warning][415421] Calling original ioctl: 8 3223340586 140735427401488
[2026-09-09 02:57:29][warning][415421] Calling original ioctl: 9 34 140735427405440
[2026-09-09 02:57:29][warning][415421] Calling original ioctl: 8 3222292009 140735427405600
[2026-09-09 02:57:29][warning][415421] Calling original ioctl: 8 3223340586 140735427401488
[2026-09-09 02:57:29][warning][415421] Calling original ioctl: 9 34 140735427405440
[2026-09-09 02:57:29][warning][415421] Calling original ioctl: 8 3222292009 140735427405600
[2026-09-09 02:57:29][warning][415421] Calling original ioctl: 8 3223340586 140735427401488
[2026-09-09 02:57:29][warning][415421] Calling original ioctl: 9 34 140735427405440
[2026-09-09 02:57:29][warning][415421] Calling original ioctl: 8 3222292009 140735427405600
[2026-09-09 02:57:29][warning][415421] Calling original ioctl: 8 3223340586 140735427402384
[2026-09-09 02:57:29][warning][415421] Calling original ioctl: 9 34 140735427405664
[2026-09-09 02:57:29][warning][415421] Calling original ioctl: 9 34 140735427405664
[2026-09-09 02:57:29][warning][415421] Calling original ioctl: 8 3222292009 140735427405824
[2026-09-09 02:57:29][warning][415421] Calling original ioctl: 9 34 140735427405664
[2026-09-09 02:57:29][warning][415421] Calling original ioctl: 8 3222292009 140735427405824
[2026-09-09 02:57:29][warning][415421] Calling original ioctl: 9 34 140735427405616
[2026-09-09 02:57:29][warning][415421] Calling original ioctl: 8 3223340623 140735427405824
[2026-09-09 02:57:29][warning][415421] Calling original ioctl: 8 3222292009 140735427405776
[2026-09-09 02:57:29][warning][415421] Calling original ioctl: 9 24 140735427406656
[2026-09-09 02:57:29][warning][415421] Calling original ioctl: 9 24 140735427406656
[2026-09-09 02:57:29][warning][415421] Calling original ioctl: 9 24 140735427406688
[2026-09-09 02:57:29][warning][415421] Calling original ioctl: 9 24 140735427406656
[2026-09-09 02:57:29][warning][415421] Calling original ioctl: 9 24 140735427406656
[2026-09-09 02:57:29][warning][415421] Calling original ioctl: 9 24 140735427406656
[2026-09-09 02:57:29][warning][415421] Calling original ioctl: 9 24 140735427406656
[2026-09-09 02:57:29][warning][415421] Calling original ioctl: 9 34 140735427405552
[2026-09-09 02:57:29][warning][415421] Calling original ioctl: 8 3222292009 140735427405712
[2026-09-09 02:57:29][warning][415421] Calling original ioctl: 9 34 140735427405552
[2026-09-09 02:57:29][warning][415421] Calling original ioctl: 8 3222292009 140735427405712
[2026-09-09 02:57:29][warning][415421] Calling original ioctl: 9 34 140735427405664
[2026-09-09 02:57:29][warning][415421] Calling original ioctl: 8 3222292009 140735427405824
[2026-09-09 02:57:29][warning][415421] Calling original ioctl: 8 3222292009 140735427406400
[2026-09-09 02:57:29][warning][415421] Calling original ioctl: 17 3222292175 140735427406416
[2026-09-09 02:57:29][warning][415421] Calling original ioctl: 9 28 140735427406528
[2026-09-09 02:57:29][warning][415421] Calling original ioctl: 9 28 140735427406528
[2026-09-09 02:57:29][warning][415421] Calling original ioctl: 9 28 140735427406528
[2026-09-09 02:57:29][warning][415421] Calling original ioctl: 9 28 140735427406528
[2026-09-09 02:57:29][warning][415421] Calling original ioctl: 9 28 140735427406528
[2026-09-09 02:57:29][warning][415421] Calling original ioctl: 9 28 140735427406528
[2026-09-09 02:57:29][warning][415421] Calling original ioctl: 9 28 140735427406528
[2026-09-09 02:57:29][warning][415421] Calling original ioctl: 9 28 140735427406528
[2026-09-09 02:57:29][warning][415421] Calling original ioctl: 8 3222292009 140735427406288
[2026-09-09 02:57:29][warning][415421] Calling original ioctl: 8 3222292009 140735427406288
[2026-09-09 02:57:29][warning][415421] Calling original ioctl: 8 3222292009 140735427406336
[2026-09-09 02:57:29][warning][415421] Calling original ioctl: 8 3223340623 140735427405600
[2026-09-09 02:57:29][warning][415421] Calling original ioctl: 8 3222292009 140735427405552
[2026-09-09 02:57:29][warning][415421] Calling original ioctl: 8 3222292009 140735427406288
[2026-09-09 02:57:29][warning][415421] Calling original ioctl: 8 3222292009 140735427406336
[2026-09-09 02:57:29][warning][415421] Calling original ioctl: 8 3223340623 140735427405600
[2026-09-09 02:57:29][warning][415421] Calling original ioctl: 8 3222292009 140735427405552
[2026-09-09 02:57:29][warning][415421] Calling original ioctl: 8 3222292009 140735427406288
[2026-09-09 02:57:29][warning][415421] Calling original ioctl: 8 3222292009 140735427406288
[2026-09-09 02:57:29][warning][415421] Calling original ioctl: 8 3222292009 140735427406336
[2026-09-09 02:57:29][warning][415421] Calling original ioctl: 8 3223340623 140735427405600
[2026-09-09 02:57:29][warning][415421] Calling original ioctl: 8 3222292009 140735427405552
[2026-09-09 02:57:29][warning][415421] Calling original ioctl: 8 3222292009 140735427406288
[2026-09-09 02:57:29][warning][415421] Calling original ioctl: 8 3222292009 140735427406336
[2026-09-09 02:57:29][warning][415421] Calling original ioctl: 8 3223340623 140735427405600
[2026-09-09 02:57:29][warning][415421] Calling original ioctl: 8 3222292009 140735427405552
[2026-09-09 02:57:29][warning][415421] Calling original ioctl: 8 3222292009 140735427406288
[2026-09-09 02:57:29][warning][415421] Calling original ioctl: 8 3222292009 140735427406288
[2026-09-09 02:57:29][warning][415421] Calling original ioctl: 8 3222292009 140735427406336
[2026-09-09 02:57:29][warning][415421] Calling original ioctl: 8 3223340623 140735427405600
[2026-09-09 02:57:29][warning][415421] Calling original ioctl: 8 3222292009 140735427405552
[2026-09-09 02:57:29][warning][415421] Calling original ioctl: 8 3222292009 140735427406288
[2026-09-09 02:57:29][warning][415421] Calling original ioctl: 8 3222292009 140735427406336
[2026-09-09 02:57:29][warning][415421] Calling original ioctl: 8 3223340623 140735427405600
[2026-09-09 02:57:29][warning][415421] Calling original ioctl: 8 3222292009 140735427405552
[2026-09-09 02:57:29][warning][415421] Calling original ioctl: 8 3222292009 140735427406288
[2026-09-09 02:57:29][warning][415421] Calling original ioctl: 8 3222292009 140735427406288
[2026-09-09 02:57:29][warning][415421] Calling original ioctl: 8 3222292009 140735427406336
[2026-09-09 02:57:29][warning][415421] Calling original ioctl: 8 3223340623 140735427405600
[2026-09-09 02:57:29][warning][415421] Calling original ioctl: 8 3222292009 140735427405552
[2026-09-09 02:57:29][warning][415421] Calling original ioctl: 8 3222292009 140735427406288
[2026-09-09 02:57:29][warning][415421] Calling original ioctl: 8 3222292009 140735427406336
[2026-09-09 02:57:29][warning][415421] Calling original ioctl: 8 3223340623 140735427405600
[2026-09-09 02:57:29][warning][415421] Calling original ioctl: 8 3222292009 140735427405552
[2026-09-09 02:57:29][warning][415421] Calling original ioctl: 8 3222292009 140735427406464
[2026-09-09 02:57:29][warning][415421] Calling original ioctl: 8 3222292009 140735427406432
[2026-09-09 02:57:29][warning][415421] Calling original ioctl: 8 3222292009 140735427406400
[2026-09-09 02:57:29][warning][415421] Calling original ioctl: 19 3222292175 140735427406416
[2026-09-09 02:57:29][warning][415421] Calling original ioctl: 9 28 140735427406528
[2026-09-09 02:57:29][warning][415421] Calling original ioctl: 9 28 140735427406528
[2026-09-09 02:57:29][warning][415421] Calling original ioctl: 9 28 140735427406528
[2026-09-09 02:57:29][warning][415421] Calling original ioctl: 9 28 140735427406528
[2026-09-09 02:57:29][warning][415421] Calling original ioctl: 8 3222292009 140735427406288
[2026-09-09 02:57:29][warning][415421] Calling original ioctl: 8 3222292009 140735427406336
[2026-09-09 02:57:29][warning][415421] Calling original ioctl: 8 3223340623 140735427405600
[2026-09-09 02:57:29][warning][415421] Calling original ioctl: 8 3222292009 140735427405552
[2026-09-09 02:57:29][warning][415421] Calling original ioctl: 8 3222292009 140735427406288
[2026-09-09 02:57:29][warning][415421] Calling original ioctl: 8 3222292009 140735427406336
[2026-09-09 02:57:29][warning][415421] Calling original ioctl: 8 3223340623 140735427405600
[2026-09-09 02:57:29][warning][415421] Calling original ioctl: 8 3222292009 140735427405552
[2026-09-09 02:57:29][warning][415421] Calling original ioctl: 8 3222292009 140735427406288
[2026-09-09 02:57:29][warning][415421] Calling original ioctl: 8 3222292009 140735427406336
[2026-09-09 02:57:29][warning][415421] Calling original ioctl: 8 3223340623 140735427405600
[2026-09-09 02:57:29][warning][415421] Calling original ioctl: 8 3222292009 140735427405552
[2026-09-09 02:57:29][warning][415421] Calling original ioctl: 8 3222292009 140735427406288
[2026-09-09 02:57:29][warning][415421] Calling original ioctl: 8 3222292009 140735427406336
[2026-09-09 02:57:29][warning][415421] Calling original ioctl: 8 3223340623 140735427405600
[2026-09-09 02:57:29][warning][415421] Calling original ioctl: 8 3222292009 140735427405552
[2026-09-09 02:57:29][warning][415421] Calling original ioctl: 8 3222292009 140735427406432
[2026-09-09 02:57:29][warning][415421] Calling original ioctl: 8 3222292009 140735427406400
[2026-09-09 02:57:29][warning][415421] Calling original ioctl: 21 3222292175 140735427406416
[2026-09-09 02:57:29][warning][415421] Calling original ioctl: 9 28 140735427406528
[2026-09-09 02:57:29][warning][415421] Calling original ioctl: 9 28 140735427406528
[2026-09-09 02:57:29][warning][415421] Calling original ioctl: 9 28 140735427406528
[2026-09-09 02:57:29][warning][415421] Calling original ioctl: 9 28 140735427406528
[2026-09-09 02:57:29][warning][415421] Calling original ioctl: 8 3222292009 140735427406288
[2026-09-09 02:57:29][warning][415421] Calling original ioctl: 8 3222292009 140735427406336
[2026-09-09 02:57:29][warning][415421] Calling original ioctl: 8 3223340623 140735427405600
[2026-09-09 02:57:29][warning][415421] Calling original ioctl: 8 3222292009 140735427405552
[2026-09-09 02:57:29][warning][415421] Calling original ioctl: 8 3222292009 140735427406288
[2026-09-09 02:57:29][warning][415421] Calling original ioctl: 8 3222292009 140735427406336
[2026-09-09 02:57:29][warning][415421] Calling original ioctl: 8 3223340623 140735427405600
[2026-09-09 02:57:29][warning][415421] Calling original ioctl: 8 3222292009 140735427405552
[2026-09-09 02:57:29][warning][415421] Calling original ioctl: 8 3222292009 140735427406288
[2026-09-09 02:57:29][warning][415421] Calling original ioctl: 8 3222292009 140735427406336
[2026-09-09 02:57:29][warning][415421] Calling original ioctl: 8 3223340623 140735427405600
[2026-09-09 02:57:29][warning][415421] Calling original ioctl: 8 3222292009 140735427405552
[2026-09-09 02:57:29][warning][415421] Calling original ioctl: 8 3222292009 140735427406288
[2026-09-09 02:57:29][warning][415421] Calling original ioctl: 8 3222292009 140735427406336
[2026-09-09 02:57:29][warning][415421] Calling original ioctl: 8 3223340623 140735427405600
[2026-09-09 02:57:29][warning][415421] Calling original ioctl: 8 3222292009 140735427405552
[2026-09-09 02:57:29][warning][415421] Calling original ioctl: 9 34 140735427405360
[2026-09-09 02:57:29][warning][415421] Calling original ioctl: 8 3223340623 140735427405568
[2026-09-09 02:57:29][warning][415421] Calling original ioctl: 8 3222292009 140735427405520
[2026-09-09 02:57:29][warning][415421] Calling original ioctl: 9 34 140735427405360
[2026-09-09 02:57:29][warning][415421] Calling original ioctl: 8 3223340623 140735427405568
[2026-09-09 02:57:29][warning][415421] Calling original ioctl: 8 3222292009 140735427405520
[2026-09-09 02:57:29][warning][415421] Calling original ioctl: 8 3222292009 140735427406432
[2026-09-09 02:57:29][warning][415421] Calling original ioctl: 9 34 140735427405664
[2026-09-09 02:57:29][warning][415421] Calling original ioctl: 8 3222292009 140735427405824
[2026-09-09 02:57:29][warning][415421] Calling original ioctl: 9 34 140735427405568
[2026-09-09 02:57:29][warning][415421] Calling original ioctl: 8 3222292009 140735427405728
[2026-09-09 02:57:29][warning][415421] Calling original ioctl: 9 34 140735427405664
[2026-09-09 02:57:29][warning][415421] Calling original ioctl: 8 3222292009 140735427405824
[2026-09-09 02:57:29][warning][415421] Calling original ioctl: 9 34 140735427405616
[2026-09-09 02:57:29][warning][415421] Calling original ioctl: 8 3222292009 140735427405776
[2026-09-09 02:57:29][warning][415421] Calling original ioctl: 9 34 140735427405600
[2026-09-09 02:57:29][warning][415421] Calling original ioctl: 8 3223340623 140735427405808
[2026-09-09 02:57:29][warning][415421] Calling original ioctl: 8 3222292009 140735427405760
[2026-09-09 02:57:29][warning][415421] Calling original ioctl: 9 34 140735427405600
[2026-09-09 02:57:29][warning][415421] Calling original ioctl: 8 3223340623 140735427405808
[2026-09-09 02:57:29][warning][415421] Calling original ioctl: 8 3222292009 140735427405760
[2026-09-09 02:57:29][warning][415421] Calling original ioctl: 9 34 140735427405616
[2026-09-09 02:57:29][warning][415421] Calling original ioctl: 8 3222292009 140735427405776
[2026-09-09 02:57:29][warning][415421] Calling original ioctl: 9 34 140735427405616
[2026-09-09 02:57:29][warning][415421] Calling original ioctl: 8 3222292009 140735427405776
[2026-09-09 02:57:29][warning][415421] Calling original ioctl: 9 34 140735427405776
[2026-09-09 02:57:29][warning][415421] Calling original ioctl: 8 3223340586 140735427402368
