[2026-09-07 18:48:40][warning][1998474] Calling original ioctl: 8 3223340586 140729478991088
[2026-09-07 18:48:40][warning][1998474] Calling original ioctl: 8 3223340586 140729478991104
[2026-09-07 18:48:40][warning][1998474] Calling original ioctl: 8 3223340586 140729478991152
[2026-09-07 18:48:40][warning][1998474] Calling original ioctl: 9 25 140729478995472
[2026-09-07 18:48:40][warning][1998474] Calling original ioctl: 8 3224389163 140729478992736
[2026-09-07 18:48:40][warning][1998474] Calling original ioctl: 9 73 140729478991920
[2026-09-07 18:48:40][warning][1998474] Calling original ioctl: 9 33 140729478982688
[2026-09-07 18:48:40][warning][1998474] Calling original ioctl: 8 3224389163 140729478992416
[2026-09-07 18:48:40][warning][1998474] Calling original ioctl: 9 73 140729478991600
[2026-09-07 18:48:40][warning][1998474] Calling original ioctl: 9 33 140729478982368
[2026-09-07 18:48:40][warning][1998474] Calling original ioctl: 8 3224389163 140729478992416
[2026-09-07 18:48:40][warning][1998474] Calling original ioctl: 9 73 140729478991600
[2026-09-07 18:48:40][warning][1998474] Calling original ioctl: 9 33 140729478982368
[2026-09-07 18:48:40][warning][1998474] Calling original ioctl: 8 3224389163 140729478992912
[2026-09-07 18:48:40][warning][1998474] Calling original ioctl: 9 73 140729478992096
[2026-09-07 18:48:40][warning][1998474] Calling original ioctl: 9 33 140729478982864
[2026-09-07 18:48:40][warning][1998474] Calling original ioctl: 8 3224389163 140729478994592
[2026-09-07 18:48:40][warning][1998474] Calling original ioctl: 8 3224389163 140729478994576
[2026-09-07 18:48:40][warning][1998474] Calling original ioctl: 8 3224389163 140729478990816
[2026-09-07 18:48:40][warning][1998474] Calling original ioctl: 8 3223340586 140729478986400
[2026-09-07 18:48:40][warning][1998474] Calling original ioctl: 8 3224913486 140729478990944
[2026-09-07 18:48:40][warning][1998474] Calling original ioctl: 8 3223864926 140729478990896
[2026-09-07 18:48:40][warning][1998474] Calling original ioctl: 9 73 140729478990000
[2026-09-07 18:48:40][warning][1998474] Calling original ioctl: 9 33 140729478980768
[2026-09-07 18:48:40][warning][1998474] Calling original ioctl: 8 3224389163 140729478990352
[2026-09-07 18:48:40][warning][1998474] Calling original ioctl: 8 3223340586 140729478985936
[2026-09-07 18:48:40][warning][1998474] Calling original ioctl: 8 3224913486 140729478990480
[2026-09-07 18:48:40][warning][1998474] Calling original ioctl: 9 73 140729478989536
[2026-09-07 18:48:40][warning][1998474] Calling original ioctl: 9 33 140729478980304
[2026-09-07 18:48:40][warning][1998474] Calling original ioctl: 8 3224389163 140729478991200
[2026-09-07 18:48:40][warning][1998474] Calling original ioctl: 8 3223340586 140729478986784
[2026-09-07 18:48:40][warning][1998474] Calling original ioctl: 8 3224913486 140729478991328
[2026-09-07 18:48:40][warning][1998474] Calling original ioctl: 8 3224389163 140729478993056
[2026-09-07 18:48:40][warning][1998474] Calling original ioctl: 8 3223340586 140729478989088
[2026-09-07 18:48:40][warning][1998474] Calling original ioctl: 8 3224389163 140729478993344
[2026-09-07 18:48:40][warning][1998474] Calling original ioctl: 8 3223340586 140729478989024
[2026-09-07 18:48:40][warning][1998474] Calling original ioctl: 8 3224389163 140729478993344
[2026-09-07 18:48:40][warning][1998474] Calling original ioctl: 8 3223340586 140729478989024
[2026-09-07 18:48:40][warning][1998474] Calling original ioctl: 8 3223340586 140729478989104
[2026-09-07 18:48:40][warning][1998474] Calling original ioctl: 8 3223340586 140729478989104
[2026-09-07 18:48:40][warning][1998474] Calling original ioctl: 8 3224389163 140729478992000
[2026-09-07 18:48:40][warning][1998474] Calling original ioctl: 8 3223340586 140729478987584
[2026-09-07 18:48:40][warning][1998474] Calling original ioctl: 8 3224913486 140729478992128
[2026-09-07 18:48:40][warning][1998474] Calling original ioctl: 9 73 140729478991184
[2026-09-07 18:48:40][warning][1998474] Calling original ioctl: 9 33 140729478981952
[2026-09-07 18:48:40][warning][1998474] Calling original ioctl: 8 3224389163 140729478991200
[2026-09-07 18:48:40][warning][1998474] Calling original ioctl: 8 3223340586 140729478986784
[2026-09-07 18:48:40][warning][1998474] Calling original ioctl: 8 3224913486 140729478991328
[2026-09-07 18:48:40][warning][1998474] Calling original ioctl: 8 3224389163 140729478993056
[2026-09-07 18:48:40][warning][1998474] Calling original ioctl: 8 3223340586 140729478989088
[2026-09-07 18:48:40][warning][1998474] Calling original ioctl: 8 3224389163 140729478993344
[2026-09-07 18:48:40][warning][1998474] Calling original ioctl: 8 3223340586 140729478989024
[2026-09-07 18:48:40][warning][1998474] Calling original ioctl: 8 3223340586 140729478989104
[2026-09-07 18:48:40][warning][1998474] Calling original ioctl: 8 3223340586 140729478989104
[2026-09-07 18:48:40][warning][1998474] Calling original ioctl: 8 3224389163 140729478991200
[2026-09-07 18:48:40][warning][1998474] Calling original ioctl: 8 3223340586 140729478986784
[2026-09-07 18:48:40][warning][1998474] Calling original ioctl: 8 3224913486 140729478991328
[2026-09-07 18:48:40][warning][1998474] Calling original ioctl: 8 3224389163 140729478993056
[2026-09-07 18:48:40][warning][1998474] Calling original ioctl: 8 3223340586 140729478989088
[2026-09-07 18:48:40][warning][1998474] Calling original ioctl: 8 3224389163 140729478993344
[2026-09-07 18:48:40][warning][1998474] Calling original ioctl: 8 3223340586 140729478989024
[2026-09-07 18:48:40][warning][1998474] Calling original ioctl: 8 3224389163 140729478993344
[2026-09-07 18:48:40][warning][1998474] Calling original ioctl: 8 3223340586 140729478989024
[2026-09-07 18:48:40][warning][1998474] Calling original ioctl: 8 3223340586 140729478989104
[2026-09-07 18:48:40][warning][1998474] Calling original ioctl: 8 3223340586 140729478989104
[2026-09-07 18:48:40][warning][1998474] Calling original ioctl: 8 3224389163 140729478991200
[2026-09-07 18:48:40][warning][1998474] Calling original ioctl: 8 3223340586 140729478986784
[2026-09-07 18:48:40][warning][1998474] Calling original ioctl: 8 3224913486 140729478991328
[2026-09-07 18:48:40][warning][1998474] Calling original ioctl: 8 3224389163 140729478993056
[2026-09-07 18:48:40][warning][1998474] Calling original ioctl: 8 3223340586 140729478989088
[2026-09-07 18:48:40][warning][1998474] Calling original ioctl: 8 3224389163 140729478993344
[2026-09-07 18:48:40][warning][1998474] Calling original ioctl: 8 3223340586 140729478989024
[2026-09-07 18:48:40][warning][1998474] Calling original ioctl: 8 3223340586 140729478989104
[2026-09-07 18:48:40][warning][1998474] Calling original ioctl: 8 3223340586 140729478989104
[2026-09-07 18:48:40][warning][1998474] Calling original ioctl: 8 3224389163 140729478991200
[2026-09-07 18:48:40][warning][1998474] Calling original ioctl: 8 3223340586 140729478986784
[2026-09-07 18:48:40][warning][1998474] Calling original ioctl: 8 3224913486 140729478991328
[2026-09-07 18:48:40][warning][1998474] Calling original ioctl: 8 3224389163 140729478993056
[2026-09-07 18:48:40][warning][1998474] Calling original ioctl: 8 3223340586 140729478989088
[2026-09-07 18:48:40][warning][1998474] Calling original ioctl: 8 3224389163 140729478993344
[2026-09-07 18:48:40][warning][1998474] Calling original ioctl: 8 3223340586 140729478989024
[2026-09-07 18:48:40][warning][1998474] Calling original ioctl: 8 3224389163 140729478993344
[2026-09-07 18:48:40][warning][1998474] Calling original ioctl: 8 3223340586 140729478989024
[2026-09-07 18:48:40][warning][1998474] Calling original ioctl: 8 3223340586 140729478989104
[2026-09-07 18:48:40][warning][1998474] Calling original ioctl: 8 3223340586 140729478989104
[2026-09-07 18:48:40][warning][1998474] Calling original ioctl: 8 3224389163 140729478991200
[2026-09-07 18:48:40][warning][1998474] Calling original ioctl: 8 3223340586 140729478986784
[2026-09-07 18:48:40][warning][1998474] Calling original ioctl: 8 3224913486 140729478991328
[2026-09-07 18:48:40][warning][1998474] Calling original ioctl: 8 3224389163 140729478993056
[2026-09-07 18:48:40][warning][1998474] Calling original ioctl: 8 3223340586 140729478989088
[2026-09-07 18:48:40][warning][1998474] Calling original ioctl: 8 3224389163 140729478993344
[2026-09-07 18:48:40][warning][1998474] Calling original ioctl: 8 3223340586 140729478989024
[2026-09-07 18:48:40][warning][1998474] Calling original ioctl: 8 3223340586 140729478989104
[2026-09-07 18:48:40][warning][1998474] Calling original ioctl: 8 3223340586 140729478989104
[2026-09-07 18:48:40][warning][1998474] Calling original ioctl: 8 3224389163 140729478991200
[2026-09-07 18:48:40][warning][1998474] Calling original ioctl: 8 3223340586 140729478986784
[2026-09-07 18:48:40][warning][1998474] Calling original ioctl: 8 3224913486 140729478991328
[2026-09-07 18:48:40][warning][1998474] Calling original ioctl: 8 3224389163 140729478993056
[2026-09-07 18:48:40][warning][1998474] Calling original ioctl: 8 3223340586 140729478989088
[2026-09-07 18:48:40][warning][1998474] Calling original ioctl: 8 3224389163 140729478993344
[2026-09-07 18:48:40][warning][1998474] Calling original ioctl: 8 3223340586 140729478989024
[2026-09-07 18:48:40][warning][1998474] Calling original ioctl: 8 3224389163 140729478993344
[2026-09-07 18:48:40][warning][1998474] Calling original ioctl: 8 3223340586 140729478989024
[2026-09-07 18:48:40][warning][1998474] Calling original ioctl: 8 3223340586 140729478989104
[2026-09-07 18:48:40][warning][1998474] Calling original ioctl: 8 3223340586 140729478989104
[2026-09-07 18:48:40][warning][1998474] Calling original ioctl: 8 3224389163 140729478991200
[2026-09-07 18:48:40][warning][1998474] Calling original ioctl: 8 3223340586 140729478986784
[2026-09-07 18:48:40][warning][1998474] Calling original ioctl: 8 3224913486 140729478991328
[2026-09-07 18:48:40][warning][1998474] Calling original ioctl: 8 3224389163 140729478993056
[2026-09-07 18:48:40][warning][1998474] Calling original ioctl: 8 3223340586 140729478989088
[2026-09-07 18:48:40][warning][1998474] Calling original ioctl: 8 3224389163 140729478993344
[2026-09-07 18:48:40][warning][1998474] Calling original ioctl: 8 3223340586 140729478989024
[2026-09-07 18:48:40][warning][1998474] Calling original ioctl: 8 3223340586 140729478989104
[2026-09-07 18:48:40][warning][1998474] Calling original ioctl: 8 3223340586 140729478989104
[2026-09-07 18:48:40][warning][1998474] Calling original ioctl: 9 27 140729478995024
[2026-09-07 18:48:40][warning][1998474] Calling original ioctl: 9 27 140729478995024
[2026-09-07 18:48:40][warning][1998474] Calling original ioctl: 9 27 140729478995024
[2026-09-07 18:48:40][warning][1998474] Calling original ioctl: 9 27 140729478995024
[2026-09-07 18:48:40][warning][1998474] Calling original ioctl: 9 27 140729478995024
[2026-09-07 18:48:40][warning][1998474] Calling original ioctl: 9 27 140729478995024
[2026-09-07 18:48:40][warning][1998474] Calling original ioctl: 9 27 140729478995024
[2026-09-07 18:48:40][warning][1998474] Calling original ioctl: 9 27 140729478995024
[2026-09-07 18:48:40][warning][1998474] Calling original ioctl: 8 3223340586 140729478990688
[2026-09-07 18:48:40][warning][1998474] Calling original ioctl: 17 3221505737 140729478994784
[2026-09-07 18:48:40][warning][1998474] Calling original ioctl: 17 3222292174 140729478994768
[2026-09-07 18:48:40][warning][1998474] Calling original ioctl: 17 3224389163 140729478994752
[2026-09-07 18:48:40][warning][1998474] Calling original ioctl: 8 3224389163 140729478994592
[2026-09-07 18:48:40][warning][1998474] Calling original ioctl: 8 3224389163 140729478991200
[2026-09-07 18:48:40][warning][1998474] Calling original ioctl: 8 3223340586 140729478986784
[2026-09-07 18:48:40][warning][1998474] Calling original ioctl: 8 3224913486 140729478991328
[2026-09-07 18:48:40][warning][1998474] Calling original ioctl: 8 3224389163 140729478993056
[2026-09-07 18:48:40][warning][1998474] Calling original ioctl: 8 3223340586 140729478989088
[2026-09-07 18:48:40][warning][1998474] Calling original ioctl: 8 3224389163 140729478993344
[2026-09-07 18:48:40][warning][1998474] Calling original ioctl: 8 3223340586 140729478989024
[2026-09-07 18:48:40][warning][1998474] Calling original ioctl: 8 3223340586 140729478989104
[2026-09-07 18:48:40][warning][1998474] Calling original ioctl: 8 3224389163 140729478991200
[2026-09-07 18:48:40][warning][1998474] Calling original ioctl: 8 3223340586 140729478986784
[2026-09-07 18:48:40][warning][1998474] Calling original ioctl: 8 3224913486 140729478991328
[2026-09-07 18:48:40][warning][1998474] Calling original ioctl: 8 3224389163 140729478993056
[2026-09-07 18:48:40][warning][1998474] Calling original ioctl: 8 3223340586 140729478989088
[2026-09-07 18:48:40][warning][1998474] Calling original ioctl: 8 3224389163 140729478993344
[2026-09-07 18:48:40][warning][1998474] Calling original ioctl: 8 3223340586 140729478989024
[2026-09-07 18:48:40][warning][1998474] Calling original ioctl: 8 3223340586 140729478989104
[2026-09-07 18:48:40][warning][1998474] Calling original ioctl: 8 3224389163 140729478991200
[2026-09-07 18:48:40][warning][1998474] Calling original ioctl: 8 3223340586 140729478986784
[2026-09-07 18:48:40][warning][1998474] Calling original ioctl: 8 3224913486 140729478991328
[2026-09-07 18:48:40][warning][1998474] Calling original ioctl: 8 3224389163 140729478993056
[2026-09-07 18:48:40][warning][1998474] Calling original ioctl: 8 3223340586 140729478989088
[2026-09-07 18:48:40][warning][1998474] Calling original ioctl: 8 3224389163 140729478993344
[2026-09-07 18:48:40][warning][1998474] Calling original ioctl: 8 3223340586 140729478989024
[2026-09-07 18:48:40][warning][1998474] Calling original ioctl: 8 3223340586 140729478989104
[2026-09-07 18:48:40][warning][1998474] Calling original ioctl: 8 3224389163 140729478991200
[2026-09-07 18:48:40][warning][1998474] Calling original ioctl: 8 3223340586 140729478986784
[2026-09-07 18:48:40][warning][1998474] Calling original ioctl: 8 3224913486 140729478991328
[2026-09-07 18:48:40][warning][1998474] Calling original ioctl: 8 3224389163 140729478993056
[2026-09-07 18:48:40][warning][1998474] Calling original ioctl: 8 3223340586 140729478989088
[2026-09-07 18:48:40][warning][1998474] Calling original ioctl: 8 3224389163 140729478993344
[2026-09-07 18:48:40][warning][1998474] Calling original ioctl: 8 3223340586 140729478989024
[2026-09-07 18:48:40][warning][1998474] Calling original ioctl: 8 3223340586 140729478989104
[2026-09-07 18:48:40][warning][1998474] Calling original ioctl: 9 27 140729478995024
[2026-09-07 18:48:40][warning][1998474] Calling original ioctl: 9 27 140729478995024
[2026-09-07 18:48:40][warning][1998474] Calling original ioctl: 9 27 140729478995024
[2026-09-07 18:48:40][warning][1998474] Calling original ioctl: 9 27 140729478995024
[2026-09-07 18:48:40][warning][1998474] Calling original ioctl: 8 3223340586 140729478990688
[2026-09-07 18:48:40][warning][1998474] Calling original ioctl: 19 3221505737 140729478994784
[2026-09-07 18:48:40][warning][1998474] Calling original ioctl: 19 3222292174 140729478994768
[2026-09-07 18:48:40][warning][1998474] Calling original ioctl: 19 3224389163 140729478994752
[2026-09-07 18:48:40][warning][1998474] Calling original ioctl: 8 3224389163 140729478994592
[2026-09-07 18:48:40][warning][1998474] Calling original ioctl: 8 3224389163 140729478991200
[2026-09-07 18:48:40][warning][1998474] Calling original ioctl: 8 3223340586 140729478986784
[2026-09-07 18:48:40][warning][1998474] Calling original ioctl: 8 3224913486 140729478991328
[2026-09-07 18:48:40][warning][1998474] Calling original ioctl: 8 3224389163 140729478993056
[2026-09-07 18:48:40][warning][1998474] Calling original ioctl: 8 3223340586 140729478989088
[2026-09-07 18:48:40][warning][1998474] Calling original ioctl: 8 3224389163 140729478993344
[2026-09-07 18:48:40][warning][1998474] Calling original ioctl: 8 3223340586 140729478989024
[2026-09-07 18:48:40][warning][1998474] Calling original ioctl: 8 3223340586 140729478989104
[2026-09-07 18:48:40][warning][1998474] Calling original ioctl: 8 3224389163 140729478991200
[2026-09-07 18:48:40][warning][1998474] Calling original ioctl: 8 3223340586 140729478986784
[2026-09-07 18:48:40][warning][1998474] Calling original ioctl: 8 3224913486 140729478991328
[2026-09-07 18:48:40][warning][1998474] Calling original ioctl: 8 3224389163 140729478993056
[2026-09-07 18:48:40][warning][1998474] Calling original ioctl: 8 3223340586 140729478989088
[2026-09-07 18:48:40][warning][1998474] Calling original ioctl: 8 3224389163 140729478993344
[2026-09-07 18:48:40][warning][1998474] Calling original ioctl: 8 3223340586 140729478989024
[2026-09-07 18:48:40][warning][1998474] Calling original ioctl: 8 3223340586 140729478989104
[2026-09-07 18:48:40][warning][1998474] Calling original ioctl: 8 3224389163 140729478991200
[2026-09-07 18:48:40][warning][1998474] Calling original ioctl: 8 3223340586 140729478986784
[2026-09-07 18:48:40][warning][1998474] Calling original ioctl: 8 3224913486 140729478991328
[2026-09-07 18:48:40][warning][1998474] Calling original ioctl: 8 3224389163 140729478993056
[2026-09-07 18:48:40][warning][1998474] Calling original ioctl: 8 3223340586 140729478989088
[2026-09-07 18:48:40][warning][1998474] Calling original ioctl: 8 3224389163 140729478993344
[2026-09-07 18:48:40][warning][1998474] Calling original ioctl: 8 3223340586 140729478989024
[2026-09-07 18:48:40][warning][1998474] Calling original ioctl: 8 3223340586 140729478989104
[2026-09-07 18:48:40][warning][1998474] Calling original ioctl: 8 3224389163 140729478991200
[2026-09-07 18:48:40][warning][1998474] Calling original ioctl: 8 3223340586 140729478986784
[2026-09-07 18:48:40][warning][1998474] Calling original ioctl: 8 3224913486 140729478991328
[2026-09-07 18:48:40][warning][1998474] Calling original ioctl: 8 3224389163 140729478993056
[2026-09-07 18:48:40][warning][1998474] Calling original ioctl: 8 3223340586 140729478989088
[2026-09-07 18:48:40][warning][1998474] Calling original ioctl: 8 3224389163 140729478993344
[2026-09-07 18:48:40][warning][1998474] Calling original ioctl: 8 3223340586 140729478989024
[2026-09-07 18:48:40][warning][1998474] Calling original ioctl: 8 3223340586 140729478989104
[2026-09-07 18:48:40][warning][1998474] Calling original ioctl: 9 27 140729478995024
[2026-09-07 18:48:40][warning][1998474] Calling original ioctl: 9 27 140729478995024
[2026-09-07 18:48:40][warning][1998474] Calling original ioctl: 9 27 140729478995024
[2026-09-07 18:48:40][warning][1998474] Calling original ioctl: 9 27 140729478995024
[2026-09-07 18:48:40][warning][1998474] Calling original ioctl: 8 3223340586 140729478990688
[2026-09-07 18:48:40][warning][1998474] Calling original ioctl: 21 3221505737 140729478994784
[2026-09-07 18:48:40][warning][1998474] Calling original ioctl: 21 3222292174 140729478994768
[2026-09-07 18:48:40][warning][1998474] Calling original ioctl: 21 3224389163 140729478994752
[2026-09-07 18:48:40][warning][1998474] Calling original ioctl: 8 3224389163 140729478992224
[2026-09-07 18:48:40][warning][1998474] Calling original ioctl: 8 3223340586 140729478987808
[2026-09-07 18:48:40][warning][1998474] Calling original ioctl: 8 3224913486 140729478992352
[2026-09-07 18:48:40][warning][1998474] Calling original ioctl: 9 73 140729478991408
[2026-09-07 18:48:40][warning][1998474] Calling original ioctl: 9 33 140729478982176
[2026-09-07 18:48:40][warning][1998474] Calling original ioctl: 8 3224389163 140729478992528
[2026-09-07 18:48:40][warning][1998474] Calling original ioctl: 9 73 140729478991712
[2026-09-07 18:48:40][warning][1998474] Calling original ioctl: 9 33 140729478982480
[2026-09-07 18:48:40][warning][1998474] Calling original ioctl: 9 68 140729478981872
[2026-09-07 18:48:40][warning][1998474] Calling original ioctl: 9 72 140729478990976
[2026-09-07 18:48:40][warning][1998474] Calling original ioctl: 9 23 140729478995328
[2026-09-07 18:48:40][warning][1998474] Calling original ioctl: 9 23 140729478995328
[2026-09-07 18:48:40][warning][1998474] Calling original ioctl: 9 23 140729478995328
[2026-09-07 18:48:40][warning][1998474] Calling original ioctl: 9 23 140729478995328
[2026-09-07 18:48:40][warning][1998474] Calling original ioctl: 8 3224389163 140729478992528
[2026-09-07 18:48:40][warning][1998474] Calling original ioctl: 9 73 140729478991712
[2026-09-07 18:48:40][warning][1998474] Calling original ioctl: 9 33 140729478982480
[2026-09-07 18:48:40][warning][1998474] Calling original ioctl: 9 23 140729478995328
[2026-09-07 18:48:40][warning][1998474] Calling original ioctl: 9 23 140729478995328
[2026-09-07 18:48:40][warning][1998474] Calling original ioctl: 9 23 140729478995328
[2026-09-07 18:48:40][warning][1998474] Calling original ioctl: 8 3224389163 140729478991952
[2026-09-07 18:48:40][warning][1998474] Calling original ioctl: 8 3223340586 140729478987536
[2026-09-07 18:48:40][warning][1998474] Calling original ioctl: 8 3224913486 140729478992080
[2026-09-07 18:48:40][warning][1998474] Calling original ioctl: 9 73 140729478991136
[2026-09-07 18:48:40][warning][1998474] Calling original ioctl: 9 33 140729478981904
[2026-09-07 18:48:40][warning][1998474] Calling original ioctl: 12 3224913447 140729478991936
[2026-09-07 18:48:40][warning][1998474] Calling original ioctl: 9 73 140729478991136
[2026-09-07 18:48:40][warning][1998474] Calling original ioctl: 9 33 140729478981904
[2026-09-07 18:48:40][warning][1998474] Calling original ioctl: 8 3224389163 140729478992816
[2026-09-07 18:48:40][warning][1998474] Calling original ioctl: 9 73 140729478992000
[2026-09-07 18:48:40][warning][1998474] Calling original ioctl: 9 33 140729478982768
[2026-09-07 18:48:40][warning][1998474] Calling original ioctl: 12 3224913447 140729478992192
[2026-09-07 18:48:40][warning][1998474] Calling original ioctl: 9 73 140729478991392
[2026-09-07 18:48:40][warning][1998474] Calling original ioctl: 9 33 140729478982160
[2026-09-07 18:48:40][warning][1998474] Calling original ioctl: 8 3224389163 140729478992208
[2026-09-07 18:48:40][warning][1998474] Calling original ioctl: 9 73 140729478991392
[2026-09-07 18:48:40][warning][1998474] Calling original ioctl: 9 33 140729478982160
[2026-09-07 18:48:40][warning][1998474] Calling original ioctl: 9 65 140729478992480
[2026-09-07 18:48:40][warning][1998474] Calling original ioctl: 12 3224913447 140729478993296
[2026-09-07 18:48:40][warning][1998474] Calling original ioctl: 9 73 140729478992496
[2026-09-07 18:48:40][warning][1998474] Calling original ioctl: 9 33 140729478983264
[2026-09-07 18:48:40][warning][1998474] Calling original ioctl: 8 3224389163 140729478993312
[2026-09-07 18:48:40][warning][1998474] Calling original ioctl: 9 73 140729478992496
[2026-09-07 18:48:40][warning][1998474] Calling original ioctl: 9 33 140729478983264
[2026-09-07 18:48:40][warning][1998474] Calling original ioctl: 8 3224389163 140729478992880
[2026-09-07 18:48:40][warning][1998474] Calling original ioctl: 8 3223340586 140729478988464
[2026-09-07 18:48:40][warning][1998474] Calling original ioctl: 8 3224913486 140729478993008
[2026-09-07 18:48:40][warning][1998474] Calling original ioctl: 9 73 140729478992064
[2026-09-07 18:48:40][warning][1998474] Calling original ioctl: 9 33 140729478982832
[2026-09-07 18:48:40][warning][1998474] Calling original ioctl: 8 3224389163 140729478990592
[2026-09-07 18:48:40][warning][1998474] Calling original ioctl: 9 73 140729478989776
[2026-09-07 18:48:40][warning][1998474] Calling original ioctl: 9 33 140729478980544
[2026-09-07 18:48:40][warning][1998474] Calling original ioctl: 8 3224389163 140729478990512
[2026-09-07 18:48:40][warning][1998474] Calling original ioctl: 9 73 140729478989696
[2026-09-07 18:48:40][warning][1998474] Calling original ioctl: 9 33 140729478980464
[2026-09-07 18:48:40][warning][1998474] Calling original ioctl: 8 3224389163 140729478990512
[2026-09-07 18:48:40][warning][1998474] Calling original ioctl: 9 73 140729478989696
[2026-09-07 18:48:40][warning][1998474] Calling original ioctl: 9 33 140729478980464
[2026-09-07 18:48:40][warning][1998474] Calling original ioctl: 12 3224913447 140729478992848
[2026-09-07 18:48:40][warning][1998474] Calling original ioctl: 9 73 140729478992048
[2026-09-07 18:48:40][warning][1998474] Calling original ioctl: 9 33 140729478982816
[2026-09-07 18:48:40][warning][1998474] Calling original ioctl: 8 3224389163 140729478995456
[2026-09-07 18:48:40][warning][1998474] Calling original ioctl: 8 3224389163 140729478992352
[2026-09-07 18:48:40][warning][1998474] Calling original ioctl: 8 3223340586 140729478987936
[2026-09-07 18:48:40][warning][1998474] Calling original ioctl: 8 3224913486 140729478992480
[2026-09-07 18:48:40][warning][1998474] Calling original ioctl: 9 73 140729478991536
[2026-09-07 18:48:40][warning][1998474] Calling original ioctl: 9 33 140729478982304
[2026-09-07 18:48:40][warning][1998474] Calling original ioctl: 8 3224389163 140729478992672
[2026-09-07 18:48:40][warning][1998474] Calling original ioctl: 9 73 140729478991856
[2026-09-07 18:48:40][warning][1998474] Calling original ioctl: 9 33 140729478982624
[2026-09-07 18:48:40][warning][1998474] Calling original ioctl: 8 3224389163 140729478992672
[2026-09-07 18:48:40][warning][1998474] Calling original ioctl: 9 73 140729478991856
[2026-09-07 18:48:40][warning][1998474] Calling original ioctl: 9 33 140729478982624
[2026-09-07 18:48:40][warning][1998474] Calling original ioctl: 24 3221505737 140729478995120
[2026-09-07 18:48:40][warning][1998474] Calling original ioctl: 24 3222292174 140729478995104
[2026-09-07 18:48:40][warning][1998474] Calling original ioctl: 24 3224389163 140729478995088
[2026-09-07 18:48:40][warning][1998474] Calling original ioctl: 26 3221505737 140729478995120
[2026-09-07 18:48:40][warning][1998474] Calling original ioctl: 26 3222292174 140729478995104
[2026-09-07 18:48:40][warning][1998474] Calling original ioctl: 26 3224389163 140729478995088
[2026-09-07 18:48:40][warning][1998474] Calling original ioctl: 28 3221505737 140729478995120
[2026-09-07 18:48:40][warning][1998474] Calling original ioctl: 28 3222292174 140729478995104
[2026-09-07 18:48:40][warning][1998474] Calling original ioctl: 28 3224389163 140729478995088
[2026-09-07 18:48:40][warning][1998474] Calling original ioctl: 30 3221505737 140729478995120
[2026-09-07 18:48:40][warning][1998474] Calling original ioctl: 30 3222292174 140729478995104
[2026-09-07 18:48:40][warning][1998474] Calling original ioctl: 30 3224389163 140729478995088
[2026-09-07 18:48:40][warning][1998474] Calling original ioctl: 8 3223340586 140729478990832
[2026-09-07 18:48:40][warning][1998474] Calling original ioctl: 8 3223340586 140729478991008
[2026-09-07 18:48:40][warning][1998474] Calling original ioctl: 8 3223340586 140729478991168
[2026-09-07 18:48:40][warning][1998474] Calling original ioctl: 8 3224389163 140729478992640
[2026-09-07 18:48:40][warning][1998474] Calling original ioctl: 9 73 140729478991824
[2026-09-07 18:48:40][warning][1998474] Calling original ioctl: 9 33 140729478982592
[2026-09-07 18:48:40][warning][1998474] Calling original ioctl: 8 3223340586 140729478991168
libbpf: loading object 'onevalue_array_bpf' from buffer
libbpf: elf: section(2) .symtab, size 264, link 1, flags 0, type=2
libbpf: elf: section(3) kretprobe/_Z9rope_normILb1ELb0Ef6__halfEvPKT1_PT2_iiiiiPKifff14rope_corr_dimsfPKfPKli, size 816, link 0, flags 6, type=1
libbpf: sec 'kretprobe/_Z9rope_normILb1ELb0Ef6__halfEvPKT1_PT2_iiiiiPKifff14rope_corr_dimsfPKfPKli': found program 'cuda__retprobe' at insn offset 0 (0 bytes), code size 102 insns (816 bytes)
libbpf: elf: section(4) .maps, size 32, link 0, flags 3, type=1
libbpf: elf: section(5) license, size 4, link 0, flags 3, type=1
libbpf: license of onevalue_array_bpf is GPL
libbpf: elf: section(6) .relkretprobe/_Z9rope_normILb1ELb0Ef6__halfEvPKT1_PT2_iiiiiPKifff14rope_corr_dimsfPKfPKli, size 16, link 2, flags 40, type=9
libbpf: elf: section(7) .BTF, size 2230, link 0, flags 0, type=1
libbpf: elf: section(8) .BTF.ext, size 768, link 0, flags 0, type=1
libbpf: looking for externs among 11 symbols...
libbpf: collected 0 externs total
libbpf: map 'arena': at sec_idx 4, offset 0.
libbpf: map 'arena': found type = 1503.
libbpf: map 'arena': found key [8], sz = 4.
libbpf: map 'arena': found value [12], sz = 23199768.
libbpf: map 'arena': found max_entries = 1.
libbpf: sec '.relkretprobe/_Z9rope_normILb1ELb0Ef6__halfEvPKT1_PT2_iiiiiPKifff14rope_corr_dimsfPKfPKli': collecting relocation for section(3) 'kretprobe/_Z9rope_normILb1ELb0Ef6__halfEvPKT1_PT2_iiiiiPKifff14rope_corr_dimsfPKfPKli'
libbpf: sec '.relkretprobe/_Z9rope_normILb1ELb0Ef6__halfEvPKT1_PT2_iiiiiPKifff14rope_corr_dimsfPKfPKli': relo #0: insn #47 against 'arena'
libbpf: prog 'cuda__retprobe': found map 0 (arena, sec 4, off 0) for insn #47
libbpf: object 'onevalue_array_': failed (-EACCES) to open BPF FS mount at '/sys/fs/bpf', skipping optional step...
libbpf: Kernel doesn't support BTF, skipping uploading it.
libbpf: map 'arena': created successfully, fd=34
One-value map type: 1503
One-value map max entries: 1
One-value map value bytes: 23199768
One-value probe attached; waiting for SIGINT
[2026-09-07 18:48:55][warning][1998482] Calling original ioctl: 8 3223340586 133101674014320
[2026-09-07 18:50:18][warning][1998474] Calling original ioctl: 8 3223340586 140729478984496
One-value drain bytes: 23199768
One-value drain time ns: 10630999
Warp append counters total: 720896
Active warps: 16384
Coordinate extent x: 16384
Stored events: 720896
Event coordinate mismatches: 0
Reserved total committed (device): 0
Overflow events: 0
Out-of-range events: 0
Nonzero timestamps: 720896
[2026-09-07 18:50:18][warning][1998474] Calling original ioctl: 9 34 140729478994176
[2026-09-07 18:50:18][warning][1998474] Calling original ioctl: 8 3222292009 140729478994336
[2026-09-07 18:50:18][warning][1998474] Calling original ioctl: 9 34 140729478996768
[2026-09-07 18:50:18][warning][1998474] Calling original ioctl: 8 3222292009 140729478996928
[2026-09-07 18:50:18][warning][1998474] Calling original ioctl: 9 34 140729478996768
[2026-09-07 18:50:18][warning][1998474] Calling original ioctl: 8 3222292009 140729478996928
[2026-09-07 18:50:18][warning][1998474] Calling original ioctl: 8 3222292009 140729478997648
[2026-09-07 18:50:18][warning][1998474] Calling original ioctl: 26 3222292175 140729478997664
[2026-09-07 18:50:18][warning][1998474] Calling original ioctl: 8 3222292009 140729478997648
[2026-09-07 18:50:18][warning][1998474] Calling original ioctl: 28 3222292175 140729478997664
[2026-09-07 18:50:18][warning][1998474] Calling original ioctl: 8 3222292009 140729478997648
[2026-09-07 18:50:18][warning][1998474] Calling original ioctl: 24 3222292175 140729478997664
[2026-09-07 18:50:18][warning][1998474] Calling original ioctl: 8 3222292009 140729478997648
[2026-09-07 18:50:18][warning][1998474] Calling original ioctl: 30 3222292175 140729478997664
[2026-09-07 18:50:18][warning][1998474] Calling original ioctl: 9 34 140729478996672
[2026-09-07 18:50:18][warning][1998474] Calling original ioctl: 8 3222292009 140729478996832
[2026-09-07 18:50:18][warning][1998474] Calling original ioctl: 9 34 140729478996672
[2026-09-07 18:50:18][warning][1998474] Calling original ioctl: 8 3222292009 140729478996832
[2026-09-07 18:50:18][warning][1998474] Calling original ioctl: 9 34 140729478996800
[2026-09-07 18:50:18][warning][1998474] Calling original ioctl: 8 3223340623 140729478997008
[2026-09-07 18:50:18][warning][1998474] Calling original ioctl: 8 3222292009 140729478996960
[2026-09-07 18:50:18][warning][1998474] Calling original ioctl: 8 3222292009 140729478997728
[2026-09-07 18:50:18][warning][1998474] Calling original ioctl: 9 34 140729478996784
[2026-09-07 18:50:18][warning][1998474] Calling original ioctl: 8 3222292009 140729478996944
[2026-09-07 18:50:18][warning][1998474] Calling original ioctl: 9 34 140729478996784
[2026-09-07 18:50:18][warning][1998474] Calling original ioctl: 8 3223340623 140729478996992
[2026-09-07 18:50:18][warning][1998474] Calling original ioctl: 8 3222292009 140729478996944
[2026-09-07 18:50:18][warning][1998474] Calling original ioctl: 8 3223340586 140729478992656
[2026-09-07 18:50:18][warning][1998474] Calling original ioctl: 9 34 140729478996608
[2026-09-07 18:50:18][warning][1998474] Calling original ioctl: 8 3222292009 140729478996768
[2026-09-07 18:50:18][warning][1998474] Calling original ioctl: 8 3223340586 140729478992656
[2026-09-07 18:50:18][warning][1998474] Calling original ioctl: 9 34 140729478996608
[2026-09-07 18:50:18][warning][1998474] Calling original ioctl: 8 3222292009 140729478996768
[2026-09-07 18:50:18][warning][1998474] Calling original ioctl: 8 3223340586 140729478992656
[2026-09-07 18:50:18][warning][1998474] Calling original ioctl: 9 34 140729478996608
[2026-09-07 18:50:18][warning][1998474] Calling original ioctl: 8 3222292009 140729478996768
[2026-09-07 18:50:18][warning][1998474] Calling original ioctl: 8 3223340586 140729478993552
[2026-09-07 18:50:18][warning][1998474] Calling original ioctl: 9 34 140729478996832
[2026-09-07 18:50:18][warning][1998474] Calling original ioctl: 9 34 140729478996832
[2026-09-07 18:50:18][warning][1998474] Calling original ioctl: 8 3222292009 140729478996992
[2026-09-07 18:50:18][warning][1998474] Calling original ioctl: 9 34 140729478996832
[2026-09-07 18:50:18][warning][1998474] Calling original ioctl: 8 3222292009 140729478996992
[2026-09-07 18:50:18][warning][1998474] Calling original ioctl: 9 34 140729478996784
[2026-09-07 18:50:18][warning][1998474] Calling original ioctl: 8 3223340623 140729478996992
[2026-09-07 18:50:18][warning][1998474] Calling original ioctl: 8 3222292009 140729478996944
[2026-09-07 18:50:18][warning][1998474] Calling original ioctl: 9 24 140729478997824
[2026-09-07 18:50:18][warning][1998474] Calling original ioctl: 9 24 140729478997824
[2026-09-07 18:50:18][warning][1998474] Calling original ioctl: 9 24 140729478997856
[2026-09-07 18:50:18][warning][1998474] Calling original ioctl: 9 24 140729478997824
[2026-09-07 18:50:18][warning][1998474] Calling original ioctl: 9 24 140729478997824
[2026-09-07 18:50:18][warning][1998474] Calling original ioctl: 9 24 140729478997824
[2026-09-07 18:50:18][warning][1998474] Calling original ioctl: 9 24 140729478997824
[2026-09-07 18:50:18][warning][1998474] Calling original ioctl: 9 34 140729478996720
[2026-09-07 18:50:18][warning][1998474] Calling original ioctl: 8 3222292009 140729478996880
[2026-09-07 18:50:18][warning][1998474] Calling original ioctl: 9 34 140729478996720
[2026-09-07 18:50:18][warning][1998474] Calling original ioctl: 8 3222292009 140729478996880
[2026-09-07 18:50:18][warning][1998474] Calling original ioctl: 9 34 140729478996832
[2026-09-07 18:50:18][warning][1998474] Calling original ioctl: 8 3222292009 140729478996992
[2026-09-07 18:50:18][warning][1998474] Calling original ioctl: 8 3222292009 140729478997568
[2026-09-07 18:50:18][warning][1998474] Calling original ioctl: 17 3222292175 140729478997584
[2026-09-07 18:50:18][warning][1998474] Calling original ioctl: 9 28 140729478997696
[2026-09-07 18:50:18][warning][1998474] Calling original ioctl: 9 28 140729478997696
[2026-09-07 18:50:18][warning][1998474] Calling original ioctl: 9 28 140729478997696
[2026-09-07 18:50:18][warning][1998474] Calling original ioctl: 9 28 140729478997696
[2026-09-07 18:50:18][warning][1998474] Calling original ioctl: 9 28 140729478997696
[2026-09-07 18:50:18][warning][1998474] Calling original ioctl: 9 28 140729478997696
[2026-09-07 18:50:18][warning][1998474] Calling original ioctl: 9 28 140729478997696
[2026-09-07 18:50:18][warning][1998474] Calling original ioctl: 9 28 140729478997696
[2026-09-07 18:50:18][warning][1998474] Calling original ioctl: 8 3222292009 140729478997456
[2026-09-07 18:50:18][warning][1998474] Calling original ioctl: 8 3222292009 140729478997456
[2026-09-07 18:50:18][warning][1998474] Calling original ioctl: 8 3222292009 140729478997504
[2026-09-07 18:50:18][warning][1998474] Calling original ioctl: 8 3223340623 140729478996768
[2026-09-07 18:50:18][warning][1998474] Calling original ioctl: 8 3222292009 140729478996720
[2026-09-07 18:50:18][warning][1998474] Calling original ioctl: 8 3222292009 140729478997456
[2026-09-07 18:50:18][warning][1998474] Calling original ioctl: 8 3222292009 140729478997504
[2026-09-07 18:50:18][warning][1998474] Calling original ioctl: 8 3223340623 140729478996768
[2026-09-07 18:50:18][warning][1998474] Calling original ioctl: 8 3222292009 140729478996720
[2026-09-07 18:50:18][warning][1998474] Calling original ioctl: 8 3222292009 140729478997456
[2026-09-07 18:50:18][warning][1998474] Calling original ioctl: 8 3222292009 140729478997456
[2026-09-07 18:50:18][warning][1998474] Calling original ioctl: 8 3222292009 140729478997504
[2026-09-07 18:50:18][warning][1998474] Calling original ioctl: 8 3223340623 140729478996768
[2026-09-07 18:50:18][warning][1998474] Calling original ioctl: 8 3222292009 140729478996720
[2026-09-07 18:50:18][warning][1998474] Calling original ioctl: 8 3222292009 140729478997456
[2026-09-07 18:50:18][warning][1998474] Calling original ioctl: 8 3222292009 140729478997504
[2026-09-07 18:50:18][warning][1998474] Calling original ioctl: 8 3223340623 140729478996768
[2026-09-07 18:50:18][warning][1998474] Calling original ioctl: 8 3222292009 140729478996720
[2026-09-07 18:50:18][warning][1998474] Calling original ioctl: 8 3222292009 140729478997456
[2026-09-07 18:50:18][warning][1998474] Calling original ioctl: 8 3222292009 140729478997456
[2026-09-07 18:50:18][warning][1998474] Calling original ioctl: 8 3222292009 140729478997504
[2026-09-07 18:50:18][warning][1998474] Calling original ioctl: 8 3223340623 140729478996768
[2026-09-07 18:50:18][warning][1998474] Calling original ioctl: 8 3222292009 140729478996720
[2026-09-07 18:50:18][warning][1998474] Calling original ioctl: 8 3222292009 140729478997456
[2026-09-07 18:50:18][warning][1998474] Calling original ioctl: 8 3222292009 140729478997504
[2026-09-07 18:50:18][warning][1998474] Calling original ioctl: 8 3223340623 140729478996768
[2026-09-07 18:50:18][warning][1998474] Calling original ioctl: 8 3222292009 140729478996720
[2026-09-07 18:50:18][warning][1998474] Calling original ioctl: 8 3222292009 140729478997456
[2026-09-07 18:50:18][warning][1998474] Calling original ioctl: 8 3222292009 140729478997456
[2026-09-07 18:50:18][warning][1998474] Calling original ioctl: 8 3222292009 140729478997504
[2026-09-07 18:50:18][warning][1998474] Calling original ioctl: 8 3223340623 140729478996768
[2026-09-07 18:50:18][warning][1998474] Calling original ioctl: 8 3222292009 140729478996720
[2026-09-07 18:50:18][warning][1998474] Calling original ioctl: 8 3222292009 140729478997456
[2026-09-07 18:50:18][warning][1998474] Calling original ioctl: 8 3222292009 140729478997504
[2026-09-07 18:50:18][warning][1998474] Calling original ioctl: 8 3223340623 140729478996768
[2026-09-07 18:50:18][warning][1998474] Calling original ioctl: 8 3222292009 140729478996720
[2026-09-07 18:50:18][warning][1998474] Calling original ioctl: 8 3222292009 140729478997632
[2026-09-07 18:50:18][warning][1998474] Calling original ioctl: 8 3222292009 140729478997600
[2026-09-07 18:50:18][warning][1998474] Calling original ioctl: 8 3222292009 140729478997568
[2026-09-07 18:50:18][warning][1998474] Calling original ioctl: 19 3222292175 140729478997584
[2026-09-07 18:50:18][warning][1998474] Calling original ioctl: 9 28 140729478997696
[2026-09-07 18:50:18][warning][1998474] Calling original ioctl: 9 28 140729478997696
[2026-09-07 18:50:18][warning][1998474] Calling original ioctl: 9 28 140729478997696
[2026-09-07 18:50:18][warning][1998474] Calling original ioctl: 9 28 140729478997696
[2026-09-07 18:50:18][warning][1998474] Calling original ioctl: 8 3222292009 140729478997456
[2026-09-07 18:50:18][warning][1998474] Calling original ioctl: 8 3222292009 140729478997504
[2026-09-07 18:50:18][warning][1998474] Calling original ioctl: 8 3223340623 140729478996768
[2026-09-07 18:50:18][warning][1998474] Calling original ioctl: 8 3222292009 140729478996720
[2026-09-07 18:50:18][warning][1998474] Calling original ioctl: 8 3222292009 140729478997456
[2026-09-07 18:50:18][warning][1998474] Calling original ioctl: 8 3222292009 140729478997504
[2026-09-07 18:50:18][warning][1998474] Calling original ioctl: 8 3223340623 140729478996768
[2026-09-07 18:50:18][warning][1998474] Calling original ioctl: 8 3222292009 140729478996720
[2026-09-07 18:50:18][warning][1998474] Calling original ioctl: 8 3222292009 140729478997456
[2026-09-07 18:50:18][warning][1998474] Calling original ioctl: 8 3222292009 140729478997504
[2026-09-07 18:50:18][warning][1998474] Calling original ioctl: 8 3223340623 140729478996768
[2026-09-07 18:50:18][warning][1998474] Calling original ioctl: 8 3222292009 140729478996720
[2026-09-07 18:50:18][warning][1998474] Calling original ioctl: 8 3222292009 140729478997456
[2026-09-07 18:50:18][warning][1998474] Calling original ioctl: 8 3222292009 140729478997504
[2026-09-07 18:50:18][warning][1998474] Calling original ioctl: 8 3223340623 140729478996768
[2026-09-07 18:50:18][warning][1998474] Calling original ioctl: 8 3222292009 140729478996720
[2026-09-07 18:50:18][warning][1998474] Calling original ioctl: 8 3222292009 140729478997600
[2026-09-07 18:50:18][warning][1998474] Calling original ioctl: 8 3222292009 140729478997568
[2026-09-07 18:50:18][warning][1998474] Calling original ioctl: 21 3222292175 140729478997584
[2026-09-07 18:50:18][warning][1998474] Calling original ioctl: 9 28 140729478997696
[2026-09-07 18:50:18][warning][1998474] Calling original ioctl: 9 28 140729478997696
[2026-09-07 18:50:18][warning][1998474] Calling original ioctl: 9 28 140729478997696
[2026-09-07 18:50:18][warning][1998474] Calling original ioctl: 9 28 140729478997696
[2026-09-07 18:50:18][warning][1998474] Calling original ioctl: 8 3222292009 140729478997456
[2026-09-07 18:50:18][warning][1998474] Calling original ioctl: 8 3222292009 140729478997504
[2026-09-07 18:50:18][warning][1998474] Calling original ioctl: 8 3223340623 140729478996768
[2026-09-07 18:50:18][warning][1998474] Calling original ioctl: 8 3222292009 140729478996720
[2026-09-07 18:50:18][warning][1998474] Calling original ioctl: 8 3222292009 140729478997456
[2026-09-07 18:50:18][warning][1998474] Calling original ioctl: 8 3222292009 140729478997504
[2026-09-07 18:50:18][warning][1998474] Calling original ioctl: 8 3223340623 140729478996768
[2026-09-07 18:50:18][warning][1998474] Calling original ioctl: 8 3222292009 140729478996720
[2026-09-07 18:50:18][warning][1998474] Calling original ioctl: 8 3222292009 140729478997456
[2026-09-07 18:50:18][warning][1998474] Calling original ioctl: 8 3222292009 140729478997504
[2026-09-07 18:50:18][warning][1998474] Calling original ioctl: 8 3223340623 140729478996768
[2026-09-07 18:50:18][warning][1998474] Calling original ioctl: 8 3222292009 140729478996720
[2026-09-07 18:50:18][warning][1998474] Calling original ioctl: 8 3222292009 140729478997456
[2026-09-07 18:50:18][warning][1998474] Calling original ioctl: 8 3222292009 140729478997504
[2026-09-07 18:50:18][warning][1998474] Calling original ioctl: 8 3223340623 140729478996768
[2026-09-07 18:50:18][warning][1998474] Calling original ioctl: 8 3222292009 140729478996720
[2026-09-07 18:50:18][warning][1998474] Calling original ioctl: 9 34 140729478996528
[2026-09-07 18:50:18][warning][1998474] Calling original ioctl: 8 3223340623 140729478996736
[2026-09-07 18:50:18][warning][1998474] Calling original ioctl: 8 3222292009 140729478996688
[2026-09-07 18:50:18][warning][1998474] Calling original ioctl: 9 34 140729478996528
[2026-09-07 18:50:18][warning][1998474] Calling original ioctl: 8 3223340623 140729478996736
[2026-09-07 18:50:18][warning][1998474] Calling original ioctl: 8 3222292009 140729478996688
[2026-09-07 18:50:18][warning][1998474] Calling original ioctl: 8 3222292009 140729478997600
[2026-09-07 18:50:18][warning][1998474] Calling original ioctl: 9 34 140729478996832
[2026-09-07 18:50:18][warning][1998474] Calling original ioctl: 8 3222292009 140729478996992
[2026-09-07 18:50:18][warning][1998474] Calling original ioctl: 9 34 140729478996736
[2026-09-07 18:50:18][warning][1998474] Calling original ioctl: 8 3222292009 140729478996896
[2026-09-07 18:50:18][warning][1998474] Calling original ioctl: 9 34 140729478996832
[2026-09-07 18:50:18][warning][1998474] Calling original ioctl: 8 3222292009 140729478996992
[2026-09-07 18:50:18][warning][1998474] Calling original ioctl: 9 34 140729478996784
[2026-09-07 18:50:18][warning][1998474] Calling original ioctl: 8 3222292009 140729478996944
[2026-09-07 18:50:18][warning][1998474] Calling original ioctl: 9 34 140729478996768
[2026-09-07 18:50:18][warning][1998474] Calling original ioctl: 8 3223340623 140729478996976
[2026-09-07 18:50:18][warning][1998474] Calling original ioctl: 8 3222292009 140729478996928
[2026-09-07 18:50:18][warning][1998474] Calling original ioctl: 9 34 140729478996768
[2026-09-07 18:50:18][warning][1998474] Calling original ioctl: 8 3223340623 140729478996976
[2026-09-07 18:50:18][warning][1998474] Calling original ioctl: 8 3222292009 140729478996928
[2026-09-07 18:50:18][warning][1998474] Calling original ioctl: 9 34 140729478996784
[2026-09-07 18:50:18][warning][1998474] Calling original ioctl: 8 3222292009 140729478996944
[2026-09-07 18:50:18][warning][1998474] Calling original ioctl: 9 34 140729478996784
[2026-09-07 18:50:18][warning][1998474] Calling original ioctl: 8 3222292009 140729478996944
[2026-09-07 18:50:18][warning][1998474] Calling original ioctl: 9 34 140729478996944
[2026-09-07 18:50:18][warning][1998474] Calling original ioctl: 8 3223340586 140729478993536
