[2026-09-06 20:31:49][warning][611490] Calling original ioctl: 8 3223340586 140727786238224
[2026-09-06 20:31:49][warning][611490] Calling original ioctl: 8 3223340586 140727786238240
[2026-09-06 20:31:49][warning][611490] Calling original ioctl: 8 3223340586 140727786238288
[2026-09-06 20:31:49][warning][611490] Calling original ioctl: 9 25 140727786242608
[2026-09-06 20:31:49][warning][611490] Calling original ioctl: 8 3224389163 140727786239872
[2026-09-06 20:31:49][warning][611490] Calling original ioctl: 9 73 140727786239056
[2026-09-06 20:31:49][warning][611490] Calling original ioctl: 9 33 140727786229824
[2026-09-06 20:31:49][warning][611490] Calling original ioctl: 8 3224389163 140727786239552
[2026-09-06 20:31:49][warning][611490] Calling original ioctl: 9 73 140727786238736
[2026-09-06 20:31:49][warning][611490] Calling original ioctl: 9 33 140727786229504
[2026-09-06 20:31:49][warning][611490] Calling original ioctl: 8 3224389163 140727786239552
[2026-09-06 20:31:49][warning][611490] Calling original ioctl: 9 73 140727786238736
[2026-09-06 20:31:49][warning][611490] Calling original ioctl: 9 33 140727786229504
[2026-09-06 20:31:49][warning][611490] Calling original ioctl: 8 3224389163 140727786240048
[2026-09-06 20:31:49][warning][611490] Calling original ioctl: 9 73 140727786239232
[2026-09-06 20:31:49][warning][611490] Calling original ioctl: 9 33 140727786230000
[2026-09-06 20:31:49][warning][611490] Calling original ioctl: 8 3224389163 140727786241728
[2026-09-06 20:31:49][warning][611490] Calling original ioctl: 8 3224389163 140727786241712
[2026-09-06 20:31:49][warning][611490] Calling original ioctl: 8 3224389163 140727786237952
[2026-09-06 20:31:49][warning][611490] Calling original ioctl: 8 3223340586 140727786233536
[2026-09-06 20:31:49][warning][611490] Calling original ioctl: 8 3224913486 140727786238080
[2026-09-06 20:31:49][warning][611490] Calling original ioctl: 8 3223864926 140727786238032
[2026-09-06 20:31:49][warning][611490] Calling original ioctl: 9 73 140727786237136
[2026-09-06 20:31:49][warning][611490] Calling original ioctl: 9 33 140727786227904
[2026-09-06 20:31:49][warning][611490] Calling original ioctl: 8 3224389163 140727786237488
[2026-09-06 20:31:49][warning][611490] Calling original ioctl: 8 3223340586 140727786233072
[2026-09-06 20:31:49][warning][611490] Calling original ioctl: 8 3224913486 140727786237616
[2026-09-06 20:31:49][warning][611490] Calling original ioctl: 9 73 140727786236672
[2026-09-06 20:31:49][warning][611490] Calling original ioctl: 9 33 140727786227440
[2026-09-06 20:31:49][warning][611490] Calling original ioctl: 8 3224389163 140727786238336
[2026-09-06 20:31:49][warning][611490] Calling original ioctl: 8 3223340586 140727786233920
[2026-09-06 20:31:49][warning][611490] Calling original ioctl: 8 3224913486 140727786238464
[2026-09-06 20:31:49][warning][611490] Calling original ioctl: 8 3224389163 140727786240192
[2026-09-06 20:31:49][warning][611490] Calling original ioctl: 8 3223340586 140727786236224
[2026-09-06 20:31:49][warning][611490] Calling original ioctl: 8 3224389163 140727786240480
[2026-09-06 20:31:49][warning][611490] Calling original ioctl: 8 3223340586 140727786236160
[2026-09-06 20:31:49][warning][611490] Calling original ioctl: 8 3224389163 140727786240480
[2026-09-06 20:31:49][warning][611490] Calling original ioctl: 8 3223340586 140727786236160
[2026-09-06 20:31:49][warning][611490] Calling original ioctl: 8 3223340586 140727786236240
[2026-09-06 20:31:49][warning][611490] Calling original ioctl: 8 3223340586 140727786236240
[2026-09-06 20:31:49][warning][611490] Calling original ioctl: 8 3224389163 140727786239136
[2026-09-06 20:31:49][warning][611490] Calling original ioctl: 8 3223340586 140727786234720
[2026-09-06 20:31:49][warning][611490] Calling original ioctl: 8 3224913486 140727786239264
[2026-09-06 20:31:49][warning][611490] Calling original ioctl: 9 73 140727786238320
[2026-09-06 20:31:49][warning][611490] Calling original ioctl: 9 33 140727786229088
[2026-09-06 20:31:49][warning][611490] Calling original ioctl: 8 3224389163 140727786238336
[2026-09-06 20:31:49][warning][611490] Calling original ioctl: 8 3223340586 140727786233920
[2026-09-06 20:31:49][warning][611490] Calling original ioctl: 8 3224913486 140727786238464
[2026-09-06 20:31:49][warning][611490] Calling original ioctl: 8 3224389163 140727786240192
[2026-09-06 20:31:49][warning][611490] Calling original ioctl: 8 3223340586 140727786236224
[2026-09-06 20:31:49][warning][611490] Calling original ioctl: 8 3224389163 140727786240480
[2026-09-06 20:31:49][warning][611490] Calling original ioctl: 8 3223340586 140727786236160
[2026-09-06 20:31:49][warning][611490] Calling original ioctl: 8 3223340586 140727786236240
[2026-09-06 20:31:49][warning][611490] Calling original ioctl: 8 3223340586 140727786236240
[2026-09-06 20:31:49][warning][611490] Calling original ioctl: 8 3224389163 140727786238336
[2026-09-06 20:31:49][warning][611490] Calling original ioctl: 8 3223340586 140727786233920
[2026-09-06 20:31:49][warning][611490] Calling original ioctl: 8 3224913486 140727786238464
[2026-09-06 20:31:49][warning][611490] Calling original ioctl: 8 3224389163 140727786240192
[2026-09-06 20:31:49][warning][611490] Calling original ioctl: 8 3223340586 140727786236224
[2026-09-06 20:31:49][warning][611490] Calling original ioctl: 8 3224389163 140727786240480
[2026-09-06 20:31:49][warning][611490] Calling original ioctl: 8 3223340586 140727786236160
[2026-09-06 20:31:49][warning][611490] Calling original ioctl: 8 3224389163 140727786240480
[2026-09-06 20:31:49][warning][611490] Calling original ioctl: 8 3223340586 140727786236160
[2026-09-06 20:31:49][warning][611490] Calling original ioctl: 8 3223340586 140727786236240
[2026-09-06 20:31:49][warning][611490] Calling original ioctl: 8 3223340586 140727786236240
[2026-09-06 20:31:49][warning][611490] Calling original ioctl: 8 3224389163 140727786238336
[2026-09-06 20:31:49][warning][611490] Calling original ioctl: 8 3223340586 140727786233920
[2026-09-06 20:31:49][warning][611490] Calling original ioctl: 8 3224913486 140727786238464
[2026-09-06 20:31:49][warning][611490] Calling original ioctl: 8 3224389163 140727786240192
[2026-09-06 20:31:49][warning][611490] Calling original ioctl: 8 3223340586 140727786236224
[2026-09-06 20:31:49][warning][611490] Calling original ioctl: 8 3224389163 140727786240480
[2026-09-06 20:31:49][warning][611490] Calling original ioctl: 8 3223340586 140727786236160
[2026-09-06 20:31:49][warning][611490] Calling original ioctl: 8 3223340586 140727786236240
[2026-09-06 20:31:49][warning][611490] Calling original ioctl: 8 3223340586 140727786236240
[2026-09-06 20:31:49][warning][611490] Calling original ioctl: 8 3224389163 140727786238336
[2026-09-06 20:31:49][warning][611490] Calling original ioctl: 8 3223340586 140727786233920
[2026-09-06 20:31:49][warning][611490] Calling original ioctl: 8 3224913486 140727786238464
[2026-09-06 20:31:49][warning][611490] Calling original ioctl: 8 3224389163 140727786240192
[2026-09-06 20:31:49][warning][611490] Calling original ioctl: 8 3223340586 140727786236224
[2026-09-06 20:31:49][warning][611490] Calling original ioctl: 8 3224389163 140727786240480
[2026-09-06 20:31:49][warning][611490] Calling original ioctl: 8 3223340586 140727786236160
[2026-09-06 20:31:49][warning][611490] Calling original ioctl: 8 3224389163 140727786240480
[2026-09-06 20:31:49][warning][611490] Calling original ioctl: 8 3223340586 140727786236160
[2026-09-06 20:31:49][warning][611490] Calling original ioctl: 8 3223340586 140727786236240
[2026-09-06 20:31:49][warning][611490] Calling original ioctl: 8 3223340586 140727786236240
[2026-09-06 20:31:49][warning][611490] Calling original ioctl: 8 3224389163 140727786238336
[2026-09-06 20:31:49][warning][611490] Calling original ioctl: 8 3223340586 140727786233920
[2026-09-06 20:31:49][warning][611490] Calling original ioctl: 8 3224913486 140727786238464
[2026-09-06 20:31:49][warning][611490] Calling original ioctl: 8 3224389163 140727786240192
[2026-09-06 20:31:49][warning][611490] Calling original ioctl: 8 3223340586 140727786236224
[2026-09-06 20:31:49][warning][611490] Calling original ioctl: 8 3224389163 140727786240480
[2026-09-06 20:31:49][warning][611490] Calling original ioctl: 8 3223340586 140727786236160
[2026-09-06 20:31:49][warning][611490] Calling original ioctl: 8 3223340586 140727786236240
[2026-09-06 20:31:49][warning][611490] Calling original ioctl: 8 3223340586 140727786236240
[2026-09-06 20:31:49][warning][611490] Calling original ioctl: 8 3224389163 140727786238336
[2026-09-06 20:31:49][warning][611490] Calling original ioctl: 8 3223340586 140727786233920
[2026-09-06 20:31:49][warning][611490] Calling original ioctl: 8 3224913486 140727786238464
[2026-09-06 20:31:49][warning][611490] Calling original ioctl: 8 3224389163 140727786240192
[2026-09-06 20:31:49][warning][611490] Calling original ioctl: 8 3223340586 140727786236224
[2026-09-06 20:31:49][warning][611490] Calling original ioctl: 8 3224389163 140727786240480
[2026-09-06 20:31:49][warning][611490] Calling original ioctl: 8 3223340586 140727786236160
[2026-09-06 20:31:49][warning][611490] Calling original ioctl: 8 3224389163 140727786240480
[2026-09-06 20:31:49][warning][611490] Calling original ioctl: 8 3223340586 140727786236160
[2026-09-06 20:31:49][warning][611490] Calling original ioctl: 8 3223340586 140727786236240
[2026-09-06 20:31:49][warning][611490] Calling original ioctl: 8 3223340586 140727786236240
[2026-09-06 20:31:49][warning][611490] Calling original ioctl: 8 3224389163 140727786238336
[2026-09-06 20:31:49][warning][611490] Calling original ioctl: 8 3223340586 140727786233920
[2026-09-06 20:31:49][warning][611490] Calling original ioctl: 8 3224913486 140727786238464
[2026-09-06 20:31:49][warning][611490] Calling original ioctl: 8 3224389163 140727786240192
[2026-09-06 20:31:49][warning][611490] Calling original ioctl: 8 3223340586 140727786236224
[2026-09-06 20:31:49][warning][611490] Calling original ioctl: 8 3224389163 140727786240480
[2026-09-06 20:31:49][warning][611490] Calling original ioctl: 8 3223340586 140727786236160
[2026-09-06 20:31:49][warning][611490] Calling original ioctl: 8 3223340586 140727786236240
[2026-09-06 20:31:49][warning][611490] Calling original ioctl: 8 3223340586 140727786236240
[2026-09-06 20:31:49][warning][611490] Calling original ioctl: 9 27 140727786242160
[2026-09-06 20:31:49][warning][611490] Calling original ioctl: 9 27 140727786242160
[2026-09-06 20:31:49][warning][611490] Calling original ioctl: 9 27 140727786242160
[2026-09-06 20:31:49][warning][611490] Calling original ioctl: 9 27 140727786242160
[2026-09-06 20:31:49][warning][611490] Calling original ioctl: 9 27 140727786242160
[2026-09-06 20:31:49][warning][611490] Calling original ioctl: 9 27 140727786242160
[2026-09-06 20:31:49][warning][611490] Calling original ioctl: 9 27 140727786242160
[2026-09-06 20:31:49][warning][611490] Calling original ioctl: 9 27 140727786242160
[2026-09-06 20:31:49][warning][611490] Calling original ioctl: 8 3223340586 140727786237824
[2026-09-06 20:31:49][warning][611490] Calling original ioctl: 17 3221505737 140727786241920
[2026-09-06 20:31:49][warning][611490] Calling original ioctl: 17 3222292174 140727786241904
[2026-09-06 20:31:49][warning][611490] Calling original ioctl: 17 3224389163 140727786241888
[2026-09-06 20:31:49][warning][611490] Calling original ioctl: 8 3224389163 140727786241728
[2026-09-06 20:31:49][warning][611490] Calling original ioctl: 8 3224389163 140727786238336
[2026-09-06 20:31:49][warning][611490] Calling original ioctl: 8 3223340586 140727786233920
[2026-09-06 20:31:49][warning][611490] Calling original ioctl: 8 3224913486 140727786238464
[2026-09-06 20:31:49][warning][611490] Calling original ioctl: 8 3224389163 140727786240192
[2026-09-06 20:31:49][warning][611490] Calling original ioctl: 8 3223340586 140727786236224
[2026-09-06 20:31:49][warning][611490] Calling original ioctl: 8 3224389163 140727786240480
[2026-09-06 20:31:49][warning][611490] Calling original ioctl: 8 3223340586 140727786236160
[2026-09-06 20:31:49][warning][611490] Calling original ioctl: 8 3223340586 140727786236240
[2026-09-06 20:31:49][warning][611490] Calling original ioctl: 8 3224389163 140727786238336
[2026-09-06 20:31:49][warning][611490] Calling original ioctl: 8 3223340586 140727786233920
[2026-09-06 20:31:49][warning][611490] Calling original ioctl: 8 3224913486 140727786238464
[2026-09-06 20:31:49][warning][611490] Calling original ioctl: 8 3224389163 140727786240192
[2026-09-06 20:31:49][warning][611490] Calling original ioctl: 8 3223340586 140727786236224
[2026-09-06 20:31:49][warning][611490] Calling original ioctl: 8 3224389163 140727786240480
[2026-09-06 20:31:49][warning][611490] Calling original ioctl: 8 3223340586 140727786236160
[2026-09-06 20:31:49][warning][611490] Calling original ioctl: 8 3223340586 140727786236240
[2026-09-06 20:31:49][warning][611490] Calling original ioctl: 8 3224389163 140727786238336
[2026-09-06 20:31:49][warning][611490] Calling original ioctl: 8 3223340586 140727786233920
[2026-09-06 20:31:49][warning][611490] Calling original ioctl: 8 3224913486 140727786238464
[2026-09-06 20:31:49][warning][611490] Calling original ioctl: 8 3224389163 140727786240192
[2026-09-06 20:31:49][warning][611490] Calling original ioctl: 8 3223340586 140727786236224
[2026-09-06 20:31:49][warning][611490] Calling original ioctl: 8 3224389163 140727786240480
[2026-09-06 20:31:49][warning][611490] Calling original ioctl: 8 3223340586 140727786236160
[2026-09-06 20:31:49][warning][611490] Calling original ioctl: 8 3223340586 140727786236240
[2026-09-06 20:31:49][warning][611490] Calling original ioctl: 8 3224389163 140727786238336
[2026-09-06 20:31:49][warning][611490] Calling original ioctl: 8 3223340586 140727786233920
[2026-09-06 20:31:49][warning][611490] Calling original ioctl: 8 3224913486 140727786238464
[2026-09-06 20:31:49][warning][611490] Calling original ioctl: 8 3224389163 140727786240192
[2026-09-06 20:31:49][warning][611490] Calling original ioctl: 8 3223340586 140727786236224
[2026-09-06 20:31:49][warning][611490] Calling original ioctl: 8 3224389163 140727786240480
[2026-09-06 20:31:49][warning][611490] Calling original ioctl: 8 3223340586 140727786236160
[2026-09-06 20:31:49][warning][611490] Calling original ioctl: 8 3223340586 140727786236240
[2026-09-06 20:31:49][warning][611490] Calling original ioctl: 9 27 140727786242160
[2026-09-06 20:31:49][warning][611490] Calling original ioctl: 9 27 140727786242160
[2026-09-06 20:31:49][warning][611490] Calling original ioctl: 9 27 140727786242160
[2026-09-06 20:31:49][warning][611490] Calling original ioctl: 9 27 140727786242160
[2026-09-06 20:31:49][warning][611490] Calling original ioctl: 8 3223340586 140727786237824
[2026-09-06 20:31:49][warning][611490] Calling original ioctl: 19 3221505737 140727786241920
[2026-09-06 20:31:49][warning][611490] Calling original ioctl: 19 3222292174 140727786241904
[2026-09-06 20:31:49][warning][611490] Calling original ioctl: 19 3224389163 140727786241888
[2026-09-06 20:31:49][warning][611490] Calling original ioctl: 8 3224389163 140727786241728
[2026-09-06 20:31:49][warning][611490] Calling original ioctl: 8 3224389163 140727786238336
[2026-09-06 20:31:49][warning][611490] Calling original ioctl: 8 3223340586 140727786233920
[2026-09-06 20:31:49][warning][611490] Calling original ioctl: 8 3224913486 140727786238464
[2026-09-06 20:31:49][warning][611490] Calling original ioctl: 8 3224389163 140727786240192
[2026-09-06 20:31:49][warning][611490] Calling original ioctl: 8 3223340586 140727786236224
[2026-09-06 20:31:49][warning][611490] Calling original ioctl: 8 3224389163 140727786240480
[2026-09-06 20:31:49][warning][611490] Calling original ioctl: 8 3223340586 140727786236160
[2026-09-06 20:31:49][warning][611490] Calling original ioctl: 8 3223340586 140727786236240
[2026-09-06 20:31:49][warning][611490] Calling original ioctl: 8 3224389163 140727786238336
[2026-09-06 20:31:49][warning][611490] Calling original ioctl: 8 3223340586 140727786233920
[2026-09-06 20:31:49][warning][611490] Calling original ioctl: 8 3224913486 140727786238464
[2026-09-06 20:31:49][warning][611490] Calling original ioctl: 8 3224389163 140727786240192
[2026-09-06 20:31:49][warning][611490] Calling original ioctl: 8 3223340586 140727786236224
[2026-09-06 20:31:49][warning][611490] Calling original ioctl: 8 3224389163 140727786240480
[2026-09-06 20:31:49][warning][611490] Calling original ioctl: 8 3223340586 140727786236160
[2026-09-06 20:31:49][warning][611490] Calling original ioctl: 8 3223340586 140727786236240
[2026-09-06 20:31:49][warning][611490] Calling original ioctl: 8 3224389163 140727786238336
[2026-09-06 20:31:49][warning][611490] Calling original ioctl: 8 3223340586 140727786233920
[2026-09-06 20:31:49][warning][611490] Calling original ioctl: 8 3224913486 140727786238464
[2026-09-06 20:31:49][warning][611490] Calling original ioctl: 8 3224389163 140727786240192
[2026-09-06 20:31:49][warning][611490] Calling original ioctl: 8 3223340586 140727786236224
[2026-09-06 20:31:49][warning][611490] Calling original ioctl: 8 3224389163 140727786240480
[2026-09-06 20:31:49][warning][611490] Calling original ioctl: 8 3223340586 140727786236160
[2026-09-06 20:31:49][warning][611490] Calling original ioctl: 8 3223340586 140727786236240
[2026-09-06 20:31:49][warning][611490] Calling original ioctl: 8 3224389163 140727786238336
[2026-09-06 20:31:49][warning][611490] Calling original ioctl: 8 3223340586 140727786233920
[2026-09-06 20:31:49][warning][611490] Calling original ioctl: 8 3224913486 140727786238464
[2026-09-06 20:31:49][warning][611490] Calling original ioctl: 8 3224389163 140727786240192
[2026-09-06 20:31:49][warning][611490] Calling original ioctl: 8 3223340586 140727786236224
[2026-09-06 20:31:49][warning][611490] Calling original ioctl: 8 3224389163 140727786240480
[2026-09-06 20:31:49][warning][611490] Calling original ioctl: 8 3223340586 140727786236160
[2026-09-06 20:31:49][warning][611490] Calling original ioctl: 8 3223340586 140727786236240
[2026-09-06 20:31:49][warning][611490] Calling original ioctl: 9 27 140727786242160
[2026-09-06 20:31:49][warning][611490] Calling original ioctl: 9 27 140727786242160
[2026-09-06 20:31:49][warning][611490] Calling original ioctl: 9 27 140727786242160
[2026-09-06 20:31:49][warning][611490] Calling original ioctl: 9 27 140727786242160
[2026-09-06 20:31:49][warning][611490] Calling original ioctl: 8 3223340586 140727786237824
[2026-09-06 20:31:49][warning][611490] Calling original ioctl: 21 3221505737 140727786241920
[2026-09-06 20:31:49][warning][611490] Calling original ioctl: 21 3222292174 140727786241904
[2026-09-06 20:31:49][warning][611490] Calling original ioctl: 21 3224389163 140727786241888
[2026-09-06 20:31:49][warning][611490] Calling original ioctl: 8 3224389163 140727786239360
[2026-09-06 20:31:49][warning][611490] Calling original ioctl: 8 3223340586 140727786234944
[2026-09-06 20:31:49][warning][611490] Calling original ioctl: 8 3224913486 140727786239488
[2026-09-06 20:31:49][warning][611490] Calling original ioctl: 9 73 140727786238544
[2026-09-06 20:31:49][warning][611490] Calling original ioctl: 9 33 140727786229312
[2026-09-06 20:31:49][warning][611490] Calling original ioctl: 8 3224389163 140727786239664
[2026-09-06 20:31:49][warning][611490] Calling original ioctl: 9 73 140727786238848
[2026-09-06 20:31:49][warning][611490] Calling original ioctl: 9 33 140727786229616
[2026-09-06 20:31:49][warning][611490] Calling original ioctl: 9 68 140727786229008
[2026-09-06 20:31:49][warning][611490] Calling original ioctl: 9 72 140727786238112
[2026-09-06 20:31:49][warning][611490] Calling original ioctl: 9 23 140727786242464
[2026-09-06 20:31:49][warning][611490] Calling original ioctl: 9 23 140727786242464
[2026-09-06 20:31:49][warning][611490] Calling original ioctl: 9 23 140727786242464
[2026-09-06 20:31:49][warning][611490] Calling original ioctl: 9 23 140727786242464
[2026-09-06 20:31:49][warning][611490] Calling original ioctl: 8 3224389163 140727786239664
[2026-09-06 20:31:49][warning][611490] Calling original ioctl: 9 73 140727786238848
[2026-09-06 20:31:49][warning][611490] Calling original ioctl: 9 33 140727786229616
[2026-09-06 20:31:49][warning][611490] Calling original ioctl: 9 23 140727786242464
[2026-09-06 20:31:49][warning][611490] Calling original ioctl: 9 23 140727786242464
[2026-09-06 20:31:49][warning][611490] Calling original ioctl: 9 23 140727786242464
[2026-09-06 20:31:49][warning][611490] Calling original ioctl: 8 3224389163 140727786239088
[2026-09-06 20:31:49][warning][611490] Calling original ioctl: 8 3223340586 140727786234672
[2026-09-06 20:31:49][warning][611490] Calling original ioctl: 8 3224913486 140727786239216
[2026-09-06 20:31:49][warning][611490] Calling original ioctl: 9 73 140727786238272
[2026-09-06 20:31:49][warning][611490] Calling original ioctl: 9 33 140727786229040
[2026-09-06 20:31:49][warning][611490] Calling original ioctl: 12 3224913447 140727786239072
[2026-09-06 20:31:49][warning][611490] Calling original ioctl: 9 73 140727786238272
[2026-09-06 20:31:49][warning][611490] Calling original ioctl: 9 33 140727786229040
[2026-09-06 20:31:49][warning][611490] Calling original ioctl: 8 3224389163 140727786239952
[2026-09-06 20:31:49][warning][611490] Calling original ioctl: 9 73 140727786239136
[2026-09-06 20:31:49][warning][611490] Calling original ioctl: 9 33 140727786229904
[2026-09-06 20:31:49][warning][611490] Calling original ioctl: 12 3224913447 140727786239328
[2026-09-06 20:31:49][warning][611490] Calling original ioctl: 9 73 140727786238528
[2026-09-06 20:31:49][warning][611490] Calling original ioctl: 9 33 140727786229296
[2026-09-06 20:31:49][warning][611490] Calling original ioctl: 8 3224389163 140727786239344
[2026-09-06 20:31:49][warning][611490] Calling original ioctl: 9 73 140727786238528
[2026-09-06 20:31:49][warning][611490] Calling original ioctl: 9 33 140727786229296
[2026-09-06 20:31:49][warning][611490] Calling original ioctl: 9 65 140727786239616
[2026-09-06 20:31:49][warning][611490] Calling original ioctl: 12 3224913447 140727786240432
[2026-09-06 20:31:49][warning][611490] Calling original ioctl: 9 73 140727786239632
[2026-09-06 20:31:49][warning][611490] Calling original ioctl: 9 33 140727786230400
[2026-09-06 20:31:49][warning][611490] Calling original ioctl: 8 3224389163 140727786240448
[2026-09-06 20:31:49][warning][611490] Calling original ioctl: 9 73 140727786239632
[2026-09-06 20:31:49][warning][611490] Calling original ioctl: 9 33 140727786230400
[2026-09-06 20:31:49][warning][611490] Calling original ioctl: 8 3224389163 140727786240016
[2026-09-06 20:31:49][warning][611490] Calling original ioctl: 8 3223340586 140727786235600
[2026-09-06 20:31:49][warning][611490] Calling original ioctl: 8 3224913486 140727786240144
[2026-09-06 20:31:49][warning][611490] Calling original ioctl: 9 73 140727786239200
[2026-09-06 20:31:49][warning][611490] Calling original ioctl: 9 33 140727786229968
[2026-09-06 20:31:49][warning][611490] Calling original ioctl: 8 3224389163 140727786237728
[2026-09-06 20:31:49][warning][611490] Calling original ioctl: 9 73 140727786236912
[2026-09-06 20:31:49][warning][611490] Calling original ioctl: 9 33 140727786227680
[2026-09-06 20:31:49][warning][611490] Calling original ioctl: 8 3224389163 140727786237648
[2026-09-06 20:31:49][warning][611490] Calling original ioctl: 9 73 140727786236832
[2026-09-06 20:31:49][warning][611490] Calling original ioctl: 9 33 140727786227600
[2026-09-06 20:31:49][warning][611490] Calling original ioctl: 8 3224389163 140727786237648
[2026-09-06 20:31:49][warning][611490] Calling original ioctl: 9 73 140727786236832
[2026-09-06 20:31:49][warning][611490] Calling original ioctl: 9 33 140727786227600
[2026-09-06 20:31:49][warning][611490] Calling original ioctl: 12 3224913447 140727786239984
[2026-09-06 20:31:49][warning][611490] Calling original ioctl: 9 73 140727786239184
[2026-09-06 20:31:49][warning][611490] Calling original ioctl: 9 33 140727786229952
[2026-09-06 20:31:49][warning][611490] Calling original ioctl: 8 3224389163 140727786242592
[2026-09-06 20:31:49][warning][611490] Calling original ioctl: 8 3224389163 140727786239488
[2026-09-06 20:31:49][warning][611490] Calling original ioctl: 8 3223340586 140727786235072
[2026-09-06 20:31:49][warning][611490] Calling original ioctl: 8 3224913486 140727786239616
[2026-09-06 20:31:49][warning][611490] Calling original ioctl: 9 73 140727786238672
[2026-09-06 20:31:49][warning][611490] Calling original ioctl: 9 33 140727786229440
[2026-09-06 20:31:49][warning][611490] Calling original ioctl: 8 3224389163 140727786239808
[2026-09-06 20:31:49][warning][611490] Calling original ioctl: 9 73 140727786238992
[2026-09-06 20:31:49][warning][611490] Calling original ioctl: 9 33 140727786229760
[2026-09-06 20:31:49][warning][611490] Calling original ioctl: 8 3224389163 140727786239808
[2026-09-06 20:31:49][warning][611490] Calling original ioctl: 9 73 140727786238992
[2026-09-06 20:31:49][warning][611490] Calling original ioctl: 9 33 140727786229760
[2026-09-06 20:31:49][warning][611490] Calling original ioctl: 24 3221505737 140727786242256
[2026-09-06 20:31:49][warning][611490] Calling original ioctl: 24 3222292174 140727786242240
[2026-09-06 20:31:49][warning][611490] Calling original ioctl: 24 3224389163 140727786242224
[2026-09-06 20:31:49][warning][611490] Calling original ioctl: 26 3221505737 140727786242256
[2026-09-06 20:31:49][warning][611490] Calling original ioctl: 26 3222292174 140727786242240
[2026-09-06 20:31:49][warning][611490] Calling original ioctl: 26 3224389163 140727786242224
[2026-09-06 20:31:49][warning][611490] Calling original ioctl: 28 3221505737 140727786242256
[2026-09-06 20:31:49][warning][611490] Calling original ioctl: 28 3222292174 140727786242240
[2026-09-06 20:31:49][warning][611490] Calling original ioctl: 28 3224389163 140727786242224
[2026-09-06 20:31:49][warning][611490] Calling original ioctl: 30 3221505737 140727786242256
[2026-09-06 20:31:49][warning][611490] Calling original ioctl: 30 3222292174 140727786242240
[2026-09-06 20:31:49][warning][611490] Calling original ioctl: 30 3224389163 140727786242224
[2026-09-06 20:31:49][warning][611490] Calling original ioctl: 8 3223340586 140727786237968
[2026-09-06 20:31:49][warning][611490] Calling original ioctl: 8 3223340586 140727786238144
[2026-09-06 20:31:49][warning][611490] Calling original ioctl: 8 3223340586 140727786238304
[2026-09-06 20:31:49][warning][611490] Calling original ioctl: 8 3224389163 140727786239776
[2026-09-06 20:31:49][warning][611490] Calling original ioctl: 9 73 140727786238960
[2026-09-06 20:31:49][warning][611490] Calling original ioctl: 9 33 140727786229728
[2026-09-06 20:31:49][warning][611490] Calling original ioctl: 8 3223340586 140727786238304
libbpf: loading object 'onevalue_array_bpf' from buffer
libbpf: elf: section(2) .symtab, size 264, link 1, flags 0, type=2
libbpf: elf: section(3) kretprobe/_Z9rope_normILb1ELb0Ef6__halfEvPKT1_PT2_iiiiiPKifff14rope_corr_dimsfPKfPKli, size 816, link 0, flags 6, type=1
libbpf: sec 'kretprobe/_Z9rope_normILb1ELb0Ef6__halfEvPKT1_PT2_iiiiiPKifff14rope_corr_dimsfPKfPKli': found program 'cuda__retprobe' at insn offset 0 (0 bytes), code size 102 insns (816 bytes)
libbpf: elf: section(4) .maps, size 32, link 0, flags 3, type=1
libbpf: elf: section(5) license, size 4, link 0, flags 3, type=1
libbpf: license of onevalue_array_bpf is GPL
libbpf: elf: section(6) .relkretprobe/_Z9rope_normILb1ELb0Ef6__halfEvPKT1_PT2_iiiiiPKifff14rope_corr_dimsfPKfPKli, size 16, link 2, flags 40, type=9
libbpf: elf: section(7) .BTF, size 2230, link 0, flags 0, type=1
libbpf: elf: section(8) .BTF.ext, size 768, link 0, flags 0, type=1
libbpf: looking for externs among 11 symbols...
libbpf: collected 0 externs total
libbpf: map 'arena': at sec_idx 4, offset 0.
libbpf: map 'arena': found type = 1503.
libbpf: map 'arena': found key [8], sz = 4.
libbpf: map 'arena': found value [12], sz = 23199768.
libbpf: map 'arena': found max_entries = 1.
libbpf: sec '.relkretprobe/_Z9rope_normILb1ELb0Ef6__halfEvPKT1_PT2_iiiiiPKifff14rope_corr_dimsfPKfPKli': collecting relocation for section(3) 'kretprobe/_Z9rope_normILb1ELb0Ef6__halfEvPKT1_PT2_iiiiiPKifff14rope_corr_dimsfPKfPKli'
libbpf: sec '.relkretprobe/_Z9rope_normILb1ELb0Ef6__halfEvPKT1_PT2_iiiiiPKifff14rope_corr_dimsfPKfPKli': relo #0: insn #47 against 'arena'
libbpf: prog 'cuda__retprobe': found map 0 (arena, sec 4, off 0) for insn #47
libbpf: object 'onevalue_array_': failed (-EACCES) to open BPF FS mount at '/sys/fs/bpf', skipping optional step...
libbpf: Kernel doesn't support BTF, skipping uploading it.
libbpf: map 'arena': created successfully, fd=34
One-value map type: 1503
One-value map max entries: 1
One-value map value bytes: 23199768
One-value probe attached; waiting for SIGINT
[2026-09-06 20:32:05][warning][611499] Calling original ioctl: 8 3223340586 140377536169584
[2026-09-06 20:33:29][warning][611490] Calling original ioctl: 8 3223340586 140727786231632
One-value drain bytes: 23199768
One-value drain time ns: 10212145
Warp append counters total: 720896
Active warps: 16384
Coordinate extent x: 16384
Stored events: 720896
Event coordinate mismatches: 0
Reserved total committed (device): 0
Overflow events: 0
Out-of-range events: 0
Nonzero timestamps: 720896
[2026-09-06 20:33:29][warning][611490] Calling original ioctl: 9 34 140727786241312
[2026-09-06 20:33:29][warning][611490] Calling original ioctl: 8 3222292009 140727786241472
[2026-09-06 20:33:29][warning][611490] Calling original ioctl: 9 34 140727786243904
[2026-09-06 20:33:29][warning][611490] Calling original ioctl: 8 3222292009 140727786244064
[2026-09-06 20:33:29][warning][611490] Calling original ioctl: 9 34 140727786243904
[2026-09-06 20:33:29][warning][611490] Calling original ioctl: 8 3222292009 140727786244064
[2026-09-06 20:33:29][warning][611490] Calling original ioctl: 8 3222292009 140727786244784
[2026-09-06 20:33:29][warning][611490] Calling original ioctl: 26 3222292175 140727786244800
[2026-09-06 20:33:29][warning][611490] Calling original ioctl: 8 3222292009 140727786244784
[2026-09-06 20:33:29][warning][611490] Calling original ioctl: 28 3222292175 140727786244800
[2026-09-06 20:33:29][warning][611490] Calling original ioctl: 8 3222292009 140727786244784
[2026-09-06 20:33:29][warning][611490] Calling original ioctl: 24 3222292175 140727786244800
[2026-09-06 20:33:29][warning][611490] Calling original ioctl: 8 3222292009 140727786244784
[2026-09-06 20:33:29][warning][611490] Calling original ioctl: 30 3222292175 140727786244800
[2026-09-06 20:33:29][warning][611490] Calling original ioctl: 9 34 140727786243808
[2026-09-06 20:33:29][warning][611490] Calling original ioctl: 8 3222292009 140727786243968
[2026-09-06 20:33:29][warning][611490] Calling original ioctl: 9 34 140727786243808
[2026-09-06 20:33:29][warning][611490] Calling original ioctl: 8 3222292009 140727786243968
[2026-09-06 20:33:29][warning][611490] Calling original ioctl: 9 34 140727786243936
[2026-09-06 20:33:29][warning][611490] Calling original ioctl: 8 3223340623 140727786244144
[2026-09-06 20:33:29][warning][611490] Calling original ioctl: 8 3222292009 140727786244096
[2026-09-06 20:33:29][warning][611490] Calling original ioctl: 8 3222292009 140727786244864
[2026-09-06 20:33:29][warning][611490] Calling original ioctl: 9 34 140727786243920
[2026-09-06 20:33:29][warning][611490] Calling original ioctl: 8 3222292009 140727786244080
[2026-09-06 20:33:29][warning][611490] Calling original ioctl: 9 34 140727786243920
[2026-09-06 20:33:29][warning][611490] Calling original ioctl: 8 3223340623 140727786244128
[2026-09-06 20:33:29][warning][611490] Calling original ioctl: 8 3222292009 140727786244080
[2026-09-06 20:33:29][warning][611490] Calling original ioctl: 8 3223340586 140727786239792
[2026-09-06 20:33:29][warning][611490] Calling original ioctl: 9 34 140727786243744
[2026-09-06 20:33:29][warning][611490] Calling original ioctl: 8 3222292009 140727786243904
[2026-09-06 20:33:29][warning][611490] Calling original ioctl: 8 3223340586 140727786239792
[2026-09-06 20:33:29][warning][611490] Calling original ioctl: 9 34 140727786243744
[2026-09-06 20:33:29][warning][611490] Calling original ioctl: 8 3222292009 140727786243904
[2026-09-06 20:33:29][warning][611490] Calling original ioctl: 8 3223340586 140727786239792
[2026-09-06 20:33:29][warning][611490] Calling original ioctl: 9 34 140727786243744
[2026-09-06 20:33:29][warning][611490] Calling original ioctl: 8 3222292009 140727786243904
[2026-09-06 20:33:29][warning][611490] Calling original ioctl: 8 3223340586 140727786240688
[2026-09-06 20:33:29][warning][611490] Calling original ioctl: 9 34 140727786243968
[2026-09-06 20:33:29][warning][611490] Calling original ioctl: 9 34 140727786243968
[2026-09-06 20:33:29][warning][611490] Calling original ioctl: 8 3222292009 140727786244128
[2026-09-06 20:33:29][warning][611490] Calling original ioctl: 9 34 140727786243968
[2026-09-06 20:33:29][warning][611490] Calling original ioctl: 8 3222292009 140727786244128
[2026-09-06 20:33:29][warning][611490] Calling original ioctl: 9 34 140727786243920
[2026-09-06 20:33:29][warning][611490] Calling original ioctl: 8 3223340623 140727786244128
[2026-09-06 20:33:29][warning][611490] Calling original ioctl: 8 3222292009 140727786244080
[2026-09-06 20:33:29][warning][611490] Calling original ioctl: 9 24 140727786244960
[2026-09-06 20:33:29][warning][611490] Calling original ioctl: 9 24 140727786244960
[2026-09-06 20:33:29][warning][611490] Calling original ioctl: 9 24 140727786244992
[2026-09-06 20:33:29][warning][611490] Calling original ioctl: 9 24 140727786244960
[2026-09-06 20:33:29][warning][611490] Calling original ioctl: 9 24 140727786244960
[2026-09-06 20:33:29][warning][611490] Calling original ioctl: 9 24 140727786244960
[2026-09-06 20:33:29][warning][611490] Calling original ioctl: 9 24 140727786244960
[2026-09-06 20:33:29][warning][611490] Calling original ioctl: 9 34 140727786243856
[2026-09-06 20:33:29][warning][611490] Calling original ioctl: 8 3222292009 140727786244016
[2026-09-06 20:33:29][warning][611490] Calling original ioctl: 9 34 140727786243856
[2026-09-06 20:33:29][warning][611490] Calling original ioctl: 8 3222292009 140727786244016
[2026-09-06 20:33:29][warning][611490] Calling original ioctl: 9 34 140727786243968
[2026-09-06 20:33:29][warning][611490] Calling original ioctl: 8 3222292009 140727786244128
[2026-09-06 20:33:29][warning][611490] Calling original ioctl: 8 3222292009 140727786244704
[2026-09-06 20:33:29][warning][611490] Calling original ioctl: 17 3222292175 140727786244720
[2026-09-06 20:33:29][warning][611490] Calling original ioctl: 9 28 140727786244832
[2026-09-06 20:33:29][warning][611490] Calling original ioctl: 9 28 140727786244832
[2026-09-06 20:33:29][warning][611490] Calling original ioctl: 9 28 140727786244832
[2026-09-06 20:33:29][warning][611490] Calling original ioctl: 9 28 140727786244832
[2026-09-06 20:33:29][warning][611490] Calling original ioctl: 9 28 140727786244832
[2026-09-06 20:33:29][warning][611490] Calling original ioctl: 9 28 140727786244832
[2026-09-06 20:33:29][warning][611490] Calling original ioctl: 9 28 140727786244832
[2026-09-06 20:33:29][warning][611490] Calling original ioctl: 9 28 140727786244832
[2026-09-06 20:33:29][warning][611490] Calling original ioctl: 8 3222292009 140727786244592
[2026-09-06 20:33:29][warning][611490] Calling original ioctl: 8 3222292009 140727786244592
[2026-09-06 20:33:29][warning][611490] Calling original ioctl: 8 3222292009 140727786244640
[2026-09-06 20:33:29][warning][611490] Calling original ioctl: 8 3223340623 140727786243904
[2026-09-06 20:33:29][warning][611490] Calling original ioctl: 8 3222292009 140727786243856
[2026-09-06 20:33:29][warning][611490] Calling original ioctl: 8 3222292009 140727786244592
[2026-09-06 20:33:29][warning][611490] Calling original ioctl: 8 3222292009 140727786244640
[2026-09-06 20:33:29][warning][611490] Calling original ioctl: 8 3223340623 140727786243904
[2026-09-06 20:33:29][warning][611490] Calling original ioctl: 8 3222292009 140727786243856
[2026-09-06 20:33:29][warning][611490] Calling original ioctl: 8 3222292009 140727786244592
[2026-09-06 20:33:29][warning][611490] Calling original ioctl: 8 3222292009 140727786244592
[2026-09-06 20:33:29][warning][611490] Calling original ioctl: 8 3222292009 140727786244640
[2026-09-06 20:33:29][warning][611490] Calling original ioctl: 8 3223340623 140727786243904
[2026-09-06 20:33:29][warning][611490] Calling original ioctl: 8 3222292009 140727786243856
[2026-09-06 20:33:29][warning][611490] Calling original ioctl: 8 3222292009 140727786244592
[2026-09-06 20:33:29][warning][611490] Calling original ioctl: 8 3222292009 140727786244640
[2026-09-06 20:33:29][warning][611490] Calling original ioctl: 8 3223340623 140727786243904
[2026-09-06 20:33:29][warning][611490] Calling original ioctl: 8 3222292009 140727786243856
[2026-09-06 20:33:29][warning][611490] Calling original ioctl: 8 3222292009 140727786244592
[2026-09-06 20:33:29][warning][611490] Calling original ioctl: 8 3222292009 140727786244592
[2026-09-06 20:33:29][warning][611490] Calling original ioctl: 8 3222292009 140727786244640
[2026-09-06 20:33:29][warning][611490] Calling original ioctl: 8 3223340623 140727786243904
[2026-09-06 20:33:29][warning][611490] Calling original ioctl: 8 3222292009 140727786243856
[2026-09-06 20:33:29][warning][611490] Calling original ioctl: 8 3222292009 140727786244592
[2026-09-06 20:33:29][warning][611490] Calling original ioctl: 8 3222292009 140727786244640
[2026-09-06 20:33:29][warning][611490] Calling original ioctl: 8 3223340623 140727786243904
[2026-09-06 20:33:29][warning][611490] Calling original ioctl: 8 3222292009 140727786243856
[2026-09-06 20:33:29][warning][611490] Calling original ioctl: 8 3222292009 140727786244592
[2026-09-06 20:33:29][warning][611490] Calling original ioctl: 8 3222292009 140727786244592
[2026-09-06 20:33:29][warning][611490] Calling original ioctl: 8 3222292009 140727786244640
[2026-09-06 20:33:29][warning][611490] Calling original ioctl: 8 3223340623 140727786243904
[2026-09-06 20:33:29][warning][611490] Calling original ioctl: 8 3222292009 140727786243856
[2026-09-06 20:33:29][warning][611490] Calling original ioctl: 8 3222292009 140727786244592
[2026-09-06 20:33:29][warning][611490] Calling original ioctl: 8 3222292009 140727786244640
[2026-09-06 20:33:29][warning][611490] Calling original ioctl: 8 3223340623 140727786243904
[2026-09-06 20:33:29][warning][611490] Calling original ioctl: 8 3222292009 140727786243856
[2026-09-06 20:33:29][warning][611490] Calling original ioctl: 8 3222292009 140727786244768
[2026-09-06 20:33:29][warning][611490] Calling original ioctl: 8 3222292009 140727786244736
[2026-09-06 20:33:29][warning][611490] Calling original ioctl: 8 3222292009 140727786244704
[2026-09-06 20:33:29][warning][611490] Calling original ioctl: 19 3222292175 140727786244720
[2026-09-06 20:33:29][warning][611490] Calling original ioctl: 9 28 140727786244832
[2026-09-06 20:33:29][warning][611490] Calling original ioctl: 9 28 140727786244832
[2026-09-06 20:33:29][warning][611490] Calling original ioctl: 9 28 140727786244832
[2026-09-06 20:33:29][warning][611490] Calling original ioctl: 9 28 140727786244832
[2026-09-06 20:33:29][warning][611490] Calling original ioctl: 8 3222292009 140727786244592
[2026-09-06 20:33:29][warning][611490] Calling original ioctl: 8 3222292009 140727786244640
[2026-09-06 20:33:29][warning][611490] Calling original ioctl: 8 3223340623 140727786243904
[2026-09-06 20:33:29][warning][611490] Calling original ioctl: 8 3222292009 140727786243856
[2026-09-06 20:33:29][warning][611490] Calling original ioctl: 8 3222292009 140727786244592
[2026-09-06 20:33:29][warning][611490] Calling original ioctl: 8 3222292009 140727786244640
[2026-09-06 20:33:29][warning][611490] Calling original ioctl: 8 3223340623 140727786243904
[2026-09-06 20:33:29][warning][611490] Calling original ioctl: 8 3222292009 140727786243856
[2026-09-06 20:33:29][warning][611490] Calling original ioctl: 8 3222292009 140727786244592
[2026-09-06 20:33:29][warning][611490] Calling original ioctl: 8 3222292009 140727786244640
[2026-09-06 20:33:29][warning][611490] Calling original ioctl: 8 3223340623 140727786243904
[2026-09-06 20:33:29][warning][611490] Calling original ioctl: 8 3222292009 140727786243856
[2026-09-06 20:33:29][warning][611490] Calling original ioctl: 8 3222292009 140727786244592
[2026-09-06 20:33:29][warning][611490] Calling original ioctl: 8 3222292009 140727786244640
[2026-09-06 20:33:29][warning][611490] Calling original ioctl: 8 3223340623 140727786243904
[2026-09-06 20:33:29][warning][611490] Calling original ioctl: 8 3222292009 140727786243856
[2026-09-06 20:33:29][warning][611490] Calling original ioctl: 8 3222292009 140727786244736
[2026-09-06 20:33:29][warning][611490] Calling original ioctl: 8 3222292009 140727786244704
[2026-09-06 20:33:29][warning][611490] Calling original ioctl: 21 3222292175 140727786244720
[2026-09-06 20:33:29][warning][611490] Calling original ioctl: 9 28 140727786244832
[2026-09-06 20:33:29][warning][611490] Calling original ioctl: 9 28 140727786244832
[2026-09-06 20:33:29][warning][611490] Calling original ioctl: 9 28 140727786244832
[2026-09-06 20:33:29][warning][611490] Calling original ioctl: 9 28 140727786244832
[2026-09-06 20:33:29][warning][611490] Calling original ioctl: 8 3222292009 140727786244592
[2026-09-06 20:33:29][warning][611490] Calling original ioctl: 8 3222292009 140727786244640
[2026-09-06 20:33:29][warning][611490] Calling original ioctl: 8 3223340623 140727786243904
[2026-09-06 20:33:29][warning][611490] Calling original ioctl: 8 3222292009 140727786243856
[2026-09-06 20:33:29][warning][611490] Calling original ioctl: 8 3222292009 140727786244592
[2026-09-06 20:33:29][warning][611490] Calling original ioctl: 8 3222292009 140727786244640
[2026-09-06 20:33:29][warning][611490] Calling original ioctl: 8 3223340623 140727786243904
[2026-09-06 20:33:29][warning][611490] Calling original ioctl: 8 3222292009 140727786243856
[2026-09-06 20:33:29][warning][611490] Calling original ioctl: 8 3222292009 140727786244592
[2026-09-06 20:33:29][warning][611490] Calling original ioctl: 8 3222292009 140727786244640
[2026-09-06 20:33:29][warning][611490] Calling original ioctl: 8 3223340623 140727786243904
[2026-09-06 20:33:29][warning][611490] Calling original ioctl: 8 3222292009 140727786243856
[2026-09-06 20:33:29][warning][611490] Calling original ioctl: 8 3222292009 140727786244592
[2026-09-06 20:33:29][warning][611490] Calling original ioctl: 8 3222292009 140727786244640
[2026-09-06 20:33:29][warning][611490] Calling original ioctl: 8 3223340623 140727786243904
[2026-09-06 20:33:29][warning][611490] Calling original ioctl: 8 3222292009 140727786243856
[2026-09-06 20:33:29][warning][611490] Calling original ioctl: 9 34 140727786243664
[2026-09-06 20:33:29][warning][611490] Calling original ioctl: 8 3223340623 140727786243872
[2026-09-06 20:33:29][warning][611490] Calling original ioctl: 8 3222292009 140727786243824
[2026-09-06 20:33:29][warning][611490] Calling original ioctl: 9 34 140727786243664
[2026-09-06 20:33:29][warning][611490] Calling original ioctl: 8 3223340623 140727786243872
[2026-09-06 20:33:29][warning][611490] Calling original ioctl: 8 3222292009 140727786243824
[2026-09-06 20:33:29][warning][611490] Calling original ioctl: 8 3222292009 140727786244736
[2026-09-06 20:33:29][warning][611490] Calling original ioctl: 9 34 140727786243968
[2026-09-06 20:33:29][warning][611490] Calling original ioctl: 8 3222292009 140727786244128
[2026-09-06 20:33:29][warning][611490] Calling original ioctl: 9 34 140727786243872
[2026-09-06 20:33:29][warning][611490] Calling original ioctl: 8 3222292009 140727786244032
[2026-09-06 20:33:29][warning][611490] Calling original ioctl: 9 34 140727786243968
[2026-09-06 20:33:29][warning][611490] Calling original ioctl: 8 3222292009 140727786244128
[2026-09-06 20:33:29][warning][611490] Calling original ioctl: 9 34 140727786243920
[2026-09-06 20:33:29][warning][611490] Calling original ioctl: 8 3222292009 140727786244080
[2026-09-06 20:33:29][warning][611490] Calling original ioctl: 9 34 140727786243904
[2026-09-06 20:33:29][warning][611490] Calling original ioctl: 8 3223340623 140727786244112
[2026-09-06 20:33:29][warning][611490] Calling original ioctl: 8 3222292009 140727786244064
[2026-09-06 20:33:29][warning][611490] Calling original ioctl: 9 34 140727786243904
[2026-09-06 20:33:29][warning][611490] Calling original ioctl: 8 3223340623 140727786244112
[2026-09-06 20:33:29][warning][611490] Calling original ioctl: 8 3222292009 140727786244064
[2026-09-06 20:33:29][warning][611490] Calling original ioctl: 9 34 140727786243920
[2026-09-06 20:33:29][warning][611490] Calling original ioctl: 8 3222292009 140727786244080
[2026-09-06 20:33:29][warning][611490] Calling original ioctl: 9 34 140727786243920
[2026-09-06 20:33:29][warning][611490] Calling original ioctl: 8 3222292009 140727786244080
[2026-09-06 20:33:29][warning][611490] Calling original ioctl: 9 34 140727786244080
[2026-09-06 20:33:29][warning][611490] Calling original ioctl: 8 3223340586 140727786240672
