[2026-09-09 02:58:38][warning][418904] Calling original ioctl: 8 3223340586 140721847694608
[2026-09-09 02:58:38][warning][418904] Calling original ioctl: 8 3223340586 140721847694624
[2026-09-09 02:58:38][warning][418904] Calling original ioctl: 8 3223340586 140721847694672
[2026-09-09 02:58:38][warning][418904] Calling original ioctl: 9 25 140721847698992
[2026-09-09 02:58:38][warning][418904] Calling original ioctl: 8 3224389163 140721847696256
[2026-09-09 02:58:38][warning][418904] Calling original ioctl: 9 73 140721847695440
[2026-09-09 02:58:38][warning][418904] Calling original ioctl: 9 33 140721847686208
[2026-09-09 02:58:38][warning][418904] Calling original ioctl: 8 3224389163 140721847695936
[2026-09-09 02:58:38][warning][418904] Calling original ioctl: 9 73 140721847695120
[2026-09-09 02:58:38][warning][418904] Calling original ioctl: 9 33 140721847685888
[2026-09-09 02:58:38][warning][418904] Calling original ioctl: 8 3224389163 140721847695936
[2026-09-09 02:58:38][warning][418904] Calling original ioctl: 9 73 140721847695120
[2026-09-09 02:58:38][warning][418904] Calling original ioctl: 9 33 140721847685888
[2026-09-09 02:58:38][warning][418904] Calling original ioctl: 8 3224389163 140721847696432
[2026-09-09 02:58:38][warning][418904] Calling original ioctl: 9 73 140721847695616
[2026-09-09 02:58:38][warning][418904] Calling original ioctl: 9 33 140721847686384
[2026-09-09 02:58:38][warning][418904] Calling original ioctl: 8 3224389163 140721847698112
[2026-09-09 02:58:38][warning][418904] Calling original ioctl: 8 3224389163 140721847698096
[2026-09-09 02:58:38][warning][418904] Calling original ioctl: 8 3224389163 140721847694336
[2026-09-09 02:58:38][warning][418904] Calling original ioctl: 8 3223340586 140721847689920
[2026-09-09 02:58:38][warning][418904] Calling original ioctl: 8 3224913486 140721847694464
[2026-09-09 02:58:38][warning][418904] Calling original ioctl: 8 3223864926 140721847694416
[2026-09-09 02:58:38][warning][418904] Calling original ioctl: 9 73 140721847693520
[2026-09-09 02:58:38][warning][418904] Calling original ioctl: 9 33 140721847684288
[2026-09-09 02:58:38][warning][418904] Calling original ioctl: 8 3224389163 140721847693872
[2026-09-09 02:58:38][warning][418904] Calling original ioctl: 8 3223340586 140721847689456
[2026-09-09 02:58:38][warning][418904] Calling original ioctl: 8 3224913486 140721847694000
[2026-09-09 02:58:38][warning][418904] Calling original ioctl: 9 73 140721847693056
[2026-09-09 02:58:38][warning][418904] Calling original ioctl: 9 33 140721847683824
[2026-09-09 02:58:38][warning][418904] Calling original ioctl: 8 3224389163 140721847694720
[2026-09-09 02:58:38][warning][418904] Calling original ioctl: 8 3223340586 140721847690304
[2026-09-09 02:58:38][warning][418904] Calling original ioctl: 8 3224913486 140721847694848
[2026-09-09 02:58:38][warning][418904] Calling original ioctl: 8 3224389163 140721847696576
[2026-09-09 02:58:38][warning][418904] Calling original ioctl: 8 3223340586 140721847692608
[2026-09-09 02:58:38][warning][418904] Calling original ioctl: 8 3224389163 140721847696864
[2026-09-09 02:58:38][warning][418904] Calling original ioctl: 8 3223340586 140721847692544
[2026-09-09 02:58:38][warning][418904] Calling original ioctl: 8 3224389163 140721847696864
[2026-09-09 02:58:38][warning][418904] Calling original ioctl: 8 3223340586 140721847692544
[2026-09-09 02:58:38][warning][418904] Calling original ioctl: 8 3223340586 140721847692624
[2026-09-09 02:58:38][warning][418904] Calling original ioctl: 8 3223340586 140721847692624
[2026-09-09 02:58:38][warning][418904] Calling original ioctl: 8 3224389163 140721847695520
[2026-09-09 02:58:38][warning][418904] Calling original ioctl: 8 3223340586 140721847691104
[2026-09-09 02:58:38][warning][418904] Calling original ioctl: 8 3224913486 140721847695648
[2026-09-09 02:58:38][warning][418904] Calling original ioctl: 9 73 140721847694704
[2026-09-09 02:58:38][warning][418904] Calling original ioctl: 9 33 140721847685472
[2026-09-09 02:58:38][warning][418904] Calling original ioctl: 8 3224389163 140721847694720
[2026-09-09 02:58:38][warning][418904] Calling original ioctl: 8 3223340586 140721847690304
[2026-09-09 02:58:38][warning][418904] Calling original ioctl: 8 3224913486 140721847694848
[2026-09-09 02:58:38][warning][418904] Calling original ioctl: 8 3224389163 140721847696576
[2026-09-09 02:58:38][warning][418904] Calling original ioctl: 8 3223340586 140721847692608
[2026-09-09 02:58:38][warning][418904] Calling original ioctl: 8 3224389163 140721847696864
[2026-09-09 02:58:38][warning][418904] Calling original ioctl: 8 3223340586 140721847692544
[2026-09-09 02:58:38][warning][418904] Calling original ioctl: 8 3223340586 140721847692624
[2026-09-09 02:58:38][warning][418904] Calling original ioctl: 8 3223340586 140721847692624
[2026-09-09 02:58:38][warning][418904] Calling original ioctl: 8 3224389163 140721847694720
[2026-09-09 02:58:38][warning][418904] Calling original ioctl: 8 3223340586 140721847690304
[2026-09-09 02:58:38][warning][418904] Calling original ioctl: 8 3224913486 140721847694848
[2026-09-09 02:58:38][warning][418904] Calling original ioctl: 8 3224389163 140721847696576
[2026-09-09 02:58:38][warning][418904] Calling original ioctl: 8 3223340586 140721847692608
[2026-09-09 02:58:38][warning][418904] Calling original ioctl: 8 3224389163 140721847696864
[2026-09-09 02:58:38][warning][418904] Calling original ioctl: 8 3223340586 140721847692544
[2026-09-09 02:58:38][warning][418904] Calling original ioctl: 8 3224389163 140721847696864
[2026-09-09 02:58:38][warning][418904] Calling original ioctl: 8 3223340586 140721847692544
[2026-09-09 02:58:38][warning][418904] Calling original ioctl: 8 3223340586 140721847692624
[2026-09-09 02:58:38][warning][418904] Calling original ioctl: 8 3223340586 140721847692624
[2026-09-09 02:58:38][warning][418904] Calling original ioctl: 8 3224389163 140721847694720
[2026-09-09 02:58:38][warning][418904] Calling original ioctl: 8 3223340586 140721847690304
[2026-09-09 02:58:38][warning][418904] Calling original ioctl: 8 3224913486 140721847694848
[2026-09-09 02:58:38][warning][418904] Calling original ioctl: 8 3224389163 140721847696576
[2026-09-09 02:58:38][warning][418904] Calling original ioctl: 8 3223340586 140721847692608
[2026-09-09 02:58:38][warning][418904] Calling original ioctl: 8 3224389163 140721847696864
[2026-09-09 02:58:38][warning][418904] Calling original ioctl: 8 3223340586 140721847692544
[2026-09-09 02:58:38][warning][418904] Calling original ioctl: 8 3223340586 140721847692624
[2026-09-09 02:58:38][warning][418904] Calling original ioctl: 8 3223340586 140721847692624
[2026-09-09 02:58:38][warning][418904] Calling original ioctl: 8 3224389163 140721847694720
[2026-09-09 02:58:38][warning][418904] Calling original ioctl: 8 3223340586 140721847690304
[2026-09-09 02:58:38][warning][418904] Calling original ioctl: 8 3224913486 140721847694848
[2026-09-09 02:58:38][warning][418904] Calling original ioctl: 8 3224389163 140721847696576
[2026-09-09 02:58:38][warning][418904] Calling original ioctl: 8 3223340586 140721847692608
[2026-09-09 02:58:38][warning][418904] Calling original ioctl: 8 3224389163 140721847696864
[2026-09-09 02:58:38][warning][418904] Calling original ioctl: 8 3223340586 140721847692544
[2026-09-09 02:58:38][warning][418904] Calling original ioctl: 8 3224389163 140721847696864
[2026-09-09 02:58:38][warning][418904] Calling original ioctl: 8 3223340586 140721847692544
[2026-09-09 02:58:38][warning][418904] Calling original ioctl: 8 3223340586 140721847692624
[2026-09-09 02:58:38][warning][418904] Calling original ioctl: 8 3223340586 140721847692624
[2026-09-09 02:58:38][warning][418904] Calling original ioctl: 8 3224389163 140721847694720
[2026-09-09 02:58:38][warning][418904] Calling original ioctl: 8 3223340586 140721847690304
[2026-09-09 02:58:38][warning][418904] Calling original ioctl: 8 3224913486 140721847694848
[2026-09-09 02:58:38][warning][418904] Calling original ioctl: 8 3224389163 140721847696576
[2026-09-09 02:58:38][warning][418904] Calling original ioctl: 8 3223340586 140721847692608
[2026-09-09 02:58:38][warning][418904] Calling original ioctl: 8 3224389163 140721847696864
[2026-09-09 02:58:38][warning][418904] Calling original ioctl: 8 3223340586 140721847692544
[2026-09-09 02:58:38][warning][418904] Calling original ioctl: 8 3223340586 140721847692624
[2026-09-09 02:58:38][warning][418904] Calling original ioctl: 8 3223340586 140721847692624
[2026-09-09 02:58:38][warning][418904] Calling original ioctl: 8 3224389163 140721847694720
[2026-09-09 02:58:38][warning][418904] Calling original ioctl: 8 3223340586 140721847690304
[2026-09-09 02:58:38][warning][418904] Calling original ioctl: 8 3224913486 140721847694848
[2026-09-09 02:58:38][warning][418904] Calling original ioctl: 8 3224389163 140721847696576
[2026-09-09 02:58:38][warning][418904] Calling original ioctl: 8 3223340586 140721847692608
[2026-09-09 02:58:38][warning][418904] Calling original ioctl: 8 3224389163 140721847696864
[2026-09-09 02:58:38][warning][418904] Calling original ioctl: 8 3223340586 140721847692544
[2026-09-09 02:58:38][warning][418904] Calling original ioctl: 8 3224389163 140721847696864
[2026-09-09 02:58:38][warning][418904] Calling original ioctl: 8 3223340586 140721847692544
[2026-09-09 02:58:38][warning][418904] Calling original ioctl: 8 3223340586 140721847692624
[2026-09-09 02:58:38][warning][418904] Calling original ioctl: 8 3223340586 140721847692624
[2026-09-09 02:58:38][warning][418904] Calling original ioctl: 8 3224389163 140721847694720
[2026-09-09 02:58:38][warning][418904] Calling original ioctl: 8 3223340586 140721847690304
[2026-09-09 02:58:38][warning][418904] Calling original ioctl: 8 3224913486 140721847694848
[2026-09-09 02:58:38][warning][418904] Calling original ioctl: 8 3224389163 140721847696576
[2026-09-09 02:58:38][warning][418904] Calling original ioctl: 8 3223340586 140721847692608
[2026-09-09 02:58:38][warning][418904] Calling original ioctl: 8 3224389163 140721847696864
[2026-09-09 02:58:38][warning][418904] Calling original ioctl: 8 3223340586 140721847692544
[2026-09-09 02:58:38][warning][418904] Calling original ioctl: 8 3223340586 140721847692624
[2026-09-09 02:58:38][warning][418904] Calling original ioctl: 8 3223340586 140721847692624
[2026-09-09 02:58:38][warning][418904] Calling original ioctl: 9 27 140721847698544
[2026-09-09 02:58:38][warning][418904] Calling original ioctl: 9 27 140721847698544
[2026-09-09 02:58:38][warning][418904] Calling original ioctl: 9 27 140721847698544
[2026-09-09 02:58:38][warning][418904] Calling original ioctl: 9 27 140721847698544
[2026-09-09 02:58:38][warning][418904] Calling original ioctl: 9 27 140721847698544
[2026-09-09 02:58:38][warning][418904] Calling original ioctl: 9 27 140721847698544
[2026-09-09 02:58:38][warning][418904] Calling original ioctl: 9 27 140721847698544
[2026-09-09 02:58:38][warning][418904] Calling original ioctl: 9 27 140721847698544
[2026-09-09 02:58:38][warning][418904] Calling original ioctl: 8 3223340586 140721847694208
[2026-09-09 02:58:38][warning][418904] Calling original ioctl: 17 3221505737 140721847698304
[2026-09-09 02:58:38][warning][418904] Calling original ioctl: 17 3222292174 140721847698288
[2026-09-09 02:58:38][warning][418904] Calling original ioctl: 17 3224389163 140721847698272
[2026-09-09 02:58:38][warning][418904] Calling original ioctl: 8 3224389163 140721847698112
[2026-09-09 02:58:38][warning][418904] Calling original ioctl: 8 3224389163 140721847694720
[2026-09-09 02:58:38][warning][418904] Calling original ioctl: 8 3223340586 140721847690304
[2026-09-09 02:58:38][warning][418904] Calling original ioctl: 8 3224913486 140721847694848
[2026-09-09 02:58:38][warning][418904] Calling original ioctl: 8 3224389163 140721847696576
[2026-09-09 02:58:38][warning][418904] Calling original ioctl: 8 3223340586 140721847692608
[2026-09-09 02:58:38][warning][418904] Calling original ioctl: 8 3224389163 140721847696864
[2026-09-09 02:58:38][warning][418904] Calling original ioctl: 8 3223340586 140721847692544
[2026-09-09 02:58:38][warning][418904] Calling original ioctl: 8 3223340586 140721847692624
[2026-09-09 02:58:38][warning][418904] Calling original ioctl: 8 3224389163 140721847694720
[2026-09-09 02:58:38][warning][418904] Calling original ioctl: 8 3223340586 140721847690304
[2026-09-09 02:58:38][warning][418904] Calling original ioctl: 8 3224913486 140721847694848
[2026-09-09 02:58:38][warning][418904] Calling original ioctl: 8 3224389163 140721847696576
[2026-09-09 02:58:38][warning][418904] Calling original ioctl: 8 3223340586 140721847692608
[2026-09-09 02:58:38][warning][418904] Calling original ioctl: 8 3224389163 140721847696864
[2026-09-09 02:58:38][warning][418904] Calling original ioctl: 8 3223340586 140721847692544
[2026-09-09 02:58:38][warning][418904] Calling original ioctl: 8 3223340586 140721847692624
[2026-09-09 02:58:38][warning][418904] Calling original ioctl: 8 3224389163 140721847694720
[2026-09-09 02:58:38][warning][418904] Calling original ioctl: 8 3223340586 140721847690304
[2026-09-09 02:58:38][warning][418904] Calling original ioctl: 8 3224913486 140721847694848
[2026-09-09 02:58:38][warning][418904] Calling original ioctl: 8 3224389163 140721847696576
[2026-09-09 02:58:38][warning][418904] Calling original ioctl: 8 3223340586 140721847692608
[2026-09-09 02:58:38][warning][418904] Calling original ioctl: 8 3224389163 140721847696864
[2026-09-09 02:58:38][warning][418904] Calling original ioctl: 8 3223340586 140721847692544
[2026-09-09 02:58:38][warning][418904] Calling original ioctl: 8 3223340586 140721847692624
[2026-09-09 02:58:38][warning][418904] Calling original ioctl: 8 3224389163 140721847694720
[2026-09-09 02:58:38][warning][418904] Calling original ioctl: 8 3223340586 140721847690304
[2026-09-09 02:58:38][warning][418904] Calling original ioctl: 8 3224913486 140721847694848
[2026-09-09 02:58:38][warning][418904] Calling original ioctl: 8 3224389163 140721847696576
[2026-09-09 02:58:38][warning][418904] Calling original ioctl: 8 3223340586 140721847692608
[2026-09-09 02:58:38][warning][418904] Calling original ioctl: 8 3224389163 140721847696864
[2026-09-09 02:58:38][warning][418904] Calling original ioctl: 8 3223340586 140721847692544
[2026-09-09 02:58:38][warning][418904] Calling original ioctl: 8 3223340586 140721847692624
[2026-09-09 02:58:38][warning][418904] Calling original ioctl: 9 27 140721847698544
[2026-09-09 02:58:38][warning][418904] Calling original ioctl: 9 27 140721847698544
[2026-09-09 02:58:38][warning][418904] Calling original ioctl: 9 27 140721847698544
[2026-09-09 02:58:38][warning][418904] Calling original ioctl: 9 27 140721847698544
[2026-09-09 02:58:38][warning][418904] Calling original ioctl: 8 3223340586 140721847694208
[2026-09-09 02:58:38][warning][418904] Calling original ioctl: 19 3221505737 140721847698304
[2026-09-09 02:58:38][warning][418904] Calling original ioctl: 19 3222292174 140721847698288
[2026-09-09 02:58:38][warning][418904] Calling original ioctl: 19 3224389163 140721847698272
[2026-09-09 02:58:38][warning][418904] Calling original ioctl: 8 3224389163 140721847698112
[2026-09-09 02:58:38][warning][418904] Calling original ioctl: 8 3224389163 140721847694720
[2026-09-09 02:58:38][warning][418904] Calling original ioctl: 8 3223340586 140721847690304
[2026-09-09 02:58:38][warning][418904] Calling original ioctl: 8 3224913486 140721847694848
[2026-09-09 02:58:38][warning][418904] Calling original ioctl: 8 3224389163 140721847696576
[2026-09-09 02:58:38][warning][418904] Calling original ioctl: 8 3223340586 140721847692608
[2026-09-09 02:58:38][warning][418904] Calling original ioctl: 8 3224389163 140721847696864
[2026-09-09 02:58:38][warning][418904] Calling original ioctl: 8 3223340586 140721847692544
[2026-09-09 02:58:38][warning][418904] Calling original ioctl: 8 3223340586 140721847692624
[2026-09-09 02:58:38][warning][418904] Calling original ioctl: 8 3224389163 140721847694720
[2026-09-09 02:58:38][warning][418904] Calling original ioctl: 8 3223340586 140721847690304
[2026-09-09 02:58:38][warning][418904] Calling original ioctl: 8 3224913486 140721847694848
[2026-09-09 02:58:38][warning][418904] Calling original ioctl: 8 3224389163 140721847696576
[2026-09-09 02:58:38][warning][418904] Calling original ioctl: 8 3223340586 140721847692608
[2026-09-09 02:58:38][warning][418904] Calling original ioctl: 8 3224389163 140721847696864
[2026-09-09 02:58:38][warning][418904] Calling original ioctl: 8 3223340586 140721847692544
[2026-09-09 02:58:38][warning][418904] Calling original ioctl: 8 3223340586 140721847692624
[2026-09-09 02:58:38][warning][418904] Calling original ioctl: 8 3224389163 140721847694720
[2026-09-09 02:58:38][warning][418904] Calling original ioctl: 8 3223340586 140721847690304
[2026-09-09 02:58:38][warning][418904] Calling original ioctl: 8 3224913486 140721847694848
[2026-09-09 02:58:38][warning][418904] Calling original ioctl: 8 3224389163 140721847696576
[2026-09-09 02:58:38][warning][418904] Calling original ioctl: 8 3223340586 140721847692608
[2026-09-09 02:58:38][warning][418904] Calling original ioctl: 8 3224389163 140721847696864
[2026-09-09 02:58:38][warning][418904] Calling original ioctl: 8 3223340586 140721847692544
[2026-09-09 02:58:38][warning][418904] Calling original ioctl: 8 3223340586 140721847692624
[2026-09-09 02:58:38][warning][418904] Calling original ioctl: 8 3224389163 140721847694720
[2026-09-09 02:58:38][warning][418904] Calling original ioctl: 8 3223340586 140721847690304
[2026-09-09 02:58:38][warning][418904] Calling original ioctl: 8 3224913486 140721847694848
[2026-09-09 02:58:38][warning][418904] Calling original ioctl: 8 3224389163 140721847696576
[2026-09-09 02:58:38][warning][418904] Calling original ioctl: 8 3223340586 140721847692608
[2026-09-09 02:58:38][warning][418904] Calling original ioctl: 8 3224389163 140721847696864
[2026-09-09 02:58:38][warning][418904] Calling original ioctl: 8 3223340586 140721847692544
[2026-09-09 02:58:38][warning][418904] Calling original ioctl: 8 3223340586 140721847692624
[2026-09-09 02:58:38][warning][418904] Calling original ioctl: 9 27 140721847698544
[2026-09-09 02:58:38][warning][418904] Calling original ioctl: 9 27 140721847698544
[2026-09-09 02:58:38][warning][418904] Calling original ioctl: 9 27 140721847698544
[2026-09-09 02:58:38][warning][418904] Calling original ioctl: 9 27 140721847698544
[2026-09-09 02:58:38][warning][418904] Calling original ioctl: 8 3223340586 140721847694208
[2026-09-09 02:58:38][warning][418904] Calling original ioctl: 21 3221505737 140721847698304
[2026-09-09 02:58:38][warning][418904] Calling original ioctl: 21 3222292174 140721847698288
[2026-09-09 02:58:38][warning][418904] Calling original ioctl: 21 3224389163 140721847698272
[2026-09-09 02:58:38][warning][418904] Calling original ioctl: 8 3224389163 140721847695744
[2026-09-09 02:58:38][warning][418904] Calling original ioctl: 8 3223340586 140721847691328
[2026-09-09 02:58:38][warning][418904] Calling original ioctl: 8 3224913486 140721847695872
[2026-09-09 02:58:38][warning][418904] Calling original ioctl: 9 73 140721847694928
[2026-09-09 02:58:38][warning][418904] Calling original ioctl: 9 33 140721847685696
[2026-09-09 02:58:38][warning][418904] Calling original ioctl: 8 3224389163 140721847696048
[2026-09-09 02:58:38][warning][418904] Calling original ioctl: 9 73 140721847695232
[2026-09-09 02:58:38][warning][418904] Calling original ioctl: 9 33 140721847686000
[2026-09-09 02:58:38][warning][418904] Calling original ioctl: 9 68 140721847685392
[2026-09-09 02:58:38][warning][418904] Calling original ioctl: 9 72 140721847694496
[2026-09-09 02:58:38][warning][418904] Calling original ioctl: 9 23 140721847698848
[2026-09-09 02:58:38][warning][418904] Calling original ioctl: 9 23 140721847698848
[2026-09-09 02:58:38][warning][418904] Calling original ioctl: 9 23 140721847698848
[2026-09-09 02:58:38][warning][418904] Calling original ioctl: 9 23 140721847698848
[2026-09-09 02:58:38][warning][418904] Calling original ioctl: 8 3224389163 140721847696048
[2026-09-09 02:58:38][warning][418904] Calling original ioctl: 9 73 140721847695232
[2026-09-09 02:58:38][warning][418904] Calling original ioctl: 9 33 140721847686000
[2026-09-09 02:58:38][warning][418904] Calling original ioctl: 9 23 140721847698848
[2026-09-09 02:58:38][warning][418904] Calling original ioctl: 9 23 140721847698848
[2026-09-09 02:58:38][warning][418904] Calling original ioctl: 9 23 140721847698848
[2026-09-09 02:58:38][warning][418904] Calling original ioctl: 8 3224389163 140721847695472
[2026-09-09 02:58:38][warning][418904] Calling original ioctl: 8 3223340586 140721847691056
[2026-09-09 02:58:38][warning][418904] Calling original ioctl: 8 3224913486 140721847695600
[2026-09-09 02:58:38][warning][418904] Calling original ioctl: 9 73 140721847694656
[2026-09-09 02:58:38][warning][418904] Calling original ioctl: 9 33 140721847685424
[2026-09-09 02:58:38][warning][418904] Calling original ioctl: 12 3224913447 140721847695456
[2026-09-09 02:58:38][warning][418904] Calling original ioctl: 9 73 140721847694656
[2026-09-09 02:58:38][warning][418904] Calling original ioctl: 9 33 140721847685424
[2026-09-09 02:58:38][warning][418904] Calling original ioctl: 8 3224389163 140721847696336
[2026-09-09 02:58:38][warning][418904] Calling original ioctl: 9 73 140721847695520
[2026-09-09 02:58:38][warning][418904] Calling original ioctl: 9 33 140721847686288
[2026-09-09 02:58:38][warning][418904] Calling original ioctl: 12 3224913447 140721847695712
[2026-09-09 02:58:38][warning][418904] Calling original ioctl: 9 73 140721847694912
[2026-09-09 02:58:38][warning][418904] Calling original ioctl: 9 33 140721847685680
[2026-09-09 02:58:38][warning][418904] Calling original ioctl: 8 3224389163 140721847695728
[2026-09-09 02:58:38][warning][418904] Calling original ioctl: 9 73 140721847694912
[2026-09-09 02:58:38][warning][418904] Calling original ioctl: 9 33 140721847685680
[2026-09-09 02:58:38][warning][418904] Calling original ioctl: 9 65 140721847696000
[2026-09-09 02:58:38][warning][418904] Calling original ioctl: 12 3224913447 140721847696816
[2026-09-09 02:58:38][warning][418904] Calling original ioctl: 9 73 140721847696016
[2026-09-09 02:58:38][warning][418904] Calling original ioctl: 9 33 140721847686784
[2026-09-09 02:58:38][warning][418904] Calling original ioctl: 8 3224389163 140721847696832
[2026-09-09 02:58:38][warning][418904] Calling original ioctl: 9 73 140721847696016
[2026-09-09 02:58:38][warning][418904] Calling original ioctl: 9 33 140721847686784
[2026-09-09 02:58:38][warning][418904] Calling original ioctl: 8 3224389163 140721847696400
[2026-09-09 02:58:38][warning][418904] Calling original ioctl: 8 3223340586 140721847691984
[2026-09-09 02:58:38][warning][418904] Calling original ioctl: 8 3224913486 140721847696528
[2026-09-09 02:58:38][warning][418904] Calling original ioctl: 9 73 140721847695584
[2026-09-09 02:58:38][warning][418904] Calling original ioctl: 9 33 140721847686352
[2026-09-09 02:58:38][warning][418904] Calling original ioctl: 8 3224389163 140721847694112
[2026-09-09 02:58:38][warning][418904] Calling original ioctl: 9 73 140721847693296
[2026-09-09 02:58:38][warning][418904] Calling original ioctl: 9 33 140721847684064
[2026-09-09 02:58:38][warning][418904] Calling original ioctl: 8 3224389163 140721847694032
[2026-09-09 02:58:38][warning][418904] Calling original ioctl: 9 73 140721847693216
[2026-09-09 02:58:38][warning][418904] Calling original ioctl: 9 33 140721847683984
[2026-09-09 02:58:38][warning][418904] Calling original ioctl: 8 3224389163 140721847694032
[2026-09-09 02:58:38][warning][418904] Calling original ioctl: 9 73 140721847693216
[2026-09-09 02:58:38][warning][418904] Calling original ioctl: 9 33 140721847683984
[2026-09-09 02:58:38][warning][418904] Calling original ioctl: 12 3224913447 140721847696368
[2026-09-09 02:58:38][warning][418904] Calling original ioctl: 9 73 140721847695568
[2026-09-09 02:58:38][warning][418904] Calling original ioctl: 9 33 140721847686336
[2026-09-09 02:58:38][warning][418904] Calling original ioctl: 8 3224389163 140721847698976
[2026-09-09 02:58:38][warning][418904] Calling original ioctl: 8 3224389163 140721847695872
[2026-09-09 02:58:38][warning][418904] Calling original ioctl: 8 3223340586 140721847691456
[2026-09-09 02:58:38][warning][418904] Calling original ioctl: 8 3224913486 140721847696000
[2026-09-09 02:58:38][warning][418904] Calling original ioctl: 9 73 140721847695056
[2026-09-09 02:58:38][warning][418904] Calling original ioctl: 9 33 140721847685824
[2026-09-09 02:58:38][warning][418904] Calling original ioctl: 8 3224389163 140721847696192
[2026-09-09 02:58:38][warning][418904] Calling original ioctl: 9 73 140721847695376
[2026-09-09 02:58:38][warning][418904] Calling original ioctl: 9 33 140721847686144
[2026-09-09 02:58:38][warning][418904] Calling original ioctl: 8 3224389163 140721847696192
[2026-09-09 02:58:38][warning][418904] Calling original ioctl: 9 73 140721847695376
[2026-09-09 02:58:38][warning][418904] Calling original ioctl: 9 33 140721847686144
[2026-09-09 02:58:38][warning][418904] Calling original ioctl: 24 3221505737 140721847698640
[2026-09-09 02:58:38][warning][418904] Calling original ioctl: 24 3222292174 140721847698624
[2026-09-09 02:58:38][warning][418904] Calling original ioctl: 24 3224389163 140721847698608
[2026-09-09 02:58:38][warning][418904] Calling original ioctl: 26 3221505737 140721847698640
[2026-09-09 02:58:38][warning][418904] Calling original ioctl: 26 3222292174 140721847698624
[2026-09-09 02:58:38][warning][418904] Calling original ioctl: 26 3224389163 140721847698608
[2026-09-09 02:58:38][warning][418904] Calling original ioctl: 28 3221505737 140721847698640
[2026-09-09 02:58:38][warning][418904] Calling original ioctl: 28 3222292174 140721847698624
[2026-09-09 02:58:38][warning][418904] Calling original ioctl: 28 3224389163 140721847698608
[2026-09-09 02:58:38][warning][418904] Calling original ioctl: 30 3221505737 140721847698640
[2026-09-09 02:58:38][warning][418904] Calling original ioctl: 30 3222292174 140721847698624
[2026-09-09 02:58:38][warning][418904] Calling original ioctl: 30 3224389163 140721847698608
[2026-09-09 02:58:38][warning][418904] Calling original ioctl: 8 3223340586 140721847694352
[2026-09-09 02:58:38][warning][418904] Calling original ioctl: 8 3223340586 140721847694528
[2026-09-09 02:58:38][warning][418904] Calling original ioctl: 8 3223340586 140721847694688
[2026-09-09 02:58:38][warning][418904] Calling original ioctl: 8 3224389163 140721847696160
[2026-09-09 02:58:38][warning][418904] Calling original ioctl: 9 73 140721847695344
[2026-09-09 02:58:38][warning][418904] Calling original ioctl: 9 33 140721847686112
[2026-09-09 02:58:38][warning][418904] Calling original ioctl: 8 3223340586 140721847694688
libbpf: loading object 'full_record_device_buffer_bpf' from buffer
libbpf: elf: section(2) .symtab, size 240, link 1, flags 0, type=2
libbpf: elf: section(3) kretprobe/_Z9rope_normILb1ELb0Ef6__halfEvPKT1_PT2_iiiiiPKifff14rope_corr_dimsfPKfPKli, size 1152, link 0, flags 6, type=1
libbpf: sec 'kretprobe/_Z9rope_normILb1ELb0Ef6__halfEvPKT1_PT2_iiiiiPKifff14rope_corr_dimsfPKfPKli': found program 'cuda__retprobe' at insn offset 0 (0 bytes), code size 144 insns (1152 bytes)
libbpf: elf: section(4) .maps, size 32, link 0, flags 3, type=1
libbpf: elf: section(5) license, size 4, link 0, flags 3, type=1
libbpf: license of full_record_device_buffer_bpf is GPL
libbpf: elf: section(6) .relkretprobe/_Z9rope_normILb1ELb0Ef6__halfEvPKT1_PT2_iiiiiPKifff14rope_corr_dimsfPKfPKli, size 32, link 2, flags 40, type=9
libbpf: elf: section(7) .BTF, size 2852, link 0, flags 0, type=1
libbpf: elf: section(8) .BTF.ext, size 1200, link 0, flags 0, type=1
libbpf: looking for externs among 10 symbols...
libbpf: collected 0 externs total
libbpf: map 'arena': at sec_idx 4, offset 0.
libbpf: map 'arena': found type = 1503.
libbpf: map 'arena': found key [8], sz = 4.
libbpf: map 'arena': found value [12], sz = 335675408.
libbpf: map 'arena': found max_entries = 32.
libbpf: sec '.relkretprobe/_Z9rope_normILb1ELb0Ef6__halfEvPKT1_PT2_iiiiiPKifff14rope_corr_dimsfPKfPKli': collecting relocation for section(3) 'kretprobe/_Z9rope_normILb1ELb0Ef6__halfEvPKT1_PT2_iiiiiPKifff14rope_corr_dimsfPKfPKli'
libbpf: sec '.relkretprobe/_Z9rope_normILb1ELb0Ef6__halfEvPKT1_PT2_iiiiiPKifff14rope_corr_dimsfPKfPKli': relo #0: insn #71 against 'arena'
libbpf: prog 'cuda__retprobe': found map 0 (arena, sec 4, off 0) for insn #71
libbpf: sec '.relkretprobe/_Z9rope_normILb1ELb0Ef6__halfEvPKT1_PT2_iiiiiPKifff14rope_corr_dimsfPKfPKli': relo #1: insn #85 against 'arena'
libbpf: prog 'cuda__retprobe': found map 0 (arena, sec 4, off 0) for insn #85
libbpf: object 'full_record_dev': failed (-EACCES) to open BPF FS mount at '/sys/fs/bpf', skipping optional step...
libbpf: Kernel doesn't support BTF, skipping uploading it.
libbpf: map 'arena': created successfully, fd=34
Full-record bank count: 32
Full-record slots per bank: 16384
Full-record total slots: 524288
Full-record records per slot: 256
Full-record record bytes: 80
Full-record layout: field-major SoA
Full-record value bytes (per bank): 335675408
Full-record probe attached; waiting for SIGINT
[2026-09-09 02:58:54][warning][419068] Calling original ioctl: 8 3223340586 131980545713776
[2026-09-09 02:59:38][warning][418904] Calling original ioctl: 8 3223340586 140721847689440
Full-record drain bytes: 10741613056
Full-record drain time ns: 1523190551
Full-record committed records: 23068672
Full-record active slots: 524288
Full-record overflow records: 0
Full-record out-of-range threads: 0
Full-record nonzero timestamps: 23068672
[2026-09-09 02:59:40][warning][418904] Calling original ioctl: 9 34 140721847699440
[2026-09-09 02:59:40][warning][418904] Calling original ioctl: 8 3222292009 140721847699600
[2026-09-09 02:59:40][warning][418904] Calling original ioctl: 9 34 140721847700288
[2026-09-09 02:59:40][warning][418904] Calling original ioctl: 8 3222292009 140721847700448
[2026-09-09 02:59:40][warning][418904] Calling original ioctl: 9 34 140721847700288
[2026-09-09 02:59:40][warning][418904] Calling original ioctl: 8 3222292009 140721847700448
[2026-09-09 02:59:40][warning][418904] Calling original ioctl: 8 3222292009 140721847701168
[2026-09-09 02:59:40][warning][418904] Calling original ioctl: 26 3222292175 140721847701184
[2026-09-09 02:59:40][warning][418904] Calling original ioctl: 8 3222292009 140721847701168
[2026-09-09 02:59:40][warning][418904] Calling original ioctl: 28 3222292175 140721847701184
[2026-09-09 02:59:40][warning][418904] Calling original ioctl: 8 3222292009 140721847701168
[2026-09-09 02:59:40][warning][418904] Calling original ioctl: 24 3222292175 140721847701184
[2026-09-09 02:59:40][warning][418904] Calling original ioctl: 8 3222292009 140721847701168
[2026-09-09 02:59:40][warning][418904] Calling original ioctl: 30 3222292175 140721847701184
[2026-09-09 02:59:40][warning][418904] Calling original ioctl: 9 34 140721847700192
[2026-09-09 02:59:40][warning][418904] Calling original ioctl: 8 3222292009 140721847700352
[2026-09-09 02:59:40][warning][418904] Calling original ioctl: 9 34 140721847700192
[2026-09-09 02:59:40][warning][418904] Calling original ioctl: 8 3222292009 140721847700352
[2026-09-09 02:59:40][warning][418904] Calling original ioctl: 9 34 140721847700320
[2026-09-09 02:59:40][warning][418904] Calling original ioctl: 8 3223340623 140721847700528
[2026-09-09 02:59:40][warning][418904] Calling original ioctl: 8 3222292009 140721847700480
[2026-09-09 02:59:40][warning][418904] Calling original ioctl: 8 3222292009 140721847701248
[2026-09-09 02:59:40][warning][418904] Calling original ioctl: 9 34 140721847700304
[2026-09-09 02:59:40][warning][418904] Calling original ioctl: 8 3222292009 140721847700464
[2026-09-09 02:59:40][warning][418904] Calling original ioctl: 9 34 140721847700304
[2026-09-09 02:59:40][warning][418904] Calling original ioctl: 8 3223340623 140721847700512
[2026-09-09 02:59:40][warning][418904] Calling original ioctl: 8 3222292009 140721847700464
[2026-09-09 02:59:40][warning][418904] Calling original ioctl: 8 3223340586 140721847696176
[2026-09-09 02:59:40][warning][418904] Calling original ioctl: 9 34 140721847700128
[2026-09-09 02:59:40][warning][418904] Calling original ioctl: 8 3222292009 140721847700288
[2026-09-09 02:59:40][warning][418904] Calling original ioctl: 8 3223340586 140721847696176
[2026-09-09 02:59:40][warning][418904] Calling original ioctl: 9 34 140721847700128
[2026-09-09 02:59:40][warning][418904] Calling original ioctl: 8 3222292009 140721847700288
[2026-09-09 02:59:40][warning][418904] Calling original ioctl: 8 3223340586 140721847696176
[2026-09-09 02:59:40][warning][418904] Calling original ioctl: 9 34 140721847700128
[2026-09-09 02:59:40][warning][418904] Calling original ioctl: 8 3222292009 140721847700288
[2026-09-09 02:59:40][warning][418904] Calling original ioctl: 8 3223340586 140721847697072
[2026-09-09 02:59:40][warning][418904] Calling original ioctl: 9 34 140721847700352
[2026-09-09 02:59:40][warning][418904] Calling original ioctl: 9 34 140721847700352
[2026-09-09 02:59:40][warning][418904] Calling original ioctl: 8 3222292009 140721847700512
[2026-09-09 02:59:40][warning][418904] Calling original ioctl: 9 34 140721847700352
[2026-09-09 02:59:40][warning][418904] Calling original ioctl: 8 3222292009 140721847700512
[2026-09-09 02:59:40][warning][418904] Calling original ioctl: 9 34 140721847700304
[2026-09-09 02:59:40][warning][418904] Calling original ioctl: 8 3223340623 140721847700512
[2026-09-09 02:59:40][warning][418904] Calling original ioctl: 8 3222292009 140721847700464
[2026-09-09 02:59:40][warning][418904] Calling original ioctl: 9 24 140721847701344
[2026-09-09 02:59:40][warning][418904] Calling original ioctl: 9 24 140721847701344
[2026-09-09 02:59:40][warning][418904] Calling original ioctl: 9 24 140721847701376
[2026-09-09 02:59:40][warning][418904] Calling original ioctl: 9 24 140721847701344
[2026-09-09 02:59:40][warning][418904] Calling original ioctl: 9 24 140721847701344
[2026-09-09 02:59:40][warning][418904] Calling original ioctl: 9 24 140721847701344
[2026-09-09 02:59:40][warning][418904] Calling original ioctl: 9 24 140721847701344
[2026-09-09 02:59:40][warning][418904] Calling original ioctl: 9 34 140721847700240
[2026-09-09 02:59:40][warning][418904] Calling original ioctl: 8 3222292009 140721847700400
[2026-09-09 02:59:40][warning][418904] Calling original ioctl: 9 34 140721847700240
[2026-09-09 02:59:40][warning][418904] Calling original ioctl: 8 3222292009 140721847700400
[2026-09-09 02:59:40][warning][418904] Calling original ioctl: 9 34 140721847700352
[2026-09-09 02:59:40][warning][418904] Calling original ioctl: 8 3222292009 140721847700512
[2026-09-09 02:59:40][warning][418904] Calling original ioctl: 8 3222292009 140721847701088
[2026-09-09 02:59:40][warning][418904] Calling original ioctl: 17 3222292175 140721847701104
[2026-09-09 02:59:40][warning][418904] Calling original ioctl: 9 28 140721847701216
[2026-09-09 02:59:40][warning][418904] Calling original ioctl: 9 28 140721847701216
[2026-09-09 02:59:40][warning][418904] Calling original ioctl: 9 28 140721847701216
[2026-09-09 02:59:40][warning][418904] Calling original ioctl: 9 28 140721847701216
[2026-09-09 02:59:40][warning][418904] Calling original ioctl: 9 28 140721847701216
[2026-09-09 02:59:40][warning][418904] Calling original ioctl: 9 28 140721847701216
[2026-09-09 02:59:40][warning][418904] Calling original ioctl: 9 28 140721847701216
[2026-09-09 02:59:40][warning][418904] Calling original ioctl: 9 28 140721847701216
[2026-09-09 02:59:40][warning][418904] Calling original ioctl: 8 3222292009 140721847700976
[2026-09-09 02:59:40][warning][418904] Calling original ioctl: 8 3222292009 140721847700976
[2026-09-09 02:59:40][warning][418904] Calling original ioctl: 8 3222292009 140721847701024
[2026-09-09 02:59:40][warning][418904] Calling original ioctl: 8 3223340623 140721847700288
[2026-09-09 02:59:40][warning][418904] Calling original ioctl: 8 3222292009 140721847700240
[2026-09-09 02:59:40][warning][418904] Calling original ioctl: 8 3222292009 140721847700976
[2026-09-09 02:59:40][warning][418904] Calling original ioctl: 8 3222292009 140721847701024
[2026-09-09 02:59:40][warning][418904] Calling original ioctl: 8 3223340623 140721847700288
[2026-09-09 02:59:40][warning][418904] Calling original ioctl: 8 3222292009 140721847700240
[2026-09-09 02:59:40][warning][418904] Calling original ioctl: 8 3222292009 140721847700976
[2026-09-09 02:59:40][warning][418904] Calling original ioctl: 8 3222292009 140721847700976
[2026-09-09 02:59:40][warning][418904] Calling original ioctl: 8 3222292009 140721847701024
[2026-09-09 02:59:40][warning][418904] Calling original ioctl: 8 3223340623 140721847700288
[2026-09-09 02:59:40][warning][418904] Calling original ioctl: 8 3222292009 140721847700240
[2026-09-09 02:59:40][warning][418904] Calling original ioctl: 8 3222292009 140721847700976
[2026-09-09 02:59:40][warning][418904] Calling original ioctl: 8 3222292009 140721847701024
[2026-09-09 02:59:40][warning][418904] Calling original ioctl: 8 3223340623 140721847700288
[2026-09-09 02:59:40][warning][418904] Calling original ioctl: 8 3222292009 140721847700240
[2026-09-09 02:59:40][warning][418904] Calling original ioctl: 8 3222292009 140721847700976
[2026-09-09 02:59:40][warning][418904] Calling original ioctl: 8 3222292009 140721847700976
[2026-09-09 02:59:40][warning][418904] Calling original ioctl: 8 3222292009 140721847701024
[2026-09-09 02:59:40][warning][418904] Calling original ioctl: 8 3223340623 140721847700288
[2026-09-09 02:59:40][warning][418904] Calling original ioctl: 8 3222292009 140721847700240
[2026-09-09 02:59:40][warning][418904] Calling original ioctl: 8 3222292009 140721847700976
[2026-09-09 02:59:40][warning][418904] Calling original ioctl: 8 3222292009 140721847701024
[2026-09-09 02:59:40][warning][418904] Calling original ioctl: 8 3223340623 140721847700288
[2026-09-09 02:59:40][warning][418904] Calling original ioctl: 8 3222292009 140721847700240
[2026-09-09 02:59:40][warning][418904] Calling original ioctl: 8 3222292009 140721847700976
[2026-09-09 02:59:40][warning][418904] Calling original ioctl: 8 3222292009 140721847700976
[2026-09-09 02:59:40][warning][418904] Calling original ioctl: 8 3222292009 140721847701024
[2026-09-09 02:59:40][warning][418904] Calling original ioctl: 8 3223340623 140721847700288
[2026-09-09 02:59:40][warning][418904] Calling original ioctl: 8 3222292009 140721847700240
[2026-09-09 02:59:40][warning][418904] Calling original ioctl: 8 3222292009 140721847700976
[2026-09-09 02:59:40][warning][418904] Calling original ioctl: 8 3222292009 140721847701024
[2026-09-09 02:59:40][warning][418904] Calling original ioctl: 8 3223340623 140721847700288
[2026-09-09 02:59:40][warning][418904] Calling original ioctl: 8 3222292009 140721847700240
[2026-09-09 02:59:40][warning][418904] Calling original ioctl: 8 3222292009 140721847701152
[2026-09-09 02:59:40][warning][418904] Calling original ioctl: 8 3222292009 140721847701120
[2026-09-09 02:59:40][warning][418904] Calling original ioctl: 8 3222292009 140721847701088
[2026-09-09 02:59:40][warning][418904] Calling original ioctl: 19 3222292175 140721847701104
[2026-09-09 02:59:40][warning][418904] Calling original ioctl: 9 28 140721847701216
[2026-09-09 02:59:40][warning][418904] Calling original ioctl: 9 28 140721847701216
[2026-09-09 02:59:40][warning][418904] Calling original ioctl: 9 28 140721847701216
[2026-09-09 02:59:40][warning][418904] Calling original ioctl: 9 28 140721847701216
[2026-09-09 02:59:40][warning][418904] Calling original ioctl: 8 3222292009 140721847700976
[2026-09-09 02:59:40][warning][418904] Calling original ioctl: 8 3222292009 140721847701024
[2026-09-09 02:59:40][warning][418904] Calling original ioctl: 8 3223340623 140721847700288
[2026-09-09 02:59:40][warning][418904] Calling original ioctl: 8 3222292009 140721847700240
[2026-09-09 02:59:40][warning][418904] Calling original ioctl: 8 3222292009 140721847700976
[2026-09-09 02:59:40][warning][418904] Calling original ioctl: 8 3222292009 140721847701024
[2026-09-09 02:59:40][warning][418904] Calling original ioctl: 8 3223340623 140721847700288
[2026-09-09 02:59:40][warning][418904] Calling original ioctl: 8 3222292009 140721847700240
[2026-09-09 02:59:40][warning][418904] Calling original ioctl: 8 3222292009 140721847700976
[2026-09-09 02:59:40][warning][418904] Calling original ioctl: 8 3222292009 140721847701024
[2026-09-09 02:59:40][warning][418904] Calling original ioctl: 8 3223340623 140721847700288
[2026-09-09 02:59:40][warning][418904] Calling original ioctl: 8 3222292009 140721847700240
[2026-09-09 02:59:40][warning][418904] Calling original ioctl: 8 3222292009 140721847700976
[2026-09-09 02:59:40][warning][418904] Calling original ioctl: 8 3222292009 140721847701024
[2026-09-09 02:59:40][warning][418904] Calling original ioctl: 8 3223340623 140721847700288
[2026-09-09 02:59:40][warning][418904] Calling original ioctl: 8 3222292009 140721847700240
[2026-09-09 02:59:40][warning][418904] Calling original ioctl: 8 3222292009 140721847701120
[2026-09-09 02:59:40][warning][418904] Calling original ioctl: 8 3222292009 140721847701088
[2026-09-09 02:59:40][warning][418904] Calling original ioctl: 21 3222292175 140721847701104
[2026-09-09 02:59:40][warning][418904] Calling original ioctl: 9 28 140721847701216
[2026-09-09 02:59:40][warning][418904] Calling original ioctl: 9 28 140721847701216
[2026-09-09 02:59:40][warning][418904] Calling original ioctl: 9 28 140721847701216
[2026-09-09 02:59:40][warning][418904] Calling original ioctl: 9 28 140721847701216
[2026-09-09 02:59:40][warning][418904] Calling original ioctl: 8 3222292009 140721847700976
[2026-09-09 02:59:40][warning][418904] Calling original ioctl: 8 3222292009 140721847701024
[2026-09-09 02:59:40][warning][418904] Calling original ioctl: 8 3223340623 140721847700288
[2026-09-09 02:59:40][warning][418904] Calling original ioctl: 8 3222292009 140721847700240
[2026-09-09 02:59:40][warning][418904] Calling original ioctl: 8 3222292009 140721847700976
[2026-09-09 02:59:40][warning][418904] Calling original ioctl: 8 3222292009 140721847701024
[2026-09-09 02:59:40][warning][418904] Calling original ioctl: 8 3223340623 140721847700288
[2026-09-09 02:59:40][warning][418904] Calling original ioctl: 8 3222292009 140721847700240
[2026-09-09 02:59:40][warning][418904] Calling original ioctl: 8 3222292009 140721847700976
[2026-09-09 02:59:40][warning][418904] Calling original ioctl: 8 3222292009 140721847701024
[2026-09-09 02:59:40][warning][418904] Calling original ioctl: 8 3223340623 140721847700288
[2026-09-09 02:59:40][warning][418904] Calling original ioctl: 8 3222292009 140721847700240
[2026-09-09 02:59:40][warning][418904] Calling original ioctl: 8 3222292009 140721847700976
[2026-09-09 02:59:40][warning][418904] Calling original ioctl: 8 3222292009 140721847701024
[2026-09-09 02:59:40][warning][418904] Calling original ioctl: 8 3223340623 140721847700288
[2026-09-09 02:59:40][warning][418904] Calling original ioctl: 8 3222292009 140721847700240
[2026-09-09 02:59:40][warning][418904] Calling original ioctl: 9 34 140721847700048
[2026-09-09 02:59:40][warning][418904] Calling original ioctl: 8 3223340623 140721847700256
[2026-09-09 02:59:40][warning][418904] Calling original ioctl: 8 3222292009 140721847700208
[2026-09-09 02:59:40][warning][418904] Calling original ioctl: 9 34 140721847700048
[2026-09-09 02:59:40][warning][418904] Calling original ioctl: 8 3223340623 140721847700256
[2026-09-09 02:59:40][warning][418904] Calling original ioctl: 8 3222292009 140721847700208
[2026-09-09 02:59:40][warning][418904] Calling original ioctl: 8 3222292009 140721847701120
[2026-09-09 02:59:40][warning][418904] Calling original ioctl: 9 34 140721847700352
[2026-09-09 02:59:40][warning][418904] Calling original ioctl: 8 3222292009 140721847700512
[2026-09-09 02:59:40][warning][418904] Calling original ioctl: 9 34 140721847700256
[2026-09-09 02:59:40][warning][418904] Calling original ioctl: 8 3222292009 140721847700416
[2026-09-09 02:59:40][warning][418904] Calling original ioctl: 9 34 140721847700352
[2026-09-09 02:59:40][warning][418904] Calling original ioctl: 8 3222292009 140721847700512
[2026-09-09 02:59:40][warning][418904] Calling original ioctl: 9 34 140721847700304
[2026-09-09 02:59:40][warning][418904] Calling original ioctl: 8 3222292009 140721847700464
[2026-09-09 02:59:40][warning][418904] Calling original ioctl: 9 34 140721847700288
[2026-09-09 02:59:40][warning][418904] Calling original ioctl: 8 3223340623 140721847700496
[2026-09-09 02:59:40][warning][418904] Calling original ioctl: 8 3222292009 140721847700448
[2026-09-09 02:59:40][warning][418904] Calling original ioctl: 9 34 140721847700288
[2026-09-09 02:59:40][warning][418904] Calling original ioctl: 8 3223340623 140721847700496
[2026-09-09 02:59:40][warning][418904] Calling original ioctl: 8 3222292009 140721847700448
[2026-09-09 02:59:40][warning][418904] Calling original ioctl: 9 34 140721847700304
[2026-09-09 02:59:40][warning][418904] Calling original ioctl: 8 3222292009 140721847700464
[2026-09-09 02:59:40][warning][418904] Calling original ioctl: 9 34 140721847700304
[2026-09-09 02:59:40][warning][418904] Calling original ioctl: 8 3222292009 140721847700464
[2026-09-09 02:59:40][warning][418904] Calling original ioctl: 9 34 140721847700464
[2026-09-09 02:59:40][warning][418904] Calling original ioctl: 8 3223340586 140721847697056
