[2026-09-03 21:44:37][info][1594385] Setting BPFTIME_SHM_MEMORY_MB to: 128
[2026-09-03 21:44:37][info][1594385] Setting BPFTIME_MAX_FD_COUNT to: 1024
[2026-09-03 21:44:37][info][1594385] Init bpftime syscall mocking..
[2026-09-03 21:44:37][info][1594385] The log will be written to: console
[2026-09-03 21:44:37][info][1594385] Starting syscall server..
[2026-09-03 21:44:37][info][1594385] Setting BPFTIME_SHM_MEMORY_MB to: 128
[2026-09-03 21:44:37][info][1594385] Setting BPFTIME_MAX_FD_COUNT to: 1024
[2026-09-03 21:44:37][info][1594385] Initialize syscall server
[2026-09-03 21:44:37][info][1594385] Setting BPFTIME_SHM_MEMORY_MB to: 128
[2026-09-03 21:44:37][info][1594385] Setting BPFTIME_MAX_FD_COUNT to: 1024
[2026-09-03 21:44:37][info][1594385] Global shm constructed. shm_open_type 3 for gpubpf_raw_map_1592904_1788497077094765654
[2026-09-03 21:44:37][info][1594385] Global shm initialized
[2026-09-03 21:44:37][info][1594385] Initializing CUDA at syscall-server side
[2026-09-03 21:44:37][info][1594385] CUDA initialized at syscall server side
[2026-09-03 21:44:37][info][1594385] bpftime-syscall-server started
[2026-09-03 21:44:37][info][1594385] syscall server: Set enable_mock_after_initialized to false
[2026-09-03 21:44:37][info][1594385] CUDA context for thread 1594385 has been set to 5dea1c22c9d0
[2026-09-03 21:44:37][info][1594385] Map aggregate (nv_gpu_per_thread_array_map_impl) has space for thread count 256
[2026-09-03 21:44:37][info][1594385] Initializing map type of BPF_MAP_TYPE_PERGPUTD_ARRAY_MAP, total_buffer_size=8192
[2026-09-03 21:44:37][info][1594385] syscall server: Set enable_mock_after_initialized to true
[2026-09-03 21:44:37][info][1594385] syscall server: Set enable_mock_after_initialized to false
[2026-09-03 21:44:37][info][1594385] CUDA context for thread 1594385 has been set to 5dea1d1566d0
[2026-09-03 21:44:37][info][1594385] Map raw_records (nv_gpu_ringbuf_map_impl) has space for thread count 256
[2026-09-03 21:44:37][info][1594385] syscall server: Set enable_mock_after_initialized to true
[2026-09-03 21:44:37][info][1594385] Created kprobe/kretprobe perf event handler, func_name raw_map_kernel, addr 0
