[2026-09-04 11:12:37][info][2863109] bpf_attach_ctx constructed
[2026-09-04 11:12:37][info][2863109] Initializing CUDA shared memory
[2026-09-04 11:12:37][info][2863109] CommSharedMem host 0x73a690c297d8 mapped to device 0x73a690c297d8
[2026-09-04 11:12:37][info][2863109] CUDA context created
[2026-09-04 11:12:37][info][2863109] Register attach-impl defined helper bpf_get_func_arg, index 183
[2026-09-04 11:12:37][info][2863109] Register attach-impl defined helper bpf_get_func_ret_id, index 184
[2026-09-04 11:12:37][info][2863109] Register attach-impl defined helper bpf_get_retval, index 186
[2026-09-04 11:12:37][info][2863109] Starting nv_attach_impl
[2026-09-04 11:12:37][info][2863109] Parsing bundled libraries: /home/yunwei37/workspace/gpu/bpftime-table1-575/build-table1-575-strict/attach/nv_attach_impl/pass/ptxpass_kprobe_entry/libptxpass_kprobe_entry.so:/home/yunwei37/workspace/gpu/bpftime-table1-575/build-table1-575-strict/attach/nv_attach_impl/pass/ptxpass_kretprobe/libptxpass_kretprobe.so:/home/yunwei37/workspace/gpu/bpftime-table1-575/build-table1-575-strict/attach/nv_attach_impl/pass/ptxpass_kprobe_memcapture/libptxpass_kprobe_memcapture.so
[2026-09-04 11:12:37][info][2863109] Found path: /home/yunwei37/workspace/gpu/bpftime-table1-575/build-table1-575-strict/attach/nv_attach_impl/pass/ptxpass_kprobe_entry/libptxpass_kprobe_entry.so, executing..
[2026-09-04 11:12:37][info][2863109] Retrived config of /home/yunwei37/workspace/gpu/bpftime-table1-575/build-table1-575-strict/attach/nv_attach_impl/pass/ptxpass_kprobe_entry/libptxpass_kprobe_entry.so
[2026-09-04 11:12:37][info][2863109] Found path: /home/yunwei37/workspace/gpu/bpftime-table1-575/build-table1-575-strict/attach/nv_attach_impl/pass/ptxpass_kretprobe/libptxpass_kretprobe.so, executing..
[2026-09-04 11:12:37][info][2863109] Retrived config of /home/yunwei37/workspace/gpu/bpftime-table1-575/build-table1-575-strict/attach/nv_attach_impl/pass/ptxpass_kretprobe/libptxpass_kretprobe.so
[2026-09-04 11:12:37][info][2863109] Found path: /home/yunwei37/workspace/gpu/bpftime-table1-575/build-table1-575-strict/attach/nv_attach_impl/pass/ptxpass_kprobe_memcapture/libptxpass_kprobe_memcapture.so, executing..
[2026-09-04 11:12:38][info][2863109] Retrived config of /home/yunwei37/workspace/gpu/bpftime-table1-575/build-table1-575-strict/attach/nv_attach_impl/pass/ptxpass_kprobe_memcapture/libptxpass_kprobe_memcapture.so
[2026-09-04 11:12:38][info][2863109] Initializing agent..
[2026-09-04 11:12:38][info][2863109] bpftime: shm epoch_seq = 2
[2026-09-04 11:12:38][info][2863109] Instantiating bpf link 60 and the corresponding program cuda__noop is cuda program
[2026-09-04 11:12:38][info][2863109] Skipping nv attach handler 60 since we are not handling nv handles
[2026-09-04 11:12:38][info][2863109] Instantiating bpf link 60 and the corresponding program cuda__noop is cuda program
[2026-09-04 11:12:38][info][2863109] Handling link to CUDA program: 60, recording it..
[2026-09-04 11:12:38][info][2863109] Loaded 2 instructions (original) for cuda ebpf program
[2026-09-04 11:12:38][info][2863109] Initializing nv_gpu_shared_array_map_impl at pid 2863109
[2026-09-04 11:12:38][info][2863109] Mapped GPU memory for shared array map: 127150208319488
[2026-09-04 11:12:38][info][2863109] Copying map fd 17 to device, key size=4, value size=8, max ent=1, map_type = 1503, gpu_buffer = 73a477000000
[2026-09-04 11:12:38][info][2863109] Initializing nv_gpu_shared_array_host_map_impl at pid 2863109, shared mem addr=73a690e29a60
[2026-09-04 11:12:38][info][2863109] Mapped shared memory for GPU access: cpu=73a690e29a60, gpu=73a690e29a60
[2026-09-04 11:12:38][info][2863109] Copying map fd 18 to device, key size=4, value size=8, max ent=1, map_type = 1513, gpu_buffer = 73a690e29a60
[2026-09-04 11:12:38][info][2863109] Initializing nv_gpu_shared_array_map_impl at pid 2863109
[2026-09-04 11:12:38][info][2863109] Mapped GPU memory for shared array map: 127150210416640
[2026-09-04 11:12:38][info][2863109] Copying map fd 19 to device, key size=4, value size=8, max ent=1, map_type = 1503, gpu_buffer = 73a477200000
[2026-09-04 11:12:38][info][2863109] GPU eBPF verification timing: program=cuda__noop verification_elapsed_ns=753417
[2026-09-04 11:12:38][info][2863109] GPU eBPF verification accepted: mode=STRICT program=cuda__noop attach=kprobe/fig15_map_kernel instructions=2
[2026-09-04 11:12:38][info][2863109] GPU eBPF verified map: program=cuda__noop fd=17 type=1503 key_size=4 value_size=8 max_entries=1
[2026-09-04 11:12:38][info][2863109] GPU eBPF verified map: program=cuda__noop fd=18 type=1513 key_size=4 value_size=8 max_entries=1
[2026-09-04 11:12:38][info][2863109] GPU eBPF verified map: program=cuda__noop fd=19 type=1503 key_size=4 value_size=8 max_entries=1
[2026-09-04 11:12:38][info][2863109] Cached shared_mem_ptr at 73a690c297d8
[2026-09-04 11:12:38][info][2863109] Recorded pass /home/yunwei37/workspace/gpu/bpftime-table1-575/build-table1-575-strict/attach/nv_attach_impl/pass/ptxpass_kprobe_entry/libptxpass_kprobe_entry.so for func fig15_map_kernel
[2026-09-04 11:12:38][info][2863109] nv_attach_impl: cached 322648 host symbols
[2026-09-04 11:12:38][info][2863109] nv_attach_impl: late attach bootstrap scanning fatbins..
[2026-09-04 11:12:39][info][2863109] nv_attach_impl: targeted late bootstrap selected 1 of 19 loaded module(s)
[2026-09-04 11:12:39][info][2863109] Temporary fatbin written to /tmp/bpftime-fatbin-work.JyVhTm/temp.fatbin
[2026-09-04 11:12:39][info][2863109] Extracting PTX in the fatbin...
[2026-09-04 11:12:39][info][2863109] Calling cuobjdump: /usr/local/cuda-12.9/bin/cuobjdump --extract-ptx all /tmp/bpftime-fatbin-work.JyVhTm/temp.fatbin
Extracting PTX file and ptxas options    1: map_bench.sm_120.ptx -arch=sm_120  --generate-line-info 
[2026-09-04 11:12:39][info][2863109] Remove extracted files..
[2026-09-04 11:12:39][info][2863109] Got 1 PTX files
[2026-09-04 11:12:39][info][2863109] Loading & patching current fatbin..
[2026-09-04 11:12:39][info][2863138] Patching PTX: map_bench.sm_120.ptx
[2026-09-04 11:12:39][info][2863138] Patching request 5f501b3da44c1bba3c955d597f7523672f01dd3096d5d7675f387c06b2965d6d not found in cache, patching..
[ptxpass] kprobe_entry_stub: matched=1, in=1760, out=1869
[2026-09-04 11:12:39][info][2863109] Using SM arch from BPFTIME_SM_ARCH: sm_120
[2026-09-04 11:12:39][info][2863109] Compiling PTXs with sm_arch sm_120
[2026-09-04 11:12:39][info][2863109] Compiler version: 12.9
[2026-09-04 11:12:39][info][2863162] Start compiling patched.map_bench.sm_120.ptx, not found in cache
[2026-09-04 11:12:39][info][2863162] Compile of patched.map_bench.sm_120.ptx done
[2026-09-04 11:12:39][info][2863109] Loading module: patched.map_bench.sm_120.ptx, not found in cache
[2026-09-04 11:12:39][info][2863109] Copying trampoline data to device
[2026-09-04 11:12:39][info][2863109] constData symbol device_ptr=73a477600000 size=8 shared_mem_ptr=73a690c297d8
[2026-09-04 11:12:39][info][2863109] map_info symbol device_ptr=73a477600008 size=40960
[2026-09-04 11:12:39][info][2863109] Trampoline data copied
[2026-09-04 11:12:39][info][2863109] Loaded module: patched.map_bench.sm_120.ptx
[2026-09-04 11:12:39][info][2863109] nv_attach_impl: ingested fatbin from .nv_fatbin in /home/yunwei37/workspace/gpu/gpu_ext/microbench/fig15-device/.output/map-bench
[2026-09-04 11:12:39][info][2863109] nv_attach_impl: late attach bootstrap ingested 1 fatbin(s)
[2026-09-04 11:12:39][info][2863109] agent ipc: listening (abstract) for pid 2863109
[2026-09-04 11:12:39][info][2863109] Attach successfully
[2026-09-04 11:12:39][info][2863133] Exiting CUDA watcher thread
FIG15_DEVICE	NVIDIA GeForce RTX 5090	12	0	32
FIG15_MEASUREMENT	8	64	0.245151997
FIG15_CORRECT	32	0
