[  0%] Performing build step for 'libbpf'
make[4]: warning: -j0 forced in submake: resetting jobserver mode.
[  3%] Built target spdlog
  INSTALL  bpf.h libbpf.h btf.h libbpf_common.h libbpf_legacy.h bpf_helpers.h bpf_helper_defs.h bpf_tracing.h bpf_endian.h bpf_core_read.h skel_internal.h libbpf_version.h usdt.bpf.h
  INSTALL  /home/yunwei37/workspace/gpu/bpftime-auto-warp/build-auto-warp-575/libbpf/libbpf/libbpf.pc
  INSTALL  /home/yunwei37/workspace/gpu/bpftime-auto-warp/build-auto-warp-575/libbpf/libbpf/libbpf.a /home/yunwei37/workspace/gpu/bpftime-auto-warp/build-auto-warp-575/libbpf/libbpf/libbpf.so /home/yunwei37/workspace/gpu/bpftime-auto-warp/build-auto-warp-575/libbpf/libbpf/libbpf.so.1 /home/yunwei37/workspace/gpu/bpftime-auto-warp/build-auto-warp-575/libbpf/libbpf/libbpf.so.1.7.0
[  6%] Built target FridaGum
[  9%] No install step for 'libbpf'
[ 12%] Completed 'libbpf'
[ 19%] Built target libbtf
[ 25%] Built target ubpf
[ 25%] Built target libbpf
[ 25%] Built target nv_attach_impl_ptx_compiler
[ 25%] Built target regenerate_trampoline_ptx
[ 29%] Built target bpftime_frida_uprobe_attach_impl
[ 29%] Built target bpftime_syscall_trace_syscall_id_table
[ 32%] Built target llvmbpf_vm
[ 32%] Built target bpftime_ubpf_vm_obj
[ 48%] Built target ebpfverifier
[ 51%] Built target bpftime_syscall_trace_attach_impl
[ 54%] Built target ptxpass_core
[ 54%] Built target bpftime_llvm_vm_obj
[ 54%] Building CXX object bpftime-verifier/CMakeFiles/bpftime-verifier.dir/src/platform-impl.cpp.o
[ 54%] Linking CXX static library libbpftime-verifier.a
[ 54%] Built target bpftime_ubpf_vm
[ 54%] Built target ptxpass_kprobe_entry
[ 54%] Built target ptxpass_kretprobe
[ 58%] Built target ptxpass_kprobe_memcapture
[ 58%] Built target bpftime_llvm_vm
[ 58%] Built target bpftime_vm
[ 64%] Built target bpftime-verifier
[ 67%] Building CXX object attach/nv_attach_impl/CMakeFiles/bpftime_nv_attach_impl.dir/nv_attach_impl.cpp.o
[ 67%] Linking CXX static library libbpftime_nv_attach_impl.a
[ 70%] Built target bpftime_nv_attach_impl
[ 70%] Building CXX object runtime/CMakeFiles/runtime.dir/src/bpf_helper.cpp.o
[ 70%] Building CXX object runtime/CMakeFiles/runtime.dir/src/bpf_map/gpu_kernel_shared/array_map_kernel_gpu.cpp.o
[ 70%] Building CXX object runtime/CMakeFiles/runtime.dir/src/bpf_map/shared/array_map_kernel_user.cpp.o
[ 70%] Building CXX object runtime/CMakeFiles/runtime.dir/src/bpf_map/shared/hash_map_kernel_user.cpp.o
[ 74%] Building CXX object runtime/CMakeFiles/runtime.dir/src/bpf_map/shared/percpu_array_map_kernel_user.cpp.o
[ 74%] Building CXX object runtime/CMakeFiles/runtime.dir/src/bpf_map/shared/perf_event_array_kernel_user.cpp.o
[ 74%] Linking CXX static library libruntime.a
[100%] Built target runtime
[100%] Linking CXX shared library libbpftime-agent.so
[100%] Built target bpftime-agent
[  0%] Performing build step for 'libbpf'
make[4]: warning: -j0 forced in submake: resetting jobserver mode.
[  3%] Built target spdlog
  INSTALL  bpf.h libbpf.h btf.h libbpf_common.h libbpf_legacy.h bpf_helpers.h bpf_helper_defs.h bpf_tracing.h bpf_endian.h bpf_core_read.h skel_internal.h libbpf_version.h usdt.bpf.h
  INSTALL  /home/yunwei37/workspace/gpu/bpftime-auto-warp/build-auto-warp-575/libbpf/libbpf/libbpf.pc
  INSTALL  /home/yunwei37/workspace/gpu/bpftime-auto-warp/build-auto-warp-575/libbpf/libbpf/libbpf.a /home/yunwei37/workspace/gpu/bpftime-auto-warp/build-auto-warp-575/libbpf/libbpf/libbpf.so /home/yunwei37/workspace/gpu/bpftime-auto-warp/build-auto-warp-575/libbpf/libbpf/libbpf.so.1 /home/yunwei37/workspace/gpu/bpftime-auto-warp/build-auto-warp-575/libbpf/libbpf/libbpf.so.1.7.0
[  6%] Built target FridaGum
[ 10%] No install step for 'libbpf'
[ 13%] Completed 'libbpf'
[ 20%] Built target libbtf
[ 26%] Built target ubpf
[ 26%] Built target libbpf
[ 26%] Built target nv_attach_impl_ptx_compiler
[ 26%] Built target regenerate_trampoline_ptx
[ 30%] Built target llvmbpf_vm
[ 30%] Built target bpftime_ubpf_vm_obj
[ 46%] Built target ebpfverifier
[ 50%] Built target ptxpass_core
[ 50%] Built target bpftime_llvm_vm_obj
[ 50%] Built target bpftime_ubpf_vm
[ 50%] Built target ptxpass_kprobe_entry
[ 50%] Built target ptxpass_kretprobe
[ 53%] Built target ptxpass_kprobe_memcapture
[ 53%] Built target bpftime_llvm_vm
[ 53%] Building CXX object bpftime-verifier/CMakeFiles/bpftime-verifier.dir/src/platform-impl.cpp.o
[ 53%] Linking CXX static library libbpftime-verifier.a
[ 53%] Built target bpftime_vm
[ 60%] Built target bpftime-verifier
[ 66%] Built target bpftime_nv_attach_impl
[ 66%] Building CXX object runtime/CMakeFiles/runtime.dir/src/bpf_helper.cpp.o
[ 66%] Building CXX object runtime/CMakeFiles/runtime.dir/src/bpf_map/gpu_kernel_shared/array_map_kernel_gpu.cpp.o
[ 66%] Building CXX object runtime/CMakeFiles/runtime.dir/src/bpf_map/shared/array_map_kernel_user.cpp.o
[ 66%] Building CXX object runtime/CMakeFiles/runtime.dir/src/bpf_map/shared/hash_map_kernel_user.cpp.o
[ 70%] Building CXX object runtime/CMakeFiles/runtime.dir/src/bpf_map/shared/percpu_array_map_kernel_user.cpp.o
[ 70%] Building CXX object runtime/CMakeFiles/runtime.dir/src/bpf_map/shared/perf_event_array_kernel_user.cpp.o
[ 70%] Linking CXX static library libruntime.a
[ 96%] Built target runtime
[ 96%] Building CXX object runtime/syscall-server/CMakeFiles/bpftime-syscall-server.dir/syscall_context.cpp.o
[ 96%] Linking CXX shared library libbpftime-syscall-server.so
[100%] Built target bpftime-syscall-server
