[2026-09-09 03:04:04][warning][427353] Calling original ioctl: 8 3223340586 140730753141616
[2026-09-09 03:04:04][warning][427353] Calling original ioctl: 8 3223340586 140730753141632
[2026-09-09 03:04:04][warning][427353] Calling original ioctl: 8 3223340586 140730753141680
[2026-09-09 03:04:04][warning][427353] Calling original ioctl: 9 25 140730753146000
[2026-09-09 03:04:04][warning][427353] Calling original ioctl: 8 3224389163 140730753143264
[2026-09-09 03:04:04][warning][427353] Calling original ioctl: 9 73 140730753142448
[2026-09-09 03:04:04][warning][427353] Calling original ioctl: 9 33 140730753133216
[2026-09-09 03:04:04][warning][427353] Calling original ioctl: 8 3224389163 140730753142944
[2026-09-09 03:04:04][warning][427353] Calling original ioctl: 9 73 140730753142128
[2026-09-09 03:04:04][warning][427353] Calling original ioctl: 9 33 140730753132896
[2026-09-09 03:04:04][warning][427353] Calling original ioctl: 8 3224389163 140730753142944
[2026-09-09 03:04:04][warning][427353] Calling original ioctl: 9 73 140730753142128
[2026-09-09 03:04:04][warning][427353] Calling original ioctl: 9 33 140730753132896
[2026-09-09 03:04:04][warning][427353] Calling original ioctl: 8 3224389163 140730753143440
[2026-09-09 03:04:04][warning][427353] Calling original ioctl: 9 73 140730753142624
[2026-09-09 03:04:04][warning][427353] Calling original ioctl: 9 33 140730753133392
[2026-09-09 03:04:04][warning][427353] Calling original ioctl: 8 3224389163 140730753145120
[2026-09-09 03:04:04][warning][427353] Calling original ioctl: 8 3224389163 140730753145104
[2026-09-09 03:04:04][warning][427353] Calling original ioctl: 8 3224389163 140730753141344
[2026-09-09 03:04:04][warning][427353] Calling original ioctl: 8 3223340586 140730753136928
[2026-09-09 03:04:04][warning][427353] Calling original ioctl: 8 3224913486 140730753141472
[2026-09-09 03:04:04][warning][427353] Calling original ioctl: 8 3223864926 140730753141424
[2026-09-09 03:04:04][warning][427353] Calling original ioctl: 9 73 140730753140528
[2026-09-09 03:04:04][warning][427353] Calling original ioctl: 9 33 140730753131296
[2026-09-09 03:04:04][warning][427353] Calling original ioctl: 8 3224389163 140730753140880
[2026-09-09 03:04:05][warning][427353] Calling original ioctl: 8 3223340586 140730753136464
[2026-09-09 03:04:05][warning][427353] Calling original ioctl: 8 3224913486 140730753141008
[2026-09-09 03:04:05][warning][427353] Calling original ioctl: 9 73 140730753140064
[2026-09-09 03:04:05][warning][427353] Calling original ioctl: 9 33 140730753130832
[2026-09-09 03:04:05][warning][427353] Calling original ioctl: 8 3224389163 140730753141728
[2026-09-09 03:04:05][warning][427353] Calling original ioctl: 8 3223340586 140730753137312
[2026-09-09 03:04:05][warning][427353] Calling original ioctl: 8 3224913486 140730753141856
[2026-09-09 03:04:05][warning][427353] Calling original ioctl: 8 3224389163 140730753143584
[2026-09-09 03:04:05][warning][427353] Calling original ioctl: 8 3223340586 140730753139616
[2026-09-09 03:04:05][warning][427353] Calling original ioctl: 8 3224389163 140730753143872
[2026-09-09 03:04:05][warning][427353] Calling original ioctl: 8 3223340586 140730753139552
[2026-09-09 03:04:05][warning][427353] Calling original ioctl: 8 3224389163 140730753143872
[2026-09-09 03:04:05][warning][427353] Calling original ioctl: 8 3223340586 140730753139552
[2026-09-09 03:04:05][warning][427353] Calling original ioctl: 8 3223340586 140730753139632
[2026-09-09 03:04:05][warning][427353] Calling original ioctl: 8 3223340586 140730753139632
[2026-09-09 03:04:05][warning][427353] Calling original ioctl: 8 3224389163 140730753142528
[2026-09-09 03:04:05][warning][427353] Calling original ioctl: 8 3223340586 140730753138112
[2026-09-09 03:04:05][warning][427353] Calling original ioctl: 8 3224913486 140730753142656
[2026-09-09 03:04:05][warning][427353] Calling original ioctl: 9 73 140730753141712
[2026-09-09 03:04:05][warning][427353] Calling original ioctl: 9 33 140730753132480
[2026-09-09 03:04:05][warning][427353] Calling original ioctl: 8 3224389163 140730753141728
[2026-09-09 03:04:05][warning][427353] Calling original ioctl: 8 3223340586 140730753137312
[2026-09-09 03:04:05][warning][427353] Calling original ioctl: 8 3224913486 140730753141856
[2026-09-09 03:04:05][warning][427353] Calling original ioctl: 8 3224389163 140730753143584
[2026-09-09 03:04:05][warning][427353] Calling original ioctl: 8 3223340586 140730753139616
[2026-09-09 03:04:05][warning][427353] Calling original ioctl: 8 3224389163 140730753143872
[2026-09-09 03:04:05][warning][427353] Calling original ioctl: 8 3223340586 140730753139552
[2026-09-09 03:04:05][warning][427353] Calling original ioctl: 8 3223340586 140730753139632
[2026-09-09 03:04:05][warning][427353] Calling original ioctl: 8 3223340586 140730753139632
[2026-09-09 03:04:05][warning][427353] Calling original ioctl: 8 3224389163 140730753141728
[2026-09-09 03:04:05][warning][427353] Calling original ioctl: 8 3223340586 140730753137312
[2026-09-09 03:04:05][warning][427353] Calling original ioctl: 8 3224913486 140730753141856
[2026-09-09 03:04:05][warning][427353] Calling original ioctl: 8 3224389163 140730753143584
[2026-09-09 03:04:05][warning][427353] Calling original ioctl: 8 3223340586 140730753139616
[2026-09-09 03:04:05][warning][427353] Calling original ioctl: 8 3224389163 140730753143872
[2026-09-09 03:04:05][warning][427353] Calling original ioctl: 8 3223340586 140730753139552
[2026-09-09 03:04:05][warning][427353] Calling original ioctl: 8 3224389163 140730753143872
[2026-09-09 03:04:05][warning][427353] Calling original ioctl: 8 3223340586 140730753139552
[2026-09-09 03:04:05][warning][427353] Calling original ioctl: 8 3223340586 140730753139632
[2026-09-09 03:04:05][warning][427353] Calling original ioctl: 8 3223340586 140730753139632
[2026-09-09 03:04:05][warning][427353] Calling original ioctl: 8 3224389163 140730753141728
[2026-09-09 03:04:05][warning][427353] Calling original ioctl: 8 3223340586 140730753137312
[2026-09-09 03:04:05][warning][427353] Calling original ioctl: 8 3224913486 140730753141856
[2026-09-09 03:04:05][warning][427353] Calling original ioctl: 8 3224389163 140730753143584
[2026-09-09 03:04:05][warning][427353] Calling original ioctl: 8 3223340586 140730753139616
[2026-09-09 03:04:05][warning][427353] Calling original ioctl: 8 3224389163 140730753143872
[2026-09-09 03:04:05][warning][427353] Calling original ioctl: 8 3223340586 140730753139552
[2026-09-09 03:04:05][warning][427353] Calling original ioctl: 8 3223340586 140730753139632
[2026-09-09 03:04:05][warning][427353] Calling original ioctl: 8 3223340586 140730753139632
[2026-09-09 03:04:05][warning][427353] Calling original ioctl: 8 3224389163 140730753141728
[2026-09-09 03:04:05][warning][427353] Calling original ioctl: 8 3223340586 140730753137312
[2026-09-09 03:04:05][warning][427353] Calling original ioctl: 8 3224913486 140730753141856
[2026-09-09 03:04:05][warning][427353] Calling original ioctl: 8 3224389163 140730753143584
[2026-09-09 03:04:05][warning][427353] Calling original ioctl: 8 3223340586 140730753139616
[2026-09-09 03:04:05][warning][427353] Calling original ioctl: 8 3224389163 140730753143872
[2026-09-09 03:04:05][warning][427353] Calling original ioctl: 8 3223340586 140730753139552
[2026-09-09 03:04:05][warning][427353] Calling original ioctl: 8 3224389163 140730753143872
[2026-09-09 03:04:05][warning][427353] Calling original ioctl: 8 3223340586 140730753139552
[2026-09-09 03:04:05][warning][427353] Calling original ioctl: 8 3223340586 140730753139632
[2026-09-09 03:04:05][warning][427353] Calling original ioctl: 8 3223340586 140730753139632
[2026-09-09 03:04:05][warning][427353] Calling original ioctl: 8 3224389163 140730753141728
[2026-09-09 03:04:05][warning][427353] Calling original ioctl: 8 3223340586 140730753137312
[2026-09-09 03:04:05][warning][427353] Calling original ioctl: 8 3224913486 140730753141856
[2026-09-09 03:04:05][warning][427353] Calling original ioctl: 8 3224389163 140730753143584
[2026-09-09 03:04:05][warning][427353] Calling original ioctl: 8 3223340586 140730753139616
[2026-09-09 03:04:05][warning][427353] Calling original ioctl: 8 3224389163 140730753143872
[2026-09-09 03:04:05][warning][427353] Calling original ioctl: 8 3223340586 140730753139552
[2026-09-09 03:04:05][warning][427353] Calling original ioctl: 8 3223340586 140730753139632
[2026-09-09 03:04:05][warning][427353] Calling original ioctl: 8 3223340586 140730753139632
[2026-09-09 03:04:05][warning][427353] Calling original ioctl: 8 3224389163 140730753141728
[2026-09-09 03:04:05][warning][427353] Calling original ioctl: 8 3223340586 140730753137312
[2026-09-09 03:04:05][warning][427353] Calling original ioctl: 8 3224913486 140730753141856
[2026-09-09 03:04:05][warning][427353] Calling original ioctl: 8 3224389163 140730753143584
[2026-09-09 03:04:05][warning][427353] Calling original ioctl: 8 3223340586 140730753139616
[2026-09-09 03:04:05][warning][427353] Calling original ioctl: 8 3224389163 140730753143872
[2026-09-09 03:04:05][warning][427353] Calling original ioctl: 8 3223340586 140730753139552
[2026-09-09 03:04:05][warning][427353] Calling original ioctl: 8 3224389163 140730753143872
[2026-09-09 03:04:05][warning][427353] Calling original ioctl: 8 3223340586 140730753139552
[2026-09-09 03:04:05][warning][427353] Calling original ioctl: 8 3223340586 140730753139632
[2026-09-09 03:04:05][warning][427353] Calling original ioctl: 8 3223340586 140730753139632
[2026-09-09 03:04:05][warning][427353] Calling original ioctl: 8 3224389163 140730753141728
[2026-09-09 03:04:05][warning][427353] Calling original ioctl: 8 3223340586 140730753137312
[2026-09-09 03:04:05][warning][427353] Calling original ioctl: 8 3224913486 140730753141856
[2026-09-09 03:04:05][warning][427353] Calling original ioctl: 8 3224389163 140730753143584
[2026-09-09 03:04:05][warning][427353] Calling original ioctl: 8 3223340586 140730753139616
[2026-09-09 03:04:05][warning][427353] Calling original ioctl: 8 3224389163 140730753143872
[2026-09-09 03:04:05][warning][427353] Calling original ioctl: 8 3223340586 140730753139552
[2026-09-09 03:04:05][warning][427353] Calling original ioctl: 8 3223340586 140730753139632
[2026-09-09 03:04:05][warning][427353] Calling original ioctl: 8 3223340586 140730753139632
[2026-09-09 03:04:05][warning][427353] Calling original ioctl: 9 27 140730753145552
[2026-09-09 03:04:05][warning][427353] Calling original ioctl: 9 27 140730753145552
[2026-09-09 03:04:05][warning][427353] Calling original ioctl: 9 27 140730753145552
[2026-09-09 03:04:05][warning][427353] Calling original ioctl: 9 27 140730753145552
[2026-09-09 03:04:05][warning][427353] Calling original ioctl: 9 27 140730753145552
[2026-09-09 03:04:05][warning][427353] Calling original ioctl: 9 27 140730753145552
[2026-09-09 03:04:05][warning][427353] Calling original ioctl: 9 27 140730753145552
[2026-09-09 03:04:05][warning][427353] Calling original ioctl: 9 27 140730753145552
[2026-09-09 03:04:05][warning][427353] Calling original ioctl: 8 3223340586 140730753141216
[2026-09-09 03:04:05][warning][427353] Calling original ioctl: 17 3221505737 140730753145312
[2026-09-09 03:04:05][warning][427353] Calling original ioctl: 17 3222292174 140730753145296
[2026-09-09 03:04:05][warning][427353] Calling original ioctl: 17 3224389163 140730753145280
[2026-09-09 03:04:05][warning][427353] Calling original ioctl: 8 3224389163 140730753145120
[2026-09-09 03:04:05][warning][427353] Calling original ioctl: 8 3224389163 140730753141728
[2026-09-09 03:04:05][warning][427353] Calling original ioctl: 8 3223340586 140730753137312
[2026-09-09 03:04:05][warning][427353] Calling original ioctl: 8 3224913486 140730753141856
[2026-09-09 03:04:05][warning][427353] Calling original ioctl: 8 3224389163 140730753143584
[2026-09-09 03:04:05][warning][427353] Calling original ioctl: 8 3223340586 140730753139616
[2026-09-09 03:04:05][warning][427353] Calling original ioctl: 8 3224389163 140730753143872
[2026-09-09 03:04:05][warning][427353] Calling original ioctl: 8 3223340586 140730753139552
[2026-09-09 03:04:05][warning][427353] Calling original ioctl: 8 3223340586 140730753139632
[2026-09-09 03:04:05][warning][427353] Calling original ioctl: 8 3224389163 140730753141728
[2026-09-09 03:04:05][warning][427353] Calling original ioctl: 8 3223340586 140730753137312
[2026-09-09 03:04:05][warning][427353] Calling original ioctl: 8 3224913486 140730753141856
[2026-09-09 03:04:05][warning][427353] Calling original ioctl: 8 3224389163 140730753143584
[2026-09-09 03:04:05][warning][427353] Calling original ioctl: 8 3223340586 140730753139616
[2026-09-09 03:04:05][warning][427353] Calling original ioctl: 8 3224389163 140730753143872
[2026-09-09 03:04:05][warning][427353] Calling original ioctl: 8 3223340586 140730753139552
[2026-09-09 03:04:05][warning][427353] Calling original ioctl: 8 3223340586 140730753139632
[2026-09-09 03:04:05][warning][427353] Calling original ioctl: 8 3224389163 140730753141728
[2026-09-09 03:04:05][warning][427353] Calling original ioctl: 8 3223340586 140730753137312
[2026-09-09 03:04:05][warning][427353] Calling original ioctl: 8 3224913486 140730753141856
[2026-09-09 03:04:05][warning][427353] Calling original ioctl: 8 3224389163 140730753143584
[2026-09-09 03:04:05][warning][427353] Calling original ioctl: 8 3223340586 140730753139616
[2026-09-09 03:04:05][warning][427353] Calling original ioctl: 8 3224389163 140730753143872
[2026-09-09 03:04:05][warning][427353] Calling original ioctl: 8 3223340586 140730753139552
[2026-09-09 03:04:05][warning][427353] Calling original ioctl: 8 3223340586 140730753139632
[2026-09-09 03:04:05][warning][427353] Calling original ioctl: 8 3224389163 140730753141728
[2026-09-09 03:04:05][warning][427353] Calling original ioctl: 8 3223340586 140730753137312
[2026-09-09 03:04:05][warning][427353] Calling original ioctl: 8 3224913486 140730753141856
[2026-09-09 03:04:05][warning][427353] Calling original ioctl: 8 3224389163 140730753143584
[2026-09-09 03:04:05][warning][427353] Calling original ioctl: 8 3223340586 140730753139616
[2026-09-09 03:04:05][warning][427353] Calling original ioctl: 8 3224389163 140730753143872
[2026-09-09 03:04:05][warning][427353] Calling original ioctl: 8 3223340586 140730753139552
[2026-09-09 03:04:05][warning][427353] Calling original ioctl: 8 3223340586 140730753139632
[2026-09-09 03:04:05][warning][427353] Calling original ioctl: 9 27 140730753145552
[2026-09-09 03:04:05][warning][427353] Calling original ioctl: 9 27 140730753145552
[2026-09-09 03:04:05][warning][427353] Calling original ioctl: 9 27 140730753145552
[2026-09-09 03:04:05][warning][427353] Calling original ioctl: 9 27 140730753145552
[2026-09-09 03:04:05][warning][427353] Calling original ioctl: 8 3223340586 140730753141216
[2026-09-09 03:04:05][warning][427353] Calling original ioctl: 19 3221505737 140730753145312
[2026-09-09 03:04:05][warning][427353] Calling original ioctl: 19 3222292174 140730753145296
[2026-09-09 03:04:05][warning][427353] Calling original ioctl: 19 3224389163 140730753145280
[2026-09-09 03:04:05][warning][427353] Calling original ioctl: 8 3224389163 140730753145120
[2026-09-09 03:04:05][warning][427353] Calling original ioctl: 8 3224389163 140730753141728
[2026-09-09 03:04:05][warning][427353] Calling original ioctl: 8 3223340586 140730753137312
[2026-09-09 03:04:05][warning][427353] Calling original ioctl: 8 3224913486 140730753141856
[2026-09-09 03:04:05][warning][427353] Calling original ioctl: 8 3224389163 140730753143584
[2026-09-09 03:04:05][warning][427353] Calling original ioctl: 8 3223340586 140730753139616
[2026-09-09 03:04:05][warning][427353] Calling original ioctl: 8 3224389163 140730753143872
[2026-09-09 03:04:05][warning][427353] Calling original ioctl: 8 3223340586 140730753139552
[2026-09-09 03:04:05][warning][427353] Calling original ioctl: 8 3223340586 140730753139632
[2026-09-09 03:04:05][warning][427353] Calling original ioctl: 8 3224389163 140730753141728
[2026-09-09 03:04:05][warning][427353] Calling original ioctl: 8 3223340586 140730753137312
[2026-09-09 03:04:05][warning][427353] Calling original ioctl: 8 3224913486 140730753141856
[2026-09-09 03:04:05][warning][427353] Calling original ioctl: 8 3224389163 140730753143584
[2026-09-09 03:04:05][warning][427353] Calling original ioctl: 8 3223340586 140730753139616
[2026-09-09 03:04:05][warning][427353] Calling original ioctl: 8 3224389163 140730753143872
[2026-09-09 03:04:05][warning][427353] Calling original ioctl: 8 3223340586 140730753139552
[2026-09-09 03:04:05][warning][427353] Calling original ioctl: 8 3223340586 140730753139632
[2026-09-09 03:04:05][warning][427353] Calling original ioctl: 8 3224389163 140730753141728
[2026-09-09 03:04:05][warning][427353] Calling original ioctl: 8 3223340586 140730753137312
[2026-09-09 03:04:05][warning][427353] Calling original ioctl: 8 3224913486 140730753141856
[2026-09-09 03:04:05][warning][427353] Calling original ioctl: 8 3224389163 140730753143584
[2026-09-09 03:04:05][warning][427353] Calling original ioctl: 8 3223340586 140730753139616
[2026-09-09 03:04:05][warning][427353] Calling original ioctl: 8 3224389163 140730753143872
[2026-09-09 03:04:05][warning][427353] Calling original ioctl: 8 3223340586 140730753139552
[2026-09-09 03:04:05][warning][427353] Calling original ioctl: 8 3223340586 140730753139632
[2026-09-09 03:04:05][warning][427353] Calling original ioctl: 8 3224389163 140730753141728
[2026-09-09 03:04:05][warning][427353] Calling original ioctl: 8 3223340586 140730753137312
[2026-09-09 03:04:05][warning][427353] Calling original ioctl: 8 3224913486 140730753141856
[2026-09-09 03:04:05][warning][427353] Calling original ioctl: 8 3224389163 140730753143584
[2026-09-09 03:04:05][warning][427353] Calling original ioctl: 8 3223340586 140730753139616
[2026-09-09 03:04:05][warning][427353] Calling original ioctl: 8 3224389163 140730753143872
[2026-09-09 03:04:05][warning][427353] Calling original ioctl: 8 3223340586 140730753139552
[2026-09-09 03:04:05][warning][427353] Calling original ioctl: 8 3223340586 140730753139632
[2026-09-09 03:04:05][warning][427353] Calling original ioctl: 9 27 140730753145552
[2026-09-09 03:04:05][warning][427353] Calling original ioctl: 9 27 140730753145552
[2026-09-09 03:04:05][warning][427353] Calling original ioctl: 9 27 140730753145552
[2026-09-09 03:04:05][warning][427353] Calling original ioctl: 9 27 140730753145552
[2026-09-09 03:04:05][warning][427353] Calling original ioctl: 8 3223340586 140730753141216
[2026-09-09 03:04:05][warning][427353] Calling original ioctl: 21 3221505737 140730753145312
[2026-09-09 03:04:05][warning][427353] Calling original ioctl: 21 3222292174 140730753145296
[2026-09-09 03:04:05][warning][427353] Calling original ioctl: 21 3224389163 140730753145280
[2026-09-09 03:04:05][warning][427353] Calling original ioctl: 8 3224389163 140730753142752
[2026-09-09 03:04:05][warning][427353] Calling original ioctl: 8 3223340586 140730753138336
[2026-09-09 03:04:05][warning][427353] Calling original ioctl: 8 3224913486 140730753142880
[2026-09-09 03:04:05][warning][427353] Calling original ioctl: 9 73 140730753141936
[2026-09-09 03:04:05][warning][427353] Calling original ioctl: 9 33 140730753132704
[2026-09-09 03:04:05][warning][427353] Calling original ioctl: 8 3224389163 140730753143056
[2026-09-09 03:04:05][warning][427353] Calling original ioctl: 9 73 140730753142240
[2026-09-09 03:04:05][warning][427353] Calling original ioctl: 9 33 140730753133008
[2026-09-09 03:04:05][warning][427353] Calling original ioctl: 9 68 140730753132400
[2026-09-09 03:04:05][warning][427353] Calling original ioctl: 9 72 140730753141504
[2026-09-09 03:04:05][warning][427353] Calling original ioctl: 9 23 140730753145856
[2026-09-09 03:04:05][warning][427353] Calling original ioctl: 9 23 140730753145856
[2026-09-09 03:04:05][warning][427353] Calling original ioctl: 9 23 140730753145856
[2026-09-09 03:04:05][warning][427353] Calling original ioctl: 9 23 140730753145856
[2026-09-09 03:04:05][warning][427353] Calling original ioctl: 8 3224389163 140730753143056
[2026-09-09 03:04:05][warning][427353] Calling original ioctl: 9 73 140730753142240
[2026-09-09 03:04:05][warning][427353] Calling original ioctl: 9 33 140730753133008
[2026-09-09 03:04:05][warning][427353] Calling original ioctl: 9 23 140730753145856
[2026-09-09 03:04:05][warning][427353] Calling original ioctl: 9 23 140730753145856
[2026-09-09 03:04:05][warning][427353] Calling original ioctl: 9 23 140730753145856
[2026-09-09 03:04:05][warning][427353] Calling original ioctl: 8 3224389163 140730753142480
[2026-09-09 03:04:05][warning][427353] Calling original ioctl: 8 3223340586 140730753138064
[2026-09-09 03:04:05][warning][427353] Calling original ioctl: 8 3224913486 140730753142608
[2026-09-09 03:04:05][warning][427353] Calling original ioctl: 9 73 140730753141664
[2026-09-09 03:04:05][warning][427353] Calling original ioctl: 9 33 140730753132432
[2026-09-09 03:04:05][warning][427353] Calling original ioctl: 12 3224913447 140730753142464
[2026-09-09 03:04:05][warning][427353] Calling original ioctl: 9 73 140730753141664
[2026-09-09 03:04:05][warning][427353] Calling original ioctl: 9 33 140730753132432
[2026-09-09 03:04:05][warning][427353] Calling original ioctl: 8 3224389163 140730753143344
[2026-09-09 03:04:05][warning][427353] Calling original ioctl: 9 73 140730753142528
[2026-09-09 03:04:05][warning][427353] Calling original ioctl: 9 33 140730753133296
[2026-09-09 03:04:05][warning][427353] Calling original ioctl: 12 3224913447 140730753142720
[2026-09-09 03:04:05][warning][427353] Calling original ioctl: 9 73 140730753141920
[2026-09-09 03:04:05][warning][427353] Calling original ioctl: 9 33 140730753132688
[2026-09-09 03:04:05][warning][427353] Calling original ioctl: 8 3224389163 140730753142736
[2026-09-09 03:04:05][warning][427353] Calling original ioctl: 9 73 140730753141920
[2026-09-09 03:04:05][warning][427353] Calling original ioctl: 9 33 140730753132688
[2026-09-09 03:04:05][warning][427353] Calling original ioctl: 9 65 140730753143008
[2026-09-09 03:04:05][warning][427353] Calling original ioctl: 12 3224913447 140730753143824
[2026-09-09 03:04:05][warning][427353] Calling original ioctl: 9 73 140730753143024
[2026-09-09 03:04:05][warning][427353] Calling original ioctl: 9 33 140730753133792
[2026-09-09 03:04:05][warning][427353] Calling original ioctl: 8 3224389163 140730753143840
[2026-09-09 03:04:05][warning][427353] Calling original ioctl: 9 73 140730753143024
[2026-09-09 03:04:05][warning][427353] Calling original ioctl: 9 33 140730753133792
[2026-09-09 03:04:05][warning][427353] Calling original ioctl: 8 3224389163 140730753143408
[2026-09-09 03:04:05][warning][427353] Calling original ioctl: 8 3223340586 140730753138992
[2026-09-09 03:04:05][warning][427353] Calling original ioctl: 8 3224913486 140730753143536
[2026-09-09 03:04:05][warning][427353] Calling original ioctl: 9 73 140730753142592
[2026-09-09 03:04:05][warning][427353] Calling original ioctl: 9 33 140730753133360
[2026-09-09 03:04:05][warning][427353] Calling original ioctl: 8 3224389163 140730753141120
[2026-09-09 03:04:05][warning][427353] Calling original ioctl: 9 73 140730753140304
[2026-09-09 03:04:05][warning][427353] Calling original ioctl: 9 33 140730753131072
[2026-09-09 03:04:05][warning][427353] Calling original ioctl: 8 3224389163 140730753141040
[2026-09-09 03:04:05][warning][427353] Calling original ioctl: 9 73 140730753140224
[2026-09-09 03:04:05][warning][427353] Calling original ioctl: 9 33 140730753130992
[2026-09-09 03:04:05][warning][427353] Calling original ioctl: 8 3224389163 140730753141040
[2026-09-09 03:04:05][warning][427353] Calling original ioctl: 9 73 140730753140224
[2026-09-09 03:04:05][warning][427353] Calling original ioctl: 9 33 140730753130992
[2026-09-09 03:04:05][warning][427353] Calling original ioctl: 12 3224913447 140730753143376
[2026-09-09 03:04:05][warning][427353] Calling original ioctl: 9 73 140730753142576
[2026-09-09 03:04:05][warning][427353] Calling original ioctl: 9 33 140730753133344
[2026-09-09 03:04:05][warning][427353] Calling original ioctl: 8 3224389163 140730753145984
[2026-09-09 03:04:05][warning][427353] Calling original ioctl: 8 3224389163 140730753142880
[2026-09-09 03:04:05][warning][427353] Calling original ioctl: 8 3223340586 140730753138464
[2026-09-09 03:04:05][warning][427353] Calling original ioctl: 8 3224913486 140730753143008
[2026-09-09 03:04:05][warning][427353] Calling original ioctl: 9 73 140730753142064
[2026-09-09 03:04:05][warning][427353] Calling original ioctl: 9 33 140730753132832
[2026-09-09 03:04:05][warning][427353] Calling original ioctl: 8 3224389163 140730753143200
[2026-09-09 03:04:05][warning][427353] Calling original ioctl: 9 73 140730753142384
[2026-09-09 03:04:05][warning][427353] Calling original ioctl: 9 33 140730753133152
[2026-09-09 03:04:05][warning][427353] Calling original ioctl: 8 3224389163 140730753143200
[2026-09-09 03:04:05][warning][427353] Calling original ioctl: 9 73 140730753142384
[2026-09-09 03:04:05][warning][427353] Calling original ioctl: 9 33 140730753133152
[2026-09-09 03:04:05][warning][427353] Calling original ioctl: 24 3221505737 140730753145648
[2026-09-09 03:04:05][warning][427353] Calling original ioctl: 24 3222292174 140730753145632
[2026-09-09 03:04:05][warning][427353] Calling original ioctl: 24 3224389163 140730753145616
[2026-09-09 03:04:05][warning][427353] Calling original ioctl: 26 3221505737 140730753145648
[2026-09-09 03:04:05][warning][427353] Calling original ioctl: 26 3222292174 140730753145632
[2026-09-09 03:04:05][warning][427353] Calling original ioctl: 26 3224389163 140730753145616
[2026-09-09 03:04:05][warning][427353] Calling original ioctl: 28 3221505737 140730753145648
[2026-09-09 03:04:05][warning][427353] Calling original ioctl: 28 3222292174 140730753145632
[2026-09-09 03:04:05][warning][427353] Calling original ioctl: 28 3224389163 140730753145616
[2026-09-09 03:04:05][warning][427353] Calling original ioctl: 30 3221505737 140730753145648
[2026-09-09 03:04:05][warning][427353] Calling original ioctl: 30 3222292174 140730753145632
[2026-09-09 03:04:05][warning][427353] Calling original ioctl: 30 3224389163 140730753145616
[2026-09-09 03:04:05][warning][427353] Calling original ioctl: 8 3223340586 140730753141360
[2026-09-09 03:04:05][warning][427353] Calling original ioctl: 8 3223340586 140730753141536
[2026-09-09 03:04:05][warning][427353] Calling original ioctl: 8 3223340586 140730753141696
[2026-09-09 03:04:05][warning][427353] Calling original ioctl: 8 3224389163 140730753143168
[2026-09-09 03:04:05][warning][427353] Calling original ioctl: 9 73 140730753142352
[2026-09-09 03:04:05][warning][427353] Calling original ioctl: 9 33 140730753133120
[2026-09-09 03:04:05][warning][427353] Calling original ioctl: 8 3223340586 140730753141696
libbpf: loading object 'full_record_device_buffer_bpf' from buffer
libbpf: elf: section(2) .symtab, size 240, link 1, flags 0, type=2
libbpf: elf: section(3) kretprobe/_Z9rope_normILb1ELb0Ef6__halfEvPKT1_PT2_iiiiiPKifff14rope_corr_dimsfPKfPKli, size 1152, link 0, flags 6, type=1
libbpf: sec 'kretprobe/_Z9rope_normILb1ELb0Ef6__halfEvPKT1_PT2_iiiiiPKifff14rope_corr_dimsfPKfPKli': found program 'cuda__retprobe' at insn offset 0 (0 bytes), code size 144 insns (1152 bytes)
libbpf: elf: section(4) .maps, size 32, link 0, flags 3, type=1
libbpf: elf: section(5) license, size 4, link 0, flags 3, type=1
libbpf: license of full_record_device_buffer_bpf is GPL
libbpf: elf: section(6) .relkretprobe/_Z9rope_normILb1ELb0Ef6__halfEvPKT1_PT2_iiiiiPKifff14rope_corr_dimsfPKfPKli, size 32, link 2, flags 40, type=9
libbpf: elf: section(7) .BTF, size 2852, link 0, flags 0, type=1
libbpf: elf: section(8) .BTF.ext, size 1200, link 0, flags 0, type=1
libbpf: looking for externs among 10 symbols...
libbpf: collected 0 externs total
libbpf: map 'arena': at sec_idx 4, offset 0.
libbpf: map 'arena': found type = 1503.
libbpf: map 'arena': found key [8], sz = 4.
libbpf: map 'arena': found value [12], sz = 335675408.
libbpf: map 'arena': found max_entries = 32.
libbpf: sec '.relkretprobe/_Z9rope_normILb1ELb0Ef6__halfEvPKT1_PT2_iiiiiPKifff14rope_corr_dimsfPKfPKli': collecting relocation for section(3) 'kretprobe/_Z9rope_normILb1ELb0Ef6__halfEvPKT1_PT2_iiiiiPKifff14rope_corr_dimsfPKfPKli'
libbpf: sec '.relkretprobe/_Z9rope_normILb1ELb0Ef6__halfEvPKT1_PT2_iiiiiPKifff14rope_corr_dimsfPKfPKli': relo #0: insn #71 against 'arena'
libbpf: prog 'cuda__retprobe': found map 0 (arena, sec 4, off 0) for insn #71
libbpf: sec '.relkretprobe/_Z9rope_normILb1ELb0Ef6__halfEvPKT1_PT2_iiiiiPKifff14rope_corr_dimsfPKfPKli': relo #1: insn #85 against 'arena'
libbpf: prog 'cuda__retprobe': found map 0 (arena, sec 4, off 0) for insn #85
libbpf: object 'full_record_dev': failed (-EACCES) to open BPF FS mount at '/sys/fs/bpf', skipping optional step...
libbpf: Kernel doesn't support BTF, skipping uploading it.
libbpf: map 'arena': created successfully, fd=34
Full-record bank count: 32
Full-record slots per bank: 16384
Full-record total slots: 524288
Full-record records per slot: 256
Full-record record bytes: 80
Full-record layout: field-major SoA
Full-record value bytes (per bank): 335675408
Full-record probe attached; waiting for SIGINT
[2026-09-09 03:04:20][warning][427431] Calling original ioctl: 8 3223340586 137964978660976
[2026-09-09 03:05:06][warning][427353] Calling original ioctl: 8 3223340586 140730753136448
Full-record drain bytes: 10741613056
Full-record drain time ns: 1495369166
Full-record committed records: 23068672
Full-record active slots: 524288
Full-record overflow records: 0
Full-record out-of-range threads: 0
Full-record nonzero timestamps: 23068672
[2026-09-09 03:05:07][warning][427353] Calling original ioctl: 9 34 140730753146448
[2026-09-09 03:05:07][warning][427353] Calling original ioctl: 8 3222292009 140730753146608
[2026-09-09 03:05:07][warning][427353] Calling original ioctl: 9 34 140730753147296
[2026-09-09 03:05:07][warning][427353] Calling original ioctl: 8 3222292009 140730753147456
[2026-09-09 03:05:07][warning][427353] Calling original ioctl: 9 34 140730753147296
[2026-09-09 03:05:07][warning][427353] Calling original ioctl: 8 3222292009 140730753147456
[2026-09-09 03:05:07][warning][427353] Calling original ioctl: 8 3222292009 140730753148176
[2026-09-09 03:05:07][warning][427353] Calling original ioctl: 26 3222292175 140730753148192
[2026-09-09 03:05:07][warning][427353] Calling original ioctl: 8 3222292009 140730753148176
[2026-09-09 03:05:07][warning][427353] Calling original ioctl: 28 3222292175 140730753148192
[2026-09-09 03:05:07][warning][427353] Calling original ioctl: 8 3222292009 140730753148176
[2026-09-09 03:05:07][warning][427353] Calling original ioctl: 24 3222292175 140730753148192
[2026-09-09 03:05:07][warning][427353] Calling original ioctl: 8 3222292009 140730753148176
[2026-09-09 03:05:07][warning][427353] Calling original ioctl: 30 3222292175 140730753148192
[2026-09-09 03:05:07][warning][427353] Calling original ioctl: 9 34 140730753147200
[2026-09-09 03:05:07][warning][427353] Calling original ioctl: 8 3222292009 140730753147360
[2026-09-09 03:05:07][warning][427353] Calling original ioctl: 9 34 140730753147200
[2026-09-09 03:05:07][warning][427353] Calling original ioctl: 8 3222292009 140730753147360
[2026-09-09 03:05:07][warning][427353] Calling original ioctl: 9 34 140730753147328
[2026-09-09 03:05:07][warning][427353] Calling original ioctl: 8 3223340623 140730753147536
[2026-09-09 03:05:07][warning][427353] Calling original ioctl: 8 3222292009 140730753147488
[2026-09-09 03:05:07][warning][427353] Calling original ioctl: 8 3222292009 140730753148256
[2026-09-09 03:05:07][warning][427353] Calling original ioctl: 9 34 140730753147312
[2026-09-09 03:05:07][warning][427353] Calling original ioctl: 8 3222292009 140730753147472
[2026-09-09 03:05:07][warning][427353] Calling original ioctl: 9 34 140730753147312
[2026-09-09 03:05:07][warning][427353] Calling original ioctl: 8 3223340623 140730753147520
[2026-09-09 03:05:07][warning][427353] Calling original ioctl: 8 3222292009 140730753147472
[2026-09-09 03:05:07][warning][427353] Calling original ioctl: 8 3223340586 140730753143184
[2026-09-09 03:05:07][warning][427353] Calling original ioctl: 9 34 140730753147136
[2026-09-09 03:05:07][warning][427353] Calling original ioctl: 8 3222292009 140730753147296
[2026-09-09 03:05:07][warning][427353] Calling original ioctl: 8 3223340586 140730753143184
[2026-09-09 03:05:07][warning][427353] Calling original ioctl: 9 34 140730753147136
[2026-09-09 03:05:07][warning][427353] Calling original ioctl: 8 3222292009 140730753147296
[2026-09-09 03:05:07][warning][427353] Calling original ioctl: 8 3223340586 140730753143184
[2026-09-09 03:05:07][warning][427353] Calling original ioctl: 9 34 140730753147136
[2026-09-09 03:05:07][warning][427353] Calling original ioctl: 8 3222292009 140730753147296
[2026-09-09 03:05:07][warning][427353] Calling original ioctl: 8 3223340586 140730753144080
[2026-09-09 03:05:07][warning][427353] Calling original ioctl: 9 34 140730753147360
[2026-09-09 03:05:07][warning][427353] Calling original ioctl: 9 34 140730753147360
[2026-09-09 03:05:07][warning][427353] Calling original ioctl: 8 3222292009 140730753147520
[2026-09-09 03:05:07][warning][427353] Calling original ioctl: 9 34 140730753147360
[2026-09-09 03:05:07][warning][427353] Calling original ioctl: 8 3222292009 140730753147520
[2026-09-09 03:05:07][warning][427353] Calling original ioctl: 9 34 140730753147312
[2026-09-09 03:05:07][warning][427353] Calling original ioctl: 8 3223340623 140730753147520
[2026-09-09 03:05:07][warning][427353] Calling original ioctl: 8 3222292009 140730753147472
[2026-09-09 03:05:07][warning][427353] Calling original ioctl: 9 24 140730753148352
[2026-09-09 03:05:07][warning][427353] Calling original ioctl: 9 24 140730753148352
[2026-09-09 03:05:07][warning][427353] Calling original ioctl: 9 24 140730753148384
[2026-09-09 03:05:07][warning][427353] Calling original ioctl: 9 24 140730753148352
[2026-09-09 03:05:07][warning][427353] Calling original ioctl: 9 24 140730753148352
[2026-09-09 03:05:07][warning][427353] Calling original ioctl: 9 24 140730753148352
[2026-09-09 03:05:07][warning][427353] Calling original ioctl: 9 24 140730753148352
[2026-09-09 03:05:07][warning][427353] Calling original ioctl: 9 34 140730753147248
[2026-09-09 03:05:07][warning][427353] Calling original ioctl: 8 3222292009 140730753147408
[2026-09-09 03:05:07][warning][427353] Calling original ioctl: 9 34 140730753147248
[2026-09-09 03:05:07][warning][427353] Calling original ioctl: 8 3222292009 140730753147408
[2026-09-09 03:05:07][warning][427353] Calling original ioctl: 9 34 140730753147360
[2026-09-09 03:05:07][warning][427353] Calling original ioctl: 8 3222292009 140730753147520
[2026-09-09 03:05:07][warning][427353] Calling original ioctl: 8 3222292009 140730753148096
[2026-09-09 03:05:07][warning][427353] Calling original ioctl: 17 3222292175 140730753148112
[2026-09-09 03:05:07][warning][427353] Calling original ioctl: 9 28 140730753148224
[2026-09-09 03:05:07][warning][427353] Calling original ioctl: 9 28 140730753148224
[2026-09-09 03:05:07][warning][427353] Calling original ioctl: 9 28 140730753148224
[2026-09-09 03:05:07][warning][427353] Calling original ioctl: 9 28 140730753148224
[2026-09-09 03:05:07][warning][427353] Calling original ioctl: 9 28 140730753148224
[2026-09-09 03:05:07][warning][427353] Calling original ioctl: 9 28 140730753148224
[2026-09-09 03:05:07][warning][427353] Calling original ioctl: 9 28 140730753148224
[2026-09-09 03:05:07][warning][427353] Calling original ioctl: 9 28 140730753148224
[2026-09-09 03:05:07][warning][427353] Calling original ioctl: 8 3222292009 140730753147984
[2026-09-09 03:05:07][warning][427353] Calling original ioctl: 8 3222292009 140730753147984
[2026-09-09 03:05:07][warning][427353] Calling original ioctl: 8 3222292009 140730753148032
[2026-09-09 03:05:07][warning][427353] Calling original ioctl: 8 3223340623 140730753147296
[2026-09-09 03:05:07][warning][427353] Calling original ioctl: 8 3222292009 140730753147248
[2026-09-09 03:05:07][warning][427353] Calling original ioctl: 8 3222292009 140730753147984
[2026-09-09 03:05:07][warning][427353] Calling original ioctl: 8 3222292009 140730753148032
[2026-09-09 03:05:07][warning][427353] Calling original ioctl: 8 3223340623 140730753147296
[2026-09-09 03:05:07][warning][427353] Calling original ioctl: 8 3222292009 140730753147248
[2026-09-09 03:05:07][warning][427353] Calling original ioctl: 8 3222292009 140730753147984
[2026-09-09 03:05:07][warning][427353] Calling original ioctl: 8 3222292009 140730753147984
[2026-09-09 03:05:07][warning][427353] Calling original ioctl: 8 3222292009 140730753148032
[2026-09-09 03:05:07][warning][427353] Calling original ioctl: 8 3223340623 140730753147296
[2026-09-09 03:05:07][warning][427353] Calling original ioctl: 8 3222292009 140730753147248
[2026-09-09 03:05:07][warning][427353] Calling original ioctl: 8 3222292009 140730753147984
[2026-09-09 03:05:07][warning][427353] Calling original ioctl: 8 3222292009 140730753148032
[2026-09-09 03:05:07][warning][427353] Calling original ioctl: 8 3223340623 140730753147296
[2026-09-09 03:05:07][warning][427353] Calling original ioctl: 8 3222292009 140730753147248
[2026-09-09 03:05:07][warning][427353] Calling original ioctl: 8 3222292009 140730753147984
[2026-09-09 03:05:07][warning][427353] Calling original ioctl: 8 3222292009 140730753147984
[2026-09-09 03:05:07][warning][427353] Calling original ioctl: 8 3222292009 140730753148032
[2026-09-09 03:05:07][warning][427353] Calling original ioctl: 8 3223340623 140730753147296
[2026-09-09 03:05:07][warning][427353] Calling original ioctl: 8 3222292009 140730753147248
[2026-09-09 03:05:07][warning][427353] Calling original ioctl: 8 3222292009 140730753147984
[2026-09-09 03:05:07][warning][427353] Calling original ioctl: 8 3222292009 140730753148032
[2026-09-09 03:05:07][warning][427353] Calling original ioctl: 8 3223340623 140730753147296
[2026-09-09 03:05:07][warning][427353] Calling original ioctl: 8 3222292009 140730753147248
[2026-09-09 03:05:07][warning][427353] Calling original ioctl: 8 3222292009 140730753147984
[2026-09-09 03:05:07][warning][427353] Calling original ioctl: 8 3222292009 140730753147984
[2026-09-09 03:05:07][warning][427353] Calling original ioctl: 8 3222292009 140730753148032
[2026-09-09 03:05:07][warning][427353] Calling original ioctl: 8 3223340623 140730753147296
[2026-09-09 03:05:07][warning][427353] Calling original ioctl: 8 3222292009 140730753147248
[2026-09-09 03:05:07][warning][427353] Calling original ioctl: 8 3222292009 140730753147984
[2026-09-09 03:05:07][warning][427353] Calling original ioctl: 8 3222292009 140730753148032
[2026-09-09 03:05:07][warning][427353] Calling original ioctl: 8 3223340623 140730753147296
[2026-09-09 03:05:07][warning][427353] Calling original ioctl: 8 3222292009 140730753147248
[2026-09-09 03:05:07][warning][427353] Calling original ioctl: 8 3222292009 140730753148160
[2026-09-09 03:05:07][warning][427353] Calling original ioctl: 8 3222292009 140730753148128
[2026-09-09 03:05:07][warning][427353] Calling original ioctl: 8 3222292009 140730753148096
[2026-09-09 03:05:07][warning][427353] Calling original ioctl: 19 3222292175 140730753148112
[2026-09-09 03:05:07][warning][427353] Calling original ioctl: 9 28 140730753148224
[2026-09-09 03:05:07][warning][427353] Calling original ioctl: 9 28 140730753148224
[2026-09-09 03:05:07][warning][427353] Calling original ioctl: 9 28 140730753148224
[2026-09-09 03:05:07][warning][427353] Calling original ioctl: 9 28 140730753148224
[2026-09-09 03:05:07][warning][427353] Calling original ioctl: 8 3222292009 140730753147984
[2026-09-09 03:05:07][warning][427353] Calling original ioctl: 8 3222292009 140730753148032
[2026-09-09 03:05:07][warning][427353] Calling original ioctl: 8 3223340623 140730753147296
[2026-09-09 03:05:07][warning][427353] Calling original ioctl: 8 3222292009 140730753147248
[2026-09-09 03:05:07][warning][427353] Calling original ioctl: 8 3222292009 140730753147984
[2026-09-09 03:05:07][warning][427353] Calling original ioctl: 8 3222292009 140730753148032
[2026-09-09 03:05:07][warning][427353] Calling original ioctl: 8 3223340623 140730753147296
[2026-09-09 03:05:07][warning][427353] Calling original ioctl: 8 3222292009 140730753147248
[2026-09-09 03:05:07][warning][427353] Calling original ioctl: 8 3222292009 140730753147984
[2026-09-09 03:05:07][warning][427353] Calling original ioctl: 8 3222292009 140730753148032
[2026-09-09 03:05:07][warning][427353] Calling original ioctl: 8 3223340623 140730753147296
[2026-09-09 03:05:07][warning][427353] Calling original ioctl: 8 3222292009 140730753147248
[2026-09-09 03:05:07][warning][427353] Calling original ioctl: 8 3222292009 140730753147984
[2026-09-09 03:05:07][warning][427353] Calling original ioctl: 8 3222292009 140730753148032
[2026-09-09 03:05:07][warning][427353] Calling original ioctl: 8 3223340623 140730753147296
[2026-09-09 03:05:07][warning][427353] Calling original ioctl: 8 3222292009 140730753147248
[2026-09-09 03:05:07][warning][427353] Calling original ioctl: 8 3222292009 140730753148128
[2026-09-09 03:05:07][warning][427353] Calling original ioctl: 8 3222292009 140730753148096
[2026-09-09 03:05:07][warning][427353] Calling original ioctl: 21 3222292175 140730753148112
[2026-09-09 03:05:07][warning][427353] Calling original ioctl: 9 28 140730753148224
[2026-09-09 03:05:07][warning][427353] Calling original ioctl: 9 28 140730753148224
[2026-09-09 03:05:07][warning][427353] Calling original ioctl: 9 28 140730753148224
[2026-09-09 03:05:07][warning][427353] Calling original ioctl: 9 28 140730753148224
[2026-09-09 03:05:07][warning][427353] Calling original ioctl: 8 3222292009 140730753147984
[2026-09-09 03:05:07][warning][427353] Calling original ioctl: 8 3222292009 140730753148032
[2026-09-09 03:05:07][warning][427353] Calling original ioctl: 8 3223340623 140730753147296
[2026-09-09 03:05:07][warning][427353] Calling original ioctl: 8 3222292009 140730753147248
[2026-09-09 03:05:07][warning][427353] Calling original ioctl: 8 3222292009 140730753147984
[2026-09-09 03:05:07][warning][427353] Calling original ioctl: 8 3222292009 140730753148032
[2026-09-09 03:05:07][warning][427353] Calling original ioctl: 8 3223340623 140730753147296
[2026-09-09 03:05:07][warning][427353] Calling original ioctl: 8 3222292009 140730753147248
[2026-09-09 03:05:07][warning][427353] Calling original ioctl: 8 3222292009 140730753147984
[2026-09-09 03:05:07][warning][427353] Calling original ioctl: 8 3222292009 140730753148032
[2026-09-09 03:05:07][warning][427353] Calling original ioctl: 8 3223340623 140730753147296
[2026-09-09 03:05:07][warning][427353] Calling original ioctl: 8 3222292009 140730753147248
[2026-09-09 03:05:07][warning][427353] Calling original ioctl: 8 3222292009 140730753147984
[2026-09-09 03:05:07][warning][427353] Calling original ioctl: 8 3222292009 140730753148032
[2026-09-09 03:05:07][warning][427353] Calling original ioctl: 8 3223340623 140730753147296
[2026-09-09 03:05:07][warning][427353] Calling original ioctl: 8 3222292009 140730753147248
[2026-09-09 03:05:07][warning][427353] Calling original ioctl: 9 34 140730753147056
[2026-09-09 03:05:07][warning][427353] Calling original ioctl: 8 3223340623 140730753147264
[2026-09-09 03:05:07][warning][427353] Calling original ioctl: 8 3222292009 140730753147216
[2026-09-09 03:05:07][warning][427353] Calling original ioctl: 9 34 140730753147056
[2026-09-09 03:05:07][warning][427353] Calling original ioctl: 8 3223340623 140730753147264
[2026-09-09 03:05:07][warning][427353] Calling original ioctl: 8 3222292009 140730753147216
[2026-09-09 03:05:07][warning][427353] Calling original ioctl: 8 3222292009 140730753148128
[2026-09-09 03:05:07][warning][427353] Calling original ioctl: 9 34 140730753147360
[2026-09-09 03:05:07][warning][427353] Calling original ioctl: 8 3222292009 140730753147520
[2026-09-09 03:05:07][warning][427353] Calling original ioctl: 9 34 140730753147264
[2026-09-09 03:05:07][warning][427353] Calling original ioctl: 8 3222292009 140730753147424
[2026-09-09 03:05:07][warning][427353] Calling original ioctl: 9 34 140730753147360
[2026-09-09 03:05:07][warning][427353] Calling original ioctl: 8 3222292009 140730753147520
[2026-09-09 03:05:07][warning][427353] Calling original ioctl: 9 34 140730753147312
[2026-09-09 03:05:07][warning][427353] Calling original ioctl: 8 3222292009 140730753147472
[2026-09-09 03:05:07][warning][427353] Calling original ioctl: 9 34 140730753147296
[2026-09-09 03:05:07][warning][427353] Calling original ioctl: 8 3223340623 140730753147504
[2026-09-09 03:05:07][warning][427353] Calling original ioctl: 8 3222292009 140730753147456
[2026-09-09 03:05:07][warning][427353] Calling original ioctl: 9 34 140730753147296
[2026-09-09 03:05:07][warning][427353] Calling original ioctl: 8 3223340623 140730753147504
[2026-09-09 03:05:07][warning][427353] Calling original ioctl: 8 3222292009 140730753147456
[2026-09-09 03:05:07][warning][427353] Calling original ioctl: 9 34 140730753147312
[2026-09-09 03:05:07][warning][427353] Calling original ioctl: 8 3222292009 140730753147472
[2026-09-09 03:05:07][warning][427353] Calling original ioctl: 9 34 140730753147312
[2026-09-09 03:05:07][warning][427353] Calling original ioctl: 8 3222292009 140730753147472
[2026-09-09 03:05:07][warning][427353] Calling original ioctl: 9 34 140730753147472
[2026-09-09 03:05:07][warning][427353] Calling original ioctl: 8 3223340586 140730753144064
