[2026-09-04 10:00:09][info][2737803] bpf_attach_ctx constructed
[2026-09-04 10:00:09][info][2737803] Initializing CUDA shared memory
[2026-09-04 10:00:09][info][2737803] CommSharedMem host 0x7acac64297d8 mapped to device 0x7acac64297d8
[2026-09-04 10:00:09][info][2737803] CUDA context created
[2026-09-04 10:00:09][info][2737803] Register attach-impl defined helper bpf_get_func_arg, index 183
[2026-09-04 10:00:09][info][2737803] Register attach-impl defined helper bpf_get_func_ret_id, index 184
[2026-09-04 10:00:09][info][2737803] Register attach-impl defined helper bpf_get_retval, index 186
[2026-09-04 10:00:09][info][2737803] Starting nv_attach_impl
[2026-09-04 10:00:09][info][2737803] Parsing bundled libraries: /home/yunwei37/workspace/gpu/bpftime-table1-575/build-table1-575/attach/nv_attach_impl/pass/ptxpass_kprobe_entry/libptxpass_kprobe_entry.so:/home/yunwei37/workspace/gpu/bpftime-table1-575/build-table1-575/attach/nv_attach_impl/pass/ptxpass_kretprobe/libptxpass_kretprobe.so:/home/yunwei37/workspace/gpu/bpftime-table1-575/build-table1-575/attach/nv_attach_impl/pass/ptxpass_kprobe_memcapture/libptxpass_kprobe_memcapture.so
[2026-09-04 10:00:09][info][2737803] Found path: /home/yunwei37/workspace/gpu/bpftime-table1-575/build-table1-575/attach/nv_attach_impl/pass/ptxpass_kprobe_entry/libptxpass_kprobe_entry.so, executing..
[2026-09-04 10:00:09][info][2737803] Retrived config of /home/yunwei37/workspace/gpu/bpftime-table1-575/build-table1-575/attach/nv_attach_impl/pass/ptxpass_kprobe_entry/libptxpass_kprobe_entry.so
[2026-09-04 10:00:09][info][2737803] Found path: /home/yunwei37/workspace/gpu/bpftime-table1-575/build-table1-575/attach/nv_attach_impl/pass/ptxpass_kretprobe/libptxpass_kretprobe.so, executing..
[2026-09-04 10:00:09][info][2737803] Retrived config of /home/yunwei37/workspace/gpu/bpftime-table1-575/build-table1-575/attach/nv_attach_impl/pass/ptxpass_kretprobe/libptxpass_kretprobe.so
[2026-09-04 10:00:09][info][2737803] Found path: /home/yunwei37/workspace/gpu/bpftime-table1-575/build-table1-575/attach/nv_attach_impl/pass/ptxpass_kprobe_memcapture/libptxpass_kprobe_memcapture.so, executing..
[2026-09-04 10:00:09][info][2737803] Retrived config of /home/yunwei37/workspace/gpu/bpftime-table1-575/build-table1-575/attach/nv_attach_impl/pass/ptxpass_kprobe_memcapture/libptxpass_kprobe_memcapture.so
[2026-09-04 10:00:09][info][2737803] Initializing agent..
[2026-09-04 10:00:09][info][2737803] bpftime: shm epoch_seq = 2
[2026-09-04 10:00:09][info][2737803] Instantiating bpf link 61 and the corresponding program cuda__host_look is cuda program
[2026-09-04 10:00:09][info][2737803] Skipping nv attach handler 61 since we are not handling nv handles
[2026-09-04 10:00:09][info][2737803] Instantiating bpf link 61 and the corresponding program cuda__host_look is cuda program
[2026-09-04 10:00:09][info][2737803] Handling link to CUDA program: 61, recording it..
[2026-09-04 10:00:09][info][2737803] Loaded 26 instructions (original) for cuda ebpf program
[2026-09-04 10:00:09][info][2737803] Initializing nv_gpu_shared_array_map_impl at pid 2737803
[2026-09-04 10:00:09][info][2737803] Mapped GPU memory for shared array map: 135002280951808
[2026-09-04 10:00:09][info][2737803] Copying map fd 17 to device, key size=4, value size=8, max ent=32, map_type = 1503, gpu_buffer = 7ac8ab000000
[2026-09-04 10:00:09][info][2737803] Initializing nv_gpu_shared_array_host_map_impl at pid 2737803, shared mem addr=7acac6629a60
[2026-09-04 10:00:09][info][2737803] Mapped shared memory for GPU access: cpu=7acac6629a60, gpu=7acac6629a60
[2026-09-04 10:00:09][info][2737803] Copying map fd 18 to device, key size=4, value size=8, max ent=32, map_type = 1513, gpu_buffer = 7acac6629a60
[2026-09-04 10:00:09][warning][2737803] Not a GPU map!
[2026-09-04 10:00:09][info][2737803] Copying map fd 19 to device, key size=4, value size=8, max ent=32, map_type = 2, gpu_buffer = 0
[2026-09-04 10:00:09][info][2737803] Initializing nv_gpu_shared_array_map_impl at pid 2737803
[2026-09-04 10:00:09][info][2737803] Mapped GPU memory for shared array map: 135002283048960
[2026-09-04 10:00:09][info][2737803] Copying map fd 20 to device, key size=4, value size=8, max ent=32, map_type = 1503, gpu_buffer = 7ac8ab200000
[2026-09-04 10:00:09][info][2737803] Cached shared_mem_ptr at 7acac64297d8
[2026-09-04 10:00:09][info][2737803] Recorded pass /home/yunwei37/workspace/gpu/bpftime-table1-575/build-table1-575/attach/nv_attach_impl/pass/ptxpass_kprobe_entry/libptxpass_kprobe_entry.so for func fig15_map_kernel
[2026-09-04 10:00:09][info][2737803] nv_attach_impl: cached 301188 host symbols
[2026-09-04 10:00:09][info][2737803] nv_attach_impl: late attach bootstrap scanning fatbins..
[2026-09-04 10:00:10][info][2737803] nv_attach_impl: targeted late bootstrap selected 1 of 19 loaded module(s)
[2026-09-04 10:00:10][info][2737803] Temporary fatbin written to /tmp/bpftime-fatbin-work.0RnOKG/temp.fatbin
[2026-09-04 10:00:10][info][2737803] Extracting PTX in the fatbin...
[2026-09-04 10:00:10][info][2737803] Calling cuobjdump: /usr/local/cuda-12.9/bin/cuobjdump --extract-ptx all /tmp/bpftime-fatbin-work.0RnOKG/temp.fatbin
Extracting PTX file and ptxas options    1: map_bench.sm_120.ptx -arch=sm_120  --generate-line-info 
[2026-09-04 10:00:10][info][2737803] Remove extracted files..
[2026-09-04 10:00:10][info][2737803] Got 1 PTX files
[2026-09-04 10:00:10][info][2737803] Loading & patching current fatbin..
[2026-09-04 10:00:10][info][2737838] Patching PTX: map_bench.sm_120.ptx
[2026-09-04 10:00:10][info][2737838] Patching request 73192a9f238375b7168ca7ac31c1a719ca6b59d5be0b466eddd7522b9f9b9485 not found in cache, patching..
[ptxpass] kprobe_entry_stub: matched=1, in=1760, out=3994
[2026-09-04 10:00:10][info][2737803] Using SM arch from BPFTIME_SM_ARCH: sm_120
[2026-09-04 10:00:10][info][2737803] Compiling PTXs with sm_arch sm_120
[2026-09-04 10:00:10][info][2737803] Compiler version: 12.9
[2026-09-04 10:00:10][info][2737860] Start compiling patched.map_bench.sm_120.ptx, not found in cache
[2026-09-04 10:00:10][info][2737860] Compile of patched.map_bench.sm_120.ptx done
[2026-09-04 10:00:10][info][2737803] Loading module: patched.map_bench.sm_120.ptx, not found in cache
[2026-09-04 10:00:10][info][2737803] Copying trampoline data to device
[2026-09-04 10:00:10][info][2737803] constData symbol device_ptr=7ac8ab600000 size=8 shared_mem_ptr=7acac64297d8
[2026-09-04 10:00:10][info][2737803] map_info symbol device_ptr=7ac8ab600008 size=40960
[2026-09-04 10:00:10][info][2737803] Trampoline data copied
[2026-09-04 10:00:10][info][2737803] Loaded module: patched.map_bench.sm_120.ptx
[2026-09-04 10:00:10][info][2737803] nv_attach_impl: ingested fatbin from .nv_fatbin in /home/yunwei37/workspace/gpu/gpu_ext/microbench/fig15-device/.output/map-bench
[2026-09-04 10:00:10][info][2737803] nv_attach_impl: late attach bootstrap ingested 1 fatbin(s)
[2026-09-04 10:00:10][info][2737803] agent ipc: listening (abstract) for pid 2737803
[2026-09-04 10:00:10][info][2737803] Attach successfully
[2026-09-04 10:00:10][info][2737817] Exiting CUDA watcher thread
FIG15_DEVICE	NVIDIA GeForce RTX 5090	12	0	32
FIG15_MEASUREMENT	8	64	0.267008007
FIG15_CORRECT	32	0
