[1/108] Performing configure step for 'libbpf'
[2/108] No update step for 'FridaGum'
[3/108] No patch step for 'FridaGum'
[4/108] Performing configure step for 'ubpf'
-- Configuring done (0.0s)
-- Generating done (0.0s)
-- Build files have been written to: /home/yunwei37/workspace/gpu/bpftime-table1-575/build-table1-575/vm/compat/ubpf-vm/ubpf
[5/108] No configure step for 'FridaGum'
[6/108] No build step for 'FridaGum'
[7/108] No install step for 'FridaGum'
[8/108] Performing build step for 'ubpf'
[1/6] Building C object vm/CMakeFiles/ubpf.dir/ubpf_jit.c.o
[2/6] Building C object vm/CMakeFiles/ubpf.dir/ubpf_loader.c.o
[3/6] Building C object vm/CMakeFiles/ubpf.dir/ubpf_jit_arm64.c.o
[4/6] Building C object vm/CMakeFiles/ubpf.dir/ubpf_vm.c.o
[5/6] Building C object vm/CMakeFiles/ubpf.dir/ubpf_jit_x86_64.c.o
[6/6] Linking C static library lib/libubpf.a
[9/108] No install step for 'ubpf'
[10/108] Completed 'ubpf'
[11/108] Building CXX object third_party/spdlog/CMakeFiles/spdlog.dir/src/bundled_fmtlib_format.cpp.o
[12/108] Linking CXX static library third_party/spdlog/libspdlogd.a
[13/108] Completed 'FridaGum'
[14/108] Building CXX object attach/nv_attach_impl/pass/ptxpass_core/CMakeFiles/ptxpass_core.dir/src/nv_attach_impl_register_guard_patcher.cpp.o
[15/108] Performing build step for 'libbpf'
  MKDIR    /home/yunwei37/workspace/gpu/bpftime-table1-575/build-table1-575/libbpf/libbpf/staticobjs
  MKDIR    /home/yunwei37/workspace/gpu/bpftime-table1-575/build-table1-575/libbpf/libbpf/sharedobjs
  INSTALL  bpf.h libbpf.h btf.h libbpf_common.h libbpf_legacy.h bpf_helpers.h bpf_helper_defs.h bpf_tracing.h bpf_endian.h bpf_core_read.h skel_internal.h libbpf_version.h usdt.bpf.h
  INSTALL  /home/yunwei37/workspace/gpu/bpftime-table1-575/build-table1-575/libbpf/libbpf/libbpf.pc
  CC       /home/yunwei37/workspace/gpu/bpftime-table1-575/build-table1-575/libbpf/libbpf/staticobjs/bpf.o
  CC       /home/yunwei37/workspace/gpu/bpftime-table1-575/build-table1-575/libbpf/libbpf/staticobjs/btf.o
  CC       /home/yunwei37/workspace/gpu/bpftime-table1-575/build-table1-575/libbpf/libbpf/staticobjs/libbpf.o
  CC       /home/yunwei37/workspace/gpu/bpftime-table1-575/build-table1-575/libbpf/libbpf/staticobjs/libbpf_errno.o
  CC       /home/yunwei37/workspace/gpu/bpftime-table1-575/build-table1-575/libbpf/libbpf/staticobjs/netlink.o
  CC       /home/yunwei37/workspace/gpu/bpftime-table1-575/build-table1-575/libbpf/libbpf/staticobjs/nlattr.o
  CC       /home/yunwei37/workspace/gpu/bpftime-table1-575/build-table1-575/libbpf/libbpf/staticobjs/str_error.o
  CC       /home/yunwei37/workspace/gpu/bpftime-table1-575/build-table1-575/libbpf/libbpf/staticobjs/libbpf_probes.o
  CC       /home/yunwei37/workspace/gpu/bpftime-table1-575/build-table1-575/libbpf/libbpf/staticobjs/bpf_prog_linfo.o
  CC       /home/yunwei37/workspace/gpu/bpftime-table1-575/build-table1-575/libbpf/libbpf/staticobjs/btf_dump.o
  CC       /home/yunwei37/workspace/gpu/bpftime-table1-575/build-table1-575/libbpf/libbpf/staticobjs/hashmap.o
  CC       /home/yunwei37/workspace/gpu/bpftime-table1-575/build-table1-575/libbpf/libbpf/staticobjs/ringbuf.o
  CC       /home/yunwei37/workspace/gpu/bpftime-table1-575/build-table1-575/libbpf/libbpf/staticobjs/strset.o
  CC       /home/yunwei37/workspace/gpu/bpftime-table1-575/build-table1-575/libbpf/libbpf/staticobjs/linker.o
  CC       /home/yunwei37/workspace/gpu/bpftime-table1-575/build-table1-575/libbpf/libbpf/staticobjs/gen_loader.o
  CC       /home/yunwei37/workspace/gpu/bpftime-table1-575/build-table1-575/libbpf/libbpf/staticobjs/relo_core.o
  CC       /home/yunwei37/workspace/gpu/bpftime-table1-575/build-table1-575/libbpf/libbpf/staticobjs/zip.o
  CC       /home/yunwei37/workspace/gpu/bpftime-table1-575/build-table1-575/libbpf/libbpf/staticobjs/usdt.o
  CC       /home/yunwei37/workspace/gpu/bpftime-table1-575/build-table1-575/libbpf/libbpf/staticobjs/features.o
  CC       /home/yunwei37/workspace/gpu/bpftime-table1-575/build-table1-575/libbpf/libbpf/staticobjs/elf.o
  CC       /home/yunwei37/workspace/gpu/bpftime-table1-575/build-table1-575/libbpf/libbpf/staticobjs/btf_iter.o
  CC       /home/yunwei37/workspace/gpu/bpftime-table1-575/build-table1-575/libbpf/libbpf/staticobjs/btf_relocate.o
  CC       /home/yunwei37/workspace/gpu/bpftime-table1-575/build-table1-575/libbpf/libbpf/sharedobjs/bpf.o
  CC       /home/yunwei37/workspace/gpu/bpftime-table1-575/build-table1-575/libbpf/libbpf/sharedobjs/btf.o
  CC       /home/yunwei37/workspace/gpu/bpftime-table1-575/build-table1-575/libbpf/libbpf/sharedobjs/libbpf_errno.o
  CC       /home/yunwei37/workspace/gpu/bpftime-table1-575/build-table1-575/libbpf/libbpf/sharedobjs/netlink.o
  CC       /home/yunwei37/workspace/gpu/bpftime-table1-575/build-table1-575/libbpf/libbpf/sharedobjs/nlattr.o
  CC       /home/yunwei37/workspace/gpu/bpftime-table1-575/build-table1-575/libbpf/libbpf/sharedobjs/libbpf_probes.o
  CC       /home/yunwei37/workspace/gpu/bpftime-table1-575/build-table1-575/libbpf/libbpf/sharedobjs/str_error.o
  CC       /home/yunwei37/workspace/gpu/bpftime-table1-575/build-table1-575/libbpf/libbpf/sharedobjs/btf_dump.o
  CC       /home/yunwei37/workspace/gpu/bpftime-table1-575/build-table1-575/libbpf/libbpf/sharedobjs/bpf_prog_linfo.o
  CC       /home/yunwei37/workspace/gpu/bpftime-table1-575/build-table1-575/libbpf/libbpf/sharedobjs/libbpf.o
  CC       /home/yunwei37/workspace/gpu/bpftime-table1-575/build-table1-575/libbpf/libbpf/sharedobjs/hashmap.o
  CC       /home/yunwei37/workspace/gpu/bpftime-table1-575/build-table1-575/libbpf/libbpf/sharedobjs/ringbuf.o
  CC       /home/yunwei37/workspace/gpu/bpftime-table1-575/build-table1-575/libbpf/libbpf/sharedobjs/strset.o
  CC       /home/yunwei37/workspace/gpu/bpftime-table1-575/build-table1-575/libbpf/libbpf/sharedobjs/linker.o
  CC       /home/yunwei37/workspace/gpu/bpftime-table1-575/build-table1-575/libbpf/libbpf/sharedobjs/gen_loader.o
  CC       /home/yunwei37/workspace/gpu/bpftime-table1-575/build-table1-575/libbpf/libbpf/sharedobjs/relo_core.o
  CC       /home/yunwei37/workspace/gpu/bpftime-table1-575/build-table1-575/libbpf/libbpf/sharedobjs/zip.o
  CC       /home/yunwei37/workspace/gpu/bpftime-table1-575/build-table1-575/libbpf/libbpf/sharedobjs/elf.o
  CC       /home/yunwei37/workspace/gpu/bpftime-table1-575/build-table1-575/libbpf/libbpf/sharedobjs/usdt.o
  CC       /home/yunwei37/workspace/gpu/bpftime-table1-575/build-table1-575/libbpf/libbpf/sharedobjs/btf_iter.o
  CC       /home/yunwei37/workspace/gpu/bpftime-table1-575/build-table1-575/libbpf/libbpf/sharedobjs/btf_relocate.o
  CC       /home/yunwei37/workspace/gpu/bpftime-table1-575/build-table1-575/libbpf/libbpf/sharedobjs/features.o
  CC       /home/yunwei37/workspace/gpu/bpftime-table1-575/build-table1-575/libbpf/libbpf/libbpf.so.1.7.0
  AR       /home/yunwei37/workspace/gpu/bpftime-table1-575/build-table1-575/libbpf/libbpf/libbpf.a
  INSTALL  /home/yunwei37/workspace/gpu/bpftime-table1-575/build-table1-575/libbpf/libbpf/libbpf.a /home/yunwei37/workspace/gpu/bpftime-table1-575/build-table1-575/libbpf/libbpf/libbpf.so /home/yunwei37/workspace/gpu/bpftime-table1-575/build-table1-575/libbpf/libbpf/libbpf.so.1 /home/yunwei37/workspace/gpu/bpftime-table1-575/build-table1-575/libbpf/libbpf/libbpf.so.1.7.0
[16/108] No install step for 'libbpf'
[17/108] Building CXX object vm/compat/llvm-vm/llvm-jit/CMakeFiles/llvmbpf_vm.dir/src/vm.cpp.o
[18/108] Building CXX object vm/compat/llvm-vm/llvm-jit/CMakeFiles/llvmbpf_vm.dir/src/compiler_utils.cpp.o
[19/108] Building CXX object vm/compat/llvm-vm/llvm-jit/CMakeFiles/llvmbpf_vm.dir/src/compiler.cpp.o
[20/108] Building CXX object attach/nv_attach_impl/pass/ptxpass_kprobe_entry/CMakeFiles/ptxpass_kprobe_entry.dir/main.cpp.o
[21/108] Completed 'libbpf'
[22/108] Building CXX object vm/compat/llvm-vm/llvm-jit/CMakeFiles/llvmbpf_vm.dir/src/llvm_jit_context.cpp.o
[23/108] Linking CXX static library vm/compat/llvm-vm/libllvmbpf_vm.a
[23/108] Generating syscall_id_list.h
[25/108] Building CXX object attach/nv_attach_impl/pass/ptxpass_core/CMakeFiles/ptxpass_core.dir/src/core.cpp.o
[26/108] Linking CXX static library attach/nv_attach_impl/pass/ptxpass_core/libptxpass_core.a
[27/108] Building CXX object attach/nv_attach_impl/ptx_compiler/CMakeFiles/nv_attach_impl_ptx_compiler.dir/ptx_compiler.cpp.o
[28/108] Building CXX object vm/compat/llvm-vm/CMakeFiles/bpftime_llvm_vm_obj.dir/compat_llvm.cpp.o
/home/yunwei37/workspace/gpu/bpftime-table1-575/vm/compat/llvm-vm/compat_llvm.cpp:82:63: warning: constructor priorities from 0 to 100 are reserved for the implementation [-Wprio-ctor-dtor]
   82 | __attribute__((constructor(0))) void register_llvm_vm_factory()
      |                                                               ^
[29/108] Building CXX object vm/vm-core/CMakeFiles/bpftime_vm.dir/src/ebpf-vm.cpp.o
[30/108] Linking CXX static library vm/compat/llvm-vm/libbpftime_llvm_vm.a
[31/108] Building CXX object vm/compat/ubpf-vm/CMakeFiles/bpftime_ubpf_vm_obj.dir/compat_ubpf.cpp.o
[32/108] Building CXX object attach/nv_attach_impl/pass/ptxpass_kretprobe/CMakeFiles/ptxpass_kretprobe.dir/main.cpp.o
[33/108] Linking CXX static library vm/compat/ubpf-vm/libbpftime_ubpf_vm.a
[34/108] Building CXX object attach/nv_attach_impl/CMakeFiles/bpftime_nv_attach_impl.dir/nv_attach_utils.cpp.o
[35/108] Building CXX object attach/nv_attach_impl/pass/ptxpass_kprobe_memcapture/CMakeFiles/ptxpass_kprobe_memcapture.dir/main.cpp.o
[36/108] Building CXX object attach/nv_attach_impl/CMakeFiles/bpftime_nv_attach_impl.dir/nv_attach_private_data.cpp.o
[37/108] Building CXX object attach/nv_attach_impl/CMakeFiles/bpftime_nv_attach_impl.dir/nv_elf_introspect.cpp.o
[38/108] Linking CXX shared library attach/nv_attach_impl/ptx_compiler/libnv_attach_impl_ptx_compiler.so
[39/108] Building CXX object attach/nv_attach_impl/CMakeFiles/bpftime_nv_attach_impl.dir/nv_attach_impl_frida_setup.cpp.o
[40/108] Linking CXX static library vm/vm-core/libbpftime_vm.a
[41/108] Linking CXX shared library attach/nv_attach_impl/pass/ptxpass_kprobe_entry/libptxpass_kprobe_entry.so
[42/108] Linking CXX shared library attach/nv_attach_impl/pass/ptxpass_kretprobe/libptxpass_kretprobe.so
[43/108] Building CXX object attach/nv_attach_impl/CMakeFiles/bpftime_nv_attach_impl.dir/nv_attach_fatbin_record.cpp.o
[44/108] Linking CXX shared library attach/nv_attach_impl/pass/ptxpass_kprobe_memcapture/libptxpass_kprobe_memcapture.so
[45/108] Building CXX object attach/frida_uprobe_attach_impl/CMakeFiles/bpftime_frida_uprobe_attach_impl.dir/src/frida_internal_attach_entry.cpp.o
[46/108] Building CXX object attach/frida_uprobe_attach_impl/CMakeFiles/bpftime_frida_uprobe_attach_impl.dir/src/frida_register_conversion.cpp.o
[47/108] Building CXX object attach/frida_uprobe_attach_impl/CMakeFiles/bpftime_frida_uprobe_attach_impl.dir/src/frida_uprobe_attach_impl.cpp.o
[48/108] Building CXX object attach/frida_uprobe_attach_impl/CMakeFiles/bpftime_frida_uprobe_attach_impl.dir/src/frida_attach_entry.cpp.o
[49/108] Building CXX object attach/frida_uprobe_attach_impl/CMakeFiles/bpftime_frida_uprobe_attach_impl.dir/src/frida_attach_utils.cpp.o
[50/108] Building CXX object attach/frida_uprobe_attach_impl/CMakeFiles/bpftime_frida_uprobe_attach_impl.dir/src/frida_attach_private_data.cpp.o
[51/108] Building CXX object attach/syscall_trace_attach_impl/CMakeFiles/bpftime_syscall_trace_attach_impl.dir/src/syscall_trace_attach_impl.cpp.o
[52/108] Building CXX object attach/syscall_trace_attach_impl/CMakeFiles/bpftime_syscall_trace_attach_impl.dir/src/syscall_table.cpp.o
[53/108] Building CXX object attach/syscall_trace_attach_impl/CMakeFiles/bpftime_syscall_trace_attach_impl.dir/src/syscall_trace_attach_private_data.cpp.o
[54/108] Building CXX object attach/nv_attach_impl/CMakeFiles/bpftime_nv_attach_impl.dir/nv_attach_impl_patcher.cpp.o
[55/108] Building CXX object runtime/CMakeFiles/runtime.dir/src/handler/prog_handler.cpp.o
[56/108] Building CXX object runtime/CMakeFiles/runtime.dir/src/handler/memfd_handler.cpp.o
[57/108] Building CXX object runtime/CMakeFiles/runtime.dir/src/handler/epoll_handler.cpp.o
[58/108] Building CXX object runtime/CMakeFiles/runtime.dir/src/handler/handler_manager.cpp.o
[59/108] Building CXX object runtime/CMakeFiles/runtime.dir/src/handler/perf_event_handler.cpp.o
[60/108] Building CXX object attach/nv_attach_impl/CMakeFiles/bpftime_nv_attach_impl.dir/nv_attach_impl.cpp.o
[61/108] Building CXX object runtime/CMakeFiles/runtime.dir/src/handler/map_handler.cpp.o
[62/108] Building CXX object runtime/CMakeFiles/runtime.dir/src/attach/bpf_attach_ctx.cpp.o
[63/108] Linking CXX static library attach/nv_attach_impl/libbpftime_nv_attach_impl.a
[64/108] Building CXX object runtime/CMakeFiles/runtime.dir/src/bpftime_shm.cpp.o
[65/108] Building CXX object runtime/CMakeFiles/runtime.dir/src/bpftime_config.cpp.o
[66/108] Building CXX object runtime/CMakeFiles/runtime.dir/src/platform_utils.cpp.o
[67/108] Building CXX object runtime/CMakeFiles/runtime.dir/src/bpftime_prog.cpp.o
[68/108] Building CXX object runtime/CMakeFiles/runtime.dir/src/ufunc.cpp.o
[69/108] Building CXX object runtime/CMakeFiles/runtime.dir/src/bpf_map/userspace/fix_hash_map.cpp.o
[70/108] Building CXX object runtime/CMakeFiles/runtime.dir/src/bpftime_shm_json.cpp.o
[71/108] Building CXX object runtime/CMakeFiles/runtime.dir/src/bpf_map/userspace/var_hash_map.cpp.o
[72/108] Building CXX object runtime/CMakeFiles/runtime.dir/src/bpftime_shm_internal.cpp.o
[73/108] Building CXX object runtime/CMakeFiles/runtime.dir/src/bpf_helper.cpp.o
[74/108] Building CXX object runtime/CMakeFiles/runtime.dir/src/bpf_map/userspace/array_map.cpp.o
[75/108] Building CXX object runtime/CMakeFiles/runtime.dir/src/bpf_map/userspace/ringbuf_map.cpp.o
[76/108] Building CXX object runtime/CMakeFiles/runtime.dir/src/bpf_map/userspace/perf_event_array_map.cpp.o
[77/108] Building CXX object runtime/CMakeFiles/runtime.dir/src/bpf_map/userspace/per_cpu_array_map.cpp.o
[78/108] Building CXX object runtime/CMakeFiles/runtime.dir/src/bpf_map/userspace/prog_array.cpp.o
[79/108] Building CXX object runtime/CMakeFiles/runtime.dir/src/bpf_map/userspace/per_cpu_hash_map.cpp.o
[80/108] Building CXX object runtime/CMakeFiles/runtime.dir/src/bpf_map/userspace/queue.cpp.o
[81/108] Building CXX object runtime/CMakeFiles/runtime.dir/src/bpf_map/userspace/stack.cpp.o
[82/108] Building CXX object runtime/CMakeFiles/runtime.dir/src/bpf_map/userspace/stack_trace_map.cpp.o
[83/108] Building CXX object runtime/CMakeFiles/runtime.dir/src/bpf_map/userspace/bloom_filter.cpp.o
[84/108] Building CXX object runtime/CMakeFiles/runtime.dir/src/bpf_map/userspace/lru_var_hash_map.cpp.o
[85/108] Building CXX object runtime/CMakeFiles/runtime.dir/src/bpf_map/userspace/lpm_trie_map.cpp.o
[86/108] Building CXX object runtime/CMakeFiles/runtime.dir/src/bpf_map/gpu/nv_gpu_gdrcopy.cpp.o
[87/108] Building CXX object runtime/CMakeFiles/runtime.dir/extension/extension_helper.cpp.o
[88/108] Building CXX object runtime/CMakeFiles/runtime.dir/src/bpf_map/gpu/nv_gpu_ringbuf_map.cpp.o
[89/108] Building CXX object runtime/CMakeFiles/runtime.dir/src/bpf_map/gpu/nv_gpu_shared_array_map.cpp.o
[90/108] Building CXX object runtime/CMakeFiles/runtime.dir/src/attach/bpf_attach_ctx_cuda.cpp.o
/home/yunwei37/workspace/gpu/bpftime-table1-575/runtime/src/attach/bpf_attach_ctx_cuda.cpp: In lambda function:
/home/yunwei37/workspace/gpu/bpftime-table1-575/runtime/src/attach/bpf_attach_ctx_cuda.cpp:131:38: warning: variable ‘start_time’ set but not used [-Wunused-but-set-variable]
  131 |                                 auto start_time =
      |                                      ^~~~~~~~~~
[91/108] Building CXX object runtime/CMakeFiles/runtime.dir/src/bpf_map/gpu/nv_gpu_shared_hash_map.cpp.o
[92/108] Building CXX object runtime/CMakeFiles/runtime.dir/src/bpf_map/gpu/nv_gpu_per_thread_array_map.cpp.o
[93/108] Linking CXX static library attach/frida_uprobe_attach_impl/libbpftime_frida_uprobe_attach_impl.a
[94/108] Building CXX object runtime/CMakeFiles/runtime.dir/src/bpf_map/gpu/nv_gpu_shared_array_host_map.cpp.o
[95/108] Linking CXX static library attach/syscall_trace_attach_impl/libbpftime_syscall_trace_attach_impl.a
[96/108] Building CXX object runtime/CMakeFiles/runtime.dir/src/bpf_map/gpu_kernel_shared/array_map_kernel_gpu.cpp.o
[97/108] Building CXX object runtime/CMakeFiles/runtime.dir/src/bpf_map/shared/perf_event_array_kernel_user.cpp.o
[98/108] Building CXX object runtime/CMakeFiles/runtime.dir/src/bpf_map/shared/array_map_kernel_user.cpp.o
[99/108] Building CXX object runtime/CMakeFiles/runtime.dir/src/bpf_map/gpu/nv_gpu_array_host_map.cpp.o
[100/108] Building CXX object runtime/CMakeFiles/runtime.dir/src/bpf_map/shared/hash_map_kernel_user.cpp.o
[101/108] Building CXX object runtime/CMakeFiles/runtime.dir/src/bpf_map/shared/percpu_array_map_kernel_user.cpp.o
[102/108] Linking CXX static library runtime/libruntime.a
[103/108] Building CXX object runtime/syscall-server/CMakeFiles/bpftime-syscall-server.dir/syscall_server_main.cpp.o
[104/108] Building CXX object runtime/syscall-server/CMakeFiles/bpftime-syscall-server.dir/syscall_server_utils.cpp.o
[105/108] Building CXX object runtime/syscall-server/CMakeFiles/bpftime-syscall-server.dir/syscall_context.cpp.o
[106/108] Building CXX object runtime/agent/CMakeFiles/bpftime-agent.dir/agent.cpp.o
[107/108] Linking CXX shared library runtime/syscall-server/libbpftime-syscall-server.so
[108/108] Linking CXX shared library runtime/agent/libbpftime-agent.so
