-- The C compiler identification is GNU 13.3.0
-- The CXX compiler identification is GNU 13.3.0
-- Detecting C compiler ABI info
-- Detecting C compiler ABI info - done
-- Check for working C compiler: /usr/bin/cc - skipped
-- Detecting C compile features
-- Detecting C compile features - done
-- Detecting CXX compiler ABI info
-- Detecting CXX compiler ABI info - done
-- Check for working CXX compiler: /usr/bin/c++ - skipped
-- Detecting CXX compile features
-- Detecting CXX compile features - done
-- Enabling ubsan for Debug builds; Processor=x86_64
-- Started CMake for bpftime v0.1.0...

-- copying compiler.h;err.h;filter.h;kernel.h;list.h;overflow.h;ring_buffer.h;types.h from /home/yunwei37/workspace/gpu/bpftime-table1-575/cmake/../third_party/libbpf//include/linux to /home/yunwei37/workspace/gpu/bpftime-table1-575/build-table1-575/libbpf//linux
-- copying linux/bpf.h;linux/bpf_common.h;linux/btf.h;linux/fcntl.h;linux/if_link.h;linux/if_xdp.h;linux/netdev.h;linux/netlink.h;linux/openat2.h;linux/perf_event.h;linux/pkt_cls.h;linux/pkt_sched.h;linux/stddef.h from /home/yunwei37/workspace/gpu/bpftime-table1-575/cmake/../third_party/libbpf//include/uapi/ to /home/yunwei37/workspace/gpu/bpftime-table1-575/build-table1-575/libbpf//uapi
-- copying bpf.h;bpf_common.h;btf.h;fcntl.h;if_link.h;if_xdp.h;netdev.h;netlink.h;openat2.h;perf_event.h;pkt_cls.h;pkt_sched.h;stddef.h from /home/yunwei37/workspace/gpu/bpftime-table1-575/cmake/../third_party/libbpf//include/uapi/linux to /home/yunwei37/workspace/gpu/bpftime-table1-575/build-table1-575/libbpf//linux
-- All headers to copy: /home/yunwei37/workspace/gpu/bpftime-table1-575/build-table1-575/libbpf//linux/compiler.h;/home/yunwei37/workspace/gpu/bpftime-table1-575/build-table1-575/libbpf//linux/err.h;/home/yunwei37/workspace/gpu/bpftime-table1-575/build-table1-575/libbpf//linux/filter.h;/home/yunwei37/workspace/gpu/bpftime-table1-575/build-table1-575/libbpf//linux/kernel.h;/home/yunwei37/workspace/gpu/bpftime-table1-575/build-table1-575/libbpf//linux/list.h;/home/yunwei37/workspace/gpu/bpftime-table1-575/build-table1-575/libbpf//linux/overflow.h;/home/yunwei37/workspace/gpu/bpftime-table1-575/build-table1-575/libbpf//linux/ring_buffer.h;/home/yunwei37/workspace/gpu/bpftime-table1-575/build-table1-575/libbpf//linux/types.h;/home/yunwei37/workspace/gpu/bpftime-table1-575/build-table1-575/libbpf//uapi/linux/bpf.h;/home/yunwei37/workspace/gpu/bpftime-table1-575/build-table1-575/libbpf//uapi/linux/bpf_common.h;/home/yunwei37/workspace/gpu/bpftime-table1-575/build-table1-575/libbpf//uapi/linux/btf.h;/home/yunwei37/workspace/gpu/bpftime-table1-575/build-table1-575/libbpf//uapi/linux/fcntl.h;/home/yunwei37/workspace/gpu/bpftime-table1-575/build-table1-575/libbpf//uapi/linux/if_link.h;/home/yunwei37/workspace/gpu/bpftime-table1-575/build-table1-575/libbpf//uapi/linux/if_xdp.h;/home/yunwei37/workspace/gpu/bpftime-table1-575/build-table1-575/libbpf//uapi/linux/netdev.h;/home/yunwei37/workspace/gpu/bpftime-table1-575/build-table1-575/libbpf//uapi/linux/netlink.h;/home/yunwei37/workspace/gpu/bpftime-table1-575/build-table1-575/libbpf//uapi/linux/openat2.h;/home/yunwei37/workspace/gpu/bpftime-table1-575/build-table1-575/libbpf//uapi/linux/perf_event.h;/home/yunwei37/workspace/gpu/bpftime-table1-575/build-table1-575/libbpf//uapi/linux/pkt_cls.h;/home/yunwei37/workspace/gpu/bpftime-table1-575/build-table1-575/libbpf//uapi/linux/pkt_sched.h;/home/yunwei37/workspace/gpu/bpftime-table1-575/build-table1-575/libbpf//uapi/linux/stddef.h;/home/yunwei37/workspace/gpu/bpftime-table1-575/build-table1-575/libbpf//linux/bpf.h;/home/yunwei37/workspace/gpu/bpftime-table1-575/build-table1-575/libbpf//linux/bpf_common.h;/home/yunwei37/workspace/gpu/bpftime-table1-575/build-table1-575/libbpf//linux/btf.h;/home/yunwei37/workspace/gpu/bpftime-table1-575/build-table1-575/libbpf//linux/fcntl.h;/home/yunwei37/workspace/gpu/bpftime-table1-575/build-table1-575/libbpf//linux/if_link.h;/home/yunwei37/workspace/gpu/bpftime-table1-575/build-table1-575/libbpf//linux/if_xdp.h;/home/yunwei37/workspace/gpu/bpftime-table1-575/build-table1-575/libbpf//linux/netdev.h;/home/yunwei37/workspace/gpu/bpftime-table1-575/build-table1-575/libbpf//linux/netlink.h;/home/yunwei37/workspace/gpu/bpftime-table1-575/build-table1-575/libbpf//linux/openat2.h;/home/yunwei37/workspace/gpu/bpftime-table1-575/build-table1-575/libbpf//linux/perf_event.h;/home/yunwei37/workspace/gpu/bpftime-table1-575/build-table1-575/libbpf//linux/pkt_cls.h;/home/yunwei37/workspace/gpu/bpftime-table1-575/build-table1-575/libbpf//linux/pkt_sched.h;/home/yunwei37/workspace/gpu/bpftime-table1-575/build-table1-575/libbpf//linux/stddef.h
-- System Name: Linux
-- System Version: 6.15.11-061511-generic
-- System Processor: x86_64
-- Using frida: arch=linux-x86_64, version=16.1.2
-- Downloading Frida Core Devkit
-- Downloading Frida GUM Devkit
-- Downloading FridaCore from https://github.com/frida/frida/releases/download/16.1.2/frida-core-devkit-16.1.2-linux-x86_64.tar.xz
-- Downloading FridaGum from https://github.com/frida/frida/releases/download/16.1.2/frida-gum-devkit-16.1.2-linux-x86_64.tar.xz
-- Skipping ebpf verifier
-- Adding Catch2 by subdirectory
-- Performing Test HAVE_FLAG__ffile_prefix_map__home_yunwei37_workspace_gpu_bpftime_table1_575_third_party_Catch2__
-- Performing Test HAVE_FLAG__ffile_prefix_map__home_yunwei37_workspace_gpu_bpftime_table1_575_third_party_Catch2__ - Success
-- Build spdlog: 1.15.2
-- Performing Test CMAKE_HAVE_LIBC_PTHREAD
-- Performing Test CMAKE_HAVE_LIBC_PTHREAD - Success
-- Found Threads: TRUE  
-- Build type: Debug
-- Looking for fwrite_unlocked
-- Looking for fwrite_unlocked - found
-- Setting SPDLOG_ACTIVE_LEVEL to SPDLOG_LEVEL_TRACE
-- Supporting llvm-jit
-- Performing Test HAVE_FFI_CALL
-- Performing Test HAVE_FFI_CALL - Success
-- Found FFI: /usr/lib/x86_64-linux-gnu/libffi.so  
-- Performing Test Terminfo_LINKABLE
-- Performing Test Terminfo_LINKABLE - Success
-- Found Terminfo: /usr/lib/x86_64-linux-gnu/libtinfo.so  
-- Found ZLIB: /usr/lib/x86_64-linux-gnu/libz.so (found version "1.3")  
-- Found zstd: /usr/lib/x86_64-linux-gnu/libzstd.so  
-- Found LibXml2: /usr/lib/x86_64-linux-gnu/libxml2.so (found version "2.9.14") 
-- Checking LLVM_VERSION_MAJOR macro value...
-- LLVM_VERSION_MAJOR is: 15
-- LLVM_LIBS=LLVMAArch64CodeGen;LLVMAArch64AsmParser;LLVMAArch64Desc;LLVMAArch64Disassembler;LLVMAArch64Info;LLVMAArch64Utils;LLVMAMDGPUCodeGen;LLVMAMDGPUAsmParser;LLVMAMDGPUDesc;LLVMAMDGPUDisassembler;LLVMAMDGPUInfo;LLVMAMDGPUUtils;LLVMARMCodeGen;LLVMARMAsmParser;LLVMARMDesc;LLVMARMDisassembler;LLVMARMInfo;LLVMARMUtils;LLVMAVRCodeGen;LLVMAVRAsmParser;LLVMAVRDesc;LLVMAVRDisassembler;LLVMAVRInfo;LLVMBPFCodeGen;LLVMBPFAsmParser;LLVMBPFDesc;LLVMBPFDisassembler;LLVMBPFInfo;LLVMHexagonCodeGen;LLVMHexagonAsmParser;LLVMHexagonDesc;LLVMHexagonDisassembler;LLVMHexagonInfo;LLVMLanaiCodeGen;LLVMLanaiAsmParser;LLVMLanaiDesc;LLVMLanaiDisassembler;LLVMLanaiInfo;LLVMMipsCodeGen;LLVMMipsAsmParser;LLVMMipsDesc;LLVMMipsDisassembler;LLVMMipsInfo;LLVMMSP430CodeGen;LLVMMSP430AsmParser;LLVMMSP430Desc;LLVMMSP430Disassembler;LLVMMSP430Info;LLVMNVPTXCodeGen;LLVMNVPTXDesc;LLVMNVPTXInfo;LLVMPowerPCCodeGen;LLVMPowerPCAsmParser;LLVMPowerPCDesc;LLVMPowerPCDisassembler;LLVMPowerPCInfo;LLVMRISCVCodeGen;LLVMRISCVAsmParser;LLVMRISCVDesc;LLVMRISCVDisassembler;LLVMRISCVInfo;LLVMSparcCodeGen;LLVMSparcAsmParser;LLVMSparcDesc;LLVMSparcDisassembler;LLVMSparcInfo;LLVMSystemZCodeGen;LLVMSystemZAsmParser;LLVMSystemZDesc;LLVMSystemZDisassembler;LLVMSystemZInfo;LLVMVECodeGen;LLVMVEAsmParser;LLVMVEDesc;LLVMVEDisassembler;LLVMVEInfo;LLVMWebAssemblyCodeGen;LLVMWebAssemblyAsmParser;LLVMWebAssemblyDesc;LLVMWebAssemblyDisassembler;LLVMWebAssemblyInfo;LLVMWebAssemblyUtils;LLVMX86CodeGen;LLVMX86AsmParser;LLVMX86Desc;LLVMX86Disassembler;LLVMX86Info;LLVMXCoreCodeGen;LLVMXCoreDesc;LLVMXCoreDisassembler;LLVMXCoreInfo;LLVMM68kCodeGen;LLVMM68kAsmParser;LLVMM68kDesc;LLVMM68kDisassembler;LLVMM68kInfo;LLVMCore;LLVMSupport;LLVMTarget;LLVMAnalysis;LLVMipo;LLVMTransformUtils;LLVMBitReader;LLVMAsmParser;LLVMLinker;LLVMMC;LLVMMCParser;LLVMMCDisassembler;LLVMObject;LLVMExecutionEngine;LLVMRuntimeDyld;LLVMOrcJIT;LLVMMCJIT;LLVMX86CodeGen;LLVMX86Desc;LLVMX86Info;LLVMX86AsmParser;LLVMNVPTXCodeGen;LLVMNVPTXDesc;LLVMNVPTXInfo;LLVMAArch64CodeGen;LLVMAArch64Desc;LLVMAArch64Info;LLVMAArch64AsmParser
-- Supporting ubpf-jit
PTX_PASS_EXECUTABLE=$<TARGET_FILE:ptxpass_kprobe_entry>;$<TARGET_FILE:ptxpass_kretprobe>;$<TARGET_FILE:ptxpass_kprobe_memcapture>
-- Detected CUDA version: 12.9
-- CUDA 12.9: Using cupti (dynamic library)
PTX_COMPILER_SHARED_LIB=$<TARGET_FILE:nv_attach_impl_ptx_compiler>
-- Detected CUDA version: 12.9
-- CUDA 12.9: Using cupti (dynamic library)
-- Found OpenSSL: /usr/lib/x86_64-linux-gnu/libcrypto.so (found version "3.0.13")  
-- Started CMake for runtime v0.1.0...

-- Found Boost: /usr/lib/x86_64-linux-gnu/cmake/Boost-1.83.0/BoostConfig.cmake (found version "1.83.0")  
-- Building for architecture: x86_64
INFO Headers: include/
INFO Found the following sources: src/attach/bpf_attach_ctx.cpp;src/handler/handler_manager.cpp;src/handler/map_handler.cpp;src/handler/perf_event_handler.cpp;src/handler/prog_handler.cpp;src/handler/epoll_handler.cpp;src/handler/memfd_handler.cpp;src/bpftime_shm.cpp;src/bpftime_shm_internal.cpp;src/bpftime_shm_json.cpp;src/bpftime_prog.cpp;src/bpftime_config.cpp;src/ufunc.cpp;src/bpf_helper.cpp;src/platform_utils.cpp;src/bpf_map/userspace/array_map.cpp;src/bpf_map/userspace/fix_hash_map.cpp;src/bpf_map/userspace/var_hash_map.cpp;src/bpf_map/userspace/ringbuf_map.cpp;src/bpf_map/userspace/perf_event_array_map.cpp;src/bpf_map/userspace/per_cpu_array_map.cpp;src/bpf_map/userspace/per_cpu_hash_map.cpp;src/bpf_map/userspace/prog_array.cpp;src/bpf_map/userspace/stack_trace_map.cpp;src/bpf_map/userspace/lru_var_hash_map.cpp;src/bpf_map/userspace/queue.cpp;src/bpf_map/userspace/stack.cpp;src/bpf_map/userspace/bloom_filter.cpp;src/bpf_map/userspace/lpm_trie_map.cpp;extension/extension_helper.cpp;src/attach/bpf_attach_ctx_cuda.cpp;src/bpf_map/gpu/nv_gpu_gdrcopy.cpp;src/bpf_map/gpu/nv_gpu_per_thread_array_map.cpp;src/bpf_map/gpu/nv_gpu_shared_array_map.cpp;src/bpf_map/gpu/nv_gpu_ringbuf_map.cpp;src/bpf_map/gpu_kernel_shared/array_map_kernel_gpu.cpp;src/bpf_map/gpu/nv_gpu_shared_hash_map.cpp;src/bpf_map/gpu/nv_gpu_array_host_map.cpp;src/bpf_map/gpu/nv_gpu_shared_array_host_map.cpp;src/bpf_map/shared/array_map_kernel_user.cpp;src/bpf_map/shared/hash_map_kernel_user.cpp;src/bpf_map/shared/percpu_array_map_kernel_user.cpp;src/bpf_map/shared/perf_event_array_kernel_user.cpp
INFO Found the following boost include dirs : /usr/include
-- Detected CUDA version: 12.9
-- CUDA 12.9: Using cupti (dynamic library)
-- runtime CUDA libs= cuda;cudart;/usr/local/cuda-12.9/targets/x86_64-linux/lib/libnvptxcompiler_static.a;cupti;nvrtc
-- Added all header and implementation files.

-- Detected CUDA version: 12.9
-- CUDA 12.9: Using cupti (dynamic library)
-- Detected CUDA version: 12.9
-- CUDA 12.9: Using cupti (dynamic library)
-- Using llvm-jit
-- Detected CUDA version: 12.9
-- CUDA 12.9: Using cupti (dynamic library)
-- Configuring done (0.5s)
-- Generating done (0.0s)
-- Build files have been written to: /home/yunwei37/workspace/gpu/bpftime-table1-575/build-table1-575
