[2026-09-04 10:23:51][info][2779115] bpf_attach_ctx constructed
[2026-09-04 10:23:51][info][2779115] Initializing CUDA shared memory
[2026-09-04 10:23:51][info][2779115] CommSharedMem host 0x7439d90297d8 mapped to device 0x7439d90297d8
[2026-09-04 10:23:51][info][2779115] CUDA context created
[2026-09-04 10:23:51][info][2779115] Register attach-impl defined helper bpf_get_func_arg, index 183
[2026-09-04 10:23:51][info][2779115] Register attach-impl defined helper bpf_get_func_ret_id, index 184
[2026-09-04 10:23:51][info][2779115] Register attach-impl defined helper bpf_get_retval, index 186
[2026-09-04 10:23:51][info][2779115] Starting nv_attach_impl
[2026-09-04 10:23:51][info][2779115] Parsing bundled libraries: /home/yunwei37/workspace/gpu/bpftime-table1-575/build-table1-575/attach/nv_attach_impl/pass/ptxpass_kprobe_entry/libptxpass_kprobe_entry.so:/home/yunwei37/workspace/gpu/bpftime-table1-575/build-table1-575/attach/nv_attach_impl/pass/ptxpass_kretprobe/libptxpass_kretprobe.so:/home/yunwei37/workspace/gpu/bpftime-table1-575/build-table1-575/attach/nv_attach_impl/pass/ptxpass_kprobe_memcapture/libptxpass_kprobe_memcapture.so
[2026-09-04 10:23:51][info][2779115] Found path: /home/yunwei37/workspace/gpu/bpftime-table1-575/build-table1-575/attach/nv_attach_impl/pass/ptxpass_kprobe_entry/libptxpass_kprobe_entry.so, executing..
[2026-09-04 10:23:51][info][2779115] Retrived config of /home/yunwei37/workspace/gpu/bpftime-table1-575/build-table1-575/attach/nv_attach_impl/pass/ptxpass_kprobe_entry/libptxpass_kprobe_entry.so
[2026-09-04 10:23:51][info][2779115] Found path: /home/yunwei37/workspace/gpu/bpftime-table1-575/build-table1-575/attach/nv_attach_impl/pass/ptxpass_kretprobe/libptxpass_kretprobe.so, executing..
[2026-09-04 10:23:51][info][2779115] Retrived config of /home/yunwei37/workspace/gpu/bpftime-table1-575/build-table1-575/attach/nv_attach_impl/pass/ptxpass_kretprobe/libptxpass_kretprobe.so
[2026-09-04 10:23:51][info][2779115] Found path: /home/yunwei37/workspace/gpu/bpftime-table1-575/build-table1-575/attach/nv_attach_impl/pass/ptxpass_kprobe_memcapture/libptxpass_kprobe_memcapture.so, executing..
[2026-09-04 10:23:51][info][2779115] Retrived config of /home/yunwei37/workspace/gpu/bpftime-table1-575/build-table1-575/attach/nv_attach_impl/pass/ptxpass_kprobe_memcapture/libptxpass_kprobe_memcapture.so
[2026-09-04 10:23:51][info][2779115] Initializing agent..
[2026-09-04 10:23:51][info][2779115] bpftime: shm epoch_seq = 2
[2026-09-04 10:23:51][info][2779115] Instantiating bpf link 61 and the corresponding program cuda__rpc_looku is cuda program
[2026-09-04 10:23:51][info][2779115] Skipping nv attach handler 61 since we are not handling nv handles
[2026-09-04 10:23:51][info][2779115] Instantiating bpf link 61 and the corresponding program cuda__rpc_looku is cuda program
[2026-09-04 10:23:51][info][2779115] Handling link to CUDA program: 61, recording it..
[2026-09-04 10:23:51][info][2779115] Loaded 26 instructions (original) for cuda ebpf program
[2026-09-04 10:23:51][info][2779115] Initializing nv_gpu_shared_array_map_impl at pid 2779115
[2026-09-04 10:23:51][info][2779115] Mapped GPU memory for shared array map: 127782776471552
[2026-09-04 10:23:51][info][2779115] Copying map fd 17 to device, key size=4, value size=8, max ent=32, map_type = 1503, gpu_buffer = 7437bf000000
[2026-09-04 10:23:51][info][2779115] Initializing nv_gpu_shared_array_host_map_impl at pid 2779115, shared mem addr=7439d9229a60
[2026-09-04 10:23:51][info][2779115] Mapped shared memory for GPU access: cpu=7439d9229a60, gpu=7439d9229a60
[2026-09-04 10:23:51][info][2779115] Copying map fd 18 to device, key size=4, value size=8, max ent=32, map_type = 1513, gpu_buffer = 7439d9229a60
[2026-09-04 10:23:51][warning][2779115] Not a GPU map!
[2026-09-04 10:23:51][info][2779115] Copying map fd 19 to device, key size=4, value size=8, max ent=32, map_type = 2, gpu_buffer = 0
[2026-09-04 10:23:51][info][2779115] Initializing nv_gpu_shared_array_map_impl at pid 2779115
[2026-09-04 10:23:51][info][2779115] Mapped GPU memory for shared array map: 127782778568704
[2026-09-04 10:23:51][info][2779115] Copying map fd 20 to device, key size=4, value size=8, max ent=32, map_type = 1503, gpu_buffer = 7437bf200000
[2026-09-04 10:23:51][info][2779115] Cached shared_mem_ptr at 7439d90297d8
[2026-09-04 10:23:51][info][2779115] Recorded pass /home/yunwei37/workspace/gpu/bpftime-table1-575/build-table1-575/attach/nv_attach_impl/pass/ptxpass_kprobe_entry/libptxpass_kprobe_entry.so for func fig15_map_kernel
[2026-09-04 10:23:52][info][2779115] nv_attach_impl: cached 301188 host symbols
[2026-09-04 10:23:52][info][2779115] nv_attach_impl: late attach bootstrap scanning fatbins..
[2026-09-04 10:23:52][info][2779115] nv_attach_impl: targeted late bootstrap selected 1 of 19 loaded module(s)
[2026-09-04 10:23:52][info][2779115] Temporary fatbin written to /tmp/bpftime-fatbin-work.WTDhub/temp.fatbin
[2026-09-04 10:23:52][info][2779115] Extracting PTX in the fatbin...
[2026-09-04 10:23:52][info][2779115] Calling cuobjdump: /usr/local/cuda-12.9/bin/cuobjdump --extract-ptx all /tmp/bpftime-fatbin-work.WTDhub/temp.fatbin
Extracting PTX file and ptxas options    1: map_bench.sm_120.ptx -arch=sm_120  --generate-line-info 
[2026-09-04 10:23:52][info][2779115] Remove extracted files..
[2026-09-04 10:23:52][info][2779115] Got 1 PTX files
[2026-09-04 10:23:52][info][2779115] Loading & patching current fatbin..
[2026-09-04 10:23:52][info][2779150] Patching PTX: map_bench.sm_120.ptx
[2026-09-04 10:23:52][info][2779150] Patching request 69272241782e45cb7d9a3aff60c1ba12d1216baefaa4bc249fb69c15533d7420 not found in cache, patching..
[ptxpass] kprobe_entry_stub: matched=1, in=1760, out=3994
[2026-09-04 10:23:52][info][2779115] Using SM arch from BPFTIME_SM_ARCH: sm_120
[2026-09-04 10:23:52][info][2779115] Compiling PTXs with sm_arch sm_120
[2026-09-04 10:23:52][info][2779115] Compiler version: 12.9
[2026-09-04 10:23:52][info][2779174] Start compiling patched.map_bench.sm_120.ptx, not found in cache
[2026-09-04 10:23:52][info][2779174] Compile of patched.map_bench.sm_120.ptx done
[2026-09-04 10:23:52][info][2779115] Loading module: patched.map_bench.sm_120.ptx, not found in cache
[2026-09-04 10:23:52][info][2779115] Copying trampoline data to device
[2026-09-04 10:23:52][info][2779115] constData symbol device_ptr=7437bf600000 size=8 shared_mem_ptr=7439d90297d8
[2026-09-04 10:23:52][info][2779115] map_info symbol device_ptr=7437bf600008 size=40960
[2026-09-04 10:23:52][info][2779115] Trampoline data copied
[2026-09-04 10:23:52][info][2779115] Loaded module: patched.map_bench.sm_120.ptx
[2026-09-04 10:23:52][info][2779115] nv_attach_impl: ingested fatbin from .nv_fatbin in /home/yunwei37/workspace/gpu/gpu_ext/microbench/fig15-device/.output/map-bench
[2026-09-04 10:23:52][info][2779115] nv_attach_impl: late attach bootstrap ingested 1 fatbin(s)
[2026-09-04 10:23:52][info][2779115] agent ipc: listening (abstract) for pid 2779115
[2026-09-04 10:23:52][info][2779115] Attach successfully
[2026-09-04 10:23:55][info][2779133] Exiting CUDA watcher thread
FIG15_DEVICE	NVIDIA GeForce RTX 5090	12	0	32
FIG15_MEASUREMENT	8	64	2164.76392
FIG15_CORRECT	32	0
