[ 18%] Built target utils
[ 19%] Built target boost_container
[ 23%] Built target protocol
[ 29%] Built target ipc
[ 55%] Built target sched
[ 70%] Built target preempt
[ 72%] Building CXX object platforms/cuda/CMakeFiles/halcuda.dir/hal/src/common/cuda_command.cpp.o
[ 73%] Linking CXX shared library libhalcuda.so
[ 93%] Built target halcuda
[ 95%] Building CXX object platforms/cuda/CMakeFiles/shimcuda.dir/shim/src/shim.cpp.o
[ 95%] Building CXX object platforms/cuda/CMakeFiles/shimcuda.dir/shim/src/intercept.cpp.o
[ 97%] Building CXX object platforms/cuda/CMakeFiles/shimcuda.dir/shim/src/window_meta_extend.cpp.o
[ 98%] Linking CXX shared library libshimcuda.so
[100%] Built target shimcuda
Install the project...
-- Install configuration: "Release"
-- Up-to-date: /home/yunwei37/workspace/gpu/gpu_ext/workloads/xsched/level2-build/.output/hal-native-20260908.i8na51/install/lib/cmake/XSched/XSchedConfig.cmake
-- Up-to-date: /home/yunwei37/workspace/gpu/gpu_ext/workloads/xsched/level2-build/.output/hal-native-20260908.i8na51/install/lib/cmake/XSched/XSchedConfigVersion.cmake
-- Up-to-date: /home/yunwei37/workspace/gpu/gpu_ext/workloads/xsched/level2-build/.output/hal-native-20260908.i8na51/install/lib/cmake/XSched/XSchedTargets.cmake
-- Up-to-date: /home/yunwei37/workspace/gpu/gpu_ext/workloads/xsched/level2-build/.output/hal-native-20260908.i8na51/install/lib/cmake/XSched/XSchedTargets-release.cmake
-- Up-to-date: /home/yunwei37/workspace/gpu/gpu_ext/workloads/xsched/level2-build/.output/hal-native-20260908.i8na51/install/include
-- Up-to-date: /home/yunwei37/workspace/gpu/gpu_ext/workloads/xsched/level2-build/.output/hal-native-20260908.i8na51/install/include/xsched
-- Up-to-date: /home/yunwei37/workspace/gpu/gpu_ext/workloads/xsched/level2-build/.output/hal-native-20260908.i8na51/install/include/xsched/hint.h
-- Up-to-date: /home/yunwei37/workspace/gpu/gpu_ext/workloads/xsched/level2-build/.output/hal-native-20260908.i8na51/install/include/xsched/xsched.h
-- Up-to-date: /home/yunwei37/workspace/gpu/gpu_ext/workloads/xsched/level2-build/.output/hal-native-20260908.i8na51/install/include/xsched/xqueue.h
-- Up-to-date: /home/yunwei37/workspace/gpu/gpu_ext/workloads/xsched/level2-build/.output/hal-native-20260908.i8na51/install/include/xsched/types.h
-- Up-to-date: /home/yunwei37/workspace/gpu/gpu_ext/workloads/xsched/level2-build/.output/hal-native-20260908.i8na51/install/include/README.md
-- Up-to-date: /home/yunwei37/workspace/gpu/gpu_ext/workloads/xsched/level2-build/.output/hal-native-20260908.i8na51/install/lib/python
-- Up-to-date: /home/yunwei37/workspace/gpu/gpu_ext/workloads/xsched/level2-build/.output/hal-native-20260908.i8na51/install/lib/python/xsched
-- Up-to-date: /home/yunwei37/workspace/gpu/gpu_ext/workloads/xsched/level2-build/.output/hal-native-20260908.i8na51/install/lib/python/xsched/__init__.py
-- Up-to-date: /home/yunwei37/workspace/gpu/gpu_ext/workloads/xsched/level2-build/.output/hal-native-20260908.i8na51/install/lib/libpreempt.so
-- Up-to-date: /home/yunwei37/workspace/gpu/gpu_ext/workloads/xsched/level2-build/.output/hal-native-20260908.i8na51/install/include
-- Up-to-date: /home/yunwei37/workspace/gpu/gpu_ext/workloads/xsched/level2-build/.output/hal-native-20260908.i8na51/install/include/xsched
-- Up-to-date: /home/yunwei37/workspace/gpu/gpu_ext/workloads/xsched/level2-build/.output/hal-native-20260908.i8na51/install/include/xsched/preempt
-- Up-to-date: /home/yunwei37/workspace/gpu/gpu_ext/workloads/xsched/level2-build/.output/hal-native-20260908.i8na51/install/include/xsched/preempt/sched
-- Up-to-date: /home/yunwei37/workspace/gpu/gpu_ext/workloads/xsched/level2-build/.output/hal-native-20260908.i8na51/install/include/xsched/preempt/sched/agent.h
-- Up-to-date: /home/yunwei37/workspace/gpu/gpu_ext/workloads/xsched/level2-build/.output/hal-native-20260908.i8na51/install/include/xsched/preempt/sched/executor.h
-- Up-to-date: /home/yunwei37/workspace/gpu/gpu_ext/workloads/xsched/level2-build/.output/hal-native-20260908.i8na51/install/include/xsched/preempt/xqueue
-- Up-to-date: /home/yunwei37/workspace/gpu/gpu_ext/workloads/xsched/level2-build/.output/hal-native-20260908.i8na51/install/include/xsched/preempt/xqueue/launch_worker.h
-- Up-to-date: /home/yunwei37/workspace/gpu/gpu_ext/workloads/xsched/level2-build/.output/hal-native-20260908.i8na51/install/include/xsched/preempt/xqueue/xqueue.h
-- Up-to-date: /home/yunwei37/workspace/gpu/gpu_ext/workloads/xsched/level2-build/.output/hal-native-20260908.i8na51/install/include/xsched/preempt/xqueue/async_xqueue.h
-- Up-to-date: /home/yunwei37/workspace/gpu/gpu_ext/workloads/xsched/level2-build/.output/hal-native-20260908.i8na51/install/include/xsched/preempt/xqueue/xcommand.h
-- Up-to-date: /home/yunwei37/workspace/gpu/gpu_ext/workloads/xsched/level2-build/.output/hal-native-20260908.i8na51/install/include/xsched/preempt/xqueue/command_buffer.h
-- Up-to-date: /home/yunwei37/workspace/gpu/gpu_ext/workloads/xsched/level2-build/.output/hal-native-20260908.i8na51/install/include/xsched/preempt/hal
-- Up-to-date: /home/yunwei37/workspace/gpu/gpu_ext/workloads/xsched/level2-build/.output/hal-native-20260908.i8na51/install/include/xsched/preempt/hal/hw_queue.h
-- Up-to-date: /home/yunwei37/workspace/gpu/gpu_ext/workloads/xsched/level2-build/.output/hal-native-20260908.i8na51/install/include/xsched/preempt/hal/hw_command.h
-- Installing: /home/yunwei37/workspace/gpu/gpu_ext/workloads/xsched/level2-build/.output/hal-native-20260908.i8na51/install/lib/libhalcuda.so
-- Up-to-date: /home/yunwei37/workspace/gpu/gpu_ext/workloads/xsched/level2-build/.output/hal-native-20260908.i8na51/install/include/xsched/cuda/hal.h
-- Up-to-date: /home/yunwei37/workspace/gpu/gpu_ext/workloads/xsched/level2-build/.output/hal-native-20260908.i8na51/install/lib/python
-- Up-to-date: /home/yunwei37/workspace/gpu/gpu_ext/workloads/xsched/level2-build/.output/hal-native-20260908.i8na51/install/lib/python/xsched
-- Up-to-date: /home/yunwei37/workspace/gpu/gpu_ext/workloads/xsched/level2-build/.output/hal-native-20260908.i8na51/install/lib/python/xsched/cuda
-- Up-to-date: /home/yunwei37/workspace/gpu/gpu_ext/workloads/xsched/level2-build/.output/hal-native-20260908.i8na51/install/lib/python/xsched/cuda/__init__.py
ln: failed to create symbolic link 'libcuda.so.1': File exists
-- Installing: shim softlink created: libcuda.so.1
ln: failed to create symbolic link 'libcuda.so': File exists
-- Installing: shim softlink created: libcuda.so
-- Installing: /home/yunwei37/workspace/gpu/gpu_ext/workloads/xsched/level2-build/.output/hal-native-20260908.i8na51/install/lib/libshimcuda.so
{
  "phase": "level2-native-blob-run",
  "scope": "sm_120 Level-2 native cuXtra blob route bring-up on the isolated native HAL install: GuardianSM120 serves the captured SASS arrays; no NVBit tool, no tool-entry accounting (not applicable); service-only metrics; the completed historical baseline is not rerun and no BPF raw-blob arm is run",
  "config_order": [
    "native_blob"
  ],
  "pair_blocks": 1,
  "initial_run": false,
  "streams": 4,
  "lc_processes": 2,
  "be_processes": 4,
  "tasks_per_stream": 50,
  "reps": 9511106,
  "blocks": 340,
  "threads": 256,
  "fixed_delay_ns": 5000000,
  "clock_offset_ns": 0,
  "metric_scope": "gpu_service_and_host_elapsed",
  "worker_environments": {
    "lc": {
      "CUDA_HOME": "/usr/local/cuda-12.9",
      "XSCHED_SCHEDULER": "GLB",
      "XSCHED_AUTO_XQUEUE": "ON",
      "XSCHED_AUTO_XQUEUE_LEVEL": "2",
      "XSCHED_AUTO_XQUEUE_PRIORITY": "1",
      "XSCHED_AUTO_XQUEUE_THRESHOLD": "16",
      "XSCHED_AUTO_XQUEUE_BATCH_SIZE": "8",
      "XSCHED_CUDA_LV2_PORT_120": "1",
      "XSCHED_LEVEL2_TOOL_ACTUATOR": "0",
      "LD_LIBRARY_PATH": "/home/yunwei37/workspace/gpu/gpu_ext/workloads/xsched/level2-build/.output/hal-native-20260908.i8na51/install/lib",
      "XG_SERVICE_ONLY": "1",
      "XG_NATIVE_META_EXTEND": "1",
      "XG_NATIVE_META_KPARAM": "1"
    },
    "be": {
      "CUDA_HOME": "/usr/local/cuda-12.9",
      "XSCHED_SCHEDULER": "GLB",
      "XSCHED_AUTO_XQUEUE": "ON",
      "XSCHED_AUTO_XQUEUE_LEVEL": "2",
      "XSCHED_AUTO_XQUEUE_PRIORITY": "0",
      "XSCHED_AUTO_XQUEUE_THRESHOLD": "4",
      "XSCHED_AUTO_XQUEUE_BATCH_SIZE": "2",
      "XSCHED_CUDA_LV2_PORT_120": "1",
      "XSCHED_LEVEL2_TOOL_ACTUATOR": "0",
      "LD_LIBRARY_PATH": "/home/yunwei37/workspace/gpu/gpu_ext/workloads/xsched/level2-build/.output/hal-native-20260908.i8na51/install/lib",
      "XG_SERVICE_ONLY": "1",
      "XG_NATIVE_META_EXTEND": "1",
      "XG_NATIVE_META_KPARAM": "1"
    }
  },
  "paths": {
    "workload": "/home/yunwei37/workspace/gpu/gpu_ext/workloads/xsched/level2-build/.output/service-mismatch-20260908.sHSYtE/priority_workload",
    "workload_original_measured": "/home/yunwei37/workspace/gpu/gpu_ext/workloads/xsched/level2-build/.output/service-output-20260908.66ppYl/priority_workload",
    "xserver_native": "/home/yunwei37/workspace/gpu/gpu_ext/workloads/xsched/deps/xsched/output/bin/xserver",
    "native_hal_install_dir": "/home/yunwei37/workspace/gpu/gpu_ext/workloads/xsched/level2-build/.output/hal-native-20260908.i8na51/install",
    "hal_lib_dir": "/home/yunwei37/workspace/gpu/gpu_ext/workloads/xsched/level2-build/.output/hal-native-20260908.i8na51/install/lib",
    "guard_tool": null
  }
}
Exception in thread Thread-8 (_reader):
Traceback (most recent call last):
  File "/usr/lib/python3.12/threading.py", line 1073, in _bootstrap_inner
    self.run()
  File "/usr/lib/python3.12/threading.py", line 1010, in run
    self._target(*self._args, **self._kwargs)
  File "/home/yunwei37/workspace/gpu/gpu_ext/workloads/xsched/level2/run_tool_pair.py", line 174, in _reader
    Exception in thread Thread-6 (_reader):
Traceback (most recent call last):
  File "/usr/lib/python3.12/threading.py", line 1073, in _bootstrap_inner
Exception in thread Exception in thread Thread-10 (_reader)Thread-4 (_reader):
Traceback (most recent call last):
:
Traceback (most recent call last):
  File "/usr/lib/python3.12/threading.py", line 1073, in _bootstrap_inner
  File "/usr/lib/python3.12/threading.py", line 1073, in _bootstrap_inner
    for line in iter(pipe.readline, ""):self.run()    

self.run()
  File "<frozen codecs>", line 322, in decode
UnicodeDecodeError  File "/usr/lib/python3.12/threading.py", line 1010, in run
: 'utf-8' codec can't decode byte 0xb8 in position 133: invalid start byte
  File "/usr/lib/python3.12/threading.py", line 1010, in run
        self._target(*self._args, **self._kwargs)
  File "/home/yunwei37/workspace/gpu/gpu_ext/workloads/xsched/level2/run_tool_pair.py", line 174, in _reader
    for line in iter(pipe.readline, ""):
  File "<frozen codecs>", line 322, in decode
UnicodeDecodeError: 'utf-8' codec can't decode byte 0x8e in position 858: invalid start byte
self._target(*self._args, **self._kwargs)
    self.run()
  File "/usr/lib/python3.12/threading.py", line 1010, in run
  File "/home/yunwei37/workspace/gpu/gpu_ext/workloads/xsched/level2/run_tool_pair.py", line 174, in _reader
    for line in iter(pipe.readline, ""):
  File "<frozen codecs>", line 322, in decode
UnicodeDecodeError: 'utf-8' codec can't decode byte 0xf8 in position 1016: invalid start byte
    self._target(*self._args, **self._kwargs)
  File "/home/yunwei37/workspace/gpu/gpu_ext/workloads/xsched/level2/run_tool_pair.py", line 174, in _reader
    for line in iter(pipe.readline, ""):
  File "<frozen codecs>", line 322, in decode
UnicodeDecodeError: 'utf-8' codec can't decode byte 0xf2 in position 1019: invalid continuation byte
Traceback (most recent call last):
  File "/home/yunwei37/workspace/gpu/gpu_ext/workloads/xsched/level2/native/run_native_blob.py", line 350, in <module>
    raise SystemExit(main())
                     ^^^^^^
  File "/home/yunwei37/workspace/gpu/gpu_ext/workloads/xsched/level2/native/run_native_blob.py", line 336, in main
    record = run_native_cell(block, "paired", cell_dir, args.workload,
             ^^^^^^^^^^^^^^^^^^^^^^^^^^^^^^^^^^^^^^^^^^^^^^^^^^^^^^^^^
  File "/home/yunwei37/workspace/gpu/gpu_ext/workloads/xsched/level2/native/run_native_blob.py", line 141, in run_native_cell
    running_events = [worker.wait_event("running") for worker in be_workers]
                      ^^^^^^^^^^^^^^^^^^^^^^^^^^^^
  File "/home/yunwei37/workspace/gpu/gpu_ext/workloads/xsched/level2/run_tool_pair.py", line 197, in wait_event
    raise RuntimeError(
RuntimeError: be1 exited 1 before running: [XSCHED INFO @ T 514846 @ 04:05:55.785715] meta-extend: fatbin-cubin[0] KPARAM(V2) ordinal 0 offset 0x0 size 0x8 -> 0x1520 (declared launch extent 0x1520); [XSCHED INFO @ T 514846 @ 04:05:55.785716] meta-extend: fatbin-cubin[0] declared c[0x0] param region [0x380, 0x18a0]; [XSCHED INFO @ T 514846 @ 04:05:55.785717] meta-extend: fatbin-cubin[1] CBANK_PARAM_SIZE 0x20 -> 0x1520; [XSCHED INFO @ T 514846 @ 04:05:55.785718] meta-extend: fatbin-cubin[1] PARAM_CBANK param_size 0x20 -> 0x1520; [XSCHED INFO @ T 514846 @ 04:05:55.785718] meta-extend: fatbin-cubin[1] KPARAM(V2) ordinal 4 offset 0x18 size 0x8 -> 0x1508 (declared launch extent 0x1520); [XSCHED INFO @ T 514846 @ 04:05:55.785719] meta-extend: fatbin-cubin[1] declared c[0x0] param region [0x380, 0x18a0]; [XSCHED INFO @ T 514846 @ 04:05:55.785720] meta-extend: owned fatbin-wrapper copy 0x20 + 0x4818 bytes (source wrapper 0x60c5cb4ad058); [XSCHED INFO @ T 514846 @ 04:05:55.800645] native-700 probe 3: binary kernel=1408 B guardian=640 B ep_inst=0x7df872600200 regs=16->32 barriers=1->1
