Id=gdm.service
ActiveState=active

Id=nvidia-persistenced.service
ActiveState=active
{"stage": "cell", "arm": "bpf", "pid": 636183, "directory": "/home/yunwei37/workspace/gpu/gpu_ext/workloads/expert-buffering-policy/section-vi/raw/575-section-vi-full-01/block-00/bpf"}
{"stage": "cell", "arm": "bpf", "status": "passed", "metrics": {"eb_delta": {"decisions": 17959, "jit_calls": 17959, "admissions": 11595, "evictions": 11595}, "pool_capacity_bytes": 16834658304, "correctness_only": false, "evaluation_requests": 8, "correctness_requests": 9, "evaluation_generated_tokens": 128, "correctness_generated_tokens": 144, "elapsed_seconds": 24.250636345, "tokens_per_second": 5.278212009739327, "elapsed_seconds_including_drain": 24.253393683, "drain_seconds": 0.00268832, "tokens_per_second_including_drain": 5.277611936416115, "median_ttft_ms": 761.973894, "median_tpot_ms": 140.60470606666667, "cpu_seconds": 140.083022, "cpu_seconds_including_drain": 140.100917}}
{"stage": "cell", "arm": "native", "pid": 640815, "directory": "/home/yunwei37/workspace/gpu/gpu_ext/workloads/expert-buffering-policy/section-vi/raw/575-section-vi-full-01/block-00/native"}
{"stage": "cell", "arm": "native", "status": "passed", "metrics": {"eb_delta": {"decisions": 17959, "jit_calls": 0, "admissions": 11595, "evictions": 11595}, "pool_capacity_bytes": 16834658304, "correctness_only": false, "evaluation_requests": 8, "correctness_requests": 9, "evaluation_generated_tokens": 128, "correctness_generated_tokens": 144, "elapsed_seconds": 28.106966241, "tokens_per_second": 4.5540311573464916, "elapsed_seconds_including_drain": 28.109909194, "drain_seconds": 0.002859651, "tokens_per_second_including_drain": 4.553554375313362, "median_ttft_ms": 974.918509, "median_tpot_ms": 163.50332613333333, "cpu_seconds": 159.46889899999996, "cpu_seconds_including_drain": 159.486942}}
{"stage": "cell", "arm": "fifo", "pid": 645051, "directory": "/home/yunwei37/workspace/gpu/gpu_ext/workloads/expert-buffering-policy/section-vi/raw/575-section-vi-full-01/block-00/fifo"}
{"stage": "cell", "arm": "fifo", "status": "passed", "metrics": {"eb_delta": {"decisions": 17959, "jit_calls": 0, "admissions": 13304, "evictions": 13304}, "pool_capacity_bytes": 16834658304, "correctness_only": false, "evaluation_requests": 8, "correctness_requests": 9, "evaluation_generated_tokens": 128, "correctness_generated_tokens": 144, "elapsed_seconds": 50.352300859, "tokens_per_second": 2.5420884014503025, "elapsed_seconds_including_drain": 50.375774425, "drain_seconds": 0.02322251, "tokens_per_second_including_drain": 2.5409038662138643, "median_ttft_ms": 1609.385917, "median_tpot_ms": 258.50695226666664, "cpu_seconds": 243.72839700000003, "cpu_seconds_including_drain": 243.78754300000003}}
{"stage": "cell", "arm": "fifo", "pid": 649978, "directory": "/home/yunwei37/workspace/gpu/gpu_ext/workloads/expert-buffering-policy/section-vi/raw/575-section-vi-full-01/block-01/fifo"}
{"stage": "cell", "arm": "fifo", "status": "passed", "metrics": {"eb_delta": {"decisions": 17959, "jit_calls": 0, "admissions": 13304, "evictions": 13304}, "pool_capacity_bytes": 16834658304, "correctness_only": false, "evaluation_requests": 8, "correctness_requests": 9, "evaluation_generated_tokens": 128, "correctness_generated_tokens": 144, "elapsed_seconds": 24.811747177, "tokens_per_second": 5.158846698174221, "elapsed_seconds_including_drain": 24.814330097, "drain_seconds": 0.002513427, "tokens_per_second_including_drain": 5.1583097145739565, "median_ttft_ms": 844.058709, "median_tpot_ms": 139.6098233333333, "cpu_seconds": 143.597617, "cpu_seconds_including_drain": 143.61031100000002}}
{"stage": "cell", "arm": "native", "pid": 654142, "directory": "/home/yunwei37/workspace/gpu/gpu_ext/workloads/expert-buffering-policy/section-vi/raw/575-section-vi-full-01/block-01/native"}
{"stage": "cell", "arm": "native", "status": "passed", "metrics": {"eb_delta": {"decisions": 17959, "jit_calls": 0, "admissions": 11595, "evictions": 11595}, "pool_capacity_bytes": 16834658304, "correctness_only": false, "evaluation_requests": 8, "correctness_requests": 9, "evaluation_generated_tokens": 128, "correctness_generated_tokens": 144, "elapsed_seconds": 23.926221199, "tokens_per_second": 5.349779178893062, "elapsed_seconds_including_drain": 23.928971922, "drain_seconds": 0.002673661, "tokens_per_second_including_drain": 5.349164202174452, "median_ttft_ms": 779.447351, "median_tpot_ms": 138.0182038, "cpu_seconds": 138.400632, "cpu_seconds_including_drain": 138.418509}}
{"stage": "cell", "arm": "bpf", "pid": 658036, "directory": "/home/yunwei37/workspace/gpu/gpu_ext/workloads/expert-buffering-policy/section-vi/raw/575-section-vi-full-01/block-01/bpf"}
{"stage": "cell", "arm": "bpf", "status": "passed", "metrics": {"eb_delta": {"decisions": 17959, "jit_calls": 17959, "admissions": 11595, "evictions": 11595}, "pool_capacity_bytes": 16834658304, "correctness_only": false, "evaluation_requests": 8, "correctness_requests": 9, "evaluation_generated_tokens": 128, "correctness_generated_tokens": 144, "elapsed_seconds": 24.752352793, "tokens_per_second": 5.171225582894834, "elapsed_seconds_including_drain": 24.754991933, "drain_seconds": 0.002565622, "tokens_per_second_including_drain": 5.170674276381717, "median_ttft_ms": 744.5705405, "median_tpot_ms": 140.29319293333333, "cpu_seconds": 142.83483900000004, "cpu_seconds_including_drain": 142.85259000000002}}
{"stage": "cell", "arm": "bpf", "pid": 662156, "directory": "/home/yunwei37/workspace/gpu/gpu_ext/workloads/expert-buffering-policy/section-vi/raw/575-section-vi-full-01/block-02/bpf"}
{"stage": "cell", "arm": "bpf", "status": "passed", "metrics": {"eb_delta": {"decisions": 17959, "jit_calls": 17959, "admissions": 11595, "evictions": 11595}, "pool_capacity_bytes": 16834658304, "correctness_only": false, "evaluation_requests": 8, "correctness_requests": 9, "evaluation_generated_tokens": 128, "correctness_generated_tokens": 144, "elapsed_seconds": 27.180539222, "tokens_per_second": 4.709251680202005, "elapsed_seconds_including_drain": 27.183231188, "drain_seconds": 0.002617979, "tokens_per_second_including_drain": 4.708785321169082, "median_ttft_ms": 890.2552955, "median_tpot_ms": 151.37646253333335, "cpu_seconds": 155.035799, "cpu_seconds_including_drain": 155.04859}}
{"stage": "cell", "arm": "fifo", "pid": 665538, "directory": "/home/yunwei37/workspace/gpu/gpu_ext/workloads/expert-buffering-policy/section-vi/raw/575-section-vi-full-01/block-02/fifo"}
{"stage": "cell", "arm": "fifo", "status": "passed", "metrics": {"eb_delta": {"decisions": 17959, "jit_calls": 0, "admissions": 13304, "evictions": 13304}, "pool_capacity_bytes": 16834658304, "correctness_only": false, "evaluation_requests": 8, "correctness_requests": 9, "evaluation_generated_tokens": 128, "correctness_generated_tokens": 144, "elapsed_seconds": 28.362006305, "tokens_per_second": 4.513079879593518, "elapsed_seconds_including_drain": 28.364521665, "drain_seconds": 0.002439266, "tokens_per_second_including_drain": 4.512679660589651, "median_ttft_ms": 961.046936, "median_tpot_ms": 154.65648206666665, "cpu_seconds": 161.82372500000002, "cpu_seconds_including_drain": 161.84136999999998}}
{"stage": "cell", "arm": "native", "pid": 671145, "directory": "/home/yunwei37/workspace/gpu/gpu_ext/workloads/expert-buffering-policy/section-vi/raw/575-section-vi-full-01/block-02/native"}
{"stage": "cell", "arm": "native", "status": "passed", "metrics": {"eb_delta": {"decisions": 17959, "jit_calls": 0, "admissions": 11595, "evictions": 11595}, "pool_capacity_bytes": 16834658304, "correctness_only": false, "evaluation_requests": 8, "correctness_requests": 9, "evaluation_generated_tokens": 128, "correctness_generated_tokens": 144, "elapsed_seconds": 24.321816285, "tokens_per_second": 5.262764856872201, "elapsed_seconds_including_drain": 24.324629746, "drain_seconds": 0.002743167, "tokens_per_second_including_drain": 5.262156149408549, "median_ttft_ms": 791.975916, "median_tpot_ms": 140.16618319999998, "cpu_seconds": 140.485446, "cpu_seconds_including_drain": 140.50336000000001}}
{"stage": "cell", "arm": "fifo", "pid": 674333, "directory": "/home/yunwei37/workspace/gpu/gpu_ext/workloads/expert-buffering-policy/section-vi/raw/575-section-vi-full-01/block-03/fifo"}
Traceback (most recent call last):
  File "/home/yunwei37/workspace/gpu/gpu_ext/workloads/expert-buffering-policy/section-vi/correctness.py", line 400, in <module>
    main()
  File "/home/yunwei37/workspace/gpu/gpu_ext/workloads/expert-buffering-policy/section-vi/correctness.py", line 365, in main
    common.run_stage(args, "cell", directory, frozen, data, arm)
  File "/home/yunwei37/workspace/gpu/gpu_ext/workloads/finemoe/compare.py", line 449, in run_stage
    raise error
  File "/home/yunwei37/workspace/gpu/gpu_ext/workloads/finemoe/compare.py", line 406, in run_stage
    result["returncode"] = process.wait(timeout=args.timeout)
                           ^^^^^^^^^^^^^^^^^^^^^^^^^^^^^^^^^^
  File "/usr/lib/python3.12/subprocess.py", line 1264, in wait
    return self._wait(timeout=timeout)
           ^^^^^^^^^^^^^^^^^^^^^^^^^^^
  File "/usr/lib/python3.12/subprocess.py", line 2047, in _wait
    time.sleep(delay)
  File "/home/yunwei37/workspace/gpu/gpu_ext/workloads/expert-buffering-policy/section-vi/correctness.py", line 351, in interrupted
    raise InterruptedError(f"EB controller received signal {signum}")
InterruptedError: EB controller received signal 15
Id=gdm.service
ActiveState=active

Id=nvidia-persistenced.service
ActiveState=active
