[2026-09-08 16:52:07][warning][3750539] Calling original ioctl: 8 3223340586 140736303988720
[2026-09-08 16:52:07][warning][3750539] Calling original ioctl: 8 3223340586 140736303988736
[2026-09-08 16:52:07][warning][3750539] Calling original ioctl: 8 3223340586 140736303988784
[2026-09-08 16:52:07][warning][3750539] Calling original ioctl: 9 25 140736303993104
[2026-09-08 16:52:07][warning][3750539] Calling original ioctl: 8 3224389163 140736303990368
[2026-09-08 16:52:07][warning][3750539] Calling original ioctl: 9 73 140736303989552
[2026-09-08 16:52:07][warning][3750539] Calling original ioctl: 9 33 140736303980320
[2026-09-08 16:52:07][warning][3750539] Calling original ioctl: 8 3224389163 140736303990048
[2026-09-08 16:52:07][warning][3750539] Calling original ioctl: 9 73 140736303989232
[2026-09-08 16:52:07][warning][3750539] Calling original ioctl: 9 33 140736303980000
[2026-09-08 16:52:07][warning][3750539] Calling original ioctl: 8 3224389163 140736303990048
[2026-09-08 16:52:07][warning][3750539] Calling original ioctl: 9 73 140736303989232
[2026-09-08 16:52:07][warning][3750539] Calling original ioctl: 9 33 140736303980000
[2026-09-08 16:52:07][warning][3750539] Calling original ioctl: 8 3224389163 140736303990544
[2026-09-08 16:52:07][warning][3750539] Calling original ioctl: 9 73 140736303989728
[2026-09-08 16:52:07][warning][3750539] Calling original ioctl: 9 33 140736303980496
[2026-09-08 16:52:07][warning][3750539] Calling original ioctl: 8 3224389163 140736303992224
[2026-09-08 16:52:07][warning][3750539] Calling original ioctl: 8 3224389163 140736303992208
[2026-09-08 16:52:07][warning][3750539] Calling original ioctl: 8 3224389163 140736303988448
[2026-09-08 16:52:07][warning][3750539] Calling original ioctl: 8 3223340586 140736303984032
[2026-09-08 16:52:07][warning][3750539] Calling original ioctl: 8 3224913486 140736303988576
[2026-09-08 16:52:07][warning][3750539] Calling original ioctl: 8 3223864926 140736303988528
[2026-09-08 16:52:07][warning][3750539] Calling original ioctl: 9 73 140736303987632
[2026-09-08 16:52:07][warning][3750539] Calling original ioctl: 9 33 140736303978400
[2026-09-08 16:52:07][warning][3750539] Calling original ioctl: 8 3224389163 140736303987984
[2026-09-08 16:52:07][warning][3750539] Calling original ioctl: 8 3223340586 140736303983568
[2026-09-08 16:52:07][warning][3750539] Calling original ioctl: 8 3224913486 140736303988112
[2026-09-08 16:52:07][warning][3750539] Calling original ioctl: 9 73 140736303987168
[2026-09-08 16:52:07][warning][3750539] Calling original ioctl: 9 33 140736303977936
[2026-09-08 16:52:07][warning][3750539] Calling original ioctl: 8 3224389163 140736303988832
[2026-09-08 16:52:07][warning][3750539] Calling original ioctl: 8 3223340586 140736303984416
[2026-09-08 16:52:07][warning][3750539] Calling original ioctl: 8 3224913486 140736303988960
[2026-09-08 16:52:07][warning][3750539] Calling original ioctl: 8 3224389163 140736303990688
[2026-09-08 16:52:07][warning][3750539] Calling original ioctl: 8 3223340586 140736303986720
[2026-09-08 16:52:07][warning][3750539] Calling original ioctl: 8 3224389163 140736303990976
[2026-09-08 16:52:07][warning][3750539] Calling original ioctl: 8 3223340586 140736303986656
[2026-09-08 16:52:07][warning][3750539] Calling original ioctl: 8 3224389163 140736303990976
[2026-09-08 16:52:07][warning][3750539] Calling original ioctl: 8 3223340586 140736303986656
[2026-09-08 16:52:07][warning][3750539] Calling original ioctl: 8 3223340586 140736303986736
[2026-09-08 16:52:07][warning][3750539] Calling original ioctl: 8 3223340586 140736303986736
[2026-09-08 16:52:07][warning][3750539] Calling original ioctl: 8 3224389163 140736303989632
[2026-09-08 16:52:07][warning][3750539] Calling original ioctl: 8 3223340586 140736303985216
[2026-09-08 16:52:07][warning][3750539] Calling original ioctl: 8 3224913486 140736303989760
[2026-09-08 16:52:07][warning][3750539] Calling original ioctl: 9 73 140736303988816
[2026-09-08 16:52:07][warning][3750539] Calling original ioctl: 9 33 140736303979584
[2026-09-08 16:52:07][warning][3750539] Calling original ioctl: 8 3224389163 140736303988832
[2026-09-08 16:52:07][warning][3750539] Calling original ioctl: 8 3223340586 140736303984416
[2026-09-08 16:52:07][warning][3750539] Calling original ioctl: 8 3224913486 140736303988960
[2026-09-08 16:52:07][warning][3750539] Calling original ioctl: 8 3224389163 140736303990688
[2026-09-08 16:52:07][warning][3750539] Calling original ioctl: 8 3223340586 140736303986720
[2026-09-08 16:52:07][warning][3750539] Calling original ioctl: 8 3224389163 140736303990976
[2026-09-08 16:52:07][warning][3750539] Calling original ioctl: 8 3223340586 140736303986656
[2026-09-08 16:52:07][warning][3750539] Calling original ioctl: 8 3223340586 140736303986736
[2026-09-08 16:52:07][warning][3750539] Calling original ioctl: 8 3223340586 140736303986736
[2026-09-08 16:52:07][warning][3750539] Calling original ioctl: 8 3224389163 140736303988832
[2026-09-08 16:52:07][warning][3750539] Calling original ioctl: 8 3223340586 140736303984416
[2026-09-08 16:52:07][warning][3750539] Calling original ioctl: 8 3224913486 140736303988960
[2026-09-08 16:52:07][warning][3750539] Calling original ioctl: 8 3224389163 140736303990688
[2026-09-08 16:52:07][warning][3750539] Calling original ioctl: 8 3223340586 140736303986720
[2026-09-08 16:52:07][warning][3750539] Calling original ioctl: 8 3224389163 140736303990976
[2026-09-08 16:52:07][warning][3750539] Calling original ioctl: 8 3223340586 140736303986656
[2026-09-08 16:52:07][warning][3750539] Calling original ioctl: 8 3224389163 140736303990976
[2026-09-08 16:52:07][warning][3750539] Calling original ioctl: 8 3223340586 140736303986656
[2026-09-08 16:52:07][warning][3750539] Calling original ioctl: 8 3223340586 140736303986736
[2026-09-08 16:52:07][warning][3750539] Calling original ioctl: 8 3223340586 140736303986736
[2026-09-08 16:52:07][warning][3750539] Calling original ioctl: 8 3224389163 140736303988832
[2026-09-08 16:52:07][warning][3750539] Calling original ioctl: 8 3223340586 140736303984416
[2026-09-08 16:52:07][warning][3750539] Calling original ioctl: 8 3224913486 140736303988960
[2026-09-08 16:52:07][warning][3750539] Calling original ioctl: 8 3224389163 140736303990688
[2026-09-08 16:52:07][warning][3750539] Calling original ioctl: 8 3223340586 140736303986720
[2026-09-08 16:52:07][warning][3750539] Calling original ioctl: 8 3224389163 140736303990976
[2026-09-08 16:52:07][warning][3750539] Calling original ioctl: 8 3223340586 140736303986656
[2026-09-08 16:52:07][warning][3750539] Calling original ioctl: 8 3223340586 140736303986736
[2026-09-08 16:52:07][warning][3750539] Calling original ioctl: 8 3223340586 140736303986736
[2026-09-08 16:52:07][warning][3750539] Calling original ioctl: 8 3224389163 140736303988832
[2026-09-08 16:52:07][warning][3750539] Calling original ioctl: 8 3223340586 140736303984416
[2026-09-08 16:52:07][warning][3750539] Calling original ioctl: 8 3224913486 140736303988960
[2026-09-08 16:52:07][warning][3750539] Calling original ioctl: 8 3224389163 140736303990688
[2026-09-08 16:52:07][warning][3750539] Calling original ioctl: 8 3223340586 140736303986720
[2026-09-08 16:52:07][warning][3750539] Calling original ioctl: 8 3224389163 140736303990976
[2026-09-08 16:52:07][warning][3750539] Calling original ioctl: 8 3223340586 140736303986656
[2026-09-08 16:52:07][warning][3750539] Calling original ioctl: 8 3224389163 140736303990976
[2026-09-08 16:52:07][warning][3750539] Calling original ioctl: 8 3223340586 140736303986656
[2026-09-08 16:52:07][warning][3750539] Calling original ioctl: 8 3223340586 140736303986736
[2026-09-08 16:52:07][warning][3750539] Calling original ioctl: 8 3223340586 140736303986736
[2026-09-08 16:52:07][warning][3750539] Calling original ioctl: 8 3224389163 140736303988832
[2026-09-08 16:52:07][warning][3750539] Calling original ioctl: 8 3223340586 140736303984416
[2026-09-08 16:52:07][warning][3750539] Calling original ioctl: 8 3224913486 140736303988960
[2026-09-08 16:52:07][warning][3750539] Calling original ioctl: 8 3224389163 140736303990688
[2026-09-08 16:52:07][warning][3750539] Calling original ioctl: 8 3223340586 140736303986720
[2026-09-08 16:52:07][warning][3750539] Calling original ioctl: 8 3224389163 140736303990976
[2026-09-08 16:52:07][warning][3750539] Calling original ioctl: 8 3223340586 140736303986656
[2026-09-08 16:52:07][warning][3750539] Calling original ioctl: 8 3223340586 140736303986736
[2026-09-08 16:52:07][warning][3750539] Calling original ioctl: 8 3223340586 140736303986736
[2026-09-08 16:52:07][warning][3750539] Calling original ioctl: 8 3224389163 140736303988832
[2026-09-08 16:52:07][warning][3750539] Calling original ioctl: 8 3223340586 140736303984416
[2026-09-08 16:52:07][warning][3750539] Calling original ioctl: 8 3224913486 140736303988960
[2026-09-08 16:52:07][warning][3750539] Calling original ioctl: 8 3224389163 140736303990688
[2026-09-08 16:52:07][warning][3750539] Calling original ioctl: 8 3223340586 140736303986720
[2026-09-08 16:52:07][warning][3750539] Calling original ioctl: 8 3224389163 140736303990976
[2026-09-08 16:52:07][warning][3750539] Calling original ioctl: 8 3223340586 140736303986656
[2026-09-08 16:52:07][warning][3750539] Calling original ioctl: 8 3224389163 140736303990976
[2026-09-08 16:52:07][warning][3750539] Calling original ioctl: 8 3223340586 140736303986656
[2026-09-08 16:52:07][warning][3750539] Calling original ioctl: 8 3223340586 140736303986736
[2026-09-08 16:52:07][warning][3750539] Calling original ioctl: 8 3223340586 140736303986736
[2026-09-08 16:52:07][warning][3750539] Calling original ioctl: 8 3224389163 140736303988832
[2026-09-08 16:52:07][warning][3750539] Calling original ioctl: 8 3223340586 140736303984416
[2026-09-08 16:52:07][warning][3750539] Calling original ioctl: 8 3224913486 140736303988960
[2026-09-08 16:52:07][warning][3750539] Calling original ioctl: 8 3224389163 140736303990688
[2026-09-08 16:52:07][warning][3750539] Calling original ioctl: 8 3223340586 140736303986720
[2026-09-08 16:52:07][warning][3750539] Calling original ioctl: 8 3224389163 140736303990976
[2026-09-08 16:52:07][warning][3750539] Calling original ioctl: 8 3223340586 140736303986656
[2026-09-08 16:52:07][warning][3750539] Calling original ioctl: 8 3223340586 140736303986736
[2026-09-08 16:52:07][warning][3750539] Calling original ioctl: 8 3223340586 140736303986736
[2026-09-08 16:52:07][warning][3750539] Calling original ioctl: 9 27 140736303992656
[2026-09-08 16:52:07][warning][3750539] Calling original ioctl: 9 27 140736303992656
[2026-09-08 16:52:07][warning][3750539] Calling original ioctl: 9 27 140736303992656
[2026-09-08 16:52:07][warning][3750539] Calling original ioctl: 9 27 140736303992656
[2026-09-08 16:52:07][warning][3750539] Calling original ioctl: 9 27 140736303992656
[2026-09-08 16:52:07][warning][3750539] Calling original ioctl: 9 27 140736303992656
[2026-09-08 16:52:07][warning][3750539] Calling original ioctl: 9 27 140736303992656
[2026-09-08 16:52:07][warning][3750539] Calling original ioctl: 9 27 140736303992656
[2026-09-08 16:52:07][warning][3750539] Calling original ioctl: 8 3223340586 140736303988320
[2026-09-08 16:52:07][warning][3750539] Calling original ioctl: 17 3221505737 140736303992416
[2026-09-08 16:52:07][warning][3750539] Calling original ioctl: 17 3222292174 140736303992400
[2026-09-08 16:52:07][warning][3750539] Calling original ioctl: 17 3224389163 140736303992384
[2026-09-08 16:52:07][warning][3750539] Calling original ioctl: 8 3224389163 140736303992224
[2026-09-08 16:52:07][warning][3750539] Calling original ioctl: 8 3224389163 140736303988832
[2026-09-08 16:52:07][warning][3750539] Calling original ioctl: 8 3223340586 140736303984416
[2026-09-08 16:52:07][warning][3750539] Calling original ioctl: 8 3224913486 140736303988960
[2026-09-08 16:52:07][warning][3750539] Calling original ioctl: 8 3224389163 140736303990688
[2026-09-08 16:52:07][warning][3750539] Calling original ioctl: 8 3223340586 140736303986720
[2026-09-08 16:52:07][warning][3750539] Calling original ioctl: 8 3224389163 140736303990976
[2026-09-08 16:52:07][warning][3750539] Calling original ioctl: 8 3223340586 140736303986656
[2026-09-08 16:52:07][warning][3750539] Calling original ioctl: 8 3223340586 140736303986736
[2026-09-08 16:52:07][warning][3750539] Calling original ioctl: 8 3224389163 140736303988832
[2026-09-08 16:52:07][warning][3750539] Calling original ioctl: 8 3223340586 140736303984416
[2026-09-08 16:52:07][warning][3750539] Calling original ioctl: 8 3224913486 140736303988960
[2026-09-08 16:52:07][warning][3750539] Calling original ioctl: 8 3224389163 140736303990688
[2026-09-08 16:52:07][warning][3750539] Calling original ioctl: 8 3223340586 140736303986720
[2026-09-08 16:52:07][warning][3750539] Calling original ioctl: 8 3224389163 140736303990976
[2026-09-08 16:52:07][warning][3750539] Calling original ioctl: 8 3223340586 140736303986656
[2026-09-08 16:52:07][warning][3750539] Calling original ioctl: 8 3223340586 140736303986736
[2026-09-08 16:52:07][warning][3750539] Calling original ioctl: 8 3224389163 140736303988832
[2026-09-08 16:52:07][warning][3750539] Calling original ioctl: 8 3223340586 140736303984416
[2026-09-08 16:52:07][warning][3750539] Calling original ioctl: 8 3224913486 140736303988960
[2026-09-08 16:52:07][warning][3750539] Calling original ioctl: 8 3224389163 140736303990688
[2026-09-08 16:52:07][warning][3750539] Calling original ioctl: 8 3223340586 140736303986720
[2026-09-08 16:52:07][warning][3750539] Calling original ioctl: 8 3224389163 140736303990976
[2026-09-08 16:52:07][warning][3750539] Calling original ioctl: 8 3223340586 140736303986656
[2026-09-08 16:52:07][warning][3750539] Calling original ioctl: 8 3223340586 140736303986736
[2026-09-08 16:52:07][warning][3750539] Calling original ioctl: 8 3224389163 140736303988832
[2026-09-08 16:52:07][warning][3750539] Calling original ioctl: 8 3223340586 140736303984416
[2026-09-08 16:52:07][warning][3750539] Calling original ioctl: 8 3224913486 140736303988960
[2026-09-08 16:52:07][warning][3750539] Calling original ioctl: 8 3224389163 140736303990688
[2026-09-08 16:52:07][warning][3750539] Calling original ioctl: 8 3223340586 140736303986720
[2026-09-08 16:52:07][warning][3750539] Calling original ioctl: 8 3224389163 140736303990976
[2026-09-08 16:52:07][warning][3750539] Calling original ioctl: 8 3223340586 140736303986656
[2026-09-08 16:52:07][warning][3750539] Calling original ioctl: 8 3223340586 140736303986736
[2026-09-08 16:52:07][warning][3750539] Calling original ioctl: 9 27 140736303992656
[2026-09-08 16:52:07][warning][3750539] Calling original ioctl: 9 27 140736303992656
[2026-09-08 16:52:07][warning][3750539] Calling original ioctl: 9 27 140736303992656
[2026-09-08 16:52:07][warning][3750539] Calling original ioctl: 9 27 140736303992656
[2026-09-08 16:52:07][warning][3750539] Calling original ioctl: 8 3223340586 140736303988320
[2026-09-08 16:52:07][warning][3750539] Calling original ioctl: 19 3221505737 140736303992416
[2026-09-08 16:52:07][warning][3750539] Calling original ioctl: 19 3222292174 140736303992400
[2026-09-08 16:52:07][warning][3750539] Calling original ioctl: 19 3224389163 140736303992384
[2026-09-08 16:52:07][warning][3750539] Calling original ioctl: 8 3224389163 140736303992224
[2026-09-08 16:52:07][warning][3750539] Calling original ioctl: 8 3224389163 140736303988832
[2026-09-08 16:52:07][warning][3750539] Calling original ioctl: 8 3223340586 140736303984416
[2026-09-08 16:52:07][warning][3750539] Calling original ioctl: 8 3224913486 140736303988960
[2026-09-08 16:52:07][warning][3750539] Calling original ioctl: 8 3224389163 140736303990688
[2026-09-08 16:52:07][warning][3750539] Calling original ioctl: 8 3223340586 140736303986720
[2026-09-08 16:52:07][warning][3750539] Calling original ioctl: 8 3224389163 140736303990976
[2026-09-08 16:52:07][warning][3750539] Calling original ioctl: 8 3223340586 140736303986656
[2026-09-08 16:52:07][warning][3750539] Calling original ioctl: 8 3223340586 140736303986736
[2026-09-08 16:52:07][warning][3750539] Calling original ioctl: 8 3224389163 140736303988832
[2026-09-08 16:52:07][warning][3750539] Calling original ioctl: 8 3223340586 140736303984416
[2026-09-08 16:52:07][warning][3750539] Calling original ioctl: 8 3224913486 140736303988960
[2026-09-08 16:52:07][warning][3750539] Calling original ioctl: 8 3224389163 140736303990688
[2026-09-08 16:52:07][warning][3750539] Calling original ioctl: 8 3223340586 140736303986720
[2026-09-08 16:52:07][warning][3750539] Calling original ioctl: 8 3224389163 140736303990976
[2026-09-08 16:52:07][warning][3750539] Calling original ioctl: 8 3223340586 140736303986656
[2026-09-08 16:52:07][warning][3750539] Calling original ioctl: 8 3223340586 140736303986736
[2026-09-08 16:52:07][warning][3750539] Calling original ioctl: 8 3224389163 140736303988832
[2026-09-08 16:52:07][warning][3750539] Calling original ioctl: 8 3223340586 140736303984416
[2026-09-08 16:52:07][warning][3750539] Calling original ioctl: 8 3224913486 140736303988960
[2026-09-08 16:52:07][warning][3750539] Calling original ioctl: 8 3224389163 140736303990688
[2026-09-08 16:52:07][warning][3750539] Calling original ioctl: 8 3223340586 140736303986720
[2026-09-08 16:52:07][warning][3750539] Calling original ioctl: 8 3224389163 140736303990976
[2026-09-08 16:52:07][warning][3750539] Calling original ioctl: 8 3223340586 140736303986656
[2026-09-08 16:52:07][warning][3750539] Calling original ioctl: 8 3223340586 140736303986736
[2026-09-08 16:52:07][warning][3750539] Calling original ioctl: 8 3224389163 140736303988832
[2026-09-08 16:52:07][warning][3750539] Calling original ioctl: 8 3223340586 140736303984416
[2026-09-08 16:52:07][warning][3750539] Calling original ioctl: 8 3224913486 140736303988960
[2026-09-08 16:52:07][warning][3750539] Calling original ioctl: 8 3224389163 140736303990688
[2026-09-08 16:52:07][warning][3750539] Calling original ioctl: 8 3223340586 140736303986720
[2026-09-08 16:52:07][warning][3750539] Calling original ioctl: 8 3224389163 140736303990976
[2026-09-08 16:52:07][warning][3750539] Calling original ioctl: 8 3223340586 140736303986656
[2026-09-08 16:52:07][warning][3750539] Calling original ioctl: 8 3223340586 140736303986736
[2026-09-08 16:52:07][warning][3750539] Calling original ioctl: 9 27 140736303992656
[2026-09-08 16:52:07][warning][3750539] Calling original ioctl: 9 27 140736303992656
[2026-09-08 16:52:07][warning][3750539] Calling original ioctl: 9 27 140736303992656
[2026-09-08 16:52:07][warning][3750539] Calling original ioctl: 9 27 140736303992656
[2026-09-08 16:52:07][warning][3750539] Calling original ioctl: 8 3223340586 140736303988320
[2026-09-08 16:52:07][warning][3750539] Calling original ioctl: 21 3221505737 140736303992416
[2026-09-08 16:52:07][warning][3750539] Calling original ioctl: 21 3222292174 140736303992400
[2026-09-08 16:52:07][warning][3750539] Calling original ioctl: 21 3224389163 140736303992384
[2026-09-08 16:52:07][warning][3750539] Calling original ioctl: 8 3224389163 140736303989856
[2026-09-08 16:52:07][warning][3750539] Calling original ioctl: 8 3223340586 140736303985440
[2026-09-08 16:52:07][warning][3750539] Calling original ioctl: 8 3224913486 140736303989984
[2026-09-08 16:52:07][warning][3750539] Calling original ioctl: 9 73 140736303989040
[2026-09-08 16:52:07][warning][3750539] Calling original ioctl: 9 33 140736303979808
[2026-09-08 16:52:07][warning][3750539] Calling original ioctl: 8 3224389163 140736303990160
[2026-09-08 16:52:07][warning][3750539] Calling original ioctl: 9 73 140736303989344
[2026-09-08 16:52:07][warning][3750539] Calling original ioctl: 9 33 140736303980112
[2026-09-08 16:52:07][warning][3750539] Calling original ioctl: 9 68 140736303979504
[2026-09-08 16:52:07][warning][3750539] Calling original ioctl: 9 72 140736303988608
[2026-09-08 16:52:07][warning][3750539] Calling original ioctl: 9 23 140736303992960
[2026-09-08 16:52:07][warning][3750539] Calling original ioctl: 9 23 140736303992960
[2026-09-08 16:52:07][warning][3750539] Calling original ioctl: 9 23 140736303992960
[2026-09-08 16:52:07][warning][3750539] Calling original ioctl: 9 23 140736303992960
[2026-09-08 16:52:07][warning][3750539] Calling original ioctl: 8 3224389163 140736303990160
[2026-09-08 16:52:07][warning][3750539] Calling original ioctl: 9 73 140736303989344
[2026-09-08 16:52:07][warning][3750539] Calling original ioctl: 9 33 140736303980112
[2026-09-08 16:52:07][warning][3750539] Calling original ioctl: 9 23 140736303992960
[2026-09-08 16:52:07][warning][3750539] Calling original ioctl: 9 23 140736303992960
[2026-09-08 16:52:07][warning][3750539] Calling original ioctl: 9 23 140736303992960
[2026-09-08 16:52:07][warning][3750539] Calling original ioctl: 8 3224389163 140736303989584
[2026-09-08 16:52:07][warning][3750539] Calling original ioctl: 8 3223340586 140736303985168
[2026-09-08 16:52:07][warning][3750539] Calling original ioctl: 8 3224913486 140736303989712
[2026-09-08 16:52:07][warning][3750539] Calling original ioctl: 9 73 140736303988768
[2026-09-08 16:52:07][warning][3750539] Calling original ioctl: 9 33 140736303979536
[2026-09-08 16:52:07][warning][3750539] Calling original ioctl: 12 3224913447 140736303989568
[2026-09-08 16:52:07][warning][3750539] Calling original ioctl: 9 73 140736303988768
[2026-09-08 16:52:07][warning][3750539] Calling original ioctl: 9 33 140736303979536
[2026-09-08 16:52:07][warning][3750539] Calling original ioctl: 8 3224389163 140736303990448
[2026-09-08 16:52:07][warning][3750539] Calling original ioctl: 9 73 140736303989632
[2026-09-08 16:52:07][warning][3750539] Calling original ioctl: 9 33 140736303980400
[2026-09-08 16:52:07][warning][3750539] Calling original ioctl: 12 3224913447 140736303989824
[2026-09-08 16:52:07][warning][3750539] Calling original ioctl: 9 73 140736303989024
[2026-09-08 16:52:07][warning][3750539] Calling original ioctl: 9 33 140736303979792
[2026-09-08 16:52:07][warning][3750539] Calling original ioctl: 8 3224389163 140736303989840
[2026-09-08 16:52:07][warning][3750539] Calling original ioctl: 9 73 140736303989024
[2026-09-08 16:52:07][warning][3750539] Calling original ioctl: 9 33 140736303979792
[2026-09-08 16:52:07][warning][3750539] Calling original ioctl: 9 65 140736303990112
[2026-09-08 16:52:07][warning][3750539] Calling original ioctl: 12 3224913447 140736303990928
[2026-09-08 16:52:07][warning][3750539] Calling original ioctl: 9 73 140736303990128
[2026-09-08 16:52:07][warning][3750539] Calling original ioctl: 9 33 140736303980896
[2026-09-08 16:52:07][warning][3750539] Calling original ioctl: 8 3224389163 140736303990944
[2026-09-08 16:52:07][warning][3750539] Calling original ioctl: 9 73 140736303990128
[2026-09-08 16:52:07][warning][3750539] Calling original ioctl: 9 33 140736303980896
[2026-09-08 16:52:07][warning][3750539] Calling original ioctl: 8 3224389163 140736303990512
[2026-09-08 16:52:07][warning][3750539] Calling original ioctl: 8 3223340586 140736303986096
[2026-09-08 16:52:07][warning][3750539] Calling original ioctl: 8 3224913486 140736303990640
[2026-09-08 16:52:07][warning][3750539] Calling original ioctl: 9 73 140736303989696
[2026-09-08 16:52:07][warning][3750539] Calling original ioctl: 9 33 140736303980464
[2026-09-08 16:52:07][warning][3750539] Calling original ioctl: 8 3224389163 140736303988224
[2026-09-08 16:52:07][warning][3750539] Calling original ioctl: 9 73 140736303987408
[2026-09-08 16:52:07][warning][3750539] Calling original ioctl: 9 33 140736303978176
[2026-09-08 16:52:07][warning][3750539] Calling original ioctl: 8 3224389163 140736303988144
[2026-09-08 16:52:07][warning][3750539] Calling original ioctl: 9 73 140736303987328
[2026-09-08 16:52:07][warning][3750539] Calling original ioctl: 9 33 140736303978096
[2026-09-08 16:52:07][warning][3750539] Calling original ioctl: 8 3224389163 140736303988144
[2026-09-08 16:52:07][warning][3750539] Calling original ioctl: 9 73 140736303987328
[2026-09-08 16:52:07][warning][3750539] Calling original ioctl: 9 33 140736303978096
[2026-09-08 16:52:07][warning][3750539] Calling original ioctl: 12 3224913447 140736303990480
[2026-09-08 16:52:07][warning][3750539] Calling original ioctl: 9 73 140736303989680
[2026-09-08 16:52:07][warning][3750539] Calling original ioctl: 9 33 140736303980448
[2026-09-08 16:52:07][warning][3750539] Calling original ioctl: 8 3224389163 140736303993088
[2026-09-08 16:52:07][warning][3750539] Calling original ioctl: 8 3224389163 140736303989984
[2026-09-08 16:52:07][warning][3750539] Calling original ioctl: 8 3223340586 140736303985568
[2026-09-08 16:52:07][warning][3750539] Calling original ioctl: 8 3224913486 140736303990112
[2026-09-08 16:52:07][warning][3750539] Calling original ioctl: 9 73 140736303989168
[2026-09-08 16:52:07][warning][3750539] Calling original ioctl: 9 33 140736303979936
[2026-09-08 16:52:07][warning][3750539] Calling original ioctl: 8 3224389163 140736303990304
[2026-09-08 16:52:07][warning][3750539] Calling original ioctl: 9 73 140736303989488
[2026-09-08 16:52:07][warning][3750539] Calling original ioctl: 9 33 140736303980256
[2026-09-08 16:52:07][warning][3750539] Calling original ioctl: 8 3224389163 140736303990304
[2026-09-08 16:52:07][warning][3750539] Calling original ioctl: 9 73 140736303989488
[2026-09-08 16:52:07][warning][3750539] Calling original ioctl: 9 33 140736303980256
[2026-09-08 16:52:07][warning][3750539] Calling original ioctl: 24 3221505737 140736303992752
[2026-09-08 16:52:07][warning][3750539] Calling original ioctl: 24 3222292174 140736303992736
[2026-09-08 16:52:07][warning][3750539] Calling original ioctl: 24 3224389163 140736303992720
[2026-09-08 16:52:07][warning][3750539] Calling original ioctl: 26 3221505737 140736303992752
[2026-09-08 16:52:07][warning][3750539] Calling original ioctl: 26 3222292174 140736303992736
[2026-09-08 16:52:07][warning][3750539] Calling original ioctl: 26 3224389163 140736303992720
[2026-09-08 16:52:07][warning][3750539] Calling original ioctl: 28 3221505737 140736303992752
[2026-09-08 16:52:07][warning][3750539] Calling original ioctl: 28 3222292174 140736303992736
[2026-09-08 16:52:07][warning][3750539] Calling original ioctl: 28 3224389163 140736303992720
[2026-09-08 16:52:07][warning][3750539] Calling original ioctl: 30 3221505737 140736303992752
[2026-09-08 16:52:07][warning][3750539] Calling original ioctl: 30 3222292174 140736303992736
[2026-09-08 16:52:07][warning][3750539] Calling original ioctl: 30 3224389163 140736303992720
[2026-09-08 16:52:07][warning][3750539] Calling original ioctl: 8 3223340586 140736303988464
[2026-09-08 16:52:07][warning][3750539] Calling original ioctl: 8 3223340586 140736303988640
[2026-09-08 16:52:07][warning][3750539] Calling original ioctl: 8 3223340586 140736303988800
[2026-09-08 16:52:07][warning][3750539] Calling original ioctl: 8 3224389163 140736303990272
[2026-09-08 16:52:07][warning][3750539] Calling original ioctl: 9 73 140736303989456
[2026-09-08 16:52:07][warning][3750539] Calling original ioctl: 9 33 140736303980224
[2026-09-08 16:52:07][warning][3750539] Calling original ioctl: 8 3223340586 140736303988800
libbpf: loading object 'full_record_device_buffer_bpf' from buffer
libbpf: elf: section(2) .symtab, size 240, link 1, flags 0, type=2
libbpf: elf: section(3) kretprobe/_Z9rope_normILb1ELb0Ef6__halfEvPKT1_PT2_iiiiiPKifff14rope_corr_dimsfPKfPKli, size 1152, link 0, flags 6, type=1
libbpf: sec 'kretprobe/_Z9rope_normILb1ELb0Ef6__halfEvPKT1_PT2_iiiiiPKifff14rope_corr_dimsfPKfPKli': found program 'cuda__retprobe' at insn offset 0 (0 bytes), code size 144 insns (1152 bytes)
libbpf: elf: section(4) .maps, size 32, link 0, flags 3, type=1
libbpf: elf: section(5) license, size 4, link 0, flags 3, type=1
libbpf: license of full_record_device_buffer_bpf is GPL
libbpf: elf: section(6) .relkretprobe/_Z9rope_normILb1ELb0Ef6__halfEvPKT1_PT2_iiiiiPKifff14rope_corr_dimsfPKfPKli, size 32, link 2, flags 40, type=9
libbpf: elf: section(7) .BTF, size 2852, link 0, flags 0, type=1
libbpf: elf: section(8) .BTF.ext, size 1200, link 0, flags 0, type=1
libbpf: looking for externs among 10 symbols...
libbpf: collected 0 externs total
libbpf: map 'arena': at sec_idx 4, offset 0.
libbpf: map 'arena': found type = 1503.
libbpf: map 'arena': found key [8], sz = 4.
libbpf: map 'arena': found value [12], sz = 335675408.
libbpf: map 'arena': found max_entries = 32.
libbpf: sec '.relkretprobe/_Z9rope_normILb1ELb0Ef6__halfEvPKT1_PT2_iiiiiPKifff14rope_corr_dimsfPKfPKli': collecting relocation for section(3) 'kretprobe/_Z9rope_normILb1ELb0Ef6__halfEvPKT1_PT2_iiiiiPKifff14rope_corr_dimsfPKfPKli'
libbpf: sec '.relkretprobe/_Z9rope_normILb1ELb0Ef6__halfEvPKT1_PT2_iiiiiPKifff14rope_corr_dimsfPKfPKli': relo #0: insn #71 against 'arena'
libbpf: prog 'cuda__retprobe': found map 0 (arena, sec 4, off 0) for insn #71
libbpf: sec '.relkretprobe/_Z9rope_normILb1ELb0Ef6__halfEvPKT1_PT2_iiiiiPKifff14rope_corr_dimsfPKfPKli': relo #1: insn #85 against 'arena'
libbpf: prog 'cuda__retprobe': found map 0 (arena, sec 4, off 0) for insn #85
libbpf: object 'full_record_dev': failed (-EACCES) to open BPF FS mount at '/sys/fs/bpf', skipping optional step...
libbpf: Kernel doesn't support BTF, skipping uploading it.
libbpf: map 'arena': created successfully, fd=34
Full-record bank count: 32
Full-record slots per bank: 16384
Full-record total slots: 524288
Full-record records per slot: 256
Full-record record bytes: 80
Full-record layout: field-major SoA
Full-record value bytes (per bank): 335675408
Full-record probe attached; waiting for SIGINT
[2026-09-08 16:52:23][warning][3750586] Calling original ioctl: 8 3223340586 137702717634160
[2026-09-08 16:53:08][warning][3750539] Calling original ioctl: 8 3223340586 140736303983552
Full-record drain bytes: 10741613056
Full-record drain time ns: 1533567321
Full-record committed records: 23068672
Full-record active slots: 524288
Full-record overflow records: 0
Full-record out-of-range threads: 0
Full-record nonzero timestamps: 23068672
[2026-09-08 16:53:10][warning][3750539] Calling original ioctl: 9 34 140736303993552
[2026-09-08 16:53:10][warning][3750539] Calling original ioctl: 8 3222292009 140736303993712
[2026-09-08 16:53:10][warning][3750539] Calling original ioctl: 9 34 140736303994400
[2026-09-08 16:53:10][warning][3750539] Calling original ioctl: 8 3222292009 140736303994560
[2026-09-08 16:53:10][warning][3750539] Calling original ioctl: 9 34 140736303994400
[2026-09-08 16:53:10][warning][3750539] Calling original ioctl: 8 3222292009 140736303994560
[2026-09-08 16:53:10][warning][3750539] Calling original ioctl: 8 3222292009 140736303995280
[2026-09-08 16:53:10][warning][3750539] Calling original ioctl: 26 3222292175 140736303995296
[2026-09-08 16:53:10][warning][3750539] Calling original ioctl: 8 3222292009 140736303995280
[2026-09-08 16:53:10][warning][3750539] Calling original ioctl: 28 3222292175 140736303995296
[2026-09-08 16:53:10][warning][3750539] Calling original ioctl: 8 3222292009 140736303995280
[2026-09-08 16:53:10][warning][3750539] Calling original ioctl: 24 3222292175 140736303995296
[2026-09-08 16:53:10][warning][3750539] Calling original ioctl: 8 3222292009 140736303995280
[2026-09-08 16:53:10][warning][3750539] Calling original ioctl: 30 3222292175 140736303995296
[2026-09-08 16:53:10][warning][3750539] Calling original ioctl: 9 34 140736303994304
[2026-09-08 16:53:10][warning][3750539] Calling original ioctl: 8 3222292009 140736303994464
[2026-09-08 16:53:10][warning][3750539] Calling original ioctl: 9 34 140736303994304
[2026-09-08 16:53:10][warning][3750539] Calling original ioctl: 8 3222292009 140736303994464
[2026-09-08 16:53:10][warning][3750539] Calling original ioctl: 9 34 140736303994432
[2026-09-08 16:53:10][warning][3750539] Calling original ioctl: 8 3223340623 140736303994640
[2026-09-08 16:53:10][warning][3750539] Calling original ioctl: 8 3222292009 140736303994592
[2026-09-08 16:53:10][warning][3750539] Calling original ioctl: 8 3222292009 140736303995360
[2026-09-08 16:53:10][warning][3750539] Calling original ioctl: 9 34 140736303994416
[2026-09-08 16:53:10][warning][3750539] Calling original ioctl: 8 3222292009 140736303994576
[2026-09-08 16:53:10][warning][3750539] Calling original ioctl: 9 34 140736303994416
[2026-09-08 16:53:10][warning][3750539] Calling original ioctl: 8 3223340623 140736303994624
[2026-09-08 16:53:10][warning][3750539] Calling original ioctl: 8 3222292009 140736303994576
[2026-09-08 16:53:10][warning][3750539] Calling original ioctl: 8 3223340586 140736303990288
[2026-09-08 16:53:10][warning][3750539] Calling original ioctl: 9 34 140736303994240
[2026-09-08 16:53:10][warning][3750539] Calling original ioctl: 8 3222292009 140736303994400
[2026-09-08 16:53:10][warning][3750539] Calling original ioctl: 8 3223340586 140736303990288
[2026-09-08 16:53:10][warning][3750539] Calling original ioctl: 9 34 140736303994240
[2026-09-08 16:53:10][warning][3750539] Calling original ioctl: 8 3222292009 140736303994400
[2026-09-08 16:53:10][warning][3750539] Calling original ioctl: 8 3223340586 140736303990288
[2026-09-08 16:53:10][warning][3750539] Calling original ioctl: 9 34 140736303994240
[2026-09-08 16:53:10][warning][3750539] Calling original ioctl: 8 3222292009 140736303994400
[2026-09-08 16:53:10][warning][3750539] Calling original ioctl: 8 3223340586 140736303991184
[2026-09-08 16:53:10][warning][3750539] Calling original ioctl: 9 34 140736303994464
[2026-09-08 16:53:10][warning][3750539] Calling original ioctl: 9 34 140736303994464
[2026-09-08 16:53:10][warning][3750539] Calling original ioctl: 8 3222292009 140736303994624
[2026-09-08 16:53:10][warning][3750539] Calling original ioctl: 9 34 140736303994464
[2026-09-08 16:53:10][warning][3750539] Calling original ioctl: 8 3222292009 140736303994624
[2026-09-08 16:53:10][warning][3750539] Calling original ioctl: 9 34 140736303994416
[2026-09-08 16:53:10][warning][3750539] Calling original ioctl: 8 3223340623 140736303994624
[2026-09-08 16:53:10][warning][3750539] Calling original ioctl: 8 3222292009 140736303994576
[2026-09-08 16:53:10][warning][3750539] Calling original ioctl: 9 24 140736303995456
[2026-09-08 16:53:10][warning][3750539] Calling original ioctl: 9 24 140736303995456
[2026-09-08 16:53:10][warning][3750539] Calling original ioctl: 9 24 140736303995488
[2026-09-08 16:53:10][warning][3750539] Calling original ioctl: 9 24 140736303995456
[2026-09-08 16:53:10][warning][3750539] Calling original ioctl: 9 24 140736303995456
[2026-09-08 16:53:10][warning][3750539] Calling original ioctl: 9 24 140736303995456
[2026-09-08 16:53:10][warning][3750539] Calling original ioctl: 9 24 140736303995456
[2026-09-08 16:53:10][warning][3750539] Calling original ioctl: 9 34 140736303994352
[2026-09-08 16:53:10][warning][3750539] Calling original ioctl: 8 3222292009 140736303994512
[2026-09-08 16:53:10][warning][3750539] Calling original ioctl: 9 34 140736303994352
[2026-09-08 16:53:10][warning][3750539] Calling original ioctl: 8 3222292009 140736303994512
[2026-09-08 16:53:10][warning][3750539] Calling original ioctl: 9 34 140736303994464
[2026-09-08 16:53:10][warning][3750539] Calling original ioctl: 8 3222292009 140736303994624
[2026-09-08 16:53:10][warning][3750539] Calling original ioctl: 8 3222292009 140736303995200
[2026-09-08 16:53:10][warning][3750539] Calling original ioctl: 17 3222292175 140736303995216
[2026-09-08 16:53:10][warning][3750539] Calling original ioctl: 9 28 140736303995328
[2026-09-08 16:53:10][warning][3750539] Calling original ioctl: 9 28 140736303995328
[2026-09-08 16:53:10][warning][3750539] Calling original ioctl: 9 28 140736303995328
[2026-09-08 16:53:10][warning][3750539] Calling original ioctl: 9 28 140736303995328
[2026-09-08 16:53:10][warning][3750539] Calling original ioctl: 9 28 140736303995328
[2026-09-08 16:53:10][warning][3750539] Calling original ioctl: 9 28 140736303995328
[2026-09-08 16:53:10][warning][3750539] Calling original ioctl: 9 28 140736303995328
[2026-09-08 16:53:10][warning][3750539] Calling original ioctl: 9 28 140736303995328
[2026-09-08 16:53:10][warning][3750539] Calling original ioctl: 8 3222292009 140736303995088
[2026-09-08 16:53:10][warning][3750539] Calling original ioctl: 8 3222292009 140736303995088
[2026-09-08 16:53:10][warning][3750539] Calling original ioctl: 8 3222292009 140736303995136
[2026-09-08 16:53:10][warning][3750539] Calling original ioctl: 8 3223340623 140736303994400
[2026-09-08 16:53:10][warning][3750539] Calling original ioctl: 8 3222292009 140736303994352
[2026-09-08 16:53:10][warning][3750539] Calling original ioctl: 8 3222292009 140736303995088
[2026-09-08 16:53:10][warning][3750539] Calling original ioctl: 8 3222292009 140736303995136
[2026-09-08 16:53:10][warning][3750539] Calling original ioctl: 8 3223340623 140736303994400
[2026-09-08 16:53:10][warning][3750539] Calling original ioctl: 8 3222292009 140736303994352
[2026-09-08 16:53:10][warning][3750539] Calling original ioctl: 8 3222292009 140736303995088
[2026-09-08 16:53:10][warning][3750539] Calling original ioctl: 8 3222292009 140736303995088
[2026-09-08 16:53:10][warning][3750539] Calling original ioctl: 8 3222292009 140736303995136
[2026-09-08 16:53:10][warning][3750539] Calling original ioctl: 8 3223340623 140736303994400
[2026-09-08 16:53:10][warning][3750539] Calling original ioctl: 8 3222292009 140736303994352
[2026-09-08 16:53:10][warning][3750539] Calling original ioctl: 8 3222292009 140736303995088
[2026-09-08 16:53:10][warning][3750539] Calling original ioctl: 8 3222292009 140736303995136
[2026-09-08 16:53:10][warning][3750539] Calling original ioctl: 8 3223340623 140736303994400
[2026-09-08 16:53:10][warning][3750539] Calling original ioctl: 8 3222292009 140736303994352
[2026-09-08 16:53:10][warning][3750539] Calling original ioctl: 8 3222292009 140736303995088
[2026-09-08 16:53:10][warning][3750539] Calling original ioctl: 8 3222292009 140736303995088
[2026-09-08 16:53:10][warning][3750539] Calling original ioctl: 8 3222292009 140736303995136
[2026-09-08 16:53:10][warning][3750539] Calling original ioctl: 8 3223340623 140736303994400
[2026-09-08 16:53:10][warning][3750539] Calling original ioctl: 8 3222292009 140736303994352
[2026-09-08 16:53:10][warning][3750539] Calling original ioctl: 8 3222292009 140736303995088
[2026-09-08 16:53:10][warning][3750539] Calling original ioctl: 8 3222292009 140736303995136
[2026-09-08 16:53:10][warning][3750539] Calling original ioctl: 8 3223340623 140736303994400
[2026-09-08 16:53:10][warning][3750539] Calling original ioctl: 8 3222292009 140736303994352
[2026-09-08 16:53:10][warning][3750539] Calling original ioctl: 8 3222292009 140736303995088
[2026-09-08 16:53:10][warning][3750539] Calling original ioctl: 8 3222292009 140736303995088
[2026-09-08 16:53:10][warning][3750539] Calling original ioctl: 8 3222292009 140736303995136
[2026-09-08 16:53:10][warning][3750539] Calling original ioctl: 8 3223340623 140736303994400
[2026-09-08 16:53:10][warning][3750539] Calling original ioctl: 8 3222292009 140736303994352
[2026-09-08 16:53:10][warning][3750539] Calling original ioctl: 8 3222292009 140736303995088
[2026-09-08 16:53:10][warning][3750539] Calling original ioctl: 8 3222292009 140736303995136
[2026-09-08 16:53:10][warning][3750539] Calling original ioctl: 8 3223340623 140736303994400
[2026-09-08 16:53:10][warning][3750539] Calling original ioctl: 8 3222292009 140736303994352
[2026-09-08 16:53:10][warning][3750539] Calling original ioctl: 8 3222292009 140736303995264
[2026-09-08 16:53:10][warning][3750539] Calling original ioctl: 8 3222292009 140736303995232
[2026-09-08 16:53:10][warning][3750539] Calling original ioctl: 8 3222292009 140736303995200
[2026-09-08 16:53:10][warning][3750539] Calling original ioctl: 19 3222292175 140736303995216
[2026-09-08 16:53:10][warning][3750539] Calling original ioctl: 9 28 140736303995328
[2026-09-08 16:53:10][warning][3750539] Calling original ioctl: 9 28 140736303995328
[2026-09-08 16:53:10][warning][3750539] Calling original ioctl: 9 28 140736303995328
[2026-09-08 16:53:10][warning][3750539] Calling original ioctl: 9 28 140736303995328
[2026-09-08 16:53:10][warning][3750539] Calling original ioctl: 8 3222292009 140736303995088
[2026-09-08 16:53:10][warning][3750539] Calling original ioctl: 8 3222292009 140736303995136
[2026-09-08 16:53:10][warning][3750539] Calling original ioctl: 8 3223340623 140736303994400
[2026-09-08 16:53:10][warning][3750539] Calling original ioctl: 8 3222292009 140736303994352
[2026-09-08 16:53:10][warning][3750539] Calling original ioctl: 8 3222292009 140736303995088
[2026-09-08 16:53:10][warning][3750539] Calling original ioctl: 8 3222292009 140736303995136
[2026-09-08 16:53:10][warning][3750539] Calling original ioctl: 8 3223340623 140736303994400
[2026-09-08 16:53:10][warning][3750539] Calling original ioctl: 8 3222292009 140736303994352
[2026-09-08 16:53:10][warning][3750539] Calling original ioctl: 8 3222292009 140736303995088
[2026-09-08 16:53:10][warning][3750539] Calling original ioctl: 8 3222292009 140736303995136
[2026-09-08 16:53:10][warning][3750539] Calling original ioctl: 8 3223340623 140736303994400
[2026-09-08 16:53:10][warning][3750539] Calling original ioctl: 8 3222292009 140736303994352
[2026-09-08 16:53:10][warning][3750539] Calling original ioctl: 8 3222292009 140736303995088
[2026-09-08 16:53:10][warning][3750539] Calling original ioctl: 8 3222292009 140736303995136
[2026-09-08 16:53:10][warning][3750539] Calling original ioctl: 8 3223340623 140736303994400
[2026-09-08 16:53:10][warning][3750539] Calling original ioctl: 8 3222292009 140736303994352
[2026-09-08 16:53:10][warning][3750539] Calling original ioctl: 8 3222292009 140736303995232
[2026-09-08 16:53:10][warning][3750539] Calling original ioctl: 8 3222292009 140736303995200
[2026-09-08 16:53:10][warning][3750539] Calling original ioctl: 21 3222292175 140736303995216
[2026-09-08 16:53:10][warning][3750539] Calling original ioctl: 9 28 140736303995328
[2026-09-08 16:53:10][warning][3750539] Calling original ioctl: 9 28 140736303995328
[2026-09-08 16:53:10][warning][3750539] Calling original ioctl: 9 28 140736303995328
[2026-09-08 16:53:10][warning][3750539] Calling original ioctl: 9 28 140736303995328
[2026-09-08 16:53:10][warning][3750539] Calling original ioctl: 8 3222292009 140736303995088
[2026-09-08 16:53:10][warning][3750539] Calling original ioctl: 8 3222292009 140736303995136
[2026-09-08 16:53:10][warning][3750539] Calling original ioctl: 8 3223340623 140736303994400
[2026-09-08 16:53:10][warning][3750539] Calling original ioctl: 8 3222292009 140736303994352
[2026-09-08 16:53:10][warning][3750539] Calling original ioctl: 8 3222292009 140736303995088
[2026-09-08 16:53:10][warning][3750539] Calling original ioctl: 8 3222292009 140736303995136
[2026-09-08 16:53:10][warning][3750539] Calling original ioctl: 8 3223340623 140736303994400
[2026-09-08 16:53:10][warning][3750539] Calling original ioctl: 8 3222292009 140736303994352
[2026-09-08 16:53:10][warning][3750539] Calling original ioctl: 8 3222292009 140736303995088
[2026-09-08 16:53:10][warning][3750539] Calling original ioctl: 8 3222292009 140736303995136
[2026-09-08 16:53:10][warning][3750539] Calling original ioctl: 8 3223340623 140736303994400
[2026-09-08 16:53:10][warning][3750539] Calling original ioctl: 8 3222292009 140736303994352
[2026-09-08 16:53:10][warning][3750539] Calling original ioctl: 8 3222292009 140736303995088
[2026-09-08 16:53:10][warning][3750539] Calling original ioctl: 8 3222292009 140736303995136
[2026-09-08 16:53:10][warning][3750539] Calling original ioctl: 8 3223340623 140736303994400
[2026-09-08 16:53:10][warning][3750539] Calling original ioctl: 8 3222292009 140736303994352
[2026-09-08 16:53:10][warning][3750539] Calling original ioctl: 9 34 140736303994160
[2026-09-08 16:53:10][warning][3750539] Calling original ioctl: 8 3223340623 140736303994368
[2026-09-08 16:53:10][warning][3750539] Calling original ioctl: 8 3222292009 140736303994320
[2026-09-08 16:53:10][warning][3750539] Calling original ioctl: 9 34 140736303994160
[2026-09-08 16:53:10][warning][3750539] Calling original ioctl: 8 3223340623 140736303994368
[2026-09-08 16:53:10][warning][3750539] Calling original ioctl: 8 3222292009 140736303994320
[2026-09-08 16:53:10][warning][3750539] Calling original ioctl: 8 3222292009 140736303995232
[2026-09-08 16:53:10][warning][3750539] Calling original ioctl: 9 34 140736303994464
[2026-09-08 16:53:10][warning][3750539] Calling original ioctl: 8 3222292009 140736303994624
[2026-09-08 16:53:10][warning][3750539] Calling original ioctl: 9 34 140736303994368
[2026-09-08 16:53:10][warning][3750539] Calling original ioctl: 8 3222292009 140736303994528
[2026-09-08 16:53:10][warning][3750539] Calling original ioctl: 9 34 140736303994464
[2026-09-08 16:53:10][warning][3750539] Calling original ioctl: 8 3222292009 140736303994624
[2026-09-08 16:53:10][warning][3750539] Calling original ioctl: 9 34 140736303994416
[2026-09-08 16:53:10][warning][3750539] Calling original ioctl: 8 3222292009 140736303994576
[2026-09-08 16:53:10][warning][3750539] Calling original ioctl: 9 34 140736303994400
[2026-09-08 16:53:10][warning][3750539] Calling original ioctl: 8 3223340623 140736303994608
[2026-09-08 16:53:10][warning][3750539] Calling original ioctl: 8 3222292009 140736303994560
[2026-09-08 16:53:10][warning][3750539] Calling original ioctl: 9 34 140736303994400
[2026-09-08 16:53:10][warning][3750539] Calling original ioctl: 8 3223340623 140736303994608
[2026-09-08 16:53:10][warning][3750539] Calling original ioctl: 8 3222292009 140736303994560
[2026-09-08 16:53:10][warning][3750539] Calling original ioctl: 9 34 140736303994416
[2026-09-08 16:53:10][warning][3750539] Calling original ioctl: 8 3222292009 140736303994576
[2026-09-08 16:53:10][warning][3750539] Calling original ioctl: 9 34 140736303994416
[2026-09-08 16:53:10][warning][3750539] Calling original ioctl: 8 3222292009 140736303994576
[2026-09-08 16:53:10][warning][3750539] Calling original ioctl: 9 34 140736303994576
[2026-09-08 16:53:10][warning][3750539] Calling original ioctl: 8 3223340586 140736303991168
