2026-09-09T11:43:25-07:00
== extracting git revision f49289f0220931df78de948ed841ecbaf960a919 from /home/yunwei37/workspace/gpu/gpu_ext/workloads/xsched/deps/xsched (archive, read-only)
revision f49289f0220931df78de948ed841ecbaf960a919 extracted into /home/yunwei37/workspace/gpu/gpu_ext/workloads/xsched/level2-build/.output/native-source-prep-20260909.0Oy86H
== applying xsched-level2-sm120.patch (log: logs/xsched-level2-sm120.patch.log)
== applying xsched-native-diag700-instrument.patch (log: logs/xsched-native-diag700-instrument.patch.log)
== applying xsched-native-resume-allocation-padding.patch (log: logs/xsched-native-resume-allocation-padding.patch.log)
== applying xsched-native-original-entry-control.patch (log: logs/xsched-native-original-entry-control.patch.log)
   (fuzz recorded in the log; the chain's final file bytes are the check)
== applying xsched-native-window-args-relay.patch (log: logs/xsched-native-window-args-relay.patch.log)
== applying xsched-native-launch-error-propagation.patch (log: logs/xsched-native-launch-error-propagation.patch.log)
   (fuzz recorded in the log; the chain's final file bytes are the check)
== applying xsched-native-meta-extend.patch (log: logs/xsched-native-meta-extend.patch.log)
== applying xsched-native-level2-source-sync.patch (log: logs/xsched-native-level2-source-sync.patch.log)
== chain applied clean (all logs kept in /home/yunwei37/workspace/gpu/gpu_ext/workloads/xsched/level2-build/.output/native-source-prep-20260909.0Oy86H/logs/)
== cmp report against /home/yunwei37/workspace/gpu/gpu_ext/workloads/xsched/level2-build/.output/hal-native-20260908.i8na51/source (informational, not a gate)
MATCH   platforms/cuda/shim/include/xsched/cuda/shim/window_meta_extend.h
MATCH   platforms/cuda/shim/src/window_meta_extend.cpp
MATCH   platforms/cuda/shim/src/intercept.cpp
MATCH   platforms/cuda/shim/src/shim.cpp
MATCH   platforms/cuda/hal/src/common/cuda_command.cpp
MATCH   platforms/cuda/hal/src/level2/instrument.cpp
MATCH   platforms/cuda/hal/src/level2/cuda_queue.cpp
done: /home/yunwei37/workspace/gpu/gpu_ext/workloads/xsched/level2-build/.output/native-source-prep-20260909.0Oy86H
2026-09-09T11:43:25-07:00
