[2026-09-08 14:17:24][warning][3555385] Calling original ioctl: 8 3223340586 140727289520096
[2026-09-08 14:17:24][warning][3555385] Calling original ioctl: 8 3223340586 140727289520112
[2026-09-08 14:17:24][warning][3555385] Calling original ioctl: 8 3223340586 140727289520160
[2026-09-08 14:17:24][warning][3555385] Calling original ioctl: 9 25 140727289524480
[2026-09-08 14:17:24][warning][3555385] Calling original ioctl: 8 3224389163 140727289521744
[2026-09-08 14:17:24][warning][3555385] Calling original ioctl: 9 73 140727289520928
[2026-09-08 14:17:24][warning][3555385] Calling original ioctl: 9 33 140727289511696
[2026-09-08 14:17:24][warning][3555385] Calling original ioctl: 8 3224389163 140727289521424
[2026-09-08 14:17:24][warning][3555385] Calling original ioctl: 9 73 140727289520608
[2026-09-08 14:17:24][warning][3555385] Calling original ioctl: 9 33 140727289511376
[2026-09-08 14:17:24][warning][3555385] Calling original ioctl: 8 3224389163 140727289521424
[2026-09-08 14:17:24][warning][3555385] Calling original ioctl: 9 73 140727289520608
[2026-09-08 14:17:24][warning][3555385] Calling original ioctl: 9 33 140727289511376
[2026-09-08 14:17:24][warning][3555385] Calling original ioctl: 8 3224389163 140727289521920
[2026-09-08 14:17:24][warning][3555385] Calling original ioctl: 9 73 140727289521104
[2026-09-08 14:17:24][warning][3555385] Calling original ioctl: 9 33 140727289511872
[2026-09-08 14:17:24][warning][3555385] Calling original ioctl: 8 3224389163 140727289523600
[2026-09-08 14:17:24][warning][3555385] Calling original ioctl: 8 3224389163 140727289523584
[2026-09-08 14:17:24][warning][3555385] Calling original ioctl: 8 3224389163 140727289519824
[2026-09-08 14:17:24][warning][3555385] Calling original ioctl: 8 3223340586 140727289515408
[2026-09-08 14:17:24][warning][3555385] Calling original ioctl: 8 3224913486 140727289519952
[2026-09-08 14:17:24][warning][3555385] Calling original ioctl: 8 3223864926 140727289519904
[2026-09-08 14:17:24][warning][3555385] Calling original ioctl: 9 73 140727289519008
[2026-09-08 14:17:24][warning][3555385] Calling original ioctl: 9 33 140727289509776
[2026-09-08 14:17:24][warning][3555385] Calling original ioctl: 8 3224389163 140727289519360
[2026-09-08 14:17:24][warning][3555385] Calling original ioctl: 8 3223340586 140727289514944
[2026-09-08 14:17:24][warning][3555385] Calling original ioctl: 8 3224913486 140727289519488
[2026-09-08 14:17:24][warning][3555385] Calling original ioctl: 9 73 140727289518544
[2026-09-08 14:17:24][warning][3555385] Calling original ioctl: 9 33 140727289509312
[2026-09-08 14:17:24][warning][3555385] Calling original ioctl: 8 3224389163 140727289520208
[2026-09-08 14:17:24][warning][3555385] Calling original ioctl: 8 3223340586 140727289515792
[2026-09-08 14:17:24][warning][3555385] Calling original ioctl: 8 3224913486 140727289520336
[2026-09-08 14:17:24][warning][3555385] Calling original ioctl: 8 3224389163 140727289522064
[2026-09-08 14:17:24][warning][3555385] Calling original ioctl: 8 3223340586 140727289518096
[2026-09-08 14:17:24][warning][3555385] Calling original ioctl: 8 3224389163 140727289522352
[2026-09-08 14:17:24][warning][3555385] Calling original ioctl: 8 3223340586 140727289518032
[2026-09-08 14:17:24][warning][3555385] Calling original ioctl: 8 3224389163 140727289522352
[2026-09-08 14:17:24][warning][3555385] Calling original ioctl: 8 3223340586 140727289518032
[2026-09-08 14:17:24][warning][3555385] Calling original ioctl: 8 3223340586 140727289518112
[2026-09-08 14:17:24][warning][3555385] Calling original ioctl: 8 3223340586 140727289518112
[2026-09-08 14:17:24][warning][3555385] Calling original ioctl: 8 3224389163 140727289521008
[2026-09-08 14:17:24][warning][3555385] Calling original ioctl: 8 3223340586 140727289516592
[2026-09-08 14:17:24][warning][3555385] Calling original ioctl: 8 3224913486 140727289521136
[2026-09-08 14:17:24][warning][3555385] Calling original ioctl: 9 73 140727289520192
[2026-09-08 14:17:24][warning][3555385] Calling original ioctl: 9 33 140727289510960
[2026-09-08 14:17:24][warning][3555385] Calling original ioctl: 8 3224389163 140727289520208
[2026-09-08 14:17:24][warning][3555385] Calling original ioctl: 8 3223340586 140727289515792
[2026-09-08 14:17:24][warning][3555385] Calling original ioctl: 8 3224913486 140727289520336
[2026-09-08 14:17:24][warning][3555385] Calling original ioctl: 8 3224389163 140727289522064
[2026-09-08 14:17:24][warning][3555385] Calling original ioctl: 8 3223340586 140727289518096
[2026-09-08 14:17:24][warning][3555385] Calling original ioctl: 8 3224389163 140727289522352
[2026-09-08 14:17:24][warning][3555385] Calling original ioctl: 8 3223340586 140727289518032
[2026-09-08 14:17:24][warning][3555385] Calling original ioctl: 8 3223340586 140727289518112
[2026-09-08 14:17:24][warning][3555385] Calling original ioctl: 8 3223340586 140727289518112
[2026-09-08 14:17:24][warning][3555385] Calling original ioctl: 8 3224389163 140727289520208
[2026-09-08 14:17:24][warning][3555385] Calling original ioctl: 8 3223340586 140727289515792
[2026-09-08 14:17:24][warning][3555385] Calling original ioctl: 8 3224913486 140727289520336
[2026-09-08 14:17:24][warning][3555385] Calling original ioctl: 8 3224389163 140727289522064
[2026-09-08 14:17:24][warning][3555385] Calling original ioctl: 8 3223340586 140727289518096
[2026-09-08 14:17:24][warning][3555385] Calling original ioctl: 8 3224389163 140727289522352
[2026-09-08 14:17:24][warning][3555385] Calling original ioctl: 8 3223340586 140727289518032
[2026-09-08 14:17:24][warning][3555385] Calling original ioctl: 8 3224389163 140727289522352
[2026-09-08 14:17:24][warning][3555385] Calling original ioctl: 8 3223340586 140727289518032
[2026-09-08 14:17:24][warning][3555385] Calling original ioctl: 8 3223340586 140727289518112
[2026-09-08 14:17:24][warning][3555385] Calling original ioctl: 8 3223340586 140727289518112
[2026-09-08 14:17:24][warning][3555385] Calling original ioctl: 8 3224389163 140727289520208
[2026-09-08 14:17:24][warning][3555385] Calling original ioctl: 8 3223340586 140727289515792
[2026-09-08 14:17:24][warning][3555385] Calling original ioctl: 8 3224913486 140727289520336
[2026-09-08 14:17:24][warning][3555385] Calling original ioctl: 8 3224389163 140727289522064
[2026-09-08 14:17:24][warning][3555385] Calling original ioctl: 8 3223340586 140727289518096
[2026-09-08 14:17:24][warning][3555385] Calling original ioctl: 8 3224389163 140727289522352
[2026-09-08 14:17:24][warning][3555385] Calling original ioctl: 8 3223340586 140727289518032
[2026-09-08 14:17:24][warning][3555385] Calling original ioctl: 8 3223340586 140727289518112
[2026-09-08 14:17:24][warning][3555385] Calling original ioctl: 8 3223340586 140727289518112
[2026-09-08 14:17:24][warning][3555385] Calling original ioctl: 8 3224389163 140727289520208
[2026-09-08 14:17:24][warning][3555385] Calling original ioctl: 8 3223340586 140727289515792
[2026-09-08 14:17:24][warning][3555385] Calling original ioctl: 8 3224913486 140727289520336
[2026-09-08 14:17:24][warning][3555385] Calling original ioctl: 8 3224389163 140727289522064
[2026-09-08 14:17:24][warning][3555385] Calling original ioctl: 8 3223340586 140727289518096
[2026-09-08 14:17:24][warning][3555385] Calling original ioctl: 8 3224389163 140727289522352
[2026-09-08 14:17:24][warning][3555385] Calling original ioctl: 8 3223340586 140727289518032
[2026-09-08 14:17:24][warning][3555385] Calling original ioctl: 8 3224389163 140727289522352
[2026-09-08 14:17:24][warning][3555385] Calling original ioctl: 8 3223340586 140727289518032
[2026-09-08 14:17:24][warning][3555385] Calling original ioctl: 8 3223340586 140727289518112
[2026-09-08 14:17:24][warning][3555385] Calling original ioctl: 8 3223340586 140727289518112
[2026-09-08 14:17:24][warning][3555385] Calling original ioctl: 8 3224389163 140727289520208
[2026-09-08 14:17:24][warning][3555385] Calling original ioctl: 8 3223340586 140727289515792
[2026-09-08 14:17:24][warning][3555385] Calling original ioctl: 8 3224913486 140727289520336
[2026-09-08 14:17:24][warning][3555385] Calling original ioctl: 8 3224389163 140727289522064
[2026-09-08 14:17:24][warning][3555385] Calling original ioctl: 8 3223340586 140727289518096
[2026-09-08 14:17:24][warning][3555385] Calling original ioctl: 8 3224389163 140727289522352
[2026-09-08 14:17:24][warning][3555385] Calling original ioctl: 8 3223340586 140727289518032
[2026-09-08 14:17:24][warning][3555385] Calling original ioctl: 8 3223340586 140727289518112
[2026-09-08 14:17:24][warning][3555385] Calling original ioctl: 8 3223340586 140727289518112
[2026-09-08 14:17:24][warning][3555385] Calling original ioctl: 8 3224389163 140727289520208
[2026-09-08 14:17:24][warning][3555385] Calling original ioctl: 8 3223340586 140727289515792
[2026-09-08 14:17:24][warning][3555385] Calling original ioctl: 8 3224913486 140727289520336
[2026-09-08 14:17:24][warning][3555385] Calling original ioctl: 8 3224389163 140727289522064
[2026-09-08 14:17:24][warning][3555385] Calling original ioctl: 8 3223340586 140727289518096
[2026-09-08 14:17:24][warning][3555385] Calling original ioctl: 8 3224389163 140727289522352
[2026-09-08 14:17:24][warning][3555385] Calling original ioctl: 8 3223340586 140727289518032
[2026-09-08 14:17:24][warning][3555385] Calling original ioctl: 8 3224389163 140727289522352
[2026-09-08 14:17:24][warning][3555385] Calling original ioctl: 8 3223340586 140727289518032
[2026-09-08 14:17:24][warning][3555385] Calling original ioctl: 8 3223340586 140727289518112
[2026-09-08 14:17:24][warning][3555385] Calling original ioctl: 8 3223340586 140727289518112
[2026-09-08 14:17:24][warning][3555385] Calling original ioctl: 8 3224389163 140727289520208
[2026-09-08 14:17:24][warning][3555385] Calling original ioctl: 8 3223340586 140727289515792
[2026-09-08 14:17:24][warning][3555385] Calling original ioctl: 8 3224913486 140727289520336
[2026-09-08 14:17:24][warning][3555385] Calling original ioctl: 8 3224389163 140727289522064
[2026-09-08 14:17:24][warning][3555385] Calling original ioctl: 8 3223340586 140727289518096
[2026-09-08 14:17:24][warning][3555385] Calling original ioctl: 8 3224389163 140727289522352
[2026-09-08 14:17:24][warning][3555385] Calling original ioctl: 8 3223340586 140727289518032
[2026-09-08 14:17:24][warning][3555385] Calling original ioctl: 8 3223340586 140727289518112
[2026-09-08 14:17:24][warning][3555385] Calling original ioctl: 8 3223340586 140727289518112
[2026-09-08 14:17:24][warning][3555385] Calling original ioctl: 9 27 140727289524032
[2026-09-08 14:17:24][warning][3555385] Calling original ioctl: 9 27 140727289524032
[2026-09-08 14:17:24][warning][3555385] Calling original ioctl: 9 27 140727289524032
[2026-09-08 14:17:24][warning][3555385] Calling original ioctl: 9 27 140727289524032
[2026-09-08 14:17:24][warning][3555385] Calling original ioctl: 9 27 140727289524032
[2026-09-08 14:17:24][warning][3555385] Calling original ioctl: 9 27 140727289524032
[2026-09-08 14:17:24][warning][3555385] Calling original ioctl: 9 27 140727289524032
[2026-09-08 14:17:24][warning][3555385] Calling original ioctl: 9 27 140727289524032
[2026-09-08 14:17:24][warning][3555385] Calling original ioctl: 8 3223340586 140727289519696
[2026-09-08 14:17:24][warning][3555385] Calling original ioctl: 17 3221505737 140727289523792
[2026-09-08 14:17:24][warning][3555385] Calling original ioctl: 17 3222292174 140727289523776
[2026-09-08 14:17:24][warning][3555385] Calling original ioctl: 17 3224389163 140727289523760
[2026-09-08 14:17:24][warning][3555385] Calling original ioctl: 8 3224389163 140727289523600
[2026-09-08 14:17:24][warning][3555385] Calling original ioctl: 8 3224389163 140727289520208
[2026-09-08 14:17:24][warning][3555385] Calling original ioctl: 8 3223340586 140727289515792
[2026-09-08 14:17:24][warning][3555385] Calling original ioctl: 8 3224913486 140727289520336
[2026-09-08 14:17:24][warning][3555385] Calling original ioctl: 8 3224389163 140727289522064
[2026-09-08 14:17:24][warning][3555385] Calling original ioctl: 8 3223340586 140727289518096
[2026-09-08 14:17:24][warning][3555385] Calling original ioctl: 8 3224389163 140727289522352
[2026-09-08 14:17:24][warning][3555385] Calling original ioctl: 8 3223340586 140727289518032
[2026-09-08 14:17:24][warning][3555385] Calling original ioctl: 8 3223340586 140727289518112
[2026-09-08 14:17:24][warning][3555385] Calling original ioctl: 8 3224389163 140727289520208
[2026-09-08 14:17:24][warning][3555385] Calling original ioctl: 8 3223340586 140727289515792
[2026-09-08 14:17:24][warning][3555385] Calling original ioctl: 8 3224913486 140727289520336
[2026-09-08 14:17:24][warning][3555385] Calling original ioctl: 8 3224389163 140727289522064
[2026-09-08 14:17:24][warning][3555385] Calling original ioctl: 8 3223340586 140727289518096
[2026-09-08 14:17:24][warning][3555385] Calling original ioctl: 8 3224389163 140727289522352
[2026-09-08 14:17:24][warning][3555385] Calling original ioctl: 8 3223340586 140727289518032
[2026-09-08 14:17:24][warning][3555385] Calling original ioctl: 8 3223340586 140727289518112
[2026-09-08 14:17:24][warning][3555385] Calling original ioctl: 8 3224389163 140727289520208
[2026-09-08 14:17:24][warning][3555385] Calling original ioctl: 8 3223340586 140727289515792
[2026-09-08 14:17:24][warning][3555385] Calling original ioctl: 8 3224913486 140727289520336
[2026-09-08 14:17:24][warning][3555385] Calling original ioctl: 8 3224389163 140727289522064
[2026-09-08 14:17:24][warning][3555385] Calling original ioctl: 8 3223340586 140727289518096
[2026-09-08 14:17:24][warning][3555385] Calling original ioctl: 8 3224389163 140727289522352
[2026-09-08 14:17:24][warning][3555385] Calling original ioctl: 8 3223340586 140727289518032
[2026-09-08 14:17:24][warning][3555385] Calling original ioctl: 8 3223340586 140727289518112
[2026-09-08 14:17:24][warning][3555385] Calling original ioctl: 8 3224389163 140727289520208
[2026-09-08 14:17:24][warning][3555385] Calling original ioctl: 8 3223340586 140727289515792
[2026-09-08 14:17:24][warning][3555385] Calling original ioctl: 8 3224913486 140727289520336
[2026-09-08 14:17:24][warning][3555385] Calling original ioctl: 8 3224389163 140727289522064
[2026-09-08 14:17:24][warning][3555385] Calling original ioctl: 8 3223340586 140727289518096
[2026-09-08 14:17:24][warning][3555385] Calling original ioctl: 8 3224389163 140727289522352
[2026-09-08 14:17:24][warning][3555385] Calling original ioctl: 8 3223340586 140727289518032
[2026-09-08 14:17:24][warning][3555385] Calling original ioctl: 8 3223340586 140727289518112
[2026-09-08 14:17:24][warning][3555385] Calling original ioctl: 9 27 140727289524032
[2026-09-08 14:17:24][warning][3555385] Calling original ioctl: 9 27 140727289524032
[2026-09-08 14:17:24][warning][3555385] Calling original ioctl: 9 27 140727289524032
[2026-09-08 14:17:24][warning][3555385] Calling original ioctl: 9 27 140727289524032
[2026-09-08 14:17:24][warning][3555385] Calling original ioctl: 8 3223340586 140727289519696
[2026-09-08 14:17:24][warning][3555385] Calling original ioctl: 19 3221505737 140727289523792
[2026-09-08 14:17:24][warning][3555385] Calling original ioctl: 19 3222292174 140727289523776
[2026-09-08 14:17:24][warning][3555385] Calling original ioctl: 19 3224389163 140727289523760
[2026-09-08 14:17:24][warning][3555385] Calling original ioctl: 8 3224389163 140727289523600
[2026-09-08 14:17:24][warning][3555385] Calling original ioctl: 8 3224389163 140727289520208
[2026-09-08 14:17:24][warning][3555385] Calling original ioctl: 8 3223340586 140727289515792
[2026-09-08 14:17:24][warning][3555385] Calling original ioctl: 8 3224913486 140727289520336
[2026-09-08 14:17:24][warning][3555385] Calling original ioctl: 8 3224389163 140727289522064
[2026-09-08 14:17:24][warning][3555385] Calling original ioctl: 8 3223340586 140727289518096
[2026-09-08 14:17:24][warning][3555385] Calling original ioctl: 8 3224389163 140727289522352
[2026-09-08 14:17:24][warning][3555385] Calling original ioctl: 8 3223340586 140727289518032
[2026-09-08 14:17:24][warning][3555385] Calling original ioctl: 8 3223340586 140727289518112
[2026-09-08 14:17:24][warning][3555385] Calling original ioctl: 8 3224389163 140727289520208
[2026-09-08 14:17:24][warning][3555385] Calling original ioctl: 8 3223340586 140727289515792
[2026-09-08 14:17:24][warning][3555385] Calling original ioctl: 8 3224913486 140727289520336
[2026-09-08 14:17:24][warning][3555385] Calling original ioctl: 8 3224389163 140727289522064
[2026-09-08 14:17:24][warning][3555385] Calling original ioctl: 8 3223340586 140727289518096
[2026-09-08 14:17:24][warning][3555385] Calling original ioctl: 8 3224389163 140727289522352
[2026-09-08 14:17:24][warning][3555385] Calling original ioctl: 8 3223340586 140727289518032
[2026-09-08 14:17:24][warning][3555385] Calling original ioctl: 8 3223340586 140727289518112
[2026-09-08 14:17:24][warning][3555385] Calling original ioctl: 8 3224389163 140727289520208
[2026-09-08 14:17:24][warning][3555385] Calling original ioctl: 8 3223340586 140727289515792
[2026-09-08 14:17:24][warning][3555385] Calling original ioctl: 8 3224913486 140727289520336
[2026-09-08 14:17:24][warning][3555385] Calling original ioctl: 8 3224389163 140727289522064
[2026-09-08 14:17:24][warning][3555385] Calling original ioctl: 8 3223340586 140727289518096
[2026-09-08 14:17:24][warning][3555385] Calling original ioctl: 8 3224389163 140727289522352
[2026-09-08 14:17:24][warning][3555385] Calling original ioctl: 8 3223340586 140727289518032
[2026-09-08 14:17:24][warning][3555385] Calling original ioctl: 8 3223340586 140727289518112
[2026-09-08 14:17:24][warning][3555385] Calling original ioctl: 8 3224389163 140727289520208
[2026-09-08 14:17:24][warning][3555385] Calling original ioctl: 8 3223340586 140727289515792
[2026-09-08 14:17:24][warning][3555385] Calling original ioctl: 8 3224913486 140727289520336
[2026-09-08 14:17:24][warning][3555385] Calling original ioctl: 8 3224389163 140727289522064
[2026-09-08 14:17:24][warning][3555385] Calling original ioctl: 8 3223340586 140727289518096
[2026-09-08 14:17:24][warning][3555385] Calling original ioctl: 8 3224389163 140727289522352
[2026-09-08 14:17:24][warning][3555385] Calling original ioctl: 8 3223340586 140727289518032
[2026-09-08 14:17:24][warning][3555385] Calling original ioctl: 8 3223340586 140727289518112
[2026-09-08 14:17:24][warning][3555385] Calling original ioctl: 9 27 140727289524032
[2026-09-08 14:17:24][warning][3555385] Calling original ioctl: 9 27 140727289524032
[2026-09-08 14:17:24][warning][3555385] Calling original ioctl: 9 27 140727289524032
[2026-09-08 14:17:24][warning][3555385] Calling original ioctl: 9 27 140727289524032
[2026-09-08 14:17:24][warning][3555385] Calling original ioctl: 8 3223340586 140727289519696
[2026-09-08 14:17:24][warning][3555385] Calling original ioctl: 21 3221505737 140727289523792
[2026-09-08 14:17:24][warning][3555385] Calling original ioctl: 21 3222292174 140727289523776
[2026-09-08 14:17:24][warning][3555385] Calling original ioctl: 21 3224389163 140727289523760
[2026-09-08 14:17:24][warning][3555385] Calling original ioctl: 8 3224389163 140727289521232
[2026-09-08 14:17:24][warning][3555385] Calling original ioctl: 8 3223340586 140727289516816
[2026-09-08 14:17:24][warning][3555385] Calling original ioctl: 8 3224913486 140727289521360
[2026-09-08 14:17:24][warning][3555385] Calling original ioctl: 9 73 140727289520416
[2026-09-08 14:17:24][warning][3555385] Calling original ioctl: 9 33 140727289511184
[2026-09-08 14:17:24][warning][3555385] Calling original ioctl: 8 3224389163 140727289521536
[2026-09-08 14:17:24][warning][3555385] Calling original ioctl: 9 73 140727289520720
[2026-09-08 14:17:24][warning][3555385] Calling original ioctl: 9 33 140727289511488
[2026-09-08 14:17:24][warning][3555385] Calling original ioctl: 9 68 140727289510880
[2026-09-08 14:17:24][warning][3555385] Calling original ioctl: 9 72 140727289519984
[2026-09-08 14:17:24][warning][3555385] Calling original ioctl: 9 23 140727289524336
[2026-09-08 14:17:24][warning][3555385] Calling original ioctl: 9 23 140727289524336
[2026-09-08 14:17:24][warning][3555385] Calling original ioctl: 9 23 140727289524336
[2026-09-08 14:17:24][warning][3555385] Calling original ioctl: 9 23 140727289524336
[2026-09-08 14:17:24][warning][3555385] Calling original ioctl: 8 3224389163 140727289521536
[2026-09-08 14:17:24][warning][3555385] Calling original ioctl: 9 73 140727289520720
[2026-09-08 14:17:24][warning][3555385] Calling original ioctl: 9 33 140727289511488
[2026-09-08 14:17:24][warning][3555385] Calling original ioctl: 9 23 140727289524336
[2026-09-08 14:17:24][warning][3555385] Calling original ioctl: 9 23 140727289524336
[2026-09-08 14:17:24][warning][3555385] Calling original ioctl: 9 23 140727289524336
[2026-09-08 14:17:24][warning][3555385] Calling original ioctl: 8 3224389163 140727289520960
[2026-09-08 14:17:24][warning][3555385] Calling original ioctl: 8 3223340586 140727289516544
[2026-09-08 14:17:24][warning][3555385] Calling original ioctl: 8 3224913486 140727289521088
[2026-09-08 14:17:24][warning][3555385] Calling original ioctl: 9 73 140727289520144
[2026-09-08 14:17:24][warning][3555385] Calling original ioctl: 9 33 140727289510912
[2026-09-08 14:17:24][warning][3555385] Calling original ioctl: 12 3224913447 140727289520944
[2026-09-08 14:17:24][warning][3555385] Calling original ioctl: 9 73 140727289520144
[2026-09-08 14:17:24][warning][3555385] Calling original ioctl: 9 33 140727289510912
[2026-09-08 14:17:24][warning][3555385] Calling original ioctl: 8 3224389163 140727289521824
[2026-09-08 14:17:24][warning][3555385] Calling original ioctl: 9 73 140727289521008
[2026-09-08 14:17:24][warning][3555385] Calling original ioctl: 9 33 140727289511776
[2026-09-08 14:17:24][warning][3555385] Calling original ioctl: 12 3224913447 140727289521200
[2026-09-08 14:17:24][warning][3555385] Calling original ioctl: 9 73 140727289520400
[2026-09-08 14:17:24][warning][3555385] Calling original ioctl: 9 33 140727289511168
[2026-09-08 14:17:24][warning][3555385] Calling original ioctl: 8 3224389163 140727289521216
[2026-09-08 14:17:24][warning][3555385] Calling original ioctl: 9 73 140727289520400
[2026-09-08 14:17:24][warning][3555385] Calling original ioctl: 9 33 140727289511168
[2026-09-08 14:17:24][warning][3555385] Calling original ioctl: 9 65 140727289521488
[2026-09-08 14:17:24][warning][3555385] Calling original ioctl: 12 3224913447 140727289522304
[2026-09-08 14:17:24][warning][3555385] Calling original ioctl: 9 73 140727289521504
[2026-09-08 14:17:24][warning][3555385] Calling original ioctl: 9 33 140727289512272
[2026-09-08 14:17:24][warning][3555385] Calling original ioctl: 8 3224389163 140727289522320
[2026-09-08 14:17:24][warning][3555385] Calling original ioctl: 9 73 140727289521504
[2026-09-08 14:17:24][warning][3555385] Calling original ioctl: 9 33 140727289512272
[2026-09-08 14:17:24][warning][3555385] Calling original ioctl: 8 3224389163 140727289521888
[2026-09-08 14:17:24][warning][3555385] Calling original ioctl: 8 3223340586 140727289517472
[2026-09-08 14:17:24][warning][3555385] Calling original ioctl: 8 3224913486 140727289522016
[2026-09-08 14:17:24][warning][3555385] Calling original ioctl: 9 73 140727289521072
[2026-09-08 14:17:24][warning][3555385] Calling original ioctl: 9 33 140727289511840
[2026-09-08 14:17:24][warning][3555385] Calling original ioctl: 8 3224389163 140727289519600
[2026-09-08 14:17:24][warning][3555385] Calling original ioctl: 9 73 140727289518784
[2026-09-08 14:17:24][warning][3555385] Calling original ioctl: 9 33 140727289509552
[2026-09-08 14:17:24][warning][3555385] Calling original ioctl: 8 3224389163 140727289519520
[2026-09-08 14:17:24][warning][3555385] Calling original ioctl: 9 73 140727289518704
[2026-09-08 14:17:24][warning][3555385] Calling original ioctl: 9 33 140727289509472
[2026-09-08 14:17:24][warning][3555385] Calling original ioctl: 8 3224389163 140727289519520
[2026-09-08 14:17:24][warning][3555385] Calling original ioctl: 9 73 140727289518704
[2026-09-08 14:17:24][warning][3555385] Calling original ioctl: 9 33 140727289509472
[2026-09-08 14:17:24][warning][3555385] Calling original ioctl: 12 3224913447 140727289521856
[2026-09-08 14:17:24][warning][3555385] Calling original ioctl: 9 73 140727289521056
[2026-09-08 14:17:24][warning][3555385] Calling original ioctl: 9 33 140727289511824
[2026-09-08 14:17:24][warning][3555385] Calling original ioctl: 8 3224389163 140727289524464
[2026-09-08 14:17:24][warning][3555385] Calling original ioctl: 8 3224389163 140727289521360
[2026-09-08 14:17:24][warning][3555385] Calling original ioctl: 8 3223340586 140727289516944
[2026-09-08 14:17:24][warning][3555385] Calling original ioctl: 8 3224913486 140727289521488
[2026-09-08 14:17:24][warning][3555385] Calling original ioctl: 9 73 140727289520544
[2026-09-08 14:17:24][warning][3555385] Calling original ioctl: 9 33 140727289511312
[2026-09-08 14:17:24][warning][3555385] Calling original ioctl: 8 3224389163 140727289521680
[2026-09-08 14:17:24][warning][3555385] Calling original ioctl: 9 73 140727289520864
[2026-09-08 14:17:24][warning][3555385] Calling original ioctl: 9 33 140727289511632
[2026-09-08 14:17:24][warning][3555385] Calling original ioctl: 8 3224389163 140727289521680
[2026-09-08 14:17:24][warning][3555385] Calling original ioctl: 9 73 140727289520864
[2026-09-08 14:17:24][warning][3555385] Calling original ioctl: 9 33 140727289511632
[2026-09-08 14:17:24][warning][3555385] Calling original ioctl: 24 3221505737 140727289524128
[2026-09-08 14:17:24][warning][3555385] Calling original ioctl: 24 3222292174 140727289524112
[2026-09-08 14:17:24][warning][3555385] Calling original ioctl: 24 3224389163 140727289524096
[2026-09-08 14:17:24][warning][3555385] Calling original ioctl: 26 3221505737 140727289524128
[2026-09-08 14:17:24][warning][3555385] Calling original ioctl: 26 3222292174 140727289524112
[2026-09-08 14:17:24][warning][3555385] Calling original ioctl: 26 3224389163 140727289524096
[2026-09-08 14:17:24][warning][3555385] Calling original ioctl: 28 3221505737 140727289524128
[2026-09-08 14:17:24][warning][3555385] Calling original ioctl: 28 3222292174 140727289524112
[2026-09-08 14:17:24][warning][3555385] Calling original ioctl: 28 3224389163 140727289524096
[2026-09-08 14:17:24][warning][3555385] Calling original ioctl: 30 3221505737 140727289524128
[2026-09-08 14:17:24][warning][3555385] Calling original ioctl: 30 3222292174 140727289524112
[2026-09-08 14:17:24][warning][3555385] Calling original ioctl: 30 3224389163 140727289524096
[2026-09-08 14:17:24][warning][3555385] Calling original ioctl: 8 3223340586 140727289519840
[2026-09-08 14:17:24][warning][3555385] Calling original ioctl: 8 3223340586 140727289520016
[2026-09-08 14:17:24][warning][3555385] Calling original ioctl: 8 3223340586 140727289520176
[2026-09-08 14:17:24][warning][3555385] Calling original ioctl: 8 3224389163 140727289521648
[2026-09-08 14:17:24][warning][3555385] Calling original ioctl: 9 73 140727289520832
[2026-09-08 14:17:24][warning][3555385] Calling original ioctl: 9 33 140727289511600
[2026-09-08 14:17:24][warning][3555385] Calling original ioctl: 8 3223340586 140727289520176
libbpf: loading object 'full_record_device_buffer_bpf' from buffer
libbpf: elf: section(3) kretprobe/_Z9rope_normILb1ELb0Ef6__halfEvPKT1_PT2_iiiiiPKifff14rope_corr_dimsfPKfPKli, size 1168, link 0, flags 6, type=1
libbpf: sec 'kretprobe/_Z9rope_normILb1ELb0Ef6__halfEvPKT1_PT2_iiiiiPKifff14rope_corr_dimsfPKfPKli': found program 'cuda__retprobe' at insn offset 0 (0 bytes), code size 146 insns (1168 bytes)
libbpf: elf: section(4) .relkretprobe/_Z9rope_normILb1ELb0Ef6__halfEvPKT1_PT2_iiiiiPKifff14rope_corr_dimsfPKfPKli, size 32, link 26, flags 40, type=9
libbpf: elf: section(5) .maps, size 32, link 0, flags 3, type=1
libbpf: elf: section(6) license, size 4, link 0, flags 3, type=1
libbpf: license of full_record_device_buffer_bpf is GPL
libbpf: elf: section(16) .BTF, size 2529, link 0, flags 0, type=1
libbpf: elf: section(18) .BTF.ext, size 960, link 0, flags 0, type=1
libbpf: elf: section(26) .symtab, size 432, link 1, flags 0, type=2
libbpf: looking for externs among 18 symbols...
libbpf: collected 0 externs total
libbpf: map 'arena': at sec_idx 5, offset 0.
libbpf: map 'arena': found type = 1503.
libbpf: map 'arena': found key [8], sz = 4.
libbpf: map 'arena': found value [12], sz = 335675408.
libbpf: map 'arena': found max_entries = 32.
libbpf: sec '.relkretprobe/_Z9rope_normILb1ELb0Ef6__halfEvPKT1_PT2_iiiiiPKifff14rope_corr_dimsfPKfPKli': collecting relocation for section(3) 'kretprobe/_Z9rope_normILb1ELb0Ef6__halfEvPKT1_PT2_iiiiiPKifff14rope_corr_dimsfPKfPKli'
libbpf: sec '.relkretprobe/_Z9rope_normILb1ELb0Ef6__halfEvPKT1_PT2_iiiiiPKifff14rope_corr_dimsfPKfPKli': relo #0: insn #71 against 'arena'
libbpf: prog 'cuda__retprobe': found map 0 (arena, sec 5, off 0) for insn #71
libbpf: sec '.relkretprobe/_Z9rope_normILb1ELb0Ef6__halfEvPKT1_PT2_iiiiiPKifff14rope_corr_dimsfPKfPKli': relo #1: insn #85 against 'arena'
libbpf: prog 'cuda__retprobe': found map 0 (arena, sec 5, off 0) for insn #85
libbpf: object 'full_record_dev': failed (-EACCES) to open BPF FS mount at '/sys/fs/bpf', skipping optional step...
libbpf: Kernel doesn't support BTF, skipping uploading it.
libbpf: map 'arena': created successfully, fd=34
Full-record bank count: 32
Full-record slots per bank: 16384
Full-record total slots: 524288
Full-record records per slot: 256
Full-record record bytes: 80
Full-record value bytes (per bank): 335675408
Full-record probe attached; waiting for SIGINT
[2026-09-08 14:17:40][warning][3555425] Calling original ioctl: 8 3223340586 139205415122544
[2026-09-08 14:18:25][warning][3555385] Calling original ioctl: 8 3223340586 140727289515008
Full-record drain bytes: 10741613056
Full-record drain time ns: 1497598632
Full-record committed records: 23068672
Full-record active slots: 524288
Full-record overflow records: 0
Full-record out-of-range threads: 0
Full-record nonzero timestamps: 23068672
[2026-09-08 14:18:27][warning][3555385] Calling original ioctl: 9 34 140727289524960
[2026-09-08 14:18:27][warning][3555385] Calling original ioctl: 8 3222292009 140727289525120
[2026-09-08 14:18:27][warning][3555385] Calling original ioctl: 9 34 140727289525776
[2026-09-08 14:18:27][warning][3555385] Calling original ioctl: 8 3222292009 140727289525936
[2026-09-08 14:18:27][warning][3555385] Calling original ioctl: 9 34 140727289525776
[2026-09-08 14:18:27][warning][3555385] Calling original ioctl: 8 3222292009 140727289525936
[2026-09-08 14:18:27][warning][3555385] Calling original ioctl: 8 3222292009 140727289526656
[2026-09-08 14:18:27][warning][3555385] Calling original ioctl: 26 3222292175 140727289526672
[2026-09-08 14:18:27][warning][3555385] Calling original ioctl: 8 3222292009 140727289526656
[2026-09-08 14:18:27][warning][3555385] Calling original ioctl: 28 3222292175 140727289526672
[2026-09-08 14:18:27][warning][3555385] Calling original ioctl: 8 3222292009 140727289526656
[2026-09-08 14:18:27][warning][3555385] Calling original ioctl: 24 3222292175 140727289526672
[2026-09-08 14:18:27][warning][3555385] Calling original ioctl: 8 3222292009 140727289526656
[2026-09-08 14:18:27][warning][3555385] Calling original ioctl: 30 3222292175 140727289526672
[2026-09-08 14:18:27][warning][3555385] Calling original ioctl: 9 34 140727289525680
[2026-09-08 14:18:27][warning][3555385] Calling original ioctl: 8 3222292009 140727289525840
[2026-09-08 14:18:27][warning][3555385] Calling original ioctl: 9 34 140727289525680
[2026-09-08 14:18:27][warning][3555385] Calling original ioctl: 8 3222292009 140727289525840
[2026-09-08 14:18:27][warning][3555385] Calling original ioctl: 9 34 140727289525808
[2026-09-08 14:18:27][warning][3555385] Calling original ioctl: 8 3223340623 140727289526016
[2026-09-08 14:18:27][warning][3555385] Calling original ioctl: 8 3222292009 140727289525968
[2026-09-08 14:18:27][warning][3555385] Calling original ioctl: 8 3222292009 140727289526736
[2026-09-08 14:18:27][warning][3555385] Calling original ioctl: 9 34 140727289525792
[2026-09-08 14:18:27][warning][3555385] Calling original ioctl: 8 3222292009 140727289525952
[2026-09-08 14:18:27][warning][3555385] Calling original ioctl: 9 34 140727289525792
[2026-09-08 14:18:27][warning][3555385] Calling original ioctl: 8 3223340623 140727289526000
[2026-09-08 14:18:27][warning][3555385] Calling original ioctl: 8 3222292009 140727289525952
[2026-09-08 14:18:27][warning][3555385] Calling original ioctl: 8 3223340586 140727289521664
[2026-09-08 14:18:27][warning][3555385] Calling original ioctl: 9 34 140727289525616
[2026-09-08 14:18:27][warning][3555385] Calling original ioctl: 8 3222292009 140727289525776
[2026-09-08 14:18:27][warning][3555385] Calling original ioctl: 8 3223340586 140727289521664
[2026-09-08 14:18:27][warning][3555385] Calling original ioctl: 9 34 140727289525616
[2026-09-08 14:18:27][warning][3555385] Calling original ioctl: 8 3222292009 140727289525776
[2026-09-08 14:18:27][warning][3555385] Calling original ioctl: 8 3223340586 140727289521664
[2026-09-08 14:18:27][warning][3555385] Calling original ioctl: 9 34 140727289525616
[2026-09-08 14:18:27][warning][3555385] Calling original ioctl: 8 3222292009 140727289525776
[2026-09-08 14:18:27][warning][3555385] Calling original ioctl: 8 3223340586 140727289522560
[2026-09-08 14:18:27][warning][3555385] Calling original ioctl: 9 34 140727289525840
[2026-09-08 14:18:27][warning][3555385] Calling original ioctl: 9 34 140727289525840
[2026-09-08 14:18:27][warning][3555385] Calling original ioctl: 8 3222292009 140727289526000
[2026-09-08 14:18:27][warning][3555385] Calling original ioctl: 9 34 140727289525840
[2026-09-08 14:18:27][warning][3555385] Calling original ioctl: 8 3222292009 140727289526000
[2026-09-08 14:18:27][warning][3555385] Calling original ioctl: 9 34 140727289525792
[2026-09-08 14:18:27][warning][3555385] Calling original ioctl: 8 3223340623 140727289526000
[2026-09-08 14:18:27][warning][3555385] Calling original ioctl: 8 3222292009 140727289525952
[2026-09-08 14:18:27][warning][3555385] Calling original ioctl: 9 24 140727289526832
[2026-09-08 14:18:27][warning][3555385] Calling original ioctl: 9 24 140727289526832
[2026-09-08 14:18:27][warning][3555385] Calling original ioctl: 9 24 140727289526864
[2026-09-08 14:18:27][warning][3555385] Calling original ioctl: 9 24 140727289526832
[2026-09-08 14:18:27][warning][3555385] Calling original ioctl: 9 24 140727289526832
[2026-09-08 14:18:27][warning][3555385] Calling original ioctl: 9 24 140727289526832
[2026-09-08 14:18:27][warning][3555385] Calling original ioctl: 9 24 140727289526832
[2026-09-08 14:18:27][warning][3555385] Calling original ioctl: 9 34 140727289525728
[2026-09-08 14:18:27][warning][3555385] Calling original ioctl: 8 3222292009 140727289525888
[2026-09-08 14:18:27][warning][3555385] Calling original ioctl: 9 34 140727289525728
[2026-09-08 14:18:27][warning][3555385] Calling original ioctl: 8 3222292009 140727289525888
[2026-09-08 14:18:27][warning][3555385] Calling original ioctl: 9 34 140727289525840
[2026-09-08 14:18:27][warning][3555385] Calling original ioctl: 8 3222292009 140727289526000
[2026-09-08 14:18:27][warning][3555385] Calling original ioctl: 8 3222292009 140727289526576
[2026-09-08 14:18:27][warning][3555385] Calling original ioctl: 17 3222292175 140727289526592
[2026-09-08 14:18:27][warning][3555385] Calling original ioctl: 9 28 140727289526704
[2026-09-08 14:18:27][warning][3555385] Calling original ioctl: 9 28 140727289526704
[2026-09-08 14:18:27][warning][3555385] Calling original ioctl: 9 28 140727289526704
[2026-09-08 14:18:27][warning][3555385] Calling original ioctl: 9 28 140727289526704
[2026-09-08 14:18:27][warning][3555385] Calling original ioctl: 9 28 140727289526704
[2026-09-08 14:18:27][warning][3555385] Calling original ioctl: 9 28 140727289526704
[2026-09-08 14:18:27][warning][3555385] Calling original ioctl: 9 28 140727289526704
[2026-09-08 14:18:27][warning][3555385] Calling original ioctl: 9 28 140727289526704
[2026-09-08 14:18:27][warning][3555385] Calling original ioctl: 8 3222292009 140727289526464
[2026-09-08 14:18:27][warning][3555385] Calling original ioctl: 8 3222292009 140727289526464
[2026-09-08 14:18:27][warning][3555385] Calling original ioctl: 8 3222292009 140727289526512
[2026-09-08 14:18:27][warning][3555385] Calling original ioctl: 8 3223340623 140727289525776
[2026-09-08 14:18:27][warning][3555385] Calling original ioctl: 8 3222292009 140727289525728
[2026-09-08 14:18:27][warning][3555385] Calling original ioctl: 8 3222292009 140727289526464
[2026-09-08 14:18:27][warning][3555385] Calling original ioctl: 8 3222292009 140727289526512
[2026-09-08 14:18:27][warning][3555385] Calling original ioctl: 8 3223340623 140727289525776
[2026-09-08 14:18:27][warning][3555385] Calling original ioctl: 8 3222292009 140727289525728
[2026-09-08 14:18:27][warning][3555385] Calling original ioctl: 8 3222292009 140727289526464
[2026-09-08 14:18:27][warning][3555385] Calling original ioctl: 8 3222292009 140727289526464
[2026-09-08 14:18:27][warning][3555385] Calling original ioctl: 8 3222292009 140727289526512
[2026-09-08 14:18:27][warning][3555385] Calling original ioctl: 8 3223340623 140727289525776
[2026-09-08 14:18:27][warning][3555385] Calling original ioctl: 8 3222292009 140727289525728
[2026-09-08 14:18:27][warning][3555385] Calling original ioctl: 8 3222292009 140727289526464
[2026-09-08 14:18:27][warning][3555385] Calling original ioctl: 8 3222292009 140727289526512
[2026-09-08 14:18:27][warning][3555385] Calling original ioctl: 8 3223340623 140727289525776
[2026-09-08 14:18:27][warning][3555385] Calling original ioctl: 8 3222292009 140727289525728
[2026-09-08 14:18:27][warning][3555385] Calling original ioctl: 8 3222292009 140727289526464
[2026-09-08 14:18:27][warning][3555385] Calling original ioctl: 8 3222292009 140727289526464
[2026-09-08 14:18:27][warning][3555385] Calling original ioctl: 8 3222292009 140727289526512
[2026-09-08 14:18:27][warning][3555385] Calling original ioctl: 8 3223340623 140727289525776
[2026-09-08 14:18:27][warning][3555385] Calling original ioctl: 8 3222292009 140727289525728
[2026-09-08 14:18:27][warning][3555385] Calling original ioctl: 8 3222292009 140727289526464
[2026-09-08 14:18:27][warning][3555385] Calling original ioctl: 8 3222292009 140727289526512
[2026-09-08 14:18:27][warning][3555385] Calling original ioctl: 8 3223340623 140727289525776
[2026-09-08 14:18:27][warning][3555385] Calling original ioctl: 8 3222292009 140727289525728
[2026-09-08 14:18:27][warning][3555385] Calling original ioctl: 8 3222292009 140727289526464
[2026-09-08 14:18:27][warning][3555385] Calling original ioctl: 8 3222292009 140727289526464
[2026-09-08 14:18:27][warning][3555385] Calling original ioctl: 8 3222292009 140727289526512
[2026-09-08 14:18:27][warning][3555385] Calling original ioctl: 8 3223340623 140727289525776
[2026-09-08 14:18:27][warning][3555385] Calling original ioctl: 8 3222292009 140727289525728
[2026-09-08 14:18:27][warning][3555385] Calling original ioctl: 8 3222292009 140727289526464
[2026-09-08 14:18:27][warning][3555385] Calling original ioctl: 8 3222292009 140727289526512
[2026-09-08 14:18:27][warning][3555385] Calling original ioctl: 8 3223340623 140727289525776
[2026-09-08 14:18:27][warning][3555385] Calling original ioctl: 8 3222292009 140727289525728
[2026-09-08 14:18:27][warning][3555385] Calling original ioctl: 8 3222292009 140727289526640
[2026-09-08 14:18:27][warning][3555385] Calling original ioctl: 8 3222292009 140727289526608
[2026-09-08 14:18:27][warning][3555385] Calling original ioctl: 8 3222292009 140727289526576
[2026-09-08 14:18:27][warning][3555385] Calling original ioctl: 19 3222292175 140727289526592
[2026-09-08 14:18:27][warning][3555385] Calling original ioctl: 9 28 140727289526704
[2026-09-08 14:18:27][warning][3555385] Calling original ioctl: 9 28 140727289526704
[2026-09-08 14:18:27][warning][3555385] Calling original ioctl: 9 28 140727289526704
[2026-09-08 14:18:27][warning][3555385] Calling original ioctl: 9 28 140727289526704
[2026-09-08 14:18:27][warning][3555385] Calling original ioctl: 8 3222292009 140727289526464
[2026-09-08 14:18:27][warning][3555385] Calling original ioctl: 8 3222292009 140727289526512
[2026-09-08 14:18:27][warning][3555385] Calling original ioctl: 8 3223340623 140727289525776
[2026-09-08 14:18:27][warning][3555385] Calling original ioctl: 8 3222292009 140727289525728
[2026-09-08 14:18:27][warning][3555385] Calling original ioctl: 8 3222292009 140727289526464
[2026-09-08 14:18:27][warning][3555385] Calling original ioctl: 8 3222292009 140727289526512
[2026-09-08 14:18:27][warning][3555385] Calling original ioctl: 8 3223340623 140727289525776
[2026-09-08 14:18:27][warning][3555385] Calling original ioctl: 8 3222292009 140727289525728
[2026-09-08 14:18:27][warning][3555385] Calling original ioctl: 8 3222292009 140727289526464
[2026-09-08 14:18:27][warning][3555385] Calling original ioctl: 8 3222292009 140727289526512
[2026-09-08 14:18:27][warning][3555385] Calling original ioctl: 8 3223340623 140727289525776
[2026-09-08 14:18:27][warning][3555385] Calling original ioctl: 8 3222292009 140727289525728
[2026-09-08 14:18:27][warning][3555385] Calling original ioctl: 8 3222292009 140727289526464
[2026-09-08 14:18:27][warning][3555385] Calling original ioctl: 8 3222292009 140727289526512
[2026-09-08 14:18:27][warning][3555385] Calling original ioctl: 8 3223340623 140727289525776
[2026-09-08 14:18:27][warning][3555385] Calling original ioctl: 8 3222292009 140727289525728
[2026-09-08 14:18:27][warning][3555385] Calling original ioctl: 8 3222292009 140727289526608
[2026-09-08 14:18:27][warning][3555385] Calling original ioctl: 8 3222292009 140727289526576
[2026-09-08 14:18:27][warning][3555385] Calling original ioctl: 21 3222292175 140727289526592
[2026-09-08 14:18:27][warning][3555385] Calling original ioctl: 9 28 140727289526704
[2026-09-08 14:18:27][warning][3555385] Calling original ioctl: 9 28 140727289526704
[2026-09-08 14:18:27][warning][3555385] Calling original ioctl: 9 28 140727289526704
[2026-09-08 14:18:27][warning][3555385] Calling original ioctl: 9 28 140727289526704
[2026-09-08 14:18:27][warning][3555385] Calling original ioctl: 8 3222292009 140727289526464
[2026-09-08 14:18:27][warning][3555385] Calling original ioctl: 8 3222292009 140727289526512
[2026-09-08 14:18:27][warning][3555385] Calling original ioctl: 8 3223340623 140727289525776
[2026-09-08 14:18:27][warning][3555385] Calling original ioctl: 8 3222292009 140727289525728
[2026-09-08 14:18:27][warning][3555385] Calling original ioctl: 8 3222292009 140727289526464
[2026-09-08 14:18:27][warning][3555385] Calling original ioctl: 8 3222292009 140727289526512
[2026-09-08 14:18:27][warning][3555385] Calling original ioctl: 8 3223340623 140727289525776
[2026-09-08 14:18:27][warning][3555385] Calling original ioctl: 8 3222292009 140727289525728
[2026-09-08 14:18:27][warning][3555385] Calling original ioctl: 8 3222292009 140727289526464
[2026-09-08 14:18:27][warning][3555385] Calling original ioctl: 8 3222292009 140727289526512
[2026-09-08 14:18:27][warning][3555385] Calling original ioctl: 8 3223340623 140727289525776
[2026-09-08 14:18:27][warning][3555385] Calling original ioctl: 8 3222292009 140727289525728
[2026-09-08 14:18:27][warning][3555385] Calling original ioctl: 8 3222292009 140727289526464
[2026-09-08 14:18:27][warning][3555385] Calling original ioctl: 8 3222292009 140727289526512
[2026-09-08 14:18:27][warning][3555385] Calling original ioctl: 8 3223340623 140727289525776
[2026-09-08 14:18:27][warning][3555385] Calling original ioctl: 8 3222292009 140727289525728
[2026-09-08 14:18:27][warning][3555385] Calling original ioctl: 9 34 140727289525536
[2026-09-08 14:18:27][warning][3555385] Calling original ioctl: 8 3223340623 140727289525744
[2026-09-08 14:18:27][warning][3555385] Calling original ioctl: 8 3222292009 140727289525696
[2026-09-08 14:18:27][warning][3555385] Calling original ioctl: 9 34 140727289525536
[2026-09-08 14:18:27][warning][3555385] Calling original ioctl: 8 3223340623 140727289525744
[2026-09-08 14:18:27][warning][3555385] Calling original ioctl: 8 3222292009 140727289525696
[2026-09-08 14:18:27][warning][3555385] Calling original ioctl: 8 3222292009 140727289526608
[2026-09-08 14:18:27][warning][3555385] Calling original ioctl: 9 34 140727289525840
[2026-09-08 14:18:27][warning][3555385] Calling original ioctl: 8 3222292009 140727289526000
[2026-09-08 14:18:27][warning][3555385] Calling original ioctl: 9 34 140727289525744
[2026-09-08 14:18:27][warning][3555385] Calling original ioctl: 8 3222292009 140727289525904
[2026-09-08 14:18:27][warning][3555385] Calling original ioctl: 9 34 140727289525840
[2026-09-08 14:18:27][warning][3555385] Calling original ioctl: 8 3222292009 140727289526000
[2026-09-08 14:18:27][warning][3555385] Calling original ioctl: 9 34 140727289525792
[2026-09-08 14:18:27][warning][3555385] Calling original ioctl: 8 3222292009 140727289525952
[2026-09-08 14:18:27][warning][3555385] Calling original ioctl: 9 34 140727289525776
[2026-09-08 14:18:27][warning][3555385] Calling original ioctl: 8 3223340623 140727289525984
[2026-09-08 14:18:27][warning][3555385] Calling original ioctl: 8 3222292009 140727289525936
[2026-09-08 14:18:27][warning][3555385] Calling original ioctl: 9 34 140727289525776
[2026-09-08 14:18:27][warning][3555385] Calling original ioctl: 8 3223340623 140727289525984
[2026-09-08 14:18:27][warning][3555385] Calling original ioctl: 8 3222292009 140727289525936
[2026-09-08 14:18:27][warning][3555385] Calling original ioctl: 9 34 140727289525792
[2026-09-08 14:18:27][warning][3555385] Calling original ioctl: 8 3222292009 140727289525952
[2026-09-08 14:18:27][warning][3555385] Calling original ioctl: 9 34 140727289525792
[2026-09-08 14:18:27][warning][3555385] Calling original ioctl: 8 3222292009 140727289525952
[2026-09-08 14:18:27][warning][3555385] Calling original ioctl: 9 34 140727289525952
[2026-09-08 14:18:27][warning][3555385] Calling original ioctl: 8 3223340586 140727289522544
