{
  "phase": "level2-native-blob-run",
  "scope": "sm_120 Level-2 native cuXtra blob route bring-up on the isolated native HAL install: GuardianSM120 serves the captured SASS arrays; no NVBit tool, no tool-entry accounting (not applicable); service-only metrics; the completed historical baseline is not rerun and no BPF raw-blob arm is run",
  "config_order": [
    "native_blob"
  ],
  "pair_blocks": 1,
  "initial_run": false,
  "streams": 4,
  "lc_processes": 2,
  "be_processes": 4,
  "tasks_per_stream": 50,
  "reps": 9511106,
  "blocks": 340,
  "threads": 256,
  "fixed_delay_ns": 5000000,
  "clock_offset_ns": 0,
  "metric_scope": "gpu_service_and_host_elapsed",
  "worker_environments": {
    "lc": {
      "CUDA_HOME": "/usr/local/cuda-12.9",
      "XSCHED_SCHEDULER": "GLB",
      "XSCHED_AUTO_XQUEUE": "ON",
      "XSCHED_AUTO_XQUEUE_LEVEL": "2",
      "XSCHED_AUTO_XQUEUE_PRIORITY": "1",
      "XSCHED_AUTO_XQUEUE_THRESHOLD": "16",
      "XSCHED_AUTO_XQUEUE_BATCH_SIZE": "8",
      "XSCHED_CUDA_LV2_PORT_120": "1",
      "XSCHED_LEVEL2_TOOL_ACTUATOR": "0",
      "LD_LIBRARY_PATH": "/home/yunwei37/workspace/gpu/gpu_ext/workloads/xsched/level2-build/.output/hal-native-20260908.i8na51/install/lib",
      "XG_SERVICE_ONLY": "1",
      "XG_NATIVE_META_EXTEND": "1"
    },
    "be": {
      "CUDA_HOME": "/usr/local/cuda-12.9",
      "XSCHED_SCHEDULER": "GLB",
      "XSCHED_AUTO_XQUEUE": "ON",
      "XSCHED_AUTO_XQUEUE_LEVEL": "2",
      "XSCHED_AUTO_XQUEUE_PRIORITY": "0",
      "XSCHED_AUTO_XQUEUE_THRESHOLD": "4",
      "XSCHED_AUTO_XQUEUE_BATCH_SIZE": "2",
      "XSCHED_CUDA_LV2_PORT_120": "1",
      "XSCHED_LEVEL2_TOOL_ACTUATOR": "0",
      "LD_LIBRARY_PATH": "/home/yunwei37/workspace/gpu/gpu_ext/workloads/xsched/level2-build/.output/hal-native-20260908.i8na51/install/lib",
      "XG_SERVICE_ONLY": "1",
      "XG_NATIVE_META_EXTEND": "1"
    }
  },
  "paths": {
    "workload": "/home/yunwei37/workspace/gpu/gpu_ext/workloads/xsched/level2-build/.output/service-mismatch-20260908.sHSYtE/priority_workload",
    "workload_original_measured": "/home/yunwei37/workspace/gpu/gpu_ext/workloads/xsched/level2-build/.output/service-output-20260908.66ppYl/priority_workload",
    "xserver_native": "/home/yunwei37/workspace/gpu/gpu_ext/workloads/xsched/deps/xsched/output/bin/xserver",
    "native_hal_install_dir": "/home/yunwei37/workspace/gpu/gpu_ext/workloads/xsched/level2-build/.output/hal-native-20260908.i8na51/install",
    "hal_lib_dir": "/home/yunwei37/workspace/gpu/gpu_ext/workloads/xsched/level2-build/.output/hal-native-20260908.i8na51/install/lib",
    "guard_tool": null
  }
}
Exception in thread Thread-6 (_reader):
Traceback (most recent call last):
  File "/usr/lib/python3.12/threading.py", line 1073, in _bootstrap_inner
    self.run()
  File "/usr/lib/python3.12/threading.py", line 1010, in run
    self._target(*self._args, **self._kwargs)
  File "/home/yunwei37/workspace/gpu/gpu_ext/workloads/xsched/level2/run_tool_pair.py", line 174, in _reader
    for line in iter(pipe.readline, ""):
  File "<frozen codecs>", line 322, in decode
UnicodeDecodeError: 'utf-8' codec can't decode byte 0xa8 in position 57: invalid start byte
Exception in thread Thread-10 (_reader):
Traceback (most recent call last):
  File "/usr/lib/python3.12/threading.py", line 1073, in _bootstrap_inner
    self.run()
  File "/usr/lib/python3.12/threading.py", line 1010, in run
    self._target(*self._args, **self._kwargs)
  File "/home/yunwei37/workspace/gpu/gpu_ext/workloads/xsched/level2/run_tool_pair.py", line 174, in _reader
Exception in thread Thread-8 (_reader):
Traceback (most recent call last):
    for line in iter(pipe.readline, ""):
  File "/usr/lib/python3.12/threading.py", line 1073, in _bootstrap_inner
  File "<frozen codecs>", line 322, in decode
UnicodeDecodeError    : self.run()'utf-8' codec can't decode byte 0xec in position 1019: invalid continuation byte

  File "/usr/lib/python3.12/threading.py", line 1010, in run
    self._target(*self._args, **self._kwargs)
  File "/home/yunwei37/workspace/gpu/gpu_ext/workloads/xsched/level2/run_tool_pair.py", line 174, in _reader
Exception in thread Thread-4 (_reader):
Traceback (most recent call last):
    for line in iter(pipe.readline, ""):
  File "<frozen codecs>", line 322, in decode
  File "/usr/lib/python3.12/threading.py", line 1073, in _bootstrap_inner
UnicodeDecodeError: 'utf-8' codec can't decode byte 0xf7 in position 668: invalid start byte
    self.run()
  File "/usr/lib/python3.12/threading.py", line 1010, in run
    self._target(*self._args, **self._kwargs)
  File "/home/yunwei37/workspace/gpu/gpu_ext/workloads/xsched/level2/run_tool_pair.py", line 174, in _reader
    for line in iter(pipe.readline, ""):
  File "<frozen codecs>", line 322, in decode
UnicodeDecodeError: 'utf-8' codec can't decode byte 0xa7 in position 58: invalid start byte
Traceback (most recent call last):
  File "/home/yunwei37/workspace/gpu/gpu_ext/workloads/xsched/level2/native/run_native_blob.py", line 346, in <module>
    raise SystemExit(main())
                     ^^^^^^
  File "/home/yunwei37/workspace/gpu/gpu_ext/workloads/xsched/level2/native/run_native_blob.py", line 332, in main
    record = run_native_cell(block, "paired", cell_dir, args.workload,
             ^^^^^^^^^^^^^^^^^^^^^^^^^^^^^^^^^^^^^^^^^^^^^^^^^^^^^^^^^
  File "/home/yunwei37/workspace/gpu/gpu_ext/workloads/xsched/level2/native/run_native_blob.py", line 137, in run_native_cell
    running_events = [worker.wait_event("running") for worker in be_workers]
                      ^^^^^^^^^^^^^^^^^^^^^^^^^^^^
  File "/home/yunwei37/workspace/gpu/gpu_ext/workloads/xsched/level2/run_tool_pair.py", line 197, in wait_event
    raise RuntimeError(
RuntimeError: be1 exited -11 before running: [XSCHED INFO @ T 109182 @ 23:55:50.480006] native-700 probe 3: binary kernel=1408 B guardian=640 B ep_inst=0x70d752600200 regs=16->32 barriers=1->1; [XSCHED INFO @ T 109463 @ 23:55:50.480247] native-700 probe 2: type=1 preempt_buf=0x302000000 guardian=0x70d752600200 entry=0x124070102303232 idx=1 killable=0; [XSCHED INFO @ T 109463 @ 23:55:50.480252] native-700 probe 2: readback equal=1 byte0=0x00 byte8=0x00 byte16=0x01; [XSCHED INFO @ T 109463 @ 23:55:50.480261] native-700 probe 2: launch ret=701; [XSCHED ERRO @ T 109463 @ 23:55:50.480264] cuda error 701: too many resources requested for launch @ /home/yunwei37/workspace/gpu/gpu_ext/workloads/xsched/level2-build/.output/hal-native-20260908.i8na51/source/platforms/cuda/hal/src/level2/instrument.cpp:377; [XSCHED INFO @ T 109466 @ 23:55:50.480266] native-700 probe 2: type=1 preempt_buf=0x382000000 guardian=0x70d752600200 entry=0x124070102303232 idx=1 killable=0; [XSCHED INFO @ T 109466 @ 23:55:50.480273] native-700 probe 2: readback equal=1 byte0=0x00 byte8=0x00 byte16=0x01; [XSCHED INFO @ T 109466 @ 23:55:50.480279] native-700 probe 2: launch ret=4
