[2026-09-09 04:27:48][warning][537420] Calling original ioctl: 8 3223340586 140737317905648
[2026-09-09 04:27:48][warning][537420] Calling original ioctl: 8 3223340586 140737317905664
[2026-09-09 04:27:48][warning][537420] Calling original ioctl: 8 3223340586 140737317905712
[2026-09-09 04:27:48][warning][537420] Calling original ioctl: 9 25 140737317910032
[2026-09-09 04:27:48][warning][537420] Calling original ioctl: 8 3224389163 140737317907296
[2026-09-09 04:27:48][warning][537420] Calling original ioctl: 9 73 140737317906480
[2026-09-09 04:27:48][warning][537420] Calling original ioctl: 9 33 140737317897248
[2026-09-09 04:27:48][warning][537420] Calling original ioctl: 8 3224389163 140737317906976
[2026-09-09 04:27:48][warning][537420] Calling original ioctl: 9 73 140737317906160
[2026-09-09 04:27:48][warning][537420] Calling original ioctl: 9 33 140737317896928
[2026-09-09 04:27:48][warning][537420] Calling original ioctl: 8 3224389163 140737317906976
[2026-09-09 04:27:48][warning][537420] Calling original ioctl: 9 73 140737317906160
[2026-09-09 04:27:48][warning][537420] Calling original ioctl: 9 33 140737317896928
[2026-09-09 04:27:48][warning][537420] Calling original ioctl: 8 3224389163 140737317907472
[2026-09-09 04:27:48][warning][537420] Calling original ioctl: 9 73 140737317906656
[2026-09-09 04:27:48][warning][537420] Calling original ioctl: 9 33 140737317897424
[2026-09-09 04:27:48][warning][537420] Calling original ioctl: 8 3224389163 140737317909152
[2026-09-09 04:27:48][warning][537420] Calling original ioctl: 8 3224389163 140737317909136
[2026-09-09 04:27:48][warning][537420] Calling original ioctl: 8 3224389163 140737317905376
[2026-09-09 04:27:48][warning][537420] Calling original ioctl: 8 3223340586 140737317900960
[2026-09-09 04:27:48][warning][537420] Calling original ioctl: 8 3224913486 140737317905504
[2026-09-09 04:27:48][warning][537420] Calling original ioctl: 8 3223864926 140737317905456
[2026-09-09 04:27:48][warning][537420] Calling original ioctl: 9 73 140737317904560
[2026-09-09 04:27:48][warning][537420] Calling original ioctl: 9 33 140737317895328
[2026-09-09 04:27:48][warning][537420] Calling original ioctl: 8 3224389163 140737317904912
[2026-09-09 04:27:48][warning][537420] Calling original ioctl: 8 3223340586 140737317900496
[2026-09-09 04:27:48][warning][537420] Calling original ioctl: 8 3224913486 140737317905040
[2026-09-09 04:27:48][warning][537420] Calling original ioctl: 9 73 140737317904096
[2026-09-09 04:27:48][warning][537420] Calling original ioctl: 9 33 140737317894864
[2026-09-09 04:27:48][warning][537420] Calling original ioctl: 8 3224389163 140737317905760
[2026-09-09 04:27:48][warning][537420] Calling original ioctl: 8 3223340586 140737317901344
[2026-09-09 04:27:48][warning][537420] Calling original ioctl: 8 3224913486 140737317905888
[2026-09-09 04:27:48][warning][537420] Calling original ioctl: 8 3224389163 140737317907616
[2026-09-09 04:27:48][warning][537420] Calling original ioctl: 8 3223340586 140737317903648
[2026-09-09 04:27:48][warning][537420] Calling original ioctl: 8 3224389163 140737317907904
[2026-09-09 04:27:48][warning][537420] Calling original ioctl: 8 3223340586 140737317903584
[2026-09-09 04:27:48][warning][537420] Calling original ioctl: 8 3224389163 140737317907904
[2026-09-09 04:27:48][warning][537420] Calling original ioctl: 8 3223340586 140737317903584
[2026-09-09 04:27:48][warning][537420] Calling original ioctl: 8 3223340586 140737317903664
[2026-09-09 04:27:48][warning][537420] Calling original ioctl: 8 3223340586 140737317903664
[2026-09-09 04:27:48][warning][537420] Calling original ioctl: 8 3224389163 140737317906560
[2026-09-09 04:27:48][warning][537420] Calling original ioctl: 8 3223340586 140737317902144
[2026-09-09 04:27:48][warning][537420] Calling original ioctl: 8 3224913486 140737317906688
[2026-09-09 04:27:48][warning][537420] Calling original ioctl: 9 73 140737317905744
[2026-09-09 04:27:48][warning][537420] Calling original ioctl: 9 33 140737317896512
[2026-09-09 04:27:48][warning][537420] Calling original ioctl: 8 3224389163 140737317905760
[2026-09-09 04:27:48][warning][537420] Calling original ioctl: 8 3223340586 140737317901344
[2026-09-09 04:27:48][warning][537420] Calling original ioctl: 8 3224913486 140737317905888
[2026-09-09 04:27:48][warning][537420] Calling original ioctl: 8 3224389163 140737317907616
[2026-09-09 04:27:48][warning][537420] Calling original ioctl: 8 3223340586 140737317903648
[2026-09-09 04:27:48][warning][537420] Calling original ioctl: 8 3224389163 140737317907904
[2026-09-09 04:27:48][warning][537420] Calling original ioctl: 8 3223340586 140737317903584
[2026-09-09 04:27:48][warning][537420] Calling original ioctl: 8 3223340586 140737317903664
[2026-09-09 04:27:48][warning][537420] Calling original ioctl: 8 3223340586 140737317903664
[2026-09-09 04:27:48][warning][537420] Calling original ioctl: 8 3224389163 140737317905760
[2026-09-09 04:27:48][warning][537420] Calling original ioctl: 8 3223340586 140737317901344
[2026-09-09 04:27:48][warning][537420] Calling original ioctl: 8 3224913486 140737317905888
[2026-09-09 04:27:48][warning][537420] Calling original ioctl: 8 3224389163 140737317907616
[2026-09-09 04:27:48][warning][537420] Calling original ioctl: 8 3223340586 140737317903648
[2026-09-09 04:27:48][warning][537420] Calling original ioctl: 8 3224389163 140737317907904
[2026-09-09 04:27:48][warning][537420] Calling original ioctl: 8 3223340586 140737317903584
[2026-09-09 04:27:48][warning][537420] Calling original ioctl: 8 3224389163 140737317907904
[2026-09-09 04:27:48][warning][537420] Calling original ioctl: 8 3223340586 140737317903584
[2026-09-09 04:27:48][warning][537420] Calling original ioctl: 8 3223340586 140737317903664
[2026-09-09 04:27:48][warning][537420] Calling original ioctl: 8 3223340586 140737317903664
[2026-09-09 04:27:48][warning][537420] Calling original ioctl: 8 3224389163 140737317905760
[2026-09-09 04:27:48][warning][537420] Calling original ioctl: 8 3223340586 140737317901344
[2026-09-09 04:27:48][warning][537420] Calling original ioctl: 8 3224913486 140737317905888
[2026-09-09 04:27:48][warning][537420] Calling original ioctl: 8 3224389163 140737317907616
[2026-09-09 04:27:48][warning][537420] Calling original ioctl: 8 3223340586 140737317903648
[2026-09-09 04:27:48][warning][537420] Calling original ioctl: 8 3224389163 140737317907904
[2026-09-09 04:27:48][warning][537420] Calling original ioctl: 8 3223340586 140737317903584
[2026-09-09 04:27:48][warning][537420] Calling original ioctl: 8 3223340586 140737317903664
[2026-09-09 04:27:48][warning][537420] Calling original ioctl: 8 3223340586 140737317903664
[2026-09-09 04:27:48][warning][537420] Calling original ioctl: 8 3224389163 140737317905760
[2026-09-09 04:27:48][warning][537420] Calling original ioctl: 8 3223340586 140737317901344
[2026-09-09 04:27:48][warning][537420] Calling original ioctl: 8 3224913486 140737317905888
[2026-09-09 04:27:48][warning][537420] Calling original ioctl: 8 3224389163 140737317907616
[2026-09-09 04:27:48][warning][537420] Calling original ioctl: 8 3223340586 140737317903648
[2026-09-09 04:27:48][warning][537420] Calling original ioctl: 8 3224389163 140737317907904
[2026-09-09 04:27:48][warning][537420] Calling original ioctl: 8 3223340586 140737317903584
[2026-09-09 04:27:48][warning][537420] Calling original ioctl: 8 3224389163 140737317907904
[2026-09-09 04:27:48][warning][537420] Calling original ioctl: 8 3223340586 140737317903584
[2026-09-09 04:27:48][warning][537420] Calling original ioctl: 8 3223340586 140737317903664
[2026-09-09 04:27:48][warning][537420] Calling original ioctl: 8 3223340586 140737317903664
[2026-09-09 04:27:48][warning][537420] Calling original ioctl: 8 3224389163 140737317905760
[2026-09-09 04:27:48][warning][537420] Calling original ioctl: 8 3223340586 140737317901344
[2026-09-09 04:27:48][warning][537420] Calling original ioctl: 8 3224913486 140737317905888
[2026-09-09 04:27:48][warning][537420] Calling original ioctl: 8 3224389163 140737317907616
[2026-09-09 04:27:48][warning][537420] Calling original ioctl: 8 3223340586 140737317903648
[2026-09-09 04:27:48][warning][537420] Calling original ioctl: 8 3224389163 140737317907904
[2026-09-09 04:27:48][warning][537420] Calling original ioctl: 8 3223340586 140737317903584
[2026-09-09 04:27:48][warning][537420] Calling original ioctl: 8 3223340586 140737317903664
[2026-09-09 04:27:48][warning][537420] Calling original ioctl: 8 3223340586 140737317903664
[2026-09-09 04:27:48][warning][537420] Calling original ioctl: 8 3224389163 140737317905760
[2026-09-09 04:27:48][warning][537420] Calling original ioctl: 8 3223340586 140737317901344
[2026-09-09 04:27:48][warning][537420] Calling original ioctl: 8 3224913486 140737317905888
[2026-09-09 04:27:48][warning][537420] Calling original ioctl: 8 3224389163 140737317907616
[2026-09-09 04:27:48][warning][537420] Calling original ioctl: 8 3223340586 140737317903648
[2026-09-09 04:27:48][warning][537420] Calling original ioctl: 8 3224389163 140737317907904
[2026-09-09 04:27:48][warning][537420] Calling original ioctl: 8 3223340586 140737317903584
[2026-09-09 04:27:48][warning][537420] Calling original ioctl: 8 3224389163 140737317907904
[2026-09-09 04:27:48][warning][537420] Calling original ioctl: 8 3223340586 140737317903584
[2026-09-09 04:27:48][warning][537420] Calling original ioctl: 8 3223340586 140737317903664
[2026-09-09 04:27:48][warning][537420] Calling original ioctl: 8 3223340586 140737317903664
[2026-09-09 04:27:48][warning][537420] Calling original ioctl: 8 3224389163 140737317905760
[2026-09-09 04:27:48][warning][537420] Calling original ioctl: 8 3223340586 140737317901344
[2026-09-09 04:27:48][warning][537420] Calling original ioctl: 8 3224913486 140737317905888
[2026-09-09 04:27:48][warning][537420] Calling original ioctl: 8 3224389163 140737317907616
[2026-09-09 04:27:48][warning][537420] Calling original ioctl: 8 3223340586 140737317903648
[2026-09-09 04:27:48][warning][537420] Calling original ioctl: 8 3224389163 140737317907904
[2026-09-09 04:27:48][warning][537420] Calling original ioctl: 8 3223340586 140737317903584
[2026-09-09 04:27:48][warning][537420] Calling original ioctl: 8 3223340586 140737317903664
[2026-09-09 04:27:48][warning][537420] Calling original ioctl: 8 3223340586 140737317903664
[2026-09-09 04:27:48][warning][537420] Calling original ioctl: 9 27 140737317909584
[2026-09-09 04:27:48][warning][537420] Calling original ioctl: 9 27 140737317909584
[2026-09-09 04:27:48][warning][537420] Calling original ioctl: 9 27 140737317909584
[2026-09-09 04:27:48][warning][537420] Calling original ioctl: 9 27 140737317909584
[2026-09-09 04:27:48][warning][537420] Calling original ioctl: 9 27 140737317909584
[2026-09-09 04:27:48][warning][537420] Calling original ioctl: 9 27 140737317909584
[2026-09-09 04:27:48][warning][537420] Calling original ioctl: 9 27 140737317909584
[2026-09-09 04:27:48][warning][537420] Calling original ioctl: 9 27 140737317909584
[2026-09-09 04:27:48][warning][537420] Calling original ioctl: 8 3223340586 140737317905248
[2026-09-09 04:27:48][warning][537420] Calling original ioctl: 17 3221505737 140737317909344
[2026-09-09 04:27:48][warning][537420] Calling original ioctl: 17 3222292174 140737317909328
[2026-09-09 04:27:48][warning][537420] Calling original ioctl: 17 3224389163 140737317909312
[2026-09-09 04:27:48][warning][537420] Calling original ioctl: 8 3224389163 140737317909152
[2026-09-09 04:27:48][warning][537420] Calling original ioctl: 8 3224389163 140737317905760
[2026-09-09 04:27:48][warning][537420] Calling original ioctl: 8 3223340586 140737317901344
[2026-09-09 04:27:48][warning][537420] Calling original ioctl: 8 3224913486 140737317905888
[2026-09-09 04:27:48][warning][537420] Calling original ioctl: 8 3224389163 140737317907616
[2026-09-09 04:27:48][warning][537420] Calling original ioctl: 8 3223340586 140737317903648
[2026-09-09 04:27:48][warning][537420] Calling original ioctl: 8 3224389163 140737317907904
[2026-09-09 04:27:48][warning][537420] Calling original ioctl: 8 3223340586 140737317903584
[2026-09-09 04:27:48][warning][537420] Calling original ioctl: 8 3223340586 140737317903664
[2026-09-09 04:27:48][warning][537420] Calling original ioctl: 8 3224389163 140737317905760
[2026-09-09 04:27:48][warning][537420] Calling original ioctl: 8 3223340586 140737317901344
[2026-09-09 04:27:48][warning][537420] Calling original ioctl: 8 3224913486 140737317905888
[2026-09-09 04:27:48][warning][537420] Calling original ioctl: 8 3224389163 140737317907616
[2026-09-09 04:27:48][warning][537420] Calling original ioctl: 8 3223340586 140737317903648
[2026-09-09 04:27:48][warning][537420] Calling original ioctl: 8 3224389163 140737317907904
[2026-09-09 04:27:48][warning][537420] Calling original ioctl: 8 3223340586 140737317903584
[2026-09-09 04:27:48][warning][537420] Calling original ioctl: 8 3223340586 140737317903664
[2026-09-09 04:27:48][warning][537420] Calling original ioctl: 8 3224389163 140737317905760
[2026-09-09 04:27:48][warning][537420] Calling original ioctl: 8 3223340586 140737317901344
[2026-09-09 04:27:48][warning][537420] Calling original ioctl: 8 3224913486 140737317905888
[2026-09-09 04:27:48][warning][537420] Calling original ioctl: 8 3224389163 140737317907616
[2026-09-09 04:27:48][warning][537420] Calling original ioctl: 8 3223340586 140737317903648
[2026-09-09 04:27:48][warning][537420] Calling original ioctl: 8 3224389163 140737317907904
[2026-09-09 04:27:48][warning][537420] Calling original ioctl: 8 3223340586 140737317903584
[2026-09-09 04:27:48][warning][537420] Calling original ioctl: 8 3223340586 140737317903664
[2026-09-09 04:27:48][warning][537420] Calling original ioctl: 8 3224389163 140737317905760
[2026-09-09 04:27:48][warning][537420] Calling original ioctl: 8 3223340586 140737317901344
[2026-09-09 04:27:48][warning][537420] Calling original ioctl: 8 3224913486 140737317905888
[2026-09-09 04:27:48][warning][537420] Calling original ioctl: 8 3224389163 140737317907616
[2026-09-09 04:27:48][warning][537420] Calling original ioctl: 8 3223340586 140737317903648
[2026-09-09 04:27:48][warning][537420] Calling original ioctl: 8 3224389163 140737317907904
[2026-09-09 04:27:48][warning][537420] Calling original ioctl: 8 3223340586 140737317903584
[2026-09-09 04:27:48][warning][537420] Calling original ioctl: 8 3223340586 140737317903664
[2026-09-09 04:27:48][warning][537420] Calling original ioctl: 9 27 140737317909584
[2026-09-09 04:27:48][warning][537420] Calling original ioctl: 9 27 140737317909584
[2026-09-09 04:27:48][warning][537420] Calling original ioctl: 9 27 140737317909584
[2026-09-09 04:27:48][warning][537420] Calling original ioctl: 9 27 140737317909584
[2026-09-09 04:27:48][warning][537420] Calling original ioctl: 8 3223340586 140737317905248
[2026-09-09 04:27:48][warning][537420] Calling original ioctl: 19 3221505737 140737317909344
[2026-09-09 04:27:48][warning][537420] Calling original ioctl: 19 3222292174 140737317909328
[2026-09-09 04:27:48][warning][537420] Calling original ioctl: 19 3224389163 140737317909312
[2026-09-09 04:27:48][warning][537420] Calling original ioctl: 8 3224389163 140737317909152
[2026-09-09 04:27:48][warning][537420] Calling original ioctl: 8 3224389163 140737317905760
[2026-09-09 04:27:48][warning][537420] Calling original ioctl: 8 3223340586 140737317901344
[2026-09-09 04:27:48][warning][537420] Calling original ioctl: 8 3224913486 140737317905888
[2026-09-09 04:27:48][warning][537420] Calling original ioctl: 8 3224389163 140737317907616
[2026-09-09 04:27:48][warning][537420] Calling original ioctl: 8 3223340586 140737317903648
[2026-09-09 04:27:48][warning][537420] Calling original ioctl: 8 3224389163 140737317907904
[2026-09-09 04:27:48][warning][537420] Calling original ioctl: 8 3223340586 140737317903584
[2026-09-09 04:27:48][warning][537420] Calling original ioctl: 8 3223340586 140737317903664
[2026-09-09 04:27:48][warning][537420] Calling original ioctl: 8 3224389163 140737317905760
[2026-09-09 04:27:48][warning][537420] Calling original ioctl: 8 3223340586 140737317901344
[2026-09-09 04:27:48][warning][537420] Calling original ioctl: 8 3224913486 140737317905888
[2026-09-09 04:27:48][warning][537420] Calling original ioctl: 8 3224389163 140737317907616
[2026-09-09 04:27:48][warning][537420] Calling original ioctl: 8 3223340586 140737317903648
[2026-09-09 04:27:48][warning][537420] Calling original ioctl: 8 3224389163 140737317907904
[2026-09-09 04:27:48][warning][537420] Calling original ioctl: 8 3223340586 140737317903584
[2026-09-09 04:27:48][warning][537420] Calling original ioctl: 8 3223340586 140737317903664
[2026-09-09 04:27:48][warning][537420] Calling original ioctl: 8 3224389163 140737317905760
[2026-09-09 04:27:48][warning][537420] Calling original ioctl: 8 3223340586 140737317901344
[2026-09-09 04:27:48][warning][537420] Calling original ioctl: 8 3224913486 140737317905888
[2026-09-09 04:27:48][warning][537420] Calling original ioctl: 8 3224389163 140737317907616
[2026-09-09 04:27:48][warning][537420] Calling original ioctl: 8 3223340586 140737317903648
[2026-09-09 04:27:48][warning][537420] Calling original ioctl: 8 3224389163 140737317907904
[2026-09-09 04:27:48][warning][537420] Calling original ioctl: 8 3223340586 140737317903584
[2026-09-09 04:27:48][warning][537420] Calling original ioctl: 8 3223340586 140737317903664
[2026-09-09 04:27:48][warning][537420] Calling original ioctl: 8 3224389163 140737317905760
[2026-09-09 04:27:48][warning][537420] Calling original ioctl: 8 3223340586 140737317901344
[2026-09-09 04:27:48][warning][537420] Calling original ioctl: 8 3224913486 140737317905888
[2026-09-09 04:27:48][warning][537420] Calling original ioctl: 8 3224389163 140737317907616
[2026-09-09 04:27:48][warning][537420] Calling original ioctl: 8 3223340586 140737317903648
[2026-09-09 04:27:48][warning][537420] Calling original ioctl: 8 3224389163 140737317907904
[2026-09-09 04:27:48][warning][537420] Calling original ioctl: 8 3223340586 140737317903584
[2026-09-09 04:27:48][warning][537420] Calling original ioctl: 8 3223340586 140737317903664
[2026-09-09 04:27:48][warning][537420] Calling original ioctl: 9 27 140737317909584
[2026-09-09 04:27:48][warning][537420] Calling original ioctl: 9 27 140737317909584
[2026-09-09 04:27:48][warning][537420] Calling original ioctl: 9 27 140737317909584
[2026-09-09 04:27:48][warning][537420] Calling original ioctl: 9 27 140737317909584
[2026-09-09 04:27:48][warning][537420] Calling original ioctl: 8 3223340586 140737317905248
[2026-09-09 04:27:48][warning][537420] Calling original ioctl: 21 3221505737 140737317909344
[2026-09-09 04:27:48][warning][537420] Calling original ioctl: 21 3222292174 140737317909328
[2026-09-09 04:27:48][warning][537420] Calling original ioctl: 21 3224389163 140737317909312
[2026-09-09 04:27:48][warning][537420] Calling original ioctl: 8 3224389163 140737317906784
[2026-09-09 04:27:48][warning][537420] Calling original ioctl: 8 3223340586 140737317902368
[2026-09-09 04:27:48][warning][537420] Calling original ioctl: 8 3224913486 140737317906912
[2026-09-09 04:27:48][warning][537420] Calling original ioctl: 9 73 140737317905968
[2026-09-09 04:27:48][warning][537420] Calling original ioctl: 9 33 140737317896736
[2026-09-09 04:27:48][warning][537420] Calling original ioctl: 8 3224389163 140737317907088
[2026-09-09 04:27:48][warning][537420] Calling original ioctl: 9 73 140737317906272
[2026-09-09 04:27:48][warning][537420] Calling original ioctl: 9 33 140737317897040
[2026-09-09 04:27:48][warning][537420] Calling original ioctl: 9 68 140737317896432
[2026-09-09 04:27:48][warning][537420] Calling original ioctl: 9 72 140737317905536
[2026-09-09 04:27:48][warning][537420] Calling original ioctl: 9 23 140737317909888
[2026-09-09 04:27:48][warning][537420] Calling original ioctl: 9 23 140737317909888
[2026-09-09 04:27:48][warning][537420] Calling original ioctl: 9 23 140737317909888
[2026-09-09 04:27:48][warning][537420] Calling original ioctl: 9 23 140737317909888
[2026-09-09 04:27:48][warning][537420] Calling original ioctl: 8 3224389163 140737317907088
[2026-09-09 04:27:48][warning][537420] Calling original ioctl: 9 73 140737317906272
[2026-09-09 04:27:48][warning][537420] Calling original ioctl: 9 33 140737317897040
[2026-09-09 04:27:48][warning][537420] Calling original ioctl: 9 23 140737317909888
[2026-09-09 04:27:48][warning][537420] Calling original ioctl: 9 23 140737317909888
[2026-09-09 04:27:48][warning][537420] Calling original ioctl: 9 23 140737317909888
[2026-09-09 04:27:48][warning][537420] Calling original ioctl: 8 3224389163 140737317906512
[2026-09-09 04:27:48][warning][537420] Calling original ioctl: 8 3223340586 140737317902096
[2026-09-09 04:27:48][warning][537420] Calling original ioctl: 8 3224913486 140737317906640
[2026-09-09 04:27:48][warning][537420] Calling original ioctl: 9 73 140737317905696
[2026-09-09 04:27:48][warning][537420] Calling original ioctl: 9 33 140737317896464
[2026-09-09 04:27:48][warning][537420] Calling original ioctl: 12 3224913447 140737317906496
[2026-09-09 04:27:48][warning][537420] Calling original ioctl: 9 73 140737317905696
[2026-09-09 04:27:48][warning][537420] Calling original ioctl: 9 33 140737317896464
[2026-09-09 04:27:48][warning][537420] Calling original ioctl: 8 3224389163 140737317907376
[2026-09-09 04:27:48][warning][537420] Calling original ioctl: 9 73 140737317906560
[2026-09-09 04:27:48][warning][537420] Calling original ioctl: 9 33 140737317897328
[2026-09-09 04:27:48][warning][537420] Calling original ioctl: 12 3224913447 140737317906752
[2026-09-09 04:27:48][warning][537420] Calling original ioctl: 9 73 140737317905952
[2026-09-09 04:27:48][warning][537420] Calling original ioctl: 9 33 140737317896720
[2026-09-09 04:27:48][warning][537420] Calling original ioctl: 8 3224389163 140737317906768
[2026-09-09 04:27:48][warning][537420] Calling original ioctl: 9 73 140737317905952
[2026-09-09 04:27:48][warning][537420] Calling original ioctl: 9 33 140737317896720
[2026-09-09 04:27:48][warning][537420] Calling original ioctl: 9 65 140737317907040
[2026-09-09 04:27:48][warning][537420] Calling original ioctl: 12 3224913447 140737317907856
[2026-09-09 04:27:48][warning][537420] Calling original ioctl: 9 73 140737317907056
[2026-09-09 04:27:48][warning][537420] Calling original ioctl: 9 33 140737317897824
[2026-09-09 04:27:48][warning][537420] Calling original ioctl: 8 3224389163 140737317907872
[2026-09-09 04:27:48][warning][537420] Calling original ioctl: 9 73 140737317907056
[2026-09-09 04:27:48][warning][537420] Calling original ioctl: 9 33 140737317897824
[2026-09-09 04:27:48][warning][537420] Calling original ioctl: 8 3224389163 140737317907440
[2026-09-09 04:27:48][warning][537420] Calling original ioctl: 8 3223340586 140737317903024
[2026-09-09 04:27:48][warning][537420] Calling original ioctl: 8 3224913486 140737317907568
[2026-09-09 04:27:48][warning][537420] Calling original ioctl: 9 73 140737317906624
[2026-09-09 04:27:48][warning][537420] Calling original ioctl: 9 33 140737317897392
[2026-09-09 04:27:48][warning][537420] Calling original ioctl: 8 3224389163 140737317905152
[2026-09-09 04:27:48][warning][537420] Calling original ioctl: 9 73 140737317904336
[2026-09-09 04:27:48][warning][537420] Calling original ioctl: 9 33 140737317895104
[2026-09-09 04:27:48][warning][537420] Calling original ioctl: 8 3224389163 140737317905072
[2026-09-09 04:27:48][warning][537420] Calling original ioctl: 9 73 140737317904256
[2026-09-09 04:27:48][warning][537420] Calling original ioctl: 9 33 140737317895024
[2026-09-09 04:27:48][warning][537420] Calling original ioctl: 8 3224389163 140737317905072
[2026-09-09 04:27:48][warning][537420] Calling original ioctl: 9 73 140737317904256
[2026-09-09 04:27:48][warning][537420] Calling original ioctl: 9 33 140737317895024
[2026-09-09 04:27:48][warning][537420] Calling original ioctl: 12 3224913447 140737317907408
[2026-09-09 04:27:48][warning][537420] Calling original ioctl: 9 73 140737317906608
[2026-09-09 04:27:48][warning][537420] Calling original ioctl: 9 33 140737317897376
[2026-09-09 04:27:48][warning][537420] Calling original ioctl: 8 3224389163 140737317910016
[2026-09-09 04:27:48][warning][537420] Calling original ioctl: 8 3224389163 140737317906912
[2026-09-09 04:27:48][warning][537420] Calling original ioctl: 8 3223340586 140737317902496
[2026-09-09 04:27:48][warning][537420] Calling original ioctl: 8 3224913486 140737317907040
[2026-09-09 04:27:48][warning][537420] Calling original ioctl: 9 73 140737317906096
[2026-09-09 04:27:48][warning][537420] Calling original ioctl: 9 33 140737317896864
[2026-09-09 04:27:48][warning][537420] Calling original ioctl: 8 3224389163 140737317907232
[2026-09-09 04:27:48][warning][537420] Calling original ioctl: 9 73 140737317906416
[2026-09-09 04:27:48][warning][537420] Calling original ioctl: 9 33 140737317897184
[2026-09-09 04:27:48][warning][537420] Calling original ioctl: 8 3224389163 140737317907232
[2026-09-09 04:27:48][warning][537420] Calling original ioctl: 9 73 140737317906416
[2026-09-09 04:27:48][warning][537420] Calling original ioctl: 9 33 140737317897184
[2026-09-09 04:27:48][warning][537420] Calling original ioctl: 24 3221505737 140737317909680
[2026-09-09 04:27:48][warning][537420] Calling original ioctl: 24 3222292174 140737317909664
[2026-09-09 04:27:48][warning][537420] Calling original ioctl: 24 3224389163 140737317909648
[2026-09-09 04:27:48][warning][537420] Calling original ioctl: 26 3221505737 140737317909680
[2026-09-09 04:27:48][warning][537420] Calling original ioctl: 26 3222292174 140737317909664
[2026-09-09 04:27:48][warning][537420] Calling original ioctl: 26 3224389163 140737317909648
[2026-09-09 04:27:48][warning][537420] Calling original ioctl: 28 3221505737 140737317909680
[2026-09-09 04:27:48][warning][537420] Calling original ioctl: 28 3222292174 140737317909664
[2026-09-09 04:27:48][warning][537420] Calling original ioctl: 28 3224389163 140737317909648
[2026-09-09 04:27:48][warning][537420] Calling original ioctl: 30 3221505737 140737317909680
[2026-09-09 04:27:48][warning][537420] Calling original ioctl: 30 3222292174 140737317909664
[2026-09-09 04:27:48][warning][537420] Calling original ioctl: 30 3224389163 140737317909648
[2026-09-09 04:27:48][warning][537420] Calling original ioctl: 8 3223340586 140737317905392
[2026-09-09 04:27:48][warning][537420] Calling original ioctl: 8 3223340586 140737317905568
[2026-09-09 04:27:48][warning][537420] Calling original ioctl: 8 3223340586 140737317905728
[2026-09-09 04:27:48][warning][537420] Calling original ioctl: 8 3224389163 140737317907200
[2026-09-09 04:27:48][warning][537420] Calling original ioctl: 9 73 140737317906384
[2026-09-09 04:27:48][warning][537420] Calling original ioctl: 9 33 140737317897152
[2026-09-09 04:27:48][warning][537420] Calling original ioctl: 8 3223340586 140737317905728
libbpf: loading object 'full_record_device_buffer_bpf' from buffer
libbpf: elf: section(2) .symtab, size 240, link 1, flags 0, type=2
libbpf: elf: section(3) kretprobe/_Z9rope_normILb1ELb0Ef6__halfEvPKT1_PT2_iiiiiPKifff14rope_corr_dimsfPKfPKli, size 1152, link 0, flags 6, type=1
libbpf: sec 'kretprobe/_Z9rope_normILb1ELb0Ef6__halfEvPKT1_PT2_iiiiiPKifff14rope_corr_dimsfPKfPKli': found program 'cuda__retprobe' at insn offset 0 (0 bytes), code size 144 insns (1152 bytes)
libbpf: elf: section(4) .maps, size 32, link 0, flags 3, type=1
libbpf: elf: section(5) license, size 4, link 0, flags 3, type=1
libbpf: license of full_record_device_buffer_bpf is GPL
libbpf: elf: section(6) .relkretprobe/_Z9rope_normILb1ELb0Ef6__halfEvPKT1_PT2_iiiiiPKifff14rope_corr_dimsfPKfPKli, size 32, link 2, flags 40, type=9
libbpf: elf: section(7) .BTF, size 2880, link 0, flags 0, type=1
libbpf: elf: section(8) .BTF.ext, size 1232, link 0, flags 0, type=1
libbpf: looking for externs among 10 symbols...
libbpf: collected 0 externs total
libbpf: map 'arena': at sec_idx 4, offset 0.
libbpf: map 'arena': found type = 1503.
libbpf: map 'arena': found key [8], sz = 4.
libbpf: map 'arena': found value [12], sz = 335675408.
libbpf: map 'arena': found max_entries = 32.
libbpf: sec '.relkretprobe/_Z9rope_normILb1ELb0Ef6__halfEvPKT1_PT2_iiiiiPKifff14rope_corr_dimsfPKfPKli': collecting relocation for section(3) 'kretprobe/_Z9rope_normILb1ELb0Ef6__halfEvPKT1_PT2_iiiiiPKifff14rope_corr_dimsfPKfPKli'
libbpf: sec '.relkretprobe/_Z9rope_normILb1ELb0Ef6__halfEvPKT1_PT2_iiiiiPKifff14rope_corr_dimsfPKfPKli': relo #0: insn #71 against 'arena'
libbpf: prog 'cuda__retprobe': found map 0 (arena, sec 4, off 0) for insn #71
libbpf: sec '.relkretprobe/_Z9rope_normILb1ELb0Ef6__halfEvPKT1_PT2_iiiiiPKifff14rope_corr_dimsfPKfPKli': relo #1: insn #85 against 'arena'
libbpf: prog 'cuda__retprobe': found map 0 (arena, sec 4, off 0) for insn #85
libbpf: object 'full_record_dev': failed (-EACCES) to open BPF FS mount at '/sys/fs/bpf', skipping optional step...
libbpf: Kernel doesn't support BTF, skipping uploading it.
libbpf: map 'arena': created successfully, fd=34
Full-record bank count: 32
Full-record slots per bank: 16384
Full-record total slots: 524288
Full-record records per slot: 256
Full-record record bytes: 80
Full-record layout: field-major SoA (warp-contiguous index)
Full-record value bytes (per bank): 335675408
Full-record probe attached; waiting for SIGINT
[2026-09-09 04:28:04][warning][537468] Calling original ioctl: 8 3223340586 131333677221488
[2026-09-09 04:28:49][warning][537420] Calling original ioctl: 8 3223340586 140737317900560
Full-record drain bytes: 10741613056
Full-record drain time ns: 1486602291
Full-record committed records: 23068672
Full-record active slots: 524288
Full-record overflow records: 0
Full-record out-of-range threads: 0
Full-record nonzero timestamps: 23068672
[2026-09-09 04:28:51][warning][537420] Calling original ioctl: 9 34 140737317910512
[2026-09-09 04:28:51][warning][537420] Calling original ioctl: 8 3222292009 140737317910672
[2026-09-09 04:28:51][warning][537420] Calling original ioctl: 9 34 140737317911328
[2026-09-09 04:28:51][warning][537420] Calling original ioctl: 8 3222292009 140737317911488
[2026-09-09 04:28:51][warning][537420] Calling original ioctl: 9 34 140737317911328
[2026-09-09 04:28:51][warning][537420] Calling original ioctl: 8 3222292009 140737317911488
[2026-09-09 04:28:51][warning][537420] Calling original ioctl: 8 3222292009 140737317912208
[2026-09-09 04:28:51][warning][537420] Calling original ioctl: 26 3222292175 140737317912224
[2026-09-09 04:28:51][warning][537420] Calling original ioctl: 8 3222292009 140737317912208
[2026-09-09 04:28:51][warning][537420] Calling original ioctl: 28 3222292175 140737317912224
[2026-09-09 04:28:51][warning][537420] Calling original ioctl: 8 3222292009 140737317912208
[2026-09-09 04:28:51][warning][537420] Calling original ioctl: 24 3222292175 140737317912224
[2026-09-09 04:28:51][warning][537420] Calling original ioctl: 8 3222292009 140737317912208
[2026-09-09 04:28:51][warning][537420] Calling original ioctl: 30 3222292175 140737317912224
[2026-09-09 04:28:51][warning][537420] Calling original ioctl: 9 34 140737317911232
[2026-09-09 04:28:51][warning][537420] Calling original ioctl: 8 3222292009 140737317911392
[2026-09-09 04:28:51][warning][537420] Calling original ioctl: 9 34 140737317911232
[2026-09-09 04:28:51][warning][537420] Calling original ioctl: 8 3222292009 140737317911392
[2026-09-09 04:28:51][warning][537420] Calling original ioctl: 9 34 140737317911360
[2026-09-09 04:28:51][warning][537420] Calling original ioctl: 8 3223340623 140737317911568
[2026-09-09 04:28:51][warning][537420] Calling original ioctl: 8 3222292009 140737317911520
[2026-09-09 04:28:51][warning][537420] Calling original ioctl: 8 3222292009 140737317912288
[2026-09-09 04:28:51][warning][537420] Calling original ioctl: 9 34 140737317911344
[2026-09-09 04:28:51][warning][537420] Calling original ioctl: 8 3222292009 140737317911504
[2026-09-09 04:28:51][warning][537420] Calling original ioctl: 9 34 140737317911344
[2026-09-09 04:28:51][warning][537420] Calling original ioctl: 8 3223340623 140737317911552
[2026-09-09 04:28:51][warning][537420] Calling original ioctl: 8 3222292009 140737317911504
[2026-09-09 04:28:51][warning][537420] Calling original ioctl: 8 3223340586 140737317907216
[2026-09-09 04:28:51][warning][537420] Calling original ioctl: 9 34 140737317911168
[2026-09-09 04:28:51][warning][537420] Calling original ioctl: 8 3222292009 140737317911328
[2026-09-09 04:28:51][warning][537420] Calling original ioctl: 8 3223340586 140737317907216
[2026-09-09 04:28:51][warning][537420] Calling original ioctl: 9 34 140737317911168
[2026-09-09 04:28:51][warning][537420] Calling original ioctl: 8 3222292009 140737317911328
[2026-09-09 04:28:51][warning][537420] Calling original ioctl: 8 3223340586 140737317907216
[2026-09-09 04:28:51][warning][537420] Calling original ioctl: 9 34 140737317911168
[2026-09-09 04:28:51][warning][537420] Calling original ioctl: 8 3222292009 140737317911328
[2026-09-09 04:28:51][warning][537420] Calling original ioctl: 8 3223340586 140737317908112
[2026-09-09 04:28:51][warning][537420] Calling original ioctl: 9 34 140737317911392
[2026-09-09 04:28:51][warning][537420] Calling original ioctl: 9 34 140737317911392
[2026-09-09 04:28:51][warning][537420] Calling original ioctl: 8 3222292009 140737317911552
[2026-09-09 04:28:51][warning][537420] Calling original ioctl: 9 34 140737317911392
[2026-09-09 04:28:51][warning][537420] Calling original ioctl: 8 3222292009 140737317911552
[2026-09-09 04:28:51][warning][537420] Calling original ioctl: 9 34 140737317911344
[2026-09-09 04:28:51][warning][537420] Calling original ioctl: 8 3223340623 140737317911552
[2026-09-09 04:28:51][warning][537420] Calling original ioctl: 8 3222292009 140737317911504
[2026-09-09 04:28:51][warning][537420] Calling original ioctl: 9 24 140737317912384
[2026-09-09 04:28:51][warning][537420] Calling original ioctl: 9 24 140737317912384
[2026-09-09 04:28:51][warning][537420] Calling original ioctl: 9 24 140737317912416
[2026-09-09 04:28:51][warning][537420] Calling original ioctl: 9 24 140737317912384
[2026-09-09 04:28:51][warning][537420] Calling original ioctl: 9 24 140737317912384
[2026-09-09 04:28:51][warning][537420] Calling original ioctl: 9 24 140737317912384
[2026-09-09 04:28:51][warning][537420] Calling original ioctl: 9 24 140737317912384
[2026-09-09 04:28:51][warning][537420] Calling original ioctl: 9 34 140737317911280
[2026-09-09 04:28:51][warning][537420] Calling original ioctl: 8 3222292009 140737317911440
[2026-09-09 04:28:51][warning][537420] Calling original ioctl: 9 34 140737317911280
[2026-09-09 04:28:51][warning][537420] Calling original ioctl: 8 3222292009 140737317911440
[2026-09-09 04:28:51][warning][537420] Calling original ioctl: 9 34 140737317911392
[2026-09-09 04:28:51][warning][537420] Calling original ioctl: 8 3222292009 140737317911552
[2026-09-09 04:28:51][warning][537420] Calling original ioctl: 8 3222292009 140737317912128
[2026-09-09 04:28:51][warning][537420] Calling original ioctl: 17 3222292175 140737317912144
[2026-09-09 04:28:51][warning][537420] Calling original ioctl: 9 28 140737317912256
[2026-09-09 04:28:51][warning][537420] Calling original ioctl: 9 28 140737317912256
[2026-09-09 04:28:51][warning][537420] Calling original ioctl: 9 28 140737317912256
[2026-09-09 04:28:51][warning][537420] Calling original ioctl: 9 28 140737317912256
[2026-09-09 04:28:51][warning][537420] Calling original ioctl: 9 28 140737317912256
[2026-09-09 04:28:51][warning][537420] Calling original ioctl: 9 28 140737317912256
[2026-09-09 04:28:51][warning][537420] Calling original ioctl: 9 28 140737317912256
[2026-09-09 04:28:51][warning][537420] Calling original ioctl: 9 28 140737317912256
[2026-09-09 04:28:51][warning][537420] Calling original ioctl: 8 3222292009 140737317912016
[2026-09-09 04:28:51][warning][537420] Calling original ioctl: 8 3222292009 140737317912016
[2026-09-09 04:28:51][warning][537420] Calling original ioctl: 8 3222292009 140737317912064
[2026-09-09 04:28:51][warning][537420] Calling original ioctl: 8 3223340623 140737317911328
[2026-09-09 04:28:51][warning][537420] Calling original ioctl: 8 3222292009 140737317911280
[2026-09-09 04:28:51][warning][537420] Calling original ioctl: 8 3222292009 140737317912016
[2026-09-09 04:28:51][warning][537420] Calling original ioctl: 8 3222292009 140737317912064
[2026-09-09 04:28:51][warning][537420] Calling original ioctl: 8 3223340623 140737317911328
[2026-09-09 04:28:51][warning][537420] Calling original ioctl: 8 3222292009 140737317911280
[2026-09-09 04:28:51][warning][537420] Calling original ioctl: 8 3222292009 140737317912016
[2026-09-09 04:28:51][warning][537420] Calling original ioctl: 8 3222292009 140737317912016
[2026-09-09 04:28:51][warning][537420] Calling original ioctl: 8 3222292009 140737317912064
[2026-09-09 04:28:51][warning][537420] Calling original ioctl: 8 3223340623 140737317911328
[2026-09-09 04:28:51][warning][537420] Calling original ioctl: 8 3222292009 140737317911280
[2026-09-09 04:28:51][warning][537420] Calling original ioctl: 8 3222292009 140737317912016
[2026-09-09 04:28:51][warning][537420] Calling original ioctl: 8 3222292009 140737317912064
[2026-09-09 04:28:51][warning][537420] Calling original ioctl: 8 3223340623 140737317911328
[2026-09-09 04:28:51][warning][537420] Calling original ioctl: 8 3222292009 140737317911280
[2026-09-09 04:28:51][warning][537420] Calling original ioctl: 8 3222292009 140737317912016
[2026-09-09 04:28:51][warning][537420] Calling original ioctl: 8 3222292009 140737317912016
[2026-09-09 04:28:51][warning][537420] Calling original ioctl: 8 3222292009 140737317912064
[2026-09-09 04:28:51][warning][537420] Calling original ioctl: 8 3223340623 140737317911328
[2026-09-09 04:28:51][warning][537420] Calling original ioctl: 8 3222292009 140737317911280
[2026-09-09 04:28:51][warning][537420] Calling original ioctl: 8 3222292009 140737317912016
[2026-09-09 04:28:51][warning][537420] Calling original ioctl: 8 3222292009 140737317912064
[2026-09-09 04:28:51][warning][537420] Calling original ioctl: 8 3223340623 140737317911328
[2026-09-09 04:28:51][warning][537420] Calling original ioctl: 8 3222292009 140737317911280
[2026-09-09 04:28:51][warning][537420] Calling original ioctl: 8 3222292009 140737317912016
[2026-09-09 04:28:51][warning][537420] Calling original ioctl: 8 3222292009 140737317912016
[2026-09-09 04:28:51][warning][537420] Calling original ioctl: 8 3222292009 140737317912064
[2026-09-09 04:28:51][warning][537420] Calling original ioctl: 8 3223340623 140737317911328
[2026-09-09 04:28:51][warning][537420] Calling original ioctl: 8 3222292009 140737317911280
[2026-09-09 04:28:51][warning][537420] Calling original ioctl: 8 3222292009 140737317912016
[2026-09-09 04:28:51][warning][537420] Calling original ioctl: 8 3222292009 140737317912064
[2026-09-09 04:28:51][warning][537420] Calling original ioctl: 8 3223340623 140737317911328
[2026-09-09 04:28:51][warning][537420] Calling original ioctl: 8 3222292009 140737317911280
[2026-09-09 04:28:51][warning][537420] Calling original ioctl: 8 3222292009 140737317912192
[2026-09-09 04:28:51][warning][537420] Calling original ioctl: 8 3222292009 140737317912160
[2026-09-09 04:28:51][warning][537420] Calling original ioctl: 8 3222292009 140737317912128
[2026-09-09 04:28:51][warning][537420] Calling original ioctl: 19 3222292175 140737317912144
[2026-09-09 04:28:51][warning][537420] Calling original ioctl: 9 28 140737317912256
[2026-09-09 04:28:51][warning][537420] Calling original ioctl: 9 28 140737317912256
[2026-09-09 04:28:51][warning][537420] Calling original ioctl: 9 28 140737317912256
[2026-09-09 04:28:51][warning][537420] Calling original ioctl: 9 28 140737317912256
[2026-09-09 04:28:51][warning][537420] Calling original ioctl: 8 3222292009 140737317912016
[2026-09-09 04:28:51][warning][537420] Calling original ioctl: 8 3222292009 140737317912064
[2026-09-09 04:28:51][warning][537420] Calling original ioctl: 8 3223340623 140737317911328
[2026-09-09 04:28:51][warning][537420] Calling original ioctl: 8 3222292009 140737317911280
[2026-09-09 04:28:51][warning][537420] Calling original ioctl: 8 3222292009 140737317912016
[2026-09-09 04:28:51][warning][537420] Calling original ioctl: 8 3222292009 140737317912064
[2026-09-09 04:28:51][warning][537420] Calling original ioctl: 8 3223340623 140737317911328
[2026-09-09 04:28:51][warning][537420] Calling original ioctl: 8 3222292009 140737317911280
[2026-09-09 04:28:51][warning][537420] Calling original ioctl: 8 3222292009 140737317912016
[2026-09-09 04:28:51][warning][537420] Calling original ioctl: 8 3222292009 140737317912064
[2026-09-09 04:28:51][warning][537420] Calling original ioctl: 8 3223340623 140737317911328
[2026-09-09 04:28:51][warning][537420] Calling original ioctl: 8 3222292009 140737317911280
[2026-09-09 04:28:51][warning][537420] Calling original ioctl: 8 3222292009 140737317912016
[2026-09-09 04:28:51][warning][537420] Calling original ioctl: 8 3222292009 140737317912064
[2026-09-09 04:28:51][warning][537420] Calling original ioctl: 8 3223340623 140737317911328
[2026-09-09 04:28:51][warning][537420] Calling original ioctl: 8 3222292009 140737317911280
[2026-09-09 04:28:51][warning][537420] Calling original ioctl: 8 3222292009 140737317912160
[2026-09-09 04:28:51][warning][537420] Calling original ioctl: 8 3222292009 140737317912128
[2026-09-09 04:28:51][warning][537420] Calling original ioctl: 21 3222292175 140737317912144
[2026-09-09 04:28:51][warning][537420] Calling original ioctl: 9 28 140737317912256
[2026-09-09 04:28:51][warning][537420] Calling original ioctl: 9 28 140737317912256
[2026-09-09 04:28:51][warning][537420] Calling original ioctl: 9 28 140737317912256
[2026-09-09 04:28:51][warning][537420] Calling original ioctl: 9 28 140737317912256
[2026-09-09 04:28:51][warning][537420] Calling original ioctl: 8 3222292009 140737317912016
[2026-09-09 04:28:51][warning][537420] Calling original ioctl: 8 3222292009 140737317912064
[2026-09-09 04:28:51][warning][537420] Calling original ioctl: 8 3223340623 140737317911328
[2026-09-09 04:28:51][warning][537420] Calling original ioctl: 8 3222292009 140737317911280
[2026-09-09 04:28:51][warning][537420] Calling original ioctl: 8 3222292009 140737317912016
[2026-09-09 04:28:51][warning][537420] Calling original ioctl: 8 3222292009 140737317912064
[2026-09-09 04:28:51][warning][537420] Calling original ioctl: 8 3223340623 140737317911328
[2026-09-09 04:28:51][warning][537420] Calling original ioctl: 8 3222292009 140737317911280
[2026-09-09 04:28:51][warning][537420] Calling original ioctl: 8 3222292009 140737317912016
[2026-09-09 04:28:51][warning][537420] Calling original ioctl: 8 3222292009 140737317912064
[2026-09-09 04:28:51][warning][537420] Calling original ioctl: 8 3223340623 140737317911328
[2026-09-09 04:28:51][warning][537420] Calling original ioctl: 8 3222292009 140737317911280
[2026-09-09 04:28:51][warning][537420] Calling original ioctl: 8 3222292009 140737317912016
[2026-09-09 04:28:51][warning][537420] Calling original ioctl: 8 3222292009 140737317912064
[2026-09-09 04:28:51][warning][537420] Calling original ioctl: 8 3223340623 140737317911328
[2026-09-09 04:28:51][warning][537420] Calling original ioctl: 8 3222292009 140737317911280
[2026-09-09 04:28:51][warning][537420] Calling original ioctl: 9 34 140737317911088
[2026-09-09 04:28:51][warning][537420] Calling original ioctl: 8 3223340623 140737317911296
[2026-09-09 04:28:51][warning][537420] Calling original ioctl: 8 3222292009 140737317911248
[2026-09-09 04:28:51][warning][537420] Calling original ioctl: 9 34 140737317911088
[2026-09-09 04:28:51][warning][537420] Calling original ioctl: 8 3223340623 140737317911296
[2026-09-09 04:28:51][warning][537420] Calling original ioctl: 8 3222292009 140737317911248
[2026-09-09 04:28:51][warning][537420] Calling original ioctl: 8 3222292009 140737317912160
[2026-09-09 04:28:51][warning][537420] Calling original ioctl: 9 34 140737317911392
[2026-09-09 04:28:51][warning][537420] Calling original ioctl: 8 3222292009 140737317911552
[2026-09-09 04:28:51][warning][537420] Calling original ioctl: 9 34 140737317911296
[2026-09-09 04:28:51][warning][537420] Calling original ioctl: 8 3222292009 140737317911456
[2026-09-09 04:28:51][warning][537420] Calling original ioctl: 9 34 140737317911392
[2026-09-09 04:28:51][warning][537420] Calling original ioctl: 8 3222292009 140737317911552
[2026-09-09 04:28:51][warning][537420] Calling original ioctl: 9 34 140737317911344
[2026-09-09 04:28:51][warning][537420] Calling original ioctl: 8 3222292009 140737317911504
[2026-09-09 04:28:51][warning][537420] Calling original ioctl: 9 34 140737317911328
[2026-09-09 04:28:51][warning][537420] Calling original ioctl: 8 3223340623 140737317911536
[2026-09-09 04:28:51][warning][537420] Calling original ioctl: 8 3222292009 140737317911488
[2026-09-09 04:28:51][warning][537420] Calling original ioctl: 9 34 140737317911328
[2026-09-09 04:28:51][warning][537420] Calling original ioctl: 8 3223340623 140737317911536
[2026-09-09 04:28:51][warning][537420] Calling original ioctl: 8 3222292009 140737317911488
[2026-09-09 04:28:51][warning][537420] Calling original ioctl: 9 34 140737317911344
[2026-09-09 04:28:51][warning][537420] Calling original ioctl: 8 3222292009 140737317911504
[2026-09-09 04:28:51][warning][537420] Calling original ioctl: 9 34 140737317911344
[2026-09-09 04:28:51][warning][537420] Calling original ioctl: 8 3222292009 140737317911504
[2026-09-09 04:28:51][warning][537420] Calling original ioctl: 9 34 140737317911504
[2026-09-09 04:28:51][warning][537420] Calling original ioctl: 8 3223340586 140737317908096
