[2026-09-03 21:43:24][warning][1591165] VM factory for name: llvm already registered, overwriting
[2026-09-03 21:43:24][info][1591165] Setting BPFTIME_SHM_MEMORY_MB to: 128
[2026-09-03 21:43:24][info][1591165] Setting BPFTIME_MAX_FD_COUNT to: 1024
[2026-09-03 21:43:25][info][1591165] Registered shared memory with CUDA: addr=0x731a711ff000 size=134217728
[2026-09-03 21:43:25][info][1591165] Global shm constructed. shm_open_type 1 for gpubpf_raw_map_1590749_1788497004373277829
[2026-09-03 21:43:25][info][1591165] Global shm initialized
[2026-09-03 21:43:25][info][1591165] bpf_attach_ctx constructed
[2026-09-03 21:43:25][info][1591165] Initializing CUDA shared memory
[2026-09-03 21:43:25][info][1591165] CommSharedMem host 0x731a712297d8 mapped to device 0x731a712297d8
[2026-09-03 21:43:25][info][1591165] CUDA context created
[2026-09-03 21:43:25][info][1591165] Register attach-impl defined helper bpf_get_func_arg, index 183
[2026-09-03 21:43:25][info][1591165] Register attach-impl defined helper bpf_get_func_ret_id, index 184
[2026-09-03 21:43:25][info][1591165] Register attach-impl defined helper bpf_get_retval, index 186
[2026-09-03 21:43:25][info][1591165] Starting nv_attach_impl
[2026-09-03 21:43:25][info][1591165] Parsing bundled libraries: /home/yunwei37/workspace/gpu/bpftime-table1-575/build-table1-575/attach/nv_attach_impl/pass/ptxpass_kprobe_entry/libptxpass_kprobe_entry.so:/home/yunwei37/workspace/gpu/bpftime-table1-575/build-table1-575/attach/nv_attach_impl/pass/ptxpass_kretprobe/libptxpass_kretprobe.so:/home/yunwei37/workspace/gpu/bpftime-table1-575/build-table1-575/attach/nv_attach_impl/pass/ptxpass_kprobe_memcapture/libptxpass_kprobe_memcapture.so
[2026-09-03 21:43:25][info][1591165] Found path: /home/yunwei37/workspace/gpu/bpftime-table1-575/build-table1-575/attach/nv_attach_impl/pass/ptxpass_kprobe_entry/libptxpass_kprobe_entry.so, executing..
[2026-09-03 21:43:25][info][1591165] Retrived config of /home/yunwei37/workspace/gpu/bpftime-table1-575/build-table1-575/attach/nv_attach_impl/pass/ptxpass_kprobe_entry/libptxpass_kprobe_entry.so
[2026-09-03 21:43:25][info][1591165] Found path: /home/yunwei37/workspace/gpu/bpftime-table1-575/build-table1-575/attach/nv_attach_impl/pass/ptxpass_kretprobe/libptxpass_kretprobe.so, executing..
[2026-09-03 21:43:25][info][1591165] Retrived config of /home/yunwei37/workspace/gpu/bpftime-table1-575/build-table1-575/attach/nv_attach_impl/pass/ptxpass_kretprobe/libptxpass_kretprobe.so
[2026-09-03 21:43:25][info][1591165] Found path: /home/yunwei37/workspace/gpu/bpftime-table1-575/build-table1-575/attach/nv_attach_impl/pass/ptxpass_kprobe_memcapture/libptxpass_kprobe_memcapture.so, executing..
[2026-09-03 21:43:25][info][1591165] Retrived config of /home/yunwei37/workspace/gpu/bpftime-table1-575/build-table1-575/attach/nv_attach_impl/pass/ptxpass_kprobe_memcapture/libptxpass_kprobe_memcapture.so
[2026-09-03 21:43:25][info][1591165] Initializing agent..
[2026-09-03 21:43:25][info][1591165] bpftime: shm epoch_seq = 2
[2026-09-03 21:43:25][info][1591165] Instantiating bpf link 60 and the corresponding program cuda__capture_r is cuda program
[2026-09-03 21:43:25][info][1591165] Skipping nv attach handler 60 since we are not handling nv handles
[2026-09-03 21:43:25][info][1591165] Instantiating bpf link 60 and the corresponding program cuda__capture_r is cuda program
[2026-09-03 21:43:25][info][1591165] Handling link to CUDA program: 60, recording it..
[2026-09-03 21:43:25][info][1591165] Loaded 54 instructions (original) for cuda ebpf program
[2026-09-03 21:43:25][info][1591165] Initializing nv_gpu_array_map_impl at pid 1591165
[2026-09-03 21:43:25][info][1591165] Mapped GPU memory for gpu array map: 126548376027136
[2026-09-03 21:43:25][info][1591165] Copying map fd 17 to device, key size=4, value size=32, max ent=1, map_type = 1502, gpu_buffer = 731857000000
[2026-09-03 21:43:25][info][1591165] Initializing nv_gpu_ringbuf_map_impl at pid 1591165
[2026-09-03 21:43:25][info][1591165] Mapped GPU memory for gpu ringbuf map: 126557406542720
[2026-09-03 21:43:25][info][1591165] Copying map fd 18 to device, key size=4, value size=56, max ent=4, map_type = 1527, gpu_buffer = 731a7142bb80
[2026-09-03 21:43:25][info][1591165] Cached shared_mem_ptr at 731a712297d8
[2026-09-03 21:43:25][info][1591165] Recorded pass /home/yunwei37/workspace/gpu/bpftime-table1-575/build-table1-575/attach/nv_attach_impl/pass/ptxpass_kretprobe/libptxpass_kretprobe.so for func raw_map_kernel
[2026-09-03 21:43:25][info][1591165] nv_attach_impl: cached 301209 host symbols
[2026-09-03 21:43:25][info][1591165] nv_attach_impl: late attach bootstrap scanning fatbins..
[2026-09-03 21:43:25][info][1591165] Temporary fatbin written to /tmp/bpftime-fatbin-work.LCKkvQ/temp.fatbin
[2026-09-03 21:43:25][info][1591165] Extracting PTX in the fatbin...
[2026-09-03 21:43:25][info][1591165] Calling cuobjdump: /usr/local/cuda-12.9/bin/cuobjdump --extract-ptx all /tmp/bpftime-fatbin-work.LCKkvQ/temp.fatbin
Extracting PTX file and ptxas options    1: temp.1.sm_120.ptx -arch=sm_120 
[2026-09-03 21:43:25][info][1591165] Remove extracted files..
[2026-09-03 21:43:25][info][1591165] Got 1 PTX files
[2026-09-03 21:43:25][info][1591165] Loading & patching current fatbin..
[2026-09-03 21:43:25][info][1591196] Patching PTX: temp.1.sm_120.ptx
[2026-09-03 21:43:25][info][1591196] Patching request 2ec7271766f841abaee018882dd845dc5b9e6c440c44a35b6045b2d289ed40c8 not found in cache, patching..
[ptxpass] kretprobe: matched=1, in=984, out=5306
[2026-09-03 21:43:25][info][1591165] Using SM arch from BPFTIME_SM_ARCH: sm_120
[2026-09-03 21:43:25][info][1591165] Compiling PTXs with sm_arch sm_120
[2026-09-03 21:43:25][info][1591165] Compiler version: 12.9
[2026-09-03 21:43:25][info][1591214] Start compiling patched.temp.1.sm_120.ptx, not found in cache
[2026-09-03 21:43:25][info][1591214] Compile of patched.temp.1.sm_120.ptx done
[2026-09-03 21:43:25][info][1591165] Loading module: patched.temp.1.sm_120.ptx, not found in cache
[2026-09-03 21:43:25][info][1591165] Copying trampoline data to device
[2026-09-03 21:43:25][info][1591165] constData symbol device_ptr=731857200000 size=8 shared_mem_ptr=731a712297d8
[2026-09-03 21:43:25][info][1591165] map_info symbol device_ptr=731857200008 size=40960
[2026-09-03 21:43:25][info][1591165] Trampoline data copied
[2026-09-03 21:43:25][info][1591165] Loaded module: patched.temp.1.sm_120.ptx
[2026-09-03 21:43:25][info][1591165] nv_attach_impl: ingested fatbin from .nv_fatbin in /home/yunwei37/workspace/gpu/gpu_ext/workloads/cross-layer-raw-map/.output/raw_map_target
[2026-09-03 21:43:25][info][1591165] nv_attach_impl: late attach bootstrap ingested 1 fatbin(s)
[2026-09-03 21:43:25][info][1591165] agent ipc: listening (abstract) for pid 1591165
[2026-09-03 21:43:25][info][1591165] Attach successfully
[2026-09-03 21:43:25][info][1591170] Exiting CUDA watcher thread
