[2026-09-04 09:43:01][info][2705069] Setting BPFTIME_SHM_MEMORY_MB to: 256
[2026-09-04 09:43:01][info][2705069] Setting BPFTIME_MAX_FD_COUNT to: 1024
[2026-09-04 09:43:01][warning][2705069] BPFTIME_VERIFIER_LEVEL=WARNING was requested, but this bpftime build was compiled with ENABLE_EBPF_VERIFIER=OFF; continuing without userspace verification.
[2026-09-04 09:43:01][info][2705069] Verifier mode: WARNING
[2026-09-04 09:43:01][info][2705069] Init bpftime syscall mocking..
[2026-09-04 09:43:01][info][2705069] The log will be written to: console
[2026-09-04 09:43:01][info][2705069] Starting syscall server..
[2026-09-04 09:43:01][info][2705069] Setting BPFTIME_SHM_MEMORY_MB to: 256
[2026-09-04 09:43:01][info][2705069] Setting BPFTIME_MAX_FD_COUNT to: 1024
[2026-09-04 09:43:01][warning][2705069] BPFTIME_VERIFIER_LEVEL=WARNING was requested, but this bpftime build was compiled with ENABLE_EBPF_VERIFIER=OFF; continuing without userspace verification.
[2026-09-04 09:43:01][info][2705069] Verifier mode: WARNING
[2026-09-04 09:43:01][info][2705069] Initialize syscall server
[2026-09-04 09:43:01][info][2705069] Setting BPFTIME_SHM_MEMORY_MB to: 256
[2026-09-04 09:43:01][info][2705069] Setting BPFTIME_MAX_FD_COUNT to: 1024
[2026-09-04 09:43:01][warning][2705069] BPFTIME_VERIFIER_LEVEL=WARNING was requested, but this bpftime build was compiled with ENABLE_EBPF_VERIFIER=OFF; continuing without userspace verification.
[2026-09-04 09:43:01][info][2705069] Verifier mode: WARNING
[2026-09-04 09:43:01][info][2705069] Global shm constructed. shm_open_type 3 for fig15_map_2696097_113926916421063
[2026-09-04 09:43:01][info][2705069] Global shm initialized
[2026-09-04 09:43:01][info][2705069] Initializing CUDA at syscall-server side
[2026-09-04 09:43:01][info][2705069] CUDA initialized at syscall server side
[2026-09-04 09:43:01][info][2705069] bpftime-syscall-server started
[2026-09-04 09:43:01][info][2705069] syscall server: Set enable_mock_after_initialized to false
[2026-09-04 09:43:01][info][2705069] CUDA context for thread 2705069 has been set to 58ebfc03c130
[2026-09-04 09:43:01][info][2705069] Map device_values (nv_gpu_shared_array_map_impl) shared array
[2026-09-04 09:43:01][info][2705069] Initializing map type of BPF_MAP_TYPE_GPU_ARRAY_MAP (device), total_buffer_size=256
[2026-09-04 09:43:01][info][2705069] syscall server: Set enable_mock_after_initialized to true
[2026-09-04 09:43:01][info][2705069] Map host_values (nv_gpu_shared_array_host_map_impl) shared array
[2026-09-04 09:43:01][info][2705069] Initializing map type of BPF_MAP_TYPE_GPU_ARRAY_HOST_MAP (shared mem), value_size=8, max_entries=32, total_buffer_size=256
[2026-09-04 09:43:01][info][2705069] Allocated shared memory buffer at 7462a522aa60
[2026-09-04 09:43:01][info][2705069] syscall server: Set enable_mock_after_initialized to false
[2026-09-04 09:43:01][info][2705069] CUDA context for thread 2705069 has been set to 58ebfcf66830
[2026-09-04 09:43:01][info][2705069] Map observed_values (nv_gpu_shared_array_map_impl) shared array
[2026-09-04 09:43:01][info][2705069] Initializing map type of BPF_MAP_TYPE_GPU_ARRAY_MAP (device), total_buffer_size=256
[2026-09-04 09:43:01][info][2705069] syscall server: Set enable_mock_after_initialized to true
[2026-09-04 09:43:01][info][2705069] Created kprobe/kretprobe perf event handler, func_name fig15_map_kernel, addr 0
FIG15_READY	noop	1
FIG15_DETACHED	1
[2026-09-04 09:43:03][warning][2705069] Calling original ioctl: 10 34 140725321333424
[2026-09-04 09:43:03][warning][2705069] Calling original ioctl: 9 3222292009 140725321333584
[2026-09-04 09:43:03][warning][2705069] Calling original ioctl: 10 34 140725321333424
[2026-09-04 09:43:03][warning][2705069] Calling original ioctl: 9 3222292009 140725321333584
