[2026-09-04 09:41:48][info][2701892] bpf_attach_ctx constructed
[2026-09-04 09:41:48][info][2701892] Initializing CUDA shared memory
[2026-09-04 09:41:48][info][2701892] CommSharedMem host 0x72318de297d8 mapped to device 0x72318de297d8
[2026-09-04 09:41:48][info][2701892] CUDA context created
[2026-09-04 09:41:48][info][2701892] Register attach-impl defined helper bpf_get_func_arg, index 183
[2026-09-04 09:41:48][info][2701892] Register attach-impl defined helper bpf_get_func_ret_id, index 184
[2026-09-04 09:41:48][info][2701892] Register attach-impl defined helper bpf_get_retval, index 186
[2026-09-04 09:41:48][info][2701892] Starting nv_attach_impl
[2026-09-04 09:41:48][info][2701892] Parsing bundled libraries: /home/yunwei37/workspace/gpu/bpftime-table1-575/build-table1-575/attach/nv_attach_impl/pass/ptxpass_kprobe_entry/libptxpass_kprobe_entry.so:/home/yunwei37/workspace/gpu/bpftime-table1-575/build-table1-575/attach/nv_attach_impl/pass/ptxpass_kretprobe/libptxpass_kretprobe.so:/home/yunwei37/workspace/gpu/bpftime-table1-575/build-table1-575/attach/nv_attach_impl/pass/ptxpass_kprobe_memcapture/libptxpass_kprobe_memcapture.so
[2026-09-04 09:41:48][info][2701892] Found path: /home/yunwei37/workspace/gpu/bpftime-table1-575/build-table1-575/attach/nv_attach_impl/pass/ptxpass_kprobe_entry/libptxpass_kprobe_entry.so, executing..
[2026-09-04 09:41:48][info][2701892] Retrived config of /home/yunwei37/workspace/gpu/bpftime-table1-575/build-table1-575/attach/nv_attach_impl/pass/ptxpass_kprobe_entry/libptxpass_kprobe_entry.so
[2026-09-04 09:41:48][info][2701892] Found path: /home/yunwei37/workspace/gpu/bpftime-table1-575/build-table1-575/attach/nv_attach_impl/pass/ptxpass_kretprobe/libptxpass_kretprobe.so, executing..
[2026-09-04 09:41:48][info][2701892] Retrived config of /home/yunwei37/workspace/gpu/bpftime-table1-575/build-table1-575/attach/nv_attach_impl/pass/ptxpass_kretprobe/libptxpass_kretprobe.so
[2026-09-04 09:41:48][info][2701892] Found path: /home/yunwei37/workspace/gpu/bpftime-table1-575/build-table1-575/attach/nv_attach_impl/pass/ptxpass_kprobe_memcapture/libptxpass_kprobe_memcapture.so, executing..
[2026-09-04 09:41:48][info][2701892] Retrived config of /home/yunwei37/workspace/gpu/bpftime-table1-575/build-table1-575/attach/nv_attach_impl/pass/ptxpass_kprobe_memcapture/libptxpass_kprobe_memcapture.so
[2026-09-04 09:41:48][info][2701892] Initializing agent..
[2026-09-04 09:41:48][info][2701892] bpftime: shm epoch_seq = 2
[2026-09-04 09:41:48][info][2701892] Instantiating bpf link 61 and the corresponding program cuda__rpc_updat is cuda program
[2026-09-04 09:41:48][info][2701892] Skipping nv attach handler 61 since we are not handling nv handles
[2026-09-04 09:41:48][info][2701892] Instantiating bpf link 61 and the corresponding program cuda__rpc_updat is cuda program
[2026-09-04 09:41:48][info][2701892] Handling link to CUDA program: 61, recording it..
[2026-09-04 09:41:48][info][2701892] Loaded 20 instructions (original) for cuda ebpf program
[2026-09-04 09:41:48][info][2701892] Initializing nv_gpu_shared_array_map_impl at pid 2701892
[2026-09-04 09:41:48][info][2701892] Mapped GPU memory for shared array map: 125548118409216
[2026-09-04 09:41:48][info][2701892] Copying map fd 17 to device, key size=4, value size=8, max ent=32, map_type = 1503, gpu_buffer = 722f73000000
[2026-09-04 09:41:48][info][2701892] Initializing nv_gpu_shared_array_host_map_impl at pid 2701892, shared mem addr=72318e029a60
[2026-09-04 09:41:48][info][2701892] Mapped shared memory for GPU access: cpu=72318e029a60, gpu=72318e029a60
[2026-09-04 09:41:48][info][2701892] Copying map fd 18 to device, key size=4, value size=8, max ent=32, map_type = 1513, gpu_buffer = 72318e029a60
[2026-09-04 09:41:48][warning][2701892] Not a GPU map!
[2026-09-04 09:41:48][info][2701892] Copying map fd 19 to device, key size=4, value size=8, max ent=32, map_type = 2, gpu_buffer = 0
[2026-09-04 09:41:48][info][2701892] Initializing nv_gpu_shared_array_map_impl at pid 2701892
[2026-09-04 09:41:48][info][2701892] Mapped GPU memory for shared array map: 125548120506368
[2026-09-04 09:41:48][info][2701892] Copying map fd 20 to device, key size=4, value size=8, max ent=32, map_type = 1503, gpu_buffer = 722f73200000
[2026-09-04 09:41:48][info][2701892] Cached shared_mem_ptr at 72318de297d8
[2026-09-04 09:41:48][info][2701892] Recorded pass /home/yunwei37/workspace/gpu/bpftime-table1-575/build-table1-575/attach/nv_attach_impl/pass/ptxpass_kprobe_entry/libptxpass_kprobe_entry.so for func fig15_map_kernel
[2026-09-04 09:41:49][info][2701892] nv_attach_impl: cached 301188 host symbols
[2026-09-04 09:41:49][info][2701892] nv_attach_impl: late attach bootstrap scanning fatbins..
[2026-09-04 09:41:49][info][2701892] nv_attach_impl: targeted late bootstrap selected 1 of 19 loaded module(s)
[2026-09-04 09:41:49][info][2701892] Temporary fatbin written to /tmp/bpftime-fatbin-work.qX4oap/temp.fatbin
[2026-09-04 09:41:49][info][2701892] Extracting PTX in the fatbin...
[2026-09-04 09:41:49][info][2701892] Calling cuobjdump: /usr/local/cuda-12.9/bin/cuobjdump --extract-ptx all /tmp/bpftime-fatbin-work.qX4oap/temp.fatbin
Extracting PTX file and ptxas options    1: map_bench.sm_120.ptx -arch=sm_120  --generate-line-info 
[2026-09-04 09:41:49][info][2701892] Remove extracted files..
[2026-09-04 09:41:49][info][2701892] Got 1 PTX files
[2026-09-04 09:41:49][info][2701892] Loading & patching current fatbin..
[2026-09-04 09:41:49][info][2701947] Patching PTX: map_bench.sm_120.ptx
[2026-09-04 09:41:49][info][2701947] Patching request afa1f7ab689f477ddd9bb60761921dd90a86ef4b0f992d7de84e0d6c0cfbb390 not found in cache, patching..
[ptxpass] kprobe_entry_stub: matched=1, in=1760, out=3402
[2026-09-04 09:41:49][info][2701892] Using SM arch from BPFTIME_SM_ARCH: sm_120
[2026-09-04 09:41:49][info][2701892] Compiling PTXs with sm_arch sm_120
[2026-09-04 09:41:49][info][2701892] Compiler version: 12.9
[2026-09-04 09:41:49][info][2701969] Start compiling patched.map_bench.sm_120.ptx, not found in cache
[2026-09-04 09:41:49][info][2701969] Compile of patched.map_bench.sm_120.ptx done
[2026-09-04 09:41:49][info][2701892] Loading module: patched.map_bench.sm_120.ptx, not found in cache
[2026-09-04 09:41:49][info][2701892] Copying trampoline data to device
[2026-09-04 09:41:49][info][2701892] constData symbol device_ptr=722f73600000 size=8 shared_mem_ptr=72318de297d8
[2026-09-04 09:41:49][info][2701892] map_info symbol device_ptr=722f73600008 size=40960
[2026-09-04 09:41:49][info][2701892] Trampoline data copied
[2026-09-04 09:41:49][info][2701892] Loaded module: patched.map_bench.sm_120.ptx
[2026-09-04 09:41:49][info][2701892] nv_attach_impl: ingested fatbin from .nv_fatbin in /home/yunwei37/workspace/gpu/gpu_ext/microbench/fig15-device/.output/map-bench
[2026-09-04 09:41:49][info][2701892] nv_attach_impl: late attach bootstrap ingested 1 fatbin(s)
[2026-09-04 09:41:49][info][2701892] agent ipc: listening (abstract) for pid 2701892
[2026-09-04 09:41:49][info][2701892] Attach successfully
[2026-09-04 09:41:52][info][2701930] Exiting CUDA watcher thread
FIG15_DEVICE	NVIDIA GeForce RTX 5090	12	0	32
FIG15_MEASUREMENT	8	64	2233.01343
FIG15_CORRECT	32	0
