[2026-09-08 14:06:26][warning][3542817] Calling original ioctl: 8 3223340586 140737401137744
[2026-09-08 14:06:26][warning][3542817] Calling original ioctl: 8 3223340586 140737401137760
[2026-09-08 14:06:26][warning][3542817] Calling original ioctl: 8 3223340586 140737401137808
[2026-09-08 14:06:26][warning][3542817] Calling original ioctl: 9 25 140737401142128
[2026-09-08 14:06:26][warning][3542817] Calling original ioctl: 8 3224389163 140737401139392
[2026-09-08 14:06:26][warning][3542817] Calling original ioctl: 9 73 140737401138576
[2026-09-08 14:06:26][warning][3542817] Calling original ioctl: 9 33 140737401129344
[2026-09-08 14:06:26][warning][3542817] Calling original ioctl: 8 3224389163 140737401139072
[2026-09-08 14:06:26][warning][3542817] Calling original ioctl: 9 73 140737401138256
[2026-09-08 14:06:26][warning][3542817] Calling original ioctl: 9 33 140737401129024
[2026-09-08 14:06:26][warning][3542817] Calling original ioctl: 8 3224389163 140737401139072
[2026-09-08 14:06:26][warning][3542817] Calling original ioctl: 9 73 140737401138256
[2026-09-08 14:06:26][warning][3542817] Calling original ioctl: 9 33 140737401129024
[2026-09-08 14:06:26][warning][3542817] Calling original ioctl: 8 3224389163 140737401139568
[2026-09-08 14:06:26][warning][3542817] Calling original ioctl: 9 73 140737401138752
[2026-09-08 14:06:26][warning][3542817] Calling original ioctl: 9 33 140737401129520
[2026-09-08 14:06:26][warning][3542817] Calling original ioctl: 8 3224389163 140737401141248
[2026-09-08 14:06:26][warning][3542817] Calling original ioctl: 8 3224389163 140737401141232
[2026-09-08 14:06:26][warning][3542817] Calling original ioctl: 8 3224389163 140737401137472
[2026-09-08 14:06:26][warning][3542817] Calling original ioctl: 8 3223340586 140737401133056
[2026-09-08 14:06:26][warning][3542817] Calling original ioctl: 8 3224913486 140737401137600
[2026-09-08 14:06:26][warning][3542817] Calling original ioctl: 8 3223864926 140737401137552
[2026-09-08 14:06:26][warning][3542817] Calling original ioctl: 9 73 140737401136656
[2026-09-08 14:06:26][warning][3542817] Calling original ioctl: 9 33 140737401127424
[2026-09-08 14:06:26][warning][3542817] Calling original ioctl: 8 3224389163 140737401137008
[2026-09-08 14:06:26][warning][3542817] Calling original ioctl: 8 3223340586 140737401132592
[2026-09-08 14:06:26][warning][3542817] Calling original ioctl: 8 3224913486 140737401137136
[2026-09-08 14:06:26][warning][3542817] Calling original ioctl: 9 73 140737401136192
[2026-09-08 14:06:26][warning][3542817] Calling original ioctl: 9 33 140737401126960
[2026-09-08 14:06:26][warning][3542817] Calling original ioctl: 8 3224389163 140737401137856
[2026-09-08 14:06:26][warning][3542817] Calling original ioctl: 8 3223340586 140737401133440
[2026-09-08 14:06:26][warning][3542817] Calling original ioctl: 8 3224913486 140737401137984
[2026-09-08 14:06:26][warning][3542817] Calling original ioctl: 8 3224389163 140737401139712
[2026-09-08 14:06:26][warning][3542817] Calling original ioctl: 8 3223340586 140737401135744
[2026-09-08 14:06:26][warning][3542817] Calling original ioctl: 8 3224389163 140737401140000
[2026-09-08 14:06:26][warning][3542817] Calling original ioctl: 8 3223340586 140737401135680
[2026-09-08 14:06:26][warning][3542817] Calling original ioctl: 8 3224389163 140737401140000
[2026-09-08 14:06:26][warning][3542817] Calling original ioctl: 8 3223340586 140737401135680
[2026-09-08 14:06:26][warning][3542817] Calling original ioctl: 8 3223340586 140737401135760
[2026-09-08 14:06:26][warning][3542817] Calling original ioctl: 8 3223340586 140737401135760
[2026-09-08 14:06:26][warning][3542817] Calling original ioctl: 8 3224389163 140737401138656
[2026-09-08 14:06:26][warning][3542817] Calling original ioctl: 8 3223340586 140737401134240
[2026-09-08 14:06:26][warning][3542817] Calling original ioctl: 8 3224913486 140737401138784
[2026-09-08 14:06:26][warning][3542817] Calling original ioctl: 9 73 140737401137840
[2026-09-08 14:06:26][warning][3542817] Calling original ioctl: 9 33 140737401128608
[2026-09-08 14:06:26][warning][3542817] Calling original ioctl: 8 3224389163 140737401137856
[2026-09-08 14:06:26][warning][3542817] Calling original ioctl: 8 3223340586 140737401133440
[2026-09-08 14:06:26][warning][3542817] Calling original ioctl: 8 3224913486 140737401137984
[2026-09-08 14:06:26][warning][3542817] Calling original ioctl: 8 3224389163 140737401139712
[2026-09-08 14:06:26][warning][3542817] Calling original ioctl: 8 3223340586 140737401135744
[2026-09-08 14:06:26][warning][3542817] Calling original ioctl: 8 3224389163 140737401140000
[2026-09-08 14:06:26][warning][3542817] Calling original ioctl: 8 3223340586 140737401135680
[2026-09-08 14:06:26][warning][3542817] Calling original ioctl: 8 3223340586 140737401135760
[2026-09-08 14:06:26][warning][3542817] Calling original ioctl: 8 3223340586 140737401135760
[2026-09-08 14:06:26][warning][3542817] Calling original ioctl: 8 3224389163 140737401137856
[2026-09-08 14:06:26][warning][3542817] Calling original ioctl: 8 3223340586 140737401133440
[2026-09-08 14:06:26][warning][3542817] Calling original ioctl: 8 3224913486 140737401137984
[2026-09-08 14:06:26][warning][3542817] Calling original ioctl: 8 3224389163 140737401139712
[2026-09-08 14:06:26][warning][3542817] Calling original ioctl: 8 3223340586 140737401135744
[2026-09-08 14:06:26][warning][3542817] Calling original ioctl: 8 3224389163 140737401140000
[2026-09-08 14:06:26][warning][3542817] Calling original ioctl: 8 3223340586 140737401135680
[2026-09-08 14:06:26][warning][3542817] Calling original ioctl: 8 3224389163 140737401140000
[2026-09-08 14:06:26][warning][3542817] Calling original ioctl: 8 3223340586 140737401135680
[2026-09-08 14:06:26][warning][3542817] Calling original ioctl: 8 3223340586 140737401135760
[2026-09-08 14:06:26][warning][3542817] Calling original ioctl: 8 3223340586 140737401135760
[2026-09-08 14:06:26][warning][3542817] Calling original ioctl: 8 3224389163 140737401137856
[2026-09-08 14:06:26][warning][3542817] Calling original ioctl: 8 3223340586 140737401133440
[2026-09-08 14:06:26][warning][3542817] Calling original ioctl: 8 3224913486 140737401137984
[2026-09-08 14:06:26][warning][3542817] Calling original ioctl: 8 3224389163 140737401139712
[2026-09-08 14:06:26][warning][3542817] Calling original ioctl: 8 3223340586 140737401135744
[2026-09-08 14:06:26][warning][3542817] Calling original ioctl: 8 3224389163 140737401140000
[2026-09-08 14:06:26][warning][3542817] Calling original ioctl: 8 3223340586 140737401135680
[2026-09-08 14:06:26][warning][3542817] Calling original ioctl: 8 3223340586 140737401135760
[2026-09-08 14:06:26][warning][3542817] Calling original ioctl: 8 3223340586 140737401135760
[2026-09-08 14:06:26][warning][3542817] Calling original ioctl: 8 3224389163 140737401137856
[2026-09-08 14:06:26][warning][3542817] Calling original ioctl: 8 3223340586 140737401133440
[2026-09-08 14:06:26][warning][3542817] Calling original ioctl: 8 3224913486 140737401137984
[2026-09-08 14:06:26][warning][3542817] Calling original ioctl: 8 3224389163 140737401139712
[2026-09-08 14:06:26][warning][3542817] Calling original ioctl: 8 3223340586 140737401135744
[2026-09-08 14:06:26][warning][3542817] Calling original ioctl: 8 3224389163 140737401140000
[2026-09-08 14:06:26][warning][3542817] Calling original ioctl: 8 3223340586 140737401135680
[2026-09-08 14:06:26][warning][3542817] Calling original ioctl: 8 3224389163 140737401140000
[2026-09-08 14:06:26][warning][3542817] Calling original ioctl: 8 3223340586 140737401135680
[2026-09-08 14:06:26][warning][3542817] Calling original ioctl: 8 3223340586 140737401135760
[2026-09-08 14:06:26][warning][3542817] Calling original ioctl: 8 3223340586 140737401135760
[2026-09-08 14:06:26][warning][3542817] Calling original ioctl: 8 3224389163 140737401137856
[2026-09-08 14:06:26][warning][3542817] Calling original ioctl: 8 3223340586 140737401133440
[2026-09-08 14:06:26][warning][3542817] Calling original ioctl: 8 3224913486 140737401137984
[2026-09-08 14:06:26][warning][3542817] Calling original ioctl: 8 3224389163 140737401139712
[2026-09-08 14:06:26][warning][3542817] Calling original ioctl: 8 3223340586 140737401135744
[2026-09-08 14:06:26][warning][3542817] Calling original ioctl: 8 3224389163 140737401140000
[2026-09-08 14:06:26][warning][3542817] Calling original ioctl: 8 3223340586 140737401135680
[2026-09-08 14:06:26][warning][3542817] Calling original ioctl: 8 3223340586 140737401135760
[2026-09-08 14:06:26][warning][3542817] Calling original ioctl: 8 3223340586 140737401135760
[2026-09-08 14:06:26][warning][3542817] Calling original ioctl: 8 3224389163 140737401137856
[2026-09-08 14:06:26][warning][3542817] Calling original ioctl: 8 3223340586 140737401133440
[2026-09-08 14:06:26][warning][3542817] Calling original ioctl: 8 3224913486 140737401137984
[2026-09-08 14:06:26][warning][3542817] Calling original ioctl: 8 3224389163 140737401139712
[2026-09-08 14:06:26][warning][3542817] Calling original ioctl: 8 3223340586 140737401135744
[2026-09-08 14:06:26][warning][3542817] Calling original ioctl: 8 3224389163 140737401140000
[2026-09-08 14:06:26][warning][3542817] Calling original ioctl: 8 3223340586 140737401135680
[2026-09-08 14:06:26][warning][3542817] Calling original ioctl: 8 3224389163 140737401140000
[2026-09-08 14:06:26][warning][3542817] Calling original ioctl: 8 3223340586 140737401135680
[2026-09-08 14:06:26][warning][3542817] Calling original ioctl: 8 3223340586 140737401135760
[2026-09-08 14:06:26][warning][3542817] Calling original ioctl: 8 3223340586 140737401135760
[2026-09-08 14:06:26][warning][3542817] Calling original ioctl: 8 3224389163 140737401137856
[2026-09-08 14:06:26][warning][3542817] Calling original ioctl: 8 3223340586 140737401133440
[2026-09-08 14:06:26][warning][3542817] Calling original ioctl: 8 3224913486 140737401137984
[2026-09-08 14:06:26][warning][3542817] Calling original ioctl: 8 3224389163 140737401139712
[2026-09-08 14:06:26][warning][3542817] Calling original ioctl: 8 3223340586 140737401135744
[2026-09-08 14:06:26][warning][3542817] Calling original ioctl: 8 3224389163 140737401140000
[2026-09-08 14:06:26][warning][3542817] Calling original ioctl: 8 3223340586 140737401135680
[2026-09-08 14:06:26][warning][3542817] Calling original ioctl: 8 3223340586 140737401135760
[2026-09-08 14:06:26][warning][3542817] Calling original ioctl: 8 3223340586 140737401135760
[2026-09-08 14:06:26][warning][3542817] Calling original ioctl: 9 27 140737401141680
[2026-09-08 14:06:26][warning][3542817] Calling original ioctl: 9 27 140737401141680
[2026-09-08 14:06:26][warning][3542817] Calling original ioctl: 9 27 140737401141680
[2026-09-08 14:06:26][warning][3542817] Calling original ioctl: 9 27 140737401141680
[2026-09-08 14:06:26][warning][3542817] Calling original ioctl: 9 27 140737401141680
[2026-09-08 14:06:26][warning][3542817] Calling original ioctl: 9 27 140737401141680
[2026-09-08 14:06:26][warning][3542817] Calling original ioctl: 9 27 140737401141680
[2026-09-08 14:06:26][warning][3542817] Calling original ioctl: 9 27 140737401141680
[2026-09-08 14:06:26][warning][3542817] Calling original ioctl: 8 3223340586 140737401137344
[2026-09-08 14:06:26][warning][3542817] Calling original ioctl: 17 3221505737 140737401141440
[2026-09-08 14:06:26][warning][3542817] Calling original ioctl: 17 3222292174 140737401141424
[2026-09-08 14:06:26][warning][3542817] Calling original ioctl: 17 3224389163 140737401141408
[2026-09-08 14:06:26][warning][3542817] Calling original ioctl: 8 3224389163 140737401141248
[2026-09-08 14:06:26][warning][3542817] Calling original ioctl: 8 3224389163 140737401137856
[2026-09-08 14:06:26][warning][3542817] Calling original ioctl: 8 3223340586 140737401133440
[2026-09-08 14:06:26][warning][3542817] Calling original ioctl: 8 3224913486 140737401137984
[2026-09-08 14:06:26][warning][3542817] Calling original ioctl: 8 3224389163 140737401139712
[2026-09-08 14:06:26][warning][3542817] Calling original ioctl: 8 3223340586 140737401135744
[2026-09-08 14:06:26][warning][3542817] Calling original ioctl: 8 3224389163 140737401140000
[2026-09-08 14:06:26][warning][3542817] Calling original ioctl: 8 3223340586 140737401135680
[2026-09-08 14:06:26][warning][3542817] Calling original ioctl: 8 3223340586 140737401135760
[2026-09-08 14:06:26][warning][3542817] Calling original ioctl: 8 3224389163 140737401137856
[2026-09-08 14:06:26][warning][3542817] Calling original ioctl: 8 3223340586 140737401133440
[2026-09-08 14:06:26][warning][3542817] Calling original ioctl: 8 3224913486 140737401137984
[2026-09-08 14:06:26][warning][3542817] Calling original ioctl: 8 3224389163 140737401139712
[2026-09-08 14:06:26][warning][3542817] Calling original ioctl: 8 3223340586 140737401135744
[2026-09-08 14:06:26][warning][3542817] Calling original ioctl: 8 3224389163 140737401140000
[2026-09-08 14:06:26][warning][3542817] Calling original ioctl: 8 3223340586 140737401135680
[2026-09-08 14:06:26][warning][3542817] Calling original ioctl: 8 3223340586 140737401135760
[2026-09-08 14:06:26][warning][3542817] Calling original ioctl: 8 3224389163 140737401137856
[2026-09-08 14:06:26][warning][3542817] Calling original ioctl: 8 3223340586 140737401133440
[2026-09-08 14:06:26][warning][3542817] Calling original ioctl: 8 3224913486 140737401137984
[2026-09-08 14:06:26][warning][3542817] Calling original ioctl: 8 3224389163 140737401139712
[2026-09-08 14:06:26][warning][3542817] Calling original ioctl: 8 3223340586 140737401135744
[2026-09-08 14:06:26][warning][3542817] Calling original ioctl: 8 3224389163 140737401140000
[2026-09-08 14:06:26][warning][3542817] Calling original ioctl: 8 3223340586 140737401135680
[2026-09-08 14:06:26][warning][3542817] Calling original ioctl: 8 3223340586 140737401135760
[2026-09-08 14:06:26][warning][3542817] Calling original ioctl: 8 3224389163 140737401137856
[2026-09-08 14:06:26][warning][3542817] Calling original ioctl: 8 3223340586 140737401133440
[2026-09-08 14:06:26][warning][3542817] Calling original ioctl: 8 3224913486 140737401137984
[2026-09-08 14:06:26][warning][3542817] Calling original ioctl: 8 3224389163 140737401139712
[2026-09-08 14:06:26][warning][3542817] Calling original ioctl: 8 3223340586 140737401135744
[2026-09-08 14:06:26][warning][3542817] Calling original ioctl: 8 3224389163 140737401140000
[2026-09-08 14:06:26][warning][3542817] Calling original ioctl: 8 3223340586 140737401135680
[2026-09-08 14:06:26][warning][3542817] Calling original ioctl: 8 3223340586 140737401135760
[2026-09-08 14:06:26][warning][3542817] Calling original ioctl: 9 27 140737401141680
[2026-09-08 14:06:26][warning][3542817] Calling original ioctl: 9 27 140737401141680
[2026-09-08 14:06:26][warning][3542817] Calling original ioctl: 9 27 140737401141680
[2026-09-08 14:06:26][warning][3542817] Calling original ioctl: 9 27 140737401141680
[2026-09-08 14:06:26][warning][3542817] Calling original ioctl: 8 3223340586 140737401137344
[2026-09-08 14:06:26][warning][3542817] Calling original ioctl: 19 3221505737 140737401141440
[2026-09-08 14:06:26][warning][3542817] Calling original ioctl: 19 3222292174 140737401141424
[2026-09-08 14:06:26][warning][3542817] Calling original ioctl: 19 3224389163 140737401141408
[2026-09-08 14:06:26][warning][3542817] Calling original ioctl: 8 3224389163 140737401141248
[2026-09-08 14:06:26][warning][3542817] Calling original ioctl: 8 3224389163 140737401137856
[2026-09-08 14:06:26][warning][3542817] Calling original ioctl: 8 3223340586 140737401133440
[2026-09-08 14:06:26][warning][3542817] Calling original ioctl: 8 3224913486 140737401137984
[2026-09-08 14:06:26][warning][3542817] Calling original ioctl: 8 3224389163 140737401139712
[2026-09-08 14:06:26][warning][3542817] Calling original ioctl: 8 3223340586 140737401135744
[2026-09-08 14:06:26][warning][3542817] Calling original ioctl: 8 3224389163 140737401140000
[2026-09-08 14:06:26][warning][3542817] Calling original ioctl: 8 3223340586 140737401135680
[2026-09-08 14:06:26][warning][3542817] Calling original ioctl: 8 3223340586 140737401135760
[2026-09-08 14:06:26][warning][3542817] Calling original ioctl: 8 3224389163 140737401137856
[2026-09-08 14:06:26][warning][3542817] Calling original ioctl: 8 3223340586 140737401133440
[2026-09-08 14:06:26][warning][3542817] Calling original ioctl: 8 3224913486 140737401137984
[2026-09-08 14:06:26][warning][3542817] Calling original ioctl: 8 3224389163 140737401139712
[2026-09-08 14:06:26][warning][3542817] Calling original ioctl: 8 3223340586 140737401135744
[2026-09-08 14:06:26][warning][3542817] Calling original ioctl: 8 3224389163 140737401140000
[2026-09-08 14:06:26][warning][3542817] Calling original ioctl: 8 3223340586 140737401135680
[2026-09-08 14:06:26][warning][3542817] Calling original ioctl: 8 3223340586 140737401135760
[2026-09-08 14:06:26][warning][3542817] Calling original ioctl: 8 3224389163 140737401137856
[2026-09-08 14:06:26][warning][3542817] Calling original ioctl: 8 3223340586 140737401133440
[2026-09-08 14:06:26][warning][3542817] Calling original ioctl: 8 3224913486 140737401137984
[2026-09-08 14:06:26][warning][3542817] Calling original ioctl: 8 3224389163 140737401139712
[2026-09-08 14:06:26][warning][3542817] Calling original ioctl: 8 3223340586 140737401135744
[2026-09-08 14:06:26][warning][3542817] Calling original ioctl: 8 3224389163 140737401140000
[2026-09-08 14:06:26][warning][3542817] Calling original ioctl: 8 3223340586 140737401135680
[2026-09-08 14:06:26][warning][3542817] Calling original ioctl: 8 3223340586 140737401135760
[2026-09-08 14:06:26][warning][3542817] Calling original ioctl: 8 3224389163 140737401137856
[2026-09-08 14:06:26][warning][3542817] Calling original ioctl: 8 3223340586 140737401133440
[2026-09-08 14:06:26][warning][3542817] Calling original ioctl: 8 3224913486 140737401137984
[2026-09-08 14:06:26][warning][3542817] Calling original ioctl: 8 3224389163 140737401139712
[2026-09-08 14:06:26][warning][3542817] Calling original ioctl: 8 3223340586 140737401135744
[2026-09-08 14:06:26][warning][3542817] Calling original ioctl: 8 3224389163 140737401140000
[2026-09-08 14:06:26][warning][3542817] Calling original ioctl: 8 3223340586 140737401135680
[2026-09-08 14:06:26][warning][3542817] Calling original ioctl: 8 3223340586 140737401135760
[2026-09-08 14:06:26][warning][3542817] Calling original ioctl: 9 27 140737401141680
[2026-09-08 14:06:26][warning][3542817] Calling original ioctl: 9 27 140737401141680
[2026-09-08 14:06:26][warning][3542817] Calling original ioctl: 9 27 140737401141680
[2026-09-08 14:06:26][warning][3542817] Calling original ioctl: 9 27 140737401141680
[2026-09-08 14:06:26][warning][3542817] Calling original ioctl: 8 3223340586 140737401137344
[2026-09-08 14:06:26][warning][3542817] Calling original ioctl: 21 3221505737 140737401141440
[2026-09-08 14:06:26][warning][3542817] Calling original ioctl: 21 3222292174 140737401141424
[2026-09-08 14:06:26][warning][3542817] Calling original ioctl: 21 3224389163 140737401141408
[2026-09-08 14:06:26][warning][3542817] Calling original ioctl: 8 3224389163 140737401138880
[2026-09-08 14:06:26][warning][3542817] Calling original ioctl: 8 3223340586 140737401134464
[2026-09-08 14:06:26][warning][3542817] Calling original ioctl: 8 3224913486 140737401139008
[2026-09-08 14:06:26][warning][3542817] Calling original ioctl: 9 73 140737401138064
[2026-09-08 14:06:26][warning][3542817] Calling original ioctl: 9 33 140737401128832
[2026-09-08 14:06:26][warning][3542817] Calling original ioctl: 8 3224389163 140737401139184
[2026-09-08 14:06:26][warning][3542817] Calling original ioctl: 9 73 140737401138368
[2026-09-08 14:06:26][warning][3542817] Calling original ioctl: 9 33 140737401129136
[2026-09-08 14:06:26][warning][3542817] Calling original ioctl: 9 68 140737401128528
[2026-09-08 14:06:26][warning][3542817] Calling original ioctl: 9 72 140737401137632
[2026-09-08 14:06:26][warning][3542817] Calling original ioctl: 9 23 140737401141984
[2026-09-08 14:06:26][warning][3542817] Calling original ioctl: 9 23 140737401141984
[2026-09-08 14:06:26][warning][3542817] Calling original ioctl: 9 23 140737401141984
[2026-09-08 14:06:26][warning][3542817] Calling original ioctl: 9 23 140737401141984
[2026-09-08 14:06:26][warning][3542817] Calling original ioctl: 8 3224389163 140737401139184
[2026-09-08 14:06:26][warning][3542817] Calling original ioctl: 9 73 140737401138368
[2026-09-08 14:06:26][warning][3542817] Calling original ioctl: 9 33 140737401129136
[2026-09-08 14:06:26][warning][3542817] Calling original ioctl: 9 23 140737401141984
[2026-09-08 14:06:26][warning][3542817] Calling original ioctl: 9 23 140737401141984
[2026-09-08 14:06:26][warning][3542817] Calling original ioctl: 9 23 140737401141984
[2026-09-08 14:06:26][warning][3542817] Calling original ioctl: 8 3224389163 140737401138608
[2026-09-08 14:06:26][warning][3542817] Calling original ioctl: 8 3223340586 140737401134192
[2026-09-08 14:06:26][warning][3542817] Calling original ioctl: 8 3224913486 140737401138736
[2026-09-08 14:06:26][warning][3542817] Calling original ioctl: 9 73 140737401137792
[2026-09-08 14:06:26][warning][3542817] Calling original ioctl: 9 33 140737401128560
[2026-09-08 14:06:26][warning][3542817] Calling original ioctl: 12 3224913447 140737401138592
[2026-09-08 14:06:26][warning][3542817] Calling original ioctl: 9 73 140737401137792
[2026-09-08 14:06:26][warning][3542817] Calling original ioctl: 9 33 140737401128560
[2026-09-08 14:06:26][warning][3542817] Calling original ioctl: 8 3224389163 140737401139472
[2026-09-08 14:06:26][warning][3542817] Calling original ioctl: 9 73 140737401138656
[2026-09-08 14:06:26][warning][3542817] Calling original ioctl: 9 33 140737401129424
[2026-09-08 14:06:26][warning][3542817] Calling original ioctl: 12 3224913447 140737401138848
[2026-09-08 14:06:26][warning][3542817] Calling original ioctl: 9 73 140737401138048
[2026-09-08 14:06:26][warning][3542817] Calling original ioctl: 9 33 140737401128816
[2026-09-08 14:06:26][warning][3542817] Calling original ioctl: 8 3224389163 140737401138864
[2026-09-08 14:06:26][warning][3542817] Calling original ioctl: 9 73 140737401138048
[2026-09-08 14:06:26][warning][3542817] Calling original ioctl: 9 33 140737401128816
[2026-09-08 14:06:26][warning][3542817] Calling original ioctl: 9 65 140737401139136
[2026-09-08 14:06:26][warning][3542817] Calling original ioctl: 12 3224913447 140737401139952
[2026-09-08 14:06:26][warning][3542817] Calling original ioctl: 9 73 140737401139152
[2026-09-08 14:06:26][warning][3542817] Calling original ioctl: 9 33 140737401129920
[2026-09-08 14:06:26][warning][3542817] Calling original ioctl: 8 3224389163 140737401139968
[2026-09-08 14:06:26][warning][3542817] Calling original ioctl: 9 73 140737401139152
[2026-09-08 14:06:26][warning][3542817] Calling original ioctl: 9 33 140737401129920
[2026-09-08 14:06:26][warning][3542817] Calling original ioctl: 8 3224389163 140737401139536
[2026-09-08 14:06:26][warning][3542817] Calling original ioctl: 8 3223340586 140737401135120
[2026-09-08 14:06:26][warning][3542817] Calling original ioctl: 8 3224913486 140737401139664
[2026-09-08 14:06:26][warning][3542817] Calling original ioctl: 9 73 140737401138720
[2026-09-08 14:06:26][warning][3542817] Calling original ioctl: 9 33 140737401129488
[2026-09-08 14:06:26][warning][3542817] Calling original ioctl: 8 3224389163 140737401137248
[2026-09-08 14:06:26][warning][3542817] Calling original ioctl: 9 73 140737401136432
[2026-09-08 14:06:26][warning][3542817] Calling original ioctl: 9 33 140737401127200
[2026-09-08 14:06:26][warning][3542817] Calling original ioctl: 8 3224389163 140737401137168
[2026-09-08 14:06:26][warning][3542817] Calling original ioctl: 9 73 140737401136352
[2026-09-08 14:06:26][warning][3542817] Calling original ioctl: 9 33 140737401127120
[2026-09-08 14:06:26][warning][3542817] Calling original ioctl: 8 3224389163 140737401137168
[2026-09-08 14:06:26][warning][3542817] Calling original ioctl: 9 73 140737401136352
[2026-09-08 14:06:26][warning][3542817] Calling original ioctl: 9 33 140737401127120
[2026-09-08 14:06:26][warning][3542817] Calling original ioctl: 12 3224913447 140737401139504
[2026-09-08 14:06:26][warning][3542817] Calling original ioctl: 9 73 140737401138704
[2026-09-08 14:06:26][warning][3542817] Calling original ioctl: 9 33 140737401129472
[2026-09-08 14:06:26][warning][3542817] Calling original ioctl: 8 3224389163 140737401142112
[2026-09-08 14:06:26][warning][3542817] Calling original ioctl: 8 3224389163 140737401139008
[2026-09-08 14:06:26][warning][3542817] Calling original ioctl: 8 3223340586 140737401134592
[2026-09-08 14:06:26][warning][3542817] Calling original ioctl: 8 3224913486 140737401139136
[2026-09-08 14:06:26][warning][3542817] Calling original ioctl: 9 73 140737401138192
[2026-09-08 14:06:26][warning][3542817] Calling original ioctl: 9 33 140737401128960
[2026-09-08 14:06:26][warning][3542817] Calling original ioctl: 8 3224389163 140737401139328
[2026-09-08 14:06:26][warning][3542817] Calling original ioctl: 9 73 140737401138512
[2026-09-08 14:06:26][warning][3542817] Calling original ioctl: 9 33 140737401129280
[2026-09-08 14:06:26][warning][3542817] Calling original ioctl: 8 3224389163 140737401139328
[2026-09-08 14:06:26][warning][3542817] Calling original ioctl: 9 73 140737401138512
[2026-09-08 14:06:26][warning][3542817] Calling original ioctl: 9 33 140737401129280
[2026-09-08 14:06:26][warning][3542817] Calling original ioctl: 24 3221505737 140737401141776
[2026-09-08 14:06:26][warning][3542817] Calling original ioctl: 24 3222292174 140737401141760
[2026-09-08 14:06:26][warning][3542817] Calling original ioctl: 24 3224389163 140737401141744
[2026-09-08 14:06:26][warning][3542817] Calling original ioctl: 26 3221505737 140737401141776
[2026-09-08 14:06:26][warning][3542817] Calling original ioctl: 26 3222292174 140737401141760
[2026-09-08 14:06:26][warning][3542817] Calling original ioctl: 26 3224389163 140737401141744
[2026-09-08 14:06:26][warning][3542817] Calling original ioctl: 28 3221505737 140737401141776
[2026-09-08 14:06:26][warning][3542817] Calling original ioctl: 28 3222292174 140737401141760
[2026-09-08 14:06:26][warning][3542817] Calling original ioctl: 28 3224389163 140737401141744
[2026-09-08 14:06:26][warning][3542817] Calling original ioctl: 30 3221505737 140737401141776
[2026-09-08 14:06:26][warning][3542817] Calling original ioctl: 30 3222292174 140737401141760
[2026-09-08 14:06:26][warning][3542817] Calling original ioctl: 30 3224389163 140737401141744
[2026-09-08 14:06:26][warning][3542817] Calling original ioctl: 8 3223340586 140737401137488
[2026-09-08 14:06:26][warning][3542817] Calling original ioctl: 8 3223340586 140737401137664
[2026-09-08 14:06:26][warning][3542817] Calling original ioctl: 8 3223340586 140737401137824
[2026-09-08 14:06:26][warning][3542817] Calling original ioctl: 8 3224389163 140737401139296
[2026-09-08 14:06:26][warning][3542817] Calling original ioctl: 9 73 140737401138480
[2026-09-08 14:06:26][warning][3542817] Calling original ioctl: 9 33 140737401129248
[2026-09-08 14:06:26][warning][3542817] Calling original ioctl: 8 3223340586 140737401137824
libbpf: loading object 'full_record_device_buffer_bpf' from buffer
libbpf: elf: section(3) kretprobe/_Z9rope_normILb1ELb0Ef6__halfEvPKT1_PT2_iiiiiPKifff14rope_corr_dimsfPKfPKli, size 1168, link 0, flags 6, type=1
libbpf: sec 'kretprobe/_Z9rope_normILb1ELb0Ef6__halfEvPKT1_PT2_iiiiiPKifff14rope_corr_dimsfPKfPKli': found program 'cuda__retprobe' at insn offset 0 (0 bytes), code size 146 insns (1168 bytes)
libbpf: elf: section(4) .relkretprobe/_Z9rope_normILb1ELb0Ef6__halfEvPKT1_PT2_iiiiiPKifff14rope_corr_dimsfPKfPKli, size 32, link 26, flags 40, type=9
libbpf: elf: section(5) .maps, size 32, link 0, flags 3, type=1
libbpf: elf: section(6) license, size 4, link 0, flags 3, type=1
libbpf: license of full_record_device_buffer_bpf is GPL
libbpf: elf: section(16) .BTF, size 2529, link 0, flags 0, type=1
libbpf: elf: section(18) .BTF.ext, size 960, link 0, flags 0, type=1
libbpf: elf: section(26) .symtab, size 432, link 1, flags 0, type=2
libbpf: looking for externs among 18 symbols...
libbpf: collected 0 externs total
libbpf: map 'arena': at sec_idx 5, offset 0.
libbpf: map 'arena': found type = 1503.
libbpf: map 'arena': found key [8], sz = 4.
libbpf: map 'arena': found value [12], sz = 335675408.
libbpf: map 'arena': found max_entries = 32.
libbpf: sec '.relkretprobe/_Z9rope_normILb1ELb0Ef6__halfEvPKT1_PT2_iiiiiPKifff14rope_corr_dimsfPKfPKli': collecting relocation for section(3) 'kretprobe/_Z9rope_normILb1ELb0Ef6__halfEvPKT1_PT2_iiiiiPKifff14rope_corr_dimsfPKfPKli'
libbpf: sec '.relkretprobe/_Z9rope_normILb1ELb0Ef6__halfEvPKT1_PT2_iiiiiPKifff14rope_corr_dimsfPKfPKli': relo #0: insn #71 against 'arena'
libbpf: prog 'cuda__retprobe': found map 0 (arena, sec 5, off 0) for insn #71
libbpf: sec '.relkretprobe/_Z9rope_normILb1ELb0Ef6__halfEvPKT1_PT2_iiiiiPKifff14rope_corr_dimsfPKfPKli': relo #1: insn #85 against 'arena'
libbpf: prog 'cuda__retprobe': found map 0 (arena, sec 5, off 0) for insn #85
libbpf: object 'full_record_dev': failed (-EACCES) to open BPF FS mount at '/sys/fs/bpf', skipping optional step...
libbpf: Kernel doesn't support BTF, skipping uploading it.
libbpf: map 'arena': created successfully, fd=34
Full-record bank count: 32
Full-record slots per bank: 16384
Full-record total slots: 524288
Full-record records per slot: 256
Full-record record bytes: 80
Full-record value bytes (per bank): 335675408
Full-record probe attached; waiting for SIGINT
[2026-09-08 14:06:41][warning][3543040] Calling original ioctl: 8 3223340586 137888929773168
[2026-09-08 14:07:27][warning][3542817] Calling original ioctl: 8 3223340586 140737401132656
Full-record drain bytes: 10741613056
Full-record drain time ns: 1457517662
Full-record committed records: 23068672
Full-record active slots: 524288
Full-record overflow records: 0
Full-record out-of-range threads: 0
Full-record nonzero timestamps: 23068672
[2026-09-08 14:07:28][warning][3542817] Calling original ioctl: 9 34 140737401142608
[2026-09-08 14:07:28][warning][3542817] Calling original ioctl: 8 3222292009 140737401142768
[2026-09-08 14:07:28][warning][3542817] Calling original ioctl: 9 34 140737401143424
[2026-09-08 14:07:28][warning][3542817] Calling original ioctl: 8 3222292009 140737401143584
[2026-09-08 14:07:28][warning][3542817] Calling original ioctl: 9 34 140737401143424
[2026-09-08 14:07:28][warning][3542817] Calling original ioctl: 8 3222292009 140737401143584
[2026-09-08 14:07:28][warning][3542817] Calling original ioctl: 8 3222292009 140737401144304
[2026-09-08 14:07:28][warning][3542817] Calling original ioctl: 26 3222292175 140737401144320
[2026-09-08 14:07:28][warning][3542817] Calling original ioctl: 8 3222292009 140737401144304
[2026-09-08 14:07:28][warning][3542817] Calling original ioctl: 28 3222292175 140737401144320
[2026-09-08 14:07:28][warning][3542817] Calling original ioctl: 8 3222292009 140737401144304
[2026-09-08 14:07:28][warning][3542817] Calling original ioctl: 24 3222292175 140737401144320
[2026-09-08 14:07:28][warning][3542817] Calling original ioctl: 8 3222292009 140737401144304
[2026-09-08 14:07:28][warning][3542817] Calling original ioctl: 30 3222292175 140737401144320
[2026-09-08 14:07:28][warning][3542817] Calling original ioctl: 9 34 140737401143328
[2026-09-08 14:07:28][warning][3542817] Calling original ioctl: 8 3222292009 140737401143488
[2026-09-08 14:07:28][warning][3542817] Calling original ioctl: 9 34 140737401143328
[2026-09-08 14:07:28][warning][3542817] Calling original ioctl: 8 3222292009 140737401143488
[2026-09-08 14:07:28][warning][3542817] Calling original ioctl: 9 34 140737401143456
[2026-09-08 14:07:28][warning][3542817] Calling original ioctl: 8 3223340623 140737401143664
[2026-09-08 14:07:28][warning][3542817] Calling original ioctl: 8 3222292009 140737401143616
[2026-09-08 14:07:28][warning][3542817] Calling original ioctl: 8 3222292009 140737401144384
[2026-09-08 14:07:28][warning][3542817] Calling original ioctl: 9 34 140737401143440
[2026-09-08 14:07:28][warning][3542817] Calling original ioctl: 8 3222292009 140737401143600
[2026-09-08 14:07:28][warning][3542817] Calling original ioctl: 9 34 140737401143440
[2026-09-08 14:07:28][warning][3542817] Calling original ioctl: 8 3223340623 140737401143648
[2026-09-08 14:07:28][warning][3542817] Calling original ioctl: 8 3222292009 140737401143600
[2026-09-08 14:07:28][warning][3542817] Calling original ioctl: 8 3223340586 140737401139312
[2026-09-08 14:07:28][warning][3542817] Calling original ioctl: 9 34 140737401143264
[2026-09-08 14:07:28][warning][3542817] Calling original ioctl: 8 3222292009 140737401143424
[2026-09-08 14:07:28][warning][3542817] Calling original ioctl: 8 3223340586 140737401139312
[2026-09-08 14:07:28][warning][3542817] Calling original ioctl: 9 34 140737401143264
[2026-09-08 14:07:28][warning][3542817] Calling original ioctl: 8 3222292009 140737401143424
[2026-09-08 14:07:28][warning][3542817] Calling original ioctl: 8 3223340586 140737401139312
[2026-09-08 14:07:28][warning][3542817] Calling original ioctl: 9 34 140737401143264
[2026-09-08 14:07:28][warning][3542817] Calling original ioctl: 8 3222292009 140737401143424
[2026-09-08 14:07:28][warning][3542817] Calling original ioctl: 8 3223340586 140737401140208
[2026-09-08 14:07:28][warning][3542817] Calling original ioctl: 9 34 140737401143488
[2026-09-08 14:07:28][warning][3542817] Calling original ioctl: 9 34 140737401143488
[2026-09-08 14:07:28][warning][3542817] Calling original ioctl: 8 3222292009 140737401143648
[2026-09-08 14:07:28][warning][3542817] Calling original ioctl: 9 34 140737401143488
[2026-09-08 14:07:28][warning][3542817] Calling original ioctl: 8 3222292009 140737401143648
[2026-09-08 14:07:28][warning][3542817] Calling original ioctl: 9 34 140737401143440
[2026-09-08 14:07:28][warning][3542817] Calling original ioctl: 8 3223340623 140737401143648
[2026-09-08 14:07:28][warning][3542817] Calling original ioctl: 8 3222292009 140737401143600
[2026-09-08 14:07:28][warning][3542817] Calling original ioctl: 9 24 140737401144480
[2026-09-08 14:07:28][warning][3542817] Calling original ioctl: 9 24 140737401144480
[2026-09-08 14:07:28][warning][3542817] Calling original ioctl: 9 24 140737401144512
[2026-09-08 14:07:28][warning][3542817] Calling original ioctl: 9 24 140737401144480
[2026-09-08 14:07:28][warning][3542817] Calling original ioctl: 9 24 140737401144480
[2026-09-08 14:07:28][warning][3542817] Calling original ioctl: 9 24 140737401144480
[2026-09-08 14:07:28][warning][3542817] Calling original ioctl: 9 24 140737401144480
[2026-09-08 14:07:28][warning][3542817] Calling original ioctl: 9 34 140737401143376
[2026-09-08 14:07:28][warning][3542817] Calling original ioctl: 8 3222292009 140737401143536
[2026-09-08 14:07:28][warning][3542817] Calling original ioctl: 9 34 140737401143376
[2026-09-08 14:07:28][warning][3542817] Calling original ioctl: 8 3222292009 140737401143536
[2026-09-08 14:07:28][warning][3542817] Calling original ioctl: 9 34 140737401143488
[2026-09-08 14:07:28][warning][3542817] Calling original ioctl: 8 3222292009 140737401143648
[2026-09-08 14:07:28][warning][3542817] Calling original ioctl: 8 3222292009 140737401144224
[2026-09-08 14:07:28][warning][3542817] Calling original ioctl: 17 3222292175 140737401144240
[2026-09-08 14:07:28][warning][3542817] Calling original ioctl: 9 28 140737401144352
[2026-09-08 14:07:28][warning][3542817] Calling original ioctl: 9 28 140737401144352
[2026-09-08 14:07:28][warning][3542817] Calling original ioctl: 9 28 140737401144352
[2026-09-08 14:07:28][warning][3542817] Calling original ioctl: 9 28 140737401144352
[2026-09-08 14:07:28][warning][3542817] Calling original ioctl: 9 28 140737401144352
[2026-09-08 14:07:28][warning][3542817] Calling original ioctl: 9 28 140737401144352
[2026-09-08 14:07:28][warning][3542817] Calling original ioctl: 9 28 140737401144352
[2026-09-08 14:07:28][warning][3542817] Calling original ioctl: 9 28 140737401144352
[2026-09-08 14:07:28][warning][3542817] Calling original ioctl: 8 3222292009 140737401144112
[2026-09-08 14:07:28][warning][3542817] Calling original ioctl: 8 3222292009 140737401144112
[2026-09-08 14:07:28][warning][3542817] Calling original ioctl: 8 3222292009 140737401144160
[2026-09-08 14:07:28][warning][3542817] Calling original ioctl: 8 3223340623 140737401143424
[2026-09-08 14:07:28][warning][3542817] Calling original ioctl: 8 3222292009 140737401143376
[2026-09-08 14:07:28][warning][3542817] Calling original ioctl: 8 3222292009 140737401144112
[2026-09-08 14:07:28][warning][3542817] Calling original ioctl: 8 3222292009 140737401144160
[2026-09-08 14:07:28][warning][3542817] Calling original ioctl: 8 3223340623 140737401143424
[2026-09-08 14:07:28][warning][3542817] Calling original ioctl: 8 3222292009 140737401143376
[2026-09-08 14:07:28][warning][3542817] Calling original ioctl: 8 3222292009 140737401144112
[2026-09-08 14:07:28][warning][3542817] Calling original ioctl: 8 3222292009 140737401144112
[2026-09-08 14:07:28][warning][3542817] Calling original ioctl: 8 3222292009 140737401144160
[2026-09-08 14:07:28][warning][3542817] Calling original ioctl: 8 3223340623 140737401143424
[2026-09-08 14:07:28][warning][3542817] Calling original ioctl: 8 3222292009 140737401143376
[2026-09-08 14:07:28][warning][3542817] Calling original ioctl: 8 3222292009 140737401144112
[2026-09-08 14:07:28][warning][3542817] Calling original ioctl: 8 3222292009 140737401144160
[2026-09-08 14:07:28][warning][3542817] Calling original ioctl: 8 3223340623 140737401143424
[2026-09-08 14:07:28][warning][3542817] Calling original ioctl: 8 3222292009 140737401143376
[2026-09-08 14:07:28][warning][3542817] Calling original ioctl: 8 3222292009 140737401144112
[2026-09-08 14:07:28][warning][3542817] Calling original ioctl: 8 3222292009 140737401144112
[2026-09-08 14:07:28][warning][3542817] Calling original ioctl: 8 3222292009 140737401144160
[2026-09-08 14:07:28][warning][3542817] Calling original ioctl: 8 3223340623 140737401143424
[2026-09-08 14:07:28][warning][3542817] Calling original ioctl: 8 3222292009 140737401143376
[2026-09-08 14:07:28][warning][3542817] Calling original ioctl: 8 3222292009 140737401144112
[2026-09-08 14:07:28][warning][3542817] Calling original ioctl: 8 3222292009 140737401144160
[2026-09-08 14:07:28][warning][3542817] Calling original ioctl: 8 3223340623 140737401143424
[2026-09-08 14:07:28][warning][3542817] Calling original ioctl: 8 3222292009 140737401143376
[2026-09-08 14:07:28][warning][3542817] Calling original ioctl: 8 3222292009 140737401144112
[2026-09-08 14:07:28][warning][3542817] Calling original ioctl: 8 3222292009 140737401144112
[2026-09-08 14:07:28][warning][3542817] Calling original ioctl: 8 3222292009 140737401144160
[2026-09-08 14:07:28][warning][3542817] Calling original ioctl: 8 3223340623 140737401143424
[2026-09-08 14:07:28][warning][3542817] Calling original ioctl: 8 3222292009 140737401143376
[2026-09-08 14:07:28][warning][3542817] Calling original ioctl: 8 3222292009 140737401144112
[2026-09-08 14:07:28][warning][3542817] Calling original ioctl: 8 3222292009 140737401144160
[2026-09-08 14:07:28][warning][3542817] Calling original ioctl: 8 3223340623 140737401143424
[2026-09-08 14:07:28][warning][3542817] Calling original ioctl: 8 3222292009 140737401143376
[2026-09-08 14:07:28][warning][3542817] Calling original ioctl: 8 3222292009 140737401144288
[2026-09-08 14:07:28][warning][3542817] Calling original ioctl: 8 3222292009 140737401144256
[2026-09-08 14:07:28][warning][3542817] Calling original ioctl: 8 3222292009 140737401144224
[2026-09-08 14:07:28][warning][3542817] Calling original ioctl: 19 3222292175 140737401144240
[2026-09-08 14:07:28][warning][3542817] Calling original ioctl: 9 28 140737401144352
[2026-09-08 14:07:28][warning][3542817] Calling original ioctl: 9 28 140737401144352
[2026-09-08 14:07:28][warning][3542817] Calling original ioctl: 9 28 140737401144352
[2026-09-08 14:07:28][warning][3542817] Calling original ioctl: 9 28 140737401144352
[2026-09-08 14:07:28][warning][3542817] Calling original ioctl: 8 3222292009 140737401144112
[2026-09-08 14:07:28][warning][3542817] Calling original ioctl: 8 3222292009 140737401144160
[2026-09-08 14:07:28][warning][3542817] Calling original ioctl: 8 3223340623 140737401143424
[2026-09-08 14:07:28][warning][3542817] Calling original ioctl: 8 3222292009 140737401143376
[2026-09-08 14:07:28][warning][3542817] Calling original ioctl: 8 3222292009 140737401144112
[2026-09-08 14:07:28][warning][3542817] Calling original ioctl: 8 3222292009 140737401144160
[2026-09-08 14:07:28][warning][3542817] Calling original ioctl: 8 3223340623 140737401143424
[2026-09-08 14:07:28][warning][3542817] Calling original ioctl: 8 3222292009 140737401143376
[2026-09-08 14:07:28][warning][3542817] Calling original ioctl: 8 3222292009 140737401144112
[2026-09-08 14:07:28][warning][3542817] Calling original ioctl: 8 3222292009 140737401144160
[2026-09-08 14:07:28][warning][3542817] Calling original ioctl: 8 3223340623 140737401143424
[2026-09-08 14:07:28][warning][3542817] Calling original ioctl: 8 3222292009 140737401143376
[2026-09-08 14:07:28][warning][3542817] Calling original ioctl: 8 3222292009 140737401144112
[2026-09-08 14:07:28][warning][3542817] Calling original ioctl: 8 3222292009 140737401144160
[2026-09-08 14:07:28][warning][3542817] Calling original ioctl: 8 3223340623 140737401143424
[2026-09-08 14:07:28][warning][3542817] Calling original ioctl: 8 3222292009 140737401143376
[2026-09-08 14:07:28][warning][3542817] Calling original ioctl: 8 3222292009 140737401144256
[2026-09-08 14:07:28][warning][3542817] Calling original ioctl: 8 3222292009 140737401144224
[2026-09-08 14:07:28][warning][3542817] Calling original ioctl: 21 3222292175 140737401144240
[2026-09-08 14:07:28][warning][3542817] Calling original ioctl: 9 28 140737401144352
[2026-09-08 14:07:28][warning][3542817] Calling original ioctl: 9 28 140737401144352
[2026-09-08 14:07:28][warning][3542817] Calling original ioctl: 9 28 140737401144352
[2026-09-08 14:07:28][warning][3542817] Calling original ioctl: 9 28 140737401144352
[2026-09-08 14:07:28][warning][3542817] Calling original ioctl: 8 3222292009 140737401144112
[2026-09-08 14:07:28][warning][3542817] Calling original ioctl: 8 3222292009 140737401144160
[2026-09-08 14:07:28][warning][3542817] Calling original ioctl: 8 3223340623 140737401143424
[2026-09-08 14:07:28][warning][3542817] Calling original ioctl: 8 3222292009 140737401143376
[2026-09-08 14:07:28][warning][3542817] Calling original ioctl: 8 3222292009 140737401144112
[2026-09-08 14:07:28][warning][3542817] Calling original ioctl: 8 3222292009 140737401144160
[2026-09-08 14:07:28][warning][3542817] Calling original ioctl: 8 3223340623 140737401143424
[2026-09-08 14:07:28][warning][3542817] Calling original ioctl: 8 3222292009 140737401143376
[2026-09-08 14:07:28][warning][3542817] Calling original ioctl: 8 3222292009 140737401144112
[2026-09-08 14:07:28][warning][3542817] Calling original ioctl: 8 3222292009 140737401144160
[2026-09-08 14:07:28][warning][3542817] Calling original ioctl: 8 3223340623 140737401143424
[2026-09-08 14:07:28][warning][3542817] Calling original ioctl: 8 3222292009 140737401143376
[2026-09-08 14:07:28][warning][3542817] Calling original ioctl: 8 3222292009 140737401144112
[2026-09-08 14:07:28][warning][3542817] Calling original ioctl: 8 3222292009 140737401144160
[2026-09-08 14:07:28][warning][3542817] Calling original ioctl: 8 3223340623 140737401143424
[2026-09-08 14:07:28][warning][3542817] Calling original ioctl: 8 3222292009 140737401143376
[2026-09-08 14:07:28][warning][3542817] Calling original ioctl: 9 34 140737401143184
[2026-09-08 14:07:28][warning][3542817] Calling original ioctl: 8 3223340623 140737401143392
[2026-09-08 14:07:28][warning][3542817] Calling original ioctl: 8 3222292009 140737401143344
[2026-09-08 14:07:28][warning][3542817] Calling original ioctl: 9 34 140737401143184
[2026-09-08 14:07:28][warning][3542817] Calling original ioctl: 8 3223340623 140737401143392
[2026-09-08 14:07:28][warning][3542817] Calling original ioctl: 8 3222292009 140737401143344
[2026-09-08 14:07:28][warning][3542817] Calling original ioctl: 8 3222292009 140737401144256
[2026-09-08 14:07:28][warning][3542817] Calling original ioctl: 9 34 140737401143488
[2026-09-08 14:07:28][warning][3542817] Calling original ioctl: 8 3222292009 140737401143648
[2026-09-08 14:07:28][warning][3542817] Calling original ioctl: 9 34 140737401143392
[2026-09-08 14:07:28][warning][3542817] Calling original ioctl: 8 3222292009 140737401143552
[2026-09-08 14:07:28][warning][3542817] Calling original ioctl: 9 34 140737401143488
[2026-09-08 14:07:28][warning][3542817] Calling original ioctl: 8 3222292009 140737401143648
[2026-09-08 14:07:28][warning][3542817] Calling original ioctl: 9 34 140737401143440
[2026-09-08 14:07:28][warning][3542817] Calling original ioctl: 8 3222292009 140737401143600
[2026-09-08 14:07:28][warning][3542817] Calling original ioctl: 9 34 140737401143424
[2026-09-08 14:07:28][warning][3542817] Calling original ioctl: 8 3223340623 140737401143632
[2026-09-08 14:07:28][warning][3542817] Calling original ioctl: 8 3222292009 140737401143584
[2026-09-08 14:07:28][warning][3542817] Calling original ioctl: 9 34 140737401143424
[2026-09-08 14:07:28][warning][3542817] Calling original ioctl: 8 3223340623 140737401143632
[2026-09-08 14:07:28][warning][3542817] Calling original ioctl: 8 3222292009 140737401143584
[2026-09-08 14:07:28][warning][3542817] Calling original ioctl: 9 34 140737401143440
[2026-09-08 14:07:28][warning][3542817] Calling original ioctl: 8 3222292009 140737401143600
[2026-09-08 14:07:28][warning][3542817] Calling original ioctl: 9 34 140737401143440
[2026-09-08 14:07:28][warning][3542817] Calling original ioctl: 8 3222292009 140737401143600
[2026-09-08 14:07:28][warning][3542817] Calling original ioctl: 9 34 140737401143600
[2026-09-08 14:07:28][warning][3542817] Calling original ioctl: 8 3223340586 140737401140192
