tenant_launcher: pid=988836 target=/tmp/uvmbench_low stopping
Hotspot config: grid=41024x41024, iterations=10
  Allocated: 19260.0 MB, Total access: 192600.5 MB
UVM Microbenchmark - Tier 0 Synthetic Kernels
==============================================
GPU Memory: 32109 MB
Size Factor: 0.6
Total Working Set: 19265 MB
Stride Bytes: 4096 (page-level)
Kernel: hotspot
Mode: uvm
Iterations: 1


Results:
  Kernel: hotspot
  Mode: uvm
  Working Set: 19265 MB
  Bytes Accessed: 192600 MB
  Median time: 15566.7 ms
  Min time: 15566.7 ms
  Max time: 15566.7 ms
  Bandwidth: 12.9736 GB/s
  Results written to: /home/yunwei37/workspace/gpu/gpu_ext/workloads/fig13-fast/results/fig13_fast_20260907_005958/block01_baseline/uvmbench_uvmbench_low_results.csv
