[2026-09-04 10:10:59][info][2760672] Setting BPFTIME_SHM_MEMORY_MB to: 256
[2026-09-04 10:10:59][info][2760672] Setting BPFTIME_MAX_FD_COUNT to: 1024
[2026-09-04 10:10:59][warning][2760672] BPFTIME_VERIFIER_LEVEL=WARNING was requested, but this bpftime build was compiled with ENABLE_EBPF_VERIFIER=OFF; continuing without userspace verification.
[2026-09-04 10:10:59][info][2760672] Verifier mode: WARNING
[2026-09-04 10:10:59][info][2760672] Init bpftime syscall mocking..
[2026-09-04 10:10:59][info][2760672] The log will be written to: console
[2026-09-04 10:10:59][info][2760672] Starting syscall server..
[2026-09-04 10:10:59][info][2760672] Setting BPFTIME_SHM_MEMORY_MB to: 256
[2026-09-04 10:10:59][info][2760672] Setting BPFTIME_MAX_FD_COUNT to: 1024
[2026-09-04 10:10:59][warning][2760672] BPFTIME_VERIFIER_LEVEL=WARNING was requested, but this bpftime build was compiled with ENABLE_EBPF_VERIFIER=OFF; continuing without userspace verification.
[2026-09-04 10:10:59][info][2760672] Verifier mode: WARNING
[2026-09-04 10:10:59][info][2760672] Initialize syscall server
[2026-09-04 10:10:59][info][2760672] Setting BPFTIME_SHM_MEMORY_MB to: 256
[2026-09-04 10:10:59][info][2760672] Setting BPFTIME_MAX_FD_COUNT to: 1024
[2026-09-04 10:10:59][warning][2760672] BPFTIME_VERIFIER_LEVEL=WARNING was requested, but this bpftime build was compiled with ENABLE_EBPF_VERIFIER=OFF; continuing without userspace verification.
[2026-09-04 10:10:59][info][2760672] Verifier mode: WARNING
[2026-09-04 10:10:59][info][2760672] Global shm constructed. shm_open_type 3 for fig15_map_2759420_115604628980661
[2026-09-04 10:10:59][info][2760672] Global shm initialized
[2026-09-04 10:10:59][info][2760672] Initializing CUDA at syscall-server side
[2026-09-04 10:10:59][info][2760672] CUDA initialized at syscall server side
[2026-09-04 10:10:59][info][2760672] bpftime-syscall-server started
[2026-09-04 10:10:59][info][2760672] syscall server: Set enable_mock_after_initialized to false
[2026-09-04 10:10:59][info][2760672] CUDA context for thread 2760672 has been set to 5f25cf239130
[2026-09-04 10:10:59][info][2760672] Map device_values (nv_gpu_shared_array_map_impl) shared array
[2026-09-04 10:10:59][info][2760672] Initializing map type of BPF_MAP_TYPE_GPU_ARRAY_MAP (device), total_buffer_size=256
[2026-09-04 10:10:59][info][2760672] syscall server: Set enable_mock_after_initialized to true
[2026-09-04 10:10:59][info][2760672] Map host_values (nv_gpu_shared_array_host_map_impl) shared array
[2026-09-04 10:10:59][info][2760672] Initializing map type of BPF_MAP_TYPE_GPU_ARRAY_HOST_MAP (shared mem), value_size=8, max_entries=32, total_buffer_size=256
[2026-09-04 10:10:59][info][2760672] Allocated shared memory buffer at 75dbade2aa60
[2026-09-04 10:10:59][info][2760672] syscall server: Set enable_mock_after_initialized to false
[2026-09-04 10:10:59][info][2760672] CUDA context for thread 2760672 has been set to 5f25d0163770
[2026-09-04 10:10:59][info][2760672] Map observed_values (nv_gpu_shared_array_map_impl) shared array
[2026-09-04 10:10:59][info][2760672] Initializing map type of BPF_MAP_TYPE_GPU_ARRAY_MAP (device), total_buffer_size=256
[2026-09-04 10:10:59][info][2760672] syscall server: Set enable_mock_after_initialized to true
[2026-09-04 10:10:59][info][2760672] Created kprobe/kretprobe perf event handler, func_name fig15_map_kernel, addr 0
FIG15_READY	noop	1
FIG15_DETACHED	1
[2026-09-04 10:11:00][warning][2760672] Calling original ioctl: 10 34 140727193081216
[2026-09-04 10:11:00][warning][2760672] Calling original ioctl: 9 3222292009 140727193081376
[2026-09-04 10:11:00][warning][2760672] Calling original ioctl: 10 34 140727193081216
[2026-09-04 10:11:00][warning][2760672] Calling original ioctl: 9 3222292009 140727193081376
