[2026-09-07 18:45:21][warning][1995798] Calling original ioctl: 8 3223340586 140725740211696
[2026-09-07 18:45:21][warning][1995798] Calling original ioctl: 8 3223340586 140725740211712
[2026-09-07 18:45:21][warning][1995798] Calling original ioctl: 8 3223340586 140725740211760
[2026-09-07 18:45:21][warning][1995798] Calling original ioctl: 9 25 140725740216080
[2026-09-07 18:45:21][warning][1995798] Calling original ioctl: 8 3224389163 140725740213344
[2026-09-07 18:45:21][warning][1995798] Calling original ioctl: 9 73 140725740212528
[2026-09-07 18:45:21][warning][1995798] Calling original ioctl: 9 33 140725740203296
[2026-09-07 18:45:21][warning][1995798] Calling original ioctl: 8 3224389163 140725740213024
[2026-09-07 18:45:21][warning][1995798] Calling original ioctl: 9 73 140725740212208
[2026-09-07 18:45:21][warning][1995798] Calling original ioctl: 9 33 140725740202976
[2026-09-07 18:45:21][warning][1995798] Calling original ioctl: 8 3224389163 140725740213024
[2026-09-07 18:45:21][warning][1995798] Calling original ioctl: 9 73 140725740212208
[2026-09-07 18:45:21][warning][1995798] Calling original ioctl: 9 33 140725740202976
[2026-09-07 18:45:21][warning][1995798] Calling original ioctl: 8 3224389163 140725740213520
[2026-09-07 18:45:21][warning][1995798] Calling original ioctl: 9 73 140725740212704
[2026-09-07 18:45:21][warning][1995798] Calling original ioctl: 9 33 140725740203472
[2026-09-07 18:45:21][warning][1995798] Calling original ioctl: 8 3224389163 140725740215200
[2026-09-07 18:45:21][warning][1995798] Calling original ioctl: 8 3224389163 140725740215184
[2026-09-07 18:45:21][warning][1995798] Calling original ioctl: 8 3224389163 140725740211424
[2026-09-07 18:45:21][warning][1995798] Calling original ioctl: 8 3223340586 140725740207008
[2026-09-07 18:45:21][warning][1995798] Calling original ioctl: 8 3224913486 140725740211552
[2026-09-07 18:45:21][warning][1995798] Calling original ioctl: 8 3223864926 140725740211504
[2026-09-07 18:45:21][warning][1995798] Calling original ioctl: 9 73 140725740210608
[2026-09-07 18:45:21][warning][1995798] Calling original ioctl: 9 33 140725740201376
[2026-09-07 18:45:21][warning][1995798] Calling original ioctl: 8 3224389163 140725740210960
[2026-09-07 18:45:21][warning][1995798] Calling original ioctl: 8 3223340586 140725740206544
[2026-09-07 18:45:21][warning][1995798] Calling original ioctl: 8 3224913486 140725740211088
[2026-09-07 18:45:21][warning][1995798] Calling original ioctl: 9 73 140725740210144
[2026-09-07 18:45:21][warning][1995798] Calling original ioctl: 9 33 140725740200912
[2026-09-07 18:45:21][warning][1995798] Calling original ioctl: 8 3224389163 140725740211808
[2026-09-07 18:45:21][warning][1995798] Calling original ioctl: 8 3223340586 140725740207392
[2026-09-07 18:45:21][warning][1995798] Calling original ioctl: 8 3224913486 140725740211936
[2026-09-07 18:45:21][warning][1995798] Calling original ioctl: 8 3224389163 140725740213664
[2026-09-07 18:45:21][warning][1995798] Calling original ioctl: 8 3223340586 140725740209696
[2026-09-07 18:45:21][warning][1995798] Calling original ioctl: 8 3224389163 140725740213952
[2026-09-07 18:45:21][warning][1995798] Calling original ioctl: 8 3223340586 140725740209632
[2026-09-07 18:45:21][warning][1995798] Calling original ioctl: 8 3224389163 140725740213952
[2026-09-07 18:45:21][warning][1995798] Calling original ioctl: 8 3223340586 140725740209632
[2026-09-07 18:45:21][warning][1995798] Calling original ioctl: 8 3223340586 140725740209712
[2026-09-07 18:45:21][warning][1995798] Calling original ioctl: 8 3223340586 140725740209712
[2026-09-07 18:45:21][warning][1995798] Calling original ioctl: 8 3224389163 140725740212608
[2026-09-07 18:45:21][warning][1995798] Calling original ioctl: 8 3223340586 140725740208192
[2026-09-07 18:45:21][warning][1995798] Calling original ioctl: 8 3224913486 140725740212736
[2026-09-07 18:45:21][warning][1995798] Calling original ioctl: 9 73 140725740211792
[2026-09-07 18:45:21][warning][1995798] Calling original ioctl: 9 33 140725740202560
[2026-09-07 18:45:21][warning][1995798] Calling original ioctl: 8 3224389163 140725740211808
[2026-09-07 18:45:21][warning][1995798] Calling original ioctl: 8 3223340586 140725740207392
[2026-09-07 18:45:21][warning][1995798] Calling original ioctl: 8 3224913486 140725740211936
[2026-09-07 18:45:21][warning][1995798] Calling original ioctl: 8 3224389163 140725740213664
[2026-09-07 18:45:21][warning][1995798] Calling original ioctl: 8 3223340586 140725740209696
[2026-09-07 18:45:21][warning][1995798] Calling original ioctl: 8 3224389163 140725740213952
[2026-09-07 18:45:21][warning][1995798] Calling original ioctl: 8 3223340586 140725740209632
[2026-09-07 18:45:21][warning][1995798] Calling original ioctl: 8 3223340586 140725740209712
[2026-09-07 18:45:21][warning][1995798] Calling original ioctl: 8 3223340586 140725740209712
[2026-09-07 18:45:21][warning][1995798] Calling original ioctl: 8 3224389163 140725740211808
[2026-09-07 18:45:21][warning][1995798] Calling original ioctl: 8 3223340586 140725740207392
[2026-09-07 18:45:21][warning][1995798] Calling original ioctl: 8 3224913486 140725740211936
[2026-09-07 18:45:21][warning][1995798] Calling original ioctl: 8 3224389163 140725740213664
[2026-09-07 18:45:21][warning][1995798] Calling original ioctl: 8 3223340586 140725740209696
[2026-09-07 18:45:21][warning][1995798] Calling original ioctl: 8 3224389163 140725740213952
[2026-09-07 18:45:21][warning][1995798] Calling original ioctl: 8 3223340586 140725740209632
[2026-09-07 18:45:21][warning][1995798] Calling original ioctl: 8 3224389163 140725740213952
[2026-09-07 18:45:21][warning][1995798] Calling original ioctl: 8 3223340586 140725740209632
[2026-09-07 18:45:21][warning][1995798] Calling original ioctl: 8 3223340586 140725740209712
[2026-09-07 18:45:21][warning][1995798] Calling original ioctl: 8 3223340586 140725740209712
[2026-09-07 18:45:21][warning][1995798] Calling original ioctl: 8 3224389163 140725740211808
[2026-09-07 18:45:21][warning][1995798] Calling original ioctl: 8 3223340586 140725740207392
[2026-09-07 18:45:21][warning][1995798] Calling original ioctl: 8 3224913486 140725740211936
[2026-09-07 18:45:21][warning][1995798] Calling original ioctl: 8 3224389163 140725740213664
[2026-09-07 18:45:21][warning][1995798] Calling original ioctl: 8 3223340586 140725740209696
[2026-09-07 18:45:21][warning][1995798] Calling original ioctl: 8 3224389163 140725740213952
[2026-09-07 18:45:21][warning][1995798] Calling original ioctl: 8 3223340586 140725740209632
[2026-09-07 18:45:21][warning][1995798] Calling original ioctl: 8 3223340586 140725740209712
[2026-09-07 18:45:21][warning][1995798] Calling original ioctl: 8 3223340586 140725740209712
[2026-09-07 18:45:21][warning][1995798] Calling original ioctl: 8 3224389163 140725740211808
[2026-09-07 18:45:21][warning][1995798] Calling original ioctl: 8 3223340586 140725740207392
[2026-09-07 18:45:21][warning][1995798] Calling original ioctl: 8 3224913486 140725740211936
[2026-09-07 18:45:21][warning][1995798] Calling original ioctl: 8 3224389163 140725740213664
[2026-09-07 18:45:21][warning][1995798] Calling original ioctl: 8 3223340586 140725740209696
[2026-09-07 18:45:21][warning][1995798] Calling original ioctl: 8 3224389163 140725740213952
[2026-09-07 18:45:21][warning][1995798] Calling original ioctl: 8 3223340586 140725740209632
[2026-09-07 18:45:21][warning][1995798] Calling original ioctl: 8 3224389163 140725740213952
[2026-09-07 18:45:21][warning][1995798] Calling original ioctl: 8 3223340586 140725740209632
[2026-09-07 18:45:21][warning][1995798] Calling original ioctl: 8 3223340586 140725740209712
[2026-09-07 18:45:21][warning][1995798] Calling original ioctl: 8 3223340586 140725740209712
[2026-09-07 18:45:21][warning][1995798] Calling original ioctl: 8 3224389163 140725740211808
[2026-09-07 18:45:21][warning][1995798] Calling original ioctl: 8 3223340586 140725740207392
[2026-09-07 18:45:21][warning][1995798] Calling original ioctl: 8 3224913486 140725740211936
[2026-09-07 18:45:21][warning][1995798] Calling original ioctl: 8 3224389163 140725740213664
[2026-09-07 18:45:21][warning][1995798] Calling original ioctl: 8 3223340586 140725740209696
[2026-09-07 18:45:21][warning][1995798] Calling original ioctl: 8 3224389163 140725740213952
[2026-09-07 18:45:21][warning][1995798] Calling original ioctl: 8 3223340586 140725740209632
[2026-09-07 18:45:21][warning][1995798] Calling original ioctl: 8 3223340586 140725740209712
[2026-09-07 18:45:21][warning][1995798] Calling original ioctl: 8 3223340586 140725740209712
[2026-09-07 18:45:21][warning][1995798] Calling original ioctl: 8 3224389163 140725740211808
[2026-09-07 18:45:21][warning][1995798] Calling original ioctl: 8 3223340586 140725740207392
[2026-09-07 18:45:21][warning][1995798] Calling original ioctl: 8 3224913486 140725740211936
[2026-09-07 18:45:21][warning][1995798] Calling original ioctl: 8 3224389163 140725740213664
[2026-09-07 18:45:21][warning][1995798] Calling original ioctl: 8 3223340586 140725740209696
[2026-09-07 18:45:21][warning][1995798] Calling original ioctl: 8 3224389163 140725740213952
[2026-09-07 18:45:21][warning][1995798] Calling original ioctl: 8 3223340586 140725740209632
[2026-09-07 18:45:21][warning][1995798] Calling original ioctl: 8 3224389163 140725740213952
[2026-09-07 18:45:21][warning][1995798] Calling original ioctl: 8 3223340586 140725740209632
[2026-09-07 18:45:21][warning][1995798] Calling original ioctl: 8 3223340586 140725740209712
[2026-09-07 18:45:21][warning][1995798] Calling original ioctl: 8 3223340586 140725740209712
[2026-09-07 18:45:21][warning][1995798] Calling original ioctl: 8 3224389163 140725740211808
[2026-09-07 18:45:21][warning][1995798] Calling original ioctl: 8 3223340586 140725740207392
[2026-09-07 18:45:21][warning][1995798] Calling original ioctl: 8 3224913486 140725740211936
[2026-09-07 18:45:21][warning][1995798] Calling original ioctl: 8 3224389163 140725740213664
[2026-09-07 18:45:21][warning][1995798] Calling original ioctl: 8 3223340586 140725740209696
[2026-09-07 18:45:21][warning][1995798] Calling original ioctl: 8 3224389163 140725740213952
[2026-09-07 18:45:21][warning][1995798] Calling original ioctl: 8 3223340586 140725740209632
[2026-09-07 18:45:21][warning][1995798] Calling original ioctl: 8 3223340586 140725740209712
[2026-09-07 18:45:21][warning][1995798] Calling original ioctl: 8 3223340586 140725740209712
[2026-09-07 18:45:21][warning][1995798] Calling original ioctl: 9 27 140725740215632
[2026-09-07 18:45:21][warning][1995798] Calling original ioctl: 9 27 140725740215632
[2026-09-07 18:45:21][warning][1995798] Calling original ioctl: 9 27 140725740215632
[2026-09-07 18:45:21][warning][1995798] Calling original ioctl: 9 27 140725740215632
[2026-09-07 18:45:21][warning][1995798] Calling original ioctl: 9 27 140725740215632
[2026-09-07 18:45:21][warning][1995798] Calling original ioctl: 9 27 140725740215632
[2026-09-07 18:45:21][warning][1995798] Calling original ioctl: 9 27 140725740215632
[2026-09-07 18:45:21][warning][1995798] Calling original ioctl: 9 27 140725740215632
[2026-09-07 18:45:21][warning][1995798] Calling original ioctl: 8 3223340586 140725740211296
[2026-09-07 18:45:21][warning][1995798] Calling original ioctl: 17 3221505737 140725740215392
[2026-09-07 18:45:21][warning][1995798] Calling original ioctl: 17 3222292174 140725740215376
[2026-09-07 18:45:21][warning][1995798] Calling original ioctl: 17 3224389163 140725740215360
[2026-09-07 18:45:21][warning][1995798] Calling original ioctl: 8 3224389163 140725740215200
[2026-09-07 18:45:21][warning][1995798] Calling original ioctl: 8 3224389163 140725740211808
[2026-09-07 18:45:21][warning][1995798] Calling original ioctl: 8 3223340586 140725740207392
[2026-09-07 18:45:21][warning][1995798] Calling original ioctl: 8 3224913486 140725740211936
[2026-09-07 18:45:21][warning][1995798] Calling original ioctl: 8 3224389163 140725740213664
[2026-09-07 18:45:21][warning][1995798] Calling original ioctl: 8 3223340586 140725740209696
[2026-09-07 18:45:21][warning][1995798] Calling original ioctl: 8 3224389163 140725740213952
[2026-09-07 18:45:21][warning][1995798] Calling original ioctl: 8 3223340586 140725740209632
[2026-09-07 18:45:21][warning][1995798] Calling original ioctl: 8 3223340586 140725740209712
[2026-09-07 18:45:21][warning][1995798] Calling original ioctl: 8 3224389163 140725740211808
[2026-09-07 18:45:21][warning][1995798] Calling original ioctl: 8 3223340586 140725740207392
[2026-09-07 18:45:21][warning][1995798] Calling original ioctl: 8 3224913486 140725740211936
[2026-09-07 18:45:21][warning][1995798] Calling original ioctl: 8 3224389163 140725740213664
[2026-09-07 18:45:21][warning][1995798] Calling original ioctl: 8 3223340586 140725740209696
[2026-09-07 18:45:21][warning][1995798] Calling original ioctl: 8 3224389163 140725740213952
[2026-09-07 18:45:21][warning][1995798] Calling original ioctl: 8 3223340586 140725740209632
[2026-09-07 18:45:21][warning][1995798] Calling original ioctl: 8 3223340586 140725740209712
[2026-09-07 18:45:21][warning][1995798] Calling original ioctl: 8 3224389163 140725740211808
[2026-09-07 18:45:21][warning][1995798] Calling original ioctl: 8 3223340586 140725740207392
[2026-09-07 18:45:21][warning][1995798] Calling original ioctl: 8 3224913486 140725740211936
[2026-09-07 18:45:21][warning][1995798] Calling original ioctl: 8 3224389163 140725740213664
[2026-09-07 18:45:21][warning][1995798] Calling original ioctl: 8 3223340586 140725740209696
[2026-09-07 18:45:21][warning][1995798] Calling original ioctl: 8 3224389163 140725740213952
[2026-09-07 18:45:21][warning][1995798] Calling original ioctl: 8 3223340586 140725740209632
[2026-09-07 18:45:21][warning][1995798] Calling original ioctl: 8 3223340586 140725740209712
[2026-09-07 18:45:21][warning][1995798] Calling original ioctl: 8 3224389163 140725740211808
[2026-09-07 18:45:21][warning][1995798] Calling original ioctl: 8 3223340586 140725740207392
[2026-09-07 18:45:21][warning][1995798] Calling original ioctl: 8 3224913486 140725740211936
[2026-09-07 18:45:21][warning][1995798] Calling original ioctl: 8 3224389163 140725740213664
[2026-09-07 18:45:21][warning][1995798] Calling original ioctl: 8 3223340586 140725740209696
[2026-09-07 18:45:21][warning][1995798] Calling original ioctl: 8 3224389163 140725740213952
[2026-09-07 18:45:21][warning][1995798] Calling original ioctl: 8 3223340586 140725740209632
[2026-09-07 18:45:21][warning][1995798] Calling original ioctl: 8 3223340586 140725740209712
[2026-09-07 18:45:21][warning][1995798] Calling original ioctl: 9 27 140725740215632
[2026-09-07 18:45:21][warning][1995798] Calling original ioctl: 9 27 140725740215632
[2026-09-07 18:45:21][warning][1995798] Calling original ioctl: 9 27 140725740215632
[2026-09-07 18:45:21][warning][1995798] Calling original ioctl: 9 27 140725740215632
[2026-09-07 18:45:21][warning][1995798] Calling original ioctl: 8 3223340586 140725740211296
[2026-09-07 18:45:21][warning][1995798] Calling original ioctl: 19 3221505737 140725740215392
[2026-09-07 18:45:21][warning][1995798] Calling original ioctl: 19 3222292174 140725740215376
[2026-09-07 18:45:21][warning][1995798] Calling original ioctl: 19 3224389163 140725740215360
[2026-09-07 18:45:21][warning][1995798] Calling original ioctl: 8 3224389163 140725740215200
[2026-09-07 18:45:21][warning][1995798] Calling original ioctl: 8 3224389163 140725740211808
[2026-09-07 18:45:21][warning][1995798] Calling original ioctl: 8 3223340586 140725740207392
[2026-09-07 18:45:21][warning][1995798] Calling original ioctl: 8 3224913486 140725740211936
[2026-09-07 18:45:21][warning][1995798] Calling original ioctl: 8 3224389163 140725740213664
[2026-09-07 18:45:21][warning][1995798] Calling original ioctl: 8 3223340586 140725740209696
[2026-09-07 18:45:21][warning][1995798] Calling original ioctl: 8 3224389163 140725740213952
[2026-09-07 18:45:21][warning][1995798] Calling original ioctl: 8 3223340586 140725740209632
[2026-09-07 18:45:21][warning][1995798] Calling original ioctl: 8 3223340586 140725740209712
[2026-09-07 18:45:21][warning][1995798] Calling original ioctl: 8 3224389163 140725740211808
[2026-09-07 18:45:21][warning][1995798] Calling original ioctl: 8 3223340586 140725740207392
[2026-09-07 18:45:21][warning][1995798] Calling original ioctl: 8 3224913486 140725740211936
[2026-09-07 18:45:21][warning][1995798] Calling original ioctl: 8 3224389163 140725740213664
[2026-09-07 18:45:21][warning][1995798] Calling original ioctl: 8 3223340586 140725740209696
[2026-09-07 18:45:21][warning][1995798] Calling original ioctl: 8 3224389163 140725740213952
[2026-09-07 18:45:21][warning][1995798] Calling original ioctl: 8 3223340586 140725740209632
[2026-09-07 18:45:21][warning][1995798] Calling original ioctl: 8 3223340586 140725740209712
[2026-09-07 18:45:21][warning][1995798] Calling original ioctl: 8 3224389163 140725740211808
[2026-09-07 18:45:21][warning][1995798] Calling original ioctl: 8 3223340586 140725740207392
[2026-09-07 18:45:21][warning][1995798] Calling original ioctl: 8 3224913486 140725740211936
[2026-09-07 18:45:21][warning][1995798] Calling original ioctl: 8 3224389163 140725740213664
[2026-09-07 18:45:21][warning][1995798] Calling original ioctl: 8 3223340586 140725740209696
[2026-09-07 18:45:21][warning][1995798] Calling original ioctl: 8 3224389163 140725740213952
[2026-09-07 18:45:21][warning][1995798] Calling original ioctl: 8 3223340586 140725740209632
[2026-09-07 18:45:21][warning][1995798] Calling original ioctl: 8 3223340586 140725740209712
[2026-09-07 18:45:21][warning][1995798] Calling original ioctl: 8 3224389163 140725740211808
[2026-09-07 18:45:21][warning][1995798] Calling original ioctl: 8 3223340586 140725740207392
[2026-09-07 18:45:21][warning][1995798] Calling original ioctl: 8 3224913486 140725740211936
[2026-09-07 18:45:21][warning][1995798] Calling original ioctl: 8 3224389163 140725740213664
[2026-09-07 18:45:21][warning][1995798] Calling original ioctl: 8 3223340586 140725740209696
[2026-09-07 18:45:21][warning][1995798] Calling original ioctl: 8 3224389163 140725740213952
[2026-09-07 18:45:21][warning][1995798] Calling original ioctl: 8 3223340586 140725740209632
[2026-09-07 18:45:21][warning][1995798] Calling original ioctl: 8 3223340586 140725740209712
[2026-09-07 18:45:21][warning][1995798] Calling original ioctl: 9 27 140725740215632
[2026-09-07 18:45:21][warning][1995798] Calling original ioctl: 9 27 140725740215632
[2026-09-07 18:45:21][warning][1995798] Calling original ioctl: 9 27 140725740215632
[2026-09-07 18:45:21][warning][1995798] Calling original ioctl: 9 27 140725740215632
[2026-09-07 18:45:21][warning][1995798] Calling original ioctl: 8 3223340586 140725740211296
[2026-09-07 18:45:21][warning][1995798] Calling original ioctl: 21 3221505737 140725740215392
[2026-09-07 18:45:21][warning][1995798] Calling original ioctl: 21 3222292174 140725740215376
[2026-09-07 18:45:21][warning][1995798] Calling original ioctl: 21 3224389163 140725740215360
[2026-09-07 18:45:21][warning][1995798] Calling original ioctl: 8 3224389163 140725740212832
[2026-09-07 18:45:21][warning][1995798] Calling original ioctl: 8 3223340586 140725740208416
[2026-09-07 18:45:21][warning][1995798] Calling original ioctl: 8 3224913486 140725740212960
[2026-09-07 18:45:21][warning][1995798] Calling original ioctl: 9 73 140725740212016
[2026-09-07 18:45:21][warning][1995798] Calling original ioctl: 9 33 140725740202784
[2026-09-07 18:45:21][warning][1995798] Calling original ioctl: 8 3224389163 140725740213136
[2026-09-07 18:45:21][warning][1995798] Calling original ioctl: 9 73 140725740212320
[2026-09-07 18:45:21][warning][1995798] Calling original ioctl: 9 33 140725740203088
[2026-09-07 18:45:21][warning][1995798] Calling original ioctl: 9 68 140725740202480
[2026-09-07 18:45:21][warning][1995798] Calling original ioctl: 9 72 140725740211584
[2026-09-07 18:45:21][warning][1995798] Calling original ioctl: 9 23 140725740215936
[2026-09-07 18:45:21][warning][1995798] Calling original ioctl: 9 23 140725740215936
[2026-09-07 18:45:21][warning][1995798] Calling original ioctl: 9 23 140725740215936
[2026-09-07 18:45:21][warning][1995798] Calling original ioctl: 9 23 140725740215936
[2026-09-07 18:45:21][warning][1995798] Calling original ioctl: 8 3224389163 140725740213136
[2026-09-07 18:45:21][warning][1995798] Calling original ioctl: 9 73 140725740212320
[2026-09-07 18:45:21][warning][1995798] Calling original ioctl: 9 33 140725740203088
[2026-09-07 18:45:21][warning][1995798] Calling original ioctl: 9 23 140725740215936
[2026-09-07 18:45:21][warning][1995798] Calling original ioctl: 9 23 140725740215936
[2026-09-07 18:45:21][warning][1995798] Calling original ioctl: 9 23 140725740215936
[2026-09-07 18:45:21][warning][1995798] Calling original ioctl: 8 3224389163 140725740212560
[2026-09-07 18:45:21][warning][1995798] Calling original ioctl: 8 3223340586 140725740208144
[2026-09-07 18:45:21][warning][1995798] Calling original ioctl: 8 3224913486 140725740212688
[2026-09-07 18:45:21][warning][1995798] Calling original ioctl: 9 73 140725740211744
[2026-09-07 18:45:21][warning][1995798] Calling original ioctl: 9 33 140725740202512
[2026-09-07 18:45:21][warning][1995798] Calling original ioctl: 12 3224913447 140725740212544
[2026-09-07 18:45:21][warning][1995798] Calling original ioctl: 9 73 140725740211744
[2026-09-07 18:45:21][warning][1995798] Calling original ioctl: 9 33 140725740202512
[2026-09-07 18:45:21][warning][1995798] Calling original ioctl: 8 3224389163 140725740213424
[2026-09-07 18:45:21][warning][1995798] Calling original ioctl: 9 73 140725740212608
[2026-09-07 18:45:21][warning][1995798] Calling original ioctl: 9 33 140725740203376
[2026-09-07 18:45:21][warning][1995798] Calling original ioctl: 12 3224913447 140725740212800
[2026-09-07 18:45:21][warning][1995798] Calling original ioctl: 9 73 140725740212000
[2026-09-07 18:45:21][warning][1995798] Calling original ioctl: 9 33 140725740202768
[2026-09-07 18:45:21][warning][1995798] Calling original ioctl: 8 3224389163 140725740212816
[2026-09-07 18:45:21][warning][1995798] Calling original ioctl: 9 73 140725740212000
[2026-09-07 18:45:21][warning][1995798] Calling original ioctl: 9 33 140725740202768
[2026-09-07 18:45:21][warning][1995798] Calling original ioctl: 9 65 140725740213088
[2026-09-07 18:45:21][warning][1995798] Calling original ioctl: 12 3224913447 140725740213904
[2026-09-07 18:45:21][warning][1995798] Calling original ioctl: 9 73 140725740213104
[2026-09-07 18:45:21][warning][1995798] Calling original ioctl: 9 33 140725740203872
[2026-09-07 18:45:21][warning][1995798] Calling original ioctl: 8 3224389163 140725740213920
[2026-09-07 18:45:21][warning][1995798] Calling original ioctl: 9 73 140725740213104
[2026-09-07 18:45:21][warning][1995798] Calling original ioctl: 9 33 140725740203872
[2026-09-07 18:45:21][warning][1995798] Calling original ioctl: 8 3224389163 140725740213488
[2026-09-07 18:45:21][warning][1995798] Calling original ioctl: 8 3223340586 140725740209072
[2026-09-07 18:45:21][warning][1995798] Calling original ioctl: 8 3224913486 140725740213616
[2026-09-07 18:45:21][warning][1995798] Calling original ioctl: 9 73 140725740212672
[2026-09-07 18:45:21][warning][1995798] Calling original ioctl: 9 33 140725740203440
[2026-09-07 18:45:21][warning][1995798] Calling original ioctl: 8 3224389163 140725740211200
[2026-09-07 18:45:21][warning][1995798] Calling original ioctl: 9 73 140725740210384
[2026-09-07 18:45:21][warning][1995798] Calling original ioctl: 9 33 140725740201152
[2026-09-07 18:45:21][warning][1995798] Calling original ioctl: 8 3224389163 140725740211120
[2026-09-07 18:45:21][warning][1995798] Calling original ioctl: 9 73 140725740210304
[2026-09-07 18:45:21][warning][1995798] Calling original ioctl: 9 33 140725740201072
[2026-09-07 18:45:21][warning][1995798] Calling original ioctl: 8 3224389163 140725740211120
[2026-09-07 18:45:21][warning][1995798] Calling original ioctl: 9 73 140725740210304
[2026-09-07 18:45:21][warning][1995798] Calling original ioctl: 9 33 140725740201072
[2026-09-07 18:45:21][warning][1995798] Calling original ioctl: 12 3224913447 140725740213456
[2026-09-07 18:45:21][warning][1995798] Calling original ioctl: 9 73 140725740212656
[2026-09-07 18:45:21][warning][1995798] Calling original ioctl: 9 33 140725740203424
[2026-09-07 18:45:21][warning][1995798] Calling original ioctl: 8 3224389163 140725740216064
[2026-09-07 18:45:21][warning][1995798] Calling original ioctl: 8 3224389163 140725740212960
[2026-09-07 18:45:21][warning][1995798] Calling original ioctl: 8 3223340586 140725740208544
[2026-09-07 18:45:21][warning][1995798] Calling original ioctl: 8 3224913486 140725740213088
[2026-09-07 18:45:21][warning][1995798] Calling original ioctl: 9 73 140725740212144
[2026-09-07 18:45:21][warning][1995798] Calling original ioctl: 9 33 140725740202912
[2026-09-07 18:45:21][warning][1995798] Calling original ioctl: 8 3224389163 140725740213280
[2026-09-07 18:45:21][warning][1995798] Calling original ioctl: 9 73 140725740212464
[2026-09-07 18:45:21][warning][1995798] Calling original ioctl: 9 33 140725740203232
[2026-09-07 18:45:21][warning][1995798] Calling original ioctl: 8 3224389163 140725740213280
[2026-09-07 18:45:21][warning][1995798] Calling original ioctl: 9 73 140725740212464
[2026-09-07 18:45:21][warning][1995798] Calling original ioctl: 9 33 140725740203232
[2026-09-07 18:45:21][warning][1995798] Calling original ioctl: 24 3221505737 140725740215728
[2026-09-07 18:45:21][warning][1995798] Calling original ioctl: 24 3222292174 140725740215712
[2026-09-07 18:45:21][warning][1995798] Calling original ioctl: 24 3224389163 140725740215696
[2026-09-07 18:45:21][warning][1995798] Calling original ioctl: 26 3221505737 140725740215728
[2026-09-07 18:45:21][warning][1995798] Calling original ioctl: 26 3222292174 140725740215712
[2026-09-07 18:45:21][warning][1995798] Calling original ioctl: 26 3224389163 140725740215696
[2026-09-07 18:45:21][warning][1995798] Calling original ioctl: 28 3221505737 140725740215728
[2026-09-07 18:45:21][warning][1995798] Calling original ioctl: 28 3222292174 140725740215712
[2026-09-07 18:45:21][warning][1995798] Calling original ioctl: 28 3224389163 140725740215696
[2026-09-07 18:45:21][warning][1995798] Calling original ioctl: 30 3221505737 140725740215728
[2026-09-07 18:45:21][warning][1995798] Calling original ioctl: 30 3222292174 140725740215712
[2026-09-07 18:45:21][warning][1995798] Calling original ioctl: 30 3224389163 140725740215696
[2026-09-07 18:45:21][warning][1995798] Calling original ioctl: 8 3223340586 140725740211440
[2026-09-07 18:45:21][warning][1995798] Calling original ioctl: 8 3223340586 140725740211616
[2026-09-07 18:45:21][warning][1995798] Calling original ioctl: 8 3223340586 140725740211776
[2026-09-07 18:45:21][warning][1995798] Calling original ioctl: 8 3224389163 140725740213248
[2026-09-07 18:45:21][warning][1995798] Calling original ioctl: 9 73 140725740212432
[2026-09-07 18:45:21][warning][1995798] Calling original ioctl: 9 33 140725740203200
[2026-09-07 18:45:21][warning][1995798] Calling original ioctl: 8 3223340586 140725740211776
libbpf: loading object 'onevalue_array_bpf' from buffer
libbpf: elf: section(2) .symtab, size 264, link 1, flags 0, type=2
libbpf: elf: section(3) kretprobe/_Z9rope_normILb1ELb0Ef6__halfEvPKT1_PT2_iiiiiPKifff14rope_corr_dimsfPKfPKli, size 816, link 0, flags 6, type=1
libbpf: sec 'kretprobe/_Z9rope_normILb1ELb0Ef6__halfEvPKT1_PT2_iiiiiPKifff14rope_corr_dimsfPKfPKli': found program 'cuda__retprobe' at insn offset 0 (0 bytes), code size 102 insns (816 bytes)
libbpf: elf: section(4) .maps, size 32, link 0, flags 3, type=1
libbpf: elf: section(5) license, size 4, link 0, flags 3, type=1
libbpf: license of onevalue_array_bpf is GPL
libbpf: elf: section(6) .relkretprobe/_Z9rope_normILb1ELb0Ef6__halfEvPKT1_PT2_iiiiiPKifff14rope_corr_dimsfPKfPKli, size 16, link 2, flags 40, type=9
libbpf: elf: section(7) .BTF, size 2230, link 0, flags 0, type=1
libbpf: elf: section(8) .BTF.ext, size 768, link 0, flags 0, type=1
libbpf: looking for externs among 11 symbols...
libbpf: collected 0 externs total
libbpf: map 'arena': at sec_idx 4, offset 0.
libbpf: map 'arena': found type = 1503.
libbpf: map 'arena': found key [8], sz = 4.
libbpf: map 'arena': found value [12], sz = 23199768.
libbpf: map 'arena': found max_entries = 1.
libbpf: sec '.relkretprobe/_Z9rope_normILb1ELb0Ef6__halfEvPKT1_PT2_iiiiiPKifff14rope_corr_dimsfPKfPKli': collecting relocation for section(3) 'kretprobe/_Z9rope_normILb1ELb0Ef6__halfEvPKT1_PT2_iiiiiPKifff14rope_corr_dimsfPKfPKli'
libbpf: sec '.relkretprobe/_Z9rope_normILb1ELb0Ef6__halfEvPKT1_PT2_iiiiiPKifff14rope_corr_dimsfPKfPKli': relo #0: insn #47 against 'arena'
libbpf: prog 'cuda__retprobe': found map 0 (arena, sec 4, off 0) for insn #47
libbpf: object 'onevalue_array_': failed (-EACCES) to open BPF FS mount at '/sys/fs/bpf', skipping optional step...
libbpf: Kernel doesn't support BTF, skipping uploading it.
libbpf: map 'arena': created successfully, fd=34
One-value map type: 1503
One-value map max entries: 1
One-value map value bytes: 23199768
One-value probe attached; waiting for SIGINT
[2026-09-07 18:45:37][warning][1995806] Calling original ioctl: 8 3223340586 140005624096368
[2026-09-07 18:46:59][warning][1995798] Calling original ioctl: 8 3223340586 140725740205104
One-value drain bytes: 23199768
One-value drain time ns: 11289796
Warp append counters total: 720896
Active warps: 16384
Coordinate extent x: 16384
Stored events: 720896
Event coordinate mismatches: 0
Reserved total committed (device): 0
Overflow events: 0
Out-of-range events: 0
Nonzero timestamps: 720896
[2026-09-07 18:46:59][warning][1995798] Calling original ioctl: 9 34 140725740214784
[2026-09-07 18:46:59][warning][1995798] Calling original ioctl: 8 3222292009 140725740214944
[2026-09-07 18:46:59][warning][1995798] Calling original ioctl: 9 34 140725740217376
[2026-09-07 18:46:59][warning][1995798] Calling original ioctl: 8 3222292009 140725740217536
[2026-09-07 18:46:59][warning][1995798] Calling original ioctl: 9 34 140725740217376
[2026-09-07 18:46:59][warning][1995798] Calling original ioctl: 8 3222292009 140725740217536
[2026-09-07 18:46:59][warning][1995798] Calling original ioctl: 8 3222292009 140725740218256
[2026-09-07 18:46:59][warning][1995798] Calling original ioctl: 26 3222292175 140725740218272
[2026-09-07 18:46:59][warning][1995798] Calling original ioctl: 8 3222292009 140725740218256
[2026-09-07 18:46:59][warning][1995798] Calling original ioctl: 28 3222292175 140725740218272
[2026-09-07 18:46:59][warning][1995798] Calling original ioctl: 8 3222292009 140725740218256
[2026-09-07 18:46:59][warning][1995798] Calling original ioctl: 24 3222292175 140725740218272
[2026-09-07 18:46:59][warning][1995798] Calling original ioctl: 8 3222292009 140725740218256
[2026-09-07 18:46:59][warning][1995798] Calling original ioctl: 30 3222292175 140725740218272
[2026-09-07 18:46:59][warning][1995798] Calling original ioctl: 9 34 140725740217280
[2026-09-07 18:46:59][warning][1995798] Calling original ioctl: 8 3222292009 140725740217440
[2026-09-07 18:46:59][warning][1995798] Calling original ioctl: 9 34 140725740217280
[2026-09-07 18:46:59][warning][1995798] Calling original ioctl: 8 3222292009 140725740217440
[2026-09-07 18:46:59][warning][1995798] Calling original ioctl: 9 34 140725740217408
[2026-09-07 18:46:59][warning][1995798] Calling original ioctl: 8 3223340623 140725740217616
[2026-09-07 18:46:59][warning][1995798] Calling original ioctl: 8 3222292009 140725740217568
[2026-09-07 18:46:59][warning][1995798] Calling original ioctl: 8 3222292009 140725740218336
[2026-09-07 18:46:59][warning][1995798] Calling original ioctl: 9 34 140725740217392
[2026-09-07 18:46:59][warning][1995798] Calling original ioctl: 8 3222292009 140725740217552
[2026-09-07 18:46:59][warning][1995798] Calling original ioctl: 9 34 140725740217392
[2026-09-07 18:46:59][warning][1995798] Calling original ioctl: 8 3223340623 140725740217600
[2026-09-07 18:46:59][warning][1995798] Calling original ioctl: 8 3222292009 140725740217552
[2026-09-07 18:46:59][warning][1995798] Calling original ioctl: 8 3223340586 140725740213264
[2026-09-07 18:46:59][warning][1995798] Calling original ioctl: 9 34 140725740217216
[2026-09-07 18:46:59][warning][1995798] Calling original ioctl: 8 3222292009 140725740217376
[2026-09-07 18:46:59][warning][1995798] Calling original ioctl: 8 3223340586 140725740213264
[2026-09-07 18:46:59][warning][1995798] Calling original ioctl: 9 34 140725740217216
[2026-09-07 18:46:59][warning][1995798] Calling original ioctl: 8 3222292009 140725740217376
[2026-09-07 18:46:59][warning][1995798] Calling original ioctl: 8 3223340586 140725740213264
[2026-09-07 18:46:59][warning][1995798] Calling original ioctl: 9 34 140725740217216
[2026-09-07 18:46:59][warning][1995798] Calling original ioctl: 8 3222292009 140725740217376
[2026-09-07 18:46:59][warning][1995798] Calling original ioctl: 8 3223340586 140725740214160
[2026-09-07 18:46:59][warning][1995798] Calling original ioctl: 9 34 140725740217440
[2026-09-07 18:46:59][warning][1995798] Calling original ioctl: 9 34 140725740217440
[2026-09-07 18:46:59][warning][1995798] Calling original ioctl: 8 3222292009 140725740217600
[2026-09-07 18:46:59][warning][1995798] Calling original ioctl: 9 34 140725740217440
[2026-09-07 18:46:59][warning][1995798] Calling original ioctl: 8 3222292009 140725740217600
[2026-09-07 18:46:59][warning][1995798] Calling original ioctl: 9 34 140725740217392
[2026-09-07 18:46:59][warning][1995798] Calling original ioctl: 8 3223340623 140725740217600
[2026-09-07 18:46:59][warning][1995798] Calling original ioctl: 8 3222292009 140725740217552
[2026-09-07 18:46:59][warning][1995798] Calling original ioctl: 9 24 140725740218432
[2026-09-07 18:46:59][warning][1995798] Calling original ioctl: 9 24 140725740218432
[2026-09-07 18:46:59][warning][1995798] Calling original ioctl: 9 24 140725740218464
[2026-09-07 18:46:59][warning][1995798] Calling original ioctl: 9 24 140725740218432
[2026-09-07 18:46:59][warning][1995798] Calling original ioctl: 9 24 140725740218432
[2026-09-07 18:46:59][warning][1995798] Calling original ioctl: 9 24 140725740218432
[2026-09-07 18:46:59][warning][1995798] Calling original ioctl: 9 24 140725740218432
[2026-09-07 18:46:59][warning][1995798] Calling original ioctl: 9 34 140725740217328
[2026-09-07 18:46:59][warning][1995798] Calling original ioctl: 8 3222292009 140725740217488
[2026-09-07 18:46:59][warning][1995798] Calling original ioctl: 9 34 140725740217328
[2026-09-07 18:46:59][warning][1995798] Calling original ioctl: 8 3222292009 140725740217488
[2026-09-07 18:46:59][warning][1995798] Calling original ioctl: 9 34 140725740217440
[2026-09-07 18:46:59][warning][1995798] Calling original ioctl: 8 3222292009 140725740217600
[2026-09-07 18:46:59][warning][1995798] Calling original ioctl: 8 3222292009 140725740218176
[2026-09-07 18:46:59][warning][1995798] Calling original ioctl: 17 3222292175 140725740218192
[2026-09-07 18:46:59][warning][1995798] Calling original ioctl: 9 28 140725740218304
[2026-09-07 18:46:59][warning][1995798] Calling original ioctl: 9 28 140725740218304
[2026-09-07 18:46:59][warning][1995798] Calling original ioctl: 9 28 140725740218304
[2026-09-07 18:46:59][warning][1995798] Calling original ioctl: 9 28 140725740218304
[2026-09-07 18:46:59][warning][1995798] Calling original ioctl: 9 28 140725740218304
[2026-09-07 18:46:59][warning][1995798] Calling original ioctl: 9 28 140725740218304
[2026-09-07 18:46:59][warning][1995798] Calling original ioctl: 9 28 140725740218304
[2026-09-07 18:46:59][warning][1995798] Calling original ioctl: 9 28 140725740218304
[2026-09-07 18:46:59][warning][1995798] Calling original ioctl: 8 3222292009 140725740218064
[2026-09-07 18:46:59][warning][1995798] Calling original ioctl: 8 3222292009 140725740218064
[2026-09-07 18:46:59][warning][1995798] Calling original ioctl: 8 3222292009 140725740218112
[2026-09-07 18:46:59][warning][1995798] Calling original ioctl: 8 3223340623 140725740217376
[2026-09-07 18:46:59][warning][1995798] Calling original ioctl: 8 3222292009 140725740217328
[2026-09-07 18:46:59][warning][1995798] Calling original ioctl: 8 3222292009 140725740218064
[2026-09-07 18:46:59][warning][1995798] Calling original ioctl: 8 3222292009 140725740218112
[2026-09-07 18:46:59][warning][1995798] Calling original ioctl: 8 3223340623 140725740217376
[2026-09-07 18:46:59][warning][1995798] Calling original ioctl: 8 3222292009 140725740217328
[2026-09-07 18:46:59][warning][1995798] Calling original ioctl: 8 3222292009 140725740218064
[2026-09-07 18:46:59][warning][1995798] Calling original ioctl: 8 3222292009 140725740218064
[2026-09-07 18:46:59][warning][1995798] Calling original ioctl: 8 3222292009 140725740218112
[2026-09-07 18:46:59][warning][1995798] Calling original ioctl: 8 3223340623 140725740217376
[2026-09-07 18:46:59][warning][1995798] Calling original ioctl: 8 3222292009 140725740217328
[2026-09-07 18:46:59][warning][1995798] Calling original ioctl: 8 3222292009 140725740218064
[2026-09-07 18:46:59][warning][1995798] Calling original ioctl: 8 3222292009 140725740218112
[2026-09-07 18:46:59][warning][1995798] Calling original ioctl: 8 3223340623 140725740217376
[2026-09-07 18:46:59][warning][1995798] Calling original ioctl: 8 3222292009 140725740217328
[2026-09-07 18:46:59][warning][1995798] Calling original ioctl: 8 3222292009 140725740218064
[2026-09-07 18:46:59][warning][1995798] Calling original ioctl: 8 3222292009 140725740218064
[2026-09-07 18:46:59][warning][1995798] Calling original ioctl: 8 3222292009 140725740218112
[2026-09-07 18:46:59][warning][1995798] Calling original ioctl: 8 3223340623 140725740217376
[2026-09-07 18:46:59][warning][1995798] Calling original ioctl: 8 3222292009 140725740217328
[2026-09-07 18:46:59][warning][1995798] Calling original ioctl: 8 3222292009 140725740218064
[2026-09-07 18:46:59][warning][1995798] Calling original ioctl: 8 3222292009 140725740218112
[2026-09-07 18:46:59][warning][1995798] Calling original ioctl: 8 3223340623 140725740217376
[2026-09-07 18:46:59][warning][1995798] Calling original ioctl: 8 3222292009 140725740217328
[2026-09-07 18:46:59][warning][1995798] Calling original ioctl: 8 3222292009 140725740218064
[2026-09-07 18:46:59][warning][1995798] Calling original ioctl: 8 3222292009 140725740218064
[2026-09-07 18:46:59][warning][1995798] Calling original ioctl: 8 3222292009 140725740218112
[2026-09-07 18:46:59][warning][1995798] Calling original ioctl: 8 3223340623 140725740217376
[2026-09-07 18:46:59][warning][1995798] Calling original ioctl: 8 3222292009 140725740217328
[2026-09-07 18:46:59][warning][1995798] Calling original ioctl: 8 3222292009 140725740218064
[2026-09-07 18:46:59][warning][1995798] Calling original ioctl: 8 3222292009 140725740218112
[2026-09-07 18:46:59][warning][1995798] Calling original ioctl: 8 3223340623 140725740217376
[2026-09-07 18:46:59][warning][1995798] Calling original ioctl: 8 3222292009 140725740217328
[2026-09-07 18:46:59][warning][1995798] Calling original ioctl: 8 3222292009 140725740218240
[2026-09-07 18:46:59][warning][1995798] Calling original ioctl: 8 3222292009 140725740218208
[2026-09-07 18:46:59][warning][1995798] Calling original ioctl: 8 3222292009 140725740218176
[2026-09-07 18:46:59][warning][1995798] Calling original ioctl: 19 3222292175 140725740218192
[2026-09-07 18:46:59][warning][1995798] Calling original ioctl: 9 28 140725740218304
[2026-09-07 18:46:59][warning][1995798] Calling original ioctl: 9 28 140725740218304
[2026-09-07 18:46:59][warning][1995798] Calling original ioctl: 9 28 140725740218304
[2026-09-07 18:46:59][warning][1995798] Calling original ioctl: 9 28 140725740218304
[2026-09-07 18:46:59][warning][1995798] Calling original ioctl: 8 3222292009 140725740218064
[2026-09-07 18:46:59][warning][1995798] Calling original ioctl: 8 3222292009 140725740218112
[2026-09-07 18:46:59][warning][1995798] Calling original ioctl: 8 3223340623 140725740217376
[2026-09-07 18:46:59][warning][1995798] Calling original ioctl: 8 3222292009 140725740217328
[2026-09-07 18:46:59][warning][1995798] Calling original ioctl: 8 3222292009 140725740218064
[2026-09-07 18:46:59][warning][1995798] Calling original ioctl: 8 3222292009 140725740218112
[2026-09-07 18:46:59][warning][1995798] Calling original ioctl: 8 3223340623 140725740217376
[2026-09-07 18:46:59][warning][1995798] Calling original ioctl: 8 3222292009 140725740217328
[2026-09-07 18:46:59][warning][1995798] Calling original ioctl: 8 3222292009 140725740218064
[2026-09-07 18:46:59][warning][1995798] Calling original ioctl: 8 3222292009 140725740218112
[2026-09-07 18:46:59][warning][1995798] Calling original ioctl: 8 3223340623 140725740217376
[2026-09-07 18:46:59][warning][1995798] Calling original ioctl: 8 3222292009 140725740217328
[2026-09-07 18:46:59][warning][1995798] Calling original ioctl: 8 3222292009 140725740218064
[2026-09-07 18:46:59][warning][1995798] Calling original ioctl: 8 3222292009 140725740218112
[2026-09-07 18:46:59][warning][1995798] Calling original ioctl: 8 3223340623 140725740217376
[2026-09-07 18:46:59][warning][1995798] Calling original ioctl: 8 3222292009 140725740217328
[2026-09-07 18:46:59][warning][1995798] Calling original ioctl: 8 3222292009 140725740218208
[2026-09-07 18:46:59][warning][1995798] Calling original ioctl: 8 3222292009 140725740218176
[2026-09-07 18:46:59][warning][1995798] Calling original ioctl: 21 3222292175 140725740218192
[2026-09-07 18:46:59][warning][1995798] Calling original ioctl: 9 28 140725740218304
[2026-09-07 18:46:59][warning][1995798] Calling original ioctl: 9 28 140725740218304
[2026-09-07 18:46:59][warning][1995798] Calling original ioctl: 9 28 140725740218304
[2026-09-07 18:46:59][warning][1995798] Calling original ioctl: 9 28 140725740218304
[2026-09-07 18:46:59][warning][1995798] Calling original ioctl: 8 3222292009 140725740218064
[2026-09-07 18:46:59][warning][1995798] Calling original ioctl: 8 3222292009 140725740218112
[2026-09-07 18:46:59][warning][1995798] Calling original ioctl: 8 3223340623 140725740217376
[2026-09-07 18:46:59][warning][1995798] Calling original ioctl: 8 3222292009 140725740217328
[2026-09-07 18:46:59][warning][1995798] Calling original ioctl: 8 3222292009 140725740218064
[2026-09-07 18:46:59][warning][1995798] Calling original ioctl: 8 3222292009 140725740218112
[2026-09-07 18:46:59][warning][1995798] Calling original ioctl: 8 3223340623 140725740217376
[2026-09-07 18:46:59][warning][1995798] Calling original ioctl: 8 3222292009 140725740217328
[2026-09-07 18:46:59][warning][1995798] Calling original ioctl: 8 3222292009 140725740218064
[2026-09-07 18:46:59][warning][1995798] Calling original ioctl: 8 3222292009 140725740218112
[2026-09-07 18:46:59][warning][1995798] Calling original ioctl: 8 3223340623 140725740217376
[2026-09-07 18:46:59][warning][1995798] Calling original ioctl: 8 3222292009 140725740217328
[2026-09-07 18:46:59][warning][1995798] Calling original ioctl: 8 3222292009 140725740218064
[2026-09-07 18:46:59][warning][1995798] Calling original ioctl: 8 3222292009 140725740218112
[2026-09-07 18:46:59][warning][1995798] Calling original ioctl: 8 3223340623 140725740217376
[2026-09-07 18:46:59][warning][1995798] Calling original ioctl: 8 3222292009 140725740217328
[2026-09-07 18:46:59][warning][1995798] Calling original ioctl: 9 34 140725740217136
[2026-09-07 18:46:59][warning][1995798] Calling original ioctl: 8 3223340623 140725740217344
[2026-09-07 18:46:59][warning][1995798] Calling original ioctl: 8 3222292009 140725740217296
[2026-09-07 18:46:59][warning][1995798] Calling original ioctl: 9 34 140725740217136
[2026-09-07 18:46:59][warning][1995798] Calling original ioctl: 8 3223340623 140725740217344
[2026-09-07 18:46:59][warning][1995798] Calling original ioctl: 8 3222292009 140725740217296
[2026-09-07 18:46:59][warning][1995798] Calling original ioctl: 8 3222292009 140725740218208
[2026-09-07 18:46:59][warning][1995798] Calling original ioctl: 9 34 140725740217440
[2026-09-07 18:46:59][warning][1995798] Calling original ioctl: 8 3222292009 140725740217600
[2026-09-07 18:46:59][warning][1995798] Calling original ioctl: 9 34 140725740217344
[2026-09-07 18:46:59][warning][1995798] Calling original ioctl: 8 3222292009 140725740217504
[2026-09-07 18:46:59][warning][1995798] Calling original ioctl: 9 34 140725740217440
[2026-09-07 18:46:59][warning][1995798] Calling original ioctl: 8 3222292009 140725740217600
[2026-09-07 18:46:59][warning][1995798] Calling original ioctl: 9 34 140725740217392
[2026-09-07 18:46:59][warning][1995798] Calling original ioctl: 8 3222292009 140725740217552
[2026-09-07 18:46:59][warning][1995798] Calling original ioctl: 9 34 140725740217376
[2026-09-07 18:46:59][warning][1995798] Calling original ioctl: 8 3223340623 140725740217584
[2026-09-07 18:46:59][warning][1995798] Calling original ioctl: 8 3222292009 140725740217536
[2026-09-07 18:46:59][warning][1995798] Calling original ioctl: 9 34 140725740217376
[2026-09-07 18:46:59][warning][1995798] Calling original ioctl: 8 3223340623 140725740217584
[2026-09-07 18:46:59][warning][1995798] Calling original ioctl: 8 3222292009 140725740217536
[2026-09-07 18:46:59][warning][1995798] Calling original ioctl: 9 34 140725740217392
[2026-09-07 18:46:59][warning][1995798] Calling original ioctl: 8 3222292009 140725740217552
[2026-09-07 18:46:59][warning][1995798] Calling original ioctl: 9 34 140725740217392
[2026-09-07 18:46:59][warning][1995798] Calling original ioctl: 8 3222292009 140725740217552
[2026-09-07 18:46:59][warning][1995798] Calling original ioctl: 9 34 140725740217552
[2026-09-07 18:46:59][warning][1995798] Calling original ioctl: 8 3223340586 140725740214144
