libbpf: loading object 'kernelretsnoop_bpf' from buffer
libbpf: elf: section(2) .symtab, size 168, link 1, flags 0, type=2
libbpf: elf: section(3) kretprobe/_Z9rope_normILb1ELb0Ef6__halfEvPKT1_PT2_iiiiiPKifff14rope_corr_dimsfPKfPKli, size 600, link 0, flags 6, type=1
libbpf: sec 'kretprobe/_Z9rope_normILb1ELb0Ef6__halfEvPKT1_PT2_iiiiiPKifff14rope_corr_dimsfPKfPKli': found program 'cuda__retprobe' at insn offset 0 (0 bytes), code size 75 insns (600 bytes)
libbpf: elf: section(4) .maps, size 32, link 0, flags 3, type=1
libbpf: elf: section(5) license, size 4, link 0, flags 3, type=1
libbpf: license of kernelretsnoop_bpf is GPL
libbpf: elf: section(6) .relkretprobe/_Z9rope_normILb1ELb0Ef6__halfEvPKT1_PT2_iiiiiPKifff14rope_corr_dimsfPKfPKli, size 16, link 2, flags 40, type=9
libbpf: elf: section(7) .BTF, size 1759, link 0, flags 0, type=1
libbpf: elf: section(8) .BTF.ext, size 784, link 0, flags 0, type=1
libbpf: looking for externs among 7 symbols...
libbpf: collected 0 externs total
libbpf: map 'rb': at sec_idx 4, offset 0.
libbpf: map 'rb': found type = 1527.
libbpf: map 'rb': found key [8], sz = 4.
libbpf: map 'rb': found value [12], sz = 32.
libbpf: map 'rb': found max_entries = 256.
libbpf: sec '.relkretprobe/_Z9rope_normILb1ELb0Ef6__halfEvPKT1_PT2_iiiiiPKifff14rope_corr_dimsfPKfPKli': collecting relocation for section(3) 'kretprobe/_Z9rope_normILb1ELb0Ef6__halfEvPKT1_PT2_iiiiiPKifff14rope_corr_dimsfPKfPKli'
libbpf: sec '.relkretprobe/_Z9rope_normILb1ELb0Ef6__halfEvPKT1_PT2_iiiiiPKifff14rope_corr_dimsfPKfPKli': relo #0: insn #67 against 'rb'
libbpf: prog 'cuda__retprobe': found map 0 (rb, sec 4, off 0) for insn #67
libbpf: object 'kernelretsnoop_': failed (-EACCES) to open BPF FS mount at '/sys/fs/bpf', skipping optional step...
libbpf: Kernel doesn't support BTF, skipping uploading it.
libbpf: map 'rb': created successfully, fd=16
Final-only collection: 1
[2026-09-06 18:56:56][warning][465620] Calling original ioctl: 8 3223340586 134243967542896
Requested thread slots: 524288
Requested ring entries per thread: 44
Allocated thread slots: 524288
Ring entries per thread: 44
Record bytes: 32
Committed events: 720896
Total events collected: 720896
Runtime collected events: 720896
Nonzero timestamps: 720896
OOB drops: 0
Full drops: 0
Bad-size drops: 0
Other drops: 0
Dirty slots: 0
Pending events: 0
Final drain events: 720896
Second drain events: 0
Cartesian launches: 44
Cartesian coordinates: 16384
Cartesian complete: 1
Coordinate extent x: 16384
Coordinate extent y: 1
Coordinate extent z: 1
Coordinate multiplicity 220: 0
Coordinate multiplicity 44: 16384
Coordinate multiplicity 22: 0
Coordinate multiplicity other: 0
Coordinate segment mismatches: 0
Invalid launch coordinates: 0
Unique coordinates: 16384
Multiplicity oracle enabled: 0
Multiplicity oracle total events: 720896
Multiplicity oracle passed: 0
Collector gate passed: 1
