[2026-09-04 09:58:11][info][2732062] bpf_attach_ctx constructed
[2026-09-04 09:58:11][info][2732062] Initializing CUDA shared memory
[2026-09-04 09:58:11][info][2732062] CommSharedMem host 0x75d7cda297d8 mapped to device 0x75d7cda297d8
[2026-09-04 09:58:11][info][2732062] CUDA context created
[2026-09-04 09:58:11][info][2732062] Register attach-impl defined helper bpf_get_func_arg, index 183
[2026-09-04 09:58:11][info][2732062] Register attach-impl defined helper bpf_get_func_ret_id, index 184
[2026-09-04 09:58:11][info][2732062] Register attach-impl defined helper bpf_get_retval, index 186
[2026-09-04 09:58:11][info][2732062] Starting nv_attach_impl
[2026-09-04 09:58:11][info][2732062] Parsing bundled libraries: /home/yunwei37/workspace/gpu/bpftime-table1-575/build-table1-575/attach/nv_attach_impl/pass/ptxpass_kprobe_entry/libptxpass_kprobe_entry.so:/home/yunwei37/workspace/gpu/bpftime-table1-575/build-table1-575/attach/nv_attach_impl/pass/ptxpass_kretprobe/libptxpass_kretprobe.so:/home/yunwei37/workspace/gpu/bpftime-table1-575/build-table1-575/attach/nv_attach_impl/pass/ptxpass_kprobe_memcapture/libptxpass_kprobe_memcapture.so
[2026-09-04 09:58:11][info][2732062] Found path: /home/yunwei37/workspace/gpu/bpftime-table1-575/build-table1-575/attach/nv_attach_impl/pass/ptxpass_kprobe_entry/libptxpass_kprobe_entry.so, executing..
[2026-09-04 09:58:11][info][2732062] Retrived config of /home/yunwei37/workspace/gpu/bpftime-table1-575/build-table1-575/attach/nv_attach_impl/pass/ptxpass_kprobe_entry/libptxpass_kprobe_entry.so
[2026-09-04 09:58:11][info][2732062] Found path: /home/yunwei37/workspace/gpu/bpftime-table1-575/build-table1-575/attach/nv_attach_impl/pass/ptxpass_kretprobe/libptxpass_kretprobe.so, executing..
[2026-09-04 09:58:11][info][2732062] Retrived config of /home/yunwei37/workspace/gpu/bpftime-table1-575/build-table1-575/attach/nv_attach_impl/pass/ptxpass_kretprobe/libptxpass_kretprobe.so
[2026-09-04 09:58:11][info][2732062] Found path: /home/yunwei37/workspace/gpu/bpftime-table1-575/build-table1-575/attach/nv_attach_impl/pass/ptxpass_kprobe_memcapture/libptxpass_kprobe_memcapture.so, executing..
[2026-09-04 09:58:11][info][2732062] Retrived config of /home/yunwei37/workspace/gpu/bpftime-table1-575/build-table1-575/attach/nv_attach_impl/pass/ptxpass_kprobe_memcapture/libptxpass_kprobe_memcapture.so
[2026-09-04 09:58:11][info][2732062] Initializing agent..
[2026-09-04 09:58:11][info][2732062] bpftime: shm epoch_seq = 2
[2026-09-04 09:58:11][info][2732062] Instantiating bpf link 61 and the corresponding program cuda__host_look is cuda program
[2026-09-04 09:58:11][info][2732062] Skipping nv attach handler 61 since we are not handling nv handles
[2026-09-04 09:58:11][info][2732062] Instantiating bpf link 61 and the corresponding program cuda__host_look is cuda program
[2026-09-04 09:58:11][info][2732062] Handling link to CUDA program: 61, recording it..
[2026-09-04 09:58:11][info][2732062] Loaded 26 instructions (original) for cuda ebpf program
[2026-09-04 09:58:11][info][2732062] Initializing nv_gpu_shared_array_map_impl at pid 2732062
[2026-09-04 09:58:11][info][2732062] Mapped GPU memory for shared array map: 129560691605504
[2026-09-04 09:58:11][info][2732062] Copying map fd 17 to device, key size=4, value size=8, max ent=32, map_type = 1503, gpu_buffer = 75d5b3000000
[2026-09-04 09:58:11][info][2732062] Initializing nv_gpu_shared_array_host_map_impl at pid 2732062, shared mem addr=75d7cdc29a60
[2026-09-04 09:58:11][info][2732062] Mapped shared memory for GPU access: cpu=75d7cdc29a60, gpu=75d7cdc29a60
[2026-09-04 09:58:11][info][2732062] Copying map fd 18 to device, key size=4, value size=8, max ent=32, map_type = 1513, gpu_buffer = 75d7cdc29a60
[2026-09-04 09:58:11][warning][2732062] Not a GPU map!
[2026-09-04 09:58:11][info][2732062] Copying map fd 19 to device, key size=4, value size=8, max ent=32, map_type = 2, gpu_buffer = 0
[2026-09-04 09:58:11][info][2732062] Initializing nv_gpu_shared_array_map_impl at pid 2732062
[2026-09-04 09:58:11][info][2732062] Mapped GPU memory for shared array map: 129560693702656
[2026-09-04 09:58:11][info][2732062] Copying map fd 20 to device, key size=4, value size=8, max ent=32, map_type = 1503, gpu_buffer = 75d5b3200000
[2026-09-04 09:58:11][info][2732062] Cached shared_mem_ptr at 75d7cda297d8
[2026-09-04 09:58:11][info][2732062] Recorded pass /home/yunwei37/workspace/gpu/bpftime-table1-575/build-table1-575/attach/nv_attach_impl/pass/ptxpass_kprobe_entry/libptxpass_kprobe_entry.so for func fig15_map_kernel
[2026-09-04 09:58:11][info][2732062] nv_attach_impl: cached 301188 host symbols
[2026-09-04 09:58:11][info][2732062] nv_attach_impl: late attach bootstrap scanning fatbins..
[2026-09-04 09:58:12][info][2732062] nv_attach_impl: targeted late bootstrap selected 1 of 19 loaded module(s)
[2026-09-04 09:58:12][info][2732062] Temporary fatbin written to /tmp/bpftime-fatbin-work.FmdtoN/temp.fatbin
[2026-09-04 09:58:12][info][2732062] Extracting PTX in the fatbin...
[2026-09-04 09:58:12][info][2732062] Calling cuobjdump: /usr/local/cuda-12.9/bin/cuobjdump --extract-ptx all /tmp/bpftime-fatbin-work.FmdtoN/temp.fatbin
Extracting PTX file and ptxas options    1: map_bench.sm_120.ptx -arch=sm_120  --generate-line-info 
[2026-09-04 09:58:12][info][2732062] Remove extracted files..
[2026-09-04 09:58:12][info][2732062] Got 1 PTX files
[2026-09-04 09:58:12][info][2732062] Loading & patching current fatbin..
[2026-09-04 09:58:12][info][2732093] Patching PTX: map_bench.sm_120.ptx
[2026-09-04 09:58:12][info][2732093] Patching request 73192a9f238375b7168ca7ac31c1a719ca6b59d5be0b466eddd7522b9f9b9485 not found in cache, patching..
[ptxpass] kprobe_entry_stub: matched=1, in=1760, out=3994
[2026-09-04 09:58:12][info][2732062] Using SM arch from BPFTIME_SM_ARCH: sm_120
[2026-09-04 09:58:12][info][2732062] Compiling PTXs with sm_arch sm_120
[2026-09-04 09:58:12][info][2732062] Compiler version: 12.9
[2026-09-04 09:58:12][info][2732110] Start compiling patched.map_bench.sm_120.ptx, not found in cache
[2026-09-04 09:58:12][info][2732110] Compile of patched.map_bench.sm_120.ptx done
[2026-09-04 09:58:12][info][2732062] Loading module: patched.map_bench.sm_120.ptx, not found in cache
[2026-09-04 09:58:12][info][2732062] Copying trampoline data to device
[2026-09-04 09:58:12][info][2732062] constData symbol device_ptr=75d5b3600000 size=8 shared_mem_ptr=75d7cda297d8
[2026-09-04 09:58:12][info][2732062] map_info symbol device_ptr=75d5b3600008 size=40960
[2026-09-04 09:58:12][info][2732062] Trampoline data copied
[2026-09-04 09:58:12][info][2732062] Loaded module: patched.map_bench.sm_120.ptx
[2026-09-04 09:58:12][info][2732062] nv_attach_impl: ingested fatbin from .nv_fatbin in /home/yunwei37/workspace/gpu/gpu_ext/microbench/fig15-device/.output/map-bench
[2026-09-04 09:58:12][info][2732062] nv_attach_impl: late attach bootstrap ingested 1 fatbin(s)
[2026-09-04 09:58:12][info][2732062] agent ipc: listening (abstract) for pid 2732062
[2026-09-04 09:58:12][info][2732062] Attach successfully
[2026-09-04 09:58:12][info][2732068] Exiting CUDA watcher thread
FIG15_DEVICE	NVIDIA GeForce RTX 5090	12	0	32
FIG15_MEASUREMENT	8	64	0.27065599
FIG15_CORRECT	32	0
