shape=128 cta_blocks=2 work=0 block=1 order=1 arm=native
shape=128 cta_blocks=2 work=0 block=1 order=2 arm=off
shape=128 cta_blocks=2 work=0 block=1 order=3 arm=on
shape=128 cta_blocks=2 work=0 block=2 order=1 arm=off
shape=128 cta_blocks=2 work=0 block=2 order=2 arm=on
shape=128 cta_blocks=2 work=0 block=2 order=3 arm=native
shape=128 cta_blocks=2 work=0 block=3 order=1 arm=on
shape=128 cta_blocks=2 work=0 block=3 order=2 arm=native
shape=128 cta_blocks=2 work=0 block=3 order=3 arm=off
shape=128 cta_blocks=2 work=0 block=4 order=1 arm=native
shape=128 cta_blocks=2 work=0 block=4 order=2 arm=off
shape=128 cta_blocks=2 work=0 block=4 order=3 arm=on
shape=128 cta_blocks=2 work=0 block=5 order=1 arm=off
shape=128 cta_blocks=2 work=0 block=5 order=2 arm=on
shape=128 cta_blocks=2 work=0 block=5 order=3 arm=native
shape=128 cta_blocks=2 work=0 block=6 order=1 arm=on
shape=128 cta_blocks=2 work=0 block=6 order=2 arm=native
shape=128 cta_blocks=2 work=0 block=6 order=3 arm=off
shape=128 cta_blocks=2 work=0 block=7 order=1 arm=native
shape=128 cta_blocks=2 work=0 block=7 order=2 arm=off
shape=128 cta_blocks=2 work=0 block=7 order=3 arm=on
shape=128 cta_blocks=2 work=0 block=8 order=1 arm=off
shape=128 cta_blocks=2 work=0 block=8 order=2 arm=on
shape=128 cta_blocks=2 work=0 block=8 order=3 arm=native
shape=128 cta_blocks=2 work=0 block=9 order=1 arm=on
shape=128 cta_blocks=2 work=0 block=9 order=2 arm=native
shape=128 cta_blocks=2 work=0 block=9 order=3 arm=off
shape=128 cta_blocks=2 work=0 block=10 order=1 arm=native
shape=128 cta_blocks=2 work=0 block=10 order=2 arm=off
shape=128 cta_blocks=2 work=0 block=10 order=3 arm=on
shape=128 cta_blocks=4 work=0 block=1 order=1 arm=native
shape=128 cta_blocks=4 work=0 block=1 order=2 arm=off
shape=128 cta_blocks=4 work=0 block=1 order=3 arm=on
shape=128 cta_blocks=4 work=0 block=2 order=1 arm=off
shape=128 cta_blocks=4 work=0 block=2 order=2 arm=on
shape=128 cta_blocks=4 work=0 block=2 order=3 arm=native
shape=128 cta_blocks=4 work=0 block=3 order=1 arm=on
shape=128 cta_blocks=4 work=0 block=3 order=2 arm=native
shape=128 cta_blocks=4 work=0 block=3 order=3 arm=off
shape=128 cta_blocks=4 work=0 block=4 order=1 arm=native
shape=128 cta_blocks=4 work=0 block=4 order=2 arm=off
shape=128 cta_blocks=4 work=0 block=4 order=3 arm=on
shape=128 cta_blocks=4 work=0 block=5 order=1 arm=off
shape=128 cta_blocks=4 work=0 block=5 order=2 arm=on
shape=128 cta_blocks=4 work=0 block=5 order=3 arm=native
shape=128 cta_blocks=4 work=0 block=6 order=1 arm=on
shape=128 cta_blocks=4 work=0 block=6 order=2 arm=native
shape=128 cta_blocks=4 work=0 block=6 order=3 arm=off
shape=128 cta_blocks=4 work=0 block=7 order=1 arm=native
shape=128 cta_blocks=4 work=0 block=7 order=2 arm=off
shape=128 cta_blocks=4 work=0 block=7 order=3 arm=on
shape=128 cta_blocks=4 work=0 block=8 order=1 arm=off
shape=128 cta_blocks=4 work=0 block=8 order=2 arm=on
shape=128 cta_blocks=4 work=0 block=8 order=3 arm=native
shape=128 cta_blocks=4 work=0 block=9 order=1 arm=on
shape=128 cta_blocks=4 work=0 block=9 order=2 arm=native
shape=128 cta_blocks=4 work=0 block=9 order=3 arm=off
shape=128 cta_blocks=4 work=0 block=10 order=1 arm=native
shape=128 cta_blocks=4 work=0 block=10 order=2 arm=off
shape=128 cta_blocks=4 work=0 block=10 order=3 arm=on
shape=128 cta_blocks=8 work=0 block=1 order=1 arm=native
shape=128 cta_blocks=8 work=0 block=1 order=2 arm=off
shape=128 cta_blocks=8 work=0 block=1 order=3 arm=on
shape=128 cta_blocks=8 work=0 block=2 order=1 arm=off
shape=128 cta_blocks=8 work=0 block=2 order=2 arm=on
shape=128 cta_blocks=8 work=0 block=2 order=3 arm=native
shape=128 cta_blocks=8 work=0 block=3 order=1 arm=on
shape=128 cta_blocks=8 work=0 block=3 order=2 arm=native
shape=128 cta_blocks=8 work=0 block=3 order=3 arm=off
shape=128 cta_blocks=8 work=0 block=4 order=1 arm=native
shape=128 cta_blocks=8 work=0 block=4 order=2 arm=off
shape=128 cta_blocks=8 work=0 block=4 order=3 arm=on
shape=128 cta_blocks=8 work=0 block=5 order=1 arm=off
shape=128 cta_blocks=8 work=0 block=5 order=2 arm=on
shape=128 cta_blocks=8 work=0 block=5 order=3 arm=native
shape=128 cta_blocks=8 work=0 block=6 order=1 arm=on
shape=128 cta_blocks=8 work=0 block=6 order=2 arm=native
shape=128 cta_blocks=8 work=0 block=6 order=3 arm=off
shape=128 cta_blocks=8 work=0 block=7 order=1 arm=native
shape=128 cta_blocks=8 work=0 block=7 order=2 arm=off
shape=128 cta_blocks=8 work=0 block=7 order=3 arm=on
shape=128 cta_blocks=8 work=0 block=8 order=1 arm=off
shape=128 cta_blocks=8 work=0 block=8 order=2 arm=on
shape=128 cta_blocks=8 work=0 block=8 order=3 arm=native
shape=128 cta_blocks=8 work=0 block=9 order=1 arm=on
shape=128 cta_blocks=8 work=0 block=9 order=2 arm=native
shape=128 cta_blocks=8 work=0 block=9 order=3 arm=off
shape=128 cta_blocks=8 work=0 block=10 order=1 arm=native
shape=128 cta_blocks=8 work=0 block=10 order=2 arm=off
shape=128 cta_blocks=8 work=0 block=10 order=3 arm=on
completed 90 blocks sweep cells under raw/geometry-work-20260908.glLbTj/blocks-current-abi
logical_lane_encounters are derived from launch shape (hook call site executed per thread); scalar BPF handler invocations are not measured in the timed arms
