shape=128 cta_blocks=1 work=8 block=1 order=1 arm=native
shape=128 cta_blocks=1 work=8 block=1 order=2 arm=off
shape=128 cta_blocks=1 work=8 block=1 order=3 arm=on
shape=128 cta_blocks=1 work=8 block=2 order=1 arm=off
shape=128 cta_blocks=1 work=8 block=2 order=2 arm=on
shape=128 cta_blocks=1 work=8 block=2 order=3 arm=native
shape=128 cta_blocks=1 work=8 block=3 order=1 arm=on
shape=128 cta_blocks=1 work=8 block=3 order=2 arm=native
shape=128 cta_blocks=1 work=8 block=3 order=3 arm=off
shape=128 cta_blocks=1 work=8 block=4 order=1 arm=native
shape=128 cta_blocks=1 work=8 block=4 order=2 arm=off
shape=128 cta_blocks=1 work=8 block=4 order=3 arm=on
shape=128 cta_blocks=1 work=8 block=5 order=1 arm=off
shape=128 cta_blocks=1 work=8 block=5 order=2 arm=on
shape=128 cta_blocks=1 work=8 block=5 order=3 arm=native
shape=128 cta_blocks=1 work=8 block=6 order=1 arm=on
shape=128 cta_blocks=1 work=8 block=6 order=2 arm=native
shape=128 cta_blocks=1 work=8 block=6 order=3 arm=off
shape=128 cta_blocks=1 work=8 block=7 order=1 arm=native
shape=128 cta_blocks=1 work=8 block=7 order=2 arm=off
shape=128 cta_blocks=1 work=8 block=7 order=3 arm=on
shape=128 cta_blocks=1 work=8 block=8 order=1 arm=off
shape=128 cta_blocks=1 work=8 block=8 order=2 arm=on
shape=128 cta_blocks=1 work=8 block=8 order=3 arm=native
shape=128 cta_blocks=1 work=8 block=9 order=1 arm=on
shape=128 cta_blocks=1 work=8 block=9 order=2 arm=native
shape=128 cta_blocks=1 work=8 block=9 order=3 arm=off
shape=128 cta_blocks=1 work=8 block=10 order=1 arm=native
shape=128 cta_blocks=1 work=8 block=10 order=2 arm=off
shape=128 cta_blocks=1 work=8 block=10 order=3 arm=on
shape=128 cta_blocks=1 work=32 block=1 order=1 arm=native
shape=128 cta_blocks=1 work=32 block=1 order=2 arm=off
shape=128 cta_blocks=1 work=32 block=1 order=3 arm=on
shape=128 cta_blocks=1 work=32 block=2 order=1 arm=off
shape=128 cta_blocks=1 work=32 block=2 order=2 arm=on
shape=128 cta_blocks=1 work=32 block=2 order=3 arm=native
shape=128 cta_blocks=1 work=32 block=3 order=1 arm=on
shape=128 cta_blocks=1 work=32 block=3 order=2 arm=native
shape=128 cta_blocks=1 work=32 block=3 order=3 arm=off
shape=128 cta_blocks=1 work=32 block=4 order=1 arm=native
shape=128 cta_blocks=1 work=32 block=4 order=2 arm=off
shape=128 cta_blocks=1 work=32 block=4 order=3 arm=on
shape=128 cta_blocks=1 work=32 block=5 order=1 arm=off
shape=128 cta_blocks=1 work=32 block=5 order=2 arm=on
shape=128 cta_blocks=1 work=32 block=5 order=3 arm=native
shape=128 cta_blocks=1 work=32 block=6 order=1 arm=on
shape=128 cta_blocks=1 work=32 block=6 order=2 arm=native
shape=128 cta_blocks=1 work=32 block=6 order=3 arm=off
shape=128 cta_blocks=1 work=32 block=7 order=1 arm=native
shape=128 cta_blocks=1 work=32 block=7 order=2 arm=off
shape=128 cta_blocks=1 work=32 block=7 order=3 arm=on
shape=128 cta_blocks=1 work=32 block=8 order=1 arm=off
shape=128 cta_blocks=1 work=32 block=8 order=2 arm=on
shape=128 cta_blocks=1 work=32 block=8 order=3 arm=native
shape=128 cta_blocks=1 work=32 block=9 order=1 arm=on
shape=128 cta_blocks=1 work=32 block=9 order=2 arm=native
shape=128 cta_blocks=1 work=32 block=9 order=3 arm=off
shape=128 cta_blocks=1 work=32 block=10 order=1 arm=native
shape=128 cta_blocks=1 work=32 block=10 order=2 arm=off
shape=128 cta_blocks=1 work=32 block=10 order=3 arm=on
shape=128 cta_blocks=1 work=128 block=1 order=1 arm=native
shape=128 cta_blocks=1 work=128 block=1 order=2 arm=off
shape=128 cta_blocks=1 work=128 block=1 order=3 arm=on
shape=128 cta_blocks=1 work=128 block=2 order=1 arm=off
shape=128 cta_blocks=1 work=128 block=2 order=2 arm=on
shape=128 cta_blocks=1 work=128 block=2 order=3 arm=native
shape=128 cta_blocks=1 work=128 block=3 order=1 arm=on
shape=128 cta_blocks=1 work=128 block=3 order=2 arm=native
shape=128 cta_blocks=1 work=128 block=3 order=3 arm=off
shape=128 cta_blocks=1 work=128 block=4 order=1 arm=native
shape=128 cta_blocks=1 work=128 block=4 order=2 arm=off
shape=128 cta_blocks=1 work=128 block=4 order=3 arm=on
shape=128 cta_blocks=1 work=128 block=5 order=1 arm=off
shape=128 cta_blocks=1 work=128 block=5 order=2 arm=on
shape=128 cta_blocks=1 work=128 block=5 order=3 arm=native
shape=128 cta_blocks=1 work=128 block=6 order=1 arm=on
shape=128 cta_blocks=1 work=128 block=6 order=2 arm=native
shape=128 cta_blocks=1 work=128 block=6 order=3 arm=off
shape=128 cta_blocks=1 work=128 block=7 order=1 arm=native
shape=128 cta_blocks=1 work=128 block=7 order=2 arm=off
shape=128 cta_blocks=1 work=128 block=7 order=3 arm=on
shape=128 cta_blocks=1 work=128 block=8 order=1 arm=off
shape=128 cta_blocks=1 work=128 block=8 order=2 arm=on
shape=128 cta_blocks=1 work=128 block=8 order=3 arm=native
shape=128 cta_blocks=1 work=128 block=9 order=1 arm=on
shape=128 cta_blocks=1 work=128 block=9 order=2 arm=native
shape=128 cta_blocks=1 work=128 block=9 order=3 arm=off
shape=128 cta_blocks=1 work=128 block=10 order=1 arm=native
shape=128 cta_blocks=1 work=128 block=10 order=2 arm=off
shape=128 cta_blocks=1 work=128 block=10 order=3 arm=on
completed 90 work sweep cells under raw/geometry-work-20260908.glLbTj/work-current-abi
logical_lane_encounters are derived from launch shape (hook call site executed per thread); scalar BPF handler invocations are not measured in the timed arms
