[2026-09-09 04:25:37][warning][535264] Calling original ioctl: 8 3223340586 140726544100464
[2026-09-09 04:25:37][warning][535264] Calling original ioctl: 8 3223340586 140726544100480
[2026-09-09 04:25:37][warning][535264] Calling original ioctl: 8 3223340586 140726544100528
[2026-09-09 04:25:37][warning][535264] Calling original ioctl: 9 25 140726544104848
[2026-09-09 04:25:37][warning][535264] Calling original ioctl: 8 3224389163 140726544102112
[2026-09-09 04:25:37][warning][535264] Calling original ioctl: 9 73 140726544101296
[2026-09-09 04:25:37][warning][535264] Calling original ioctl: 9 33 140726544092064
[2026-09-09 04:25:37][warning][535264] Calling original ioctl: 8 3224389163 140726544101792
[2026-09-09 04:25:37][warning][535264] Calling original ioctl: 9 73 140726544100976
[2026-09-09 04:25:37][warning][535264] Calling original ioctl: 9 33 140726544091744
[2026-09-09 04:25:37][warning][535264] Calling original ioctl: 8 3224389163 140726544101792
[2026-09-09 04:25:37][warning][535264] Calling original ioctl: 9 73 140726544100976
[2026-09-09 04:25:37][warning][535264] Calling original ioctl: 9 33 140726544091744
[2026-09-09 04:25:37][warning][535264] Calling original ioctl: 8 3224389163 140726544102288
[2026-09-09 04:25:37][warning][535264] Calling original ioctl: 9 73 140726544101472
[2026-09-09 04:25:37][warning][535264] Calling original ioctl: 9 33 140726544092240
[2026-09-09 04:25:37][warning][535264] Calling original ioctl: 8 3224389163 140726544103968
[2026-09-09 04:25:37][warning][535264] Calling original ioctl: 8 3224389163 140726544103952
[2026-09-09 04:25:37][warning][535264] Calling original ioctl: 8 3224389163 140726544100192
[2026-09-09 04:25:37][warning][535264] Calling original ioctl: 8 3223340586 140726544095776
[2026-09-09 04:25:37][warning][535264] Calling original ioctl: 8 3224913486 140726544100320
[2026-09-09 04:25:37][warning][535264] Calling original ioctl: 8 3223864926 140726544100272
[2026-09-09 04:25:37][warning][535264] Calling original ioctl: 9 73 140726544099376
[2026-09-09 04:25:37][warning][535264] Calling original ioctl: 9 33 140726544090144
[2026-09-09 04:25:37][warning][535264] Calling original ioctl: 8 3224389163 140726544099728
[2026-09-09 04:25:37][warning][535264] Calling original ioctl: 8 3223340586 140726544095312
[2026-09-09 04:25:37][warning][535264] Calling original ioctl: 8 3224913486 140726544099856
[2026-09-09 04:25:37][warning][535264] Calling original ioctl: 9 73 140726544098912
[2026-09-09 04:25:37][warning][535264] Calling original ioctl: 9 33 140726544089680
[2026-09-09 04:25:37][warning][535264] Calling original ioctl: 8 3224389163 140726544100576
[2026-09-09 04:25:37][warning][535264] Calling original ioctl: 8 3223340586 140726544096160
[2026-09-09 04:25:37][warning][535264] Calling original ioctl: 8 3224913486 140726544100704
[2026-09-09 04:25:37][warning][535264] Calling original ioctl: 8 3224389163 140726544102432
[2026-09-09 04:25:37][warning][535264] Calling original ioctl: 8 3223340586 140726544098464
[2026-09-09 04:25:37][warning][535264] Calling original ioctl: 8 3224389163 140726544102720
[2026-09-09 04:25:37][warning][535264] Calling original ioctl: 8 3223340586 140726544098400
[2026-09-09 04:25:37][warning][535264] Calling original ioctl: 8 3224389163 140726544102720
[2026-09-09 04:25:37][warning][535264] Calling original ioctl: 8 3223340586 140726544098400
[2026-09-09 04:25:37][warning][535264] Calling original ioctl: 8 3223340586 140726544098480
[2026-09-09 04:25:37][warning][535264] Calling original ioctl: 8 3223340586 140726544098480
[2026-09-09 04:25:37][warning][535264] Calling original ioctl: 8 3224389163 140726544101376
[2026-09-09 04:25:37][warning][535264] Calling original ioctl: 8 3223340586 140726544096960
[2026-09-09 04:25:37][warning][535264] Calling original ioctl: 8 3224913486 140726544101504
[2026-09-09 04:25:37][warning][535264] Calling original ioctl: 9 73 140726544100560
[2026-09-09 04:25:37][warning][535264] Calling original ioctl: 9 33 140726544091328
[2026-09-09 04:25:37][warning][535264] Calling original ioctl: 8 3224389163 140726544100576
[2026-09-09 04:25:37][warning][535264] Calling original ioctl: 8 3223340586 140726544096160
[2026-09-09 04:25:37][warning][535264] Calling original ioctl: 8 3224913486 140726544100704
[2026-09-09 04:25:37][warning][535264] Calling original ioctl: 8 3224389163 140726544102432
[2026-09-09 04:25:37][warning][535264] Calling original ioctl: 8 3223340586 140726544098464
[2026-09-09 04:25:37][warning][535264] Calling original ioctl: 8 3224389163 140726544102720
[2026-09-09 04:25:37][warning][535264] Calling original ioctl: 8 3223340586 140726544098400
[2026-09-09 04:25:37][warning][535264] Calling original ioctl: 8 3223340586 140726544098480
[2026-09-09 04:25:37][warning][535264] Calling original ioctl: 8 3223340586 140726544098480
[2026-09-09 04:25:37][warning][535264] Calling original ioctl: 8 3224389163 140726544100576
[2026-09-09 04:25:37][warning][535264] Calling original ioctl: 8 3223340586 140726544096160
[2026-09-09 04:25:37][warning][535264] Calling original ioctl: 8 3224913486 140726544100704
[2026-09-09 04:25:37][warning][535264] Calling original ioctl: 8 3224389163 140726544102432
[2026-09-09 04:25:37][warning][535264] Calling original ioctl: 8 3223340586 140726544098464
[2026-09-09 04:25:37][warning][535264] Calling original ioctl: 8 3224389163 140726544102720
[2026-09-09 04:25:37][warning][535264] Calling original ioctl: 8 3223340586 140726544098400
[2026-09-09 04:25:37][warning][535264] Calling original ioctl: 8 3224389163 140726544102720
[2026-09-09 04:25:37][warning][535264] Calling original ioctl: 8 3223340586 140726544098400
[2026-09-09 04:25:37][warning][535264] Calling original ioctl: 8 3223340586 140726544098480
[2026-09-09 04:25:37][warning][535264] Calling original ioctl: 8 3223340586 140726544098480
[2026-09-09 04:25:37][warning][535264] Calling original ioctl: 8 3224389163 140726544100576
[2026-09-09 04:25:37][warning][535264] Calling original ioctl: 8 3223340586 140726544096160
[2026-09-09 04:25:37][warning][535264] Calling original ioctl: 8 3224913486 140726544100704
[2026-09-09 04:25:37][warning][535264] Calling original ioctl: 8 3224389163 140726544102432
[2026-09-09 04:25:37][warning][535264] Calling original ioctl: 8 3223340586 140726544098464
[2026-09-09 04:25:37][warning][535264] Calling original ioctl: 8 3224389163 140726544102720
[2026-09-09 04:25:37][warning][535264] Calling original ioctl: 8 3223340586 140726544098400
[2026-09-09 04:25:37][warning][535264] Calling original ioctl: 8 3223340586 140726544098480
[2026-09-09 04:25:37][warning][535264] Calling original ioctl: 8 3223340586 140726544098480
[2026-09-09 04:25:37][warning][535264] Calling original ioctl: 8 3224389163 140726544100576
[2026-09-09 04:25:37][warning][535264] Calling original ioctl: 8 3223340586 140726544096160
[2026-09-09 04:25:37][warning][535264] Calling original ioctl: 8 3224913486 140726544100704
[2026-09-09 04:25:37][warning][535264] Calling original ioctl: 8 3224389163 140726544102432
[2026-09-09 04:25:37][warning][535264] Calling original ioctl: 8 3223340586 140726544098464
[2026-09-09 04:25:37][warning][535264] Calling original ioctl: 8 3224389163 140726544102720
[2026-09-09 04:25:37][warning][535264] Calling original ioctl: 8 3223340586 140726544098400
[2026-09-09 04:25:37][warning][535264] Calling original ioctl: 8 3224389163 140726544102720
[2026-09-09 04:25:37][warning][535264] Calling original ioctl: 8 3223340586 140726544098400
[2026-09-09 04:25:37][warning][535264] Calling original ioctl: 8 3223340586 140726544098480
[2026-09-09 04:25:37][warning][535264] Calling original ioctl: 8 3223340586 140726544098480
[2026-09-09 04:25:37][warning][535264] Calling original ioctl: 8 3224389163 140726544100576
[2026-09-09 04:25:37][warning][535264] Calling original ioctl: 8 3223340586 140726544096160
[2026-09-09 04:25:37][warning][535264] Calling original ioctl: 8 3224913486 140726544100704
[2026-09-09 04:25:37][warning][535264] Calling original ioctl: 8 3224389163 140726544102432
[2026-09-09 04:25:37][warning][535264] Calling original ioctl: 8 3223340586 140726544098464
[2026-09-09 04:25:37][warning][535264] Calling original ioctl: 8 3224389163 140726544102720
[2026-09-09 04:25:37][warning][535264] Calling original ioctl: 8 3223340586 140726544098400
[2026-09-09 04:25:37][warning][535264] Calling original ioctl: 8 3223340586 140726544098480
[2026-09-09 04:25:37][warning][535264] Calling original ioctl: 8 3223340586 140726544098480
[2026-09-09 04:25:37][warning][535264] Calling original ioctl: 8 3224389163 140726544100576
[2026-09-09 04:25:37][warning][535264] Calling original ioctl: 8 3223340586 140726544096160
[2026-09-09 04:25:37][warning][535264] Calling original ioctl: 8 3224913486 140726544100704
[2026-09-09 04:25:37][warning][535264] Calling original ioctl: 8 3224389163 140726544102432
[2026-09-09 04:25:37][warning][535264] Calling original ioctl: 8 3223340586 140726544098464
[2026-09-09 04:25:37][warning][535264] Calling original ioctl: 8 3224389163 140726544102720
[2026-09-09 04:25:37][warning][535264] Calling original ioctl: 8 3223340586 140726544098400
[2026-09-09 04:25:37][warning][535264] Calling original ioctl: 8 3224389163 140726544102720
[2026-09-09 04:25:37][warning][535264] Calling original ioctl: 8 3223340586 140726544098400
[2026-09-09 04:25:37][warning][535264] Calling original ioctl: 8 3223340586 140726544098480
[2026-09-09 04:25:37][warning][535264] Calling original ioctl: 8 3223340586 140726544098480
[2026-09-09 04:25:37][warning][535264] Calling original ioctl: 8 3224389163 140726544100576
[2026-09-09 04:25:37][warning][535264] Calling original ioctl: 8 3223340586 140726544096160
[2026-09-09 04:25:37][warning][535264] Calling original ioctl: 8 3224913486 140726544100704
[2026-09-09 04:25:37][warning][535264] Calling original ioctl: 8 3224389163 140726544102432
[2026-09-09 04:25:37][warning][535264] Calling original ioctl: 8 3223340586 140726544098464
[2026-09-09 04:25:37][warning][535264] Calling original ioctl: 8 3224389163 140726544102720
[2026-09-09 04:25:37][warning][535264] Calling original ioctl: 8 3223340586 140726544098400
[2026-09-09 04:25:37][warning][535264] Calling original ioctl: 8 3223340586 140726544098480
[2026-09-09 04:25:37][warning][535264] Calling original ioctl: 8 3223340586 140726544098480
[2026-09-09 04:25:37][warning][535264] Calling original ioctl: 9 27 140726544104400
[2026-09-09 04:25:37][warning][535264] Calling original ioctl: 9 27 140726544104400
[2026-09-09 04:25:37][warning][535264] Calling original ioctl: 9 27 140726544104400
[2026-09-09 04:25:37][warning][535264] Calling original ioctl: 9 27 140726544104400
[2026-09-09 04:25:37][warning][535264] Calling original ioctl: 9 27 140726544104400
[2026-09-09 04:25:37][warning][535264] Calling original ioctl: 9 27 140726544104400
[2026-09-09 04:25:37][warning][535264] Calling original ioctl: 9 27 140726544104400
[2026-09-09 04:25:37][warning][535264] Calling original ioctl: 9 27 140726544104400
[2026-09-09 04:25:37][warning][535264] Calling original ioctl: 8 3223340586 140726544100064
[2026-09-09 04:25:37][warning][535264] Calling original ioctl: 17 3221505737 140726544104160
[2026-09-09 04:25:37][warning][535264] Calling original ioctl: 17 3222292174 140726544104144
[2026-09-09 04:25:37][warning][535264] Calling original ioctl: 17 3224389163 140726544104128
[2026-09-09 04:25:37][warning][535264] Calling original ioctl: 8 3224389163 140726544103968
[2026-09-09 04:25:37][warning][535264] Calling original ioctl: 8 3224389163 140726544100576
[2026-09-09 04:25:37][warning][535264] Calling original ioctl: 8 3223340586 140726544096160
[2026-09-09 04:25:37][warning][535264] Calling original ioctl: 8 3224913486 140726544100704
[2026-09-09 04:25:37][warning][535264] Calling original ioctl: 8 3224389163 140726544102432
[2026-09-09 04:25:37][warning][535264] Calling original ioctl: 8 3223340586 140726544098464
[2026-09-09 04:25:37][warning][535264] Calling original ioctl: 8 3224389163 140726544102720
[2026-09-09 04:25:37][warning][535264] Calling original ioctl: 8 3223340586 140726544098400
[2026-09-09 04:25:37][warning][535264] Calling original ioctl: 8 3223340586 140726544098480
[2026-09-09 04:25:37][warning][535264] Calling original ioctl: 8 3224389163 140726544100576
[2026-09-09 04:25:37][warning][535264] Calling original ioctl: 8 3223340586 140726544096160
[2026-09-09 04:25:37][warning][535264] Calling original ioctl: 8 3224913486 140726544100704
[2026-09-09 04:25:37][warning][535264] Calling original ioctl: 8 3224389163 140726544102432
[2026-09-09 04:25:37][warning][535264] Calling original ioctl: 8 3223340586 140726544098464
[2026-09-09 04:25:37][warning][535264] Calling original ioctl: 8 3224389163 140726544102720
[2026-09-09 04:25:37][warning][535264] Calling original ioctl: 8 3223340586 140726544098400
[2026-09-09 04:25:37][warning][535264] Calling original ioctl: 8 3223340586 140726544098480
[2026-09-09 04:25:37][warning][535264] Calling original ioctl: 8 3224389163 140726544100576
[2026-09-09 04:25:37][warning][535264] Calling original ioctl: 8 3223340586 140726544096160
[2026-09-09 04:25:37][warning][535264] Calling original ioctl: 8 3224913486 140726544100704
[2026-09-09 04:25:37][warning][535264] Calling original ioctl: 8 3224389163 140726544102432
[2026-09-09 04:25:37][warning][535264] Calling original ioctl: 8 3223340586 140726544098464
[2026-09-09 04:25:37][warning][535264] Calling original ioctl: 8 3224389163 140726544102720
[2026-09-09 04:25:37][warning][535264] Calling original ioctl: 8 3223340586 140726544098400
[2026-09-09 04:25:37][warning][535264] Calling original ioctl: 8 3223340586 140726544098480
[2026-09-09 04:25:37][warning][535264] Calling original ioctl: 8 3224389163 140726544100576
[2026-09-09 04:25:37][warning][535264] Calling original ioctl: 8 3223340586 140726544096160
[2026-09-09 04:25:37][warning][535264] Calling original ioctl: 8 3224913486 140726544100704
[2026-09-09 04:25:37][warning][535264] Calling original ioctl: 8 3224389163 140726544102432
[2026-09-09 04:25:37][warning][535264] Calling original ioctl: 8 3223340586 140726544098464
[2026-09-09 04:25:37][warning][535264] Calling original ioctl: 8 3224389163 140726544102720
[2026-09-09 04:25:37][warning][535264] Calling original ioctl: 8 3223340586 140726544098400
[2026-09-09 04:25:37][warning][535264] Calling original ioctl: 8 3223340586 140726544098480
[2026-09-09 04:25:37][warning][535264] Calling original ioctl: 9 27 140726544104400
[2026-09-09 04:25:37][warning][535264] Calling original ioctl: 9 27 140726544104400
[2026-09-09 04:25:37][warning][535264] Calling original ioctl: 9 27 140726544104400
[2026-09-09 04:25:37][warning][535264] Calling original ioctl: 9 27 140726544104400
[2026-09-09 04:25:37][warning][535264] Calling original ioctl: 8 3223340586 140726544100064
[2026-09-09 04:25:37][warning][535264] Calling original ioctl: 19 3221505737 140726544104160
[2026-09-09 04:25:37][warning][535264] Calling original ioctl: 19 3222292174 140726544104144
[2026-09-09 04:25:37][warning][535264] Calling original ioctl: 19 3224389163 140726544104128
[2026-09-09 04:25:37][warning][535264] Calling original ioctl: 8 3224389163 140726544103968
[2026-09-09 04:25:37][warning][535264] Calling original ioctl: 8 3224389163 140726544100576
[2026-09-09 04:25:37][warning][535264] Calling original ioctl: 8 3223340586 140726544096160
[2026-09-09 04:25:37][warning][535264] Calling original ioctl: 8 3224913486 140726544100704
[2026-09-09 04:25:37][warning][535264] Calling original ioctl: 8 3224389163 140726544102432
[2026-09-09 04:25:37][warning][535264] Calling original ioctl: 8 3223340586 140726544098464
[2026-09-09 04:25:37][warning][535264] Calling original ioctl: 8 3224389163 140726544102720
[2026-09-09 04:25:37][warning][535264] Calling original ioctl: 8 3223340586 140726544098400
[2026-09-09 04:25:37][warning][535264] Calling original ioctl: 8 3223340586 140726544098480
[2026-09-09 04:25:37][warning][535264] Calling original ioctl: 8 3224389163 140726544100576
[2026-09-09 04:25:37][warning][535264] Calling original ioctl: 8 3223340586 140726544096160
[2026-09-09 04:25:37][warning][535264] Calling original ioctl: 8 3224913486 140726544100704
[2026-09-09 04:25:37][warning][535264] Calling original ioctl: 8 3224389163 140726544102432
[2026-09-09 04:25:37][warning][535264] Calling original ioctl: 8 3223340586 140726544098464
[2026-09-09 04:25:37][warning][535264] Calling original ioctl: 8 3224389163 140726544102720
[2026-09-09 04:25:37][warning][535264] Calling original ioctl: 8 3223340586 140726544098400
[2026-09-09 04:25:37][warning][535264] Calling original ioctl: 8 3223340586 140726544098480
[2026-09-09 04:25:37][warning][535264] Calling original ioctl: 8 3224389163 140726544100576
[2026-09-09 04:25:37][warning][535264] Calling original ioctl: 8 3223340586 140726544096160
[2026-09-09 04:25:37][warning][535264] Calling original ioctl: 8 3224913486 140726544100704
[2026-09-09 04:25:37][warning][535264] Calling original ioctl: 8 3224389163 140726544102432
[2026-09-09 04:25:37][warning][535264] Calling original ioctl: 8 3223340586 140726544098464
[2026-09-09 04:25:37][warning][535264] Calling original ioctl: 8 3224389163 140726544102720
[2026-09-09 04:25:37][warning][535264] Calling original ioctl: 8 3223340586 140726544098400
[2026-09-09 04:25:37][warning][535264] Calling original ioctl: 8 3223340586 140726544098480
[2026-09-09 04:25:37][warning][535264] Calling original ioctl: 8 3224389163 140726544100576
[2026-09-09 04:25:37][warning][535264] Calling original ioctl: 8 3223340586 140726544096160
[2026-09-09 04:25:37][warning][535264] Calling original ioctl: 8 3224913486 140726544100704
[2026-09-09 04:25:37][warning][535264] Calling original ioctl: 8 3224389163 140726544102432
[2026-09-09 04:25:37][warning][535264] Calling original ioctl: 8 3223340586 140726544098464
[2026-09-09 04:25:37][warning][535264] Calling original ioctl: 8 3224389163 140726544102720
[2026-09-09 04:25:37][warning][535264] Calling original ioctl: 8 3223340586 140726544098400
[2026-09-09 04:25:37][warning][535264] Calling original ioctl: 8 3223340586 140726544098480
[2026-09-09 04:25:37][warning][535264] Calling original ioctl: 9 27 140726544104400
[2026-09-09 04:25:37][warning][535264] Calling original ioctl: 9 27 140726544104400
[2026-09-09 04:25:37][warning][535264] Calling original ioctl: 9 27 140726544104400
[2026-09-09 04:25:37][warning][535264] Calling original ioctl: 9 27 140726544104400
[2026-09-09 04:25:37][warning][535264] Calling original ioctl: 8 3223340586 140726544100064
[2026-09-09 04:25:37][warning][535264] Calling original ioctl: 21 3221505737 140726544104160
[2026-09-09 04:25:37][warning][535264] Calling original ioctl: 21 3222292174 140726544104144
[2026-09-09 04:25:37][warning][535264] Calling original ioctl: 21 3224389163 140726544104128
[2026-09-09 04:25:37][warning][535264] Calling original ioctl: 8 3224389163 140726544101600
[2026-09-09 04:25:37][warning][535264] Calling original ioctl: 8 3223340586 140726544097184
[2026-09-09 04:25:37][warning][535264] Calling original ioctl: 8 3224913486 140726544101728
[2026-09-09 04:25:37][warning][535264] Calling original ioctl: 9 73 140726544100784
[2026-09-09 04:25:37][warning][535264] Calling original ioctl: 9 33 140726544091552
[2026-09-09 04:25:37][warning][535264] Calling original ioctl: 8 3224389163 140726544101904
[2026-09-09 04:25:37][warning][535264] Calling original ioctl: 9 73 140726544101088
[2026-09-09 04:25:37][warning][535264] Calling original ioctl: 9 33 140726544091856
[2026-09-09 04:25:37][warning][535264] Calling original ioctl: 9 68 140726544091248
[2026-09-09 04:25:37][warning][535264] Calling original ioctl: 9 72 140726544100352
[2026-09-09 04:25:37][warning][535264] Calling original ioctl: 9 23 140726544104704
[2026-09-09 04:25:37][warning][535264] Calling original ioctl: 9 23 140726544104704
[2026-09-09 04:25:37][warning][535264] Calling original ioctl: 9 23 140726544104704
[2026-09-09 04:25:37][warning][535264] Calling original ioctl: 9 23 140726544104704
[2026-09-09 04:25:37][warning][535264] Calling original ioctl: 8 3224389163 140726544101904
[2026-09-09 04:25:37][warning][535264] Calling original ioctl: 9 73 140726544101088
[2026-09-09 04:25:37][warning][535264] Calling original ioctl: 9 33 140726544091856
[2026-09-09 04:25:37][warning][535264] Calling original ioctl: 9 23 140726544104704
[2026-09-09 04:25:37][warning][535264] Calling original ioctl: 9 23 140726544104704
[2026-09-09 04:25:37][warning][535264] Calling original ioctl: 9 23 140726544104704
[2026-09-09 04:25:37][warning][535264] Calling original ioctl: 8 3224389163 140726544101328
[2026-09-09 04:25:37][warning][535264] Calling original ioctl: 8 3223340586 140726544096912
[2026-09-09 04:25:37][warning][535264] Calling original ioctl: 8 3224913486 140726544101456
[2026-09-09 04:25:37][warning][535264] Calling original ioctl: 9 73 140726544100512
[2026-09-09 04:25:37][warning][535264] Calling original ioctl: 9 33 140726544091280
[2026-09-09 04:25:37][warning][535264] Calling original ioctl: 12 3224913447 140726544101312
[2026-09-09 04:25:37][warning][535264] Calling original ioctl: 9 73 140726544100512
[2026-09-09 04:25:37][warning][535264] Calling original ioctl: 9 33 140726544091280
[2026-09-09 04:25:37][warning][535264] Calling original ioctl: 8 3224389163 140726544102192
[2026-09-09 04:25:37][warning][535264] Calling original ioctl: 9 73 140726544101376
[2026-09-09 04:25:37][warning][535264] Calling original ioctl: 9 33 140726544092144
[2026-09-09 04:25:37][warning][535264] Calling original ioctl: 12 3224913447 140726544101568
[2026-09-09 04:25:37][warning][535264] Calling original ioctl: 9 73 140726544100768
[2026-09-09 04:25:37][warning][535264] Calling original ioctl: 9 33 140726544091536
[2026-09-09 04:25:37][warning][535264] Calling original ioctl: 8 3224389163 140726544101584
[2026-09-09 04:25:37][warning][535264] Calling original ioctl: 9 73 140726544100768
[2026-09-09 04:25:37][warning][535264] Calling original ioctl: 9 33 140726544091536
[2026-09-09 04:25:37][warning][535264] Calling original ioctl: 9 65 140726544101856
[2026-09-09 04:25:37][warning][535264] Calling original ioctl: 12 3224913447 140726544102672
[2026-09-09 04:25:37][warning][535264] Calling original ioctl: 9 73 140726544101872
[2026-09-09 04:25:37][warning][535264] Calling original ioctl: 9 33 140726544092640
[2026-09-09 04:25:37][warning][535264] Calling original ioctl: 8 3224389163 140726544102688
[2026-09-09 04:25:37][warning][535264] Calling original ioctl: 9 73 140726544101872
[2026-09-09 04:25:37][warning][535264] Calling original ioctl: 9 33 140726544092640
[2026-09-09 04:25:37][warning][535264] Calling original ioctl: 8 3224389163 140726544102256
[2026-09-09 04:25:37][warning][535264] Calling original ioctl: 8 3223340586 140726544097840
[2026-09-09 04:25:37][warning][535264] Calling original ioctl: 8 3224913486 140726544102384
[2026-09-09 04:25:37][warning][535264] Calling original ioctl: 9 73 140726544101440
[2026-09-09 04:25:37][warning][535264] Calling original ioctl: 9 33 140726544092208
[2026-09-09 04:25:37][warning][535264] Calling original ioctl: 8 3224389163 140726544099968
[2026-09-09 04:25:37][warning][535264] Calling original ioctl: 9 73 140726544099152
[2026-09-09 04:25:37][warning][535264] Calling original ioctl: 9 33 140726544089920
[2026-09-09 04:25:37][warning][535264] Calling original ioctl: 8 3224389163 140726544099888
[2026-09-09 04:25:37][warning][535264] Calling original ioctl: 9 73 140726544099072
[2026-09-09 04:25:37][warning][535264] Calling original ioctl: 9 33 140726544089840
[2026-09-09 04:25:37][warning][535264] Calling original ioctl: 8 3224389163 140726544099888
[2026-09-09 04:25:37][warning][535264] Calling original ioctl: 9 73 140726544099072
[2026-09-09 04:25:37][warning][535264] Calling original ioctl: 9 33 140726544089840
[2026-09-09 04:25:37][warning][535264] Calling original ioctl: 12 3224913447 140726544102224
[2026-09-09 04:25:37][warning][535264] Calling original ioctl: 9 73 140726544101424
[2026-09-09 04:25:37][warning][535264] Calling original ioctl: 9 33 140726544092192
[2026-09-09 04:25:37][warning][535264] Calling original ioctl: 8 3224389163 140726544104832
[2026-09-09 04:25:37][warning][535264] Calling original ioctl: 8 3224389163 140726544101728
[2026-09-09 04:25:37][warning][535264] Calling original ioctl: 8 3223340586 140726544097312
[2026-09-09 04:25:37][warning][535264] Calling original ioctl: 8 3224913486 140726544101856
[2026-09-09 04:25:37][warning][535264] Calling original ioctl: 9 73 140726544100912
[2026-09-09 04:25:37][warning][535264] Calling original ioctl: 9 33 140726544091680
[2026-09-09 04:25:37][warning][535264] Calling original ioctl: 8 3224389163 140726544102048
[2026-09-09 04:25:37][warning][535264] Calling original ioctl: 9 73 140726544101232
[2026-09-09 04:25:37][warning][535264] Calling original ioctl: 9 33 140726544092000
[2026-09-09 04:25:37][warning][535264] Calling original ioctl: 8 3224389163 140726544102048
[2026-09-09 04:25:37][warning][535264] Calling original ioctl: 9 73 140726544101232
[2026-09-09 04:25:37][warning][535264] Calling original ioctl: 9 33 140726544092000
[2026-09-09 04:25:37][warning][535264] Calling original ioctl: 24 3221505737 140726544104496
[2026-09-09 04:25:37][warning][535264] Calling original ioctl: 24 3222292174 140726544104480
[2026-09-09 04:25:37][warning][535264] Calling original ioctl: 24 3224389163 140726544104464
[2026-09-09 04:25:37][warning][535264] Calling original ioctl: 26 3221505737 140726544104496
[2026-09-09 04:25:37][warning][535264] Calling original ioctl: 26 3222292174 140726544104480
[2026-09-09 04:25:37][warning][535264] Calling original ioctl: 26 3224389163 140726544104464
[2026-09-09 04:25:37][warning][535264] Calling original ioctl: 28 3221505737 140726544104496
[2026-09-09 04:25:37][warning][535264] Calling original ioctl: 28 3222292174 140726544104480
[2026-09-09 04:25:37][warning][535264] Calling original ioctl: 28 3224389163 140726544104464
[2026-09-09 04:25:37][warning][535264] Calling original ioctl: 30 3221505737 140726544104496
[2026-09-09 04:25:37][warning][535264] Calling original ioctl: 30 3222292174 140726544104480
[2026-09-09 04:25:37][warning][535264] Calling original ioctl: 30 3224389163 140726544104464
[2026-09-09 04:25:37][warning][535264] Calling original ioctl: 8 3223340586 140726544100208
[2026-09-09 04:25:37][warning][535264] Calling original ioctl: 8 3223340586 140726544100384
[2026-09-09 04:25:37][warning][535264] Calling original ioctl: 8 3223340586 140726544100544
[2026-09-09 04:25:37][warning][535264] Calling original ioctl: 8 3224389163 140726544102016
[2026-09-09 04:25:37][warning][535264] Calling original ioctl: 9 73 140726544101200
[2026-09-09 04:25:37][warning][535264] Calling original ioctl: 9 33 140726544091968
[2026-09-09 04:25:37][warning][535264] Calling original ioctl: 8 3223340586 140726544100544
libbpf: loading object 'full_record_device_buffer_bpf' from buffer
libbpf: elf: section(2) .symtab, size 240, link 1, flags 0, type=2
libbpf: elf: section(3) kretprobe/_Z9rope_normILb1ELb0Ef6__halfEvPKT1_PT2_iiiiiPKifff14rope_corr_dimsfPKfPKli, size 1152, link 0, flags 6, type=1
libbpf: sec 'kretprobe/_Z9rope_normILb1ELb0Ef6__halfEvPKT1_PT2_iiiiiPKifff14rope_corr_dimsfPKfPKli': found program 'cuda__retprobe' at insn offset 0 (0 bytes), code size 144 insns (1152 bytes)
libbpf: elf: section(4) .maps, size 32, link 0, flags 3, type=1
libbpf: elf: section(5) license, size 4, link 0, flags 3, type=1
libbpf: license of full_record_device_buffer_bpf is GPL
libbpf: elf: section(6) .relkretprobe/_Z9rope_normILb1ELb0Ef6__halfEvPKT1_PT2_iiiiiPKifff14rope_corr_dimsfPKfPKli, size 32, link 2, flags 40, type=9
libbpf: elf: section(7) .BTF, size 2852, link 0, flags 0, type=1
libbpf: elf: section(8) .BTF.ext, size 1200, link 0, flags 0, type=1
libbpf: looking for externs among 10 symbols...
libbpf: collected 0 externs total
libbpf: map 'arena': at sec_idx 4, offset 0.
libbpf: map 'arena': found type = 1503.
libbpf: map 'arena': found key [8], sz = 4.
libbpf: map 'arena': found value [12], sz = 335675408.
libbpf: map 'arena': found max_entries = 32.
libbpf: sec '.relkretprobe/_Z9rope_normILb1ELb0Ef6__halfEvPKT1_PT2_iiiiiPKifff14rope_corr_dimsfPKfPKli': collecting relocation for section(3) 'kretprobe/_Z9rope_normILb1ELb0Ef6__halfEvPKT1_PT2_iiiiiPKifff14rope_corr_dimsfPKfPKli'
libbpf: sec '.relkretprobe/_Z9rope_normILb1ELb0Ef6__halfEvPKT1_PT2_iiiiiPKifff14rope_corr_dimsfPKfPKli': relo #0: insn #71 against 'arena'
libbpf: prog 'cuda__retprobe': found map 0 (arena, sec 4, off 0) for insn #71
libbpf: sec '.relkretprobe/_Z9rope_normILb1ELb0Ef6__halfEvPKT1_PT2_iiiiiPKifff14rope_corr_dimsfPKfPKli': relo #1: insn #85 against 'arena'
libbpf: prog 'cuda__retprobe': found map 0 (arena, sec 4, off 0) for insn #85
libbpf: object 'full_record_dev': failed (-EACCES) to open BPF FS mount at '/sys/fs/bpf', skipping optional step...
libbpf: Kernel doesn't support BTF, skipping uploading it.
libbpf: map 'arena': created successfully, fd=34
Full-record bank count: 32
Full-record slots per bank: 16384
Full-record total slots: 524288
Full-record records per slot: 256
Full-record record bytes: 80
Full-record layout: field-major SoA
Full-record value bytes (per bank): 335675408
Full-record probe attached; waiting for SIGINT
[2026-09-09 04:25:53][warning][535276] Calling original ioctl: 8 3223340586 124961898063472
[2026-09-09 04:26:37][warning][535264] Calling original ioctl: 8 3223340586 140726544095296
Full-record drain bytes: 10741613056
Full-record drain time ns: 1483572499
Full-record committed records: 23068672
Full-record active slots: 524288
Full-record overflow records: 0
Full-record out-of-range threads: 0
Full-record nonzero timestamps: 23068672
[2026-09-09 04:26:38][warning][535264] Calling original ioctl: 9 34 140726544105296
[2026-09-09 04:26:38][warning][535264] Calling original ioctl: 8 3222292009 140726544105456
[2026-09-09 04:26:38][warning][535264] Calling original ioctl: 9 34 140726544106144
[2026-09-09 04:26:38][warning][535264] Calling original ioctl: 8 3222292009 140726544106304
[2026-09-09 04:26:38][warning][535264] Calling original ioctl: 9 34 140726544106144
[2026-09-09 04:26:38][warning][535264] Calling original ioctl: 8 3222292009 140726544106304
[2026-09-09 04:26:38][warning][535264] Calling original ioctl: 8 3222292009 140726544107024
[2026-09-09 04:26:38][warning][535264] Calling original ioctl: 26 3222292175 140726544107040
[2026-09-09 04:26:38][warning][535264] Calling original ioctl: 8 3222292009 140726544107024
[2026-09-09 04:26:38][warning][535264] Calling original ioctl: 28 3222292175 140726544107040
[2026-09-09 04:26:38][warning][535264] Calling original ioctl: 8 3222292009 140726544107024
[2026-09-09 04:26:38][warning][535264] Calling original ioctl: 24 3222292175 140726544107040
[2026-09-09 04:26:38][warning][535264] Calling original ioctl: 8 3222292009 140726544107024
[2026-09-09 04:26:38][warning][535264] Calling original ioctl: 30 3222292175 140726544107040
[2026-09-09 04:26:38][warning][535264] Calling original ioctl: 9 34 140726544106048
[2026-09-09 04:26:38][warning][535264] Calling original ioctl: 8 3222292009 140726544106208
[2026-09-09 04:26:38][warning][535264] Calling original ioctl: 9 34 140726544106048
[2026-09-09 04:26:38][warning][535264] Calling original ioctl: 8 3222292009 140726544106208
[2026-09-09 04:26:38][warning][535264] Calling original ioctl: 9 34 140726544106176
[2026-09-09 04:26:38][warning][535264] Calling original ioctl: 8 3223340623 140726544106384
[2026-09-09 04:26:38][warning][535264] Calling original ioctl: 8 3222292009 140726544106336
[2026-09-09 04:26:38][warning][535264] Calling original ioctl: 8 3222292009 140726544107104
[2026-09-09 04:26:38][warning][535264] Calling original ioctl: 9 34 140726544106160
[2026-09-09 04:26:38][warning][535264] Calling original ioctl: 8 3222292009 140726544106320
[2026-09-09 04:26:38][warning][535264] Calling original ioctl: 9 34 140726544106160
[2026-09-09 04:26:38][warning][535264] Calling original ioctl: 8 3223340623 140726544106368
[2026-09-09 04:26:38][warning][535264] Calling original ioctl: 8 3222292009 140726544106320
[2026-09-09 04:26:38][warning][535264] Calling original ioctl: 8 3223340586 140726544102032
[2026-09-09 04:26:38][warning][535264] Calling original ioctl: 9 34 140726544105984
[2026-09-09 04:26:38][warning][535264] Calling original ioctl: 8 3222292009 140726544106144
[2026-09-09 04:26:38][warning][535264] Calling original ioctl: 8 3223340586 140726544102032
[2026-09-09 04:26:38][warning][535264] Calling original ioctl: 9 34 140726544105984
[2026-09-09 04:26:38][warning][535264] Calling original ioctl: 8 3222292009 140726544106144
[2026-09-09 04:26:38][warning][535264] Calling original ioctl: 8 3223340586 140726544102032
[2026-09-09 04:26:38][warning][535264] Calling original ioctl: 9 34 140726544105984
[2026-09-09 04:26:38][warning][535264] Calling original ioctl: 8 3222292009 140726544106144
[2026-09-09 04:26:38][warning][535264] Calling original ioctl: 8 3223340586 140726544102928
[2026-09-09 04:26:38][warning][535264] Calling original ioctl: 9 34 140726544106208
[2026-09-09 04:26:38][warning][535264] Calling original ioctl: 9 34 140726544106208
[2026-09-09 04:26:38][warning][535264] Calling original ioctl: 8 3222292009 140726544106368
[2026-09-09 04:26:38][warning][535264] Calling original ioctl: 9 34 140726544106208
[2026-09-09 04:26:38][warning][535264] Calling original ioctl: 8 3222292009 140726544106368
[2026-09-09 04:26:38][warning][535264] Calling original ioctl: 9 34 140726544106160
[2026-09-09 04:26:39][warning][535264] Calling original ioctl: 8 3223340623 140726544106368
[2026-09-09 04:26:39][warning][535264] Calling original ioctl: 8 3222292009 140726544106320
[2026-09-09 04:26:39][warning][535264] Calling original ioctl: 9 24 140726544107200
[2026-09-09 04:26:39][warning][535264] Calling original ioctl: 9 24 140726544107200
[2026-09-09 04:26:39][warning][535264] Calling original ioctl: 9 24 140726544107232
[2026-09-09 04:26:39][warning][535264] Calling original ioctl: 9 24 140726544107200
[2026-09-09 04:26:39][warning][535264] Calling original ioctl: 9 24 140726544107200
[2026-09-09 04:26:39][warning][535264] Calling original ioctl: 9 24 140726544107200
[2026-09-09 04:26:39][warning][535264] Calling original ioctl: 9 24 140726544107200
[2026-09-09 04:26:39][warning][535264] Calling original ioctl: 9 34 140726544106096
[2026-09-09 04:26:39][warning][535264] Calling original ioctl: 8 3222292009 140726544106256
[2026-09-09 04:26:39][warning][535264] Calling original ioctl: 9 34 140726544106096
[2026-09-09 04:26:39][warning][535264] Calling original ioctl: 8 3222292009 140726544106256
[2026-09-09 04:26:39][warning][535264] Calling original ioctl: 9 34 140726544106208
[2026-09-09 04:26:39][warning][535264] Calling original ioctl: 8 3222292009 140726544106368
[2026-09-09 04:26:39][warning][535264] Calling original ioctl: 8 3222292009 140726544106944
[2026-09-09 04:26:39][warning][535264] Calling original ioctl: 17 3222292175 140726544106960
[2026-09-09 04:26:39][warning][535264] Calling original ioctl: 9 28 140726544107072
[2026-09-09 04:26:39][warning][535264] Calling original ioctl: 9 28 140726544107072
[2026-09-09 04:26:39][warning][535264] Calling original ioctl: 9 28 140726544107072
[2026-09-09 04:26:39][warning][535264] Calling original ioctl: 9 28 140726544107072
[2026-09-09 04:26:39][warning][535264] Calling original ioctl: 9 28 140726544107072
[2026-09-09 04:26:39][warning][535264] Calling original ioctl: 9 28 140726544107072
[2026-09-09 04:26:39][warning][535264] Calling original ioctl: 9 28 140726544107072
[2026-09-09 04:26:39][warning][535264] Calling original ioctl: 9 28 140726544107072
[2026-09-09 04:26:39][warning][535264] Calling original ioctl: 8 3222292009 140726544106832
[2026-09-09 04:26:39][warning][535264] Calling original ioctl: 8 3222292009 140726544106832
[2026-09-09 04:26:39][warning][535264] Calling original ioctl: 8 3222292009 140726544106880
[2026-09-09 04:26:39][warning][535264] Calling original ioctl: 8 3223340623 140726544106144
[2026-09-09 04:26:39][warning][535264] Calling original ioctl: 8 3222292009 140726544106096
[2026-09-09 04:26:39][warning][535264] Calling original ioctl: 8 3222292009 140726544106832
[2026-09-09 04:26:39][warning][535264] Calling original ioctl: 8 3222292009 140726544106880
[2026-09-09 04:26:39][warning][535264] Calling original ioctl: 8 3223340623 140726544106144
[2026-09-09 04:26:39][warning][535264] Calling original ioctl: 8 3222292009 140726544106096
[2026-09-09 04:26:39][warning][535264] Calling original ioctl: 8 3222292009 140726544106832
[2026-09-09 04:26:39][warning][535264] Calling original ioctl: 8 3222292009 140726544106832
[2026-09-09 04:26:39][warning][535264] Calling original ioctl: 8 3222292009 140726544106880
[2026-09-09 04:26:39][warning][535264] Calling original ioctl: 8 3223340623 140726544106144
[2026-09-09 04:26:39][warning][535264] Calling original ioctl: 8 3222292009 140726544106096
[2026-09-09 04:26:39][warning][535264] Calling original ioctl: 8 3222292009 140726544106832
[2026-09-09 04:26:39][warning][535264] Calling original ioctl: 8 3222292009 140726544106880
[2026-09-09 04:26:39][warning][535264] Calling original ioctl: 8 3223340623 140726544106144
[2026-09-09 04:26:39][warning][535264] Calling original ioctl: 8 3222292009 140726544106096
[2026-09-09 04:26:39][warning][535264] Calling original ioctl: 8 3222292009 140726544106832
[2026-09-09 04:26:39][warning][535264] Calling original ioctl: 8 3222292009 140726544106832
[2026-09-09 04:26:39][warning][535264] Calling original ioctl: 8 3222292009 140726544106880
[2026-09-09 04:26:39][warning][535264] Calling original ioctl: 8 3223340623 140726544106144
[2026-09-09 04:26:39][warning][535264] Calling original ioctl: 8 3222292009 140726544106096
[2026-09-09 04:26:39][warning][535264] Calling original ioctl: 8 3222292009 140726544106832
[2026-09-09 04:26:39][warning][535264] Calling original ioctl: 8 3222292009 140726544106880
[2026-09-09 04:26:39][warning][535264] Calling original ioctl: 8 3223340623 140726544106144
[2026-09-09 04:26:39][warning][535264] Calling original ioctl: 8 3222292009 140726544106096
[2026-09-09 04:26:39][warning][535264] Calling original ioctl: 8 3222292009 140726544106832
[2026-09-09 04:26:39][warning][535264] Calling original ioctl: 8 3222292009 140726544106832
[2026-09-09 04:26:39][warning][535264] Calling original ioctl: 8 3222292009 140726544106880
[2026-09-09 04:26:39][warning][535264] Calling original ioctl: 8 3223340623 140726544106144
[2026-09-09 04:26:39][warning][535264] Calling original ioctl: 8 3222292009 140726544106096
[2026-09-09 04:26:39][warning][535264] Calling original ioctl: 8 3222292009 140726544106832
[2026-09-09 04:26:39][warning][535264] Calling original ioctl: 8 3222292009 140726544106880
[2026-09-09 04:26:39][warning][535264] Calling original ioctl: 8 3223340623 140726544106144
[2026-09-09 04:26:39][warning][535264] Calling original ioctl: 8 3222292009 140726544106096
[2026-09-09 04:26:39][warning][535264] Calling original ioctl: 8 3222292009 140726544107008
[2026-09-09 04:26:39][warning][535264] Calling original ioctl: 8 3222292009 140726544106976
[2026-09-09 04:26:39][warning][535264] Calling original ioctl: 8 3222292009 140726544106944
[2026-09-09 04:26:39][warning][535264] Calling original ioctl: 19 3222292175 140726544106960
[2026-09-09 04:26:39][warning][535264] Calling original ioctl: 9 28 140726544107072
[2026-09-09 04:26:39][warning][535264] Calling original ioctl: 9 28 140726544107072
[2026-09-09 04:26:39][warning][535264] Calling original ioctl: 9 28 140726544107072
[2026-09-09 04:26:39][warning][535264] Calling original ioctl: 9 28 140726544107072
[2026-09-09 04:26:39][warning][535264] Calling original ioctl: 8 3222292009 140726544106832
[2026-09-09 04:26:39][warning][535264] Calling original ioctl: 8 3222292009 140726544106880
[2026-09-09 04:26:39][warning][535264] Calling original ioctl: 8 3223340623 140726544106144
[2026-09-09 04:26:39][warning][535264] Calling original ioctl: 8 3222292009 140726544106096
[2026-09-09 04:26:39][warning][535264] Calling original ioctl: 8 3222292009 140726544106832
[2026-09-09 04:26:39][warning][535264] Calling original ioctl: 8 3222292009 140726544106880
[2026-09-09 04:26:39][warning][535264] Calling original ioctl: 8 3223340623 140726544106144
[2026-09-09 04:26:39][warning][535264] Calling original ioctl: 8 3222292009 140726544106096
[2026-09-09 04:26:39][warning][535264] Calling original ioctl: 8 3222292009 140726544106832
[2026-09-09 04:26:39][warning][535264] Calling original ioctl: 8 3222292009 140726544106880
[2026-09-09 04:26:39][warning][535264] Calling original ioctl: 8 3223340623 140726544106144
[2026-09-09 04:26:39][warning][535264] Calling original ioctl: 8 3222292009 140726544106096
[2026-09-09 04:26:39][warning][535264] Calling original ioctl: 8 3222292009 140726544106832
[2026-09-09 04:26:39][warning][535264] Calling original ioctl: 8 3222292009 140726544106880
[2026-09-09 04:26:39][warning][535264] Calling original ioctl: 8 3223340623 140726544106144
[2026-09-09 04:26:39][warning][535264] Calling original ioctl: 8 3222292009 140726544106096
[2026-09-09 04:26:39][warning][535264] Calling original ioctl: 8 3222292009 140726544106976
[2026-09-09 04:26:39][warning][535264] Calling original ioctl: 8 3222292009 140726544106944
[2026-09-09 04:26:39][warning][535264] Calling original ioctl: 21 3222292175 140726544106960
[2026-09-09 04:26:39][warning][535264] Calling original ioctl: 9 28 140726544107072
[2026-09-09 04:26:39][warning][535264] Calling original ioctl: 9 28 140726544107072
[2026-09-09 04:26:39][warning][535264] Calling original ioctl: 9 28 140726544107072
[2026-09-09 04:26:39][warning][535264] Calling original ioctl: 9 28 140726544107072
[2026-09-09 04:26:39][warning][535264] Calling original ioctl: 8 3222292009 140726544106832
[2026-09-09 04:26:39][warning][535264] Calling original ioctl: 8 3222292009 140726544106880
[2026-09-09 04:26:39][warning][535264] Calling original ioctl: 8 3223340623 140726544106144
[2026-09-09 04:26:39][warning][535264] Calling original ioctl: 8 3222292009 140726544106096
[2026-09-09 04:26:39][warning][535264] Calling original ioctl: 8 3222292009 140726544106832
[2026-09-09 04:26:39][warning][535264] Calling original ioctl: 8 3222292009 140726544106880
[2026-09-09 04:26:39][warning][535264] Calling original ioctl: 8 3223340623 140726544106144
[2026-09-09 04:26:39][warning][535264] Calling original ioctl: 8 3222292009 140726544106096
[2026-09-09 04:26:39][warning][535264] Calling original ioctl: 8 3222292009 140726544106832
[2026-09-09 04:26:39][warning][535264] Calling original ioctl: 8 3222292009 140726544106880
[2026-09-09 04:26:39][warning][535264] Calling original ioctl: 8 3223340623 140726544106144
[2026-09-09 04:26:39][warning][535264] Calling original ioctl: 8 3222292009 140726544106096
[2026-09-09 04:26:39][warning][535264] Calling original ioctl: 8 3222292009 140726544106832
[2026-09-09 04:26:39][warning][535264] Calling original ioctl: 8 3222292009 140726544106880
[2026-09-09 04:26:39][warning][535264] Calling original ioctl: 8 3223340623 140726544106144
[2026-09-09 04:26:39][warning][535264] Calling original ioctl: 8 3222292009 140726544106096
[2026-09-09 04:26:39][warning][535264] Calling original ioctl: 9 34 140726544105904
[2026-09-09 04:26:39][warning][535264] Calling original ioctl: 8 3223340623 140726544106112
[2026-09-09 04:26:39][warning][535264] Calling original ioctl: 8 3222292009 140726544106064
[2026-09-09 04:26:39][warning][535264] Calling original ioctl: 9 34 140726544105904
[2026-09-09 04:26:39][warning][535264] Calling original ioctl: 8 3223340623 140726544106112
[2026-09-09 04:26:39][warning][535264] Calling original ioctl: 8 3222292009 140726544106064
[2026-09-09 04:26:39][warning][535264] Calling original ioctl: 8 3222292009 140726544106976
[2026-09-09 04:26:39][warning][535264] Calling original ioctl: 9 34 140726544106208
[2026-09-09 04:26:39][warning][535264] Calling original ioctl: 8 3222292009 140726544106368
[2026-09-09 04:26:39][warning][535264] Calling original ioctl: 9 34 140726544106112
[2026-09-09 04:26:39][warning][535264] Calling original ioctl: 8 3222292009 140726544106272
[2026-09-09 04:26:39][warning][535264] Calling original ioctl: 9 34 140726544106208
[2026-09-09 04:26:39][warning][535264] Calling original ioctl: 8 3222292009 140726544106368
[2026-09-09 04:26:39][warning][535264] Calling original ioctl: 9 34 140726544106160
[2026-09-09 04:26:39][warning][535264] Calling original ioctl: 8 3222292009 140726544106320
[2026-09-09 04:26:39][warning][535264] Calling original ioctl: 9 34 140726544106144
[2026-09-09 04:26:39][warning][535264] Calling original ioctl: 8 3223340623 140726544106352
[2026-09-09 04:26:39][warning][535264] Calling original ioctl: 8 3222292009 140726544106304
[2026-09-09 04:26:39][warning][535264] Calling original ioctl: 9 34 140726544106144
[2026-09-09 04:26:39][warning][535264] Calling original ioctl: 8 3223340623 140726544106352
[2026-09-09 04:26:39][warning][535264] Calling original ioctl: 8 3222292009 140726544106304
[2026-09-09 04:26:39][warning][535264] Calling original ioctl: 9 34 140726544106160
[2026-09-09 04:26:39][warning][535264] Calling original ioctl: 8 3222292009 140726544106320
[2026-09-09 04:26:39][warning][535264] Calling original ioctl: 9 34 140726544106160
[2026-09-09 04:26:39][warning][535264] Calling original ioctl: 8 3222292009 140726544106320
[2026-09-09 04:26:39][warning][535264] Calling original ioctl: 9 34 140726544106320
[2026-09-09 04:26:39][warning][535264] Calling original ioctl: 8 3223340586 140726544102912
