W0903 06:42:31.750000 434650 torch/utils/cpp_extension.py:178] No CUDA runtime is found, using CUDA_HOME='/usr/local/cuda-12.9'
Do not detect pre-installed ops, use JIT mode
find_packages: ['op_builder', 'finemoe', 'finemoe.models', 'finemoe.utils', 'finemoe.common', 'finemoe.ops', 'finemoe.entrypoints', 'finemoe.distributed', 'finemoe.memory', 'finemoe.runtime', 'finemoe.models.modeling_qwen', 'finemoe.ops.op_builder', 'finemoe.ops.prefetch']
/home/yunwei37/workspace/gpu/gpu_ext/workloads/finemoe/.venv/lib/python3.12/site-packages/setuptools/dist.py:759: SetuptoolsDeprecationWarning: License classifiers are deprecated.
!!

        ********************************************************************************
        Please consider removing the following classifiers in favor of a SPDX license expression:

        License :: OSI Approved :: Apache Software License

        See https://packaging.python.org/en/latest/guides/writing-pyproject-toml/#license for details.
        ********************************************************************************

!!
  self._finalize_license_expression()
running build_ext
building 'finemoe.ops.prefetch.prefetch_op' extension
creating /home/yunwei37/workspace/gpu/gpu_ext/workloads/expert-buffering-policy/section-vi/build/stage-check-02/build/temp.linux-x86_64-cpython-312/core/aio
creating /home/yunwei37/workspace/gpu/gpu_ext/workloads/expert-buffering-policy/section-vi/build/stage-check-02/build/temp.linux-x86_64-cpython-312/core/eb_section_vi
creating /home/yunwei37/workspace/gpu/gpu_ext/workloads/expert-buffering-policy/section-vi/build/stage-check-02/build/temp.linux-x86_64-cpython-312/core/memory
creating /home/yunwei37/workspace/gpu/gpu_ext/workloads/expert-buffering-policy/section-vi/build/stage-check-02/build/temp.linux-x86_64-cpython-312/core/model
creating /home/yunwei37/workspace/gpu/gpu_ext/workloads/expert-buffering-policy/section-vi/build/stage-check-02/build/temp.linux-x86_64-cpython-312/core/parallel
creating /home/yunwei37/workspace/gpu/gpu_ext/workloads/expert-buffering-policy/section-vi/build/stage-check-02/build/temp.linux-x86_64-cpython-312/core/prefetch
creating /home/yunwei37/workspace/gpu/gpu_ext/workloads/expert-buffering-policy/section-vi/build/stage-check-02/build/temp.linux-x86_64-cpython-312/core/python
creating /home/yunwei37/workspace/gpu/gpu_ext/workloads/expert-buffering-policy/section-vi/build/stage-check-02/build/temp.linux-x86_64-cpython-312/core/utils
[1/19] /usr/bin/g++-13 -MMD -MF /home/yunwei37/workspace/gpu/gpu_ext/workloads/expert-buffering-policy/section-vi/build/stage-check-02/build/temp.linux-x86_64-cpython-312/core/aio/archer_aio_thread.o.d -fno-strict-overflow -Wsign-compare -DNDEBUG -g -O2 -Wall -fPIC -I/home/yunwei37/workspace/gpu/gpu_ext/workloads/expert-buffering-policy/section-vi/build/stage-check-02/core -I/home/yunwei37/workspace/gpu/gpu_ext/workloads/moe-infinity/.venv/lib/python3.12/site-packages/torch/include -I/home/yunwei37/workspace/gpu/gpu_ext/workloads/moe-infinity/.venv/lib/python3.12/site-packages/torch/include/torch/csrc/api/include -I/home/yunwei37/workspace/gpu/gpu_ext/workloads/finemoe/.venv/include -I/usr/include/python3.12 -c -c /home/yunwei37/workspace/gpu/gpu_ext/workloads/expert-buffering-policy/section-vi/build/stage-check-02/core/aio/archer_aio_thread.cpp -o /home/yunwei37/workspace/gpu/gpu_ext/workloads/expert-buffering-policy/section-vi/build/stage-check-02/build/temp.linux-x86_64-cpython-312/core/aio/archer_aio_thread.o -g -Wall -O2 -std=c++17 -shared -fPIC -Wno-reorder -march=native -fopenmp -D__AVX256__ -I/usr/local/cuda/include -L/usr/local/cuda/lib64 -lcuda -lcudart -lcublas -lpthread -DTORCH_API_INCLUDE_EXTENSION_H -DTORCH_EXTENSION_NAME=prefetch_op
[2/19] /usr/bin/g++-13 -MMD -MF /home/yunwei37/workspace/gpu/gpu_ext/workloads/expert-buffering-policy/section-vi/build/stage-check-02/build/temp.linux-x86_64-cpython-312/core/aio/archer_aio_threadpool.o.d -fno-strict-overflow -Wsign-compare -DNDEBUG -g -O2 -Wall -fPIC -I/home/yunwei37/workspace/gpu/gpu_ext/workloads/expert-buffering-policy/section-vi/build/stage-check-02/core -I/home/yunwei37/workspace/gpu/gpu_ext/workloads/moe-infinity/.venv/lib/python3.12/site-packages/torch/include -I/home/yunwei37/workspace/gpu/gpu_ext/workloads/moe-infinity/.venv/lib/python3.12/site-packages/torch/include/torch/csrc/api/include -I/home/yunwei37/workspace/gpu/gpu_ext/workloads/finemoe/.venv/include -I/usr/include/python3.12 -c -c /home/yunwei37/workspace/gpu/gpu_ext/workloads/expert-buffering-policy/section-vi/build/stage-check-02/core/aio/archer_aio_threadpool.cpp -o /home/yunwei37/workspace/gpu/gpu_ext/workloads/expert-buffering-policy/section-vi/build/stage-check-02/build/temp.linux-x86_64-cpython-312/core/aio/archer_aio_threadpool.o -g -Wall -O2 -std=c++17 -shared -fPIC -Wno-reorder -march=native -fopenmp -D__AVX256__ -I/usr/local/cuda/include -L/usr/local/cuda/lib64 -lcuda -lcudart -lcublas -lpthread -DTORCH_API_INCLUDE_EXTENSION_H -DTORCH_EXTENSION_NAME=prefetch_op
[3/19] /usr/bin/g++-13 -MMD -MF /home/yunwei37/workspace/gpu/gpu_ext/workloads/expert-buffering-policy/section-vi/build/stage-check-02/build/temp.linux-x86_64-cpython-312/core/aio/archer_aio_utils.o.d -fno-strict-overflow -Wsign-compare -DNDEBUG -g -O2 -Wall -fPIC -I/home/yunwei37/workspace/gpu/gpu_ext/workloads/expert-buffering-policy/section-vi/build/stage-check-02/core -I/home/yunwei37/workspace/gpu/gpu_ext/workloads/moe-infinity/.venv/lib/python3.12/site-packages/torch/include -I/home/yunwei37/workspace/gpu/gpu_ext/workloads/moe-infinity/.venv/lib/python3.12/site-packages/torch/include/torch/csrc/api/include -I/home/yunwei37/workspace/gpu/gpu_ext/workloads/finemoe/.venv/include -I/usr/include/python3.12 -c -c /home/yunwei37/workspace/gpu/gpu_ext/workloads/expert-buffering-policy/section-vi/build/stage-check-02/core/aio/archer_aio_utils.cpp -o /home/yunwei37/workspace/gpu/gpu_ext/workloads/expert-buffering-policy/section-vi/build/stage-check-02/build/temp.linux-x86_64-cpython-312/core/aio/archer_aio_utils.o -g -Wall -O2 -std=c++17 -shared -fPIC -Wno-reorder -march=native -fopenmp -D__AVX256__ -I/usr/local/cuda/include -L/usr/local/cuda/lib64 -lcuda -lcudart -lcublas -lpthread -DTORCH_API_INCLUDE_EXTENSION_H -DTORCH_EXTENSION_NAME=prefetch_op
[4/19] /usr/bin/g++-13 -MMD -MF /home/yunwei37/workspace/gpu/gpu_ext/workloads/expert-buffering-policy/section-vi/build/stage-check-02/build/temp.linux-x86_64-cpython-312/core/aio/archer_prio_aio_handle.o.d -fno-strict-overflow -Wsign-compare -DNDEBUG -g -O2 -Wall -fPIC -I/home/yunwei37/workspace/gpu/gpu_ext/workloads/expert-buffering-policy/section-vi/build/stage-check-02/core -I/home/yunwei37/workspace/gpu/gpu_ext/workloads/moe-infinity/.venv/lib/python3.12/site-packages/torch/include -I/home/yunwei37/workspace/gpu/gpu_ext/workloads/moe-infinity/.venv/lib/python3.12/site-packages/torch/include/torch/csrc/api/include -I/home/yunwei37/workspace/gpu/gpu_ext/workloads/finemoe/.venv/include -I/usr/include/python3.12 -c -c /home/yunwei37/workspace/gpu/gpu_ext/workloads/expert-buffering-policy/section-vi/build/stage-check-02/core/aio/archer_prio_aio_handle.cpp -o /home/yunwei37/workspace/gpu/gpu_ext/workloads/expert-buffering-policy/section-vi/build/stage-check-02/build/temp.linux-x86_64-cpython-312/core/aio/archer_prio_aio_handle.o -g -Wall -O2 -std=c++17 -shared -fPIC -Wno-reorder -march=native -fopenmp -D__AVX256__ -I/usr/local/cuda/include -L/usr/local/cuda/lib64 -lcuda -lcudart -lcublas -lpthread -DTORCH_API_INCLUDE_EXTENSION_H -DTORCH_EXTENSION_NAME=prefetch_op
[5/19] /usr/bin/g++-13 -MMD -MF /home/yunwei37/workspace/gpu/gpu_ext/workloads/expert-buffering-policy/section-vi/build/stage-check-02/build/temp.linux-x86_64-cpython-312/core/aio/archer_tensor_handle.o.d -fno-strict-overflow -Wsign-compare -DNDEBUG -g -O2 -Wall -fPIC -I/home/yunwei37/workspace/gpu/gpu_ext/workloads/expert-buffering-policy/section-vi/build/stage-check-02/core -I/home/yunwei37/workspace/gpu/gpu_ext/workloads/moe-infinity/.venv/lib/python3.12/site-packages/torch/include -I/home/yunwei37/workspace/gpu/gpu_ext/workloads/moe-infinity/.venv/lib/python3.12/site-packages/torch/include/torch/csrc/api/include -I/home/yunwei37/workspace/gpu/gpu_ext/workloads/finemoe/.venv/include -I/usr/include/python3.12 -c -c /home/yunwei37/workspace/gpu/gpu_ext/workloads/expert-buffering-policy/section-vi/build/stage-check-02/core/aio/archer_tensor_handle.cpp -o /home/yunwei37/workspace/gpu/gpu_ext/workloads/expert-buffering-policy/section-vi/build/stage-check-02/build/temp.linux-x86_64-cpython-312/core/aio/archer_tensor_handle.o -g -Wall -O2 -std=c++17 -shared -fPIC -Wno-reorder -march=native -fopenmp -D__AVX256__ -I/usr/local/cuda/include -L/usr/local/cuda/lib64 -lcuda -lcudart -lcublas -lpthread -DTORCH_API_INCLUDE_EXTENSION_H -DTORCH_EXTENSION_NAME=prefetch_op
In file included from /home/yunwei37/workspace/gpu/gpu_ext/workloads/moe-infinity/.venv/lib/python3.12/site-packages/torch/include/c10/core/InferenceMode.h:4,
                 from /home/yunwei37/workspace/gpu/gpu_ext/workloads/moe-infinity/.venv/lib/python3.12/site-packages/torch/include/c10/core/TensorImpl.h:9,
                 from /home/yunwei37/workspace/gpu/gpu_ext/workloads/moe-infinity/.venv/lib/python3.12/site-packages/torch/include/ATen/core/TensorBody.h:21,
                 from /home/yunwei37/workspace/gpu/gpu_ext/workloads/moe-infinity/.venv/lib/python3.12/site-packages/torch/include/ATen/core/Tensor.h:4,
                 from /home/yunwei37/workspace/gpu/gpu_ext/workloads/moe-infinity/.venv/lib/python3.12/site-packages/torch/include/ATen/Tensor.h:4,
                 from /home/yunwei37/workspace/gpu/gpu_ext/workloads/moe-infinity/.venv/lib/python3.12/site-packages/torch/include/torch/csrc/autograd/function_hook.h:4,
                 from /home/yunwei37/workspace/gpu/gpu_ext/workloads/moe-infinity/.venv/lib/python3.12/site-packages/torch/include/torch/csrc/autograd/cpp_hook.h:3,
                 from /home/yunwei37/workspace/gpu/gpu_ext/workloads/moe-infinity/.venv/lib/python3.12/site-packages/torch/include/torch/csrc/autograd/variable.h:7,
                 from /home/yunwei37/workspace/gpu/gpu_ext/workloads/moe-infinity/.venv/lib/python3.12/site-packages/torch/include/torch/csrc/autograd/autograd.h:4,
                 from /home/yunwei37/workspace/gpu/gpu_ext/workloads/moe-infinity/.venv/lib/python3.12/site-packages/torch/include/torch/csrc/api/include/torch/autograd.h:4,
                 from /home/yunwei37/workspace/gpu/gpu_ext/workloads/moe-infinity/.venv/lib/python3.12/site-packages/torch/include/torch/csrc/api/include/torch/all.h:8,
                 from /home/yunwei37/workspace/gpu/gpu_ext/workloads/moe-infinity/.venv/lib/python3.12/site-packages/torch/include/torch/extension.h:6,
                 from /home/yunwei37/workspace/gpu/gpu_ext/workloads/expert-buffering-policy/section-vi/build/stage-check-02/core/aio/archer_tensor_handle.h:8,
                 from /home/yunwei37/workspace/gpu/gpu_ext/workloads/expert-buffering-policy/section-vi/build/stage-check-02/core/aio/archer_tensor_handle.cpp:6:
/home/yunwei37/workspace/gpu/gpu_ext/workloads/moe-infinity/.venv/lib/python3.12/site-packages/torch/include/c10/core/AutogradState.h:89:33: warning: default member initializers for bit-fields only available with ‘-std=c++20’ or ‘-std=gnu++20’ [-Wc++20-extensions]
   89 |   bool view_replay_enabled_ : 1 = false;
      |                                 ^
/home/yunwei37/workspace/gpu/gpu_ext/workloads/moe-infinity/.venv/lib/python3.12/site-packages/torch/include/c10/core/AutogradState.h:90:45: warning: default member initializers for bit-fields only available with ‘-std=c++20’ or ‘-std=gnu++20’ [-Wc++20-extensions]
   90 |   bool grad_layout_enforcement_enabled_ : 1 = true;
      |                                             ^
[6/19] /usr/bin/g++-13 -MMD -MF /home/yunwei37/workspace/gpu/gpu_ext/workloads/expert-buffering-policy/section-vi/build/stage-check-02/build/temp.linux-x86_64-cpython-312/core/aio/archer_tensor_index.o.d -fno-strict-overflow -Wsign-compare -DNDEBUG -g -O2 -Wall -fPIC -I/home/yunwei37/workspace/gpu/gpu_ext/workloads/expert-buffering-policy/section-vi/build/stage-check-02/core -I/home/yunwei37/workspace/gpu/gpu_ext/workloads/moe-infinity/.venv/lib/python3.12/site-packages/torch/include -I/home/yunwei37/workspace/gpu/gpu_ext/workloads/moe-infinity/.venv/lib/python3.12/site-packages/torch/include/torch/csrc/api/include -I/home/yunwei37/workspace/gpu/gpu_ext/workloads/finemoe/.venv/include -I/usr/include/python3.12 -c -c /home/yunwei37/workspace/gpu/gpu_ext/workloads/expert-buffering-policy/section-vi/build/stage-check-02/core/aio/archer_tensor_index.cpp -o /home/yunwei37/workspace/gpu/gpu_ext/workloads/expert-buffering-policy/section-vi/build/stage-check-02/build/temp.linux-x86_64-cpython-312/core/aio/archer_tensor_index.o -g -Wall -O2 -std=c++17 -shared -fPIC -Wno-reorder -march=native -fopenmp -D__AVX256__ -I/usr/local/cuda/include -L/usr/local/cuda/lib64 -lcuda -lcudart -lcublas -lpthread -DTORCH_API_INCLUDE_EXTENSION_H -DTORCH_EXTENSION_NAME=prefetch_op
In file included from /home/yunwei37/workspace/gpu/gpu_ext/workloads/moe-infinity/.venv/lib/python3.12/site-packages/torch/include/c10/core/InferenceMode.h:4,
                 from /home/yunwei37/workspace/gpu/gpu_ext/workloads/moe-infinity/.venv/lib/python3.12/site-packages/torch/include/c10/core/TensorImpl.h:9,
                 from /home/yunwei37/workspace/gpu/gpu_ext/workloads/moe-infinity/.venv/lib/python3.12/site-packages/torch/include/ATen/core/TensorBody.h:21,
                 from /home/yunwei37/workspace/gpu/gpu_ext/workloads/moe-infinity/.venv/lib/python3.12/site-packages/torch/include/ATen/core/Tensor.h:4,
                 from /home/yunwei37/workspace/gpu/gpu_ext/workloads/moe-infinity/.venv/lib/python3.12/site-packages/torch/include/ATen/Tensor.h:4,
                 from /home/yunwei37/workspace/gpu/gpu_ext/workloads/moe-infinity/.venv/lib/python3.12/site-packages/torch/include/torch/csrc/autograd/function_hook.h:4,
                 from /home/yunwei37/workspace/gpu/gpu_ext/workloads/moe-infinity/.venv/lib/python3.12/site-packages/torch/include/torch/csrc/autograd/cpp_hook.h:3,
                 from /home/yunwei37/workspace/gpu/gpu_ext/workloads/moe-infinity/.venv/lib/python3.12/site-packages/torch/include/torch/csrc/autograd/variable.h:7,
                 from /home/yunwei37/workspace/gpu/gpu_ext/workloads/moe-infinity/.venv/lib/python3.12/site-packages/torch/include/torch/csrc/autograd/autograd.h:4,
                 from /home/yunwei37/workspace/gpu/gpu_ext/workloads/moe-infinity/.venv/lib/python3.12/site-packages/torch/include/torch/csrc/api/include/torch/autograd.h:4,
                 from /home/yunwei37/workspace/gpu/gpu_ext/workloads/moe-infinity/.venv/lib/python3.12/site-packages/torch/include/torch/csrc/api/include/torch/all.h:8,
                 from /home/yunwei37/workspace/gpu/gpu_ext/workloads/moe-infinity/.venv/lib/python3.12/site-packages/torch/include/torch/extension.h:6,
                 from /home/yunwei37/workspace/gpu/gpu_ext/workloads/expert-buffering-policy/section-vi/build/stage-check-02/core/aio/archer_tensor_index.h:8,
                 from /home/yunwei37/workspace/gpu/gpu_ext/workloads/expert-buffering-policy/section-vi/build/stage-check-02/core/aio/archer_tensor_index.cpp:6:
/home/yunwei37/workspace/gpu/gpu_ext/workloads/moe-infinity/.venv/lib/python3.12/site-packages/torch/include/c10/core/AutogradState.h:89:33: warning: default member initializers for bit-fields only available with ‘-std=c++20’ or ‘-std=gnu++20’ [-Wc++20-extensions]
   89 |   bool view_replay_enabled_ : 1 = false;
      |                                 ^
/home/yunwei37/workspace/gpu/gpu_ext/workloads/moe-infinity/.venv/lib/python3.12/site-packages/torch/include/c10/core/AutogradState.h:90:45: warning: default member initializers for bit-fields only available with ‘-std=c++20’ or ‘-std=gnu++20’ [-Wc++20-extensions]
   90 |   bool grad_layout_enforcement_enabled_ : 1 = true;
      |                                             ^
[7/19] /usr/bin/g++-13 -MMD -MF /home/yunwei37/workspace/gpu/gpu_ext/workloads/expert-buffering-policy/section-vi/build/stage-check-02/build/temp.linux-x86_64-cpython-312/core/eb_section_vi/adapter_state.o.d -fno-strict-overflow -Wsign-compare -DNDEBUG -g -O2 -Wall -fPIC -I/home/yunwei37/workspace/gpu/gpu_ext/workloads/expert-buffering-policy/section-vi/build/stage-check-02/core -I/home/yunwei37/workspace/gpu/gpu_ext/workloads/moe-infinity/.venv/lib/python3.12/site-packages/torch/include -I/home/yunwei37/workspace/gpu/gpu_ext/workloads/moe-infinity/.venv/lib/python3.12/site-packages/torch/include/torch/csrc/api/include -I/home/yunwei37/workspace/gpu/gpu_ext/workloads/finemoe/.venv/include -I/usr/include/python3.12 -c -c /home/yunwei37/workspace/gpu/gpu_ext/workloads/expert-buffering-policy/section-vi/build/stage-check-02/core/eb_section_vi/adapter_state.cpp -o /home/yunwei37/workspace/gpu/gpu_ext/workloads/expert-buffering-policy/section-vi/build/stage-check-02/build/temp.linux-x86_64-cpython-312/core/eb_section_vi/adapter_state.o -g -Wall -O2 -std=c++17 -shared -fPIC -Wno-reorder -march=native -fopenmp -D__AVX256__ -I/usr/local/cuda/include -L/usr/local/cuda/lib64 -lcuda -lcudart -lcublas -lpthread -DTORCH_API_INCLUDE_EXTENSION_H -DTORCH_EXTENSION_NAME=prefetch_op
[8/19] /usr/bin/g++-13 -MMD -MF /home/yunwei37/workspace/gpu/gpu_ext/workloads/expert-buffering-policy/section-vi/build/stage-check-02/build/temp.linux-x86_64-cpython-312/core/memory/host_caching_allocator.o.d -fno-strict-overflow -Wsign-compare -DNDEBUG -g -O2 -Wall -fPIC -I/home/yunwei37/workspace/gpu/gpu_ext/workloads/expert-buffering-policy/section-vi/build/stage-check-02/core -I/home/yunwei37/workspace/gpu/gpu_ext/workloads/moe-infinity/.venv/lib/python3.12/site-packages/torch/include -I/home/yunwei37/workspace/gpu/gpu_ext/workloads/moe-infinity/.venv/lib/python3.12/site-packages/torch/include/torch/csrc/api/include -I/home/yunwei37/workspace/gpu/gpu_ext/workloads/finemoe/.venv/include -I/usr/include/python3.12 -c -c /home/yunwei37/workspace/gpu/gpu_ext/workloads/expert-buffering-policy/section-vi/build/stage-check-02/core/memory/host_caching_allocator.cpp -o /home/yunwei37/workspace/gpu/gpu_ext/workloads/expert-buffering-policy/section-vi/build/stage-check-02/build/temp.linux-x86_64-cpython-312/core/memory/host_caching_allocator.o -g -Wall -O2 -std=c++17 -shared -fPIC -Wno-reorder -march=native -fopenmp -D__AVX256__ -I/usr/local/cuda/include -L/usr/local/cuda/lib64 -lcuda -lcudart -lcublas -lpthread -DTORCH_API_INCLUDE_EXTENSION_H -DTORCH_EXTENSION_NAME=prefetch_op
[9/19] /usr/bin/g++-13 -MMD -MF /home/yunwei37/workspace/gpu/gpu_ext/workloads/expert-buffering-policy/section-vi/build/stage-check-02/build/temp.linux-x86_64-cpython-312/core/memory/memory_pool.o.d -fno-strict-overflow -Wsign-compare -DNDEBUG -g -O2 -Wall -fPIC -I/home/yunwei37/workspace/gpu/gpu_ext/workloads/expert-buffering-policy/section-vi/build/stage-check-02/core -I/home/yunwei37/workspace/gpu/gpu_ext/workloads/moe-infinity/.venv/lib/python3.12/site-packages/torch/include -I/home/yunwei37/workspace/gpu/gpu_ext/workloads/moe-infinity/.venv/lib/python3.12/site-packages/torch/include/torch/csrc/api/include -I/home/yunwei37/workspace/gpu/gpu_ext/workloads/finemoe/.venv/include -I/usr/include/python3.12 -c -c /home/yunwei37/workspace/gpu/gpu_ext/workloads/expert-buffering-policy/section-vi/build/stage-check-02/core/memory/memory_pool.cpp -o /home/yunwei37/workspace/gpu/gpu_ext/workloads/expert-buffering-policy/section-vi/build/stage-check-02/build/temp.linux-x86_64-cpython-312/core/memory/memory_pool.o -g -Wall -O2 -std=c++17 -shared -fPIC -Wno-reorder -march=native -fopenmp -D__AVX256__ -I/usr/local/cuda/include -L/usr/local/cuda/lib64 -lcuda -lcudart -lcublas -lpthread -DTORCH_API_INCLUDE_EXTENSION_H -DTORCH_EXTENSION_NAME=prefetch_op
In file included from /home/yunwei37/workspace/gpu/gpu_ext/workloads/moe-infinity/.venv/lib/python3.12/site-packages/torch/include/c10/core/InferenceMode.h:4,
                 from /home/yunwei37/workspace/gpu/gpu_ext/workloads/moe-infinity/.venv/lib/python3.12/site-packages/torch/include/c10/core/TensorImpl.h:9,
                 from /home/yunwei37/workspace/gpu/gpu_ext/workloads/moe-infinity/.venv/lib/python3.12/site-packages/torch/include/ATen/core/TensorBody.h:21,
                 from /home/yunwei37/workspace/gpu/gpu_ext/workloads/moe-infinity/.venv/lib/python3.12/site-packages/torch/include/ATen/core/Tensor.h:4,
                 from /home/yunwei37/workspace/gpu/gpu_ext/workloads/moe-infinity/.venv/lib/python3.12/site-packages/torch/include/ATen/Tensor.h:4,
                 from /home/yunwei37/workspace/gpu/gpu_ext/workloads/moe-infinity/.venv/lib/python3.12/site-packages/torch/include/torch/csrc/autograd/function_hook.h:4,
                 from /home/yunwei37/workspace/gpu/gpu_ext/workloads/moe-infinity/.venv/lib/python3.12/site-packages/torch/include/torch/csrc/autograd/cpp_hook.h:3,
                 from /home/yunwei37/workspace/gpu/gpu_ext/workloads/moe-infinity/.venv/lib/python3.12/site-packages/torch/include/torch/csrc/autograd/variable.h:7,
                 from /home/yunwei37/workspace/gpu/gpu_ext/workloads/moe-infinity/.venv/lib/python3.12/site-packages/torch/include/torch/csrc/autograd/autograd.h:4,
                 from /home/yunwei37/workspace/gpu/gpu_ext/workloads/moe-infinity/.venv/lib/python3.12/site-packages/torch/include/torch/csrc/api/include/torch/autograd.h:4,
                 from /home/yunwei37/workspace/gpu/gpu_ext/workloads/moe-infinity/.venv/lib/python3.12/site-packages/torch/include/torch/csrc/api/include/torch/all.h:8,
                 from /home/yunwei37/workspace/gpu/gpu_ext/workloads/moe-infinity/.venv/lib/python3.12/site-packages/torch/include/torch/extension.h:6,
                 from /home/yunwei37/workspace/gpu/gpu_ext/workloads/expert-buffering-policy/section-vi/build/stage-check-02/core/common/pytorch.h:8,
                 from /home/yunwei37/workspace/gpu/gpu_ext/workloads/expert-buffering-policy/section-vi/build/stage-check-02/core/memory/memory_pool.h:7,
                 from /home/yunwei37/workspace/gpu/gpu_ext/workloads/expert-buffering-policy/section-vi/build/stage-check-02/core/memory/memory_pool.cpp:6:
/home/yunwei37/workspace/gpu/gpu_ext/workloads/moe-infinity/.venv/lib/python3.12/site-packages/torch/include/c10/core/AutogradState.h:89:33: warning: default member initializers for bit-fields only available with ‘-std=c++20’ or ‘-std=gnu++20’ [-Wc++20-extensions]
   89 |   bool view_replay_enabled_ : 1 = false;
      |                                 ^
/home/yunwei37/workspace/gpu/gpu_ext/workloads/moe-infinity/.venv/lib/python3.12/site-packages/torch/include/c10/core/AutogradState.h:90:45: warning: default member initializers for bit-fields only available with ‘-std=c++20’ or ‘-std=gnu++20’ [-Wc++20-extensions]
   90 |   bool grad_layout_enforcement_enabled_ : 1 = true;
      |                                             ^
In file included from /home/yunwei37/workspace/gpu/gpu_ext/workloads/moe-infinity/.venv/lib/python3.12/site-packages/torch/include/ATen/cuda/CachingHostAllocator.h:4,
                 from /home/yunwei37/workspace/gpu/gpu_ext/workloads/expert-buffering-policy/section-vi/build/stage-check-02/core/memory/memory_pool.cpp:15:
/home/yunwei37/workspace/gpu/gpu_ext/workloads/moe-infinity/.venv/lib/python3.12/site-packages/torch/include/ATen/core/CachingHostAllocator.h:47:16: warning: use of ‘std::hardware_destructive_interference_size’ [-Winterference-size]
   47 | struct alignas(hardware_destructive_interference_size) FreeBlockList {
      |                ^~~~~~~~~~~~~~~~~~~~~~~~~~~~~~~~~~~~~~
/home/yunwei37/workspace/gpu/gpu_ext/workloads/moe-infinity/.venv/lib/python3.12/site-packages/torch/include/ATen/core/CachingHostAllocator.h:47:16: note: its value can vary between compiler versions or with different ‘-mtune’ or ‘-mcpu’ flags
/home/yunwei37/workspace/gpu/gpu_ext/workloads/moe-infinity/.venv/lib/python3.12/site-packages/torch/include/ATen/core/CachingHostAllocator.h:47:16: note: if this use is part of a public ABI, change it to instead use a constant variable you define
/home/yunwei37/workspace/gpu/gpu_ext/workloads/moe-infinity/.venv/lib/python3.12/site-packages/torch/include/ATen/core/CachingHostAllocator.h:47:16: note: the default value for the current CPU tuning is 64 bytes
/home/yunwei37/workspace/gpu/gpu_ext/workloads/moe-infinity/.venv/lib/python3.12/site-packages/torch/include/ATen/core/CachingHostAllocator.h:47:16: note: you can stabilize this value with ‘--param hardware_destructive_interference_size=64’, or disable this warning with ‘-Wno-interference-size’
/home/yunwei37/workspace/gpu/gpu_ext/workloads/moe-infinity/.venv/lib/python3.12/site-packages/torch/include/ATen/core/CachingHostAllocator.h:130:16: warning: use of ‘std::hardware_destructive_interference_size’ [-Winterference-size]
  130 | struct alignas(hardware_destructive_interference_size) HostStatsStaged {
      |                ^~~~~~~~~~~~~~~~~~~~~~~~~~~~~~~~~~~~~~
/home/yunwei37/workspace/gpu/gpu_ext/workloads/moe-infinity/.venv/lib/python3.12/site-packages/torch/include/ATen/core/CachingHostAllocator.h:236:11: warning: use of ‘std::hardware_destructive_interference_size’ [-Winterference-size]
  236 |   alignas(hardware_destructive_interference_size) std::mutex blocks_mutex_;
      |           ^~~~~~~~~~~~~~~~~~~~~~~~~~~~~~~~~~~~~~
/home/yunwei37/workspace/gpu/gpu_ext/workloads/moe-infinity/.venv/lib/python3.12/site-packages/torch/include/ATen/core/CachingHostAllocator.h:241:11: warning: use of ‘std::hardware_destructive_interference_size’ [-Winterference-size]
  241 |   alignas(hardware_destructive_interference_size) std::vector<FreeBlockList<B_>> free_list_ =
      |           ^~~~~~~~~~~~~~~~~~~~~~~~~~~~~~~~~~~~~~
/home/yunwei37/workspace/gpu/gpu_ext/workloads/moe-infinity/.venv/lib/python3.12/site-packages/torch/include/ATen/core/CachingHostAllocator.h:245:11: warning: use of ‘std::hardware_destructive_interference_size’ [-Winterference-size]
  245 |   alignas(hardware_destructive_interference_size) std::mutex events_mutex_;
      |           ^~~~~~~~~~~~~~~~~~~~~~~~~~~~~~~~~~~~~~
/home/yunwei37/workspace/gpu/gpu_ext/workloads/moe-infinity/.venv/lib/python3.12/site-packages/torch/include/ATen/core/CachingHostAllocator.h:973:11: warning: use of ‘std::hardware_destructive_interference_size’ [-Winterference-size]
  973 |   alignas(hardware_destructive_interference_size) mutable std::shared_mutex instance_mutex_;
      |           ^~~~~~~~~~~~~~~~~~~~~~~~~~~~~~~~~~~~~~
/home/yunwei37/workspace/gpu/gpu_ext/workloads/moe-infinity/.venv/lib/python3.12/site-packages/torch/include/ATen/core/CachingHostAllocator.h:1004:11: warning: use of ‘std::hardware_destructive_interference_size’ [-Winterference-size]
 1004 |   alignas(hardware_destructive_interference_size) HostStatsStaged stats_;
      |           ^~~~~~~~~~~~~~~~~~~~~~~~~~~~~~~~~~~~~~
[10/19] /usr/bin/g++-13 -MMD -MF /home/yunwei37/workspace/gpu/gpu_ext/workloads/expert-buffering-policy/section-vi/build/stage-check-02/build/temp.linux-x86_64-cpython-312/core/memory/stream_pool.o.d -fno-strict-overflow -Wsign-compare -DNDEBUG -g -O2 -Wall -fPIC -I/home/yunwei37/workspace/gpu/gpu_ext/workloads/expert-buffering-policy/section-vi/build/stage-check-02/core -I/home/yunwei37/workspace/gpu/gpu_ext/workloads/moe-infinity/.venv/lib/python3.12/site-packages/torch/include -I/home/yunwei37/workspace/gpu/gpu_ext/workloads/moe-infinity/.venv/lib/python3.12/site-packages/torch/include/torch/csrc/api/include -I/home/yunwei37/workspace/gpu/gpu_ext/workloads/finemoe/.venv/include -I/usr/include/python3.12 -c -c /home/yunwei37/workspace/gpu/gpu_ext/workloads/expert-buffering-policy/section-vi/build/stage-check-02/core/memory/stream_pool.cpp -o /home/yunwei37/workspace/gpu/gpu_ext/workloads/expert-buffering-policy/section-vi/build/stage-check-02/build/temp.linux-x86_64-cpython-312/core/memory/stream_pool.o -g -Wall -O2 -std=c++17 -shared -fPIC -Wno-reorder -march=native -fopenmp -D__AVX256__ -I/usr/local/cuda/include -L/usr/local/cuda/lib64 -lcuda -lcudart -lcublas -lpthread -DTORCH_API_INCLUDE_EXTENSION_H -DTORCH_EXTENSION_NAME=prefetch_op
[11/19] /usr/bin/g++-13 -MMD -MF /home/yunwei37/workspace/gpu/gpu_ext/workloads/expert-buffering-policy/section-vi/build/stage-check-02/build/temp.linux-x86_64-cpython-312/core/model/model_topology.o.d -fno-strict-overflow -Wsign-compare -DNDEBUG -g -O2 -Wall -fPIC -I/home/yunwei37/workspace/gpu/gpu_ext/workloads/expert-buffering-policy/section-vi/build/stage-check-02/core -I/home/yunwei37/workspace/gpu/gpu_ext/workloads/moe-infinity/.venv/lib/python3.12/site-packages/torch/include -I/home/yunwei37/workspace/gpu/gpu_ext/workloads/moe-infinity/.venv/lib/python3.12/site-packages/torch/include/torch/csrc/api/include -I/home/yunwei37/workspace/gpu/gpu_ext/workloads/finemoe/.venv/include -I/usr/include/python3.12 -c -c /home/yunwei37/workspace/gpu/gpu_ext/workloads/expert-buffering-policy/section-vi/build/stage-check-02/core/model/model_topology.cpp -o /home/yunwei37/workspace/gpu/gpu_ext/workloads/expert-buffering-policy/section-vi/build/stage-check-02/build/temp.linux-x86_64-cpython-312/core/model/model_topology.o -g -Wall -O2 -std=c++17 -shared -fPIC -Wno-reorder -march=native -fopenmp -D__AVX256__ -I/usr/local/cuda/include -L/usr/local/cuda/lib64 -lcuda -lcudart -lcublas -lpthread -DTORCH_API_INCLUDE_EXTENSION_H -DTORCH_EXTENSION_NAME=prefetch_op
In file included from /home/yunwei37/workspace/gpu/gpu_ext/workloads/moe-infinity/.venv/lib/python3.12/site-packages/torch/include/c10/core/InferenceMode.h:4,
                 from /home/yunwei37/workspace/gpu/gpu_ext/workloads/moe-infinity/.venv/lib/python3.12/site-packages/torch/include/c10/core/TensorImpl.h:9,
                 from /home/yunwei37/workspace/gpu/gpu_ext/workloads/moe-infinity/.venv/lib/python3.12/site-packages/torch/include/ATen/core/TensorBody.h:21,
                 from /home/yunwei37/workspace/gpu/gpu_ext/workloads/moe-infinity/.venv/lib/python3.12/site-packages/torch/include/ATen/core/Tensor.h:4,
                 from /home/yunwei37/workspace/gpu/gpu_ext/workloads/moe-infinity/.venv/lib/python3.12/site-packages/torch/include/ATen/Tensor.h:4,
                 from /home/yunwei37/workspace/gpu/gpu_ext/workloads/moe-infinity/.venv/lib/python3.12/site-packages/torch/include/torch/csrc/autograd/function_hook.h:4,
                 from /home/yunwei37/workspace/gpu/gpu_ext/workloads/moe-infinity/.venv/lib/python3.12/site-packages/torch/include/torch/csrc/autograd/cpp_hook.h:3,
                 from /home/yunwei37/workspace/gpu/gpu_ext/workloads/moe-infinity/.venv/lib/python3.12/site-packages/torch/include/torch/csrc/autograd/variable.h:7,
                 from /home/yunwei37/workspace/gpu/gpu_ext/workloads/moe-infinity/.venv/lib/python3.12/site-packages/torch/include/torch/csrc/autograd/autograd.h:4,
                 from /home/yunwei37/workspace/gpu/gpu_ext/workloads/moe-infinity/.venv/lib/python3.12/site-packages/torch/include/torch/csrc/api/include/torch/autograd.h:4,
                 from /home/yunwei37/workspace/gpu/gpu_ext/workloads/moe-infinity/.venv/lib/python3.12/site-packages/torch/include/torch/csrc/api/include/torch/all.h:8,
                 from /home/yunwei37/workspace/gpu/gpu_ext/workloads/moe-infinity/.venv/lib/python3.12/site-packages/torch/include/torch/extension.h:6,
                 from /home/yunwei37/workspace/gpu/gpu_ext/workloads/expert-buffering-policy/section-vi/build/stage-check-02/core/common/pytorch.h:8,
                 from /home/yunwei37/workspace/gpu/gpu_ext/workloads/expert-buffering-policy/section-vi/build/stage-check-02/core/model/model_topology.h:15,
                 from /home/yunwei37/workspace/gpu/gpu_ext/workloads/expert-buffering-policy/section-vi/build/stage-check-02/core/model/model_topology.cpp:6:
/home/yunwei37/workspace/gpu/gpu_ext/workloads/moe-infinity/.venv/lib/python3.12/site-packages/torch/include/c10/core/AutogradState.h:89:33: warning: default member initializers for bit-fields only available with ‘-std=c++20’ or ‘-std=gnu++20’ [-Wc++20-extensions]
   89 |   bool view_replay_enabled_ : 1 = false;
      |                                 ^
/home/yunwei37/workspace/gpu/gpu_ext/workloads/moe-infinity/.venv/lib/python3.12/site-packages/torch/include/c10/core/AutogradState.h:90:45: warning: default member initializers for bit-fields only available with ‘-std=c++20’ or ‘-std=gnu++20’ [-Wc++20-extensions]
   90 |   bool grad_layout_enforcement_enabled_ : 1 = true;
      |                                             ^
/home/yunwei37/workspace/gpu/gpu_ext/workloads/expert-buffering-policy/section-vi/build/stage-check-02/core/model/model_topology.cpp: In member function ‘void ArcherTopologyHandle::InitializeTopology(const std::vector<std::tuple<std::__cxx11::basic_string<char, std::char_traits<char>, std::allocator<char> >, std::vector<std::vector<unsigned int, std::allocator<unsigned int> >, std::allocator<std::vector<unsigned int, std::allocator<unsigned int> > > > > >&)’:
/home/yunwei37/workspace/gpu/gpu_ext/workloads/expert-buffering-policy/section-vi/build/stage-check-02/core/model/model_topology.cpp:417:12: warning: variable ‘num_experts’ set but not used [-Wunused-but-set-variable]
  417 |     size_t num_experts = 0;
      |            ^~~~~~~~~~~
[12/19] /usr/bin/g++-13 -MMD -MF /home/yunwei37/workspace/gpu/gpu_ext/workloads/expert-buffering-policy/section-vi/build/stage-check-02/build/temp.linux-x86_64-cpython-312/core/parallel/expert_dispatcher.o.d -fno-strict-overflow -Wsign-compare -DNDEBUG -g -O2 -Wall -fPIC -I/home/yunwei37/workspace/gpu/gpu_ext/workloads/expert-buffering-policy/section-vi/build/stage-check-02/core -I/home/yunwei37/workspace/gpu/gpu_ext/workloads/moe-infinity/.venv/lib/python3.12/site-packages/torch/include -I/home/yunwei37/workspace/gpu/gpu_ext/workloads/moe-infinity/.venv/lib/python3.12/site-packages/torch/include/torch/csrc/api/include -I/home/yunwei37/workspace/gpu/gpu_ext/workloads/finemoe/.venv/include -I/usr/include/python3.12 -c -c /home/yunwei37/workspace/gpu/gpu_ext/workloads/expert-buffering-policy/section-vi/build/stage-check-02/core/parallel/expert_dispatcher.cpp -o /home/yunwei37/workspace/gpu/gpu_ext/workloads/expert-buffering-policy/section-vi/build/stage-check-02/build/temp.linux-x86_64-cpython-312/core/parallel/expert_dispatcher.o -g -Wall -O2 -std=c++17 -shared -fPIC -Wno-reorder -march=native -fopenmp -D__AVX256__ -I/usr/local/cuda/include -L/usr/local/cuda/lib64 -lcuda -lcudart -lcublas -lpthread -DTORCH_API_INCLUDE_EXTENSION_H -DTORCH_EXTENSION_NAME=prefetch_op
In file included from /home/yunwei37/workspace/gpu/gpu_ext/workloads/moe-infinity/.venv/lib/python3.12/site-packages/torch/include/c10/core/InferenceMode.h:4,
                 from /home/yunwei37/workspace/gpu/gpu_ext/workloads/moe-infinity/.venv/lib/python3.12/site-packages/torch/include/c10/core/TensorImpl.h:9,
                 from /home/yunwei37/workspace/gpu/gpu_ext/workloads/moe-infinity/.venv/lib/python3.12/site-packages/torch/include/ATen/core/TensorBody.h:21,
                 from /home/yunwei37/workspace/gpu/gpu_ext/workloads/moe-infinity/.venv/lib/python3.12/site-packages/torch/include/ATen/core/Tensor.h:4,
                 from /home/yunwei37/workspace/gpu/gpu_ext/workloads/moe-infinity/.venv/lib/python3.12/site-packages/torch/include/ATen/Tensor.h:4,
                 from /home/yunwei37/workspace/gpu/gpu_ext/workloads/moe-infinity/.venv/lib/python3.12/site-packages/torch/include/torch/csrc/autograd/function_hook.h:4,
                 from /home/yunwei37/workspace/gpu/gpu_ext/workloads/moe-infinity/.venv/lib/python3.12/site-packages/torch/include/torch/csrc/autograd/cpp_hook.h:3,
                 from /home/yunwei37/workspace/gpu/gpu_ext/workloads/moe-infinity/.venv/lib/python3.12/site-packages/torch/include/torch/csrc/autograd/variable.h:7,
                 from /home/yunwei37/workspace/gpu/gpu_ext/workloads/moe-infinity/.venv/lib/python3.12/site-packages/torch/include/torch/csrc/autograd/autograd.h:4,
                 from /home/yunwei37/workspace/gpu/gpu_ext/workloads/moe-infinity/.venv/lib/python3.12/site-packages/torch/include/torch/csrc/api/include/torch/autograd.h:4,
                 from /home/yunwei37/workspace/gpu/gpu_ext/workloads/moe-infinity/.venv/lib/python3.12/site-packages/torch/include/torch/csrc/api/include/torch/all.h:8,
                 from /home/yunwei37/workspace/gpu/gpu_ext/workloads/moe-infinity/.venv/lib/python3.12/site-packages/torch/include/torch/extension.h:6,
                 from /home/yunwei37/workspace/gpu/gpu_ext/workloads/expert-buffering-policy/section-vi/build/stage-check-02/core/parallel/expert_dispatcher.h:8,
                 from /home/yunwei37/workspace/gpu/gpu_ext/workloads/expert-buffering-policy/section-vi/build/stage-check-02/core/parallel/expert_dispatcher.cpp:6:
/home/yunwei37/workspace/gpu/gpu_ext/workloads/moe-infinity/.venv/lib/python3.12/site-packages/torch/include/c10/core/AutogradState.h:89:33: warning: default member initializers for bit-fields only available with ‘-std=c++20’ or ‘-std=gnu++20’ [-Wc++20-extensions]
   89 |   bool view_replay_enabled_ : 1 = false;
      |                                 ^
/home/yunwei37/workspace/gpu/gpu_ext/workloads/moe-infinity/.venv/lib/python3.12/site-packages/torch/include/c10/core/AutogradState.h:90:45: warning: default member initializers for bit-fields only available with ‘-std=c++20’ or ‘-std=gnu++20’ [-Wc++20-extensions]
   90 |   bool grad_layout_enforcement_enabled_ : 1 = true;
      |                                             ^
[13/19] /usr/bin/g++-13 -MMD -MF /home/yunwei37/workspace/gpu/gpu_ext/workloads/expert-buffering-policy/section-vi/build/stage-check-02/build/temp.linux-x86_64-cpython-312/core/parallel/expert_module.o.d -fno-strict-overflow -Wsign-compare -DNDEBUG -g -O2 -Wall -fPIC -I/home/yunwei37/workspace/gpu/gpu_ext/workloads/expert-buffering-policy/section-vi/build/stage-check-02/core -I/home/yunwei37/workspace/gpu/gpu_ext/workloads/moe-infinity/.venv/lib/python3.12/site-packages/torch/include -I/home/yunwei37/workspace/gpu/gpu_ext/workloads/moe-infinity/.venv/lib/python3.12/site-packages/torch/include/torch/csrc/api/include -I/home/yunwei37/workspace/gpu/gpu_ext/workloads/finemoe/.venv/include -I/usr/include/python3.12 -c -c /home/yunwei37/workspace/gpu/gpu_ext/workloads/expert-buffering-policy/section-vi/build/stage-check-02/core/parallel/expert_module.cpp -o /home/yunwei37/workspace/gpu/gpu_ext/workloads/expert-buffering-policy/section-vi/build/stage-check-02/build/temp.linux-x86_64-cpython-312/core/parallel/expert_module.o -g -Wall -O2 -std=c++17 -shared -fPIC -Wno-reorder -march=native -fopenmp -D__AVX256__ -I/usr/local/cuda/include -L/usr/local/cuda/lib64 -lcuda -lcudart -lcublas -lpthread -DTORCH_API_INCLUDE_EXTENSION_H -DTORCH_EXTENSION_NAME=prefetch_op
In file included from /home/yunwei37/workspace/gpu/gpu_ext/workloads/moe-infinity/.venv/lib/python3.12/site-packages/torch/include/c10/core/InferenceMode.h:4,
                 from /home/yunwei37/workspace/gpu/gpu_ext/workloads/moe-infinity/.venv/lib/python3.12/site-packages/torch/include/c10/core/TensorImpl.h:9,
                 from /home/yunwei37/workspace/gpu/gpu_ext/workloads/moe-infinity/.venv/lib/python3.12/site-packages/torch/include/ATen/core/TensorBody.h:21,
                 from /home/yunwei37/workspace/gpu/gpu_ext/workloads/moe-infinity/.venv/lib/python3.12/site-packages/torch/include/ATen/core/Tensor.h:4,
                 from /home/yunwei37/workspace/gpu/gpu_ext/workloads/moe-infinity/.venv/lib/python3.12/site-packages/torch/include/ATen/Tensor.h:4,
                 from /home/yunwei37/workspace/gpu/gpu_ext/workloads/moe-infinity/.venv/lib/python3.12/site-packages/torch/include/torch/csrc/autograd/function_hook.h:4,
                 from /home/yunwei37/workspace/gpu/gpu_ext/workloads/moe-infinity/.venv/lib/python3.12/site-packages/torch/include/torch/csrc/autograd/cpp_hook.h:3,
                 from /home/yunwei37/workspace/gpu/gpu_ext/workloads/moe-infinity/.venv/lib/python3.12/site-packages/torch/include/torch/csrc/autograd/variable.h:7,
                 from /home/yunwei37/workspace/gpu/gpu_ext/workloads/moe-infinity/.venv/lib/python3.12/site-packages/torch/include/torch/csrc/autograd/autograd.h:4,
                 from /home/yunwei37/workspace/gpu/gpu_ext/workloads/moe-infinity/.venv/lib/python3.12/site-packages/torch/include/torch/csrc/api/include/torch/autograd.h:4,
                 from /home/yunwei37/workspace/gpu/gpu_ext/workloads/moe-infinity/.venv/lib/python3.12/site-packages/torch/include/torch/csrc/api/include/torch/all.h:8,
                 from /home/yunwei37/workspace/gpu/gpu_ext/workloads/moe-infinity/.venv/lib/python3.12/site-packages/torch/include/torch/csrc/api/include/torch/torch.h:4,
                 from /home/yunwei37/workspace/gpu/gpu_ext/workloads/expert-buffering-policy/section-vi/build/stage-check-02/core/parallel/expert_module.h:6,
                 from /home/yunwei37/workspace/gpu/gpu_ext/workloads/expert-buffering-policy/section-vi/build/stage-check-02/core/parallel/expert_module.cpp:6:
/home/yunwei37/workspace/gpu/gpu_ext/workloads/moe-infinity/.venv/lib/python3.12/site-packages/torch/include/c10/core/AutogradState.h:89:33: warning: default member initializers for bit-fields only available with ‘-std=c++20’ or ‘-std=gnu++20’ [-Wc++20-extensions]
   89 |   bool view_replay_enabled_ : 1 = false;
      |                                 ^
/home/yunwei37/workspace/gpu/gpu_ext/workloads/moe-infinity/.venv/lib/python3.12/site-packages/torch/include/c10/core/AutogradState.h:90:45: warning: default member initializers for bit-fields only available with ‘-std=c++20’ or ‘-std=gnu++20’ [-Wc++20-extensions]
   90 |   bool grad_layout_enforcement_enabled_ : 1 = true;
      |                                             ^
/home/yunwei37/workspace/gpu/gpu_ext/workloads/expert-buffering-policy/section-vi/build/stage-check-02/core/parallel/expert_module.cpp: In member function ‘at::Tensor MixtralMoEDenseActDense::forward(at::Tensor)’:
/home/yunwei37/workspace/gpu/gpu_ext/workloads/expert-buffering-policy/section-vi/build/stage-check-02/core/parallel/expert_module.cpp:158:9: warning: unused variable ‘w1_nan’ [-Wunused-variable]
  158 |     int w1_nan = torch::sum(torch::isnan(w1)).item<int>();
      |         ^~~~~~
/home/yunwei37/workspace/gpu/gpu_ext/workloads/expert-buffering-policy/section-vi/build/stage-check-02/core/parallel/expert_module.cpp:159:9: warning: unused variable ‘w2_nan’ [-Wunused-variable]
  159 |     int w2_nan = torch::sum(torch::isnan(w2)).item<int>();
      |         ^~~~~~
/home/yunwei37/workspace/gpu/gpu_ext/workloads/expert-buffering-policy/section-vi/build/stage-check-02/core/parallel/expert_module.cpp:160:9: warning: unused variable ‘w3_nan’ [-Wunused-variable]
  160 |     int w3_nan = torch::sum(torch::isnan(w3)).item<int>();
      |         ^~~~~~
/home/yunwei37/workspace/gpu/gpu_ext/workloads/expert-buffering-policy/section-vi/build/stage-check-02/core/parallel/expert_module.cpp:161:9: warning: unused variable ‘hidden_states_nan’ [-Wunused-variable]
  161 |     int hidden_states_nan = torch::sum(torch::isnan(hidden_states)).item<int>();
      |         ^~~~~~~~~~~~~~~~~
[14/19] /usr/bin/g++-13 -MMD -MF /home/yunwei37/workspace/gpu/gpu_ext/workloads/expert-buffering-policy/section-vi/build/stage-check-02/build/temp.linux-x86_64-cpython-312/core/prefetch/archer_prefetch_handle.o.d -fno-strict-overflow -Wsign-compare -DNDEBUG -g -O2 -Wall -fPIC -I/home/yunwei37/workspace/gpu/gpu_ext/workloads/expert-buffering-policy/section-vi/build/stage-check-02/core -I/home/yunwei37/workspace/gpu/gpu_ext/workloads/moe-infinity/.venv/lib/python3.12/site-packages/torch/include -I/home/yunwei37/workspace/gpu/gpu_ext/workloads/moe-infinity/.venv/lib/python3.12/site-packages/torch/include/torch/csrc/api/include -I/home/yunwei37/workspace/gpu/gpu_ext/workloads/finemoe/.venv/include -I/usr/include/python3.12 -c -c /home/yunwei37/workspace/gpu/gpu_ext/workloads/expert-buffering-policy/section-vi/build/stage-check-02/core/prefetch/archer_prefetch_handle.cpp -o /home/yunwei37/workspace/gpu/gpu_ext/workloads/expert-buffering-policy/section-vi/build/stage-check-02/build/temp.linux-x86_64-cpython-312/core/prefetch/archer_prefetch_handle.o -g -Wall -O2 -std=c++17 -shared -fPIC -Wno-reorder -march=native -fopenmp -D__AVX256__ -I/usr/local/cuda/include -L/usr/local/cuda/lib64 -lcuda -lcudart -lcublas -lpthread -DTORCH_API_INCLUDE_EXTENSION_H -DTORCH_EXTENSION_NAME=prefetch_op
In file included from /home/yunwei37/workspace/gpu/gpu_ext/workloads/moe-infinity/.venv/lib/python3.12/site-packages/torch/include/c10/core/InferenceMode.h:4,
                 from /home/yunwei37/workspace/gpu/gpu_ext/workloads/moe-infinity/.venv/lib/python3.12/site-packages/torch/include/c10/core/TensorImpl.h:9,
                 from /home/yunwei37/workspace/gpu/gpu_ext/workloads/moe-infinity/.venv/lib/python3.12/site-packages/torch/include/ATen/core/TensorBody.h:21,
                 from /home/yunwei37/workspace/gpu/gpu_ext/workloads/moe-infinity/.venv/lib/python3.12/site-packages/torch/include/ATen/core/Tensor.h:4,
                 from /home/yunwei37/workspace/gpu/gpu_ext/workloads/moe-infinity/.venv/lib/python3.12/site-packages/torch/include/ATen/Tensor.h:4,
                 from /home/yunwei37/workspace/gpu/gpu_ext/workloads/moe-infinity/.venv/lib/python3.12/site-packages/torch/include/torch/csrc/autograd/function_hook.h:4,
                 from /home/yunwei37/workspace/gpu/gpu_ext/workloads/moe-infinity/.venv/lib/python3.12/site-packages/torch/include/torch/csrc/autograd/cpp_hook.h:3,
                 from /home/yunwei37/workspace/gpu/gpu_ext/workloads/moe-infinity/.venv/lib/python3.12/site-packages/torch/include/torch/csrc/autograd/variable.h:7,
                 from /home/yunwei37/workspace/gpu/gpu_ext/workloads/moe-infinity/.venv/lib/python3.12/site-packages/torch/include/torch/csrc/autograd/autograd.h:4,
                 from /home/yunwei37/workspace/gpu/gpu_ext/workloads/moe-infinity/.venv/lib/python3.12/site-packages/torch/include/torch/csrc/api/include/torch/autograd.h:4,
                 from /home/yunwei37/workspace/gpu/gpu_ext/workloads/moe-infinity/.venv/lib/python3.12/site-packages/torch/include/torch/csrc/api/include/torch/all.h:8,
                 from /home/yunwei37/workspace/gpu/gpu_ext/workloads/moe-infinity/.venv/lib/python3.12/site-packages/torch/include/torch/extension.h:6,
                 from /home/yunwei37/workspace/gpu/gpu_ext/workloads/expert-buffering-policy/section-vi/build/stage-check-02/core/aio/archer_tensor_handle.h:8,
                 from /home/yunwei37/workspace/gpu/gpu_ext/workloads/expert-buffering-policy/section-vi/build/stage-check-02/core/prefetch/archer_prefetch_handle.h:8,
                 from /home/yunwei37/workspace/gpu/gpu_ext/workloads/expert-buffering-policy/section-vi/build/stage-check-02/core/prefetch/archer_prefetch_handle.cpp:6:
/home/yunwei37/workspace/gpu/gpu_ext/workloads/moe-infinity/.venv/lib/python3.12/site-packages/torch/include/c10/core/AutogradState.h:89:33: warning: default member initializers for bit-fields only available with ‘-std=c++20’ or ‘-std=gnu++20’ [-Wc++20-extensions]
   89 |   bool view_replay_enabled_ : 1 = false;
      |                                 ^
/home/yunwei37/workspace/gpu/gpu_ext/workloads/moe-infinity/.venv/lib/python3.12/site-packages/torch/include/c10/core/AutogradState.h:90:45: warning: default member initializers for bit-fields only available with ‘-std=c++20’ or ‘-std=gnu++20’ [-Wc++20-extensions]
   90 |   bool grad_layout_enforcement_enabled_ : 1 = true;
      |                                             ^
/home/yunwei37/workspace/gpu/gpu_ext/workloads/expert-buffering-policy/section-vi/build/stage-check-02/core/prefetch/archer_prefetch_handle.cpp: In member function ‘at::Tensor ArcherPrefetchHandle::GetHitRate()’:
/home/yunwei37/workspace/gpu/gpu_ext/workloads/expert-buffering-policy/section-vi/build/stage-check-02/core/prefetch/archer_prefetch_handle.cpp:323:65: warning: narrowing conversion of ‘(& node_visit_cnts)->std::vector<std::vector<long unsigned int> >::size()’ from ‘std::vector<std::vector<long unsigned int> >::size_type’ {aka ‘long unsigned int’} to ‘long int’ [-Wnarrowing]
  323 |                                            {node_visit_cnts.size(), node_visit_cnts[0].size()},
      |                                             ~~~~~~~~~~~~~~~~~~~~^~
/home/yunwei37/workspace/gpu/gpu_ext/workloads/expert-buffering-policy/section-vi/build/stage-check-02/core/prefetch/archer_prefetch_handle.cpp:323:65: warning: narrowing conversion of ‘(& node_visit_cnts)->std::vector<std::vector<long unsigned int> >::size()’ from ‘std::vector<std::vector<long unsigned int> >::size_type’ {aka ‘long unsigned int’} to ‘long int’ [-Wnarrowing]
/home/yunwei37/workspace/gpu/gpu_ext/workloads/expert-buffering-policy/section-vi/build/stage-check-02/core/prefetch/archer_prefetch_handle.cpp:323:92: warning: narrowing conversion of ‘(&(& node_visit_cnts)->std::vector<std::vector<long unsigned int> >::operator[](0))->std::vector<long unsigned int>::size()’ from ‘std::vector<long unsigned int>::size_type’ {aka ‘long unsigned int’} to ‘long int’ [-Wnarrowing]
  323 |                                            {node_visit_cnts.size(), node_visit_cnts[0].size()},
      |                                                                     ~~~~~~~~~~~~~~~~~~~~~~~^~
/home/yunwei37/workspace/gpu/gpu_ext/workloads/expert-buffering-policy/section-vi/build/stage-check-02/core/prefetch/archer_prefetch_handle.cpp:323:92: warning: narrowing conversion of ‘(&(& node_visit_cnts)->std::vector<std::vector<long unsigned int> >::operator[](0))->std::vector<long unsigned int>::size()’ from ‘std::vector<long unsigned int>::size_type’ {aka ‘long unsigned int’} to ‘long int’ [-Wnarrowing]
[15/19] /usr/bin/g++-13 -MMD -MF /home/yunwei37/workspace/gpu/gpu_ext/workloads/expert-buffering-policy/section-vi/build/stage-check-02/build/temp.linux-x86_64-cpython-312/core/prefetch/task_scheduler.o.d -fno-strict-overflow -Wsign-compare -DNDEBUG -g -O2 -Wall -fPIC -I/home/yunwei37/workspace/gpu/gpu_ext/workloads/expert-buffering-policy/section-vi/build/stage-check-02/core -I/home/yunwei37/workspace/gpu/gpu_ext/workloads/moe-infinity/.venv/lib/python3.12/site-packages/torch/include -I/home/yunwei37/workspace/gpu/gpu_ext/workloads/moe-infinity/.venv/lib/python3.12/site-packages/torch/include/torch/csrc/api/include -I/home/yunwei37/workspace/gpu/gpu_ext/workloads/finemoe/.venv/include -I/usr/include/python3.12 -c -c /home/yunwei37/workspace/gpu/gpu_ext/workloads/expert-buffering-policy/section-vi/build/stage-check-02/core/prefetch/task_scheduler.cpp -o /home/yunwei37/workspace/gpu/gpu_ext/workloads/expert-buffering-policy/section-vi/build/stage-check-02/build/temp.linux-x86_64-cpython-312/core/prefetch/task_scheduler.o -g -Wall -O2 -std=c++17 -shared -fPIC -Wno-reorder -march=native -fopenmp -D__AVX256__ -I/usr/local/cuda/include -L/usr/local/cuda/lib64 -lcuda -lcudart -lcublas -lpthread -DTORCH_API_INCLUDE_EXTENSION_H -DTORCH_EXTENSION_NAME=prefetch_op
In file included from /home/yunwei37/workspace/gpu/gpu_ext/workloads/moe-infinity/.venv/lib/python3.12/site-packages/torch/include/c10/core/InferenceMode.h:4,
                 from /home/yunwei37/workspace/gpu/gpu_ext/workloads/moe-infinity/.venv/lib/python3.12/site-packages/torch/include/c10/core/TensorImpl.h:9,
                 from /home/yunwei37/workspace/gpu/gpu_ext/workloads/moe-infinity/.venv/lib/python3.12/site-packages/torch/include/ATen/core/TensorBody.h:21,
                 from /home/yunwei37/workspace/gpu/gpu_ext/workloads/moe-infinity/.venv/lib/python3.12/site-packages/torch/include/ATen/core/Tensor.h:4,
                 from /home/yunwei37/workspace/gpu/gpu_ext/workloads/moe-infinity/.venv/lib/python3.12/site-packages/torch/include/ATen/Tensor.h:4,
                 from /home/yunwei37/workspace/gpu/gpu_ext/workloads/moe-infinity/.venv/lib/python3.12/site-packages/torch/include/torch/csrc/autograd/function_hook.h:4,
                 from /home/yunwei37/workspace/gpu/gpu_ext/workloads/moe-infinity/.venv/lib/python3.12/site-packages/torch/include/torch/csrc/autograd/cpp_hook.h:3,
                 from /home/yunwei37/workspace/gpu/gpu_ext/workloads/moe-infinity/.venv/lib/python3.12/site-packages/torch/include/torch/csrc/autograd/variable.h:7,
                 from /home/yunwei37/workspace/gpu/gpu_ext/workloads/moe-infinity/.venv/lib/python3.12/site-packages/torch/include/torch/csrc/autograd/autograd.h:4,
                 from /home/yunwei37/workspace/gpu/gpu_ext/workloads/moe-infinity/.venv/lib/python3.12/site-packages/torch/include/torch/csrc/api/include/torch/autograd.h:4,
                 from /home/yunwei37/workspace/gpu/gpu_ext/workloads/moe-infinity/.venv/lib/python3.12/site-packages/torch/include/torch/csrc/api/include/torch/all.h:8,
                 from /home/yunwei37/workspace/gpu/gpu_ext/workloads/moe-infinity/.venv/lib/python3.12/site-packages/torch/include/torch/extension.h:6,
                 from /home/yunwei37/workspace/gpu/gpu_ext/workloads/expert-buffering-policy/section-vi/build/stage-check-02/core/common/pytorch.h:8,
                 from /home/yunwei37/workspace/gpu/gpu_ext/workloads/expert-buffering-policy/section-vi/build/stage-check-02/core/memory/memory_pool.h:7,
                 from /home/yunwei37/workspace/gpu/gpu_ext/workloads/expert-buffering-policy/section-vi/build/stage-check-02/core/prefetch/task_scheduler.cpp:11:
/home/yunwei37/workspace/gpu/gpu_ext/workloads/moe-infinity/.venv/lib/python3.12/site-packages/torch/include/c10/core/AutogradState.h:89:33: warning: default member initializers for bit-fields only available with ‘-std=c++20’ or ‘-std=gnu++20’ [-Wc++20-extensions]
   89 |   bool view_replay_enabled_ : 1 = false;
      |                                 ^
/home/yunwei37/workspace/gpu/gpu_ext/workloads/moe-infinity/.venv/lib/python3.12/site-packages/torch/include/c10/core/AutogradState.h:90:45: warning: default member initializers for bit-fields only available with ‘-std=c++20’ or ‘-std=gnu++20’ [-Wc++20-extensions]
   90 |   bool grad_layout_enforcement_enabled_ : 1 = true;
      |                                             ^
[16/19] /usr/bin/g++-13 -MMD -MF /home/yunwei37/workspace/gpu/gpu_ext/workloads/expert-buffering-policy/section-vi/build/stage-check-02/build/temp.linux-x86_64-cpython-312/core/prefetch/task_thread.o.d -fno-strict-overflow -Wsign-compare -DNDEBUG -g -O2 -Wall -fPIC -I/home/yunwei37/workspace/gpu/gpu_ext/workloads/expert-buffering-policy/section-vi/build/stage-check-02/core -I/home/yunwei37/workspace/gpu/gpu_ext/workloads/moe-infinity/.venv/lib/python3.12/site-packages/torch/include -I/home/yunwei37/workspace/gpu/gpu_ext/workloads/moe-infinity/.venv/lib/python3.12/site-packages/torch/include/torch/csrc/api/include -I/home/yunwei37/workspace/gpu/gpu_ext/workloads/finemoe/.venv/include -I/usr/include/python3.12 -c -c /home/yunwei37/workspace/gpu/gpu_ext/workloads/expert-buffering-policy/section-vi/build/stage-check-02/core/prefetch/task_thread.cpp -o /home/yunwei37/workspace/gpu/gpu_ext/workloads/expert-buffering-policy/section-vi/build/stage-check-02/build/temp.linux-x86_64-cpython-312/core/prefetch/task_thread.o -g -Wall -O2 -std=c++17 -shared -fPIC -Wno-reorder -march=native -fopenmp -D__AVX256__ -I/usr/local/cuda/include -L/usr/local/cuda/lib64 -lcuda -lcudart -lcublas -lpthread -DTORCH_API_INCLUDE_EXTENSION_H -DTORCH_EXTENSION_NAME=prefetch_op
In file included from /home/yunwei37/workspace/gpu/gpu_ext/workloads/moe-infinity/.venv/lib/python3.12/site-packages/torch/include/c10/core/InferenceMode.h:4,
                 from /home/yunwei37/workspace/gpu/gpu_ext/workloads/moe-infinity/.venv/lib/python3.12/site-packages/torch/include/c10/core/TensorImpl.h:9,
                 from /home/yunwei37/workspace/gpu/gpu_ext/workloads/moe-infinity/.venv/lib/python3.12/site-packages/torch/include/ATen/core/TensorBody.h:21,
                 from /home/yunwei37/workspace/gpu/gpu_ext/workloads/moe-infinity/.venv/lib/python3.12/site-packages/torch/include/ATen/core/Tensor.h:4,
                 from /home/yunwei37/workspace/gpu/gpu_ext/workloads/moe-infinity/.venv/lib/python3.12/site-packages/torch/include/ATen/Tensor.h:4,
                 from /home/yunwei37/workspace/gpu/gpu_ext/workloads/moe-infinity/.venv/lib/python3.12/site-packages/torch/include/torch/csrc/autograd/function_hook.h:4,
                 from /home/yunwei37/workspace/gpu/gpu_ext/workloads/moe-infinity/.venv/lib/python3.12/site-packages/torch/include/torch/csrc/autograd/cpp_hook.h:3,
                 from /home/yunwei37/workspace/gpu/gpu_ext/workloads/moe-infinity/.venv/lib/python3.12/site-packages/torch/include/torch/csrc/autograd/variable.h:7,
                 from /home/yunwei37/workspace/gpu/gpu_ext/workloads/moe-infinity/.venv/lib/python3.12/site-packages/torch/include/torch/csrc/autograd/autograd.h:4,
                 from /home/yunwei37/workspace/gpu/gpu_ext/workloads/moe-infinity/.venv/lib/python3.12/site-packages/torch/include/torch/csrc/api/include/torch/autograd.h:4,
                 from /home/yunwei37/workspace/gpu/gpu_ext/workloads/moe-infinity/.venv/lib/python3.12/site-packages/torch/include/torch/csrc/api/include/torch/all.h:8,
                 from /home/yunwei37/workspace/gpu/gpu_ext/workloads/moe-infinity/.venv/lib/python3.12/site-packages/torch/include/torch/extension.h:6,
                 from /home/yunwei37/workspace/gpu/gpu_ext/workloads/expert-buffering-policy/section-vi/build/stage-check-02/core/common/pytorch.h:8,
                 from /home/yunwei37/workspace/gpu/gpu_ext/workloads/expert-buffering-policy/section-vi/build/stage-check-02/core/model/model_topology.h:15,
                 from /home/yunwei37/workspace/gpu/gpu_ext/workloads/expert-buffering-policy/section-vi/build/stage-check-02/core/prefetch/task_thread.h:10,
                 from /home/yunwei37/workspace/gpu/gpu_ext/workloads/expert-buffering-policy/section-vi/build/stage-check-02/core/prefetch/task_thread.cpp:6:
/home/yunwei37/workspace/gpu/gpu_ext/workloads/moe-infinity/.venv/lib/python3.12/site-packages/torch/include/c10/core/AutogradState.h:89:33: warning: default member initializers for bit-fields only available with ‘-std=c++20’ or ‘-std=gnu++20’ [-Wc++20-extensions]
   89 |   bool view_replay_enabled_ : 1 = false;
      |                                 ^
/home/yunwei37/workspace/gpu/gpu_ext/workloads/moe-infinity/.venv/lib/python3.12/site-packages/torch/include/c10/core/AutogradState.h:90:45: warning: default member initializers for bit-fields only available with ‘-std=c++20’ or ‘-std=gnu++20’ [-Wc++20-extensions]
   90 |   bool grad_layout_enforcement_enabled_ : 1 = true;
      |                                             ^
[17/19] /usr/bin/g++-13 -MMD -MF /home/yunwei37/workspace/gpu/gpu_ext/workloads/expert-buffering-policy/section-vi/build/stage-check-02/build/temp.linux-x86_64-cpython-312/core/python/py_archer_prefetch.o.d -fno-strict-overflow -Wsign-compare -DNDEBUG -g -O2 -Wall -fPIC -I/home/yunwei37/workspace/gpu/gpu_ext/workloads/expert-buffering-policy/section-vi/build/stage-check-02/core -I/home/yunwei37/workspace/gpu/gpu_ext/workloads/moe-infinity/.venv/lib/python3.12/site-packages/torch/include -I/home/yunwei37/workspace/gpu/gpu_ext/workloads/moe-infinity/.venv/lib/python3.12/site-packages/torch/include/torch/csrc/api/include -I/home/yunwei37/workspace/gpu/gpu_ext/workloads/finemoe/.venv/include -I/usr/include/python3.12 -c -c /home/yunwei37/workspace/gpu/gpu_ext/workloads/expert-buffering-policy/section-vi/build/stage-check-02/core/python/py_archer_prefetch.cpp -o /home/yunwei37/workspace/gpu/gpu_ext/workloads/expert-buffering-policy/section-vi/build/stage-check-02/build/temp.linux-x86_64-cpython-312/core/python/py_archer_prefetch.o -g -Wall -O2 -std=c++17 -shared -fPIC -Wno-reorder -march=native -fopenmp -D__AVX256__ -I/usr/local/cuda/include -L/usr/local/cuda/lib64 -lcuda -lcudart -lcublas -lpthread -DTORCH_API_INCLUDE_EXTENSION_H -DTORCH_EXTENSION_NAME=prefetch_op
In file included from /home/yunwei37/workspace/gpu/gpu_ext/workloads/moe-infinity/.venv/lib/python3.12/site-packages/torch/include/c10/core/InferenceMode.h:4,
                 from /home/yunwei37/workspace/gpu/gpu_ext/workloads/moe-infinity/.venv/lib/python3.12/site-packages/torch/include/c10/core/TensorImpl.h:9,
                 from /home/yunwei37/workspace/gpu/gpu_ext/workloads/moe-infinity/.venv/lib/python3.12/site-packages/torch/include/ATen/core/TensorBody.h:21,
                 from /home/yunwei37/workspace/gpu/gpu_ext/workloads/moe-infinity/.venv/lib/python3.12/site-packages/torch/include/ATen/core/Tensor.h:4,
                 from /home/yunwei37/workspace/gpu/gpu_ext/workloads/moe-infinity/.venv/lib/python3.12/site-packages/torch/include/ATen/Tensor.h:4,
                 from /home/yunwei37/workspace/gpu/gpu_ext/workloads/moe-infinity/.venv/lib/python3.12/site-packages/torch/include/torch/csrc/autograd/function_hook.h:4,
                 from /home/yunwei37/workspace/gpu/gpu_ext/workloads/moe-infinity/.venv/lib/python3.12/site-packages/torch/include/torch/csrc/autograd/cpp_hook.h:3,
                 from /home/yunwei37/workspace/gpu/gpu_ext/workloads/moe-infinity/.venv/lib/python3.12/site-packages/torch/include/torch/csrc/autograd/variable.h:7,
                 from /home/yunwei37/workspace/gpu/gpu_ext/workloads/moe-infinity/.venv/lib/python3.12/site-packages/torch/include/torch/csrc/autograd/autograd.h:4,
                 from /home/yunwei37/workspace/gpu/gpu_ext/workloads/moe-infinity/.venv/lib/python3.12/site-packages/torch/include/torch/csrc/api/include/torch/autograd.h:4,
                 from /home/yunwei37/workspace/gpu/gpu_ext/workloads/moe-infinity/.venv/lib/python3.12/site-packages/torch/include/torch/csrc/api/include/torch/all.h:8,
                 from /home/yunwei37/workspace/gpu/gpu_ext/workloads/moe-infinity/.venv/lib/python3.12/site-packages/torch/include/torch/extension.h:6,
                 from /home/yunwei37/workspace/gpu/gpu_ext/workloads/expert-buffering-policy/section-vi/build/stage-check-02/core/python/py_archer_prefetch.cpp:6:
/home/yunwei37/workspace/gpu/gpu_ext/workloads/moe-infinity/.venv/lib/python3.12/site-packages/torch/include/c10/core/AutogradState.h:89:33: warning: default member initializers for bit-fields only available with ‘-std=c++20’ or ‘-std=gnu++20’ [-Wc++20-extensions]
   89 |   bool view_replay_enabled_ : 1 = false;
      |                                 ^
/home/yunwei37/workspace/gpu/gpu_ext/workloads/moe-infinity/.venv/lib/python3.12/site-packages/torch/include/c10/core/AutogradState.h:90:45: warning: default member initializers for bit-fields only available with ‘-std=c++20’ or ‘-std=gnu++20’ [-Wc++20-extensions]
   90 |   bool grad_layout_enforcement_enabled_ : 1 = true;
      |                                             ^
In file included from /home/yunwei37/workspace/gpu/gpu_ext/workloads/moe-infinity/.venv/lib/python3.12/site-packages/torch/include/torch/csrc/Exceptions.h:13,
                 from /home/yunwei37/workspace/gpu/gpu_ext/workloads/moe-infinity/.venv/lib/python3.12/site-packages/torch/include/torch/csrc/api/include/torch/python.h:12,
                 from /home/yunwei37/workspace/gpu/gpu_ext/workloads/moe-infinity/.venv/lib/python3.12/site-packages/torch/include/torch/extension.h:10:
/home/yunwei37/workspace/gpu/gpu_ext/workloads/moe-infinity/.venv/lib/python3.12/site-packages/torch/include/pybind11/pybind11.h: In instantiation of ‘class pybind11::class_<ArcherPrefetchHandle>’:
/home/yunwei37/workspace/gpu/gpu_ext/workloads/expert-buffering-policy/section-vi/build/stage-check-02/core/python/py_archer_prefetch.cpp:53:58:   required from here
/home/yunwei37/workspace/gpu/gpu_ext/workloads/moe-infinity/.venv/lib/python3.12/site-packages/torch/include/pybind11/pybind11.h:2277:7: warning: ‘pybind11::class_<ArcherPrefetchHandle>’ declared with greater visibility than its base ‘pybind11::detail::generic_type’ [-Wattributes]
 2277 | class class_ : public detail::generic_type {
      |       ^~~~~~
/home/yunwei37/workspace/gpu/gpu_ext/workloads/moe-infinity/.venv/lib/python3.12/site-packages/torch/include/pybind11/pybind11.h: In instantiation of ‘class pybind11::class_<ExpertDispatcher>’:
/home/yunwei37/workspace/gpu/gpu_ext/workloads/expert-buffering-policy/section-vi/build/stage-check-02/core/python/py_archer_prefetch.cpp:123:56:   required from here
/home/yunwei37/workspace/gpu/gpu_ext/workloads/moe-infinity/.venv/lib/python3.12/site-packages/torch/include/pybind11/pybind11.h:2277:7: warning: ‘pybind11::class_<ExpertDispatcher>’ declared with greater visibility than its base ‘pybind11::detail::generic_type’ [-Wattributes]
/home/yunwei37/workspace/gpu/gpu_ext/workloads/moe-infinity/.venv/lib/python3.12/site-packages/torch/include/pybind11/pybind11.h: In instantiation of ‘pybind11::class_< <template-parameter-1-1>, <template-parameter-1-2> >::class_(pybind11::handle, const char*, const Extra& ...) [with Extra = {}; type_ = ArcherPrefetchHandle; options = {}]’:
/home/yunwei37/workspace/gpu/gpu_ext/workloads/expert-buffering-policy/section-vi/build/stage-check-02/core/python/py_archer_prefetch.cpp:53:58:   required from here
/home/yunwei37/workspace/gpu/gpu_ext/workloads/moe-infinity/.venv/lib/python3.12/site-packages/torch/include/pybind11/pybind11.h:2375:28: warning: ‘pybind11::class_<ArcherPrefetchHandle>::class_<>(pybind11::handle, const char*)::<lambda(pybind11::detail::internals&)>’ declared with greater visibility than the type of its field ‘pybind11::class_<ArcherPrefetchHandle>::class_<>(pybind11::handle, const char*)::<lambda(pybind11::detail::internals&)>::<record capture>’ [-Wattributes]
 2375 |             with_internals([&](internals &internals) {
      |                            ^~~~~~~~~~~~~~~~~~~~~~~~~~~
 2376 |                 auto &local_internals = get_local_internals();
      |                 ~~~~~~~~~~~~~~~~~~~~~~~~~~~~~~~~~~~~~~~~~~~~~~
 2377 |                 if (record.module_local) {
      |                 ~~~~~~~~~~~~~~~~~~~~~~~~~~
 2378 |                     local_internals.registered_types_cpp[&typeid(type_alias)]
      |                     ~~~~~~~~~~~~~~~~~~~~~~~~~~~~~~~~~~~~~~~~~~~~~~~~~~~~~~~~~
 2379 |                         = local_internals.registered_types_cpp[&typeid(type)];
      |                         ~~~~~~~~~~~~~~~~~~~~~~~~~~~~~~~~~~~~~~~~~~~~~~~~~~~~~~
 2380 |                 } else {
      |                 ~~~~~~~~    
 2381 |                     type_info *const val
      |                     ~~~~~~~~~~~~~~~~~~~~
 2382 |                         = internals.registered_types_cpp[std::type_index(typeid(type))];
      |                         ~~~~~~~~~~~~~~~~~~~~~~~~~~~~~~~~~~~~~~~~~~~~~~~~~~~~~~~~~~~~~~~~
 2383 |                     internals.registered_types_cpp[std::type_index(typeid(type_alias))] = val;
      |                     ~~~~~~~~~~~~~~~~~~~~~~~~~~~~~~~~~~~~~~~~~~~~~~~~~~~~~~~~~~~~~~~~~~~~~~~~~~
 2384 | #if PYBIND11_INTERNALS_VERSION >= 12
      | ~~~~~~~~~~~~~~~~~~~~~~~~~~~~~~~~~~~~
 2385 |                     internals.registered_types_cpp_fast[&typeid(type_alias)] = val;
      |                     ~~~~~~~~~~~~~~~~~~~~~~~~~~~~~~~~~~~~~~~~~~~~~~~~~~~~~~~~~~~~~~~
 2386 | #endif
      | ~~~~~~                      
 2387 |                 }
      |                 ~           
 2388 |             });
      |             ~               
/home/yunwei37/workspace/gpu/gpu_ext/workloads/moe-infinity/.venv/lib/python3.12/site-packages/torch/include/pybind11/pybind11.h: In instantiation of ‘pybind11::class_< <template-parameter-1-1>, <template-parameter-1-2> >::class_(pybind11::handle, const char*, const Extra& ...) [with Extra = {}; type_ = ExpertDispatcher; options = {}]’:
/home/yunwei37/workspace/gpu/gpu_ext/workloads/expert-buffering-policy/section-vi/build/stage-check-02/core/python/py_archer_prefetch.cpp:123:56:   required from here
/home/yunwei37/workspace/gpu/gpu_ext/workloads/moe-infinity/.venv/lib/python3.12/site-packages/torch/include/pybind11/pybind11.h:2375:28: warning: ‘pybind11::class_<ExpertDispatcher>::class_<>(pybind11::handle, const char*)::<lambda(pybind11::detail::internals&)>’ declared with greater visibility than the type of its field ‘pybind11::class_<ExpertDispatcher>::class_<>(pybind11::handle, const char*)::<lambda(pybind11::detail::internals&)>::<record capture>’ [-Wattributes]
[18/19] /usr/bin/g++-13 -MMD -MF /home/yunwei37/workspace/gpu/gpu_ext/workloads/expert-buffering-policy/section-vi/build/stage-check-02/build/temp.linux-x86_64-cpython-312/core/utils/archer_logger.o.d -fno-strict-overflow -Wsign-compare -DNDEBUG -g -O2 -Wall -fPIC -I/home/yunwei37/workspace/gpu/gpu_ext/workloads/expert-buffering-policy/section-vi/build/stage-check-02/core -I/home/yunwei37/workspace/gpu/gpu_ext/workloads/moe-infinity/.venv/lib/python3.12/site-packages/torch/include -I/home/yunwei37/workspace/gpu/gpu_ext/workloads/moe-infinity/.venv/lib/python3.12/site-packages/torch/include/torch/csrc/api/include -I/home/yunwei37/workspace/gpu/gpu_ext/workloads/finemoe/.venv/include -I/usr/include/python3.12 -c -c /home/yunwei37/workspace/gpu/gpu_ext/workloads/expert-buffering-policy/section-vi/build/stage-check-02/core/utils/archer_logger.cpp -o /home/yunwei37/workspace/gpu/gpu_ext/workloads/expert-buffering-policy/section-vi/build/stage-check-02/build/temp.linux-x86_64-cpython-312/core/utils/archer_logger.o -g -Wall -O2 -std=c++17 -shared -fPIC -Wno-reorder -march=native -fopenmp -D__AVX256__ -I/usr/local/cuda/include -L/usr/local/cuda/lib64 -lcuda -lcudart -lcublas -lpthread -DTORCH_API_INCLUDE_EXTENSION_H -DTORCH_EXTENSION_NAME=prefetch_op
[19/19] /usr/bin/g++-13 -MMD -MF /home/yunwei37/workspace/gpu/gpu_ext/workloads/expert-buffering-policy/section-vi/build/stage-check-02/build/temp.linux-x86_64-cpython-312/core/utils/cuda_utils.o.d -fno-strict-overflow -Wsign-compare -DNDEBUG -g -O2 -Wall -fPIC -I/home/yunwei37/workspace/gpu/gpu_ext/workloads/expert-buffering-policy/section-vi/build/stage-check-02/core -I/home/yunwei37/workspace/gpu/gpu_ext/workloads/moe-infinity/.venv/lib/python3.12/site-packages/torch/include -I/home/yunwei37/workspace/gpu/gpu_ext/workloads/moe-infinity/.venv/lib/python3.12/site-packages/torch/include/torch/csrc/api/include -I/home/yunwei37/workspace/gpu/gpu_ext/workloads/finemoe/.venv/include -I/usr/include/python3.12 -c -c /home/yunwei37/workspace/gpu/gpu_ext/workloads/expert-buffering-policy/section-vi/build/stage-check-02/core/utils/cuda_utils.cpp -o /home/yunwei37/workspace/gpu/gpu_ext/workloads/expert-buffering-policy/section-vi/build/stage-check-02/build/temp.linux-x86_64-cpython-312/core/utils/cuda_utils.o -g -Wall -O2 -std=c++17 -shared -fPIC -Wno-reorder -march=native -fopenmp -D__AVX256__ -I/usr/local/cuda/include -L/usr/local/cuda/lib64 -lcuda -lcudart -lcublas -lpthread -DTORCH_API_INCLUDE_EXTENSION_H -DTORCH_EXTENSION_NAME=prefetch_op
creating build/lib.linux-x86_64-cpython-312/finemoe/ops/prefetch
/usr/bin/g++-13 -fno-strict-overflow -Wsign-compare -DNDEBUG -g -O2 -Wall -shared -Wl,-O1 -Wl,-Bsymbolic-functions -Wl,--build-id=none /home/yunwei37/workspace/gpu/gpu_ext/workloads/expert-buffering-policy/section-vi/build/stage-check-02/build/temp.linux-x86_64-cpython-312/core/aio/archer_aio_thread.o /home/yunwei37/workspace/gpu/gpu_ext/workloads/expert-buffering-policy/section-vi/build/stage-check-02/build/temp.linux-x86_64-cpython-312/core/aio/archer_aio_threadpool.o /home/yunwei37/workspace/gpu/gpu_ext/workloads/expert-buffering-policy/section-vi/build/stage-check-02/build/temp.linux-x86_64-cpython-312/core/aio/archer_aio_utils.o /home/yunwei37/workspace/gpu/gpu_ext/workloads/expert-buffering-policy/section-vi/build/stage-check-02/build/temp.linux-x86_64-cpython-312/core/aio/archer_prio_aio_handle.o /home/yunwei37/workspace/gpu/gpu_ext/workloads/expert-buffering-policy/section-vi/build/stage-check-02/build/temp.linux-x86_64-cpython-312/core/aio/archer_tensor_handle.o /home/yunwei37/workspace/gpu/gpu_ext/workloads/expert-buffering-policy/section-vi/build/stage-check-02/build/temp.linux-x86_64-cpython-312/core/aio/archer_tensor_index.o /home/yunwei37/workspace/gpu/gpu_ext/workloads/expert-buffering-policy/section-vi/build/stage-check-02/build/temp.linux-x86_64-cpython-312/core/eb_section_vi/adapter_state.o /home/yunwei37/workspace/gpu/gpu_ext/workloads/expert-buffering-policy/section-vi/build/stage-check-02/build/temp.linux-x86_64-cpython-312/core/memory/host_caching_allocator.o /home/yunwei37/workspace/gpu/gpu_ext/workloads/expert-buffering-policy/section-vi/build/stage-check-02/build/temp.linux-x86_64-cpython-312/core/memory/memory_pool.o /home/yunwei37/workspace/gpu/gpu_ext/workloads/expert-buffering-policy/section-vi/build/stage-check-02/build/temp.linux-x86_64-cpython-312/core/memory/stream_pool.o /home/yunwei37/workspace/gpu/gpu_ext/workloads/expert-buffering-policy/section-vi/build/stage-check-02/build/temp.linux-x86_64-cpython-312/core/model/model_topology.o /home/yunwei37/workspace/gpu/gpu_ext/workloads/expert-buffering-policy/section-vi/build/stage-check-02/build/temp.linux-x86_64-cpython-312/core/parallel/expert_dispatcher.o /home/yunwei37/workspace/gpu/gpu_ext/workloads/expert-buffering-policy/section-vi/build/stage-check-02/build/temp.linux-x86_64-cpython-312/core/parallel/expert_module.o /home/yunwei37/workspace/gpu/gpu_ext/workloads/expert-buffering-policy/section-vi/build/stage-check-02/build/temp.linux-x86_64-cpython-312/core/prefetch/archer_prefetch_handle.o /home/yunwei37/workspace/gpu/gpu_ext/workloads/expert-buffering-policy/section-vi/build/stage-check-02/build/temp.linux-x86_64-cpython-312/core/prefetch/task_scheduler.o /home/yunwei37/workspace/gpu/gpu_ext/workloads/expert-buffering-policy/section-vi/build/stage-check-02/build/temp.linux-x86_64-cpython-312/core/prefetch/task_thread.o /home/yunwei37/workspace/gpu/gpu_ext/workloads/expert-buffering-policy/section-vi/build/stage-check-02/build/temp.linux-x86_64-cpython-312/core/python/py_archer_prefetch.o /home/yunwei37/workspace/gpu/gpu_ext/workloads/expert-buffering-policy/section-vi/build/stage-check-02/build/temp.linux-x86_64-cpython-312/core/utils/archer_logger.o /home/yunwei37/workspace/gpu/gpu_ext/workloads/expert-buffering-policy/section-vi/build/stage-check-02/build/temp.linux-x86_64-cpython-312/core/utils/cuda_utils.o -L/home/yunwei37/workspace/gpu/gpu_ext/workloads/moe-infinity/.venv/lib/python3.12/site-packages/torch/lib -L/usr/lib/x86_64-linux-gnu -lc10 -ltorch -ltorch_cpu -ltorch_python -o build/lib.linux-x86_64-cpython-312/finemoe/ops/prefetch/prefetch_op.cpython-312-x86_64-linux-gnu.so -ldl
copying build/lib.linux-x86_64-cpython-312/finemoe/ops/prefetch/prefetch_op.cpython-312-x86_64-linux-gnu.so -> finemoe/ops/prefetch
private_offloader=/home/yunwei37/workspace/gpu/gpu_ext/workloads/expert-buffering-policy/section-vi/build/stage-check-02/finemoe/ops/prefetch/prefetch_op.cpython-312-x86_64-linux-gnu.so bytes=59238064
private_offloader_import=passed runtime_revision=section-vi-private-adapter-v1 cuda_initialized=false
owned_build_group_empty=true
