[2026-09-04 09:40:39][info][2698854] Setting BPFTIME_SHM_MEMORY_MB to: 256
[2026-09-04 09:40:39][info][2698854] Setting BPFTIME_MAX_FD_COUNT to: 1024
[2026-09-04 09:40:39][warning][2698854] BPFTIME_VERIFIER_LEVEL=WARNING was requested, but this bpftime build was compiled with ENABLE_EBPF_VERIFIER=OFF; continuing without userspace verification.
[2026-09-04 09:40:39][info][2698854] Verifier mode: WARNING
[2026-09-04 09:40:39][info][2698854] Init bpftime syscall mocking..
[2026-09-04 09:40:39][info][2698854] The log will be written to: console
[2026-09-04 09:40:39][info][2698854] Starting syscall server..
[2026-09-04 09:40:39][info][2698854] Setting BPFTIME_SHM_MEMORY_MB to: 256
[2026-09-04 09:40:39][info][2698854] Setting BPFTIME_MAX_FD_COUNT to: 1024
[2026-09-04 09:40:39][warning][2698854] BPFTIME_VERIFIER_LEVEL=WARNING was requested, but this bpftime build was compiled with ENABLE_EBPF_VERIFIER=OFF; continuing without userspace verification.
[2026-09-04 09:40:39][info][2698854] Verifier mode: WARNING
[2026-09-04 09:40:39][info][2698854] Initialize syscall server
[2026-09-04 09:40:39][info][2698854] Setting BPFTIME_SHM_MEMORY_MB to: 256
[2026-09-04 09:40:39][info][2698854] Setting BPFTIME_MAX_FD_COUNT to: 1024
[2026-09-04 09:40:39][warning][2698854] BPFTIME_VERIFIER_LEVEL=WARNING was requested, but this bpftime build was compiled with ENABLE_EBPF_VERIFIER=OFF; continuing without userspace verification.
[2026-09-04 09:40:39][info][2698854] Verifier mode: WARNING
[2026-09-04 09:40:39][info][2698854] Global shm constructed. shm_open_type 3 for fig15_map_2696097_113785050458392
[2026-09-04 09:40:39][info][2698854] Global shm initialized
[2026-09-04 09:40:39][info][2698854] Initializing CUDA at syscall-server side
[2026-09-04 09:40:39][info][2698854] CUDA initialized at syscall server side
[2026-09-04 09:40:39][info][2698854] bpftime-syscall-server started
[2026-09-04 09:40:39][info][2698854] syscall server: Set enable_mock_after_initialized to false
[2026-09-04 09:40:39][info][2698854] CUDA context for thread 2698854 has been set to 58d1f5469130
[2026-09-04 09:40:39][info][2698854] Map device_values (nv_gpu_shared_array_map_impl) shared array
[2026-09-04 09:40:39][info][2698854] Initializing map type of BPF_MAP_TYPE_GPU_ARRAY_MAP (device), total_buffer_size=256
[2026-09-04 09:40:39][info][2698854] syscall server: Set enable_mock_after_initialized to true
[2026-09-04 09:40:39][info][2698854] Map host_values (nv_gpu_shared_array_host_map_impl) shared array
[2026-09-04 09:40:39][info][2698854] Initializing map type of BPF_MAP_TYPE_GPU_ARRAY_HOST_MAP (shared mem), value_size=8, max_entries=32, total_buffer_size=256
[2026-09-04 09:40:39][info][2698854] Allocated shared memory buffer at 79f95fe2aa60
[2026-09-04 09:40:39][info][2698854] syscall server: Set enable_mock_after_initialized to false
[2026-09-04 09:40:39][info][2698854] CUDA context for thread 2698854 has been set to 58d1f6393770
[2026-09-04 09:40:39][info][2698854] Map observed_values (nv_gpu_shared_array_map_impl) shared array
[2026-09-04 09:40:39][info][2698854] Initializing map type of BPF_MAP_TYPE_GPU_ARRAY_MAP (device), total_buffer_size=256
[2026-09-04 09:40:39][info][2698854] syscall server: Set enable_mock_after_initialized to true
[2026-09-04 09:40:39][info][2698854] Created kprobe/kretprobe perf event handler, func_name fig15_map_kernel, addr 0
FIG15_READY	rpc_update	1
FIG15_MAP	rpc_values	0	5883671438182842368
FIG15_MAP	rpc_values	1	5883671438182842369
FIG15_MAP	rpc_values	2	5883671438182842370
FIG15_MAP	rpc_values	3	5883671438182842371
FIG15_MAP	rpc_values	4	5883671438182842372
FIG15_MAP	rpc_values	5	5883671438182842373
FIG15_MAP	rpc_values	6	5883671438182842374
FIG15_MAP	rpc_values	7	5883671438182842375
FIG15_MAP	rpc_values	8	5883671438182842376
FIG15_MAP	rpc_values	9	5883671438182842377
FIG15_MAP	rpc_values	10	5883671438182842378
FIG15_MAP	rpc_values	11	5883671438182842379
FIG15_MAP	rpc_values	12	5883671438182842380
FIG15_MAP	rpc_values	13	5883671438182842381
FIG15_MAP	rpc_values	14	5883671438182842382
FIG15_MAP	rpc_values	15	5883671438182842383
FIG15_MAP	rpc_values	16	5883671438182842384
FIG15_MAP	rpc_values	17	5883671438182842385
FIG15_MAP	rpc_values	18	5883671438182842386
FIG15_MAP	rpc_values	19	5883671438182842387
FIG15_MAP	rpc_values	20	5883671438182842388
FIG15_MAP	rpc_values	21	5883671438182842389
FIG15_MAP	rpc_values	22	5883671438182842390
FIG15_MAP	rpc_values	23	5883671438182842391
FIG15_MAP	rpc_values	24	5883671438182842392
FIG15_MAP	rpc_values	25	5883671438182842393
FIG15_MAP	rpc_values	26	5883671438182842394
FIG15_MAP	rpc_values	27	5883671438182842395
FIG15_MAP	rpc_values	28	5883671438182842396
FIG15_MAP	rpc_values	29	5883671438182842397
FIG15_MAP	rpc_values	30	5883671438182842398
FIG15_MAP	rpc_values	31	5883671438182842399
FIG15_DETACHED	1
[2026-09-04 09:40:43][warning][2698854] Calling original ioctl: 10 34 140723474258160
[2026-09-04 09:40:43][warning][2698854] Calling original ioctl: 9 3222292009 140723474258320
[2026-09-04 09:40:43][warning][2698854] Calling original ioctl: 10 34 140723474258160
[2026-09-04 09:40:43][warning][2698854] Calling original ioctl: 9 3222292009 140723474258320
