[2026-09-07 18:00:01][warning][1945074] Calling original ioctl: 8 3223340586 140722253228928
[2026-09-07 18:00:01][warning][1945074] Calling original ioctl: 8 3223340586 140722253228944
[2026-09-07 18:00:01][warning][1945074] Calling original ioctl: 8 3223340586 140722253228992
[2026-09-07 18:00:01][warning][1945074] Calling original ioctl: 9 25 140722253233312
[2026-09-07 18:00:01][warning][1945074] Calling original ioctl: 8 3224389163 140722253230576
[2026-09-07 18:00:01][warning][1945074] Calling original ioctl: 9 73 140722253229760
[2026-09-07 18:00:01][warning][1945074] Calling original ioctl: 9 33 140722253220528
[2026-09-07 18:00:01][warning][1945074] Calling original ioctl: 8 3224389163 140722253230256
[2026-09-07 18:00:01][warning][1945074] Calling original ioctl: 9 73 140722253229440
[2026-09-07 18:00:01][warning][1945074] Calling original ioctl: 9 33 140722253220208
[2026-09-07 18:00:01][warning][1945074] Calling original ioctl: 8 3224389163 140722253230256
[2026-09-07 18:00:01][warning][1945074] Calling original ioctl: 9 73 140722253229440
[2026-09-07 18:00:01][warning][1945074] Calling original ioctl: 9 33 140722253220208
[2026-09-07 18:00:01][warning][1945074] Calling original ioctl: 8 3224389163 140722253230752
[2026-09-07 18:00:01][warning][1945074] Calling original ioctl: 9 73 140722253229936
[2026-09-07 18:00:01][warning][1945074] Calling original ioctl: 9 33 140722253220704
[2026-09-07 18:00:01][warning][1945074] Calling original ioctl: 8 3224389163 140722253232432
[2026-09-07 18:00:01][warning][1945074] Calling original ioctl: 8 3224389163 140722253232416
[2026-09-07 18:00:01][warning][1945074] Calling original ioctl: 8 3224389163 140722253228656
[2026-09-07 18:00:01][warning][1945074] Calling original ioctl: 8 3223340586 140722253224240
[2026-09-07 18:00:01][warning][1945074] Calling original ioctl: 8 3224913486 140722253228784
[2026-09-07 18:00:01][warning][1945074] Calling original ioctl: 8 3223864926 140722253228736
[2026-09-07 18:00:01][warning][1945074] Calling original ioctl: 9 73 140722253227840
[2026-09-07 18:00:01][warning][1945074] Calling original ioctl: 9 33 140722253218608
[2026-09-07 18:00:01][warning][1945074] Calling original ioctl: 8 3224389163 140722253228192
[2026-09-07 18:00:01][warning][1945074] Calling original ioctl: 8 3223340586 140722253223776
[2026-09-07 18:00:01][warning][1945074] Calling original ioctl: 8 3224913486 140722253228320
[2026-09-07 18:00:01][warning][1945074] Calling original ioctl: 9 73 140722253227376
[2026-09-07 18:00:01][warning][1945074] Calling original ioctl: 9 33 140722253218144
[2026-09-07 18:00:01][warning][1945074] Calling original ioctl: 8 3224389163 140722253229040
[2026-09-07 18:00:01][warning][1945074] Calling original ioctl: 8 3223340586 140722253224624
[2026-09-07 18:00:01][warning][1945074] Calling original ioctl: 8 3224913486 140722253229168
[2026-09-07 18:00:01][warning][1945074] Calling original ioctl: 8 3224389163 140722253230896
[2026-09-07 18:00:01][warning][1945074] Calling original ioctl: 8 3223340586 140722253226928
[2026-09-07 18:00:01][warning][1945074] Calling original ioctl: 8 3224389163 140722253231184
[2026-09-07 18:00:01][warning][1945074] Calling original ioctl: 8 3223340586 140722253226864
[2026-09-07 18:00:01][warning][1945074] Calling original ioctl: 8 3224389163 140722253231184
[2026-09-07 18:00:01][warning][1945074] Calling original ioctl: 8 3223340586 140722253226864
[2026-09-07 18:00:01][warning][1945074] Calling original ioctl: 8 3223340586 140722253226944
[2026-09-07 18:00:01][warning][1945074] Calling original ioctl: 8 3223340586 140722253226944
[2026-09-07 18:00:01][warning][1945074] Calling original ioctl: 8 3224389163 140722253229840
[2026-09-07 18:00:01][warning][1945074] Calling original ioctl: 8 3223340586 140722253225424
[2026-09-07 18:00:01][warning][1945074] Calling original ioctl: 8 3224913486 140722253229968
[2026-09-07 18:00:01][warning][1945074] Calling original ioctl: 9 73 140722253229024
[2026-09-07 18:00:01][warning][1945074] Calling original ioctl: 9 33 140722253219792
[2026-09-07 18:00:01][warning][1945074] Calling original ioctl: 8 3224389163 140722253229040
[2026-09-07 18:00:01][warning][1945074] Calling original ioctl: 8 3223340586 140722253224624
[2026-09-07 18:00:01][warning][1945074] Calling original ioctl: 8 3224913486 140722253229168
[2026-09-07 18:00:01][warning][1945074] Calling original ioctl: 8 3224389163 140722253230896
[2026-09-07 18:00:01][warning][1945074] Calling original ioctl: 8 3223340586 140722253226928
[2026-09-07 18:00:01][warning][1945074] Calling original ioctl: 8 3224389163 140722253231184
[2026-09-07 18:00:01][warning][1945074] Calling original ioctl: 8 3223340586 140722253226864
[2026-09-07 18:00:01][warning][1945074] Calling original ioctl: 8 3223340586 140722253226944
[2026-09-07 18:00:01][warning][1945074] Calling original ioctl: 8 3223340586 140722253226944
[2026-09-07 18:00:01][warning][1945074] Calling original ioctl: 8 3224389163 140722253229040
[2026-09-07 18:00:01][warning][1945074] Calling original ioctl: 8 3223340586 140722253224624
[2026-09-07 18:00:01][warning][1945074] Calling original ioctl: 8 3224913486 140722253229168
[2026-09-07 18:00:01][warning][1945074] Calling original ioctl: 8 3224389163 140722253230896
[2026-09-07 18:00:01][warning][1945074] Calling original ioctl: 8 3223340586 140722253226928
[2026-09-07 18:00:01][warning][1945074] Calling original ioctl: 8 3224389163 140722253231184
[2026-09-07 18:00:01][warning][1945074] Calling original ioctl: 8 3223340586 140722253226864
[2026-09-07 18:00:01][warning][1945074] Calling original ioctl: 8 3224389163 140722253231184
[2026-09-07 18:00:01][warning][1945074] Calling original ioctl: 8 3223340586 140722253226864
[2026-09-07 18:00:01][warning][1945074] Calling original ioctl: 8 3223340586 140722253226944
[2026-09-07 18:00:01][warning][1945074] Calling original ioctl: 8 3223340586 140722253226944
[2026-09-07 18:00:01][warning][1945074] Calling original ioctl: 8 3224389163 140722253229040
[2026-09-07 18:00:01][warning][1945074] Calling original ioctl: 8 3223340586 140722253224624
[2026-09-07 18:00:01][warning][1945074] Calling original ioctl: 8 3224913486 140722253229168
[2026-09-07 18:00:01][warning][1945074] Calling original ioctl: 8 3224389163 140722253230896
[2026-09-07 18:00:01][warning][1945074] Calling original ioctl: 8 3223340586 140722253226928
[2026-09-07 18:00:01][warning][1945074] Calling original ioctl: 8 3224389163 140722253231184
[2026-09-07 18:00:01][warning][1945074] Calling original ioctl: 8 3223340586 140722253226864
[2026-09-07 18:00:01][warning][1945074] Calling original ioctl: 8 3223340586 140722253226944
[2026-09-07 18:00:01][warning][1945074] Calling original ioctl: 8 3223340586 140722253226944
[2026-09-07 18:00:01][warning][1945074] Calling original ioctl: 8 3224389163 140722253229040
[2026-09-07 18:00:01][warning][1945074] Calling original ioctl: 8 3223340586 140722253224624
[2026-09-07 18:00:01][warning][1945074] Calling original ioctl: 8 3224913486 140722253229168
[2026-09-07 18:00:01][warning][1945074] Calling original ioctl: 8 3224389163 140722253230896
[2026-09-07 18:00:01][warning][1945074] Calling original ioctl: 8 3223340586 140722253226928
[2026-09-07 18:00:01][warning][1945074] Calling original ioctl: 8 3224389163 140722253231184
[2026-09-07 18:00:01][warning][1945074] Calling original ioctl: 8 3223340586 140722253226864
[2026-09-07 18:00:01][warning][1945074] Calling original ioctl: 8 3224389163 140722253231184
[2026-09-07 18:00:01][warning][1945074] Calling original ioctl: 8 3223340586 140722253226864
[2026-09-07 18:00:01][warning][1945074] Calling original ioctl: 8 3223340586 140722253226944
[2026-09-07 18:00:01][warning][1945074] Calling original ioctl: 8 3223340586 140722253226944
[2026-09-07 18:00:01][warning][1945074] Calling original ioctl: 8 3224389163 140722253229040
[2026-09-07 18:00:01][warning][1945074] Calling original ioctl: 8 3223340586 140722253224624
[2026-09-07 18:00:01][warning][1945074] Calling original ioctl: 8 3224913486 140722253229168
[2026-09-07 18:00:01][warning][1945074] Calling original ioctl: 8 3224389163 140722253230896
[2026-09-07 18:00:01][warning][1945074] Calling original ioctl: 8 3223340586 140722253226928
[2026-09-07 18:00:01][warning][1945074] Calling original ioctl: 8 3224389163 140722253231184
[2026-09-07 18:00:01][warning][1945074] Calling original ioctl: 8 3223340586 140722253226864
[2026-09-07 18:00:01][warning][1945074] Calling original ioctl: 8 3223340586 140722253226944
[2026-09-07 18:00:01][warning][1945074] Calling original ioctl: 8 3223340586 140722253226944
[2026-09-07 18:00:01][warning][1945074] Calling original ioctl: 8 3224389163 140722253229040
[2026-09-07 18:00:01][warning][1945074] Calling original ioctl: 8 3223340586 140722253224624
[2026-09-07 18:00:01][warning][1945074] Calling original ioctl: 8 3224913486 140722253229168
[2026-09-07 18:00:01][warning][1945074] Calling original ioctl: 8 3224389163 140722253230896
[2026-09-07 18:00:01][warning][1945074] Calling original ioctl: 8 3223340586 140722253226928
[2026-09-07 18:00:01][warning][1945074] Calling original ioctl: 8 3224389163 140722253231184
[2026-09-07 18:00:01][warning][1945074] Calling original ioctl: 8 3223340586 140722253226864
[2026-09-07 18:00:01][warning][1945074] Calling original ioctl: 8 3224389163 140722253231184
[2026-09-07 18:00:01][warning][1945074] Calling original ioctl: 8 3223340586 140722253226864
[2026-09-07 18:00:01][warning][1945074] Calling original ioctl: 8 3223340586 140722253226944
[2026-09-07 18:00:01][warning][1945074] Calling original ioctl: 8 3223340586 140722253226944
[2026-09-07 18:00:01][warning][1945074] Calling original ioctl: 8 3224389163 140722253229040
[2026-09-07 18:00:01][warning][1945074] Calling original ioctl: 8 3223340586 140722253224624
[2026-09-07 18:00:01][warning][1945074] Calling original ioctl: 8 3224913486 140722253229168
[2026-09-07 18:00:01][warning][1945074] Calling original ioctl: 8 3224389163 140722253230896
[2026-09-07 18:00:01][warning][1945074] Calling original ioctl: 8 3223340586 140722253226928
[2026-09-07 18:00:01][warning][1945074] Calling original ioctl: 8 3224389163 140722253231184
[2026-09-07 18:00:01][warning][1945074] Calling original ioctl: 8 3223340586 140722253226864
[2026-09-07 18:00:01][warning][1945074] Calling original ioctl: 8 3223340586 140722253226944
[2026-09-07 18:00:01][warning][1945074] Calling original ioctl: 8 3223340586 140722253226944
[2026-09-07 18:00:01][warning][1945074] Calling original ioctl: 9 27 140722253232864
[2026-09-07 18:00:01][warning][1945074] Calling original ioctl: 9 27 140722253232864
[2026-09-07 18:00:01][warning][1945074] Calling original ioctl: 9 27 140722253232864
[2026-09-07 18:00:01][warning][1945074] Calling original ioctl: 9 27 140722253232864
[2026-09-07 18:00:01][warning][1945074] Calling original ioctl: 9 27 140722253232864
[2026-09-07 18:00:01][warning][1945074] Calling original ioctl: 9 27 140722253232864
[2026-09-07 18:00:01][warning][1945074] Calling original ioctl: 9 27 140722253232864
[2026-09-07 18:00:01][warning][1945074] Calling original ioctl: 9 27 140722253232864
[2026-09-07 18:00:01][warning][1945074] Calling original ioctl: 8 3223340586 140722253228528
[2026-09-07 18:00:01][warning][1945074] Calling original ioctl: 17 3221505737 140722253232624
[2026-09-07 18:00:01][warning][1945074] Calling original ioctl: 17 3222292174 140722253232608
[2026-09-07 18:00:01][warning][1945074] Calling original ioctl: 17 3224389163 140722253232592
[2026-09-07 18:00:01][warning][1945074] Calling original ioctl: 8 3224389163 140722253232432
[2026-09-07 18:00:01][warning][1945074] Calling original ioctl: 8 3224389163 140722253229040
[2026-09-07 18:00:01][warning][1945074] Calling original ioctl: 8 3223340586 140722253224624
[2026-09-07 18:00:01][warning][1945074] Calling original ioctl: 8 3224913486 140722253229168
[2026-09-07 18:00:01][warning][1945074] Calling original ioctl: 8 3224389163 140722253230896
[2026-09-07 18:00:01][warning][1945074] Calling original ioctl: 8 3223340586 140722253226928
[2026-09-07 18:00:01][warning][1945074] Calling original ioctl: 8 3224389163 140722253231184
[2026-09-07 18:00:01][warning][1945074] Calling original ioctl: 8 3223340586 140722253226864
[2026-09-07 18:00:01][warning][1945074] Calling original ioctl: 8 3223340586 140722253226944
[2026-09-07 18:00:01][warning][1945074] Calling original ioctl: 8 3224389163 140722253229040
[2026-09-07 18:00:01][warning][1945074] Calling original ioctl: 8 3223340586 140722253224624
[2026-09-07 18:00:01][warning][1945074] Calling original ioctl: 8 3224913486 140722253229168
[2026-09-07 18:00:01][warning][1945074] Calling original ioctl: 8 3224389163 140722253230896
[2026-09-07 18:00:01][warning][1945074] Calling original ioctl: 8 3223340586 140722253226928
[2026-09-07 18:00:01][warning][1945074] Calling original ioctl: 8 3224389163 140722253231184
[2026-09-07 18:00:01][warning][1945074] Calling original ioctl: 8 3223340586 140722253226864
[2026-09-07 18:00:01][warning][1945074] Calling original ioctl: 8 3223340586 140722253226944
[2026-09-07 18:00:01][warning][1945074] Calling original ioctl: 8 3224389163 140722253229040
[2026-09-07 18:00:01][warning][1945074] Calling original ioctl: 8 3223340586 140722253224624
[2026-09-07 18:00:01][warning][1945074] Calling original ioctl: 8 3224913486 140722253229168
[2026-09-07 18:00:01][warning][1945074] Calling original ioctl: 8 3224389163 140722253230896
[2026-09-07 18:00:01][warning][1945074] Calling original ioctl: 8 3223340586 140722253226928
[2026-09-07 18:00:01][warning][1945074] Calling original ioctl: 8 3224389163 140722253231184
[2026-09-07 18:00:01][warning][1945074] Calling original ioctl: 8 3223340586 140722253226864
[2026-09-07 18:00:01][warning][1945074] Calling original ioctl: 8 3223340586 140722253226944
[2026-09-07 18:00:01][warning][1945074] Calling original ioctl: 8 3224389163 140722253229040
[2026-09-07 18:00:01][warning][1945074] Calling original ioctl: 8 3223340586 140722253224624
[2026-09-07 18:00:01][warning][1945074] Calling original ioctl: 8 3224913486 140722253229168
[2026-09-07 18:00:01][warning][1945074] Calling original ioctl: 8 3224389163 140722253230896
[2026-09-07 18:00:01][warning][1945074] Calling original ioctl: 8 3223340586 140722253226928
[2026-09-07 18:00:01][warning][1945074] Calling original ioctl: 8 3224389163 140722253231184
[2026-09-07 18:00:01][warning][1945074] Calling original ioctl: 8 3223340586 140722253226864
[2026-09-07 18:00:01][warning][1945074] Calling original ioctl: 8 3223340586 140722253226944
[2026-09-07 18:00:01][warning][1945074] Calling original ioctl: 9 27 140722253232864
[2026-09-07 18:00:01][warning][1945074] Calling original ioctl: 9 27 140722253232864
[2026-09-07 18:00:01][warning][1945074] Calling original ioctl: 9 27 140722253232864
[2026-09-07 18:00:01][warning][1945074] Calling original ioctl: 9 27 140722253232864
[2026-09-07 18:00:01][warning][1945074] Calling original ioctl: 8 3223340586 140722253228528
[2026-09-07 18:00:01][warning][1945074] Calling original ioctl: 19 3221505737 140722253232624
[2026-09-07 18:00:01][warning][1945074] Calling original ioctl: 19 3222292174 140722253232608
[2026-09-07 18:00:01][warning][1945074] Calling original ioctl: 19 3224389163 140722253232592
[2026-09-07 18:00:01][warning][1945074] Calling original ioctl: 8 3224389163 140722253232432
[2026-09-07 18:00:01][warning][1945074] Calling original ioctl: 8 3224389163 140722253229040
[2026-09-07 18:00:01][warning][1945074] Calling original ioctl: 8 3223340586 140722253224624
[2026-09-07 18:00:01][warning][1945074] Calling original ioctl: 8 3224913486 140722253229168
[2026-09-07 18:00:01][warning][1945074] Calling original ioctl: 8 3224389163 140722253230896
[2026-09-07 18:00:01][warning][1945074] Calling original ioctl: 8 3223340586 140722253226928
[2026-09-07 18:00:01][warning][1945074] Calling original ioctl: 8 3224389163 140722253231184
[2026-09-07 18:00:01][warning][1945074] Calling original ioctl: 8 3223340586 140722253226864
[2026-09-07 18:00:01][warning][1945074] Calling original ioctl: 8 3223340586 140722253226944
[2026-09-07 18:00:01][warning][1945074] Calling original ioctl: 8 3224389163 140722253229040
[2026-09-07 18:00:01][warning][1945074] Calling original ioctl: 8 3223340586 140722253224624
[2026-09-07 18:00:01][warning][1945074] Calling original ioctl: 8 3224913486 140722253229168
[2026-09-07 18:00:01][warning][1945074] Calling original ioctl: 8 3224389163 140722253230896
[2026-09-07 18:00:01][warning][1945074] Calling original ioctl: 8 3223340586 140722253226928
[2026-09-07 18:00:01][warning][1945074] Calling original ioctl: 8 3224389163 140722253231184
[2026-09-07 18:00:01][warning][1945074] Calling original ioctl: 8 3223340586 140722253226864
[2026-09-07 18:00:01][warning][1945074] Calling original ioctl: 8 3223340586 140722253226944
[2026-09-07 18:00:01][warning][1945074] Calling original ioctl: 8 3224389163 140722253229040
[2026-09-07 18:00:01][warning][1945074] Calling original ioctl: 8 3223340586 140722253224624
[2026-09-07 18:00:01][warning][1945074] Calling original ioctl: 8 3224913486 140722253229168
[2026-09-07 18:00:01][warning][1945074] Calling original ioctl: 8 3224389163 140722253230896
[2026-09-07 18:00:01][warning][1945074] Calling original ioctl: 8 3223340586 140722253226928
[2026-09-07 18:00:01][warning][1945074] Calling original ioctl: 8 3224389163 140722253231184
[2026-09-07 18:00:01][warning][1945074] Calling original ioctl: 8 3223340586 140722253226864
[2026-09-07 18:00:01][warning][1945074] Calling original ioctl: 8 3223340586 140722253226944
[2026-09-07 18:00:01][warning][1945074] Calling original ioctl: 8 3224389163 140722253229040
[2026-09-07 18:00:01][warning][1945074] Calling original ioctl: 8 3223340586 140722253224624
[2026-09-07 18:00:01][warning][1945074] Calling original ioctl: 8 3224913486 140722253229168
[2026-09-07 18:00:01][warning][1945074] Calling original ioctl: 8 3224389163 140722253230896
[2026-09-07 18:00:01][warning][1945074] Calling original ioctl: 8 3223340586 140722253226928
[2026-09-07 18:00:01][warning][1945074] Calling original ioctl: 8 3224389163 140722253231184
[2026-09-07 18:00:01][warning][1945074] Calling original ioctl: 8 3223340586 140722253226864
[2026-09-07 18:00:01][warning][1945074] Calling original ioctl: 8 3223340586 140722253226944
[2026-09-07 18:00:01][warning][1945074] Calling original ioctl: 9 27 140722253232864
[2026-09-07 18:00:01][warning][1945074] Calling original ioctl: 9 27 140722253232864
[2026-09-07 18:00:01][warning][1945074] Calling original ioctl: 9 27 140722253232864
[2026-09-07 18:00:01][warning][1945074] Calling original ioctl: 9 27 140722253232864
[2026-09-07 18:00:01][warning][1945074] Calling original ioctl: 8 3223340586 140722253228528
[2026-09-07 18:00:01][warning][1945074] Calling original ioctl: 21 3221505737 140722253232624
[2026-09-07 18:00:01][warning][1945074] Calling original ioctl: 21 3222292174 140722253232608
[2026-09-07 18:00:01][warning][1945074] Calling original ioctl: 21 3224389163 140722253232592
[2026-09-07 18:00:01][warning][1945074] Calling original ioctl: 8 3224389163 140722253230064
[2026-09-07 18:00:01][warning][1945074] Calling original ioctl: 8 3223340586 140722253225648
[2026-09-07 18:00:01][warning][1945074] Calling original ioctl: 8 3224913486 140722253230192
[2026-09-07 18:00:01][warning][1945074] Calling original ioctl: 9 73 140722253229248
[2026-09-07 18:00:01][warning][1945074] Calling original ioctl: 9 33 140722253220016
[2026-09-07 18:00:01][warning][1945074] Calling original ioctl: 8 3224389163 140722253230368
[2026-09-07 18:00:01][warning][1945074] Calling original ioctl: 9 73 140722253229552
[2026-09-07 18:00:01][warning][1945074] Calling original ioctl: 9 33 140722253220320
[2026-09-07 18:00:01][warning][1945074] Calling original ioctl: 9 68 140722253219712
[2026-09-07 18:00:01][warning][1945074] Calling original ioctl: 9 72 140722253228816
[2026-09-07 18:00:01][warning][1945074] Calling original ioctl: 9 23 140722253233168
[2026-09-07 18:00:01][warning][1945074] Calling original ioctl: 9 23 140722253233168
[2026-09-07 18:00:01][warning][1945074] Calling original ioctl: 9 23 140722253233168
[2026-09-07 18:00:01][warning][1945074] Calling original ioctl: 9 23 140722253233168
[2026-09-07 18:00:01][warning][1945074] Calling original ioctl: 8 3224389163 140722253230368
[2026-09-07 18:00:01][warning][1945074] Calling original ioctl: 9 73 140722253229552
[2026-09-07 18:00:01][warning][1945074] Calling original ioctl: 9 33 140722253220320
[2026-09-07 18:00:01][warning][1945074] Calling original ioctl: 9 23 140722253233168
[2026-09-07 18:00:01][warning][1945074] Calling original ioctl: 9 23 140722253233168
[2026-09-07 18:00:01][warning][1945074] Calling original ioctl: 9 23 140722253233168
[2026-09-07 18:00:01][warning][1945074] Calling original ioctl: 8 3224389163 140722253229792
[2026-09-07 18:00:01][warning][1945074] Calling original ioctl: 8 3223340586 140722253225376
[2026-09-07 18:00:01][warning][1945074] Calling original ioctl: 8 3224913486 140722253229920
[2026-09-07 18:00:01][warning][1945074] Calling original ioctl: 9 73 140722253228976
[2026-09-07 18:00:01][warning][1945074] Calling original ioctl: 9 33 140722253219744
[2026-09-07 18:00:01][warning][1945074] Calling original ioctl: 12 3224913447 140722253229776
[2026-09-07 18:00:01][warning][1945074] Calling original ioctl: 9 73 140722253228976
[2026-09-07 18:00:01][warning][1945074] Calling original ioctl: 9 33 140722253219744
[2026-09-07 18:00:01][warning][1945074] Calling original ioctl: 8 3224389163 140722253230656
[2026-09-07 18:00:01][warning][1945074] Calling original ioctl: 9 73 140722253229840
[2026-09-07 18:00:01][warning][1945074] Calling original ioctl: 9 33 140722253220608
[2026-09-07 18:00:01][warning][1945074] Calling original ioctl: 12 3224913447 140722253230032
[2026-09-07 18:00:01][warning][1945074] Calling original ioctl: 9 73 140722253229232
[2026-09-07 18:00:01][warning][1945074] Calling original ioctl: 9 33 140722253220000
[2026-09-07 18:00:01][warning][1945074] Calling original ioctl: 8 3224389163 140722253230048
[2026-09-07 18:00:01][warning][1945074] Calling original ioctl: 9 73 140722253229232
[2026-09-07 18:00:01][warning][1945074] Calling original ioctl: 9 33 140722253220000
[2026-09-07 18:00:01][warning][1945074] Calling original ioctl: 9 65 140722253230320
[2026-09-07 18:00:01][warning][1945074] Calling original ioctl: 12 3224913447 140722253231136
[2026-09-07 18:00:01][warning][1945074] Calling original ioctl: 9 73 140722253230336
[2026-09-07 18:00:01][warning][1945074] Calling original ioctl: 9 33 140722253221104
[2026-09-07 18:00:01][warning][1945074] Calling original ioctl: 8 3224389163 140722253231152
[2026-09-07 18:00:01][warning][1945074] Calling original ioctl: 9 73 140722253230336
[2026-09-07 18:00:01][warning][1945074] Calling original ioctl: 9 33 140722253221104
[2026-09-07 18:00:01][warning][1945074] Calling original ioctl: 8 3224389163 140722253230720
[2026-09-07 18:00:01][warning][1945074] Calling original ioctl: 8 3223340586 140722253226304
[2026-09-07 18:00:01][warning][1945074] Calling original ioctl: 8 3224913486 140722253230848
[2026-09-07 18:00:01][warning][1945074] Calling original ioctl: 9 73 140722253229904
[2026-09-07 18:00:01][warning][1945074] Calling original ioctl: 9 33 140722253220672
[2026-09-07 18:00:01][warning][1945074] Calling original ioctl: 8 3224389163 140722253228432
[2026-09-07 18:00:01][warning][1945074] Calling original ioctl: 9 73 140722253227616
[2026-09-07 18:00:01][warning][1945074] Calling original ioctl: 9 33 140722253218384
[2026-09-07 18:00:01][warning][1945074] Calling original ioctl: 8 3224389163 140722253228352
[2026-09-07 18:00:01][warning][1945074] Calling original ioctl: 9 73 140722253227536
[2026-09-07 18:00:01][warning][1945074] Calling original ioctl: 9 33 140722253218304
[2026-09-07 18:00:01][warning][1945074] Calling original ioctl: 8 3224389163 140722253228352
[2026-09-07 18:00:01][warning][1945074] Calling original ioctl: 9 73 140722253227536
[2026-09-07 18:00:01][warning][1945074] Calling original ioctl: 9 33 140722253218304
[2026-09-07 18:00:01][warning][1945074] Calling original ioctl: 12 3224913447 140722253230688
[2026-09-07 18:00:01][warning][1945074] Calling original ioctl: 9 73 140722253229888
[2026-09-07 18:00:01][warning][1945074] Calling original ioctl: 9 33 140722253220656
[2026-09-07 18:00:01][warning][1945074] Calling original ioctl: 8 3224389163 140722253233296
[2026-09-07 18:00:01][warning][1945074] Calling original ioctl: 8 3224389163 140722253230192
[2026-09-07 18:00:01][warning][1945074] Calling original ioctl: 8 3223340586 140722253225776
[2026-09-07 18:00:01][warning][1945074] Calling original ioctl: 8 3224913486 140722253230320
[2026-09-07 18:00:01][warning][1945074] Calling original ioctl: 9 73 140722253229376
[2026-09-07 18:00:01][warning][1945074] Calling original ioctl: 9 33 140722253220144
[2026-09-07 18:00:01][warning][1945074] Calling original ioctl: 8 3224389163 140722253230512
[2026-09-07 18:00:01][warning][1945074] Calling original ioctl: 9 73 140722253229696
[2026-09-07 18:00:01][warning][1945074] Calling original ioctl: 9 33 140722253220464
[2026-09-07 18:00:01][warning][1945074] Calling original ioctl: 8 3224389163 140722253230512
[2026-09-07 18:00:01][warning][1945074] Calling original ioctl: 9 73 140722253229696
[2026-09-07 18:00:01][warning][1945074] Calling original ioctl: 9 33 140722253220464
[2026-09-07 18:00:01][warning][1945074] Calling original ioctl: 24 3221505737 140722253232960
[2026-09-07 18:00:01][warning][1945074] Calling original ioctl: 24 3222292174 140722253232944
[2026-09-07 18:00:01][warning][1945074] Calling original ioctl: 24 3224389163 140722253232928
[2026-09-07 18:00:01][warning][1945074] Calling original ioctl: 26 3221505737 140722253232960
[2026-09-07 18:00:01][warning][1945074] Calling original ioctl: 26 3222292174 140722253232944
[2026-09-07 18:00:01][warning][1945074] Calling original ioctl: 26 3224389163 140722253232928
[2026-09-07 18:00:01][warning][1945074] Calling original ioctl: 28 3221505737 140722253232960
[2026-09-07 18:00:01][warning][1945074] Calling original ioctl: 28 3222292174 140722253232944
[2026-09-07 18:00:01][warning][1945074] Calling original ioctl: 28 3224389163 140722253232928
[2026-09-07 18:00:01][warning][1945074] Calling original ioctl: 30 3221505737 140722253232960
[2026-09-07 18:00:01][warning][1945074] Calling original ioctl: 30 3222292174 140722253232944
[2026-09-07 18:00:01][warning][1945074] Calling original ioctl: 30 3224389163 140722253232928
[2026-09-07 18:00:01][warning][1945074] Calling original ioctl: 8 3223340586 140722253228672
[2026-09-07 18:00:01][warning][1945074] Calling original ioctl: 8 3223340586 140722253228848
[2026-09-07 18:00:01][warning][1945074] Calling original ioctl: 8 3223340586 140722253229008
[2026-09-07 18:00:01][warning][1945074] Calling original ioctl: 8 3224389163 140722253230480
[2026-09-07 18:00:01][warning][1945074] Calling original ioctl: 9 73 140722253229664
[2026-09-07 18:00:01][warning][1945074] Calling original ioctl: 9 33 140722253220432
[2026-09-07 18:00:01][warning][1945074] Calling original ioctl: 8 3223340586 140722253229008
libbpf: loading object 'onevalue_array_bpf' from buffer
libbpf: elf: section(2) .symtab, size 264, link 1, flags 0, type=2
libbpf: elf: section(3) kretprobe/_Z9rope_normILb1ELb0Ef6__halfEvPKT1_PT2_iiiiiPKifff14rope_corr_dimsfPKfPKli, size 816, link 0, flags 6, type=1
libbpf: sec 'kretprobe/_Z9rope_normILb1ELb0Ef6__halfEvPKT1_PT2_iiiiiPKifff14rope_corr_dimsfPKfPKli': found program 'cuda__retprobe' at insn offset 0 (0 bytes), code size 102 insns (816 bytes)
libbpf: elf: section(4) .maps, size 32, link 0, flags 3, type=1
libbpf: elf: section(5) license, size 4, link 0, flags 3, type=1
libbpf: license of onevalue_array_bpf is GPL
libbpf: elf: section(6) .relkretprobe/_Z9rope_normILb1ELb0Ef6__halfEvPKT1_PT2_iiiiiPKifff14rope_corr_dimsfPKfPKli, size 16, link 2, flags 40, type=9
libbpf: elf: section(7) .BTF, size 2230, link 0, flags 0, type=1
libbpf: elf: section(8) .BTF.ext, size 768, link 0, flags 0, type=1
libbpf: looking for externs among 11 symbols...
libbpf: collected 0 externs total
libbpf: map 'arena': at sec_idx 4, offset 0.
libbpf: map 'arena': found type = 1503.
libbpf: map 'arena': found key [8], sz = 4.
libbpf: map 'arena': found value [12], sz = 23199768.
libbpf: map 'arena': found max_entries = 1.
libbpf: sec '.relkretprobe/_Z9rope_normILb1ELb0Ef6__halfEvPKT1_PT2_iiiiiPKifff14rope_corr_dimsfPKfPKli': collecting relocation for section(3) 'kretprobe/_Z9rope_normILb1ELb0Ef6__halfEvPKT1_PT2_iiiiiPKifff14rope_corr_dimsfPKfPKli'
libbpf: sec '.relkretprobe/_Z9rope_normILb1ELb0Ef6__halfEvPKT1_PT2_iiiiiPKifff14rope_corr_dimsfPKfPKli': relo #0: insn #47 against 'arena'
libbpf: prog 'cuda__retprobe': found map 0 (arena, sec 4, off 0) for insn #47
libbpf: object 'onevalue_array_': failed (-EACCES) to open BPF FS mount at '/sys/fs/bpf', skipping optional step...
libbpf: Kernel doesn't support BTF, skipping uploading it.
libbpf: map 'arena': created successfully, fd=34
One-value map type: 1503
One-value map max entries: 1
One-value map value bytes: 23199768
One-value probe attached; waiting for SIGINT
[2026-09-07 18:00:17][warning][1945085] Calling original ioctl: 8 3223340586 135246121895536
[2026-09-07 18:01:41][warning][1945074] Calling original ioctl: 8 3223340586 140722253222336
One-value drain bytes: 23199768
One-value drain time ns: 10972463
Warp append counters total: 720896
Active warps: 16384
Coordinate extent x: 16384
Stored events: 720896
Event coordinate mismatches: 0
Reserved total committed (device): 0
Overflow events: 0
Out-of-range events: 0
Nonzero timestamps: 720896
[2026-09-07 18:01:41][warning][1945074] Calling original ioctl: 9 34 140722253232016
[2026-09-07 18:01:41][warning][1945074] Calling original ioctl: 8 3222292009 140722253232176
[2026-09-07 18:01:41][warning][1945074] Calling original ioctl: 9 34 140722253234608
[2026-09-07 18:01:41][warning][1945074] Calling original ioctl: 8 3222292009 140722253234768
[2026-09-07 18:01:41][warning][1945074] Calling original ioctl: 9 34 140722253234608
[2026-09-07 18:01:41][warning][1945074] Calling original ioctl: 8 3222292009 140722253234768
[2026-09-07 18:01:41][warning][1945074] Calling original ioctl: 8 3222292009 140722253235488
[2026-09-07 18:01:41][warning][1945074] Calling original ioctl: 26 3222292175 140722253235504
[2026-09-07 18:01:41][warning][1945074] Calling original ioctl: 8 3222292009 140722253235488
[2026-09-07 18:01:41][warning][1945074] Calling original ioctl: 28 3222292175 140722253235504
[2026-09-07 18:01:41][warning][1945074] Calling original ioctl: 8 3222292009 140722253235488
[2026-09-07 18:01:41][warning][1945074] Calling original ioctl: 24 3222292175 140722253235504
[2026-09-07 18:01:41][warning][1945074] Calling original ioctl: 8 3222292009 140722253235488
[2026-09-07 18:01:41][warning][1945074] Calling original ioctl: 30 3222292175 140722253235504
[2026-09-07 18:01:41][warning][1945074] Calling original ioctl: 9 34 140722253234512
[2026-09-07 18:01:41][warning][1945074] Calling original ioctl: 8 3222292009 140722253234672
[2026-09-07 18:01:41][warning][1945074] Calling original ioctl: 9 34 140722253234512
[2026-09-07 18:01:41][warning][1945074] Calling original ioctl: 8 3222292009 140722253234672
[2026-09-07 18:01:41][warning][1945074] Calling original ioctl: 9 34 140722253234640
[2026-09-07 18:01:41][warning][1945074] Calling original ioctl: 8 3223340623 140722253234848
[2026-09-07 18:01:41][warning][1945074] Calling original ioctl: 8 3222292009 140722253234800
[2026-09-07 18:01:41][warning][1945074] Calling original ioctl: 8 3222292009 140722253235568
[2026-09-07 18:01:41][warning][1945074] Calling original ioctl: 9 34 140722253234624
[2026-09-07 18:01:41][warning][1945074] Calling original ioctl: 8 3222292009 140722253234784
[2026-09-07 18:01:41][warning][1945074] Calling original ioctl: 9 34 140722253234624
[2026-09-07 18:01:41][warning][1945074] Calling original ioctl: 8 3223340623 140722253234832
[2026-09-07 18:01:41][warning][1945074] Calling original ioctl: 8 3222292009 140722253234784
[2026-09-07 18:01:41][warning][1945074] Calling original ioctl: 8 3223340586 140722253230496
[2026-09-07 18:01:41][warning][1945074] Calling original ioctl: 9 34 140722253234448
[2026-09-07 18:01:41][warning][1945074] Calling original ioctl: 8 3222292009 140722253234608
[2026-09-07 18:01:41][warning][1945074] Calling original ioctl: 8 3223340586 140722253230496
[2026-09-07 18:01:41][warning][1945074] Calling original ioctl: 9 34 140722253234448
[2026-09-07 18:01:41][warning][1945074] Calling original ioctl: 8 3222292009 140722253234608
[2026-09-07 18:01:41][warning][1945074] Calling original ioctl: 8 3223340586 140722253230496
[2026-09-07 18:01:41][warning][1945074] Calling original ioctl: 9 34 140722253234448
[2026-09-07 18:01:41][warning][1945074] Calling original ioctl: 8 3222292009 140722253234608
[2026-09-07 18:01:41][warning][1945074] Calling original ioctl: 8 3223340586 140722253231392
[2026-09-07 18:01:41][warning][1945074] Calling original ioctl: 9 34 140722253234672
[2026-09-07 18:01:41][warning][1945074] Calling original ioctl: 9 34 140722253234672
[2026-09-07 18:01:41][warning][1945074] Calling original ioctl: 8 3222292009 140722253234832
[2026-09-07 18:01:41][warning][1945074] Calling original ioctl: 9 34 140722253234672
[2026-09-07 18:01:41][warning][1945074] Calling original ioctl: 8 3222292009 140722253234832
[2026-09-07 18:01:41][warning][1945074] Calling original ioctl: 9 34 140722253234624
[2026-09-07 18:01:41][warning][1945074] Calling original ioctl: 8 3223340623 140722253234832
[2026-09-07 18:01:41][warning][1945074] Calling original ioctl: 8 3222292009 140722253234784
[2026-09-07 18:01:41][warning][1945074] Calling original ioctl: 9 24 140722253235664
[2026-09-07 18:01:41][warning][1945074] Calling original ioctl: 9 24 140722253235664
[2026-09-07 18:01:41][warning][1945074] Calling original ioctl: 9 24 140722253235696
[2026-09-07 18:01:41][warning][1945074] Calling original ioctl: 9 24 140722253235664
[2026-09-07 18:01:41][warning][1945074] Calling original ioctl: 9 24 140722253235664
[2026-09-07 18:01:41][warning][1945074] Calling original ioctl: 9 24 140722253235664
[2026-09-07 18:01:41][warning][1945074] Calling original ioctl: 9 24 140722253235664
[2026-09-07 18:01:41][warning][1945074] Calling original ioctl: 9 34 140722253234560
[2026-09-07 18:01:41][warning][1945074] Calling original ioctl: 8 3222292009 140722253234720
[2026-09-07 18:01:41][warning][1945074] Calling original ioctl: 9 34 140722253234560
[2026-09-07 18:01:41][warning][1945074] Calling original ioctl: 8 3222292009 140722253234720
[2026-09-07 18:01:41][warning][1945074] Calling original ioctl: 9 34 140722253234672
[2026-09-07 18:01:41][warning][1945074] Calling original ioctl: 8 3222292009 140722253234832
[2026-09-07 18:01:41][warning][1945074] Calling original ioctl: 8 3222292009 140722253235408
[2026-09-07 18:01:41][warning][1945074] Calling original ioctl: 17 3222292175 140722253235424
[2026-09-07 18:01:41][warning][1945074] Calling original ioctl: 9 28 140722253235536
[2026-09-07 18:01:41][warning][1945074] Calling original ioctl: 9 28 140722253235536
[2026-09-07 18:01:41][warning][1945074] Calling original ioctl: 9 28 140722253235536
[2026-09-07 18:01:41][warning][1945074] Calling original ioctl: 9 28 140722253235536
[2026-09-07 18:01:41][warning][1945074] Calling original ioctl: 9 28 140722253235536
[2026-09-07 18:01:41][warning][1945074] Calling original ioctl: 9 28 140722253235536
[2026-09-07 18:01:41][warning][1945074] Calling original ioctl: 9 28 140722253235536
[2026-09-07 18:01:41][warning][1945074] Calling original ioctl: 9 28 140722253235536
[2026-09-07 18:01:41][warning][1945074] Calling original ioctl: 8 3222292009 140722253235296
[2026-09-07 18:01:41][warning][1945074] Calling original ioctl: 8 3222292009 140722253235296
[2026-09-07 18:01:41][warning][1945074] Calling original ioctl: 8 3222292009 140722253235344
[2026-09-07 18:01:41][warning][1945074] Calling original ioctl: 8 3223340623 140722253234608
[2026-09-07 18:01:41][warning][1945074] Calling original ioctl: 8 3222292009 140722253234560
[2026-09-07 18:01:41][warning][1945074] Calling original ioctl: 8 3222292009 140722253235296
[2026-09-07 18:01:41][warning][1945074] Calling original ioctl: 8 3222292009 140722253235344
[2026-09-07 18:01:41][warning][1945074] Calling original ioctl: 8 3223340623 140722253234608
[2026-09-07 18:01:41][warning][1945074] Calling original ioctl: 8 3222292009 140722253234560
[2026-09-07 18:01:41][warning][1945074] Calling original ioctl: 8 3222292009 140722253235296
[2026-09-07 18:01:41][warning][1945074] Calling original ioctl: 8 3222292009 140722253235296
[2026-09-07 18:01:41][warning][1945074] Calling original ioctl: 8 3222292009 140722253235344
[2026-09-07 18:01:41][warning][1945074] Calling original ioctl: 8 3223340623 140722253234608
[2026-09-07 18:01:41][warning][1945074] Calling original ioctl: 8 3222292009 140722253234560
[2026-09-07 18:01:41][warning][1945074] Calling original ioctl: 8 3222292009 140722253235296
[2026-09-07 18:01:41][warning][1945074] Calling original ioctl: 8 3222292009 140722253235344
[2026-09-07 18:01:41][warning][1945074] Calling original ioctl: 8 3223340623 140722253234608
[2026-09-07 18:01:41][warning][1945074] Calling original ioctl: 8 3222292009 140722253234560
[2026-09-07 18:01:41][warning][1945074] Calling original ioctl: 8 3222292009 140722253235296
[2026-09-07 18:01:41][warning][1945074] Calling original ioctl: 8 3222292009 140722253235296
[2026-09-07 18:01:41][warning][1945074] Calling original ioctl: 8 3222292009 140722253235344
[2026-09-07 18:01:41][warning][1945074] Calling original ioctl: 8 3223340623 140722253234608
[2026-09-07 18:01:41][warning][1945074] Calling original ioctl: 8 3222292009 140722253234560
[2026-09-07 18:01:41][warning][1945074] Calling original ioctl: 8 3222292009 140722253235296
[2026-09-07 18:01:41][warning][1945074] Calling original ioctl: 8 3222292009 140722253235344
[2026-09-07 18:01:41][warning][1945074] Calling original ioctl: 8 3223340623 140722253234608
[2026-09-07 18:01:41][warning][1945074] Calling original ioctl: 8 3222292009 140722253234560
[2026-09-07 18:01:41][warning][1945074] Calling original ioctl: 8 3222292009 140722253235296
[2026-09-07 18:01:41][warning][1945074] Calling original ioctl: 8 3222292009 140722253235296
[2026-09-07 18:01:41][warning][1945074] Calling original ioctl: 8 3222292009 140722253235344
[2026-09-07 18:01:41][warning][1945074] Calling original ioctl: 8 3223340623 140722253234608
[2026-09-07 18:01:41][warning][1945074] Calling original ioctl: 8 3222292009 140722253234560
[2026-09-07 18:01:41][warning][1945074] Calling original ioctl: 8 3222292009 140722253235296
[2026-09-07 18:01:41][warning][1945074] Calling original ioctl: 8 3222292009 140722253235344
[2026-09-07 18:01:41][warning][1945074] Calling original ioctl: 8 3223340623 140722253234608
[2026-09-07 18:01:41][warning][1945074] Calling original ioctl: 8 3222292009 140722253234560
[2026-09-07 18:01:41][warning][1945074] Calling original ioctl: 8 3222292009 140722253235472
[2026-09-07 18:01:41][warning][1945074] Calling original ioctl: 8 3222292009 140722253235440
[2026-09-07 18:01:41][warning][1945074] Calling original ioctl: 8 3222292009 140722253235408
[2026-09-07 18:01:41][warning][1945074] Calling original ioctl: 19 3222292175 140722253235424
[2026-09-07 18:01:41][warning][1945074] Calling original ioctl: 9 28 140722253235536
[2026-09-07 18:01:41][warning][1945074] Calling original ioctl: 9 28 140722253235536
[2026-09-07 18:01:41][warning][1945074] Calling original ioctl: 9 28 140722253235536
[2026-09-07 18:01:41][warning][1945074] Calling original ioctl: 9 28 140722253235536
[2026-09-07 18:01:41][warning][1945074] Calling original ioctl: 8 3222292009 140722253235296
[2026-09-07 18:01:41][warning][1945074] Calling original ioctl: 8 3222292009 140722253235344
[2026-09-07 18:01:41][warning][1945074] Calling original ioctl: 8 3223340623 140722253234608
[2026-09-07 18:01:41][warning][1945074] Calling original ioctl: 8 3222292009 140722253234560
[2026-09-07 18:01:41][warning][1945074] Calling original ioctl: 8 3222292009 140722253235296
[2026-09-07 18:01:41][warning][1945074] Calling original ioctl: 8 3222292009 140722253235344
[2026-09-07 18:01:41][warning][1945074] Calling original ioctl: 8 3223340623 140722253234608
[2026-09-07 18:01:41][warning][1945074] Calling original ioctl: 8 3222292009 140722253234560
[2026-09-07 18:01:41][warning][1945074] Calling original ioctl: 8 3222292009 140722253235296
[2026-09-07 18:01:41][warning][1945074] Calling original ioctl: 8 3222292009 140722253235344
[2026-09-07 18:01:41][warning][1945074] Calling original ioctl: 8 3223340623 140722253234608
[2026-09-07 18:01:41][warning][1945074] Calling original ioctl: 8 3222292009 140722253234560
[2026-09-07 18:01:41][warning][1945074] Calling original ioctl: 8 3222292009 140722253235296
[2026-09-07 18:01:41][warning][1945074] Calling original ioctl: 8 3222292009 140722253235344
[2026-09-07 18:01:41][warning][1945074] Calling original ioctl: 8 3223340623 140722253234608
[2026-09-07 18:01:41][warning][1945074] Calling original ioctl: 8 3222292009 140722253234560
[2026-09-07 18:01:41][warning][1945074] Calling original ioctl: 8 3222292009 140722253235440
[2026-09-07 18:01:41][warning][1945074] Calling original ioctl: 8 3222292009 140722253235408
[2026-09-07 18:01:41][warning][1945074] Calling original ioctl: 21 3222292175 140722253235424
[2026-09-07 18:01:41][warning][1945074] Calling original ioctl: 9 28 140722253235536
[2026-09-07 18:01:41][warning][1945074] Calling original ioctl: 9 28 140722253235536
[2026-09-07 18:01:41][warning][1945074] Calling original ioctl: 9 28 140722253235536
[2026-09-07 18:01:41][warning][1945074] Calling original ioctl: 9 28 140722253235536
[2026-09-07 18:01:41][warning][1945074] Calling original ioctl: 8 3222292009 140722253235296
[2026-09-07 18:01:41][warning][1945074] Calling original ioctl: 8 3222292009 140722253235344
[2026-09-07 18:01:41][warning][1945074] Calling original ioctl: 8 3223340623 140722253234608
[2026-09-07 18:01:41][warning][1945074] Calling original ioctl: 8 3222292009 140722253234560
[2026-09-07 18:01:41][warning][1945074] Calling original ioctl: 8 3222292009 140722253235296
[2026-09-07 18:01:41][warning][1945074] Calling original ioctl: 8 3222292009 140722253235344
[2026-09-07 18:01:41][warning][1945074] Calling original ioctl: 8 3223340623 140722253234608
[2026-09-07 18:01:41][warning][1945074] Calling original ioctl: 8 3222292009 140722253234560
[2026-09-07 18:01:41][warning][1945074] Calling original ioctl: 8 3222292009 140722253235296
[2026-09-07 18:01:41][warning][1945074] Calling original ioctl: 8 3222292009 140722253235344
[2026-09-07 18:01:41][warning][1945074] Calling original ioctl: 8 3223340623 140722253234608
[2026-09-07 18:01:41][warning][1945074] Calling original ioctl: 8 3222292009 140722253234560
[2026-09-07 18:01:41][warning][1945074] Calling original ioctl: 8 3222292009 140722253235296
[2026-09-07 18:01:41][warning][1945074] Calling original ioctl: 8 3222292009 140722253235344
[2026-09-07 18:01:41][warning][1945074] Calling original ioctl: 8 3223340623 140722253234608
[2026-09-07 18:01:41][warning][1945074] Calling original ioctl: 8 3222292009 140722253234560
[2026-09-07 18:01:41][warning][1945074] Calling original ioctl: 9 34 140722253234368
[2026-09-07 18:01:41][warning][1945074] Calling original ioctl: 8 3223340623 140722253234576
[2026-09-07 18:01:41][warning][1945074] Calling original ioctl: 8 3222292009 140722253234528
[2026-09-07 18:01:41][warning][1945074] Calling original ioctl: 9 34 140722253234368
[2026-09-07 18:01:41][warning][1945074] Calling original ioctl: 8 3223340623 140722253234576
[2026-09-07 18:01:41][warning][1945074] Calling original ioctl: 8 3222292009 140722253234528
[2026-09-07 18:01:41][warning][1945074] Calling original ioctl: 8 3222292009 140722253235440
[2026-09-07 18:01:41][warning][1945074] Calling original ioctl: 9 34 140722253234672
[2026-09-07 18:01:41][warning][1945074] Calling original ioctl: 8 3222292009 140722253234832
[2026-09-07 18:01:41][warning][1945074] Calling original ioctl: 9 34 140722253234576
[2026-09-07 18:01:41][warning][1945074] Calling original ioctl: 8 3222292009 140722253234736
[2026-09-07 18:01:41][warning][1945074] Calling original ioctl: 9 34 140722253234672
[2026-09-07 18:01:41][warning][1945074] Calling original ioctl: 8 3222292009 140722253234832
[2026-09-07 18:01:41][warning][1945074] Calling original ioctl: 9 34 140722253234624
[2026-09-07 18:01:41][warning][1945074] Calling original ioctl: 8 3222292009 140722253234784
[2026-09-07 18:01:41][warning][1945074] Calling original ioctl: 9 34 140722253234608
[2026-09-07 18:01:41][warning][1945074] Calling original ioctl: 8 3223340623 140722253234816
[2026-09-07 18:01:41][warning][1945074] Calling original ioctl: 8 3222292009 140722253234768
[2026-09-07 18:01:41][warning][1945074] Calling original ioctl: 9 34 140722253234608
[2026-09-07 18:01:41][warning][1945074] Calling original ioctl: 8 3223340623 140722253234816
[2026-09-07 18:01:41][warning][1945074] Calling original ioctl: 8 3222292009 140722253234768
[2026-09-07 18:01:41][warning][1945074] Calling original ioctl: 9 34 140722253234624
[2026-09-07 18:01:41][warning][1945074] Calling original ioctl: 8 3222292009 140722253234784
[2026-09-07 18:01:41][warning][1945074] Calling original ioctl: 9 34 140722253234624
[2026-09-07 18:01:41][warning][1945074] Calling original ioctl: 8 3222292009 140722253234784
[2026-09-07 18:01:41][warning][1945074] Calling original ioctl: 9 34 140722253234784
[2026-09-07 18:01:41][warning][1945074] Calling original ioctl: 8 3223340586 140722253231376
