[XSCHED INFO @ T 136643 @ 00:11:45.683769] using global scheduler
[XSCHED INFO @ T 136643 @ 00:11:45.902612] native-700 probe 1: resume blob VA 0x7298c8600000 size 336, syncing
[XSCHED INFO @ T 136643 @ 00:11:45.902635] native-700 probe 1: resume blob copy synced clean
{"event":"ready","role":"be","process_id":1,"streams":4,"tasks":50}
[XSCHED INFO @ T 136643 @ 00:11:45.903710] meta-extend: fatbin-cubin[0] CBANK_PARAM_SIZE 0x8 -> 0x1520
[XSCHED INFO @ T 136643 @ 00:11:45.903716] meta-extend: fatbin-cubin[0] PARAM_CBANK param_size 0x8 -> 0x1520
[XSCHED INFO @ T 136643 @ 00:11:45.903717] meta-extend: fatbin-cubin[0] declared c[0x0] param region [0x380, 0x18a0]
[XSCHED INFO @ T 136643 @ 00:11:45.903719] meta-extend: fatbin-cubin[1] CBANK_PARAM_SIZE 0x20 -> 0x1520
[XSCHED INFO @ T 136643 @ 00:11:45.903719] meta-extend: fatbin-cubin[1] PARAM_CBANK param_size 0x20 -> 0x1520
[XSCHED INFO @ T 136643 @ 00:11:45.903720] meta-extend: fatbin-cubin[1] declared c[0x0] param region [0x380, 0x18a0]
[XSCHED INFO @ T 136643 @ 00:11:45.903721] meta-extend: owned fatbin-wrapper copy 0x20 + 0x4818 bytes (source wrapper 0x5630ed9b1058)
[XSCHED INFO @ T 136643 @ 00:11:45.913678] native-700 probe 3: binary kernel=1408 B guardian=640 B ep_inst=0x7298c8600200 regs=16->32 barriers=1->1
[XSCHED INFO @ T 136652 @ 00:11:45.913857] native-700 probe 2: type=1 preempt_buf=0x382000000 guardian=0x7298c8600200 entry=0x126000522330624 idx=1 killable=0
[XSCHED INFO @ T 136652 @ 00:11:45.913874] native-700 probe 2: readback equal=1 byte0=0x00 byte8=0x00 byte16=0x01
[XSCHED INFO @ T 136652 @ 00:11:45.913889] native-700 probe 2: launch ret=701
[XSCHED ERRO @ T 136652 @ 00:11:45.913893] cuda error 701: too many resources requested for launch @ /home/yunwei37/workspace/gpu/gpu_ext/workloads/xsched/level2-build/.output/hal-native-20260908.i8na51/source/platforms/cuda/hal/src/level2/instrument.cpp:377
[XSCHED INFO @ T 136654 @ 00:11:45.913894] native-700 probe 2: type=1 preempt_buf=0x402000000 guardian=0x7298c8600200 entry=0x126000522330624 idx=1 killable=0
[XSCHED INFO @ T 136654 @ 00:11:45.913909] native-700 probe 2: readback equal=1 byte0=0x00 byte8=0x00 byte16=0x01
[XSCHED INFO @ T 136654 @ 00:11:45.913916] native-700 probe 2: launch ret=4
[XSCHED ERRO @ T 136654 @ 00:11:45.913918] cuda error 4: ¨¸)ñ0V @ /home/yunwei37/workspace/gpu/gpu_ext/workloads/xsched/level2-build/.output/hal-native-20260908.i8na51/source/platforms/cuda/hal/src/level2/instrument.cpp:377
[XSCHED INFO @ T 136651 @ 00:11:45.913920] native-700 probe 2: type=1 preempt_buf=0x302000000 guardian=0x7298c8600200 entry=0x126000522330624 idx=1 killable=0
[XSCHED INFO @ T 136651 @ 00:11:45.913935] native-700 probe 2: readback equal=1 byte0=0x00 byte8=0x00 byte16=0x01
[XSCHED INFO @ T 136651 @ 00:11:45.913948] native-700 probe 2: launch ret=4
[XSCHED ERRO @ T 136651 @ 00:11:45.913951] cuda error 4: ˆ;2ð0V @ /home/yunwei37/workspace/gpu/gpu_ext/workloads/xsched/level2-build/.output/hal-native-20260908.i8na51/source/platforms/cuda/hal/src/level2/instrument.cpp:377
[XSCHED INFO @ T 136653 @ 00:11:45.913954] native-700 probe 2: type=1 preempt_buf=0x3c2000000 guardian=0x7298c8600200 entry=0x126000522330624 idx=1 killable=0
[XSCHED INFO @ T 136653 @ 00:11:45.913965] native-700 probe 2: readback equal=1 byte0=0x00 byte8=0x00 byte16=0x01
[XSCHED INFO @ T 136653 @ 00:11:45.913970] native-700 probe 2: launch ret=4
[XSCHED ERRO @ T 136653 @ 00:11:45.913972] cuda error 4: ·)ñ0V @ /home/yunwei37/workspace/gpu/gpu_ext/workloads/xsched/level2-build/.output/hal-native-20260908.i8na51/source/platforms/cuda/hal/src/level2/instrument.cpp:377
