[2026-09-04 07:25:54][info][2449639] bpf_attach_ctx constructed
[2026-09-04 07:25:54][info][2449639] Initializing CUDA shared memory
[2026-09-04 07:25:54][info][2449639] CommSharedMem host 0x7fdaa52297d8 mapped to device 0x7fdaa52297d8
[2026-09-04 07:25:54][info][2449639] CUDA context created
[2026-09-04 07:25:54][info][2449639] Register attach-impl defined helper bpf_get_func_arg, index 183
[2026-09-04 07:25:54][info][2449639] Register attach-impl defined helper bpf_get_func_ret_id, index 184
[2026-09-04 07:25:54][info][2449639] Register attach-impl defined helper bpf_get_retval, index 186
[2026-09-04 07:25:54][info][2449639] Starting nv_attach_impl
[2026-09-04 07:25:54][info][2449639] Parsing bundled libraries: /home/yunwei37/workspace/gpu/bpftime-table1-575/build-table1-575/attach/nv_attach_impl/pass/ptxpass_kprobe_entry/libptxpass_kprobe_entry.so:/home/yunwei37/workspace/gpu/bpftime-table1-575/build-table1-575/attach/nv_attach_impl/pass/ptxpass_kretprobe/libptxpass_kretprobe.so:/home/yunwei37/workspace/gpu/bpftime-table1-575/build-table1-575/attach/nv_attach_impl/pass/ptxpass_kprobe_memcapture/libptxpass_kprobe_memcapture.so
[2026-09-04 07:25:54][info][2449639] Found path: /home/yunwei37/workspace/gpu/bpftime-table1-575/build-table1-575/attach/nv_attach_impl/pass/ptxpass_kprobe_entry/libptxpass_kprobe_entry.so, executing..
[2026-09-04 07:25:54][info][2449639] Retrived config of /home/yunwei37/workspace/gpu/bpftime-table1-575/build-table1-575/attach/nv_attach_impl/pass/ptxpass_kprobe_entry/libptxpass_kprobe_entry.so
[2026-09-04 07:25:54][info][2449639] Found path: /home/yunwei37/workspace/gpu/bpftime-table1-575/build-table1-575/attach/nv_attach_impl/pass/ptxpass_kretprobe/libptxpass_kretprobe.so, executing..
[2026-09-04 07:25:54][info][2449639] Retrived config of /home/yunwei37/workspace/gpu/bpftime-table1-575/build-table1-575/attach/nv_attach_impl/pass/ptxpass_kretprobe/libptxpass_kretprobe.so
[2026-09-04 07:25:54][info][2449639] Found path: /home/yunwei37/workspace/gpu/bpftime-table1-575/build-table1-575/attach/nv_attach_impl/pass/ptxpass_kprobe_memcapture/libptxpass_kprobe_memcapture.so, executing..
[2026-09-04 07:25:54][info][2449639] Retrived config of /home/yunwei37/workspace/gpu/bpftime-table1-575/build-table1-575/attach/nv_attach_impl/pass/ptxpass_kprobe_memcapture/libptxpass_kprobe_memcapture.so
[2026-09-04 07:25:54][info][2449639] Initializing agent..
[2026-09-04 07:25:54][info][2449639] bpftime: shm epoch_seq = 2
[2026-09-04 07:25:54][info][2449639] Instantiating bpf link 43 and the corresponding program cuda__scale_tar is cuda program
[2026-09-04 07:25:54][info][2449639] Skipping nv attach handler 43 since we are not handling nv handles
[2026-09-04 07:25:54][info][2449639] Instantiating bpf link 50 and the corresponding program cuda__scale_mar is cuda program
[2026-09-04 07:25:54][info][2449639] Skipping nv attach handler 50 since we are not handling nv handles
[2026-09-04 07:25:54][info][2449639] Instantiating bpf link 43 and the corresponding program cuda__scale_tar is cuda program
[2026-09-04 07:25:54][info][2449639] Handling link to CUDA program: 43, recording it..
[2026-09-04 07:25:54][info][2449639] Loaded 2 instructions (original) for cuda ebpf program
[2026-09-04 07:25:54][info][2449639] Initializing nv_gpu_array_map_impl at pid 2449639
[2026-09-04 07:25:54][info][2449639] Mapped GPU memory for gpu array map: 140568021696512
[2026-09-04 07:25:54][info][2449639] Copying map fd 17 to device, key size=4, value size=8, max ent=1, map_type = 1502, gpu_buffer = 7fd88b000000
[2026-09-04 07:25:54][info][2449639] Cached shared_mem_ptr at 7fdaa52297d8
[2026-09-04 07:25:54][info][2449639] Recorded pass /home/yunwei37/workspace/gpu/bpftime-table1-575/build-table1-575/attach/nv_attach_impl/pass/ptxpass_kprobe_entry/libptxpass_kprobe_entry.so for func trampoline_scale_kernel
[2026-09-04 07:25:55][info][2449639] nv_attach_impl: cached 301189 host symbols
[2026-09-04 07:25:55][info][2449639] nv_attach_impl: late attach bootstrap scanning fatbins..
[2026-09-04 07:25:55][info][2449639] nv_attach_impl: targeted late bootstrap selected 1 of 19 loaded module(s)
[2026-09-04 07:25:55][info][2449639] Temporary fatbin written to /tmp/bpftime-fatbin-work.LYa2KM/temp.fatbin
[2026-09-04 07:25:55][info][2449639] Extracting PTX in the fatbin...
[2026-09-04 07:25:55][info][2449639] Calling cuobjdump: /usr/local/cuda-12.9/bin/cuobjdump --extract-ptx all /tmp/bpftime-fatbin-work.LYa2KM/temp.fatbin
Extracting PTX file and ptxas options    1: scaling.sm_120.ptx -arch=sm_120  --generate-line-info 
[2026-09-04 07:25:55][info][2449639] Remove extracted files..
[2026-09-04 07:25:55][info][2449639] Got 1 PTX files
[2026-09-04 07:25:55][info][2449639] Loading & patching current fatbin..
[2026-09-04 07:25:55][info][2449650] Patching PTX: scaling.sm_120.ptx
[2026-09-04 07:25:55][info][2449650] Patching request e898a98b70d10a57682ed3f58fd0612a4a975149b2ce9e32f594c3172baebe7b not found in cache, patching..
[ptxpass] kprobe_entry_stub: matched=1, in=2494, out=2624
[2026-09-04 07:25:55][info][2449639] Using SM arch from BPFTIME_SM_ARCH: sm_120
[2026-09-04 07:25:55][info][2449639] Compiling PTXs with sm_arch sm_120
[2026-09-04 07:25:55][info][2449639] Compiler version: 12.9
[2026-09-04 07:25:55][info][2449673] Start compiling patched.scaling.sm_120.ptx, not found in cache
[2026-09-04 07:25:55][info][2449673] Compile of patched.scaling.sm_120.ptx done
[2026-09-04 07:25:55][info][2449639] Loading module: patched.scaling.sm_120.ptx, not found in cache
[2026-09-04 07:25:55][info][2449639] Copying trampoline data to device
[2026-09-04 07:25:55][info][2449639] constData symbol device_ptr=7fd88b800000 size=8 shared_mem_ptr=7fdaa52297d8
[2026-09-04 07:25:55][info][2449639] map_info symbol device_ptr=7fd88b800008 size=40960
[2026-09-04 07:25:55][info][2449639] Trampoline data copied
[2026-09-04 07:25:55][info][2449639] Loaded module: patched.scaling.sm_120.ptx
[2026-09-04 07:25:55][info][2449639] nv_attach_impl: ingested fatbin from .nv_fatbin in /home/yunwei37/workspace/gpu/gpu_ext/microbench/trampoline-scaling/.output/fixed-work-scaling
[2026-09-04 07:25:55][info][2449639] nv_attach_impl: late attach bootstrap ingested 1 fatbin(s)
[2026-09-04 07:25:55][info][2449639] Instantiating bpf link 50 and the corresponding program cuda__scale_mar is cuda program
[2026-09-04 07:25:55][info][2449639] Handling link to CUDA program: 50, recording it..
[2026-09-04 07:25:55][info][2449639] Loaded 13 instructions (original) for cuda ebpf program
[2026-09-04 07:25:55][info][2449639] Copying map fd 17 to device, key size=4, value size=8, max ent=1, map_type = 1502, gpu_buffer = 7fd88b000000
[2026-09-04 07:25:55][info][2449639] nv_attach_impl: new hook added after bootstrap; rerunning late bootstrap
[2026-09-04 07:25:55][info][2449639] Recorded pass /home/yunwei37/workspace/gpu/bpftime-table1-575/build-table1-575/attach/nv_attach_impl/pass/ptxpass_kprobe_entry/libptxpass_kprobe_entry.so for func trampoline_marker_kernel
[2026-09-04 07:25:55][info][2449639] nv_attach_impl: late attach bootstrap scanning fatbins..
[2026-09-04 07:25:56][info][2449639] nv_attach_impl: targeted late bootstrap selected 1 of 19 loaded module(s)
[2026-09-04 07:25:56][info][2449639] Temporary fatbin written to /tmp/bpftime-fatbin-work.Vjs4pf/temp.fatbin
[2026-09-04 07:25:56][info][2449639] Extracting PTX in the fatbin...
[2026-09-04 07:25:56][info][2449639] Calling cuobjdump: /usr/local/cuda-12.9/bin/cuobjdump --extract-ptx all /tmp/bpftime-fatbin-work.Vjs4pf/temp.fatbin
Extracting PTX file and ptxas options    1: scaling.sm_120.ptx -arch=sm_120  --generate-line-info 
[2026-09-04 07:25:56][info][2449639] Remove extracted files..
[2026-09-04 07:25:56][info][2449639] Got 1 PTX files
[2026-09-04 07:25:56][info][2449639] Loading & patching current fatbin..
[2026-09-04 07:25:56][info][2449702] Patching PTX: scaling.sm_120.ptx
[2026-09-04 07:25:56][info][2449702] Patching request e898a98b70d10a57682ed3f58fd0612a4a975149b2ce9e32f594c3172baebe7b found in cache
[2026-09-04 07:25:56][info][2449702] Patching request 6197f096166101ee3b67608144439256f22d30cb1f4b9f130da6f9eff1f69d27 not found in cache, patching..
[ptxpass] kprobe_entry: matched=1, in=2624, out=3911
[2026-09-04 07:25:56][info][2449639] Using SM arch from BPFTIME_SM_ARCH: sm_120
[2026-09-04 07:25:56][info][2449639] Compiling PTXs with sm_arch sm_120
[2026-09-04 07:25:56][info][2449639] Compiler version: 12.9
[2026-09-04 07:25:56][info][2449726] Start compiling patched.scaling.sm_120.ptx, not found in cache
[2026-09-04 07:25:56][info][2449726] Compile of patched.scaling.sm_120.ptx done
[2026-09-04 07:25:56][info][2449639] Loading module: patched.scaling.sm_120.ptx, not found in cache
[2026-09-04 07:25:56][info][2449639] Copying trampoline data to device
[2026-09-04 07:25:56][info][2449639] constData symbol device_ptr=7fd88b80aa00 size=8 shared_mem_ptr=7fdaa52297d8
[2026-09-04 07:25:56][info][2449639] map_info symbol device_ptr=7fd88b80aa08 size=40960
[2026-09-04 07:25:56][info][2449639] Trampoline data copied
[2026-09-04 07:25:56][info][2449639] Loaded module: patched.scaling.sm_120.ptx
[2026-09-04 07:25:56][info][2449639] nv_attach_impl: ingested fatbin from .nv_fatbin in /home/yunwei37/workspace/gpu/gpu_ext/microbench/trampoline-scaling/.output/fixed-work-scaling
[2026-09-04 07:25:56][info][2449639] nv_attach_impl: late attach bootstrap ingested 1 fatbin(s)
[2026-09-04 07:25:56][info][2449639] agent ipc: listening (abstract) for pid 2449639
[2026-09-04 07:25:56][info][2449639] Attach successfully
[2026-09-04 07:25:56][info][2449644] Exiting CUDA watcher thread
{"event":"device","name":"NVIDIA GeForce RTX 5090","major":12,"minor":0,"warp_size":32,"max_threads_per_block":1024,"max_grid_x":2147483647}
{"event":"marker","threads":32,"mismatches":0}
{"event":"measurement","cell":0,"blocks":128,"threads_per_block":1024,"launched_threads":131072,"active_threads":131072,"active_warps":4096,"counter_key":0,"warmup":2,"launches":8,"hook_repeats":16,"elapsed_ms":0.0345599987,"checked_values":1048576,"mismatches":0}
{"event":"measurement","cell":2,"blocks":1024,"threads_per_block":128,"launched_threads":131072,"active_threads":131072,"active_warps":4096,"counter_key":2,"warmup":2,"launches":8,"hook_repeats":16,"elapsed_ms":0.0358720012,"checked_values":1048576,"mismatches":0}
{"event":"measurement","cell":3,"blocks":2048,"threads_per_block":64,"launched_threads":131072,"active_threads":131072,"active_warps":4096,"counter_key":3,"warmup":2,"launches":8,"hook_repeats":16,"elapsed_ms":0.0347199999,"checked_values":1048576,"mismatches":0}
{"event":"measurement","cell":1,"blocks":256,"threads_per_block":512,"launched_threads":131072,"active_threads":131072,"active_warps":4096,"counter_key":1,"warmup":2,"launches":8,"hook_repeats":16,"elapsed_ms":0.0344320014,"checked_values":1048576,"mismatches":0}
{"event":"measurement","cell":4,"blocks":4096,"threads_per_block":32,"launched_threads":131072,"active_threads":131072,"active_warps":4096,"counter_key":4,"warmup":2,"launches":8,"hook_repeats":16,"elapsed_ms":0.0360959992,"checked_values":1048576,"mismatches":0}
{"event":"complete","cells":5,"run_id":5}
