2026-09-09T10:46:50-07:00
-- Building platform: cuda
-- Configuring done (0.0s)
-- Generating done (0.0s)
-- Build files have been written to: /home/yunwei37/workspace/gpu/gpu_ext/workloads/xsched/level2-build/.output/hal-native-20260908.i8na51/build
[ 16%] Built target utils
[ 19%] Built target boost_container
[ 23%] Built target protocol
[ 29%] Built target ipc
[ 55%] Built target sched
[ 70%] Built target preempt
[ 73%] Building CXX object platforms/cuda/CMakeFiles/halcuda.dir/hal/src/arch/sm120.cpp.o
[ 73%] Building CXX object platforms/cuda/CMakeFiles/halcuda.dir/hal/src/arch/arch.cpp.o
[ 75%] Building CXX object platforms/cuda/CMakeFiles/halcuda.dir/hal/src/arch/sm35.cpp.o
[ 76%] Building CXX object platforms/cuda/CMakeFiles/halcuda.dir/hal/src/arch/sm70.cpp.o
[ 77%] Building CXX object platforms/cuda/CMakeFiles/halcuda.dir/hal/src/arch/sm86.cpp.o
[ 79%] Building CXX object platforms/cuda/CMakeFiles/halcuda.dir/hal/src/common/cuda_command.cpp.o
[ 80%] Building CXX object platforms/cuda/CMakeFiles/halcuda.dir/hal/src/common/event_pool.cpp.o
[ 81%] Building CXX object platforms/cuda/CMakeFiles/halcuda.dir/hal/src/common/options.cpp.o
[ 83%] Building CXX object platforms/cuda/CMakeFiles/halcuda.dir/hal/src/level1/cuda_queue.cpp.o
[ 84%] Building CXX object platforms/cuda/CMakeFiles/halcuda.dir/hal/src/level2/cuda_queue.cpp.o
[ 86%] Building CXX object platforms/cuda/CMakeFiles/halcuda.dir/hal/src/level2/instrument.cpp.o
[ 87%] Building CXX object platforms/cuda/CMakeFiles/halcuda.dir/hal/src/level2/mm.cpp.o
[ 88%] Building CXX object platforms/cuda/CMakeFiles/halcuda.dir/hal/src/level3/cuda_queue.cpp.o
[ 90%] Building CXX object platforms/cuda/CMakeFiles/halcuda.dir/hal/src/level3/interrupt.cpp.o
[ 91%] Building CXX object platforms/cuda/CMakeFiles/halcuda.dir/hal/src/level3/tsg.cpp.o
[ 93%] Linking CXX shared library libhalcuda.so
[ 93%] Built target halcuda
[ 94%] Linking CXX shared library libshimcuda.so
[100%] Built target shimcuda
Install the project...
-- Install configuration: "Release"
-- Up-to-date: /home/yunwei37/workspace/gpu/gpu_ext/workloads/xsched/level2-build/.output/hal-native-20260908.i8na51/install/lib/cmake/XSched/XSchedConfig.cmake
-- Up-to-date: /home/yunwei37/workspace/gpu/gpu_ext/workloads/xsched/level2-build/.output/hal-native-20260908.i8na51/install/lib/cmake/XSched/XSchedConfigVersion.cmake
-- Up-to-date: /home/yunwei37/workspace/gpu/gpu_ext/workloads/xsched/level2-build/.output/hal-native-20260908.i8na51/install/lib/cmake/XSched/XSchedTargets.cmake
-- Up-to-date: /home/yunwei37/workspace/gpu/gpu_ext/workloads/xsched/level2-build/.output/hal-native-20260908.i8na51/install/lib/cmake/XSched/XSchedTargets-release.cmake
-- Up-to-date: /home/yunwei37/workspace/gpu/gpu_ext/workloads/xsched/level2-build/.output/hal-native-20260908.i8na51/install/include
-- Up-to-date: /home/yunwei37/workspace/gpu/gpu_ext/workloads/xsched/level2-build/.output/hal-native-20260908.i8na51/install/include/xsched
-- Up-to-date: /home/yunwei37/workspace/gpu/gpu_ext/workloads/xsched/level2-build/.output/hal-native-20260908.i8na51/install/include/xsched/hint.h
-- Up-to-date: /home/yunwei37/workspace/gpu/gpu_ext/workloads/xsched/level2-build/.output/hal-native-20260908.i8na51/install/include/xsched/xsched.h
-- Up-to-date: /home/yunwei37/workspace/gpu/gpu_ext/workloads/xsched/level2-build/.output/hal-native-20260908.i8na51/install/include/xsched/xqueue.h
-- Up-to-date: /home/yunwei37/workspace/gpu/gpu_ext/workloads/xsched/level2-build/.output/hal-native-20260908.i8na51/install/include/xsched/types.h
-- Up-to-date: /home/yunwei37/workspace/gpu/gpu_ext/workloads/xsched/level2-build/.output/hal-native-20260908.i8na51/install/include/README.md
-- Up-to-date: /home/yunwei37/workspace/gpu/gpu_ext/workloads/xsched/level2-build/.output/hal-native-20260908.i8na51/install/lib/python
-- Up-to-date: /home/yunwei37/workspace/gpu/gpu_ext/workloads/xsched/level2-build/.output/hal-native-20260908.i8na51/install/lib/python/xsched
-- Up-to-date: /home/yunwei37/workspace/gpu/gpu_ext/workloads/xsched/level2-build/.output/hal-native-20260908.i8na51/install/lib/python/xsched/__init__.py
-- Up-to-date: /home/yunwei37/workspace/gpu/gpu_ext/workloads/xsched/level2-build/.output/hal-native-20260908.i8na51/install/lib/libpreempt.so
-- Up-to-date: /home/yunwei37/workspace/gpu/gpu_ext/workloads/xsched/level2-build/.output/hal-native-20260908.i8na51/install/include
-- Up-to-date: /home/yunwei37/workspace/gpu/gpu_ext/workloads/xsched/level2-build/.output/hal-native-20260908.i8na51/install/include/xsched
-- Up-to-date: /home/yunwei37/workspace/gpu/gpu_ext/workloads/xsched/level2-build/.output/hal-native-20260908.i8na51/install/include/xsched/preempt
-- Up-to-date: /home/yunwei37/workspace/gpu/gpu_ext/workloads/xsched/level2-build/.output/hal-native-20260908.i8na51/install/include/xsched/preempt/sched
-- Up-to-date: /home/yunwei37/workspace/gpu/gpu_ext/workloads/xsched/level2-build/.output/hal-native-20260908.i8na51/install/include/xsched/preempt/sched/agent.h
-- Up-to-date: /home/yunwei37/workspace/gpu/gpu_ext/workloads/xsched/level2-build/.output/hal-native-20260908.i8na51/install/include/xsched/preempt/sched/executor.h
-- Up-to-date: /home/yunwei37/workspace/gpu/gpu_ext/workloads/xsched/level2-build/.output/hal-native-20260908.i8na51/install/include/xsched/preempt/xqueue
-- Up-to-date: /home/yunwei37/workspace/gpu/gpu_ext/workloads/xsched/level2-build/.output/hal-native-20260908.i8na51/install/include/xsched/preempt/xqueue/launch_worker.h
-- Up-to-date: /home/yunwei37/workspace/gpu/gpu_ext/workloads/xsched/level2-build/.output/hal-native-20260908.i8na51/install/include/xsched/preempt/xqueue/xqueue.h
-- Up-to-date: /home/yunwei37/workspace/gpu/gpu_ext/workloads/xsched/level2-build/.output/hal-native-20260908.i8na51/install/include/xsched/preempt/xqueue/async_xqueue.h
-- Up-to-date: /home/yunwei37/workspace/gpu/gpu_ext/workloads/xsched/level2-build/.output/hal-native-20260908.i8na51/install/include/xsched/preempt/xqueue/xcommand.h
-- Up-to-date: /home/yunwei37/workspace/gpu/gpu_ext/workloads/xsched/level2-build/.output/hal-native-20260908.i8na51/install/include/xsched/preempt/xqueue/command_buffer.h
-- Up-to-date: /home/yunwei37/workspace/gpu/gpu_ext/workloads/xsched/level2-build/.output/hal-native-20260908.i8na51/install/include/xsched/preempt/hal
-- Up-to-date: /home/yunwei37/workspace/gpu/gpu_ext/workloads/xsched/level2-build/.output/hal-native-20260908.i8na51/install/include/xsched/preempt/hal/hw_queue.h
-- Up-to-date: /home/yunwei37/workspace/gpu/gpu_ext/workloads/xsched/level2-build/.output/hal-native-20260908.i8na51/install/include/xsched/preempt/hal/hw_command.h
-- Installing: /home/yunwei37/workspace/gpu/gpu_ext/workloads/xsched/level2-build/.output/hal-native-20260908.i8na51/install/lib/libhalcuda.so
-- Up-to-date: /home/yunwei37/workspace/gpu/gpu_ext/workloads/xsched/level2-build/.output/hal-native-20260908.i8na51/install/include/xsched/cuda/hal.h
-- Up-to-date: /home/yunwei37/workspace/gpu/gpu_ext/workloads/xsched/level2-build/.output/hal-native-20260908.i8na51/install/lib/python
-- Up-to-date: /home/yunwei37/workspace/gpu/gpu_ext/workloads/xsched/level2-build/.output/hal-native-20260908.i8na51/install/lib/python/xsched
-- Up-to-date: /home/yunwei37/workspace/gpu/gpu_ext/workloads/xsched/level2-build/.output/hal-native-20260908.i8na51/install/lib/python/xsched/cuda
-- Up-to-date: /home/yunwei37/workspace/gpu/gpu_ext/workloads/xsched/level2-build/.output/hal-native-20260908.i8na51/install/lib/python/xsched/cuda/__init__.py
ln: failed to create symbolic link 'libcuda.so.1': File exists
-- Installing: shim softlink created: libcuda.so.1
ln: failed to create symbolic link 'libcuda.so': File exists
-- Installing: shim softlink created: libcuda.so
-- Installing: /home/yunwei37/workspace/gpu/gpu_ext/workloads/xsched/level2-build/.output/hal-native-20260908.i8na51/install/lib/libshimcuda.so
2026-09-09T10:46:58-07:00
