[2026-09-04 10:25:23][info][2783349] bpf_attach_ctx constructed
[2026-09-04 10:25:23][info][2783349] Initializing CUDA shared memory
[2026-09-04 10:25:23][info][2783349] CommSharedMem host 0x71161da297d8 mapped to device 0x71161da297d8
[2026-09-04 10:25:23][info][2783349] CUDA context created
[2026-09-04 10:25:23][info][2783349] Register attach-impl defined helper bpf_get_func_arg, index 183
[2026-09-04 10:25:23][info][2783349] Register attach-impl defined helper bpf_get_func_ret_id, index 184
[2026-09-04 10:25:23][info][2783349] Register attach-impl defined helper bpf_get_retval, index 186
[2026-09-04 10:25:23][info][2783349] Starting nv_attach_impl
[2026-09-04 10:25:23][info][2783349] Parsing bundled libraries: /home/yunwei37/workspace/gpu/bpftime-table1-575/build-table1-575/attach/nv_attach_impl/pass/ptxpass_kprobe_entry/libptxpass_kprobe_entry.so:/home/yunwei37/workspace/gpu/bpftime-table1-575/build-table1-575/attach/nv_attach_impl/pass/ptxpass_kretprobe/libptxpass_kretprobe.so:/home/yunwei37/workspace/gpu/bpftime-table1-575/build-table1-575/attach/nv_attach_impl/pass/ptxpass_kprobe_memcapture/libptxpass_kprobe_memcapture.so
[2026-09-04 10:25:23][info][2783349] Found path: /home/yunwei37/workspace/gpu/bpftime-table1-575/build-table1-575/attach/nv_attach_impl/pass/ptxpass_kprobe_entry/libptxpass_kprobe_entry.so, executing..
[2026-09-04 10:25:23][info][2783349] Retrived config of /home/yunwei37/workspace/gpu/bpftime-table1-575/build-table1-575/attach/nv_attach_impl/pass/ptxpass_kprobe_entry/libptxpass_kprobe_entry.so
[2026-09-04 10:25:23][info][2783349] Found path: /home/yunwei37/workspace/gpu/bpftime-table1-575/build-table1-575/attach/nv_attach_impl/pass/ptxpass_kretprobe/libptxpass_kretprobe.so, executing..
[2026-09-04 10:25:23][info][2783349] Retrived config of /home/yunwei37/workspace/gpu/bpftime-table1-575/build-table1-575/attach/nv_attach_impl/pass/ptxpass_kretprobe/libptxpass_kretprobe.so
[2026-09-04 10:25:23][info][2783349] Found path: /home/yunwei37/workspace/gpu/bpftime-table1-575/build-table1-575/attach/nv_attach_impl/pass/ptxpass_kprobe_memcapture/libptxpass_kprobe_memcapture.so, executing..
[2026-09-04 10:25:23][info][2783349] Retrived config of /home/yunwei37/workspace/gpu/bpftime-table1-575/build-table1-575/attach/nv_attach_impl/pass/ptxpass_kprobe_memcapture/libptxpass_kprobe_memcapture.so
[2026-09-04 10:25:23][info][2783349] Initializing agent..
[2026-09-04 10:25:23][info][2783349] bpftime: shm epoch_seq = 2
[2026-09-04 10:25:23][info][2783349] Instantiating bpf link 61 and the corresponding program cuda__device_up is cuda program
[2026-09-04 10:25:23][info][2783349] Skipping nv attach handler 61 since we are not handling nv handles
[2026-09-04 10:25:23][info][2783349] Instantiating bpf link 61 and the corresponding program cuda__device_up is cuda program
[2026-09-04 10:25:23][info][2783349] Handling link to CUDA program: 61, recording it..
[2026-09-04 10:25:23][info][2783349] Loaded 20 instructions (original) for cuda ebpf program
[2026-09-04 10:25:23][info][2783349] Initializing nv_gpu_shared_array_map_impl at pid 2783349
[2026-09-04 10:25:23][info][2783349] Mapped GPU memory for shared array map: 124330763616256
[2026-09-04 10:25:23][info][2783349] Copying map fd 17 to device, key size=4, value size=8, max ent=32, map_type = 1503, gpu_buffer = 711403000000
[2026-09-04 10:25:23][info][2783349] Initializing nv_gpu_shared_array_host_map_impl at pid 2783349, shared mem addr=71161dc29a60
[2026-09-04 10:25:23][info][2783349] Mapped shared memory for GPU access: cpu=71161dc29a60, gpu=71161dc29a60
[2026-09-04 10:25:23][info][2783349] Copying map fd 18 to device, key size=4, value size=8, max ent=32, map_type = 1513, gpu_buffer = 71161dc29a60
[2026-09-04 10:25:23][warning][2783349] Not a GPU map!
[2026-09-04 10:25:23][info][2783349] Copying map fd 19 to device, key size=4, value size=8, max ent=32, map_type = 2, gpu_buffer = 0
[2026-09-04 10:25:23][info][2783349] Initializing nv_gpu_shared_array_map_impl at pid 2783349
[2026-09-04 10:25:23][info][2783349] Mapped GPU memory for shared array map: 124330765713408
[2026-09-04 10:25:23][info][2783349] Copying map fd 20 to device, key size=4, value size=8, max ent=32, map_type = 1503, gpu_buffer = 711403200000
[2026-09-04 10:25:23][info][2783349] Cached shared_mem_ptr at 71161da297d8
[2026-09-04 10:25:23][info][2783349] Recorded pass /home/yunwei37/workspace/gpu/bpftime-table1-575/build-table1-575/attach/nv_attach_impl/pass/ptxpass_kprobe_entry/libptxpass_kprobe_entry.so for func fig15_map_kernel
[2026-09-04 10:25:23][info][2783349] nv_attach_impl: cached 301188 host symbols
[2026-09-04 10:25:23][info][2783349] nv_attach_impl: late attach bootstrap scanning fatbins..
[2026-09-04 10:25:24][info][2783349] nv_attach_impl: targeted late bootstrap selected 1 of 19 loaded module(s)
[2026-09-04 10:25:24][info][2783349] Temporary fatbin written to /tmp/bpftime-fatbin-work.rglUmd/temp.fatbin
[2026-09-04 10:25:24][info][2783349] Extracting PTX in the fatbin...
[2026-09-04 10:25:24][info][2783349] Calling cuobjdump: /usr/local/cuda-12.9/bin/cuobjdump --extract-ptx all /tmp/bpftime-fatbin-work.rglUmd/temp.fatbin
Extracting PTX file and ptxas options    1: map_bench.sm_120.ptx -arch=sm_120  --generate-line-info 
[2026-09-04 10:25:24][info][2783349] Remove extracted files..
[2026-09-04 10:25:24][info][2783349] Got 1 PTX files
[2026-09-04 10:25:24][info][2783349] Loading & patching current fatbin..
[2026-09-04 10:25:24][info][2783453] Patching PTX: map_bench.sm_120.ptx
[2026-09-04 10:25:24][info][2783453] Patching request 864b6760c4e7e2e269c5abb48fb7ede4a54c9dd6aaf3dc0351fc5b69e10c89ed not found in cache, patching..
[ptxpass] kprobe_entry_stub: matched=1, in=1760, out=3402
[2026-09-04 10:25:24][info][2783349] Using SM arch from BPFTIME_SM_ARCH: sm_120
[2026-09-04 10:25:24][info][2783349] Compiling PTXs with sm_arch sm_120
[2026-09-04 10:25:24][info][2783349] Compiler version: 12.9
[2026-09-04 10:25:24][info][2783476] Start compiling patched.map_bench.sm_120.ptx, not found in cache
[2026-09-04 10:25:24][info][2783476] Compile of patched.map_bench.sm_120.ptx done
[2026-09-04 10:25:24][info][2783349] Loading module: patched.map_bench.sm_120.ptx, not found in cache
[2026-09-04 10:25:24][info][2783349] Copying trampoline data to device
[2026-09-04 10:25:24][info][2783349] constData symbol device_ptr=711403600000 size=8 shared_mem_ptr=71161da297d8
[2026-09-04 10:25:24][info][2783349] map_info symbol device_ptr=711403600008 size=40960
[2026-09-04 10:25:24][info][2783349] Trampoline data copied
[2026-09-04 10:25:24][info][2783349] Loaded module: patched.map_bench.sm_120.ptx
[2026-09-04 10:25:24][info][2783349] nv_attach_impl: ingested fatbin from .nv_fatbin in /home/yunwei37/workspace/gpu/gpu_ext/microbench/fig15-device/.output/map-bench
[2026-09-04 10:25:24][info][2783349] nv_attach_impl: late attach bootstrap ingested 1 fatbin(s)
[2026-09-04 10:25:24][info][2783349] agent ipc: listening (abstract) for pid 2783349
[2026-09-04 10:25:24][info][2783349] Attach successfully
[2026-09-04 10:25:24][info][2783446] Exiting CUDA watcher thread
FIG15_DEVICE	NVIDIA GeForce RTX 5090	12	0	32
FIG15_MEASUREMENT	8	64	0.269888014
FIG15_CORRECT	32	0
