[2026-09-04 11:13:04][info][2864433] bpf_attach_ctx constructed
[2026-09-04 11:13:04][info][2864433] Initializing CUDA shared memory
[2026-09-04 11:13:04][info][2864433] CommSharedMem host 0x78f188a297d8 mapped to device 0x78f188a297d8
[2026-09-04 11:13:04][info][2864433] CUDA context created
[2026-09-04 11:13:04][info][2864433] Register attach-impl defined helper bpf_get_func_arg, index 183
[2026-09-04 11:13:04][info][2864433] Register attach-impl defined helper bpf_get_func_ret_id, index 184
[2026-09-04 11:13:04][info][2864433] Register attach-impl defined helper bpf_get_retval, index 186
[2026-09-04 11:13:04][info][2864433] Starting nv_attach_impl
[2026-09-04 11:13:04][info][2864433] Parsing bundled libraries: /home/yunwei37/workspace/gpu/bpftime-table1-575/build-table1-575-strict/attach/nv_attach_impl/pass/ptxpass_kprobe_entry/libptxpass_kprobe_entry.so:/home/yunwei37/workspace/gpu/bpftime-table1-575/build-table1-575-strict/attach/nv_attach_impl/pass/ptxpass_kretprobe/libptxpass_kretprobe.so:/home/yunwei37/workspace/gpu/bpftime-table1-575/build-table1-575-strict/attach/nv_attach_impl/pass/ptxpass_kprobe_memcapture/libptxpass_kprobe_memcapture.so
[2026-09-04 11:13:04][info][2864433] Found path: /home/yunwei37/workspace/gpu/bpftime-table1-575/build-table1-575-strict/attach/nv_attach_impl/pass/ptxpass_kprobe_entry/libptxpass_kprobe_entry.so, executing..
[2026-09-04 11:13:04][info][2864433] Retrived config of /home/yunwei37/workspace/gpu/bpftime-table1-575/build-table1-575-strict/attach/nv_attach_impl/pass/ptxpass_kprobe_entry/libptxpass_kprobe_entry.so
[2026-09-04 11:13:04][info][2864433] Found path: /home/yunwei37/workspace/gpu/bpftime-table1-575/build-table1-575-strict/attach/nv_attach_impl/pass/ptxpass_kretprobe/libptxpass_kretprobe.so, executing..
[2026-09-04 11:13:04][info][2864433] Retrived config of /home/yunwei37/workspace/gpu/bpftime-table1-575/build-table1-575-strict/attach/nv_attach_impl/pass/ptxpass_kretprobe/libptxpass_kretprobe.so
[2026-09-04 11:13:04][info][2864433] Found path: /home/yunwei37/workspace/gpu/bpftime-table1-575/build-table1-575-strict/attach/nv_attach_impl/pass/ptxpass_kprobe_memcapture/libptxpass_kprobe_memcapture.so, executing..
[2026-09-04 11:13:04][info][2864433] Retrived config of /home/yunwei37/workspace/gpu/bpftime-table1-575/build-table1-575-strict/attach/nv_attach_impl/pass/ptxpass_kprobe_memcapture/libptxpass_kprobe_memcapture.so
[2026-09-04 11:13:04][info][2864433] Initializing agent..
[2026-09-04 11:13:04][info][2864433] bpftime: shm epoch_seq = 2
[2026-09-04 11:13:04][info][2864433] Instantiating bpf link 60 and the corresponding program cuda__noop is cuda program
[2026-09-04 11:13:04][info][2864433] Skipping nv attach handler 60 since we are not handling nv handles
[2026-09-04 11:13:04][info][2864433] Instantiating bpf link 60 and the corresponding program cuda__noop is cuda program
[2026-09-04 11:13:04][info][2864433] Handling link to CUDA program: 60, recording it..
[2026-09-04 11:13:04][info][2864433] Loaded 2 instructions (original) for cuda ebpf program
[2026-09-04 11:13:04][info][2864433] Initializing nv_gpu_shared_array_map_impl at pid 2864433
[2026-09-04 11:13:04][info][2864433] Mapped GPU memory for shared array map: 132969754787840
[2026-09-04 11:13:04][info][2864433] Copying map fd 17 to device, key size=4, value size=8, max ent=1, map_type = 1503, gpu_buffer = 78ef6f000000
[2026-09-04 11:13:04][info][2864433] Initializing nv_gpu_shared_array_host_map_impl at pid 2864433, shared mem addr=78f188c29a60
[2026-09-04 11:13:04][info][2864433] Mapped shared memory for GPU access: cpu=78f188c29a60, gpu=78f188c29a60
[2026-09-04 11:13:04][info][2864433] Copying map fd 18 to device, key size=4, value size=8, max ent=1, map_type = 1513, gpu_buffer = 78f188c29a60
[2026-09-04 11:13:04][info][2864433] Initializing nv_gpu_shared_array_map_impl at pid 2864433
[2026-09-04 11:13:04][info][2864433] Mapped GPU memory for shared array map: 132969756884992
[2026-09-04 11:13:04][info][2864433] Copying map fd 19 to device, key size=4, value size=8, max ent=1, map_type = 1503, gpu_buffer = 78ef6f200000
[2026-09-04 11:13:04][info][2864433] GPU eBPF verification timing: program=cuda__noop verification_elapsed_ns=766949
[2026-09-04 11:13:04][info][2864433] GPU eBPF verification accepted: mode=STRICT program=cuda__noop attach=kprobe/fig15_map_kernel instructions=2
[2026-09-04 11:13:04][info][2864433] GPU eBPF verified map: program=cuda__noop fd=17 type=1503 key_size=4 value_size=8 max_entries=1
[2026-09-04 11:13:04][info][2864433] GPU eBPF verified map: program=cuda__noop fd=18 type=1513 key_size=4 value_size=8 max_entries=1
[2026-09-04 11:13:04][info][2864433] GPU eBPF verified map: program=cuda__noop fd=19 type=1503 key_size=4 value_size=8 max_entries=1
[2026-09-04 11:13:04][info][2864433] Cached shared_mem_ptr at 78f188a297d8
[2026-09-04 11:13:04][info][2864433] Recorded pass /home/yunwei37/workspace/gpu/bpftime-table1-575/build-table1-575-strict/attach/nv_attach_impl/pass/ptxpass_kprobe_entry/libptxpass_kprobe_entry.so for func fig15_map_kernel
[2026-09-04 11:13:05][info][2864433] nv_attach_impl: cached 322648 host symbols
[2026-09-04 11:13:05][info][2864433] nv_attach_impl: late attach bootstrap scanning fatbins..
[2026-09-04 11:13:05][info][2864433] nv_attach_impl: targeted late bootstrap selected 1 of 19 loaded module(s)
[2026-09-04 11:13:05][info][2864433] Temporary fatbin written to /tmp/bpftime-fatbin-work.dLBrCy/temp.fatbin
[2026-09-04 11:13:05][info][2864433] Extracting PTX in the fatbin...
[2026-09-04 11:13:05][info][2864433] Calling cuobjdump: /usr/local/cuda-12.9/bin/cuobjdump --extract-ptx all /tmp/bpftime-fatbin-work.dLBrCy/temp.fatbin
Extracting PTX file and ptxas options    1: map_bench.sm_120.ptx -arch=sm_120  --generate-line-info 
[2026-09-04 11:13:05][info][2864433] Remove extracted files..
[2026-09-04 11:13:05][info][2864433] Got 1 PTX files
[2026-09-04 11:13:05][info][2864433] Loading & patching current fatbin..
[2026-09-04 11:13:05][info][2864475] Patching PTX: map_bench.sm_120.ptx
[2026-09-04 11:13:05][info][2864475] Patching request 5f501b3da44c1bba3c955d597f7523672f01dd3096d5d7675f387c06b2965d6d not found in cache, patching..
[ptxpass] kprobe_entry_stub: matched=1, in=1760, out=1869
[2026-09-04 11:13:05][info][2864433] Using SM arch from BPFTIME_SM_ARCH: sm_120
[2026-09-04 11:13:05][info][2864433] Compiling PTXs with sm_arch sm_120
[2026-09-04 11:13:05][info][2864433] Compiler version: 12.9
[2026-09-04 11:13:05][info][2864499] Start compiling patched.map_bench.sm_120.ptx, not found in cache
[2026-09-04 11:13:05][info][2864499] Compile of patched.map_bench.sm_120.ptx done
[2026-09-04 11:13:05][info][2864433] Loading module: patched.map_bench.sm_120.ptx, not found in cache
[2026-09-04 11:13:05][info][2864433] Copying trampoline data to device
[2026-09-04 11:13:05][info][2864433] constData symbol device_ptr=78ef6f600000 size=8 shared_mem_ptr=78f188a297d8
[2026-09-04 11:13:05][info][2864433] map_info symbol device_ptr=78ef6f600008 size=40960
[2026-09-04 11:13:05][info][2864433] Trampoline data copied
[2026-09-04 11:13:05][info][2864433] Loaded module: patched.map_bench.sm_120.ptx
[2026-09-04 11:13:05][info][2864433] nv_attach_impl: ingested fatbin from .nv_fatbin in /home/yunwei37/workspace/gpu/gpu_ext/microbench/fig15-device/.output/map-bench
[2026-09-04 11:13:05][info][2864433] nv_attach_impl: late attach bootstrap ingested 1 fatbin(s)
[2026-09-04 11:13:05][info][2864433] agent ipc: listening (abstract) for pid 2864433
[2026-09-04 11:13:05][info][2864433] Attach successfully
[2026-09-04 11:13:05][info][2864439] Exiting CUDA watcher thread
FIG15_DEVICE	NVIDIA GeForce RTX 5090	12	0	32
FIG15_MEASUREMENT	8	64	0.243167996
FIG15_CORRECT	32	0
