[2026-09-04 09:43:46][info][2707363] Setting BPFTIME_SHM_MEMORY_MB to: 256
[2026-09-04 09:43:46][info][2707363] Setting BPFTIME_MAX_FD_COUNT to: 1024
[2026-09-04 09:43:46][warning][2707363] BPFTIME_VERIFIER_LEVEL=WARNING was requested, but this bpftime build was compiled with ENABLE_EBPF_VERIFIER=OFF; continuing without userspace verification.
[2026-09-04 09:43:46][info][2707363] Verifier mode: WARNING
[2026-09-04 09:43:46][info][2707363] Init bpftime syscall mocking..
[2026-09-04 09:43:46][info][2707363] The log will be written to: console
[2026-09-04 09:43:46][info][2707363] Starting syscall server..
[2026-09-04 09:43:46][info][2707363] Setting BPFTIME_SHM_MEMORY_MB to: 256
[2026-09-04 09:43:46][info][2707363] Setting BPFTIME_MAX_FD_COUNT to: 1024
[2026-09-04 09:43:46][warning][2707363] BPFTIME_VERIFIER_LEVEL=WARNING was requested, but this bpftime build was compiled with ENABLE_EBPF_VERIFIER=OFF; continuing without userspace verification.
[2026-09-04 09:43:46][info][2707363] Verifier mode: WARNING
[2026-09-04 09:43:46][info][2707363] Initialize syscall server
[2026-09-04 09:43:46][info][2707363] Setting BPFTIME_SHM_MEMORY_MB to: 256
[2026-09-04 09:43:46][info][2707363] Setting BPFTIME_MAX_FD_COUNT to: 1024
[2026-09-04 09:43:46][warning][2707363] BPFTIME_VERIFIER_LEVEL=WARNING was requested, but this bpftime build was compiled with ENABLE_EBPF_VERIFIER=OFF; continuing without userspace verification.
[2026-09-04 09:43:46][info][2707363] Verifier mode: WARNING
[2026-09-04 09:43:46][info][2707363] Global shm constructed. shm_open_type 3 for fig15_map_2696097_113972364096297
[2026-09-04 09:43:46][info][2707363] Global shm initialized
[2026-09-04 09:43:46][info][2707363] Initializing CUDA at syscall-server side
[2026-09-04 09:43:47][info][2707363] CUDA initialized at syscall server side
[2026-09-04 09:43:47][info][2707363] bpftime-syscall-server started
failed to open BPF object /home/yunwei37/workspace/gpu/gpu_ext/microbench/fig15-device/.output/map-probe.bpf.o
