Loading checkpoint shards:   0%|          | 0/8 [00:00<?, ?it/s]Loading checkpoint shards:  12%|█▎        | 1/8 [00:00<00:06,  1.15it/s]Loading checkpoint shards:  25%|██▌       | 2/8 [00:01<00:04,  1.36it/s]Loading checkpoint shards:  38%|███▊      | 3/8 [00:02<00:03,  1.46it/s]Loading checkpoint shards:  50%|█████     | 4/8 [00:02<00:02,  1.52it/s]Loading checkpoint shards:  62%|██████▎   | 5/8 [00:03<00:01,  1.55it/s]Loading checkpoint shards:  75%|███████▌  | 6/8 [00:04<00:01,  1.56it/s]Loading checkpoint shards:  88%|████████▊ | 7/8 [00:04<00:00,  1.57it/s]Loading checkpoint shards: 100%|██████████| 8/8 [00:04<00:00,  1.97it/s]Loading checkpoint shards: 100%|██████████| 8/8 [00:04<00:00,  1.65it/s]
/home/yunwei37/workspace/gpu/gpu_ext/workloads/finemoe/.venv/lib/python3.12/site-packages/transformers/generation/configuration_utils.py:629: UserWarning: `do_sample` is set to `False`. However, `temperature` is set to `0.7` -- this flag is only used in sample-based generation modes. You should set `do_sample=True` or unset `temperature`.
  warnings.warn(
/home/yunwei37/workspace/gpu/gpu_ext/workloads/finemoe/.venv/lib/python3.12/site-packages/transformers/generation/configuration_utils.py:634: UserWarning: `do_sample` is set to `False`. However, `top_p` is set to `0.8` -- this flag is only used in sample-based generation modes. You should set `do_sample=True` or unset `top_p`.
  warnings.warn(
/home/yunwei37/workspace/gpu/gpu_ext/workloads/finemoe/.venv/lib/python3.12/site-packages/transformers/generation/configuration_utils.py:651: UserWarning: `do_sample` is set to `False`. However, `top_k` is set to `20` -- this flag is only used in sample-based generation modes. You should set `do_sample=True` or unset `top_k`.
  warnings.warn(
{"stage": "golden", "question_id": 141, "tokens": 16}
{"stage": "golden", "question_id": 109, "tokens": 16}
{"stage": "golden", "question_id": 81, "tokens": 16}
{"stage": "golden", "question_id": 118, "tokens": 16}
{"stage": "golden", "question_id": 104, "tokens": 16}
{"stage": "golden", "question_id": 114, "tokens": 16}
{"stage": "golden", "question_id": 132, "tokens": 16}
{"stage": "golden", "question_id": 84, "tokens": 16}
{"stage": "golden", "question_id": 113, "tokens": 16}
{"stage": "golden", "question_id": 149, "tokens": 16}
{"stage": "golden", "question_id": 116, "tokens": 16}
{"stage": "golden", "question_id": 159, "tokens": 16}
{"stage": "golden", "question_id": 134, "tokens": 16}
{"stage": "golden", "question_id": 90, "tokens": 16}
{"stage": "golden", "question_id": 127, "tokens": 16}
{"stage": "golden", "question_id": 152, "tokens": 16}
{"stage": "golden", "question_id": 126, "tokens": 16}
{"stage": "golden", "question_id": 135, "tokens": 16}
{"stage": "golden", "question_id": 99, "tokens": 16}
{"stage": "golden", "question_id": 86, "tokens": 16}
{"stage": "golden", "question_id": 102, "tokens": 16}
{"stage": "golden", "question_id": 124, "tokens": 16}
{"stage": "golden", "question_id": 158, "tokens": 16}
{"stage": "golden", "question_id": 160, "tokens": 16}
{"stage": "golden", "question_id": 94, "tokens": 16}
{"stage": "golden", "question_id": 87, "tokens": 16}
{"stage": "golden", "question_id": 105, "tokens": 16}
{"stage": "golden", "question_id": 120, "tokens": 16}
{"stage": "golden", "question_id": 138, "tokens": 16}
{"stage": "golden", "question_id": 147, "tokens": 16}
{"stage": "golden", "question_id": 129, "tokens": 16}
{"stage": "golden", "question_id": 107, "tokens": 16}
{"stage": "golden", "question_id": 93, "tokens": 16}
{"stage": "golden", "question_id": 82, "tokens": 16}
{"stage": "golden", "question_id": 150, "tokens": 16}
{"stage": "golden", "question_id": 122, "tokens": 16}
{"stage": "golden", "question_id": 148, "tokens": 16}
{"stage": "golden", "question_id": 121, "tokens": 16}
{"stage": "golden", "question_id": 92, "tokens": 16}
{"stage": "golden", "question_id": 111, "tokens": 16}
{"stage": "golden", "question_id": 136, "tokens": 16}
{"stage": "golden", "question_id": 101, "tokens": 16}
{"stage": "golden", "question_id": 144, "tokens": 16}
{"stage": "golden", "question_id": 117, "tokens": 16}
{"stage": "golden", "question_id": 154, "tokens": 16}
{"stage": "golden", "question_id": 119, "tokens": 16}
{"stage": "golden", "question_id": 155, "tokens": 16}
{"stage": "golden", "question_id": 89, "tokens": 16}
{"stage": "golden", "question_id": 103, "tokens": 16}
{"stage": "golden", "question_id": 95, "tokens": 16}
{"stage": "golden", "question_id": 91, "tokens": 16}
{"stage": "golden", "question_id": 143, "tokens": 16}
{"stage": "golden", "question_id": 130, "tokens": 16}
{"stage": "golden", "question_id": 97, "tokens": 16}
{"stage": "golden", "question_id": 88, "tokens": 16}
{"stage": "golden", "question_id": 153, "tokens": 16}
{"stage": "golden", "question_id": 128, "tokens": 16}
{"stage": "golden", "question_id": 85, "tokens": 16}
{"stage": "golden", "question_id": 156, "tokens": 16}
{"stage": "golden", "question_id": 139, "tokens": 16}
{"stage": "golden", "question_id": 106, "tokens": 16}
{"stage": "golden", "question_id": 151, "tokens": 16}
{"stage": "golden", "question_id": 131, "tokens": 16}
{"stage": "golden", "question_id": 83, "tokens": 16}
{"stage": "golden", "question_id": 133, "tokens": 16}
{"stage": "golden", "question_id": 157, "tokens": 16}
{"stage": "golden", "question_id": 108, "tokens": 16}
{"stage": "golden", "question_id": 96, "tokens": 16}
{"stage": "golden", "question_id": 146, "tokens": 16}
{"stage": "golden", "question_id": 145, "tokens": 16}
{"stage": "golden", "question_id": 98, "tokens": 16}
{"stage": "golden", "question_id": 123, "tokens": 16}
{"stage": "golden", "question_id": 137, "tokens": 16}
