[2026-09-07 18:01:42][warning][1947998] Calling original ioctl: 8 3223340586 140730446497584
[2026-09-07 18:01:42][warning][1947998] Calling original ioctl: 8 3223340586 140730446497600
[2026-09-07 18:01:42][warning][1947998] Calling original ioctl: 8 3223340586 140730446497648
[2026-09-07 18:01:42][warning][1947998] Calling original ioctl: 9 25 140730446501968
[2026-09-07 18:01:42][warning][1947998] Calling original ioctl: 8 3224389163 140730446499232
[2026-09-07 18:01:42][warning][1947998] Calling original ioctl: 9 73 140730446498416
[2026-09-07 18:01:42][warning][1947998] Calling original ioctl: 9 33 140730446489184
[2026-09-07 18:01:42][warning][1947998] Calling original ioctl: 8 3224389163 140730446498912
[2026-09-07 18:01:42][warning][1947998] Calling original ioctl: 9 73 140730446498096
[2026-09-07 18:01:42][warning][1947998] Calling original ioctl: 9 33 140730446488864
[2026-09-07 18:01:42][warning][1947998] Calling original ioctl: 8 3224389163 140730446498912
[2026-09-07 18:01:42][warning][1947998] Calling original ioctl: 9 73 140730446498096
[2026-09-07 18:01:42][warning][1947998] Calling original ioctl: 9 33 140730446488864
[2026-09-07 18:01:42][warning][1947998] Calling original ioctl: 8 3224389163 140730446499408
[2026-09-07 18:01:42][warning][1947998] Calling original ioctl: 9 73 140730446498592
[2026-09-07 18:01:42][warning][1947998] Calling original ioctl: 9 33 140730446489360
[2026-09-07 18:01:42][warning][1947998] Calling original ioctl: 8 3224389163 140730446501088
[2026-09-07 18:01:42][warning][1947998] Calling original ioctl: 8 3224389163 140730446501072
[2026-09-07 18:01:42][warning][1947998] Calling original ioctl: 8 3224389163 140730446497312
[2026-09-07 18:01:42][warning][1947998] Calling original ioctl: 8 3223340586 140730446492896
[2026-09-07 18:01:42][warning][1947998] Calling original ioctl: 8 3224913486 140730446497440
[2026-09-07 18:01:42][warning][1947998] Calling original ioctl: 8 3223864926 140730446497392
[2026-09-07 18:01:42][warning][1947998] Calling original ioctl: 9 73 140730446496496
[2026-09-07 18:01:42][warning][1947998] Calling original ioctl: 9 33 140730446487264
[2026-09-07 18:01:42][warning][1947998] Calling original ioctl: 8 3224389163 140730446496848
[2026-09-07 18:01:42][warning][1947998] Calling original ioctl: 8 3223340586 140730446492432
[2026-09-07 18:01:42][warning][1947998] Calling original ioctl: 8 3224913486 140730446496976
[2026-09-07 18:01:42][warning][1947998] Calling original ioctl: 9 73 140730446496032
[2026-09-07 18:01:42][warning][1947998] Calling original ioctl: 9 33 140730446486800
[2026-09-07 18:01:42][warning][1947998] Calling original ioctl: 8 3224389163 140730446497696
[2026-09-07 18:01:42][warning][1947998] Calling original ioctl: 8 3223340586 140730446493280
[2026-09-07 18:01:42][warning][1947998] Calling original ioctl: 8 3224913486 140730446497824
[2026-09-07 18:01:42][warning][1947998] Calling original ioctl: 8 3224389163 140730446499552
[2026-09-07 18:01:42][warning][1947998] Calling original ioctl: 8 3223340586 140730446495584
[2026-09-07 18:01:42][warning][1947998] Calling original ioctl: 8 3224389163 140730446499840
[2026-09-07 18:01:42][warning][1947998] Calling original ioctl: 8 3223340586 140730446495520
[2026-09-07 18:01:42][warning][1947998] Calling original ioctl: 8 3224389163 140730446499840
[2026-09-07 18:01:42][warning][1947998] Calling original ioctl: 8 3223340586 140730446495520
[2026-09-07 18:01:42][warning][1947998] Calling original ioctl: 8 3223340586 140730446495600
[2026-09-07 18:01:42][warning][1947998] Calling original ioctl: 8 3223340586 140730446495600
[2026-09-07 18:01:42][warning][1947998] Calling original ioctl: 8 3224389163 140730446498496
[2026-09-07 18:01:42][warning][1947998] Calling original ioctl: 8 3223340586 140730446494080
[2026-09-07 18:01:42][warning][1947998] Calling original ioctl: 8 3224913486 140730446498624
[2026-09-07 18:01:42][warning][1947998] Calling original ioctl: 9 73 140730446497680
[2026-09-07 18:01:42][warning][1947998] Calling original ioctl: 9 33 140730446488448
[2026-09-07 18:01:42][warning][1947998] Calling original ioctl: 8 3224389163 140730446497696
[2026-09-07 18:01:42][warning][1947998] Calling original ioctl: 8 3223340586 140730446493280
[2026-09-07 18:01:42][warning][1947998] Calling original ioctl: 8 3224913486 140730446497824
[2026-09-07 18:01:42][warning][1947998] Calling original ioctl: 8 3224389163 140730446499552
[2026-09-07 18:01:42][warning][1947998] Calling original ioctl: 8 3223340586 140730446495584
[2026-09-07 18:01:42][warning][1947998] Calling original ioctl: 8 3224389163 140730446499840
[2026-09-07 18:01:42][warning][1947998] Calling original ioctl: 8 3223340586 140730446495520
[2026-09-07 18:01:42][warning][1947998] Calling original ioctl: 8 3223340586 140730446495600
[2026-09-07 18:01:42][warning][1947998] Calling original ioctl: 8 3223340586 140730446495600
[2026-09-07 18:01:42][warning][1947998] Calling original ioctl: 8 3224389163 140730446497696
[2026-09-07 18:01:42][warning][1947998] Calling original ioctl: 8 3223340586 140730446493280
[2026-09-07 18:01:42][warning][1947998] Calling original ioctl: 8 3224913486 140730446497824
[2026-09-07 18:01:42][warning][1947998] Calling original ioctl: 8 3224389163 140730446499552
[2026-09-07 18:01:42][warning][1947998] Calling original ioctl: 8 3223340586 140730446495584
[2026-09-07 18:01:42][warning][1947998] Calling original ioctl: 8 3224389163 140730446499840
[2026-09-07 18:01:42][warning][1947998] Calling original ioctl: 8 3223340586 140730446495520
[2026-09-07 18:01:42][warning][1947998] Calling original ioctl: 8 3224389163 140730446499840
[2026-09-07 18:01:42][warning][1947998] Calling original ioctl: 8 3223340586 140730446495520
[2026-09-07 18:01:42][warning][1947998] Calling original ioctl: 8 3223340586 140730446495600
[2026-09-07 18:01:42][warning][1947998] Calling original ioctl: 8 3223340586 140730446495600
[2026-09-07 18:01:42][warning][1947998] Calling original ioctl: 8 3224389163 140730446497696
[2026-09-07 18:01:42][warning][1947998] Calling original ioctl: 8 3223340586 140730446493280
[2026-09-07 18:01:42][warning][1947998] Calling original ioctl: 8 3224913486 140730446497824
[2026-09-07 18:01:42][warning][1947998] Calling original ioctl: 8 3224389163 140730446499552
[2026-09-07 18:01:42][warning][1947998] Calling original ioctl: 8 3223340586 140730446495584
[2026-09-07 18:01:42][warning][1947998] Calling original ioctl: 8 3224389163 140730446499840
[2026-09-07 18:01:42][warning][1947998] Calling original ioctl: 8 3223340586 140730446495520
[2026-09-07 18:01:42][warning][1947998] Calling original ioctl: 8 3223340586 140730446495600
[2026-09-07 18:01:42][warning][1947998] Calling original ioctl: 8 3223340586 140730446495600
[2026-09-07 18:01:42][warning][1947998] Calling original ioctl: 8 3224389163 140730446497696
[2026-09-07 18:01:42][warning][1947998] Calling original ioctl: 8 3223340586 140730446493280
[2026-09-07 18:01:42][warning][1947998] Calling original ioctl: 8 3224913486 140730446497824
[2026-09-07 18:01:42][warning][1947998] Calling original ioctl: 8 3224389163 140730446499552
[2026-09-07 18:01:42][warning][1947998] Calling original ioctl: 8 3223340586 140730446495584
[2026-09-07 18:01:42][warning][1947998] Calling original ioctl: 8 3224389163 140730446499840
[2026-09-07 18:01:42][warning][1947998] Calling original ioctl: 8 3223340586 140730446495520
[2026-09-07 18:01:42][warning][1947998] Calling original ioctl: 8 3224389163 140730446499840
[2026-09-07 18:01:42][warning][1947998] Calling original ioctl: 8 3223340586 140730446495520
[2026-09-07 18:01:42][warning][1947998] Calling original ioctl: 8 3223340586 140730446495600
[2026-09-07 18:01:42][warning][1947998] Calling original ioctl: 8 3223340586 140730446495600
[2026-09-07 18:01:42][warning][1947998] Calling original ioctl: 8 3224389163 140730446497696
[2026-09-07 18:01:42][warning][1947998] Calling original ioctl: 8 3223340586 140730446493280
[2026-09-07 18:01:42][warning][1947998] Calling original ioctl: 8 3224913486 140730446497824
[2026-09-07 18:01:42][warning][1947998] Calling original ioctl: 8 3224389163 140730446499552
[2026-09-07 18:01:42][warning][1947998] Calling original ioctl: 8 3223340586 140730446495584
[2026-09-07 18:01:42][warning][1947998] Calling original ioctl: 8 3224389163 140730446499840
[2026-09-07 18:01:42][warning][1947998] Calling original ioctl: 8 3223340586 140730446495520
[2026-09-07 18:01:42][warning][1947998] Calling original ioctl: 8 3223340586 140730446495600
[2026-09-07 18:01:42][warning][1947998] Calling original ioctl: 8 3223340586 140730446495600
[2026-09-07 18:01:42][warning][1947998] Calling original ioctl: 8 3224389163 140730446497696
[2026-09-07 18:01:42][warning][1947998] Calling original ioctl: 8 3223340586 140730446493280
[2026-09-07 18:01:42][warning][1947998] Calling original ioctl: 8 3224913486 140730446497824
[2026-09-07 18:01:42][warning][1947998] Calling original ioctl: 8 3224389163 140730446499552
[2026-09-07 18:01:42][warning][1947998] Calling original ioctl: 8 3223340586 140730446495584
[2026-09-07 18:01:42][warning][1947998] Calling original ioctl: 8 3224389163 140730446499840
[2026-09-07 18:01:42][warning][1947998] Calling original ioctl: 8 3223340586 140730446495520
[2026-09-07 18:01:42][warning][1947998] Calling original ioctl: 8 3224389163 140730446499840
[2026-09-07 18:01:42][warning][1947998] Calling original ioctl: 8 3223340586 140730446495520
[2026-09-07 18:01:42][warning][1947998] Calling original ioctl: 8 3223340586 140730446495600
[2026-09-07 18:01:42][warning][1947998] Calling original ioctl: 8 3223340586 140730446495600
[2026-09-07 18:01:42][warning][1947998] Calling original ioctl: 8 3224389163 140730446497696
[2026-09-07 18:01:42][warning][1947998] Calling original ioctl: 8 3223340586 140730446493280
[2026-09-07 18:01:42][warning][1947998] Calling original ioctl: 8 3224913486 140730446497824
[2026-09-07 18:01:42][warning][1947998] Calling original ioctl: 8 3224389163 140730446499552
[2026-09-07 18:01:42][warning][1947998] Calling original ioctl: 8 3223340586 140730446495584
[2026-09-07 18:01:42][warning][1947998] Calling original ioctl: 8 3224389163 140730446499840
[2026-09-07 18:01:42][warning][1947998] Calling original ioctl: 8 3223340586 140730446495520
[2026-09-07 18:01:42][warning][1947998] Calling original ioctl: 8 3223340586 140730446495600
[2026-09-07 18:01:42][warning][1947998] Calling original ioctl: 8 3223340586 140730446495600
[2026-09-07 18:01:42][warning][1947998] Calling original ioctl: 9 27 140730446501520
[2026-09-07 18:01:42][warning][1947998] Calling original ioctl: 9 27 140730446501520
[2026-09-07 18:01:42][warning][1947998] Calling original ioctl: 9 27 140730446501520
[2026-09-07 18:01:42][warning][1947998] Calling original ioctl: 9 27 140730446501520
[2026-09-07 18:01:42][warning][1947998] Calling original ioctl: 9 27 140730446501520
[2026-09-07 18:01:42][warning][1947998] Calling original ioctl: 9 27 140730446501520
[2026-09-07 18:01:42][warning][1947998] Calling original ioctl: 9 27 140730446501520
[2026-09-07 18:01:42][warning][1947998] Calling original ioctl: 9 27 140730446501520
[2026-09-07 18:01:42][warning][1947998] Calling original ioctl: 8 3223340586 140730446497184
[2026-09-07 18:01:42][warning][1947998] Calling original ioctl: 17 3221505737 140730446501280
[2026-09-07 18:01:42][warning][1947998] Calling original ioctl: 17 3222292174 140730446501264
[2026-09-07 18:01:42][warning][1947998] Calling original ioctl: 17 3224389163 140730446501248
[2026-09-07 18:01:42][warning][1947998] Calling original ioctl: 8 3224389163 140730446501088
[2026-09-07 18:01:42][warning][1947998] Calling original ioctl: 8 3224389163 140730446497696
[2026-09-07 18:01:42][warning][1947998] Calling original ioctl: 8 3223340586 140730446493280
[2026-09-07 18:01:42][warning][1947998] Calling original ioctl: 8 3224913486 140730446497824
[2026-09-07 18:01:42][warning][1947998] Calling original ioctl: 8 3224389163 140730446499552
[2026-09-07 18:01:42][warning][1947998] Calling original ioctl: 8 3223340586 140730446495584
[2026-09-07 18:01:42][warning][1947998] Calling original ioctl: 8 3224389163 140730446499840
[2026-09-07 18:01:42][warning][1947998] Calling original ioctl: 8 3223340586 140730446495520
[2026-09-07 18:01:42][warning][1947998] Calling original ioctl: 8 3223340586 140730446495600
[2026-09-07 18:01:42][warning][1947998] Calling original ioctl: 8 3224389163 140730446497696
[2026-09-07 18:01:42][warning][1947998] Calling original ioctl: 8 3223340586 140730446493280
[2026-09-07 18:01:42][warning][1947998] Calling original ioctl: 8 3224913486 140730446497824
[2026-09-07 18:01:42][warning][1947998] Calling original ioctl: 8 3224389163 140730446499552
[2026-09-07 18:01:42][warning][1947998] Calling original ioctl: 8 3223340586 140730446495584
[2026-09-07 18:01:42][warning][1947998] Calling original ioctl: 8 3224389163 140730446499840
[2026-09-07 18:01:42][warning][1947998] Calling original ioctl: 8 3223340586 140730446495520
[2026-09-07 18:01:42][warning][1947998] Calling original ioctl: 8 3223340586 140730446495600
[2026-09-07 18:01:42][warning][1947998] Calling original ioctl: 8 3224389163 140730446497696
[2026-09-07 18:01:42][warning][1947998] Calling original ioctl: 8 3223340586 140730446493280
[2026-09-07 18:01:42][warning][1947998] Calling original ioctl: 8 3224913486 140730446497824
[2026-09-07 18:01:42][warning][1947998] Calling original ioctl: 8 3224389163 140730446499552
[2026-09-07 18:01:42][warning][1947998] Calling original ioctl: 8 3223340586 140730446495584
[2026-09-07 18:01:42][warning][1947998] Calling original ioctl: 8 3224389163 140730446499840
[2026-09-07 18:01:42][warning][1947998] Calling original ioctl: 8 3223340586 140730446495520
[2026-09-07 18:01:42][warning][1947998] Calling original ioctl: 8 3223340586 140730446495600
[2026-09-07 18:01:42][warning][1947998] Calling original ioctl: 8 3224389163 140730446497696
[2026-09-07 18:01:42][warning][1947998] Calling original ioctl: 8 3223340586 140730446493280
[2026-09-07 18:01:42][warning][1947998] Calling original ioctl: 8 3224913486 140730446497824
[2026-09-07 18:01:42][warning][1947998] Calling original ioctl: 8 3224389163 140730446499552
[2026-09-07 18:01:42][warning][1947998] Calling original ioctl: 8 3223340586 140730446495584
[2026-09-07 18:01:42][warning][1947998] Calling original ioctl: 8 3224389163 140730446499840
[2026-09-07 18:01:42][warning][1947998] Calling original ioctl: 8 3223340586 140730446495520
[2026-09-07 18:01:42][warning][1947998] Calling original ioctl: 8 3223340586 140730446495600
[2026-09-07 18:01:42][warning][1947998] Calling original ioctl: 9 27 140730446501520
[2026-09-07 18:01:42][warning][1947998] Calling original ioctl: 9 27 140730446501520
[2026-09-07 18:01:42][warning][1947998] Calling original ioctl: 9 27 140730446501520
[2026-09-07 18:01:42][warning][1947998] Calling original ioctl: 9 27 140730446501520
[2026-09-07 18:01:42][warning][1947998] Calling original ioctl: 8 3223340586 140730446497184
[2026-09-07 18:01:42][warning][1947998] Calling original ioctl: 19 3221505737 140730446501280
[2026-09-07 18:01:42][warning][1947998] Calling original ioctl: 19 3222292174 140730446501264
[2026-09-07 18:01:42][warning][1947998] Calling original ioctl: 19 3224389163 140730446501248
[2026-09-07 18:01:42][warning][1947998] Calling original ioctl: 8 3224389163 140730446501088
[2026-09-07 18:01:42][warning][1947998] Calling original ioctl: 8 3224389163 140730446497696
[2026-09-07 18:01:42][warning][1947998] Calling original ioctl: 8 3223340586 140730446493280
[2026-09-07 18:01:42][warning][1947998] Calling original ioctl: 8 3224913486 140730446497824
[2026-09-07 18:01:42][warning][1947998] Calling original ioctl: 8 3224389163 140730446499552
[2026-09-07 18:01:42][warning][1947998] Calling original ioctl: 8 3223340586 140730446495584
[2026-09-07 18:01:42][warning][1947998] Calling original ioctl: 8 3224389163 140730446499840
[2026-09-07 18:01:42][warning][1947998] Calling original ioctl: 8 3223340586 140730446495520
[2026-09-07 18:01:42][warning][1947998] Calling original ioctl: 8 3223340586 140730446495600
[2026-09-07 18:01:42][warning][1947998] Calling original ioctl: 8 3224389163 140730446497696
[2026-09-07 18:01:42][warning][1947998] Calling original ioctl: 8 3223340586 140730446493280
[2026-09-07 18:01:42][warning][1947998] Calling original ioctl: 8 3224913486 140730446497824
[2026-09-07 18:01:42][warning][1947998] Calling original ioctl: 8 3224389163 140730446499552
[2026-09-07 18:01:42][warning][1947998] Calling original ioctl: 8 3223340586 140730446495584
[2026-09-07 18:01:42][warning][1947998] Calling original ioctl: 8 3224389163 140730446499840
[2026-09-07 18:01:42][warning][1947998] Calling original ioctl: 8 3223340586 140730446495520
[2026-09-07 18:01:42][warning][1947998] Calling original ioctl: 8 3223340586 140730446495600
[2026-09-07 18:01:42][warning][1947998] Calling original ioctl: 8 3224389163 140730446497696
[2026-09-07 18:01:42][warning][1947998] Calling original ioctl: 8 3223340586 140730446493280
[2026-09-07 18:01:42][warning][1947998] Calling original ioctl: 8 3224913486 140730446497824
[2026-09-07 18:01:42][warning][1947998] Calling original ioctl: 8 3224389163 140730446499552
[2026-09-07 18:01:42][warning][1947998] Calling original ioctl: 8 3223340586 140730446495584
[2026-09-07 18:01:42][warning][1947998] Calling original ioctl: 8 3224389163 140730446499840
[2026-09-07 18:01:42][warning][1947998] Calling original ioctl: 8 3223340586 140730446495520
[2026-09-07 18:01:42][warning][1947998] Calling original ioctl: 8 3223340586 140730446495600
[2026-09-07 18:01:42][warning][1947998] Calling original ioctl: 8 3224389163 140730446497696
[2026-09-07 18:01:42][warning][1947998] Calling original ioctl: 8 3223340586 140730446493280
[2026-09-07 18:01:42][warning][1947998] Calling original ioctl: 8 3224913486 140730446497824
[2026-09-07 18:01:42][warning][1947998] Calling original ioctl: 8 3224389163 140730446499552
[2026-09-07 18:01:42][warning][1947998] Calling original ioctl: 8 3223340586 140730446495584
[2026-09-07 18:01:42][warning][1947998] Calling original ioctl: 8 3224389163 140730446499840
[2026-09-07 18:01:42][warning][1947998] Calling original ioctl: 8 3223340586 140730446495520
[2026-09-07 18:01:42][warning][1947998] Calling original ioctl: 8 3223340586 140730446495600
[2026-09-07 18:01:42][warning][1947998] Calling original ioctl: 9 27 140730446501520
[2026-09-07 18:01:42][warning][1947998] Calling original ioctl: 9 27 140730446501520
[2026-09-07 18:01:42][warning][1947998] Calling original ioctl: 9 27 140730446501520
[2026-09-07 18:01:42][warning][1947998] Calling original ioctl: 9 27 140730446501520
[2026-09-07 18:01:42][warning][1947998] Calling original ioctl: 8 3223340586 140730446497184
[2026-09-07 18:01:42][warning][1947998] Calling original ioctl: 21 3221505737 140730446501280
[2026-09-07 18:01:42][warning][1947998] Calling original ioctl: 21 3222292174 140730446501264
[2026-09-07 18:01:42][warning][1947998] Calling original ioctl: 21 3224389163 140730446501248
[2026-09-07 18:01:42][warning][1947998] Calling original ioctl: 8 3224389163 140730446498720
[2026-09-07 18:01:42][warning][1947998] Calling original ioctl: 8 3223340586 140730446494304
[2026-09-07 18:01:42][warning][1947998] Calling original ioctl: 8 3224913486 140730446498848
[2026-09-07 18:01:42][warning][1947998] Calling original ioctl: 9 73 140730446497904
[2026-09-07 18:01:42][warning][1947998] Calling original ioctl: 9 33 140730446488672
[2026-09-07 18:01:42][warning][1947998] Calling original ioctl: 8 3224389163 140730446499024
[2026-09-07 18:01:42][warning][1947998] Calling original ioctl: 9 73 140730446498208
[2026-09-07 18:01:42][warning][1947998] Calling original ioctl: 9 33 140730446488976
[2026-09-07 18:01:42][warning][1947998] Calling original ioctl: 9 68 140730446488368
[2026-09-07 18:01:42][warning][1947998] Calling original ioctl: 9 72 140730446497472
[2026-09-07 18:01:42][warning][1947998] Calling original ioctl: 9 23 140730446501824
[2026-09-07 18:01:42][warning][1947998] Calling original ioctl: 9 23 140730446501824
[2026-09-07 18:01:42][warning][1947998] Calling original ioctl: 9 23 140730446501824
[2026-09-07 18:01:42][warning][1947998] Calling original ioctl: 9 23 140730446501824
[2026-09-07 18:01:42][warning][1947998] Calling original ioctl: 8 3224389163 140730446499024
[2026-09-07 18:01:42][warning][1947998] Calling original ioctl: 9 73 140730446498208
[2026-09-07 18:01:42][warning][1947998] Calling original ioctl: 9 33 140730446488976
[2026-09-07 18:01:42][warning][1947998] Calling original ioctl: 9 23 140730446501824
[2026-09-07 18:01:42][warning][1947998] Calling original ioctl: 9 23 140730446501824
[2026-09-07 18:01:42][warning][1947998] Calling original ioctl: 9 23 140730446501824
[2026-09-07 18:01:42][warning][1947998] Calling original ioctl: 8 3224389163 140730446498448
[2026-09-07 18:01:42][warning][1947998] Calling original ioctl: 8 3223340586 140730446494032
[2026-09-07 18:01:42][warning][1947998] Calling original ioctl: 8 3224913486 140730446498576
[2026-09-07 18:01:42][warning][1947998] Calling original ioctl: 9 73 140730446497632
[2026-09-07 18:01:42][warning][1947998] Calling original ioctl: 9 33 140730446488400
[2026-09-07 18:01:42][warning][1947998] Calling original ioctl: 12 3224913447 140730446498432
[2026-09-07 18:01:42][warning][1947998] Calling original ioctl: 9 73 140730446497632
[2026-09-07 18:01:42][warning][1947998] Calling original ioctl: 9 33 140730446488400
[2026-09-07 18:01:42][warning][1947998] Calling original ioctl: 8 3224389163 140730446499312
[2026-09-07 18:01:42][warning][1947998] Calling original ioctl: 9 73 140730446498496
[2026-09-07 18:01:42][warning][1947998] Calling original ioctl: 9 33 140730446489264
[2026-09-07 18:01:42][warning][1947998] Calling original ioctl: 12 3224913447 140730446498688
[2026-09-07 18:01:42][warning][1947998] Calling original ioctl: 9 73 140730446497888
[2026-09-07 18:01:42][warning][1947998] Calling original ioctl: 9 33 140730446488656
[2026-09-07 18:01:42][warning][1947998] Calling original ioctl: 8 3224389163 140730446498704
[2026-09-07 18:01:42][warning][1947998] Calling original ioctl: 9 73 140730446497888
[2026-09-07 18:01:42][warning][1947998] Calling original ioctl: 9 33 140730446488656
[2026-09-07 18:01:42][warning][1947998] Calling original ioctl: 9 65 140730446498976
[2026-09-07 18:01:42][warning][1947998] Calling original ioctl: 12 3224913447 140730446499792
[2026-09-07 18:01:42][warning][1947998] Calling original ioctl: 9 73 140730446498992
[2026-09-07 18:01:42][warning][1947998] Calling original ioctl: 9 33 140730446489760
[2026-09-07 18:01:42][warning][1947998] Calling original ioctl: 8 3224389163 140730446499808
[2026-09-07 18:01:42][warning][1947998] Calling original ioctl: 9 73 140730446498992
[2026-09-07 18:01:42][warning][1947998] Calling original ioctl: 9 33 140730446489760
[2026-09-07 18:01:42][warning][1947998] Calling original ioctl: 8 3224389163 140730446499376
[2026-09-07 18:01:42][warning][1947998] Calling original ioctl: 8 3223340586 140730446494960
[2026-09-07 18:01:42][warning][1947998] Calling original ioctl: 8 3224913486 140730446499504
[2026-09-07 18:01:42][warning][1947998] Calling original ioctl: 9 73 140730446498560
[2026-09-07 18:01:42][warning][1947998] Calling original ioctl: 9 33 140730446489328
[2026-09-07 18:01:42][warning][1947998] Calling original ioctl: 8 3224389163 140730446497088
[2026-09-07 18:01:42][warning][1947998] Calling original ioctl: 9 73 140730446496272
[2026-09-07 18:01:42][warning][1947998] Calling original ioctl: 9 33 140730446487040
[2026-09-07 18:01:42][warning][1947998] Calling original ioctl: 8 3224389163 140730446497008
[2026-09-07 18:01:42][warning][1947998] Calling original ioctl: 9 73 140730446496192
[2026-09-07 18:01:42][warning][1947998] Calling original ioctl: 9 33 140730446486960
[2026-09-07 18:01:42][warning][1947998] Calling original ioctl: 8 3224389163 140730446497008
[2026-09-07 18:01:42][warning][1947998] Calling original ioctl: 9 73 140730446496192
[2026-09-07 18:01:42][warning][1947998] Calling original ioctl: 9 33 140730446486960
[2026-09-07 18:01:42][warning][1947998] Calling original ioctl: 12 3224913447 140730446499344
[2026-09-07 18:01:42][warning][1947998] Calling original ioctl: 9 73 140730446498544
[2026-09-07 18:01:42][warning][1947998] Calling original ioctl: 9 33 140730446489312
[2026-09-07 18:01:42][warning][1947998] Calling original ioctl: 8 3224389163 140730446501952
[2026-09-07 18:01:42][warning][1947998] Calling original ioctl: 8 3224389163 140730446498848
[2026-09-07 18:01:42][warning][1947998] Calling original ioctl: 8 3223340586 140730446494432
[2026-09-07 18:01:42][warning][1947998] Calling original ioctl: 8 3224913486 140730446498976
[2026-09-07 18:01:42][warning][1947998] Calling original ioctl: 9 73 140730446498032
[2026-09-07 18:01:42][warning][1947998] Calling original ioctl: 9 33 140730446488800
[2026-09-07 18:01:42][warning][1947998] Calling original ioctl: 8 3224389163 140730446499168
[2026-09-07 18:01:42][warning][1947998] Calling original ioctl: 9 73 140730446498352
[2026-09-07 18:01:42][warning][1947998] Calling original ioctl: 9 33 140730446489120
[2026-09-07 18:01:42][warning][1947998] Calling original ioctl: 8 3224389163 140730446499168
[2026-09-07 18:01:42][warning][1947998] Calling original ioctl: 9 73 140730446498352
[2026-09-07 18:01:42][warning][1947998] Calling original ioctl: 9 33 140730446489120
[2026-09-07 18:01:42][warning][1947998] Calling original ioctl: 24 3221505737 140730446501616
[2026-09-07 18:01:42][warning][1947998] Calling original ioctl: 24 3222292174 140730446501600
[2026-09-07 18:01:42][warning][1947998] Calling original ioctl: 24 3224389163 140730446501584
[2026-09-07 18:01:42][warning][1947998] Calling original ioctl: 26 3221505737 140730446501616
[2026-09-07 18:01:42][warning][1947998] Calling original ioctl: 26 3222292174 140730446501600
[2026-09-07 18:01:42][warning][1947998] Calling original ioctl: 26 3224389163 140730446501584
[2026-09-07 18:01:42][warning][1947998] Calling original ioctl: 28 3221505737 140730446501616
[2026-09-07 18:01:42][warning][1947998] Calling original ioctl: 28 3222292174 140730446501600
[2026-09-07 18:01:42][warning][1947998] Calling original ioctl: 28 3224389163 140730446501584
[2026-09-07 18:01:42][warning][1947998] Calling original ioctl: 30 3221505737 140730446501616
[2026-09-07 18:01:42][warning][1947998] Calling original ioctl: 30 3222292174 140730446501600
[2026-09-07 18:01:42][warning][1947998] Calling original ioctl: 30 3224389163 140730446501584
[2026-09-07 18:01:42][warning][1947998] Calling original ioctl: 8 3223340586 140730446497328
[2026-09-07 18:01:42][warning][1947998] Calling original ioctl: 8 3223340586 140730446497504
[2026-09-07 18:01:42][warning][1947998] Calling original ioctl: 8 3223340586 140730446497664
[2026-09-07 18:01:42][warning][1947998] Calling original ioctl: 8 3224389163 140730446499136
[2026-09-07 18:01:42][warning][1947998] Calling original ioctl: 9 73 140730446498320
[2026-09-07 18:01:42][warning][1947998] Calling original ioctl: 9 33 140730446489088
[2026-09-07 18:01:42][warning][1947998] Calling original ioctl: 8 3223340586 140730446497664
libbpf: loading object 'onevalue_array_bpf' from buffer
libbpf: elf: section(2) .symtab, size 264, link 1, flags 0, type=2
libbpf: elf: section(3) kretprobe/_Z9rope_normILb1ELb0Ef6__halfEvPKT1_PT2_iiiiiPKifff14rope_corr_dimsfPKfPKli, size 816, link 0, flags 6, type=1
libbpf: sec 'kretprobe/_Z9rope_normILb1ELb0Ef6__halfEvPKT1_PT2_iiiiiPKifff14rope_corr_dimsfPKfPKli': found program 'cuda__retprobe' at insn offset 0 (0 bytes), code size 102 insns (816 bytes)
libbpf: elf: section(4) .maps, size 32, link 0, flags 3, type=1
libbpf: elf: section(5) license, size 4, link 0, flags 3, type=1
libbpf: license of onevalue_array_bpf is GPL
libbpf: elf: section(6) .relkretprobe/_Z9rope_normILb1ELb0Ef6__halfEvPKT1_PT2_iiiiiPKifff14rope_corr_dimsfPKfPKli, size 16, link 2, flags 40, type=9
libbpf: elf: section(7) .BTF, size 2230, link 0, flags 0, type=1
libbpf: elf: section(8) .BTF.ext, size 768, link 0, flags 0, type=1
libbpf: looking for externs among 11 symbols...
libbpf: collected 0 externs total
libbpf: map 'arena': at sec_idx 4, offset 0.
libbpf: map 'arena': found type = 1503.
libbpf: map 'arena': found key [8], sz = 4.
libbpf: map 'arena': found value [12], sz = 23199768.
libbpf: map 'arena': found max_entries = 1.
libbpf: sec '.relkretprobe/_Z9rope_normILb1ELb0Ef6__halfEvPKT1_PT2_iiiiiPKifff14rope_corr_dimsfPKfPKli': collecting relocation for section(3) 'kretprobe/_Z9rope_normILb1ELb0Ef6__halfEvPKT1_PT2_iiiiiPKifff14rope_corr_dimsfPKfPKli'
libbpf: sec '.relkretprobe/_Z9rope_normILb1ELb0Ef6__halfEvPKT1_PT2_iiiiiPKifff14rope_corr_dimsfPKfPKli': relo #0: insn #47 against 'arena'
libbpf: prog 'cuda__retprobe': found map 0 (arena, sec 4, off 0) for insn #47
libbpf: object 'onevalue_array_': failed (-EACCES) to open BPF FS mount at '/sys/fs/bpf', skipping optional step...
libbpf: Kernel doesn't support BTF, skipping uploading it.
libbpf: map 'arena': created successfully, fd=34
One-value map type: 1503
One-value map max entries: 1
One-value map value bytes: 23199768
One-value probe attached; waiting for SIGINT
[2026-09-07 18:01:58][warning][1948063] Calling original ioctl: 8 3223340586 131764516128368
[2026-09-07 18:03:21][warning][1947998] Calling original ioctl: 8 3223340586 140730446490992
One-value drain bytes: 23199768
One-value drain time ns: 10617448
Warp append counters total: 720896
Active warps: 16384
Coordinate extent x: 16384
Stored events: 720896
Event coordinate mismatches: 0
Reserved total committed (device): 0
Overflow events: 0
Out-of-range events: 0
Nonzero timestamps: 720896
[2026-09-07 18:03:21][warning][1947998] Calling original ioctl: 9 34 140730446500672
[2026-09-07 18:03:21][warning][1947998] Calling original ioctl: 8 3222292009 140730446500832
[2026-09-07 18:03:21][warning][1947998] Calling original ioctl: 9 34 140730446503264
[2026-09-07 18:03:21][warning][1947998] Calling original ioctl: 8 3222292009 140730446503424
[2026-09-07 18:03:21][warning][1947998] Calling original ioctl: 9 34 140730446503264
[2026-09-07 18:03:21][warning][1947998] Calling original ioctl: 8 3222292009 140730446503424
[2026-09-07 18:03:21][warning][1947998] Calling original ioctl: 8 3222292009 140730446504144
[2026-09-07 18:03:21][warning][1947998] Calling original ioctl: 26 3222292175 140730446504160
[2026-09-07 18:03:21][warning][1947998] Calling original ioctl: 8 3222292009 140730446504144
[2026-09-07 18:03:21][warning][1947998] Calling original ioctl: 28 3222292175 140730446504160
[2026-09-07 18:03:21][warning][1947998] Calling original ioctl: 8 3222292009 140730446504144
[2026-09-07 18:03:21][warning][1947998] Calling original ioctl: 24 3222292175 140730446504160
[2026-09-07 18:03:21][warning][1947998] Calling original ioctl: 8 3222292009 140730446504144
[2026-09-07 18:03:21][warning][1947998] Calling original ioctl: 30 3222292175 140730446504160
[2026-09-07 18:03:21][warning][1947998] Calling original ioctl: 9 34 140730446503168
[2026-09-07 18:03:21][warning][1947998] Calling original ioctl: 8 3222292009 140730446503328
[2026-09-07 18:03:21][warning][1947998] Calling original ioctl: 9 34 140730446503168
[2026-09-07 18:03:21][warning][1947998] Calling original ioctl: 8 3222292009 140730446503328
[2026-09-07 18:03:21][warning][1947998] Calling original ioctl: 9 34 140730446503296
[2026-09-07 18:03:21][warning][1947998] Calling original ioctl: 8 3223340623 140730446503504
[2026-09-07 18:03:21][warning][1947998] Calling original ioctl: 8 3222292009 140730446503456
[2026-09-07 18:03:21][warning][1947998] Calling original ioctl: 8 3222292009 140730446504224
[2026-09-07 18:03:21][warning][1947998] Calling original ioctl: 9 34 140730446503280
[2026-09-07 18:03:21][warning][1947998] Calling original ioctl: 8 3222292009 140730446503440
[2026-09-07 18:03:21][warning][1947998] Calling original ioctl: 9 34 140730446503280
[2026-09-07 18:03:21][warning][1947998] Calling original ioctl: 8 3223340623 140730446503488
[2026-09-07 18:03:21][warning][1947998] Calling original ioctl: 8 3222292009 140730446503440
[2026-09-07 18:03:21][warning][1947998] Calling original ioctl: 8 3223340586 140730446499152
[2026-09-07 18:03:21][warning][1947998] Calling original ioctl: 9 34 140730446503104
[2026-09-07 18:03:21][warning][1947998] Calling original ioctl: 8 3222292009 140730446503264
[2026-09-07 18:03:21][warning][1947998] Calling original ioctl: 8 3223340586 140730446499152
[2026-09-07 18:03:21][warning][1947998] Calling original ioctl: 9 34 140730446503104
[2026-09-07 18:03:21][warning][1947998] Calling original ioctl: 8 3222292009 140730446503264
[2026-09-07 18:03:21][warning][1947998] Calling original ioctl: 8 3223340586 140730446499152
[2026-09-07 18:03:21][warning][1947998] Calling original ioctl: 9 34 140730446503104
[2026-09-07 18:03:21][warning][1947998] Calling original ioctl: 8 3222292009 140730446503264
[2026-09-07 18:03:21][warning][1947998] Calling original ioctl: 8 3223340586 140730446500048
[2026-09-07 18:03:21][warning][1947998] Calling original ioctl: 9 34 140730446503328
[2026-09-07 18:03:21][warning][1947998] Calling original ioctl: 9 34 140730446503328
[2026-09-07 18:03:21][warning][1947998] Calling original ioctl: 8 3222292009 140730446503488
[2026-09-07 18:03:21][warning][1947998] Calling original ioctl: 9 34 140730446503328
[2026-09-07 18:03:21][warning][1947998] Calling original ioctl: 8 3222292009 140730446503488
[2026-09-07 18:03:21][warning][1947998] Calling original ioctl: 9 34 140730446503280
[2026-09-07 18:03:21][warning][1947998] Calling original ioctl: 8 3223340623 140730446503488
[2026-09-07 18:03:21][warning][1947998] Calling original ioctl: 8 3222292009 140730446503440
[2026-09-07 18:03:21][warning][1947998] Calling original ioctl: 9 24 140730446504320
[2026-09-07 18:03:21][warning][1947998] Calling original ioctl: 9 24 140730446504320
[2026-09-07 18:03:21][warning][1947998] Calling original ioctl: 9 24 140730446504352
[2026-09-07 18:03:21][warning][1947998] Calling original ioctl: 9 24 140730446504320
[2026-09-07 18:03:21][warning][1947998] Calling original ioctl: 9 24 140730446504320
[2026-09-07 18:03:21][warning][1947998] Calling original ioctl: 9 24 140730446504320
[2026-09-07 18:03:21][warning][1947998] Calling original ioctl: 9 24 140730446504320
[2026-09-07 18:03:21][warning][1947998] Calling original ioctl: 9 34 140730446503216
[2026-09-07 18:03:21][warning][1947998] Calling original ioctl: 8 3222292009 140730446503376
[2026-09-07 18:03:21][warning][1947998] Calling original ioctl: 9 34 140730446503216
[2026-09-07 18:03:21][warning][1947998] Calling original ioctl: 8 3222292009 140730446503376
[2026-09-07 18:03:21][warning][1947998] Calling original ioctl: 9 34 140730446503328
[2026-09-07 18:03:21][warning][1947998] Calling original ioctl: 8 3222292009 140730446503488
[2026-09-07 18:03:21][warning][1947998] Calling original ioctl: 8 3222292009 140730446504064
[2026-09-07 18:03:21][warning][1947998] Calling original ioctl: 17 3222292175 140730446504080
[2026-09-07 18:03:21][warning][1947998] Calling original ioctl: 9 28 140730446504192
[2026-09-07 18:03:21][warning][1947998] Calling original ioctl: 9 28 140730446504192
[2026-09-07 18:03:21][warning][1947998] Calling original ioctl: 9 28 140730446504192
[2026-09-07 18:03:21][warning][1947998] Calling original ioctl: 9 28 140730446504192
[2026-09-07 18:03:21][warning][1947998] Calling original ioctl: 9 28 140730446504192
[2026-09-07 18:03:21][warning][1947998] Calling original ioctl: 9 28 140730446504192
[2026-09-07 18:03:21][warning][1947998] Calling original ioctl: 9 28 140730446504192
[2026-09-07 18:03:21][warning][1947998] Calling original ioctl: 9 28 140730446504192
[2026-09-07 18:03:21][warning][1947998] Calling original ioctl: 8 3222292009 140730446503952
[2026-09-07 18:03:21][warning][1947998] Calling original ioctl: 8 3222292009 140730446503952
[2026-09-07 18:03:21][warning][1947998] Calling original ioctl: 8 3222292009 140730446504000
[2026-09-07 18:03:21][warning][1947998] Calling original ioctl: 8 3223340623 140730446503264
[2026-09-07 18:03:21][warning][1947998] Calling original ioctl: 8 3222292009 140730446503216
[2026-09-07 18:03:21][warning][1947998] Calling original ioctl: 8 3222292009 140730446503952
[2026-09-07 18:03:21][warning][1947998] Calling original ioctl: 8 3222292009 140730446504000
[2026-09-07 18:03:21][warning][1947998] Calling original ioctl: 8 3223340623 140730446503264
[2026-09-07 18:03:21][warning][1947998] Calling original ioctl: 8 3222292009 140730446503216
[2026-09-07 18:03:21][warning][1947998] Calling original ioctl: 8 3222292009 140730446503952
[2026-09-07 18:03:21][warning][1947998] Calling original ioctl: 8 3222292009 140730446503952
[2026-09-07 18:03:21][warning][1947998] Calling original ioctl: 8 3222292009 140730446504000
[2026-09-07 18:03:21][warning][1947998] Calling original ioctl: 8 3223340623 140730446503264
[2026-09-07 18:03:21][warning][1947998] Calling original ioctl: 8 3222292009 140730446503216
[2026-09-07 18:03:21][warning][1947998] Calling original ioctl: 8 3222292009 140730446503952
[2026-09-07 18:03:21][warning][1947998] Calling original ioctl: 8 3222292009 140730446504000
[2026-09-07 18:03:21][warning][1947998] Calling original ioctl: 8 3223340623 140730446503264
[2026-09-07 18:03:21][warning][1947998] Calling original ioctl: 8 3222292009 140730446503216
[2026-09-07 18:03:21][warning][1947998] Calling original ioctl: 8 3222292009 140730446503952
[2026-09-07 18:03:21][warning][1947998] Calling original ioctl: 8 3222292009 140730446503952
[2026-09-07 18:03:21][warning][1947998] Calling original ioctl: 8 3222292009 140730446504000
[2026-09-07 18:03:21][warning][1947998] Calling original ioctl: 8 3223340623 140730446503264
[2026-09-07 18:03:21][warning][1947998] Calling original ioctl: 8 3222292009 140730446503216
[2026-09-07 18:03:21][warning][1947998] Calling original ioctl: 8 3222292009 140730446503952
[2026-09-07 18:03:21][warning][1947998] Calling original ioctl: 8 3222292009 140730446504000
[2026-09-07 18:03:21][warning][1947998] Calling original ioctl: 8 3223340623 140730446503264
[2026-09-07 18:03:21][warning][1947998] Calling original ioctl: 8 3222292009 140730446503216
[2026-09-07 18:03:21][warning][1947998] Calling original ioctl: 8 3222292009 140730446503952
[2026-09-07 18:03:21][warning][1947998] Calling original ioctl: 8 3222292009 140730446503952
[2026-09-07 18:03:21][warning][1947998] Calling original ioctl: 8 3222292009 140730446504000
[2026-09-07 18:03:21][warning][1947998] Calling original ioctl: 8 3223340623 140730446503264
[2026-09-07 18:03:21][warning][1947998] Calling original ioctl: 8 3222292009 140730446503216
[2026-09-07 18:03:21][warning][1947998] Calling original ioctl: 8 3222292009 140730446503952
[2026-09-07 18:03:21][warning][1947998] Calling original ioctl: 8 3222292009 140730446504000
[2026-09-07 18:03:21][warning][1947998] Calling original ioctl: 8 3223340623 140730446503264
[2026-09-07 18:03:21][warning][1947998] Calling original ioctl: 8 3222292009 140730446503216
[2026-09-07 18:03:21][warning][1947998] Calling original ioctl: 8 3222292009 140730446504128
[2026-09-07 18:03:21][warning][1947998] Calling original ioctl: 8 3222292009 140730446504096
[2026-09-07 18:03:21][warning][1947998] Calling original ioctl: 8 3222292009 140730446504064
[2026-09-07 18:03:21][warning][1947998] Calling original ioctl: 19 3222292175 140730446504080
[2026-09-07 18:03:21][warning][1947998] Calling original ioctl: 9 28 140730446504192
[2026-09-07 18:03:21][warning][1947998] Calling original ioctl: 9 28 140730446504192
[2026-09-07 18:03:21][warning][1947998] Calling original ioctl: 9 28 140730446504192
[2026-09-07 18:03:21][warning][1947998] Calling original ioctl: 9 28 140730446504192
[2026-09-07 18:03:21][warning][1947998] Calling original ioctl: 8 3222292009 140730446503952
[2026-09-07 18:03:21][warning][1947998] Calling original ioctl: 8 3222292009 140730446504000
[2026-09-07 18:03:21][warning][1947998] Calling original ioctl: 8 3223340623 140730446503264
[2026-09-07 18:03:21][warning][1947998] Calling original ioctl: 8 3222292009 140730446503216
[2026-09-07 18:03:21][warning][1947998] Calling original ioctl: 8 3222292009 140730446503952
[2026-09-07 18:03:21][warning][1947998] Calling original ioctl: 8 3222292009 140730446504000
[2026-09-07 18:03:21][warning][1947998] Calling original ioctl: 8 3223340623 140730446503264
[2026-09-07 18:03:21][warning][1947998] Calling original ioctl: 8 3222292009 140730446503216
[2026-09-07 18:03:21][warning][1947998] Calling original ioctl: 8 3222292009 140730446503952
[2026-09-07 18:03:21][warning][1947998] Calling original ioctl: 8 3222292009 140730446504000
[2026-09-07 18:03:21][warning][1947998] Calling original ioctl: 8 3223340623 140730446503264
[2026-09-07 18:03:21][warning][1947998] Calling original ioctl: 8 3222292009 140730446503216
[2026-09-07 18:03:21][warning][1947998] Calling original ioctl: 8 3222292009 140730446503952
[2026-09-07 18:03:21][warning][1947998] Calling original ioctl: 8 3222292009 140730446504000
[2026-09-07 18:03:21][warning][1947998] Calling original ioctl: 8 3223340623 140730446503264
[2026-09-07 18:03:21][warning][1947998] Calling original ioctl: 8 3222292009 140730446503216
[2026-09-07 18:03:21][warning][1947998] Calling original ioctl: 8 3222292009 140730446504096
[2026-09-07 18:03:21][warning][1947998] Calling original ioctl: 8 3222292009 140730446504064
[2026-09-07 18:03:21][warning][1947998] Calling original ioctl: 21 3222292175 140730446504080
[2026-09-07 18:03:21][warning][1947998] Calling original ioctl: 9 28 140730446504192
[2026-09-07 18:03:21][warning][1947998] Calling original ioctl: 9 28 140730446504192
[2026-09-07 18:03:21][warning][1947998] Calling original ioctl: 9 28 140730446504192
[2026-09-07 18:03:21][warning][1947998] Calling original ioctl: 9 28 140730446504192
[2026-09-07 18:03:21][warning][1947998] Calling original ioctl: 8 3222292009 140730446503952
[2026-09-07 18:03:21][warning][1947998] Calling original ioctl: 8 3222292009 140730446504000
[2026-09-07 18:03:21][warning][1947998] Calling original ioctl: 8 3223340623 140730446503264
[2026-09-07 18:03:21][warning][1947998] Calling original ioctl: 8 3222292009 140730446503216
[2026-09-07 18:03:21][warning][1947998] Calling original ioctl: 8 3222292009 140730446503952
[2026-09-07 18:03:21][warning][1947998] Calling original ioctl: 8 3222292009 140730446504000
[2026-09-07 18:03:21][warning][1947998] Calling original ioctl: 8 3223340623 140730446503264
[2026-09-07 18:03:21][warning][1947998] Calling original ioctl: 8 3222292009 140730446503216
[2026-09-07 18:03:21][warning][1947998] Calling original ioctl: 8 3222292009 140730446503952
[2026-09-07 18:03:21][warning][1947998] Calling original ioctl: 8 3222292009 140730446504000
[2026-09-07 18:03:21][warning][1947998] Calling original ioctl: 8 3223340623 140730446503264
[2026-09-07 18:03:21][warning][1947998] Calling original ioctl: 8 3222292009 140730446503216
[2026-09-07 18:03:21][warning][1947998] Calling original ioctl: 8 3222292009 140730446503952
[2026-09-07 18:03:21][warning][1947998] Calling original ioctl: 8 3222292009 140730446504000
[2026-09-07 18:03:21][warning][1947998] Calling original ioctl: 8 3223340623 140730446503264
[2026-09-07 18:03:21][warning][1947998] Calling original ioctl: 8 3222292009 140730446503216
[2026-09-07 18:03:21][warning][1947998] Calling original ioctl: 9 34 140730446503024
[2026-09-07 18:03:21][warning][1947998] Calling original ioctl: 8 3223340623 140730446503232
[2026-09-07 18:03:21][warning][1947998] Calling original ioctl: 8 3222292009 140730446503184
[2026-09-07 18:03:21][warning][1947998] Calling original ioctl: 9 34 140730446503024
[2026-09-07 18:03:21][warning][1947998] Calling original ioctl: 8 3223340623 140730446503232
[2026-09-07 18:03:21][warning][1947998] Calling original ioctl: 8 3222292009 140730446503184
[2026-09-07 18:03:21][warning][1947998] Calling original ioctl: 8 3222292009 140730446504096
[2026-09-07 18:03:21][warning][1947998] Calling original ioctl: 9 34 140730446503328
[2026-09-07 18:03:21][warning][1947998] Calling original ioctl: 8 3222292009 140730446503488
[2026-09-07 18:03:21][warning][1947998] Calling original ioctl: 9 34 140730446503232
[2026-09-07 18:03:21][warning][1947998] Calling original ioctl: 8 3222292009 140730446503392
[2026-09-07 18:03:21][warning][1947998] Calling original ioctl: 9 34 140730446503328
[2026-09-07 18:03:21][warning][1947998] Calling original ioctl: 8 3222292009 140730446503488
[2026-09-07 18:03:21][warning][1947998] Calling original ioctl: 9 34 140730446503280
[2026-09-07 18:03:21][warning][1947998] Calling original ioctl: 8 3222292009 140730446503440
[2026-09-07 18:03:21][warning][1947998] Calling original ioctl: 9 34 140730446503264
[2026-09-07 18:03:21][warning][1947998] Calling original ioctl: 8 3223340623 140730446503472
[2026-09-07 18:03:21][warning][1947998] Calling original ioctl: 8 3222292009 140730446503424
[2026-09-07 18:03:21][warning][1947998] Calling original ioctl: 9 34 140730446503264
[2026-09-07 18:03:21][warning][1947998] Calling original ioctl: 8 3223340623 140730446503472
[2026-09-07 18:03:21][warning][1947998] Calling original ioctl: 8 3222292009 140730446503424
[2026-09-07 18:03:21][warning][1947998] Calling original ioctl: 9 34 140730446503280
[2026-09-07 18:03:21][warning][1947998] Calling original ioctl: 8 3222292009 140730446503440
[2026-09-07 18:03:21][warning][1947998] Calling original ioctl: 9 34 140730446503280
[2026-09-07 18:03:21][warning][1947998] Calling original ioctl: 8 3222292009 140730446503440
[2026-09-07 18:03:21][warning][1947998] Calling original ioctl: 9 34 140730446503440
[2026-09-07 18:03:21][warning][1947998] Calling original ioctl: 8 3223340586 140730446500032
