[2026-09-09 04:24:32][warning][534124] Calling original ioctl: 8 3223340586 140725434048640
[2026-09-09 04:24:32][warning][534124] Calling original ioctl: 8 3223340586 140725434048656
[2026-09-09 04:24:32][warning][534124] Calling original ioctl: 8 3223340586 140725434048704
[2026-09-09 04:24:32][warning][534124] Calling original ioctl: 9 25 140725434053024
[2026-09-09 04:24:32][warning][534124] Calling original ioctl: 8 3224389163 140725434050288
[2026-09-09 04:24:32][warning][534124] Calling original ioctl: 9 73 140725434049472
[2026-09-09 04:24:32][warning][534124] Calling original ioctl: 9 33 140725434040240
[2026-09-09 04:24:32][warning][534124] Calling original ioctl: 8 3224389163 140725434049968
[2026-09-09 04:24:32][warning][534124] Calling original ioctl: 9 73 140725434049152
[2026-09-09 04:24:32][warning][534124] Calling original ioctl: 9 33 140725434039920
[2026-09-09 04:24:32][warning][534124] Calling original ioctl: 8 3224389163 140725434049968
[2026-09-09 04:24:32][warning][534124] Calling original ioctl: 9 73 140725434049152
[2026-09-09 04:24:32][warning][534124] Calling original ioctl: 9 33 140725434039920
[2026-09-09 04:24:32][warning][534124] Calling original ioctl: 8 3224389163 140725434050464
[2026-09-09 04:24:32][warning][534124] Calling original ioctl: 9 73 140725434049648
[2026-09-09 04:24:32][warning][534124] Calling original ioctl: 9 33 140725434040416
[2026-09-09 04:24:32][warning][534124] Calling original ioctl: 8 3224389163 140725434052144
[2026-09-09 04:24:32][warning][534124] Calling original ioctl: 8 3224389163 140725434052128
[2026-09-09 04:24:32][warning][534124] Calling original ioctl: 8 3224389163 140725434048368
[2026-09-09 04:24:32][warning][534124] Calling original ioctl: 8 3223340586 140725434043952
[2026-09-09 04:24:32][warning][534124] Calling original ioctl: 8 3224913486 140725434048496
[2026-09-09 04:24:32][warning][534124] Calling original ioctl: 8 3223864926 140725434048448
[2026-09-09 04:24:32][warning][534124] Calling original ioctl: 9 73 140725434047552
[2026-09-09 04:24:32][warning][534124] Calling original ioctl: 9 33 140725434038320
[2026-09-09 04:24:32][warning][534124] Calling original ioctl: 8 3224389163 140725434047904
[2026-09-09 04:24:32][warning][534124] Calling original ioctl: 8 3223340586 140725434043488
[2026-09-09 04:24:32][warning][534124] Calling original ioctl: 8 3224913486 140725434048032
[2026-09-09 04:24:32][warning][534124] Calling original ioctl: 9 73 140725434047088
[2026-09-09 04:24:32][warning][534124] Calling original ioctl: 9 33 140725434037856
[2026-09-09 04:24:32][warning][534124] Calling original ioctl: 8 3224389163 140725434048752
[2026-09-09 04:24:32][warning][534124] Calling original ioctl: 8 3223340586 140725434044336
[2026-09-09 04:24:32][warning][534124] Calling original ioctl: 8 3224913486 140725434048880
[2026-09-09 04:24:32][warning][534124] Calling original ioctl: 8 3224389163 140725434050608
[2026-09-09 04:24:32][warning][534124] Calling original ioctl: 8 3223340586 140725434046640
[2026-09-09 04:24:32][warning][534124] Calling original ioctl: 8 3224389163 140725434050896
[2026-09-09 04:24:32][warning][534124] Calling original ioctl: 8 3223340586 140725434046576
[2026-09-09 04:24:32][warning][534124] Calling original ioctl: 8 3224389163 140725434050896
[2026-09-09 04:24:32][warning][534124] Calling original ioctl: 8 3223340586 140725434046576
[2026-09-09 04:24:32][warning][534124] Calling original ioctl: 8 3223340586 140725434046656
[2026-09-09 04:24:32][warning][534124] Calling original ioctl: 8 3223340586 140725434046656
[2026-09-09 04:24:32][warning][534124] Calling original ioctl: 8 3224389163 140725434049552
[2026-09-09 04:24:32][warning][534124] Calling original ioctl: 8 3223340586 140725434045136
[2026-09-09 04:24:32][warning][534124] Calling original ioctl: 8 3224913486 140725434049680
[2026-09-09 04:24:32][warning][534124] Calling original ioctl: 9 73 140725434048736
[2026-09-09 04:24:32][warning][534124] Calling original ioctl: 9 33 140725434039504
[2026-09-09 04:24:32][warning][534124] Calling original ioctl: 8 3224389163 140725434048752
[2026-09-09 04:24:32][warning][534124] Calling original ioctl: 8 3223340586 140725434044336
[2026-09-09 04:24:32][warning][534124] Calling original ioctl: 8 3224913486 140725434048880
[2026-09-09 04:24:32][warning][534124] Calling original ioctl: 8 3224389163 140725434050608
[2026-09-09 04:24:32][warning][534124] Calling original ioctl: 8 3223340586 140725434046640
[2026-09-09 04:24:32][warning][534124] Calling original ioctl: 8 3224389163 140725434050896
[2026-09-09 04:24:32][warning][534124] Calling original ioctl: 8 3223340586 140725434046576
[2026-09-09 04:24:32][warning][534124] Calling original ioctl: 8 3223340586 140725434046656
[2026-09-09 04:24:32][warning][534124] Calling original ioctl: 8 3223340586 140725434046656
[2026-09-09 04:24:32][warning][534124] Calling original ioctl: 8 3224389163 140725434048752
[2026-09-09 04:24:32][warning][534124] Calling original ioctl: 8 3223340586 140725434044336
[2026-09-09 04:24:32][warning][534124] Calling original ioctl: 8 3224913486 140725434048880
[2026-09-09 04:24:32][warning][534124] Calling original ioctl: 8 3224389163 140725434050608
[2026-09-09 04:24:32][warning][534124] Calling original ioctl: 8 3223340586 140725434046640
[2026-09-09 04:24:32][warning][534124] Calling original ioctl: 8 3224389163 140725434050896
[2026-09-09 04:24:32][warning][534124] Calling original ioctl: 8 3223340586 140725434046576
[2026-09-09 04:24:32][warning][534124] Calling original ioctl: 8 3224389163 140725434050896
[2026-09-09 04:24:32][warning][534124] Calling original ioctl: 8 3223340586 140725434046576
[2026-09-09 04:24:32][warning][534124] Calling original ioctl: 8 3223340586 140725434046656
[2026-09-09 04:24:32][warning][534124] Calling original ioctl: 8 3223340586 140725434046656
[2026-09-09 04:24:32][warning][534124] Calling original ioctl: 8 3224389163 140725434048752
[2026-09-09 04:24:32][warning][534124] Calling original ioctl: 8 3223340586 140725434044336
[2026-09-09 04:24:32][warning][534124] Calling original ioctl: 8 3224913486 140725434048880
[2026-09-09 04:24:32][warning][534124] Calling original ioctl: 8 3224389163 140725434050608
[2026-09-09 04:24:32][warning][534124] Calling original ioctl: 8 3223340586 140725434046640
[2026-09-09 04:24:32][warning][534124] Calling original ioctl: 8 3224389163 140725434050896
[2026-09-09 04:24:32][warning][534124] Calling original ioctl: 8 3223340586 140725434046576
[2026-09-09 04:24:32][warning][534124] Calling original ioctl: 8 3223340586 140725434046656
[2026-09-09 04:24:32][warning][534124] Calling original ioctl: 8 3223340586 140725434046656
[2026-09-09 04:24:32][warning][534124] Calling original ioctl: 8 3224389163 140725434048752
[2026-09-09 04:24:32][warning][534124] Calling original ioctl: 8 3223340586 140725434044336
[2026-09-09 04:24:32][warning][534124] Calling original ioctl: 8 3224913486 140725434048880
[2026-09-09 04:24:32][warning][534124] Calling original ioctl: 8 3224389163 140725434050608
[2026-09-09 04:24:32][warning][534124] Calling original ioctl: 8 3223340586 140725434046640
[2026-09-09 04:24:32][warning][534124] Calling original ioctl: 8 3224389163 140725434050896
[2026-09-09 04:24:32][warning][534124] Calling original ioctl: 8 3223340586 140725434046576
[2026-09-09 04:24:32][warning][534124] Calling original ioctl: 8 3224389163 140725434050896
[2026-09-09 04:24:32][warning][534124] Calling original ioctl: 8 3223340586 140725434046576
[2026-09-09 04:24:32][warning][534124] Calling original ioctl: 8 3223340586 140725434046656
[2026-09-09 04:24:32][warning][534124] Calling original ioctl: 8 3223340586 140725434046656
[2026-09-09 04:24:32][warning][534124] Calling original ioctl: 8 3224389163 140725434048752
[2026-09-09 04:24:32][warning][534124] Calling original ioctl: 8 3223340586 140725434044336
[2026-09-09 04:24:32][warning][534124] Calling original ioctl: 8 3224913486 140725434048880
[2026-09-09 04:24:32][warning][534124] Calling original ioctl: 8 3224389163 140725434050608
[2026-09-09 04:24:32][warning][534124] Calling original ioctl: 8 3223340586 140725434046640
[2026-09-09 04:24:32][warning][534124] Calling original ioctl: 8 3224389163 140725434050896
[2026-09-09 04:24:32][warning][534124] Calling original ioctl: 8 3223340586 140725434046576
[2026-09-09 04:24:32][warning][534124] Calling original ioctl: 8 3223340586 140725434046656
[2026-09-09 04:24:32][warning][534124] Calling original ioctl: 8 3223340586 140725434046656
[2026-09-09 04:24:32][warning][534124] Calling original ioctl: 8 3224389163 140725434048752
[2026-09-09 04:24:32][warning][534124] Calling original ioctl: 8 3223340586 140725434044336
[2026-09-09 04:24:32][warning][534124] Calling original ioctl: 8 3224913486 140725434048880
[2026-09-09 04:24:32][warning][534124] Calling original ioctl: 8 3224389163 140725434050608
[2026-09-09 04:24:32][warning][534124] Calling original ioctl: 8 3223340586 140725434046640
[2026-09-09 04:24:32][warning][534124] Calling original ioctl: 8 3224389163 140725434050896
[2026-09-09 04:24:32][warning][534124] Calling original ioctl: 8 3223340586 140725434046576
[2026-09-09 04:24:32][warning][534124] Calling original ioctl: 8 3224389163 140725434050896
[2026-09-09 04:24:32][warning][534124] Calling original ioctl: 8 3223340586 140725434046576
[2026-09-09 04:24:32][warning][534124] Calling original ioctl: 8 3223340586 140725434046656
[2026-09-09 04:24:32][warning][534124] Calling original ioctl: 8 3223340586 140725434046656
[2026-09-09 04:24:32][warning][534124] Calling original ioctl: 8 3224389163 140725434048752
[2026-09-09 04:24:32][warning][534124] Calling original ioctl: 8 3223340586 140725434044336
[2026-09-09 04:24:32][warning][534124] Calling original ioctl: 8 3224913486 140725434048880
[2026-09-09 04:24:32][warning][534124] Calling original ioctl: 8 3224389163 140725434050608
[2026-09-09 04:24:32][warning][534124] Calling original ioctl: 8 3223340586 140725434046640
[2026-09-09 04:24:32][warning][534124] Calling original ioctl: 8 3224389163 140725434050896
[2026-09-09 04:24:32][warning][534124] Calling original ioctl: 8 3223340586 140725434046576
[2026-09-09 04:24:32][warning][534124] Calling original ioctl: 8 3223340586 140725434046656
[2026-09-09 04:24:32][warning][534124] Calling original ioctl: 8 3223340586 140725434046656
[2026-09-09 04:24:32][warning][534124] Calling original ioctl: 9 27 140725434052576
[2026-09-09 04:24:32][warning][534124] Calling original ioctl: 9 27 140725434052576
[2026-09-09 04:24:32][warning][534124] Calling original ioctl: 9 27 140725434052576
[2026-09-09 04:24:32][warning][534124] Calling original ioctl: 9 27 140725434052576
[2026-09-09 04:24:32][warning][534124] Calling original ioctl: 9 27 140725434052576
[2026-09-09 04:24:32][warning][534124] Calling original ioctl: 9 27 140725434052576
[2026-09-09 04:24:32][warning][534124] Calling original ioctl: 9 27 140725434052576
[2026-09-09 04:24:32][warning][534124] Calling original ioctl: 9 27 140725434052576
[2026-09-09 04:24:32][warning][534124] Calling original ioctl: 8 3223340586 140725434048240
[2026-09-09 04:24:32][warning][534124] Calling original ioctl: 17 3221505737 140725434052336
[2026-09-09 04:24:32][warning][534124] Calling original ioctl: 17 3222292174 140725434052320
[2026-09-09 04:24:32][warning][534124] Calling original ioctl: 17 3224389163 140725434052304
[2026-09-09 04:24:32][warning][534124] Calling original ioctl: 8 3224389163 140725434052144
[2026-09-09 04:24:32][warning][534124] Calling original ioctl: 8 3224389163 140725434048752
[2026-09-09 04:24:32][warning][534124] Calling original ioctl: 8 3223340586 140725434044336
[2026-09-09 04:24:32][warning][534124] Calling original ioctl: 8 3224913486 140725434048880
[2026-09-09 04:24:32][warning][534124] Calling original ioctl: 8 3224389163 140725434050608
[2026-09-09 04:24:32][warning][534124] Calling original ioctl: 8 3223340586 140725434046640
[2026-09-09 04:24:32][warning][534124] Calling original ioctl: 8 3224389163 140725434050896
[2026-09-09 04:24:32][warning][534124] Calling original ioctl: 8 3223340586 140725434046576
[2026-09-09 04:24:32][warning][534124] Calling original ioctl: 8 3223340586 140725434046656
[2026-09-09 04:24:32][warning][534124] Calling original ioctl: 8 3224389163 140725434048752
[2026-09-09 04:24:32][warning][534124] Calling original ioctl: 8 3223340586 140725434044336
[2026-09-09 04:24:32][warning][534124] Calling original ioctl: 8 3224913486 140725434048880
[2026-09-09 04:24:32][warning][534124] Calling original ioctl: 8 3224389163 140725434050608
[2026-09-09 04:24:32][warning][534124] Calling original ioctl: 8 3223340586 140725434046640
[2026-09-09 04:24:32][warning][534124] Calling original ioctl: 8 3224389163 140725434050896
[2026-09-09 04:24:32][warning][534124] Calling original ioctl: 8 3223340586 140725434046576
[2026-09-09 04:24:32][warning][534124] Calling original ioctl: 8 3223340586 140725434046656
[2026-09-09 04:24:32][warning][534124] Calling original ioctl: 8 3224389163 140725434048752
[2026-09-09 04:24:32][warning][534124] Calling original ioctl: 8 3223340586 140725434044336
[2026-09-09 04:24:32][warning][534124] Calling original ioctl: 8 3224913486 140725434048880
[2026-09-09 04:24:32][warning][534124] Calling original ioctl: 8 3224389163 140725434050608
[2026-09-09 04:24:32][warning][534124] Calling original ioctl: 8 3223340586 140725434046640
[2026-09-09 04:24:32][warning][534124] Calling original ioctl: 8 3224389163 140725434050896
[2026-09-09 04:24:32][warning][534124] Calling original ioctl: 8 3223340586 140725434046576
[2026-09-09 04:24:32][warning][534124] Calling original ioctl: 8 3223340586 140725434046656
[2026-09-09 04:24:32][warning][534124] Calling original ioctl: 8 3224389163 140725434048752
[2026-09-09 04:24:32][warning][534124] Calling original ioctl: 8 3223340586 140725434044336
[2026-09-09 04:24:32][warning][534124] Calling original ioctl: 8 3224913486 140725434048880
[2026-09-09 04:24:32][warning][534124] Calling original ioctl: 8 3224389163 140725434050608
[2026-09-09 04:24:32][warning][534124] Calling original ioctl: 8 3223340586 140725434046640
[2026-09-09 04:24:32][warning][534124] Calling original ioctl: 8 3224389163 140725434050896
[2026-09-09 04:24:32][warning][534124] Calling original ioctl: 8 3223340586 140725434046576
[2026-09-09 04:24:32][warning][534124] Calling original ioctl: 8 3223340586 140725434046656
[2026-09-09 04:24:32][warning][534124] Calling original ioctl: 9 27 140725434052576
[2026-09-09 04:24:32][warning][534124] Calling original ioctl: 9 27 140725434052576
[2026-09-09 04:24:32][warning][534124] Calling original ioctl: 9 27 140725434052576
[2026-09-09 04:24:32][warning][534124] Calling original ioctl: 9 27 140725434052576
[2026-09-09 04:24:32][warning][534124] Calling original ioctl: 8 3223340586 140725434048240
[2026-09-09 04:24:32][warning][534124] Calling original ioctl: 19 3221505737 140725434052336
[2026-09-09 04:24:32][warning][534124] Calling original ioctl: 19 3222292174 140725434052320
[2026-09-09 04:24:32][warning][534124] Calling original ioctl: 19 3224389163 140725434052304
[2026-09-09 04:24:32][warning][534124] Calling original ioctl: 8 3224389163 140725434052144
[2026-09-09 04:24:32][warning][534124] Calling original ioctl: 8 3224389163 140725434048752
[2026-09-09 04:24:32][warning][534124] Calling original ioctl: 8 3223340586 140725434044336
[2026-09-09 04:24:32][warning][534124] Calling original ioctl: 8 3224913486 140725434048880
[2026-09-09 04:24:32][warning][534124] Calling original ioctl: 8 3224389163 140725434050608
[2026-09-09 04:24:32][warning][534124] Calling original ioctl: 8 3223340586 140725434046640
[2026-09-09 04:24:32][warning][534124] Calling original ioctl: 8 3224389163 140725434050896
[2026-09-09 04:24:32][warning][534124] Calling original ioctl: 8 3223340586 140725434046576
[2026-09-09 04:24:32][warning][534124] Calling original ioctl: 8 3223340586 140725434046656
[2026-09-09 04:24:32][warning][534124] Calling original ioctl: 8 3224389163 140725434048752
[2026-09-09 04:24:32][warning][534124] Calling original ioctl: 8 3223340586 140725434044336
[2026-09-09 04:24:32][warning][534124] Calling original ioctl: 8 3224913486 140725434048880
[2026-09-09 04:24:32][warning][534124] Calling original ioctl: 8 3224389163 140725434050608
[2026-09-09 04:24:32][warning][534124] Calling original ioctl: 8 3223340586 140725434046640
[2026-09-09 04:24:32][warning][534124] Calling original ioctl: 8 3224389163 140725434050896
[2026-09-09 04:24:32][warning][534124] Calling original ioctl: 8 3223340586 140725434046576
[2026-09-09 04:24:32][warning][534124] Calling original ioctl: 8 3223340586 140725434046656
[2026-09-09 04:24:32][warning][534124] Calling original ioctl: 8 3224389163 140725434048752
[2026-09-09 04:24:32][warning][534124] Calling original ioctl: 8 3223340586 140725434044336
[2026-09-09 04:24:32][warning][534124] Calling original ioctl: 8 3224913486 140725434048880
[2026-09-09 04:24:32][warning][534124] Calling original ioctl: 8 3224389163 140725434050608
[2026-09-09 04:24:32][warning][534124] Calling original ioctl: 8 3223340586 140725434046640
[2026-09-09 04:24:32][warning][534124] Calling original ioctl: 8 3224389163 140725434050896
[2026-09-09 04:24:32][warning][534124] Calling original ioctl: 8 3223340586 140725434046576
[2026-09-09 04:24:32][warning][534124] Calling original ioctl: 8 3223340586 140725434046656
[2026-09-09 04:24:32][warning][534124] Calling original ioctl: 8 3224389163 140725434048752
[2026-09-09 04:24:32][warning][534124] Calling original ioctl: 8 3223340586 140725434044336
[2026-09-09 04:24:32][warning][534124] Calling original ioctl: 8 3224913486 140725434048880
[2026-09-09 04:24:32][warning][534124] Calling original ioctl: 8 3224389163 140725434050608
[2026-09-09 04:24:32][warning][534124] Calling original ioctl: 8 3223340586 140725434046640
[2026-09-09 04:24:32][warning][534124] Calling original ioctl: 8 3224389163 140725434050896
[2026-09-09 04:24:32][warning][534124] Calling original ioctl: 8 3223340586 140725434046576
[2026-09-09 04:24:32][warning][534124] Calling original ioctl: 8 3223340586 140725434046656
[2026-09-09 04:24:32][warning][534124] Calling original ioctl: 9 27 140725434052576
[2026-09-09 04:24:32][warning][534124] Calling original ioctl: 9 27 140725434052576
[2026-09-09 04:24:32][warning][534124] Calling original ioctl: 9 27 140725434052576
[2026-09-09 04:24:32][warning][534124] Calling original ioctl: 9 27 140725434052576
[2026-09-09 04:24:32][warning][534124] Calling original ioctl: 8 3223340586 140725434048240
[2026-09-09 04:24:32][warning][534124] Calling original ioctl: 21 3221505737 140725434052336
[2026-09-09 04:24:32][warning][534124] Calling original ioctl: 21 3222292174 140725434052320
[2026-09-09 04:24:32][warning][534124] Calling original ioctl: 21 3224389163 140725434052304
[2026-09-09 04:24:32][warning][534124] Calling original ioctl: 8 3224389163 140725434049776
[2026-09-09 04:24:32][warning][534124] Calling original ioctl: 8 3223340586 140725434045360
[2026-09-09 04:24:32][warning][534124] Calling original ioctl: 8 3224913486 140725434049904
[2026-09-09 04:24:32][warning][534124] Calling original ioctl: 9 73 140725434048960
[2026-09-09 04:24:32][warning][534124] Calling original ioctl: 9 33 140725434039728
[2026-09-09 04:24:32][warning][534124] Calling original ioctl: 8 3224389163 140725434050080
[2026-09-09 04:24:32][warning][534124] Calling original ioctl: 9 73 140725434049264
[2026-09-09 04:24:32][warning][534124] Calling original ioctl: 9 33 140725434040032
[2026-09-09 04:24:32][warning][534124] Calling original ioctl: 9 68 140725434039424
[2026-09-09 04:24:32][warning][534124] Calling original ioctl: 9 72 140725434048528
[2026-09-09 04:24:32][warning][534124] Calling original ioctl: 9 23 140725434052880
[2026-09-09 04:24:32][warning][534124] Calling original ioctl: 9 23 140725434052880
[2026-09-09 04:24:32][warning][534124] Calling original ioctl: 9 23 140725434052880
[2026-09-09 04:24:32][warning][534124] Calling original ioctl: 9 23 140725434052880
[2026-09-09 04:24:32][warning][534124] Calling original ioctl: 8 3224389163 140725434050080
[2026-09-09 04:24:32][warning][534124] Calling original ioctl: 9 73 140725434049264
[2026-09-09 04:24:32][warning][534124] Calling original ioctl: 9 33 140725434040032
[2026-09-09 04:24:32][warning][534124] Calling original ioctl: 9 23 140725434052880
[2026-09-09 04:24:32][warning][534124] Calling original ioctl: 9 23 140725434052880
[2026-09-09 04:24:32][warning][534124] Calling original ioctl: 9 23 140725434052880
[2026-09-09 04:24:32][warning][534124] Calling original ioctl: 8 3224389163 140725434049504
[2026-09-09 04:24:32][warning][534124] Calling original ioctl: 8 3223340586 140725434045088
[2026-09-09 04:24:32][warning][534124] Calling original ioctl: 8 3224913486 140725434049632
[2026-09-09 04:24:32][warning][534124] Calling original ioctl: 9 73 140725434048688
[2026-09-09 04:24:32][warning][534124] Calling original ioctl: 9 33 140725434039456
[2026-09-09 04:24:32][warning][534124] Calling original ioctl: 12 3224913447 140725434049488
[2026-09-09 04:24:32][warning][534124] Calling original ioctl: 9 73 140725434048688
[2026-09-09 04:24:32][warning][534124] Calling original ioctl: 9 33 140725434039456
[2026-09-09 04:24:32][warning][534124] Calling original ioctl: 8 3224389163 140725434050368
[2026-09-09 04:24:32][warning][534124] Calling original ioctl: 9 73 140725434049552
[2026-09-09 04:24:32][warning][534124] Calling original ioctl: 9 33 140725434040320
[2026-09-09 04:24:32][warning][534124] Calling original ioctl: 12 3224913447 140725434049744
[2026-09-09 04:24:32][warning][534124] Calling original ioctl: 9 73 140725434048944
[2026-09-09 04:24:32][warning][534124] Calling original ioctl: 9 33 140725434039712
[2026-09-09 04:24:32][warning][534124] Calling original ioctl: 8 3224389163 140725434049760
[2026-09-09 04:24:32][warning][534124] Calling original ioctl: 9 73 140725434048944
[2026-09-09 04:24:32][warning][534124] Calling original ioctl: 9 33 140725434039712
[2026-09-09 04:24:32][warning][534124] Calling original ioctl: 9 65 140725434050032
[2026-09-09 04:24:32][warning][534124] Calling original ioctl: 12 3224913447 140725434050848
[2026-09-09 04:24:32][warning][534124] Calling original ioctl: 9 73 140725434050048
[2026-09-09 04:24:32][warning][534124] Calling original ioctl: 9 33 140725434040816
[2026-09-09 04:24:32][warning][534124] Calling original ioctl: 8 3224389163 140725434050864
[2026-09-09 04:24:32][warning][534124] Calling original ioctl: 9 73 140725434050048
[2026-09-09 04:24:32][warning][534124] Calling original ioctl: 9 33 140725434040816
[2026-09-09 04:24:32][warning][534124] Calling original ioctl: 8 3224389163 140725434050432
[2026-09-09 04:24:32][warning][534124] Calling original ioctl: 8 3223340586 140725434046016
[2026-09-09 04:24:32][warning][534124] Calling original ioctl: 8 3224913486 140725434050560
[2026-09-09 04:24:32][warning][534124] Calling original ioctl: 9 73 140725434049616
[2026-09-09 04:24:32][warning][534124] Calling original ioctl: 9 33 140725434040384
[2026-09-09 04:24:32][warning][534124] Calling original ioctl: 8 3224389163 140725434048144
[2026-09-09 04:24:32][warning][534124] Calling original ioctl: 9 73 140725434047328
[2026-09-09 04:24:32][warning][534124] Calling original ioctl: 9 33 140725434038096
[2026-09-09 04:24:32][warning][534124] Calling original ioctl: 8 3224389163 140725434048064
[2026-09-09 04:24:32][warning][534124] Calling original ioctl: 9 73 140725434047248
[2026-09-09 04:24:32][warning][534124] Calling original ioctl: 9 33 140725434038016
[2026-09-09 04:24:32][warning][534124] Calling original ioctl: 8 3224389163 140725434048064
[2026-09-09 04:24:32][warning][534124] Calling original ioctl: 9 73 140725434047248
[2026-09-09 04:24:32][warning][534124] Calling original ioctl: 9 33 140725434038016
[2026-09-09 04:24:32][warning][534124] Calling original ioctl: 12 3224913447 140725434050400
[2026-09-09 04:24:32][warning][534124] Calling original ioctl: 9 73 140725434049600
[2026-09-09 04:24:32][warning][534124] Calling original ioctl: 9 33 140725434040368
[2026-09-09 04:24:32][warning][534124] Calling original ioctl: 8 3224389163 140725434053008
[2026-09-09 04:24:32][warning][534124] Calling original ioctl: 8 3224389163 140725434049904
[2026-09-09 04:24:32][warning][534124] Calling original ioctl: 8 3223340586 140725434045488
[2026-09-09 04:24:32][warning][534124] Calling original ioctl: 8 3224913486 140725434050032
[2026-09-09 04:24:32][warning][534124] Calling original ioctl: 9 73 140725434049088
[2026-09-09 04:24:32][warning][534124] Calling original ioctl: 9 33 140725434039856
[2026-09-09 04:24:32][warning][534124] Calling original ioctl: 8 3224389163 140725434050224
[2026-09-09 04:24:32][warning][534124] Calling original ioctl: 9 73 140725434049408
[2026-09-09 04:24:32][warning][534124] Calling original ioctl: 9 33 140725434040176
[2026-09-09 04:24:32][warning][534124] Calling original ioctl: 8 3224389163 140725434050224
[2026-09-09 04:24:32][warning][534124] Calling original ioctl: 9 73 140725434049408
[2026-09-09 04:24:32][warning][534124] Calling original ioctl: 9 33 140725434040176
[2026-09-09 04:24:32][warning][534124] Calling original ioctl: 24 3221505737 140725434052672
[2026-09-09 04:24:32][warning][534124] Calling original ioctl: 24 3222292174 140725434052656
[2026-09-09 04:24:32][warning][534124] Calling original ioctl: 24 3224389163 140725434052640
[2026-09-09 04:24:32][warning][534124] Calling original ioctl: 26 3221505737 140725434052672
[2026-09-09 04:24:32][warning][534124] Calling original ioctl: 26 3222292174 140725434052656
[2026-09-09 04:24:32][warning][534124] Calling original ioctl: 26 3224389163 140725434052640
[2026-09-09 04:24:32][warning][534124] Calling original ioctl: 28 3221505737 140725434052672
[2026-09-09 04:24:32][warning][534124] Calling original ioctl: 28 3222292174 140725434052656
[2026-09-09 04:24:32][warning][534124] Calling original ioctl: 28 3224389163 140725434052640
[2026-09-09 04:24:32][warning][534124] Calling original ioctl: 30 3221505737 140725434052672
[2026-09-09 04:24:32][warning][534124] Calling original ioctl: 30 3222292174 140725434052656
[2026-09-09 04:24:32][warning][534124] Calling original ioctl: 30 3224389163 140725434052640
[2026-09-09 04:24:32][warning][534124] Calling original ioctl: 8 3223340586 140725434048384
[2026-09-09 04:24:32][warning][534124] Calling original ioctl: 8 3223340586 140725434048560
[2026-09-09 04:24:32][warning][534124] Calling original ioctl: 8 3223340586 140725434048720
[2026-09-09 04:24:32][warning][534124] Calling original ioctl: 8 3224389163 140725434050192
[2026-09-09 04:24:32][warning][534124] Calling original ioctl: 9 73 140725434049376
[2026-09-09 04:24:32][warning][534124] Calling original ioctl: 9 33 140725434040144
[2026-09-09 04:24:32][warning][534124] Calling original ioctl: 8 3223340586 140725434048720
libbpf: loading object 'full_record_device_buffer_bpf' from buffer
libbpf: elf: section(2) .symtab, size 240, link 1, flags 0, type=2
libbpf: elf: section(3) kretprobe/_Z9rope_normILb1ELb0Ef6__halfEvPKT1_PT2_iiiiiPKifff14rope_corr_dimsfPKfPKli, size 1152, link 0, flags 6, type=1
libbpf: sec 'kretprobe/_Z9rope_normILb1ELb0Ef6__halfEvPKT1_PT2_iiiiiPKifff14rope_corr_dimsfPKfPKli': found program 'cuda__retprobe' at insn offset 0 (0 bytes), code size 144 insns (1152 bytes)
libbpf: elf: section(4) .maps, size 32, link 0, flags 3, type=1
libbpf: elf: section(5) license, size 4, link 0, flags 3, type=1
libbpf: license of full_record_device_buffer_bpf is GPL
libbpf: elf: section(6) .relkretprobe/_Z9rope_normILb1ELb0Ef6__halfEvPKT1_PT2_iiiiiPKifff14rope_corr_dimsfPKfPKli, size 32, link 2, flags 40, type=9
libbpf: elf: section(7) .BTF, size 2852, link 0, flags 0, type=1
libbpf: elf: section(8) .BTF.ext, size 1200, link 0, flags 0, type=1
libbpf: looking for externs among 10 symbols...
libbpf: collected 0 externs total
libbpf: map 'arena': at sec_idx 4, offset 0.
libbpf: map 'arena': found type = 1503.
libbpf: map 'arena': found key [8], sz = 4.
libbpf: map 'arena': found value [12], sz = 335675408.
libbpf: map 'arena': found max_entries = 32.
libbpf: sec '.relkretprobe/_Z9rope_normILb1ELb0Ef6__halfEvPKT1_PT2_iiiiiPKifff14rope_corr_dimsfPKfPKli': collecting relocation for section(3) 'kretprobe/_Z9rope_normILb1ELb0Ef6__halfEvPKT1_PT2_iiiiiPKifff14rope_corr_dimsfPKfPKli'
libbpf: sec '.relkretprobe/_Z9rope_normILb1ELb0Ef6__halfEvPKT1_PT2_iiiiiPKifff14rope_corr_dimsfPKfPKli': relo #0: insn #71 against 'arena'
libbpf: prog 'cuda__retprobe': found map 0 (arena, sec 4, off 0) for insn #71
libbpf: sec '.relkretprobe/_Z9rope_normILb1ELb0Ef6__halfEvPKT1_PT2_iiiiiPKifff14rope_corr_dimsfPKfPKli': relo #1: insn #85 against 'arena'
libbpf: prog 'cuda__retprobe': found map 0 (arena, sec 4, off 0) for insn #85
libbpf: object 'full_record_dev': failed (-EACCES) to open BPF FS mount at '/sys/fs/bpf', skipping optional step...
libbpf: Kernel doesn't support BTF, skipping uploading it.
libbpf: map 'arena': created successfully, fd=34
Full-record bank count: 32
Full-record slots per bank: 16384
Full-record total slots: 524288
Full-record records per slot: 256
Full-record record bytes: 80
Full-record layout: field-major SoA
Full-record value bytes (per bank): 335675408
Full-record probe attached; waiting for SIGINT
[2026-09-09 04:24:47][warning][534154] Calling original ioctl: 8 3223340586 131700791027312
[2026-09-09 04:25:32][warning][534124] Calling original ioctl: 8 3223340586 140725434043472
Full-record drain bytes: 10741613056
Full-record drain time ns: 1485451771
Full-record committed records: 23068672
Full-record active slots: 524288
Full-record overflow records: 0
Full-record out-of-range threads: 0
Full-record nonzero timestamps: 23068672
[2026-09-09 04:25:33][warning][534124] Calling original ioctl: 9 34 140725434053472
[2026-09-09 04:25:33][warning][534124] Calling original ioctl: 8 3222292009 140725434053632
[2026-09-09 04:25:33][warning][534124] Calling original ioctl: 9 34 140725434054320
[2026-09-09 04:25:33][warning][534124] Calling original ioctl: 8 3222292009 140725434054480
[2026-09-09 04:25:33][warning][534124] Calling original ioctl: 9 34 140725434054320
[2026-09-09 04:25:33][warning][534124] Calling original ioctl: 8 3222292009 140725434054480
[2026-09-09 04:25:33][warning][534124] Calling original ioctl: 8 3222292009 140725434055200
[2026-09-09 04:25:33][warning][534124] Calling original ioctl: 26 3222292175 140725434055216
[2026-09-09 04:25:33][warning][534124] Calling original ioctl: 8 3222292009 140725434055200
[2026-09-09 04:25:33][warning][534124] Calling original ioctl: 28 3222292175 140725434055216
[2026-09-09 04:25:33][warning][534124] Calling original ioctl: 8 3222292009 140725434055200
[2026-09-09 04:25:33][warning][534124] Calling original ioctl: 24 3222292175 140725434055216
[2026-09-09 04:25:33][warning][534124] Calling original ioctl: 8 3222292009 140725434055200
[2026-09-09 04:25:33][warning][534124] Calling original ioctl: 30 3222292175 140725434055216
[2026-09-09 04:25:33][warning][534124] Calling original ioctl: 9 34 140725434054224
[2026-09-09 04:25:33][warning][534124] Calling original ioctl: 8 3222292009 140725434054384
[2026-09-09 04:25:33][warning][534124] Calling original ioctl: 9 34 140725434054224
[2026-09-09 04:25:33][warning][534124] Calling original ioctl: 8 3222292009 140725434054384
[2026-09-09 04:25:33][warning][534124] Calling original ioctl: 9 34 140725434054352
[2026-09-09 04:25:33][warning][534124] Calling original ioctl: 8 3223340623 140725434054560
[2026-09-09 04:25:33][warning][534124] Calling original ioctl: 8 3222292009 140725434054512
[2026-09-09 04:25:33][warning][534124] Calling original ioctl: 8 3222292009 140725434055280
[2026-09-09 04:25:33][warning][534124] Calling original ioctl: 9 34 140725434054336
[2026-09-09 04:25:33][warning][534124] Calling original ioctl: 8 3222292009 140725434054496
[2026-09-09 04:25:33][warning][534124] Calling original ioctl: 9 34 140725434054336
[2026-09-09 04:25:33][warning][534124] Calling original ioctl: 8 3223340623 140725434054544
[2026-09-09 04:25:33][warning][534124] Calling original ioctl: 8 3222292009 140725434054496
[2026-09-09 04:25:33][warning][534124] Calling original ioctl: 8 3223340586 140725434050208
[2026-09-09 04:25:33][warning][534124] Calling original ioctl: 9 34 140725434054160
[2026-09-09 04:25:33][warning][534124] Calling original ioctl: 8 3222292009 140725434054320
[2026-09-09 04:25:33][warning][534124] Calling original ioctl: 8 3223340586 140725434050208
[2026-09-09 04:25:33][warning][534124] Calling original ioctl: 9 34 140725434054160
[2026-09-09 04:25:33][warning][534124] Calling original ioctl: 8 3222292009 140725434054320
[2026-09-09 04:25:33][warning][534124] Calling original ioctl: 8 3223340586 140725434050208
[2026-09-09 04:25:33][warning][534124] Calling original ioctl: 9 34 140725434054160
[2026-09-09 04:25:33][warning][534124] Calling original ioctl: 8 3222292009 140725434054320
[2026-09-09 04:25:33][warning][534124] Calling original ioctl: 8 3223340586 140725434051104
[2026-09-09 04:25:33][warning][534124] Calling original ioctl: 9 34 140725434054384
[2026-09-09 04:25:33][warning][534124] Calling original ioctl: 9 34 140725434054384
[2026-09-09 04:25:33][warning][534124] Calling original ioctl: 8 3222292009 140725434054544
[2026-09-09 04:25:33][warning][534124] Calling original ioctl: 9 34 140725434054384
[2026-09-09 04:25:33][warning][534124] Calling original ioctl: 8 3222292009 140725434054544
[2026-09-09 04:25:33][warning][534124] Calling original ioctl: 9 34 140725434054336
[2026-09-09 04:25:33][warning][534124] Calling original ioctl: 8 3223340623 140725434054544
[2026-09-09 04:25:33][warning][534124] Calling original ioctl: 8 3222292009 140725434054496
[2026-09-09 04:25:33][warning][534124] Calling original ioctl: 9 24 140725434055376
[2026-09-09 04:25:33][warning][534124] Calling original ioctl: 9 24 140725434055376
[2026-09-09 04:25:33][warning][534124] Calling original ioctl: 9 24 140725434055408
[2026-09-09 04:25:33][warning][534124] Calling original ioctl: 9 24 140725434055376
[2026-09-09 04:25:33][warning][534124] Calling original ioctl: 9 24 140725434055376
[2026-09-09 04:25:33][warning][534124] Calling original ioctl: 9 24 140725434055376
[2026-09-09 04:25:33][warning][534124] Calling original ioctl: 9 24 140725434055376
[2026-09-09 04:25:33][warning][534124] Calling original ioctl: 9 34 140725434054272
[2026-09-09 04:25:33][warning][534124] Calling original ioctl: 8 3222292009 140725434054432
[2026-09-09 04:25:33][warning][534124] Calling original ioctl: 9 34 140725434054272
[2026-09-09 04:25:33][warning][534124] Calling original ioctl: 8 3222292009 140725434054432
[2026-09-09 04:25:33][warning][534124] Calling original ioctl: 9 34 140725434054384
[2026-09-09 04:25:33][warning][534124] Calling original ioctl: 8 3222292009 140725434054544
[2026-09-09 04:25:33][warning][534124] Calling original ioctl: 8 3222292009 140725434055120
[2026-09-09 04:25:33][warning][534124] Calling original ioctl: 17 3222292175 140725434055136
[2026-09-09 04:25:33][warning][534124] Calling original ioctl: 9 28 140725434055248
[2026-09-09 04:25:33][warning][534124] Calling original ioctl: 9 28 140725434055248
[2026-09-09 04:25:33][warning][534124] Calling original ioctl: 9 28 140725434055248
[2026-09-09 04:25:33][warning][534124] Calling original ioctl: 9 28 140725434055248
[2026-09-09 04:25:33][warning][534124] Calling original ioctl: 9 28 140725434055248
[2026-09-09 04:25:33][warning][534124] Calling original ioctl: 9 28 140725434055248
[2026-09-09 04:25:33][warning][534124] Calling original ioctl: 9 28 140725434055248
[2026-09-09 04:25:33][warning][534124] Calling original ioctl: 9 28 140725434055248
[2026-09-09 04:25:33][warning][534124] Calling original ioctl: 8 3222292009 140725434055008
[2026-09-09 04:25:33][warning][534124] Calling original ioctl: 8 3222292009 140725434055008
[2026-09-09 04:25:33][warning][534124] Calling original ioctl: 8 3222292009 140725434055056
[2026-09-09 04:25:33][warning][534124] Calling original ioctl: 8 3223340623 140725434054320
[2026-09-09 04:25:33][warning][534124] Calling original ioctl: 8 3222292009 140725434054272
[2026-09-09 04:25:33][warning][534124] Calling original ioctl: 8 3222292009 140725434055008
[2026-09-09 04:25:33][warning][534124] Calling original ioctl: 8 3222292009 140725434055056
[2026-09-09 04:25:33][warning][534124] Calling original ioctl: 8 3223340623 140725434054320
[2026-09-09 04:25:33][warning][534124] Calling original ioctl: 8 3222292009 140725434054272
[2026-09-09 04:25:33][warning][534124] Calling original ioctl: 8 3222292009 140725434055008
[2026-09-09 04:25:33][warning][534124] Calling original ioctl: 8 3222292009 140725434055008
[2026-09-09 04:25:33][warning][534124] Calling original ioctl: 8 3222292009 140725434055056
[2026-09-09 04:25:33][warning][534124] Calling original ioctl: 8 3223340623 140725434054320
[2026-09-09 04:25:33][warning][534124] Calling original ioctl: 8 3222292009 140725434054272
[2026-09-09 04:25:33][warning][534124] Calling original ioctl: 8 3222292009 140725434055008
[2026-09-09 04:25:33][warning][534124] Calling original ioctl: 8 3222292009 140725434055056
[2026-09-09 04:25:33][warning][534124] Calling original ioctl: 8 3223340623 140725434054320
[2026-09-09 04:25:33][warning][534124] Calling original ioctl: 8 3222292009 140725434054272
[2026-09-09 04:25:33][warning][534124] Calling original ioctl: 8 3222292009 140725434055008
[2026-09-09 04:25:33][warning][534124] Calling original ioctl: 8 3222292009 140725434055008
[2026-09-09 04:25:33][warning][534124] Calling original ioctl: 8 3222292009 140725434055056
[2026-09-09 04:25:33][warning][534124] Calling original ioctl: 8 3223340623 140725434054320
[2026-09-09 04:25:33][warning][534124] Calling original ioctl: 8 3222292009 140725434054272
[2026-09-09 04:25:33][warning][534124] Calling original ioctl: 8 3222292009 140725434055008
[2026-09-09 04:25:33][warning][534124] Calling original ioctl: 8 3222292009 140725434055056
[2026-09-09 04:25:33][warning][534124] Calling original ioctl: 8 3223340623 140725434054320
[2026-09-09 04:25:33][warning][534124] Calling original ioctl: 8 3222292009 140725434054272
[2026-09-09 04:25:33][warning][534124] Calling original ioctl: 8 3222292009 140725434055008
[2026-09-09 04:25:33][warning][534124] Calling original ioctl: 8 3222292009 140725434055008
[2026-09-09 04:25:33][warning][534124] Calling original ioctl: 8 3222292009 140725434055056
[2026-09-09 04:25:33][warning][534124] Calling original ioctl: 8 3223340623 140725434054320
[2026-09-09 04:25:33][warning][534124] Calling original ioctl: 8 3222292009 140725434054272
[2026-09-09 04:25:33][warning][534124] Calling original ioctl: 8 3222292009 140725434055008
[2026-09-09 04:25:33][warning][534124] Calling original ioctl: 8 3222292009 140725434055056
[2026-09-09 04:25:33][warning][534124] Calling original ioctl: 8 3223340623 140725434054320
[2026-09-09 04:25:33][warning][534124] Calling original ioctl: 8 3222292009 140725434054272
[2026-09-09 04:25:33][warning][534124] Calling original ioctl: 8 3222292009 140725434055184
[2026-09-09 04:25:33][warning][534124] Calling original ioctl: 8 3222292009 140725434055152
[2026-09-09 04:25:33][warning][534124] Calling original ioctl: 8 3222292009 140725434055120
[2026-09-09 04:25:33][warning][534124] Calling original ioctl: 19 3222292175 140725434055136
[2026-09-09 04:25:33][warning][534124] Calling original ioctl: 9 28 140725434055248
[2026-09-09 04:25:33][warning][534124] Calling original ioctl: 9 28 140725434055248
[2026-09-09 04:25:33][warning][534124] Calling original ioctl: 9 28 140725434055248
[2026-09-09 04:25:33][warning][534124] Calling original ioctl: 9 28 140725434055248
[2026-09-09 04:25:33][warning][534124] Calling original ioctl: 8 3222292009 140725434055008
[2026-09-09 04:25:33][warning][534124] Calling original ioctl: 8 3222292009 140725434055056
[2026-09-09 04:25:33][warning][534124] Calling original ioctl: 8 3223340623 140725434054320
[2026-09-09 04:25:33][warning][534124] Calling original ioctl: 8 3222292009 140725434054272
[2026-09-09 04:25:33][warning][534124] Calling original ioctl: 8 3222292009 140725434055008
[2026-09-09 04:25:33][warning][534124] Calling original ioctl: 8 3222292009 140725434055056
[2026-09-09 04:25:33][warning][534124] Calling original ioctl: 8 3223340623 140725434054320
[2026-09-09 04:25:33][warning][534124] Calling original ioctl: 8 3222292009 140725434054272
[2026-09-09 04:25:33][warning][534124] Calling original ioctl: 8 3222292009 140725434055008
[2026-09-09 04:25:33][warning][534124] Calling original ioctl: 8 3222292009 140725434055056
[2026-09-09 04:25:33][warning][534124] Calling original ioctl: 8 3223340623 140725434054320
[2026-09-09 04:25:33][warning][534124] Calling original ioctl: 8 3222292009 140725434054272
[2026-09-09 04:25:33][warning][534124] Calling original ioctl: 8 3222292009 140725434055008
[2026-09-09 04:25:33][warning][534124] Calling original ioctl: 8 3222292009 140725434055056
[2026-09-09 04:25:33][warning][534124] Calling original ioctl: 8 3223340623 140725434054320
[2026-09-09 04:25:33][warning][534124] Calling original ioctl: 8 3222292009 140725434054272
[2026-09-09 04:25:33][warning][534124] Calling original ioctl: 8 3222292009 140725434055152
[2026-09-09 04:25:33][warning][534124] Calling original ioctl: 8 3222292009 140725434055120
[2026-09-09 04:25:33][warning][534124] Calling original ioctl: 21 3222292175 140725434055136
[2026-09-09 04:25:33][warning][534124] Calling original ioctl: 9 28 140725434055248
[2026-09-09 04:25:33][warning][534124] Calling original ioctl: 9 28 140725434055248
[2026-09-09 04:25:33][warning][534124] Calling original ioctl: 9 28 140725434055248
[2026-09-09 04:25:33][warning][534124] Calling original ioctl: 9 28 140725434055248
[2026-09-09 04:25:33][warning][534124] Calling original ioctl: 8 3222292009 140725434055008
[2026-09-09 04:25:33][warning][534124] Calling original ioctl: 8 3222292009 140725434055056
[2026-09-09 04:25:33][warning][534124] Calling original ioctl: 8 3223340623 140725434054320
[2026-09-09 04:25:33][warning][534124] Calling original ioctl: 8 3222292009 140725434054272
[2026-09-09 04:25:33][warning][534124] Calling original ioctl: 8 3222292009 140725434055008
[2026-09-09 04:25:33][warning][534124] Calling original ioctl: 8 3222292009 140725434055056
[2026-09-09 04:25:33][warning][534124] Calling original ioctl: 8 3223340623 140725434054320
[2026-09-09 04:25:33][warning][534124] Calling original ioctl: 8 3222292009 140725434054272
[2026-09-09 04:25:33][warning][534124] Calling original ioctl: 8 3222292009 140725434055008
[2026-09-09 04:25:33][warning][534124] Calling original ioctl: 8 3222292009 140725434055056
[2026-09-09 04:25:33][warning][534124] Calling original ioctl: 8 3223340623 140725434054320
[2026-09-09 04:25:33][warning][534124] Calling original ioctl: 8 3222292009 140725434054272
[2026-09-09 04:25:33][warning][534124] Calling original ioctl: 8 3222292009 140725434055008
[2026-09-09 04:25:33][warning][534124] Calling original ioctl: 8 3222292009 140725434055056
[2026-09-09 04:25:33][warning][534124] Calling original ioctl: 8 3223340623 140725434054320
[2026-09-09 04:25:33][warning][534124] Calling original ioctl: 8 3222292009 140725434054272
[2026-09-09 04:25:33][warning][534124] Calling original ioctl: 9 34 140725434054080
[2026-09-09 04:25:33][warning][534124] Calling original ioctl: 8 3223340623 140725434054288
[2026-09-09 04:25:33][warning][534124] Calling original ioctl: 8 3222292009 140725434054240
[2026-09-09 04:25:33][warning][534124] Calling original ioctl: 9 34 140725434054080
[2026-09-09 04:25:33][warning][534124] Calling original ioctl: 8 3223340623 140725434054288
[2026-09-09 04:25:33][warning][534124] Calling original ioctl: 8 3222292009 140725434054240
[2026-09-09 04:25:33][warning][534124] Calling original ioctl: 8 3222292009 140725434055152
[2026-09-09 04:25:33][warning][534124] Calling original ioctl: 9 34 140725434054384
[2026-09-09 04:25:33][warning][534124] Calling original ioctl: 8 3222292009 140725434054544
[2026-09-09 04:25:33][warning][534124] Calling original ioctl: 9 34 140725434054288
[2026-09-09 04:25:33][warning][534124] Calling original ioctl: 8 3222292009 140725434054448
[2026-09-09 04:25:33][warning][534124] Calling original ioctl: 9 34 140725434054384
[2026-09-09 04:25:33][warning][534124] Calling original ioctl: 8 3222292009 140725434054544
[2026-09-09 04:25:33][warning][534124] Calling original ioctl: 9 34 140725434054336
[2026-09-09 04:25:33][warning][534124] Calling original ioctl: 8 3222292009 140725434054496
[2026-09-09 04:25:33][warning][534124] Calling original ioctl: 9 34 140725434054320
[2026-09-09 04:25:33][warning][534124] Calling original ioctl: 8 3223340623 140725434054528
[2026-09-09 04:25:33][warning][534124] Calling original ioctl: 8 3222292009 140725434054480
[2026-09-09 04:25:33][warning][534124] Calling original ioctl: 9 34 140725434054320
[2026-09-09 04:25:33][warning][534124] Calling original ioctl: 8 3223340623 140725434054528
[2026-09-09 04:25:33][warning][534124] Calling original ioctl: 8 3222292009 140725434054480
[2026-09-09 04:25:33][warning][534124] Calling original ioctl: 9 34 140725434054336
[2026-09-09 04:25:33][warning][534124] Calling original ioctl: 8 3222292009 140725434054496
[2026-09-09 04:25:33][warning][534124] Calling original ioctl: 9 34 140725434054336
[2026-09-09 04:25:33][warning][534124] Calling original ioctl: 8 3222292009 140725434054496
[2026-09-09 04:25:33][warning][534124] Calling original ioctl: 9 34 140725434054496
[2026-09-09 04:25:33][warning][534124] Calling original ioctl: 8 3223340586 140725434051088
