[2026-09-08 16:23:00][warning][3697697] Calling original ioctl: 8 3223340586 140728080160032
[2026-09-08 16:23:00][warning][3697697] Calling original ioctl: 8 3223340586 140728080160048
[2026-09-08 16:23:00][warning][3697697] Calling original ioctl: 8 3223340586 140728080160096
[2026-09-08 16:23:00][warning][3697697] Calling original ioctl: 9 25 140728080164416
[2026-09-08 16:23:00][warning][3697697] Calling original ioctl: 8 3224389163 140728080161680
[2026-09-08 16:23:00][warning][3697697] Calling original ioctl: 9 73 140728080160864
[2026-09-08 16:23:00][warning][3697697] Calling original ioctl: 9 33 140728080151632
[2026-09-08 16:23:00][warning][3697697] Calling original ioctl: 8 3224389163 140728080161360
[2026-09-08 16:23:00][warning][3697697] Calling original ioctl: 9 73 140728080160544
[2026-09-08 16:23:00][warning][3697697] Calling original ioctl: 9 33 140728080151312
[2026-09-08 16:23:00][warning][3697697] Calling original ioctl: 8 3224389163 140728080161360
[2026-09-08 16:23:00][warning][3697697] Calling original ioctl: 9 73 140728080160544
[2026-09-08 16:23:00][warning][3697697] Calling original ioctl: 9 33 140728080151312
[2026-09-08 16:23:00][warning][3697697] Calling original ioctl: 8 3224389163 140728080161856
[2026-09-08 16:23:00][warning][3697697] Calling original ioctl: 9 73 140728080161040
[2026-09-08 16:23:00][warning][3697697] Calling original ioctl: 9 33 140728080151808
[2026-09-08 16:23:00][warning][3697697] Calling original ioctl: 8 3224389163 140728080163536
[2026-09-08 16:23:00][warning][3697697] Calling original ioctl: 8 3224389163 140728080163520
[2026-09-08 16:23:00][warning][3697697] Calling original ioctl: 8 3224389163 140728080159760
[2026-09-08 16:23:00][warning][3697697] Calling original ioctl: 8 3223340586 140728080155344
[2026-09-08 16:23:00][warning][3697697] Calling original ioctl: 8 3224913486 140728080159888
[2026-09-08 16:23:00][warning][3697697] Calling original ioctl: 8 3223864926 140728080159840
[2026-09-08 16:23:00][warning][3697697] Calling original ioctl: 9 73 140728080158944
[2026-09-08 16:23:00][warning][3697697] Calling original ioctl: 9 33 140728080149712
[2026-09-08 16:23:00][warning][3697697] Calling original ioctl: 8 3224389163 140728080159296
[2026-09-08 16:23:00][warning][3697697] Calling original ioctl: 8 3223340586 140728080154880
[2026-09-08 16:23:00][warning][3697697] Calling original ioctl: 8 3224913486 140728080159424
[2026-09-08 16:23:00][warning][3697697] Calling original ioctl: 9 73 140728080158480
[2026-09-08 16:23:00][warning][3697697] Calling original ioctl: 9 33 140728080149248
[2026-09-08 16:23:00][warning][3697697] Calling original ioctl: 8 3224389163 140728080160144
[2026-09-08 16:23:00][warning][3697697] Calling original ioctl: 8 3223340586 140728080155728
[2026-09-08 16:23:00][warning][3697697] Calling original ioctl: 8 3224913486 140728080160272
[2026-09-08 16:23:00][warning][3697697] Calling original ioctl: 8 3224389163 140728080162000
[2026-09-08 16:23:00][warning][3697697] Calling original ioctl: 8 3223340586 140728080158032
[2026-09-08 16:23:00][warning][3697697] Calling original ioctl: 8 3224389163 140728080162288
[2026-09-08 16:23:00][warning][3697697] Calling original ioctl: 8 3223340586 140728080157968
[2026-09-08 16:23:00][warning][3697697] Calling original ioctl: 8 3224389163 140728080162288
[2026-09-08 16:23:00][warning][3697697] Calling original ioctl: 8 3223340586 140728080157968
[2026-09-08 16:23:00][warning][3697697] Calling original ioctl: 8 3223340586 140728080158048
[2026-09-08 16:23:00][warning][3697697] Calling original ioctl: 8 3223340586 140728080158048
[2026-09-08 16:23:00][warning][3697697] Calling original ioctl: 8 3224389163 140728080160944
[2026-09-08 16:23:00][warning][3697697] Calling original ioctl: 8 3223340586 140728080156528
[2026-09-08 16:23:00][warning][3697697] Calling original ioctl: 8 3224913486 140728080161072
[2026-09-08 16:23:00][warning][3697697] Calling original ioctl: 9 73 140728080160128
[2026-09-08 16:23:00][warning][3697697] Calling original ioctl: 9 33 140728080150896
[2026-09-08 16:23:00][warning][3697697] Calling original ioctl: 8 3224389163 140728080160144
[2026-09-08 16:23:00][warning][3697697] Calling original ioctl: 8 3223340586 140728080155728
[2026-09-08 16:23:00][warning][3697697] Calling original ioctl: 8 3224913486 140728080160272
[2026-09-08 16:23:00][warning][3697697] Calling original ioctl: 8 3224389163 140728080162000
[2026-09-08 16:23:00][warning][3697697] Calling original ioctl: 8 3223340586 140728080158032
[2026-09-08 16:23:00][warning][3697697] Calling original ioctl: 8 3224389163 140728080162288
[2026-09-08 16:23:00][warning][3697697] Calling original ioctl: 8 3223340586 140728080157968
[2026-09-08 16:23:00][warning][3697697] Calling original ioctl: 8 3223340586 140728080158048
[2026-09-08 16:23:00][warning][3697697] Calling original ioctl: 8 3223340586 140728080158048
[2026-09-08 16:23:00][warning][3697697] Calling original ioctl: 8 3224389163 140728080160144
[2026-09-08 16:23:00][warning][3697697] Calling original ioctl: 8 3223340586 140728080155728
[2026-09-08 16:23:00][warning][3697697] Calling original ioctl: 8 3224913486 140728080160272
[2026-09-08 16:23:00][warning][3697697] Calling original ioctl: 8 3224389163 140728080162000
[2026-09-08 16:23:00][warning][3697697] Calling original ioctl: 8 3223340586 140728080158032
[2026-09-08 16:23:00][warning][3697697] Calling original ioctl: 8 3224389163 140728080162288
[2026-09-08 16:23:00][warning][3697697] Calling original ioctl: 8 3223340586 140728080157968
[2026-09-08 16:23:00][warning][3697697] Calling original ioctl: 8 3224389163 140728080162288
[2026-09-08 16:23:00][warning][3697697] Calling original ioctl: 8 3223340586 140728080157968
[2026-09-08 16:23:00][warning][3697697] Calling original ioctl: 8 3223340586 140728080158048
[2026-09-08 16:23:00][warning][3697697] Calling original ioctl: 8 3223340586 140728080158048
[2026-09-08 16:23:00][warning][3697697] Calling original ioctl: 8 3224389163 140728080160144
[2026-09-08 16:23:00][warning][3697697] Calling original ioctl: 8 3223340586 140728080155728
[2026-09-08 16:23:00][warning][3697697] Calling original ioctl: 8 3224913486 140728080160272
[2026-09-08 16:23:00][warning][3697697] Calling original ioctl: 8 3224389163 140728080162000
[2026-09-08 16:23:00][warning][3697697] Calling original ioctl: 8 3223340586 140728080158032
[2026-09-08 16:23:00][warning][3697697] Calling original ioctl: 8 3224389163 140728080162288
[2026-09-08 16:23:00][warning][3697697] Calling original ioctl: 8 3223340586 140728080157968
[2026-09-08 16:23:00][warning][3697697] Calling original ioctl: 8 3223340586 140728080158048
[2026-09-08 16:23:00][warning][3697697] Calling original ioctl: 8 3223340586 140728080158048
[2026-09-08 16:23:00][warning][3697697] Calling original ioctl: 8 3224389163 140728080160144
[2026-09-08 16:23:00][warning][3697697] Calling original ioctl: 8 3223340586 140728080155728
[2026-09-08 16:23:00][warning][3697697] Calling original ioctl: 8 3224913486 140728080160272
[2026-09-08 16:23:00][warning][3697697] Calling original ioctl: 8 3224389163 140728080162000
[2026-09-08 16:23:00][warning][3697697] Calling original ioctl: 8 3223340586 140728080158032
[2026-09-08 16:23:00][warning][3697697] Calling original ioctl: 8 3224389163 140728080162288
[2026-09-08 16:23:00][warning][3697697] Calling original ioctl: 8 3223340586 140728080157968
[2026-09-08 16:23:00][warning][3697697] Calling original ioctl: 8 3224389163 140728080162288
[2026-09-08 16:23:00][warning][3697697] Calling original ioctl: 8 3223340586 140728080157968
[2026-09-08 16:23:00][warning][3697697] Calling original ioctl: 8 3223340586 140728080158048
[2026-09-08 16:23:00][warning][3697697] Calling original ioctl: 8 3223340586 140728080158048
[2026-09-08 16:23:00][warning][3697697] Calling original ioctl: 8 3224389163 140728080160144
[2026-09-08 16:23:00][warning][3697697] Calling original ioctl: 8 3223340586 140728080155728
[2026-09-08 16:23:00][warning][3697697] Calling original ioctl: 8 3224913486 140728080160272
[2026-09-08 16:23:00][warning][3697697] Calling original ioctl: 8 3224389163 140728080162000
[2026-09-08 16:23:00][warning][3697697] Calling original ioctl: 8 3223340586 140728080158032
[2026-09-08 16:23:00][warning][3697697] Calling original ioctl: 8 3224389163 140728080162288
[2026-09-08 16:23:00][warning][3697697] Calling original ioctl: 8 3223340586 140728080157968
[2026-09-08 16:23:00][warning][3697697] Calling original ioctl: 8 3223340586 140728080158048
[2026-09-08 16:23:00][warning][3697697] Calling original ioctl: 8 3223340586 140728080158048
[2026-09-08 16:23:00][warning][3697697] Calling original ioctl: 8 3224389163 140728080160144
[2026-09-08 16:23:00][warning][3697697] Calling original ioctl: 8 3223340586 140728080155728
[2026-09-08 16:23:00][warning][3697697] Calling original ioctl: 8 3224913486 140728080160272
[2026-09-08 16:23:00][warning][3697697] Calling original ioctl: 8 3224389163 140728080162000
[2026-09-08 16:23:00][warning][3697697] Calling original ioctl: 8 3223340586 140728080158032
[2026-09-08 16:23:00][warning][3697697] Calling original ioctl: 8 3224389163 140728080162288
[2026-09-08 16:23:00][warning][3697697] Calling original ioctl: 8 3223340586 140728080157968
[2026-09-08 16:23:00][warning][3697697] Calling original ioctl: 8 3224389163 140728080162288
[2026-09-08 16:23:00][warning][3697697] Calling original ioctl: 8 3223340586 140728080157968
[2026-09-08 16:23:00][warning][3697697] Calling original ioctl: 8 3223340586 140728080158048
[2026-09-08 16:23:00][warning][3697697] Calling original ioctl: 8 3223340586 140728080158048
[2026-09-08 16:23:00][warning][3697697] Calling original ioctl: 8 3224389163 140728080160144
[2026-09-08 16:23:00][warning][3697697] Calling original ioctl: 8 3223340586 140728080155728
[2026-09-08 16:23:00][warning][3697697] Calling original ioctl: 8 3224913486 140728080160272
[2026-09-08 16:23:00][warning][3697697] Calling original ioctl: 8 3224389163 140728080162000
[2026-09-08 16:23:00][warning][3697697] Calling original ioctl: 8 3223340586 140728080158032
[2026-09-08 16:23:00][warning][3697697] Calling original ioctl: 8 3224389163 140728080162288
[2026-09-08 16:23:00][warning][3697697] Calling original ioctl: 8 3223340586 140728080157968
[2026-09-08 16:23:00][warning][3697697] Calling original ioctl: 8 3223340586 140728080158048
[2026-09-08 16:23:00][warning][3697697] Calling original ioctl: 8 3223340586 140728080158048
[2026-09-08 16:23:00][warning][3697697] Calling original ioctl: 9 27 140728080163968
[2026-09-08 16:23:00][warning][3697697] Calling original ioctl: 9 27 140728080163968
[2026-09-08 16:23:00][warning][3697697] Calling original ioctl: 9 27 140728080163968
[2026-09-08 16:23:00][warning][3697697] Calling original ioctl: 9 27 140728080163968
[2026-09-08 16:23:00][warning][3697697] Calling original ioctl: 9 27 140728080163968
[2026-09-08 16:23:00][warning][3697697] Calling original ioctl: 9 27 140728080163968
[2026-09-08 16:23:00][warning][3697697] Calling original ioctl: 9 27 140728080163968
[2026-09-08 16:23:00][warning][3697697] Calling original ioctl: 9 27 140728080163968
[2026-09-08 16:23:00][warning][3697697] Calling original ioctl: 8 3223340586 140728080159632
[2026-09-08 16:23:00][warning][3697697] Calling original ioctl: 17 3221505737 140728080163728
[2026-09-08 16:23:00][warning][3697697] Calling original ioctl: 17 3222292174 140728080163712
[2026-09-08 16:23:00][warning][3697697] Calling original ioctl: 17 3224389163 140728080163696
[2026-09-08 16:23:00][warning][3697697] Calling original ioctl: 8 3224389163 140728080163536
[2026-09-08 16:23:00][warning][3697697] Calling original ioctl: 8 3224389163 140728080160144
[2026-09-08 16:23:00][warning][3697697] Calling original ioctl: 8 3223340586 140728080155728
[2026-09-08 16:23:00][warning][3697697] Calling original ioctl: 8 3224913486 140728080160272
[2026-09-08 16:23:00][warning][3697697] Calling original ioctl: 8 3224389163 140728080162000
[2026-09-08 16:23:00][warning][3697697] Calling original ioctl: 8 3223340586 140728080158032
[2026-09-08 16:23:00][warning][3697697] Calling original ioctl: 8 3224389163 140728080162288
[2026-09-08 16:23:00][warning][3697697] Calling original ioctl: 8 3223340586 140728080157968
[2026-09-08 16:23:00][warning][3697697] Calling original ioctl: 8 3223340586 140728080158048
[2026-09-08 16:23:00][warning][3697697] Calling original ioctl: 8 3224389163 140728080160144
[2026-09-08 16:23:00][warning][3697697] Calling original ioctl: 8 3223340586 140728080155728
[2026-09-08 16:23:00][warning][3697697] Calling original ioctl: 8 3224913486 140728080160272
[2026-09-08 16:23:00][warning][3697697] Calling original ioctl: 8 3224389163 140728080162000
[2026-09-08 16:23:00][warning][3697697] Calling original ioctl: 8 3223340586 140728080158032
[2026-09-08 16:23:00][warning][3697697] Calling original ioctl: 8 3224389163 140728080162288
[2026-09-08 16:23:00][warning][3697697] Calling original ioctl: 8 3223340586 140728080157968
[2026-09-08 16:23:00][warning][3697697] Calling original ioctl: 8 3223340586 140728080158048
[2026-09-08 16:23:00][warning][3697697] Calling original ioctl: 8 3224389163 140728080160144
[2026-09-08 16:23:00][warning][3697697] Calling original ioctl: 8 3223340586 140728080155728
[2026-09-08 16:23:00][warning][3697697] Calling original ioctl: 8 3224913486 140728080160272
[2026-09-08 16:23:00][warning][3697697] Calling original ioctl: 8 3224389163 140728080162000
[2026-09-08 16:23:00][warning][3697697] Calling original ioctl: 8 3223340586 140728080158032
[2026-09-08 16:23:00][warning][3697697] Calling original ioctl: 8 3224389163 140728080162288
[2026-09-08 16:23:00][warning][3697697] Calling original ioctl: 8 3223340586 140728080157968
[2026-09-08 16:23:00][warning][3697697] Calling original ioctl: 8 3223340586 140728080158048
[2026-09-08 16:23:00][warning][3697697] Calling original ioctl: 8 3224389163 140728080160144
[2026-09-08 16:23:00][warning][3697697] Calling original ioctl: 8 3223340586 140728080155728
[2026-09-08 16:23:00][warning][3697697] Calling original ioctl: 8 3224913486 140728080160272
[2026-09-08 16:23:00][warning][3697697] Calling original ioctl: 8 3224389163 140728080162000
[2026-09-08 16:23:00][warning][3697697] Calling original ioctl: 8 3223340586 140728080158032
[2026-09-08 16:23:00][warning][3697697] Calling original ioctl: 8 3224389163 140728080162288
[2026-09-08 16:23:00][warning][3697697] Calling original ioctl: 8 3223340586 140728080157968
[2026-09-08 16:23:00][warning][3697697] Calling original ioctl: 8 3223340586 140728080158048
[2026-09-08 16:23:00][warning][3697697] Calling original ioctl: 9 27 140728080163968
[2026-09-08 16:23:00][warning][3697697] Calling original ioctl: 9 27 140728080163968
[2026-09-08 16:23:00][warning][3697697] Calling original ioctl: 9 27 140728080163968
[2026-09-08 16:23:00][warning][3697697] Calling original ioctl: 9 27 140728080163968
[2026-09-08 16:23:00][warning][3697697] Calling original ioctl: 8 3223340586 140728080159632
[2026-09-08 16:23:00][warning][3697697] Calling original ioctl: 19 3221505737 140728080163728
[2026-09-08 16:23:00][warning][3697697] Calling original ioctl: 19 3222292174 140728080163712
[2026-09-08 16:23:00][warning][3697697] Calling original ioctl: 19 3224389163 140728080163696
[2026-09-08 16:23:00][warning][3697697] Calling original ioctl: 8 3224389163 140728080163536
[2026-09-08 16:23:00][warning][3697697] Calling original ioctl: 8 3224389163 140728080160144
[2026-09-08 16:23:00][warning][3697697] Calling original ioctl: 8 3223340586 140728080155728
[2026-09-08 16:23:00][warning][3697697] Calling original ioctl: 8 3224913486 140728080160272
[2026-09-08 16:23:00][warning][3697697] Calling original ioctl: 8 3224389163 140728080162000
[2026-09-08 16:23:00][warning][3697697] Calling original ioctl: 8 3223340586 140728080158032
[2026-09-08 16:23:00][warning][3697697] Calling original ioctl: 8 3224389163 140728080162288
[2026-09-08 16:23:00][warning][3697697] Calling original ioctl: 8 3223340586 140728080157968
[2026-09-08 16:23:00][warning][3697697] Calling original ioctl: 8 3223340586 140728080158048
[2026-09-08 16:23:00][warning][3697697] Calling original ioctl: 8 3224389163 140728080160144
[2026-09-08 16:23:00][warning][3697697] Calling original ioctl: 8 3223340586 140728080155728
[2026-09-08 16:23:00][warning][3697697] Calling original ioctl: 8 3224913486 140728080160272
[2026-09-08 16:23:00][warning][3697697] Calling original ioctl: 8 3224389163 140728080162000
[2026-09-08 16:23:00][warning][3697697] Calling original ioctl: 8 3223340586 140728080158032
[2026-09-08 16:23:00][warning][3697697] Calling original ioctl: 8 3224389163 140728080162288
[2026-09-08 16:23:00][warning][3697697] Calling original ioctl: 8 3223340586 140728080157968
[2026-09-08 16:23:00][warning][3697697] Calling original ioctl: 8 3223340586 140728080158048
[2026-09-08 16:23:00][warning][3697697] Calling original ioctl: 8 3224389163 140728080160144
[2026-09-08 16:23:00][warning][3697697] Calling original ioctl: 8 3223340586 140728080155728
[2026-09-08 16:23:00][warning][3697697] Calling original ioctl: 8 3224913486 140728080160272
[2026-09-08 16:23:00][warning][3697697] Calling original ioctl: 8 3224389163 140728080162000
[2026-09-08 16:23:00][warning][3697697] Calling original ioctl: 8 3223340586 140728080158032
[2026-09-08 16:23:00][warning][3697697] Calling original ioctl: 8 3224389163 140728080162288
[2026-09-08 16:23:00][warning][3697697] Calling original ioctl: 8 3223340586 140728080157968
[2026-09-08 16:23:00][warning][3697697] Calling original ioctl: 8 3223340586 140728080158048
[2026-09-08 16:23:00][warning][3697697] Calling original ioctl: 8 3224389163 140728080160144
[2026-09-08 16:23:00][warning][3697697] Calling original ioctl: 8 3223340586 140728080155728
[2026-09-08 16:23:00][warning][3697697] Calling original ioctl: 8 3224913486 140728080160272
[2026-09-08 16:23:00][warning][3697697] Calling original ioctl: 8 3224389163 140728080162000
[2026-09-08 16:23:00][warning][3697697] Calling original ioctl: 8 3223340586 140728080158032
[2026-09-08 16:23:00][warning][3697697] Calling original ioctl: 8 3224389163 140728080162288
[2026-09-08 16:23:00][warning][3697697] Calling original ioctl: 8 3223340586 140728080157968
[2026-09-08 16:23:00][warning][3697697] Calling original ioctl: 8 3223340586 140728080158048
[2026-09-08 16:23:00][warning][3697697] Calling original ioctl: 9 27 140728080163968
[2026-09-08 16:23:00][warning][3697697] Calling original ioctl: 9 27 140728080163968
[2026-09-08 16:23:00][warning][3697697] Calling original ioctl: 9 27 140728080163968
[2026-09-08 16:23:00][warning][3697697] Calling original ioctl: 9 27 140728080163968
[2026-09-08 16:23:00][warning][3697697] Calling original ioctl: 8 3223340586 140728080159632
[2026-09-08 16:23:00][warning][3697697] Calling original ioctl: 21 3221505737 140728080163728
[2026-09-08 16:23:00][warning][3697697] Calling original ioctl: 21 3222292174 140728080163712
[2026-09-08 16:23:00][warning][3697697] Calling original ioctl: 21 3224389163 140728080163696
[2026-09-08 16:23:00][warning][3697697] Calling original ioctl: 8 3224389163 140728080161168
[2026-09-08 16:23:00][warning][3697697] Calling original ioctl: 8 3223340586 140728080156752
[2026-09-08 16:23:00][warning][3697697] Calling original ioctl: 8 3224913486 140728080161296
[2026-09-08 16:23:00][warning][3697697] Calling original ioctl: 9 73 140728080160352
[2026-09-08 16:23:00][warning][3697697] Calling original ioctl: 9 33 140728080151120
[2026-09-08 16:23:00][warning][3697697] Calling original ioctl: 8 3224389163 140728080161472
[2026-09-08 16:23:00][warning][3697697] Calling original ioctl: 9 73 140728080160656
[2026-09-08 16:23:00][warning][3697697] Calling original ioctl: 9 33 140728080151424
[2026-09-08 16:23:00][warning][3697697] Calling original ioctl: 9 68 140728080150816
[2026-09-08 16:23:00][warning][3697697] Calling original ioctl: 9 72 140728080159920
[2026-09-08 16:23:00][warning][3697697] Calling original ioctl: 9 23 140728080164272
[2026-09-08 16:23:00][warning][3697697] Calling original ioctl: 9 23 140728080164272
[2026-09-08 16:23:00][warning][3697697] Calling original ioctl: 9 23 140728080164272
[2026-09-08 16:23:00][warning][3697697] Calling original ioctl: 9 23 140728080164272
[2026-09-08 16:23:00][warning][3697697] Calling original ioctl: 8 3224389163 140728080161472
[2026-09-08 16:23:00][warning][3697697] Calling original ioctl: 9 73 140728080160656
[2026-09-08 16:23:00][warning][3697697] Calling original ioctl: 9 33 140728080151424
[2026-09-08 16:23:00][warning][3697697] Calling original ioctl: 9 23 140728080164272
[2026-09-08 16:23:00][warning][3697697] Calling original ioctl: 9 23 140728080164272
[2026-09-08 16:23:00][warning][3697697] Calling original ioctl: 9 23 140728080164272
[2026-09-08 16:23:00][warning][3697697] Calling original ioctl: 8 3224389163 140728080160896
[2026-09-08 16:23:00][warning][3697697] Calling original ioctl: 8 3223340586 140728080156480
[2026-09-08 16:23:00][warning][3697697] Calling original ioctl: 8 3224913486 140728080161024
[2026-09-08 16:23:00][warning][3697697] Calling original ioctl: 9 73 140728080160080
[2026-09-08 16:23:00][warning][3697697] Calling original ioctl: 9 33 140728080150848
[2026-09-08 16:23:00][warning][3697697] Calling original ioctl: 12 3224913447 140728080160880
[2026-09-08 16:23:00][warning][3697697] Calling original ioctl: 9 73 140728080160080
[2026-09-08 16:23:00][warning][3697697] Calling original ioctl: 9 33 140728080150848
[2026-09-08 16:23:00][warning][3697697] Calling original ioctl: 8 3224389163 140728080161760
[2026-09-08 16:23:00][warning][3697697] Calling original ioctl: 9 73 140728080160944
[2026-09-08 16:23:00][warning][3697697] Calling original ioctl: 9 33 140728080151712
[2026-09-08 16:23:00][warning][3697697] Calling original ioctl: 12 3224913447 140728080161136
[2026-09-08 16:23:00][warning][3697697] Calling original ioctl: 9 73 140728080160336
[2026-09-08 16:23:00][warning][3697697] Calling original ioctl: 9 33 140728080151104
[2026-09-08 16:23:00][warning][3697697] Calling original ioctl: 8 3224389163 140728080161152
[2026-09-08 16:23:00][warning][3697697] Calling original ioctl: 9 73 140728080160336
[2026-09-08 16:23:00][warning][3697697] Calling original ioctl: 9 33 140728080151104
[2026-09-08 16:23:00][warning][3697697] Calling original ioctl: 9 65 140728080161424
[2026-09-08 16:23:00][warning][3697697] Calling original ioctl: 12 3224913447 140728080162240
[2026-09-08 16:23:00][warning][3697697] Calling original ioctl: 9 73 140728080161440
[2026-09-08 16:23:00][warning][3697697] Calling original ioctl: 9 33 140728080152208
[2026-09-08 16:23:00][warning][3697697] Calling original ioctl: 8 3224389163 140728080162256
[2026-09-08 16:23:00][warning][3697697] Calling original ioctl: 9 73 140728080161440
[2026-09-08 16:23:00][warning][3697697] Calling original ioctl: 9 33 140728080152208
[2026-09-08 16:23:00][warning][3697697] Calling original ioctl: 8 3224389163 140728080161824
[2026-09-08 16:23:00][warning][3697697] Calling original ioctl: 8 3223340586 140728080157408
[2026-09-08 16:23:00][warning][3697697] Calling original ioctl: 8 3224913486 140728080161952
[2026-09-08 16:23:00][warning][3697697] Calling original ioctl: 9 73 140728080161008
[2026-09-08 16:23:00][warning][3697697] Calling original ioctl: 9 33 140728080151776
[2026-09-08 16:23:00][warning][3697697] Calling original ioctl: 8 3224389163 140728080159536
[2026-09-08 16:23:00][warning][3697697] Calling original ioctl: 9 73 140728080158720
[2026-09-08 16:23:00][warning][3697697] Calling original ioctl: 9 33 140728080149488
[2026-09-08 16:23:00][warning][3697697] Calling original ioctl: 8 3224389163 140728080159456
[2026-09-08 16:23:00][warning][3697697] Calling original ioctl: 9 73 140728080158640
[2026-09-08 16:23:00][warning][3697697] Calling original ioctl: 9 33 140728080149408
[2026-09-08 16:23:00][warning][3697697] Calling original ioctl: 8 3224389163 140728080159456
[2026-09-08 16:23:00][warning][3697697] Calling original ioctl: 9 73 140728080158640
[2026-09-08 16:23:00][warning][3697697] Calling original ioctl: 9 33 140728080149408
[2026-09-08 16:23:00][warning][3697697] Calling original ioctl: 12 3224913447 140728080161792
[2026-09-08 16:23:00][warning][3697697] Calling original ioctl: 9 73 140728080160992
[2026-09-08 16:23:00][warning][3697697] Calling original ioctl: 9 33 140728080151760
[2026-09-08 16:23:00][warning][3697697] Calling original ioctl: 8 3224389163 140728080164400
[2026-09-08 16:23:00][warning][3697697] Calling original ioctl: 8 3224389163 140728080161296
[2026-09-08 16:23:00][warning][3697697] Calling original ioctl: 8 3223340586 140728080156880
[2026-09-08 16:23:00][warning][3697697] Calling original ioctl: 8 3224913486 140728080161424
[2026-09-08 16:23:00][warning][3697697] Calling original ioctl: 9 73 140728080160480
[2026-09-08 16:23:00][warning][3697697] Calling original ioctl: 9 33 140728080151248
[2026-09-08 16:23:00][warning][3697697] Calling original ioctl: 8 3224389163 140728080161616
[2026-09-08 16:23:00][warning][3697697] Calling original ioctl: 9 73 140728080160800
[2026-09-08 16:23:00][warning][3697697] Calling original ioctl: 9 33 140728080151568
[2026-09-08 16:23:00][warning][3697697] Calling original ioctl: 8 3224389163 140728080161616
[2026-09-08 16:23:00][warning][3697697] Calling original ioctl: 9 73 140728080160800
[2026-09-08 16:23:00][warning][3697697] Calling original ioctl: 9 33 140728080151568
[2026-09-08 16:23:00][warning][3697697] Calling original ioctl: 24 3221505737 140728080164064
[2026-09-08 16:23:00][warning][3697697] Calling original ioctl: 24 3222292174 140728080164048
[2026-09-08 16:23:00][warning][3697697] Calling original ioctl: 24 3224389163 140728080164032
[2026-09-08 16:23:00][warning][3697697] Calling original ioctl: 26 3221505737 140728080164064
[2026-09-08 16:23:00][warning][3697697] Calling original ioctl: 26 3222292174 140728080164048
[2026-09-08 16:23:00][warning][3697697] Calling original ioctl: 26 3224389163 140728080164032
[2026-09-08 16:23:00][warning][3697697] Calling original ioctl: 28 3221505737 140728080164064
[2026-09-08 16:23:00][warning][3697697] Calling original ioctl: 28 3222292174 140728080164048
[2026-09-08 16:23:00][warning][3697697] Calling original ioctl: 28 3224389163 140728080164032
[2026-09-08 16:23:00][warning][3697697] Calling original ioctl: 30 3221505737 140728080164064
[2026-09-08 16:23:00][warning][3697697] Calling original ioctl: 30 3222292174 140728080164048
[2026-09-08 16:23:00][warning][3697697] Calling original ioctl: 30 3224389163 140728080164032
[2026-09-08 16:23:00][warning][3697697] Calling original ioctl: 8 3223340586 140728080159776
[2026-09-08 16:23:00][warning][3697697] Calling original ioctl: 8 3223340586 140728080159952
[2026-09-08 16:23:00][warning][3697697] Calling original ioctl: 8 3223340586 140728080160112
[2026-09-08 16:23:00][warning][3697697] Calling original ioctl: 8 3224389163 140728080161584
[2026-09-08 16:23:00][warning][3697697] Calling original ioctl: 9 73 140728080160768
[2026-09-08 16:23:00][warning][3697697] Calling original ioctl: 9 33 140728080151536
[2026-09-08 16:23:00][warning][3697697] Calling original ioctl: 8 3223340586 140728080160112
libbpf: loading object 'full_record_device_buffer_bpf' from buffer
libbpf: elf: section(2) .symtab, size 240, link 1, flags 0, type=2
libbpf: elf: section(3) kretprobe/_Z9rope_normILb1ELb0Ef6__halfEvPKT1_PT2_iiiiiPKifff14rope_corr_dimsfPKfPKli, size 1152, link 0, flags 6, type=1
libbpf: sec 'kretprobe/_Z9rope_normILb1ELb0Ef6__halfEvPKT1_PT2_iiiiiPKifff14rope_corr_dimsfPKfPKli': found program 'cuda__retprobe' at insn offset 0 (0 bytes), code size 144 insns (1152 bytes)
libbpf: elf: section(4) .maps, size 32, link 0, flags 3, type=1
libbpf: elf: section(5) license, size 4, link 0, flags 3, type=1
libbpf: license of full_record_device_buffer_bpf is GPL
libbpf: elf: section(6) .relkretprobe/_Z9rope_normILb1ELb0Ef6__halfEvPKT1_PT2_iiiiiPKifff14rope_corr_dimsfPKfPKli, size 32, link 2, flags 40, type=9
libbpf: elf: section(7) .BTF, size 2852, link 0, flags 0, type=1
libbpf: elf: section(8) .BTF.ext, size 1200, link 0, flags 0, type=1
libbpf: looking for externs among 10 symbols...
libbpf: collected 0 externs total
libbpf: map 'arena': at sec_idx 4, offset 0.
libbpf: map 'arena': found type = 1503.
libbpf: map 'arena': found key [8], sz = 4.
libbpf: map 'arena': found value [12], sz = 335675408.
libbpf: map 'arena': found max_entries = 32.
libbpf: sec '.relkretprobe/_Z9rope_normILb1ELb0Ef6__halfEvPKT1_PT2_iiiiiPKifff14rope_corr_dimsfPKfPKli': collecting relocation for section(3) 'kretprobe/_Z9rope_normILb1ELb0Ef6__halfEvPKT1_PT2_iiiiiPKifff14rope_corr_dimsfPKfPKli'
libbpf: sec '.relkretprobe/_Z9rope_normILb1ELb0Ef6__halfEvPKT1_PT2_iiiiiPKifff14rope_corr_dimsfPKfPKli': relo #0: insn #71 against 'arena'
libbpf: prog 'cuda__retprobe': found map 0 (arena, sec 4, off 0) for insn #71
libbpf: sec '.relkretprobe/_Z9rope_normILb1ELb0Ef6__halfEvPKT1_PT2_iiiiiPKifff14rope_corr_dimsfPKfPKli': relo #1: insn #85 against 'arena'
libbpf: prog 'cuda__retprobe': found map 0 (arena, sec 4, off 0) for insn #85
libbpf: object 'full_record_dev': failed (-EACCES) to open BPF FS mount at '/sys/fs/bpf', skipping optional step...
libbpf: Kernel doesn't support BTF, skipping uploading it.
libbpf: map 'arena': created successfully, fd=34
Full-record bank count: 32
Full-record slots per bank: 16384
Full-record total slots: 524288
Full-record records per slot: 256
Full-record record bytes: 80
Full-record layout: field-major SoA
Full-record value bytes (per bank): 335675408
Full-record probe attached; waiting for SIGINT
[2026-09-08 16:23:15][warning][3697767] Calling original ioctl: 8 3223340586 137972759234160
[2026-09-08 16:24:00][warning][3697697] Calling original ioctl: 8 3223340586 140728080154864
Full-record drain bytes: 10741613056
Full-record drain time ns: 1499138759
Full-record committed records: 23068672
Full-record active slots: 524288
Full-record overflow records: 0
Full-record out-of-range threads: 0
Full-record nonzero timestamps: 23068672
[2026-09-08 16:24:01][warning][3697697] Calling original ioctl: 9 34 140728080164864
[2026-09-08 16:24:01][warning][3697697] Calling original ioctl: 8 3222292009 140728080165024
[2026-09-08 16:24:01][warning][3697697] Calling original ioctl: 9 34 140728080165712
[2026-09-08 16:24:01][warning][3697697] Calling original ioctl: 8 3222292009 140728080165872
[2026-09-08 16:24:01][warning][3697697] Calling original ioctl: 9 34 140728080165712
[2026-09-08 16:24:01][warning][3697697] Calling original ioctl: 8 3222292009 140728080165872
[2026-09-08 16:24:01][warning][3697697] Calling original ioctl: 8 3222292009 140728080166592
[2026-09-08 16:24:01][warning][3697697] Calling original ioctl: 26 3222292175 140728080166608
[2026-09-08 16:24:01][warning][3697697] Calling original ioctl: 8 3222292009 140728080166592
[2026-09-08 16:24:01][warning][3697697] Calling original ioctl: 28 3222292175 140728080166608
[2026-09-08 16:24:01][warning][3697697] Calling original ioctl: 8 3222292009 140728080166592
[2026-09-08 16:24:01][warning][3697697] Calling original ioctl: 24 3222292175 140728080166608
[2026-09-08 16:24:01][warning][3697697] Calling original ioctl: 8 3222292009 140728080166592
[2026-09-08 16:24:01][warning][3697697] Calling original ioctl: 30 3222292175 140728080166608
[2026-09-08 16:24:01][warning][3697697] Calling original ioctl: 9 34 140728080165616
[2026-09-08 16:24:01][warning][3697697] Calling original ioctl: 8 3222292009 140728080165776
[2026-09-08 16:24:01][warning][3697697] Calling original ioctl: 9 34 140728080165616
[2026-09-08 16:24:01][warning][3697697] Calling original ioctl: 8 3222292009 140728080165776
[2026-09-08 16:24:01][warning][3697697] Calling original ioctl: 9 34 140728080165744
[2026-09-08 16:24:01][warning][3697697] Calling original ioctl: 8 3223340623 140728080165952
[2026-09-08 16:24:01][warning][3697697] Calling original ioctl: 8 3222292009 140728080165904
[2026-09-08 16:24:01][warning][3697697] Calling original ioctl: 8 3222292009 140728080166672
[2026-09-08 16:24:01][warning][3697697] Calling original ioctl: 9 34 140728080165728
[2026-09-08 16:24:01][warning][3697697] Calling original ioctl: 8 3222292009 140728080165888
[2026-09-08 16:24:01][warning][3697697] Calling original ioctl: 9 34 140728080165728
[2026-09-08 16:24:01][warning][3697697] Calling original ioctl: 8 3223340623 140728080165936
[2026-09-08 16:24:01][warning][3697697] Calling original ioctl: 8 3222292009 140728080165888
[2026-09-08 16:24:01][warning][3697697] Calling original ioctl: 8 3223340586 140728080161600
[2026-09-08 16:24:01][warning][3697697] Calling original ioctl: 9 34 140728080165552
[2026-09-08 16:24:01][warning][3697697] Calling original ioctl: 8 3222292009 140728080165712
[2026-09-08 16:24:01][warning][3697697] Calling original ioctl: 8 3223340586 140728080161600
[2026-09-08 16:24:01][warning][3697697] Calling original ioctl: 9 34 140728080165552
[2026-09-08 16:24:01][warning][3697697] Calling original ioctl: 8 3222292009 140728080165712
[2026-09-08 16:24:01][warning][3697697] Calling original ioctl: 8 3223340586 140728080161600
[2026-09-08 16:24:01][warning][3697697] Calling original ioctl: 9 34 140728080165552
[2026-09-08 16:24:01][warning][3697697] Calling original ioctl: 8 3222292009 140728080165712
[2026-09-08 16:24:01][warning][3697697] Calling original ioctl: 8 3223340586 140728080162496
[2026-09-08 16:24:01][warning][3697697] Calling original ioctl: 9 34 140728080165776
[2026-09-08 16:24:01][warning][3697697] Calling original ioctl: 9 34 140728080165776
[2026-09-08 16:24:01][warning][3697697] Calling original ioctl: 8 3222292009 140728080165936
[2026-09-08 16:24:01][warning][3697697] Calling original ioctl: 9 34 140728080165776
[2026-09-08 16:24:01][warning][3697697] Calling original ioctl: 8 3222292009 140728080165936
[2026-09-08 16:24:01][warning][3697697] Calling original ioctl: 9 34 140728080165728
[2026-09-08 16:24:01][warning][3697697] Calling original ioctl: 8 3223340623 140728080165936
[2026-09-08 16:24:01][warning][3697697] Calling original ioctl: 8 3222292009 140728080165888
[2026-09-08 16:24:01][warning][3697697] Calling original ioctl: 9 24 140728080166768
[2026-09-08 16:24:01][warning][3697697] Calling original ioctl: 9 24 140728080166768
[2026-09-08 16:24:01][warning][3697697] Calling original ioctl: 9 24 140728080166800
[2026-09-08 16:24:01][warning][3697697] Calling original ioctl: 9 24 140728080166768
[2026-09-08 16:24:01][warning][3697697] Calling original ioctl: 9 24 140728080166768
[2026-09-08 16:24:01][warning][3697697] Calling original ioctl: 9 24 140728080166768
[2026-09-08 16:24:01][warning][3697697] Calling original ioctl: 9 24 140728080166768
[2026-09-08 16:24:01][warning][3697697] Calling original ioctl: 9 34 140728080165664
[2026-09-08 16:24:01][warning][3697697] Calling original ioctl: 8 3222292009 140728080165824
[2026-09-08 16:24:01][warning][3697697] Calling original ioctl: 9 34 140728080165664
[2026-09-08 16:24:01][warning][3697697] Calling original ioctl: 8 3222292009 140728080165824
[2026-09-08 16:24:01][warning][3697697] Calling original ioctl: 9 34 140728080165776
[2026-09-08 16:24:01][warning][3697697] Calling original ioctl: 8 3222292009 140728080165936
[2026-09-08 16:24:01][warning][3697697] Calling original ioctl: 8 3222292009 140728080166512
[2026-09-08 16:24:01][warning][3697697] Calling original ioctl: 17 3222292175 140728080166528
[2026-09-08 16:24:01][warning][3697697] Calling original ioctl: 9 28 140728080166640
[2026-09-08 16:24:01][warning][3697697] Calling original ioctl: 9 28 140728080166640
[2026-09-08 16:24:01][warning][3697697] Calling original ioctl: 9 28 140728080166640
[2026-09-08 16:24:01][warning][3697697] Calling original ioctl: 9 28 140728080166640
[2026-09-08 16:24:01][warning][3697697] Calling original ioctl: 9 28 140728080166640
[2026-09-08 16:24:01][warning][3697697] Calling original ioctl: 9 28 140728080166640
[2026-09-08 16:24:01][warning][3697697] Calling original ioctl: 9 28 140728080166640
[2026-09-08 16:24:01][warning][3697697] Calling original ioctl: 9 28 140728080166640
[2026-09-08 16:24:01][warning][3697697] Calling original ioctl: 8 3222292009 140728080166400
[2026-09-08 16:24:01][warning][3697697] Calling original ioctl: 8 3222292009 140728080166400
[2026-09-08 16:24:01][warning][3697697] Calling original ioctl: 8 3222292009 140728080166448
[2026-09-08 16:24:01][warning][3697697] Calling original ioctl: 8 3223340623 140728080165712
[2026-09-08 16:24:01][warning][3697697] Calling original ioctl: 8 3222292009 140728080165664
[2026-09-08 16:24:01][warning][3697697] Calling original ioctl: 8 3222292009 140728080166400
[2026-09-08 16:24:01][warning][3697697] Calling original ioctl: 8 3222292009 140728080166448
[2026-09-08 16:24:01][warning][3697697] Calling original ioctl: 8 3223340623 140728080165712
[2026-09-08 16:24:01][warning][3697697] Calling original ioctl: 8 3222292009 140728080165664
[2026-09-08 16:24:01][warning][3697697] Calling original ioctl: 8 3222292009 140728080166400
[2026-09-08 16:24:01][warning][3697697] Calling original ioctl: 8 3222292009 140728080166400
[2026-09-08 16:24:01][warning][3697697] Calling original ioctl: 8 3222292009 140728080166448
[2026-09-08 16:24:01][warning][3697697] Calling original ioctl: 8 3223340623 140728080165712
[2026-09-08 16:24:01][warning][3697697] Calling original ioctl: 8 3222292009 140728080165664
[2026-09-08 16:24:01][warning][3697697] Calling original ioctl: 8 3222292009 140728080166400
[2026-09-08 16:24:01][warning][3697697] Calling original ioctl: 8 3222292009 140728080166448
[2026-09-08 16:24:01][warning][3697697] Calling original ioctl: 8 3223340623 140728080165712
[2026-09-08 16:24:01][warning][3697697] Calling original ioctl: 8 3222292009 140728080165664
[2026-09-08 16:24:01][warning][3697697] Calling original ioctl: 8 3222292009 140728080166400
[2026-09-08 16:24:01][warning][3697697] Calling original ioctl: 8 3222292009 140728080166400
[2026-09-08 16:24:01][warning][3697697] Calling original ioctl: 8 3222292009 140728080166448
[2026-09-08 16:24:01][warning][3697697] Calling original ioctl: 8 3223340623 140728080165712
[2026-09-08 16:24:01][warning][3697697] Calling original ioctl: 8 3222292009 140728080165664
[2026-09-08 16:24:01][warning][3697697] Calling original ioctl: 8 3222292009 140728080166400
[2026-09-08 16:24:01][warning][3697697] Calling original ioctl: 8 3222292009 140728080166448
[2026-09-08 16:24:01][warning][3697697] Calling original ioctl: 8 3223340623 140728080165712
[2026-09-08 16:24:01][warning][3697697] Calling original ioctl: 8 3222292009 140728080165664
[2026-09-08 16:24:01][warning][3697697] Calling original ioctl: 8 3222292009 140728080166400
[2026-09-08 16:24:01][warning][3697697] Calling original ioctl: 8 3222292009 140728080166400
[2026-09-08 16:24:01][warning][3697697] Calling original ioctl: 8 3222292009 140728080166448
[2026-09-08 16:24:01][warning][3697697] Calling original ioctl: 8 3223340623 140728080165712
[2026-09-08 16:24:01][warning][3697697] Calling original ioctl: 8 3222292009 140728080165664
[2026-09-08 16:24:01][warning][3697697] Calling original ioctl: 8 3222292009 140728080166400
[2026-09-08 16:24:01][warning][3697697] Calling original ioctl: 8 3222292009 140728080166448
[2026-09-08 16:24:01][warning][3697697] Calling original ioctl: 8 3223340623 140728080165712
[2026-09-08 16:24:01][warning][3697697] Calling original ioctl: 8 3222292009 140728080165664
[2026-09-08 16:24:01][warning][3697697] Calling original ioctl: 8 3222292009 140728080166576
[2026-09-08 16:24:01][warning][3697697] Calling original ioctl: 8 3222292009 140728080166544
[2026-09-08 16:24:01][warning][3697697] Calling original ioctl: 8 3222292009 140728080166512
[2026-09-08 16:24:01][warning][3697697] Calling original ioctl: 19 3222292175 140728080166528
[2026-09-08 16:24:01][warning][3697697] Calling original ioctl: 9 28 140728080166640
[2026-09-08 16:24:01][warning][3697697] Calling original ioctl: 9 28 140728080166640
[2026-09-08 16:24:01][warning][3697697] Calling original ioctl: 9 28 140728080166640
[2026-09-08 16:24:01][warning][3697697] Calling original ioctl: 9 28 140728080166640
[2026-09-08 16:24:01][warning][3697697] Calling original ioctl: 8 3222292009 140728080166400
[2026-09-08 16:24:01][warning][3697697] Calling original ioctl: 8 3222292009 140728080166448
[2026-09-08 16:24:01][warning][3697697] Calling original ioctl: 8 3223340623 140728080165712
[2026-09-08 16:24:01][warning][3697697] Calling original ioctl: 8 3222292009 140728080165664
[2026-09-08 16:24:01][warning][3697697] Calling original ioctl: 8 3222292009 140728080166400
[2026-09-08 16:24:01][warning][3697697] Calling original ioctl: 8 3222292009 140728080166448
[2026-09-08 16:24:01][warning][3697697] Calling original ioctl: 8 3223340623 140728080165712
[2026-09-08 16:24:01][warning][3697697] Calling original ioctl: 8 3222292009 140728080165664
[2026-09-08 16:24:01][warning][3697697] Calling original ioctl: 8 3222292009 140728080166400
[2026-09-08 16:24:01][warning][3697697] Calling original ioctl: 8 3222292009 140728080166448
[2026-09-08 16:24:01][warning][3697697] Calling original ioctl: 8 3223340623 140728080165712
[2026-09-08 16:24:01][warning][3697697] Calling original ioctl: 8 3222292009 140728080165664
[2026-09-08 16:24:01][warning][3697697] Calling original ioctl: 8 3222292009 140728080166400
[2026-09-08 16:24:01][warning][3697697] Calling original ioctl: 8 3222292009 140728080166448
[2026-09-08 16:24:01][warning][3697697] Calling original ioctl: 8 3223340623 140728080165712
[2026-09-08 16:24:01][warning][3697697] Calling original ioctl: 8 3222292009 140728080165664
[2026-09-08 16:24:01][warning][3697697] Calling original ioctl: 8 3222292009 140728080166544
[2026-09-08 16:24:01][warning][3697697] Calling original ioctl: 8 3222292009 140728080166512
[2026-09-08 16:24:01][warning][3697697] Calling original ioctl: 21 3222292175 140728080166528
[2026-09-08 16:24:01][warning][3697697] Calling original ioctl: 9 28 140728080166640
[2026-09-08 16:24:01][warning][3697697] Calling original ioctl: 9 28 140728080166640
[2026-09-08 16:24:01][warning][3697697] Calling original ioctl: 9 28 140728080166640
[2026-09-08 16:24:01][warning][3697697] Calling original ioctl: 9 28 140728080166640
[2026-09-08 16:24:01][warning][3697697] Calling original ioctl: 8 3222292009 140728080166400
[2026-09-08 16:24:01][warning][3697697] Calling original ioctl: 8 3222292009 140728080166448
[2026-09-08 16:24:01][warning][3697697] Calling original ioctl: 8 3223340623 140728080165712
[2026-09-08 16:24:01][warning][3697697] Calling original ioctl: 8 3222292009 140728080165664
[2026-09-08 16:24:01][warning][3697697] Calling original ioctl: 8 3222292009 140728080166400
[2026-09-08 16:24:01][warning][3697697] Calling original ioctl: 8 3222292009 140728080166448
[2026-09-08 16:24:01][warning][3697697] Calling original ioctl: 8 3223340623 140728080165712
[2026-09-08 16:24:01][warning][3697697] Calling original ioctl: 8 3222292009 140728080165664
[2026-09-08 16:24:01][warning][3697697] Calling original ioctl: 8 3222292009 140728080166400
[2026-09-08 16:24:01][warning][3697697] Calling original ioctl: 8 3222292009 140728080166448
[2026-09-08 16:24:01][warning][3697697] Calling original ioctl: 8 3223340623 140728080165712
[2026-09-08 16:24:01][warning][3697697] Calling original ioctl: 8 3222292009 140728080165664
[2026-09-08 16:24:01][warning][3697697] Calling original ioctl: 8 3222292009 140728080166400
[2026-09-08 16:24:01][warning][3697697] Calling original ioctl: 8 3222292009 140728080166448
[2026-09-08 16:24:01][warning][3697697] Calling original ioctl: 8 3223340623 140728080165712
[2026-09-08 16:24:01][warning][3697697] Calling original ioctl: 8 3222292009 140728080165664
[2026-09-08 16:24:01][warning][3697697] Calling original ioctl: 9 34 140728080165472
[2026-09-08 16:24:01][warning][3697697] Calling original ioctl: 8 3223340623 140728080165680
[2026-09-08 16:24:01][warning][3697697] Calling original ioctl: 8 3222292009 140728080165632
[2026-09-08 16:24:01][warning][3697697] Calling original ioctl: 9 34 140728080165472
[2026-09-08 16:24:01][warning][3697697] Calling original ioctl: 8 3223340623 140728080165680
[2026-09-08 16:24:01][warning][3697697] Calling original ioctl: 8 3222292009 140728080165632
[2026-09-08 16:24:01][warning][3697697] Calling original ioctl: 8 3222292009 140728080166544
[2026-09-08 16:24:01][warning][3697697] Calling original ioctl: 9 34 140728080165776
[2026-09-08 16:24:01][warning][3697697] Calling original ioctl: 8 3222292009 140728080165936
[2026-09-08 16:24:01][warning][3697697] Calling original ioctl: 9 34 140728080165680
[2026-09-08 16:24:01][warning][3697697] Calling original ioctl: 8 3222292009 140728080165840
[2026-09-08 16:24:01][warning][3697697] Calling original ioctl: 9 34 140728080165776
[2026-09-08 16:24:01][warning][3697697] Calling original ioctl: 8 3222292009 140728080165936
[2026-09-08 16:24:01][warning][3697697] Calling original ioctl: 9 34 140728080165728
[2026-09-08 16:24:01][warning][3697697] Calling original ioctl: 8 3222292009 140728080165888
[2026-09-08 16:24:01][warning][3697697] Calling original ioctl: 9 34 140728080165712
[2026-09-08 16:24:01][warning][3697697] Calling original ioctl: 8 3223340623 140728080165920
[2026-09-08 16:24:01][warning][3697697] Calling original ioctl: 8 3222292009 140728080165872
[2026-09-08 16:24:01][warning][3697697] Calling original ioctl: 9 34 140728080165712
[2026-09-08 16:24:01][warning][3697697] Calling original ioctl: 8 3223340623 140728080165920
[2026-09-08 16:24:01][warning][3697697] Calling original ioctl: 8 3222292009 140728080165872
[2026-09-08 16:24:01][warning][3697697] Calling original ioctl: 9 34 140728080165728
[2026-09-08 16:24:01][warning][3697697] Calling original ioctl: 8 3222292009 140728080165888
[2026-09-08 16:24:01][warning][3697697] Calling original ioctl: 9 34 140728080165728
[2026-09-08 16:24:01][warning][3697697] Calling original ioctl: 8 3222292009 140728080165888
[2026-09-08 16:24:01][warning][3697697] Calling original ioctl: 9 34 140728080165888
[2026-09-08 16:24:01][warning][3697697] Calling original ioctl: 8 3223340586 140728080162480
