[2026-09-04 10:00:12][info][2737981] Setting BPFTIME_SHM_MEMORY_MB to: 256
[2026-09-04 10:00:12][info][2737981] Setting BPFTIME_MAX_FD_COUNT to: 1024
[2026-09-04 10:00:12][warning][2737981] BPFTIME_VERIFIER_LEVEL=WARNING was requested, but this bpftime build was compiled with ENABLE_EBPF_VERIFIER=OFF; continuing without userspace verification.
[2026-09-04 10:00:12][info][2737981] Verifier mode: WARNING
[2026-09-04 10:00:12][info][2737981] Init bpftime syscall mocking..
[2026-09-04 10:00:12][info][2737981] The log will be written to: console
[2026-09-04 10:00:12][info][2737981] Starting syscall server..
[2026-09-04 10:00:12][info][2737981] Setting BPFTIME_SHM_MEMORY_MB to: 256
[2026-09-04 10:00:12][info][2737981] Setting BPFTIME_MAX_FD_COUNT to: 1024
[2026-09-04 10:00:12][warning][2737981] BPFTIME_VERIFIER_LEVEL=WARNING was requested, but this bpftime build was compiled with ENABLE_EBPF_VERIFIER=OFF; continuing without userspace verification.
[2026-09-04 10:00:12][info][2737981] Verifier mode: WARNING
[2026-09-04 10:00:12][info][2737981] Initialize syscall server
[2026-09-04 10:00:12][info][2737981] Setting BPFTIME_SHM_MEMORY_MB to: 256
[2026-09-04 10:00:12][info][2737981] Setting BPFTIME_MAX_FD_COUNT to: 1024
[2026-09-04 10:00:12][warning][2737981] BPFTIME_VERIFIER_LEVEL=WARNING was requested, but this bpftime build was compiled with ENABLE_EBPF_VERIFIER=OFF; continuing without userspace verification.
[2026-09-04 10:00:12][info][2737981] Verifier mode: WARNING
[2026-09-04 10:00:12][info][2737981] Global shm constructed. shm_open_type 3 for fig15_map_2731748_114958162145508
[2026-09-04 10:00:12][info][2737981] Global shm initialized
[2026-09-04 10:00:12][info][2737981] Initializing CUDA at syscall-server side
[2026-09-04 10:00:12][info][2737981] CUDA initialized at syscall server side
[2026-09-04 10:00:12][info][2737981] bpftime-syscall-server started
[2026-09-04 10:00:12][info][2737981] syscall server: Set enable_mock_after_initialized to false
[2026-09-04 10:00:12][info][2737981] CUDA context for thread 2737981 has been set to 58d1fa957130
[2026-09-04 10:00:12][info][2737981] Map device_values (nv_gpu_shared_array_map_impl) shared array
[2026-09-04 10:00:12][info][2737981] Initializing map type of BPF_MAP_TYPE_GPU_ARRAY_MAP (device), total_buffer_size=256
[2026-09-04 10:00:12][info][2737981] syscall server: Set enable_mock_after_initialized to true
[2026-09-04 10:00:12][info][2737981] Map host_values (nv_gpu_shared_array_host_map_impl) shared array
[2026-09-04 10:00:12][info][2737981] Initializing map type of BPF_MAP_TYPE_GPU_ARRAY_HOST_MAP (shared mem), value_size=8, max_entries=32, total_buffer_size=256
[2026-09-04 10:00:12][info][2737981] Allocated shared memory buffer at 7bb92fe2aa60
[2026-09-04 10:00:12][info][2737981] syscall server: Set enable_mock_after_initialized to false
[2026-09-04 10:00:12][info][2737981] CUDA context for thread 2737981 has been set to 58d1fb8817f0
[2026-09-04 10:00:12][info][2737981] Map observed_values (nv_gpu_shared_array_map_impl) shared array
[2026-09-04 10:00:12][info][2737981] Initializing map type of BPF_MAP_TYPE_GPU_ARRAY_MAP (device), total_buffer_size=256
[2026-09-04 10:00:12][info][2737981] syscall server: Set enable_mock_after_initialized to true
[2026-09-04 10:00:12][info][2737981] Created kprobe/kretprobe perf event handler, func_name fig15_map_kernel, addr 0
FIG15_READY	noop	1
FIG15_DETACHED	1
[2026-09-04 10:00:14][warning][2737981] Calling original ioctl: 10 34 140733806299200
[2026-09-04 10:00:14][warning][2737981] Calling original ioctl: 9 3222292009 140733806299360
[2026-09-04 10:00:14][warning][2737981] Calling original ioctl: 10 34 140733806299200
[2026-09-04 10:00:14][warning][2737981] Calling original ioctl: 9 3222292009 140733806299360
